loading app network_structure.py
Matplotlib created a temporary config/cache directory at /tmp/matplotlib-6ahfaqys because the default path (/home/terry/.config/matplotlib) is not a writable directory; it is highly recommended to set the MPLCONFIGDIR environment variable to a writable directory, in particular to speed up the import of Matplotlib and to better support multiprocessing.
Generating new fontManager, this may take some time...
Failed to extract font properties from /usr/share/fonts/truetype/noto/NotoColorEmoji.ttf: In FT2Font: Can not load face.  Unknown file format.
loading app network_monitor.py
loading app network_delay.py
loading app network_shortest_path.py
loading app arp_handler.py
loading app ryu.controller.ofp_handler
instantiating app None of Switches
creating context switches
instantiating app network_structure.py of NetworkStructure
instantiating app network_monitor.py of NetworkMonitor
instantiating app network_delay.py of NetworkDelay
instantiating app network_shortest_path.py of NetworkShortestPath
instantiating app arp_handler.py of ArpHandler
instantiating app ryu.controller.ofp_handler of OFPHandler
discovery---> AccessPoint: 1 connected
discovery---> AccessPoint: 2 connected
discovery---> AccessPoint: 2 connected
monitor---->register datapath: 1000000000000003
monitor---->register datapath: 1000000000000001
monitor---->register datapath: 1000000000000002
monitor: Exception occurred during handler processing. Backtrace from offending handler [port_stats_table_reply_handler] servicing event [EventOFPPortStatsReply] follows.
Traceback (most recent call last):
  File "/usr/local/lib/python3.6/dist-packages/ryu/base/app_manager.py", line 290, in _event_loop
    handler(ev)
  File "/home/terry/LJQ/Task/ryu/network_monitor.py", line 193, in port_stats_table_reply_handler
    pre_bytes = stat[-2][0] + stat[-2][1]
TypeError: 'int' object is not subscriptable
monitor: Exception occurred during handler processing. Backtrace from offending handler [port_stats_table_reply_handler] servicing event [EventOFPPortStatsReply] follows.
Traceback (most recent call last):
  File "/usr/local/lib/python3.6/dist-packages/ryu/base/app_manager.py", line 290, in _event_loop
    handler(ev)
  File "/home/terry/LJQ/Task/ryu/network_monitor.py", line 193, in port_stats_table_reply_handler
    pre_bytes = stat[-2][0] + stat[-2][1]
TypeError: 'int' object is not subscriptable
monitor: Exception occurred during handler processing. Backtrace from offending handler [port_stats_table_reply_handler] servicing event [EventOFPPortStatsReply] follows.
Traceback (most recent call last):
  File "/usr/local/lib/python3.6/dist-packages/ryu/base/app_manager.py", line 290, in _event_loop
    handler(ev)
  File "/home/terry/LJQ/Task/ryu/network_monitor.py", line 193, in port_stats_table_reply_handler
    pre_bytes = stat[-2][0] + stat[-2][1]
TypeError: 'int' object is not subscriptable
monitor: Exception occurred during handler processing. Backtrace from offending handler [port_stats_table_reply_handler] servicing event [EventOFPPortStatsReply] follows.
Traceback (most recent call last):
  File "/usr/local/lib/python3.6/dist-packages/ryu/base/app_manager.py", line 290, in _event_loop
    handler(ev)
  File "/home/terry/LJQ/Task/ryu/network_monitor.py", line 193, in port_stats_table_reply_handler
    pre_bytes = stat[-2][0] + stat[-2][1]
TypeError: 'int' object is not subscriptable
monitor: Exception occurred during handler processing. Backtrace from offending handler [port_stats_table_reply_handler] servicing event [EventOFPPortStatsReply] follows.
Traceback (most recent call last):
  File "/usr/local/lib/python3.6/dist-packages/ryu/base/app_manager.py", line 290, in _event_loop
    handler(ev)
  File "/home/terry/LJQ/Task/ryu/network_monitor.py", line 193, in port_stats_table_reply_handler
    pre_bytes = stat[-2][0] + stat[-2][1]
TypeError: 'int' object is not subscriptable
monitor: Exception occurred during handler processing. Backtrace from offending handler [port_stats_table_reply_handler] servicing event [EventOFPPortStatsReply] follows.
Traceback (most recent call last):
  File "/usr/local/lib/python3.6/dist-packages/ryu/base/app_manager.py", line 290, in _event_loop
    handler(ev)
  File "/home/terry/LJQ/Task/ryu/network_monitor.py", line 193, in port_stats_table_reply_handler
    pre_bytes = stat[-2][0] + stat[-2][1]
TypeError: 'int' object is not subscriptable
monitor: Exception occurred during handler processing. Backtrace from offending handler [port_stats_table_reply_handler] servicing event [EventOFPPortStatsReply] follows.
Traceback (most recent call last):
  File "/usr/local/lib/python3.6/dist-packages/ryu/base/app_manager.py", line 290, in _event_loop
    handler(ev)
  File "/home/terry/LJQ/Task/ryu/network_monitor.py", line 193, in port_stats_table_reply_handler
    pre_bytes = stat[-2][0] + stat[-2][1]
TypeError: 'int' object is not subscriptable
monitor: Exception occurred during handler processing. Backtrace from offending handler [port_stats_table_reply_handler] servicing event [EventOFPPortStatsReply] follows.
Traceback (most recent call last):
  File "/usr/local/lib/python3.6/dist-packages/ryu/base/app_manager.py", line 290, in _event_loop
    handler(ev)
  File "/home/terry/LJQ/Task/ryu/network_monitor.py", line 193, in port_stats_table_reply_handler
    pre_bytes = stat[-2][0] + stat[-2][1]
TypeError: 'int' object is not subscriptable
monitor: Exception occurred during handler processing. Backtrace from offending handler [port_stats_table_reply_handler] servicing event [EventOFPPortStatsReply] follows.
Traceback (most recent call last):
  File "/usr/local/lib/python3.6/dist-packages/ryu/base/app_manager.py", line 290, in _event_loop
    handler(ev)
  File "/home/terry/LJQ/Task/ryu/network_monitor.py", line 193, in port_stats_table_reply_handler
    pre_bytes = stat[-2][0] + stat[-2][1]
TypeError: 'int' object is not subscriptable
shortest=====>[PATH] [192.168.0.1 <----> 192.168.0.2]: [1, 2]
shortest=====>[PATH] [192.168.0.1 <----> 192.168.0.3]: [1, 3]
shortest=====>[PATH] [192.168.0.2 <----> 192.168.0.3]: [2, 3]
monitor: Exception occurred during handler processing. Backtrace from offending handler [port_stats_table_reply_handler] servicing event [EventOFPPortStatsReply] follows.
Traceback (most recent call last):
  File "/usr/local/lib/python3.6/dist-packages/ryu/base/app_manager.py", line 290, in _event_loop
    handler(ev)
  File "/home/terry/LJQ/Task/ryu/network_monitor.py", line 193, in port_stats_table_reply_handler
    pre_bytes = stat[-2][0] + stat[-2][1]
TypeError: 'int' object is not subscriptable
monitor: Exception occurred during handler processing. Backtrace from offending handler [port_stats_table_reply_handler] servicing event [EventOFPPortStatsReply] follows.
Traceback (most recent call last):
  File "/usr/local/lib/python3.6/dist-packages/ryu/base/app_manager.py", line 290, in _event_loop
    handler(ev)
  File "/home/terry/LJQ/Task/ryu/network_monitor.py", line 193, in port_stats_table_reply_handler
    pre_bytes = stat[-2][0] + stat[-2][1]
TypeError: 'int' object is not subscriptable
monitor: Exception occurred during handler processing. Backtrace from offending handler [port_stats_table_reply_handler] servicing event [EventOFPPortStatsReply] follows.
Traceback (most recent call last):
  File "/usr/local/lib/python3.6/dist-packages/ryu/base/app_manager.py", line 290, in _event_loop
    handler(ev)
  File "/home/terry/LJQ/Task/ryu/network_monitor.py", line 193, in port_stats_table_reply_handler
    pre_bytes = stat[-2][0] + stat[-2][1]
TypeError: 'int' object is not subscriptable
monitor: Exception occurred during handler processing. Backtrace from offending handler [port_stats_table_reply_handler] servicing event [EventOFPPortStatsReply] follows.
Traceback (most recent call last):
  File "/usr/local/lib/python3.6/dist-packages/ryu/base/app_manager.py", line 290, in _event_loop
    handler(ev)
  File "/home/terry/LJQ/Task/ryu/network_monitor.py", line 193, in port_stats_table_reply_handler
    pre_bytes = stat[-2][0] + stat[-2][1]
TypeError: 'int' object is not subscriptable
monitor: Exception occurred during handler processing. Backtrace from offending handler [port_stats_table_reply_handler] servicing event [EventOFPPortStatsReply] follows.
Traceback (most recent call last):
  File "/usr/local/lib/python3.6/dist-packages/ryu/base/app_manager.py", line 290, in _event_loop
    handler(ev)
  File "/home/terry/LJQ/Task/ryu/network_monitor.py", line 193, in port_stats_table_reply_handler
    pre_bytes = stat[-2][0] + stat[-2][1]
TypeError: 'int' object is not subscriptable
monitor: Exception occurred during handler processing. Backtrace from offending handler [port_stats_table_reply_handler] servicing event [EventOFPPortStatsReply] follows.
Traceback (most recent call last):
  File "/usr/local/lib/python3.6/dist-packages/ryu/base/app_manager.py", line 290, in _event_loop
    handler(ev)
  File "/home/terry/LJQ/Task/ryu/network_monitor.py", line 193, in port_stats_table_reply_handler
    pre_bytes = stat[-2][0] + stat[-2][1]
TypeError: 'int' object is not subscriptable
monitor: Exception occurred during handler processing. Backtrace from offending handler [port_stats_table_reply_handler] servicing event [EventOFPPortStatsReply] follows.
Traceback (most recent call last):
  File "/usr/local/lib/python3.6/dist-packages/ryu/base/app_manager.py", line 290, in _event_loop
    handler(ev)
  File "/home/terry/LJQ/Task/ryu/network_monitor.py", line 193, in port_stats_table_reply_handler
    pre_bytes = stat[-2][0] + stat[-2][1]
TypeError: 'int' object is not subscriptable
monitor: Exception occurred during handler processing. Backtrace from offending handler [port_stats_table_reply_handler] servicing event [EventOFPPortStatsReply] follows.
Traceback (most recent call last):
  File "/usr/local/lib/python3.6/dist-packages/ryu/base/app_manager.py", line 290, in _event_loop
    handler(ev)
  File "/home/terry/LJQ/Task/ryu/network_monitor.py", line 193, in port_stats_table_reply_handler
    pre_bytes = stat[-2][0] + stat[-2][1]
TypeError: 'int' object is not subscriptable
monitor: Exception occurred during handler processing. Backtrace from offending handler [port_stats_table_reply_handler] servicing event [EventOFPPortStatsReply] follows.
Traceback (most recent call last):
  File "/usr/local/lib/python3.6/dist-packages/ryu/base/app_manager.py", line 290, in _event_loop
    handler(ev)
  File "/home/terry/LJQ/Task/ryu/network_monitor.py", line 193, in port_stats_table_reply_handler
    pre_bytes = stat[-2][0] + stat[-2][1]
TypeError: 'int' object is not subscriptable
monitor: Exception occurred during handler processing. Backtrace from offending handler [port_stats_table_reply_handler] servicing event [EventOFPPortStatsReply] follows.
Traceback (most recent call last):
  File "/usr/local/lib/python3.6/dist-packages/ryu/base/app_manager.py", line 290, in _event_loop
    handler(ev)
  File "/home/terry/LJQ/Task/ryu/network_monitor.py", line 193, in port_stats_table_reply_handler
    pre_bytes = stat[-2][0] + stat[-2][1]
TypeError: 'int' object is not subscriptable
monitor: Exception occurred during handler processing. Backtrace from offending handler [port_stats_table_reply_handler] servicing event [EventOFPPortStatsReply] follows.
Traceback (most recent call last):
  File "/usr/local/lib/python3.6/dist-packages/ryu/base/app_manager.py", line 290, in _event_loop
    handler(ev)
  File "/home/terry/LJQ/Task/ryu/network_monitor.py", line 193, in port_stats_table_reply_handler
    pre_bytes = stat[-2][0] + stat[-2][1]
TypeError: 'int' object is not subscriptable
monitor: Exception occurred during handler processing. Backtrace from offending handler [port_stats_table_reply_handler] servicing event [EventOFPPortStatsReply] follows.
Traceback (most recent call last):
  File "/usr/local/lib/python3.6/dist-packages/ryu/base/app_manager.py", line 290, in _event_loop
    handler(ev)
  File "/home/terry/LJQ/Task/ryu/network_monitor.py", line 193, in port_stats_table_reply_handler
    pre_bytes = stat[-2][0] + stat[-2][1]
TypeError: 'int' object is not subscriptable
monitor: Exception occurred during handler processing. Backtrace from offending handler [port_stats_table_reply_handler] servicing event [EventOFPPortStatsReply] follows.
Traceback (most recent call last):
  File "/usr/local/lib/python3.6/dist-packages/ryu/base/app_manager.py", line 290, in _event_loop
    handler(ev)
  File "/home/terry/LJQ/Task/ryu/network_monitor.py", line 193, in port_stats_table_reply_handler
    pre_bytes = stat[-2][0] + stat[-2][1]
TypeError: 'int' object is not subscriptable
monitor: Exception occurred during handler processing. Backtrace from offending handler [port_stats_table_reply_handler] servicing event [EventOFPPortStatsReply] follows.
Traceback (most recent call last):
  File "/usr/local/lib/python3.6/dist-packages/ryu/base/app_manager.py", line 290, in _event_loop
    handler(ev)
  File "/home/terry/LJQ/Task/ryu/network_monitor.py", line 193, in port_stats_table_reply_handler
    pre_bytes = stat[-2][0] + stat[-2][1]
TypeError: 'int' object is not subscriptable
monitor: Exception occurred during handler processing. Backtrace from offending handler [port_stats_table_reply_handler] servicing event [EventOFPPortStatsReply] follows.
Traceback (most recent call last):
  File "/usr/local/lib/python3.6/dist-packages/ryu/base/app_manager.py", line 290, in _event_loop
    handler(ev)
  File "/home/terry/LJQ/Task/ryu/network_monitor.py", line 193, in port_stats_table_reply_handler
    pre_bytes = stat[-2][0] + stat[-2][1]
TypeError: 'int' object is not subscriptable
monitor: Exception occurred during handler processing. Backtrace from offending handler [port_stats_table_reply_handler] servicing event [EventOFPPortStatsReply] follows.
Traceback (most recent call last):
  File "/usr/local/lib/python3.6/dist-packages/ryu/base/app_manager.py", line 290, in _event_loop
    handler(ev)
  File "/home/terry/LJQ/Task/ryu/network_monitor.py", line 193, in port_stats_table_reply_handler
    pre_bytes = stat[-2][0] + stat[-2][1]
TypeError: 'int' object is not subscriptable
monitor: Exception occurred during handler processing. Backtrace from offending handler [port_stats_table_reply_handler] servicing event [EventOFPPortStatsReply] follows.
Traceback (most recent call last):
  File "/usr/local/lib/python3.6/dist-packages/ryu/base/app_manager.py", line 290, in _event_loop
    handler(ev)
  File "/home/terry/LJQ/Task/ryu/network_monitor.py", line 193, in port_stats_table_reply_handler
    pre_bytes = stat[-2][0] + stat[-2][1]
TypeError: 'int' object is not subscriptable
monitor: Exception occurred during handler processing. Backtrace from offending handler [port_stats_table_reply_handler] servicing event [EventOFPPortStatsReply] follows.
Traceback (most recent call last):
  File "/usr/local/lib/python3.6/dist-packages/ryu/base/app_manager.py", line 290, in _event_loop
    handler(ev)
  File "/home/terry/LJQ/Task/ryu/network_monitor.py", line 193, in port_stats_table_reply_handler
    pre_bytes = stat[-2][0] + stat[-2][1]
TypeError: 'int' object is not subscriptable
monitor: Exception occurred during handler processing. Backtrace from offending handler [port_stats_table_reply_handler] servicing event [EventOFPPortStatsReply] follows.
Traceback (most recent call last):
  File "/usr/local/lib/python3.6/dist-packages/ryu/base/app_manager.py", line 290, in _event_loop
    handler(ev)
  File "/home/terry/LJQ/Task/ryu/network_monitor.py", line 193, in port_stats_table_reply_handler
    pre_bytes = stat[-2][0] + stat[-2][1]
TypeError: 'int' object is not subscriptable
monitor: Exception occurred during handler processing. Backtrace from offending handler [port_stats_table_reply_handler] servicing event [EventOFPPortStatsReply] follows.
Traceback (most recent call last):
  File "/usr/local/lib/python3.6/dist-packages/ryu/base/app_manager.py", line 290, in _event_loop
    handler(ev)
  File "/home/terry/LJQ/Task/ryu/network_monitor.py", line 193, in port_stats_table_reply_handler
    pre_bytes = stat[-2][0] + stat[-2][1]
TypeError: 'int' object is not subscriptable
monitor: Exception occurred during handler processing. Backtrace from offending handler [port_stats_table_reply_handler] servicing event [EventOFPPortStatsReply] follows.
Traceback (most recent call last):
  File "/usr/local/lib/python3.6/dist-packages/ryu/base/app_manager.py", line 290, in _event_loop
    handler(ev)
  File "/home/terry/LJQ/Task/ryu/network_monitor.py", line 193, in port_stats_table_reply_handler
    pre_bytes = stat[-2][0] + stat[-2][1]
TypeError: 'int' object is not subscriptable
monitor: Exception occurred during handler processing. Backtrace from offending handler [port_stats_table_reply_handler] servicing event [EventOFPPortStatsReply] follows.
Traceback (most recent call last):
  File "/usr/local/lib/python3.6/dist-packages/ryu/base/app_manager.py", line 290, in _event_loop
    handler(ev)
  File "/home/terry/LJQ/Task/ryu/network_monitor.py", line 193, in port_stats_table_reply_handler
    pre_bytes = stat[-2][0] + stat[-2][1]
TypeError: 'int' object is not subscriptable
monitor: Exception occurred during handler processing. Backtrace from offending handler [port_stats_table_reply_handler] servicing event [EventOFPPortStatsReply] follows.
Traceback (most recent call last):
  File "/usr/local/lib/python3.6/dist-packages/ryu/base/app_manager.py", line 290, in _event_loop
    handler(ev)
  File "/home/terry/LJQ/Task/ryu/network_monitor.py", line 193, in port_stats_table_reply_handler
    pre_bytes = stat[-2][0] + stat[-2][1]
TypeError: 'int' object is not subscriptable
monitor: Exception occurred during handler processing. Backtrace from offending handler [port_stats_table_reply_handler] servicing event [EventOFPPortStatsReply] follows.
Traceback (most recent call last):
  File "/usr/local/lib/python3.6/dist-packages/ryu/base/app_manager.py", line 290, in _event_loop
    handler(ev)
  File "/home/terry/LJQ/Task/ryu/network_monitor.py", line 193, in port_stats_table_reply_handler
    pre_bytes = stat[-2][0] + stat[-2][1]
TypeError: 'int' object is not subscriptable
monitor: Exception occurred during handler processing. Backtrace from offending handler [port_stats_table_reply_handler] servicing event [EventOFPPortStatsReply] follows.
Traceback (most recent call last):
  File "/usr/local/lib/python3.6/dist-packages/ryu/base/app_manager.py", line 290, in _event_loop
    handler(ev)
  File "/home/terry/LJQ/Task/ryu/network_monitor.py", line 193, in port_stats_table_reply_handler
    pre_bytes = stat[-2][0] + stat[-2][1]
TypeError: 'int' object is not subscriptable
monitor: Exception occurred during handler processing. Backtrace from offending handler [port_stats_table_reply_handler] servicing event [EventOFPPortStatsReply] follows.
Traceback (most recent call last):
  File "/usr/local/lib/python3.6/dist-packages/ryu/base/app_manager.py", line 290, in _event_loop
    handler(ev)
  File "/home/terry/LJQ/Task/ryu/network_monitor.py", line 193, in port_stats_table_reply_handler
    pre_bytes = stat[-2][0] + stat[-2][1]
TypeError: 'int' object is not subscriptable
monitor: Exception occurred during handler processing. Backtrace from offending handler [port_stats_table_reply_handler] servicing event [EventOFPPortStatsReply] follows.
Traceback (most recent call last):
  File "/usr/local/lib/python3.6/dist-packages/ryu/base/app_manager.py", line 290, in _event_loop
    handler(ev)
  File "/home/terry/LJQ/Task/ryu/network_monitor.py", line 193, in port_stats_table_reply_handler
    pre_bytes = stat[-2][0] + stat[-2][1]
TypeError: 'int' object is not subscriptable
monitor: Exception occurred during handler processing. Backtrace from offending handler [port_stats_table_reply_handler] servicing event [EventOFPPortStatsReply] follows.
Traceback (most recent call last):
  File "/usr/local/lib/python3.6/dist-packages/ryu/base/app_manager.py", line 290, in _event_loop
    handler(ev)
  File "/home/terry/LJQ/Task/ryu/network_monitor.py", line 193, in port_stats_table_reply_handler
    pre_bytes = stat[-2][0] + stat[-2][1]
TypeError: 'int' object is not subscriptable
monitor: Exception occurred during handler processing. Backtrace from offending handler [port_stats_table_reply_handler] servicing event [EventOFPPortStatsReply] follows.
Traceback (most recent call last):
  File "/usr/local/lib/python3.6/dist-packages/ryu/base/app_manager.py", line 290, in _event_loop
    handler(ev)
  File "/home/terry/LJQ/Task/ryu/network_monitor.py", line 193, in port_stats_table_reply_handler
    pre_bytes = stat[-2][0] + stat[-2][1]
TypeError: 'int' object is not subscriptable
monitor: Exception occurred during handler processing. Backtrace from offending handler [port_stats_table_reply_handler] servicing event [EventOFPPortStatsReply] follows.
Traceback (most recent call last):
  File "/usr/local/lib/python3.6/dist-packages/ryu/base/app_manager.py", line 290, in _event_loop
    handler(ev)
  File "/home/terry/LJQ/Task/ryu/network_monitor.py", line 193, in port_stats_table_reply_handler
    pre_bytes = stat[-2][0] + stat[-2][1]
TypeError: 'int' object is not subscriptable
monitor: Exception occurred during handler processing. Backtrace from offending handler [port_stats_table_reply_handler] servicing event [EventOFPPortStatsReply] follows.
Traceback (most recent call last):
  File "/usr/local/lib/python3.6/dist-packages/ryu/base/app_manager.py", line 290, in _event_loop
    handler(ev)
  File "/home/terry/LJQ/Task/ryu/network_monitor.py", line 193, in port_stats_table_reply_handler
    pre_bytes = stat[-2][0] + stat[-2][1]
TypeError: 'int' object is not subscriptable
monitor: Exception occurred during handler processing. Backtrace from offending handler [port_stats_table_reply_handler] servicing event [EventOFPPortStatsReply] follows.
Traceback (most recent call last):
  File "/usr/local/lib/python3.6/dist-packages/ryu/base/app_manager.py", line 290, in _event_loop
    handler(ev)
  File "/home/terry/LJQ/Task/ryu/network_monitor.py", line 193, in port_stats_table_reply_handler
    pre_bytes = stat[-2][0] + stat[-2][1]
TypeError: 'int' object is not subscriptable
monitor: Exception occurred during handler processing. Backtrace from offending handler [port_stats_table_reply_handler] servicing event [EventOFPPortStatsReply] follows.
Traceback (most recent call last):
  File "/usr/local/lib/python3.6/dist-packages/ryu/base/app_manager.py", line 290, in _event_loop
    handler(ev)
  File "/home/terry/LJQ/Task/ryu/network_monitor.py", line 193, in port_stats_table_reply_handler
    pre_bytes = stat[-2][0] + stat[-2][1]
TypeError: 'int' object is not subscriptable
monitor: Exception occurred during handler processing. Backtrace from offending handler [port_stats_table_reply_handler] servicing event [EventOFPPortStatsReply] follows.
Traceback (most recent call last):
  File "/usr/local/lib/python3.6/dist-packages/ryu/base/app_manager.py", line 290, in _event_loop
    handler(ev)
  File "/home/terry/LJQ/Task/ryu/network_monitor.py", line 193, in port_stats_table_reply_handler
TypeError: 'int' object is not subscriptable
monitor: Exception occurred during handler processing. Backtrace from offending handler [port_stats_table_reply_handler] servicing event [EventOFPPortStatsReply] follows.
Traceback (most recent call last):
  File "/usr/local/lib/python3.6/dist-packages/ryu/base/app_manager.py", line 290, in _event_loop
    handler(ev)
  File "/home/terry/LJQ/Task/ryu/network_monitor.py", line 193, in port_stats_table_reply_handler
TypeError: 'int' object is not subscriptable
monitor: Exception occurred during handler processing. Backtrace from offending handler [port_stats_table_reply_handler] servicing event [EventOFPPortStatsReply] follows.
Traceback (most recent call last):
  File "/usr/local/lib/python3.6/dist-packages/ryu/base/app_manager.py", line 290, in _event_loop
    handler(ev)
  File "/home/terry/LJQ/Task/ryu/network_monitor.py", line 193, in port_stats_table_reply_handler
TypeError: 'int' object is not subscriptable
monitor: Exception occurred during handler processing. Backtrace from offending handler [port_stats_table_reply_handler] servicing event [EventOFPPortStatsReply] follows.
Traceback (most recent call last):
  File "/usr/local/lib/python3.6/dist-packages/ryu/base/app_manager.py", line 290, in _event_loop
    handler(ev)
  File "/home/terry/LJQ/Task/ryu/network_monitor.py", line 193, in port_stats_table_reply_handler
TypeError: 'int' object is not subscriptable
monitor: Exception occurred during handler processing. Backtrace from offending handler [port_stats_table_reply_handler] servicing event [EventOFPPortStatsReply] follows.
Traceback (most recent call last):
  File "/usr/local/lib/python3.6/dist-packages/ryu/base/app_manager.py", line 290, in _event_loop
    handler(ev)
  File "/home/terry/LJQ/Task/ryu/network_monitor.py", line 193, in port_stats_table_reply_handler
TypeError: 'int' object is not subscriptable
monitor: Exception occurred during handler processing. Backtrace from offending handler [port_stats_table_reply_handler] servicing event [EventOFPPortStatsReply] follows.
Traceback (most recent call last):
  File "/usr/local/lib/python3.6/dist-packages/ryu/base/app_manager.py", line 290, in _event_loop
    handler(ev)
  File "/home/terry/LJQ/Task/ryu/network_monitor.py", line 193, in port_stats_table_reply_handler
TypeError: 'int' object is not subscriptable
monitor: Exception occurred during handler processing. Backtrace from offending handler [port_stats_table_reply_handler] servicing event [EventOFPPortStatsReply] follows.
Traceback (most recent call last):
  File "/usr/local/lib/python3.6/dist-packages/ryu/base/app_manager.py", line 290, in _event_loop
    handler(ev)
  File "/home/terry/LJQ/Task/ryu/network_monitor.py", line 193, in port_stats_table_reply_handler
TypeError: 'int' object is not subscriptable
monitor: Exception occurred during handler processing. Backtrace from offending handler [port_stats_table_reply_handler] servicing event [EventOFPPortStatsReply] follows.
Traceback (most recent call last):
  File "/usr/local/lib/python3.6/dist-packages/ryu/base/app_manager.py", line 290, in _event_loop
    handler(ev)
  File "/home/terry/LJQ/Task/ryu/network_monitor.py", line 193, in port_stats_table_reply_handler
TypeError: 'int' object is not subscriptable
monitor: Exception occurred during handler processing. Backtrace from offending handler [port_stats_table_reply_handler] servicing event [EventOFPPortStatsReply] follows.
Traceback (most recent call last):
  File "/usr/local/lib/python3.6/dist-packages/ryu/base/app_manager.py", line 290, in _event_loop
    handler(ev)
  File "/home/terry/LJQ/Task/ryu/network_monitor.py", line 193, in port_stats_table_reply_handler
TypeError: 'int' object is not subscriptable
monitor: Exception occurred during handler processing. Backtrace from offending handler [port_stats_table_reply_handler] servicing event [EventOFPPortStatsReply] follows.
Traceback (most recent call last):
  File "/usr/local/lib/python3.6/dist-packages/ryu/base/app_manager.py", line 290, in _event_loop
    handler(ev)
  File "/home/terry/LJQ/Task/ryu/network_monitor.py", line 193, in port_stats_table_reply_handler
TypeError: 'int' object is not subscriptable
monitor: Exception occurred during handler processing. Backtrace from offending handler [port_stats_table_reply_handler] servicing event [EventOFPPortStatsReply] follows.
Traceback (most recent call last):
  File "/usr/local/lib/python3.6/dist-packages/ryu/base/app_manager.py", line 290, in _event_loop
    handler(ev)
  File "/home/terry/LJQ/Task/ryu/network_monitor.py", line 193, in port_stats_table_reply_handler
TypeError: 'int' object is not subscriptable
monitor: Exception occurred during handler processing. Backtrace from offending handler [port_stats_table_reply_handler] servicing event [EventOFPPortStatsReply] follows.
Traceback (most recent call last):
  File "/usr/local/lib/python3.6/dist-packages/ryu/base/app_manager.py", line 290, in _event_loop
    handler(ev)
  File "/home/terry/LJQ/Task/ryu/network_monitor.py", line 193, in port_stats_table_reply_handler
TypeError: 'int' object is not subscriptable
monitor: Exception occurred during handler processing. Backtrace from offending handler [port_stats_table_reply_handler] servicing event [EventOFPPortStatsReply] follows.
Traceback (most recent call last):
  File "/usr/local/lib/python3.6/dist-packages/ryu/base/app_manager.py", line 290, in _event_loop
    handler(ev)
  File "/home/terry/LJQ/Task/ryu/network_monitor.py", line 193, in port_stats_table_reply_handler
TypeError: 'int' object is not subscriptable
monitor: Exception occurred during handler processing. Backtrace from offending handler [port_stats_table_reply_handler] servicing event [EventOFPPortStatsReply] follows.
Traceback (most recent call last):
  File "/usr/local/lib/python3.6/dist-packages/ryu/base/app_manager.py", line 290, in _event_loop
    handler(ev)
  File "/home/terry/LJQ/Task/ryu/network_monitor.py", line 193, in port_stats_table_reply_handler
TypeError: 'int' object is not subscriptable
monitor: Exception occurred during handler processing. Backtrace from offending handler [port_stats_table_reply_handler] servicing event [EventOFPPortStatsReply] follows.
Traceback (most recent call last):
  File "/usr/local/lib/python3.6/dist-packages/ryu/base/app_manager.py", line 290, in _event_loop
    handler(ev)
  File "/home/terry/LJQ/Task/ryu/network_monitor.py", line 193, in port_stats_table_reply_handler
TypeError: 'int' object is not subscriptable
monitor: Exception occurred during handler processing. Backtrace from offending handler [port_stats_table_reply_handler] servicing event [EventOFPPortStatsReply] follows.
Traceback (most recent call last):
  File "/usr/local/lib/python3.6/dist-packages/ryu/base/app_manager.py", line 290, in _event_loop
    handler(ev)
  File "/home/terry/LJQ/Task/ryu/network_monitor.py", line 193, in port_stats_table_reply_handler
TypeError: 'int' object is not subscriptable
monitor: Exception occurred during handler processing. Backtrace from offending handler [port_stats_table_reply_handler] servicing event [EventOFPPortStatsReply] follows.
Traceback (most recent call last):
  File "/usr/local/lib/python3.6/dist-packages/ryu/base/app_manager.py", line 290, in _event_loop
    handler(ev)
  File "/home/terry/LJQ/Task/ryu/network_monitor.py", line 193, in port_stats_table_reply_handler
TypeError: 'int' object is not subscriptable
monitor: Exception occurred during handler processing. Backtrace from offending handler [port_stats_table_reply_handler] servicing event [EventOFPPortStatsReply] follows.
Traceback (most recent call last):
  File "/usr/local/lib/python3.6/dist-packages/ryu/base/app_manager.py", line 290, in _event_loop
    handler(ev)
  File "/home/terry/LJQ/Task/ryu/network_monitor.py", line 193, in port_stats_table_reply_handler
TypeError: 'int' object is not subscriptable
monitor: Exception occurred during handler processing. Backtrace from offending handler [port_stats_table_reply_handler] servicing event [EventOFPPortStatsReply] follows.
Traceback (most recent call last):
  File "/usr/local/lib/python3.6/dist-packages/ryu/base/app_manager.py", line 290, in _event_loop
    handler(ev)
  File "/home/terry/LJQ/Task/ryu/network_monitor.py", line 193, in port_stats_table_reply_handler
TypeError: 'int' object is not subscriptable
monitor: Exception occurred during handler processing. Backtrace from offending handler [port_stats_table_reply_handler] servicing event [EventOFPPortStatsReply] follows.
Traceback (most recent call last):
  File "/usr/local/lib/python3.6/dist-packages/ryu/base/app_manager.py", line 290, in _event_loop
    handler(ev)
  File "/home/terry/LJQ/Task/ryu/network_monitor.py", line 193, in port_stats_table_reply_handler
TypeError: 'int' object is not subscriptable
monitor: Exception occurred during handler processing. Backtrace from offending handler [port_stats_table_reply_handler] servicing event [EventOFPPortStatsReply] follows.
Traceback (most recent call last):
  File "/usr/local/lib/python3.6/dist-packages/ryu/base/app_manager.py", line 290, in _event_loop
    handler(ev)
  File "/home/terry/LJQ/Task/ryu/network_monitor.py", line 193, in port_stats_table_reply_handler
TypeError: 'int' object is not subscriptable
monitor: Exception occurred during handler processing. Backtrace from offending handler [port_stats_table_reply_handler] servicing event [EventOFPPortStatsReply] follows.
Traceback (most recent call last):
  File "/usr/local/lib/python3.6/dist-packages/ryu/base/app_manager.py", line 290, in _event_loop
    handler(ev)
  File "/home/terry/LJQ/Task/ryu/network_monitor.py", line 193, in port_stats_table_reply_handler
TypeError: 'int' object is not subscriptable
monitor: Exception occurred during handler processing. Backtrace from offending handler [port_stats_table_reply_handler] servicing event [EventOFPPortStatsReply] follows.
Traceback (most recent call last):
  File "/usr/local/lib/python3.6/dist-packages/ryu/base/app_manager.py", line 290, in _event_loop
    handler(ev)
  File "/home/terry/LJQ/Task/ryu/network_monitor.py", line 193, in port_stats_table_reply_handler
TypeError: 'int' object is not subscriptable
monitor: Exception occurred during handler processing. Backtrace from offending handler [port_stats_table_reply_handler] servicing event [EventOFPPortStatsReply] follows.
Traceback (most recent call last):
  File "/usr/local/lib/python3.6/dist-packages/ryu/base/app_manager.py", line 290, in _event_loop
    handler(ev)
  File "/home/terry/LJQ/Task/ryu/network_monitor.py", line 193, in port_stats_table_reply_handler
TypeError: 'int' object is not subscriptable
monitor: Exception occurred during handler processing. Backtrace from offending handler [port_stats_table_reply_handler] servicing event [EventOFPPortStatsReply] follows.
Traceback (most recent call last):
  File "/usr/local/lib/python3.6/dist-packages/ryu/base/app_manager.py", line 290, in _event_loop
    handler(ev)
  File "/home/terry/LJQ/Task/ryu/network_monitor.py", line 193, in port_stats_table_reply_handler
TypeError: 'int' object is not subscriptable
monitor: Exception occurred during handler processing. Backtrace from offending handler [port_stats_table_reply_handler] servicing event [EventOFPPortStatsReply] follows.
Traceback (most recent call last):
  File "/usr/local/lib/python3.6/dist-packages/ryu/base/app_manager.py", line 290, in _event_loop
    handler(ev)
  File "/home/terry/LJQ/Task/ryu/network_monitor.py", line 193, in port_stats_table_reply_handler
TypeError: 'int' object is not subscriptable
monitor: Exception occurred during handler processing. Backtrace from offending handler [port_stats_table_reply_handler] servicing event [EventOFPPortStatsReply] follows.
Traceback (most recent call last):
  File "/usr/local/lib/python3.6/dist-packages/ryu/base/app_manager.py", line 290, in _event_loop
    handler(ev)
  File "/home/terry/LJQ/Task/ryu/network_monitor.py", line 193, in port_stats_table_reply_handler
TypeError: 'int' object is not subscriptable
monitor: Exception occurred during handler processing. Backtrace from offending handler [port_stats_table_reply_handler] servicing event [EventOFPPortStatsReply] follows.
Traceback (most recent call last):
  File "/usr/local/lib/python3.6/dist-packages/ryu/base/app_manager.py", line 290, in _event_loop
    handler(ev)
  File "/home/terry/LJQ/Task/ryu/network_monitor.py", line 193, in port_stats_table_reply_handler
TypeError: 'int' object is not subscriptable
monitor: Exception occurred during handler processing. Backtrace from offending handler [port_stats_table_reply_handler] servicing event [EventOFPPortStatsReply] follows.
Traceback (most recent call last):
  File "/usr/local/lib/python3.6/dist-packages/ryu/base/app_manager.py", line 290, in _event_loop
    handler(ev)
  File "/home/terry/LJQ/Task/ryu/network_monitor.py", line 193, in port_stats_table_reply_handler
TypeError: 'int' object is not subscriptable
monitor: Exception occurred during handler processing. Backtrace from offending handler [port_stats_table_reply_handler] servicing event [EventOFPPortStatsReply] follows.
Traceback (most recent call last):
  File "/usr/local/lib/python3.6/dist-packages/ryu/base/app_manager.py", line 290, in _event_loop
    handler(ev)
  File "/home/terry/LJQ/Task/ryu/network_monitor.py", line 193, in port_stats_table_reply_handler
TypeError: 'int' object is not subscriptable
monitor: Exception occurred during handler processing. Backtrace from offending handler [port_stats_table_reply_handler] servicing event [EventOFPPortStatsReply] follows.
Traceback (most recent call last):
  File "/usr/local/lib/python3.6/dist-packages/ryu/base/app_manager.py", line 290, in _event_loop
    handler(ev)
  File "/home/terry/LJQ/Task/ryu/network_monitor.py", line 193, in port_stats_table_reply_handler
TypeError: 'int' object is not subscriptable
monitor: Exception occurred during handler processing. Backtrace from offending handler [port_stats_table_reply_handler] servicing event [EventOFPPortStatsReply] follows.
Traceback (most recent call last):
  File "/usr/local/lib/python3.6/dist-packages/ryu/base/app_manager.py", line 290, in _event_loop
    handler(ev)
  File "/home/terry/LJQ/Task/ryu/network_monitor.py", line 193, in port_stats_table_reply_handler
TypeError: 'int' object is not subscriptable
monitor: Exception occurred during handler processing. Backtrace from offending handler [port_stats_table_reply_handler] servicing event [EventOFPPortStatsReply] follows.
Traceback (most recent call last):
  File "/usr/local/lib/python3.6/dist-packages/ryu/base/app_manager.py", line 290, in _event_loop
    handler(ev)
  File "/home/terry/LJQ/Task/ryu/network_monitor.py", line 193, in port_stats_table_reply_handler
TypeError: 'int' object is not subscriptable
monitor: Exception occurred during handler processing. Backtrace from offending handler [port_stats_table_reply_handler] servicing event [EventOFPPortStatsReply] follows.
Traceback (most recent call last):
  File "/usr/local/lib/python3.6/dist-packages/ryu/base/app_manager.py", line 290, in _event_loop
    handler(ev)
  File "/home/terry/LJQ/Task/ryu/network_monitor.py", line 193, in port_stats_table_reply_handler
TypeError: 'int' object is not subscriptable
monitor: Exception occurred during handler processing. Backtrace from offending handler [port_stats_table_reply_handler] servicing event [EventOFPPortStatsReply] follows.
Traceback (most recent call last):
  File "/usr/local/lib/python3.6/dist-packages/ryu/base/app_manager.py", line 290, in _event_loop
    handler(ev)
  File "/home/terry/LJQ/Task/ryu/network_monitor.py", line 193, in port_stats_table_reply_handler
TypeError: 'int' object is not subscriptable
monitor: Exception occurred during handler processing. Backtrace from offending handler [port_stats_table_reply_handler] servicing event [EventOFPPortStatsReply] follows.
Traceback (most recent call last):
  File "/usr/local/lib/python3.6/dist-packages/ryu/base/app_manager.py", line 290, in _event_loop
    handler(ev)
  File "/home/terry/LJQ/Task/ryu/network_monitor.py", line 193, in port_stats_table_reply_handler
TypeError: 'int' object is not subscriptable
monitor: Exception occurred during handler processing. Backtrace from offending handler [port_stats_table_reply_handler] servicing event [EventOFPPortStatsReply] follows.
Traceback (most recent call last):
  File "/usr/local/lib/python3.6/dist-packages/ryu/base/app_manager.py", line 290, in _event_loop
    handler(ev)
  File "/home/terry/LJQ/Task/ryu/network_monitor.py", line 193, in port_stats_table_reply_handler
TypeError: 'int' object is not subscriptable
monitor: Exception occurred during handler processing. Backtrace from offending handler [port_stats_table_reply_handler] servicing event [EventOFPPortStatsReply] follows.
Traceback (most recent call last):
  File "/usr/local/lib/python3.6/dist-packages/ryu/base/app_manager.py", line 290, in _event_loop
    handler(ev)
  File "/home/terry/LJQ/Task/ryu/network_monitor.py", line 193, in port_stats_table_reply_handler
TypeError: 'int' object is not subscriptable
monitor: Exception occurred during handler processing. Backtrace from offending handler [port_stats_table_reply_handler] servicing event [EventOFPPortStatsReply] follows.
Traceback (most recent call last):
  File "/usr/local/lib/python3.6/dist-packages/ryu/base/app_manager.py", line 290, in _event_loop
    handler(ev)
  File "/home/terry/LJQ/Task/ryu/network_monitor.py", line 193, in port_stats_table_reply_handler
TypeError: 'int' object is not subscriptable
monitor: Exception occurred during handler processing. Backtrace from offending handler [port_stats_table_reply_handler] servicing event [EventOFPPortStatsReply] follows.
Traceback (most recent call last):
  File "/usr/local/lib/python3.6/dist-packages/ryu/base/app_manager.py", line 290, in _event_loop
    handler(ev)
  File "/home/terry/LJQ/Task/ryu/network_monitor.py", line 193, in port_stats_table_reply_handler
TypeError: 'int' object is not subscriptable
monitor: Exception occurred during handler processing. Backtrace from offending handler [port_stats_table_reply_handler] servicing event [EventOFPPortStatsReply] follows.
Traceback (most recent call last):
  File "/usr/local/lib/python3.6/dist-packages/ryu/base/app_manager.py", line 290, in _event_loop
    handler(ev)
  File "/home/terry/LJQ/Task/ryu/network_monitor.py", line 193, in port_stats_table_reply_handler
TypeError: 'int' object is not subscriptable
monitor: Exception occurred during handler processing. Backtrace from offending handler [port_stats_table_reply_handler] servicing event [EventOFPPortStatsReply] follows.
Traceback (most recent call last):
  File "/usr/local/lib/python3.6/dist-packages/ryu/base/app_manager.py", line 290, in _event_loop
    handler(ev)
  File "/home/terry/LJQ/Task/ryu/network_monitor.py", line 193, in port_stats_table_reply_handler
TypeError: 'int' object is not subscriptable
monitor: Exception occurred during handler processing. Backtrace from offending handler [port_stats_table_reply_handler] servicing event [EventOFPPortStatsReply] follows.
Traceback (most recent call last):
  File "/usr/local/lib/python3.6/dist-packages/ryu/base/app_manager.py", line 290, in _event_loop
    handler(ev)
  File "/home/terry/LJQ/Task/ryu/network_monitor.py", line 193, in port_stats_table_reply_handler
TypeError: 'int' object is not subscriptable
monitor: Exception occurred during handler processing. Backtrace from offending handler [port_stats_table_reply_handler] servicing event [EventOFPPortStatsReply] follows.
Traceback (most recent call last):
  File "/usr/local/lib/python3.6/dist-packages/ryu/base/app_manager.py", line 290, in _event_loop
    handler(ev)
  File "/home/terry/LJQ/Task/ryu/network_monitor.py", line 193, in port_stats_table_reply_handler
TypeError: 'int' object is not subscriptable
monitor: Exception occurred during handler processing. Backtrace from offending handler [port_stats_table_reply_handler] servicing event [EventOFPPortStatsReply] follows.
Traceback (most recent call last):
  File "/usr/local/lib/python3.6/dist-packages/ryu/base/app_manager.py", line 290, in _event_loop
    handler(ev)
  File "/home/terry/LJQ/Task/ryu/network_monitor.py", line 193, in port_stats_table_reply_handler
TypeError: 'int' object is not subscriptable
monitor: Exception occurred during handler processing. Backtrace from offending handler [port_stats_table_reply_handler] servicing event [EventOFPPortStatsReply] follows.
Traceback (most recent call last):
  File "/usr/local/lib/python3.6/dist-packages/ryu/base/app_manager.py", line 290, in _event_loop
    handler(ev)
  File "/home/terry/LJQ/Task/ryu/network_monitor.py", line 193, in port_stats_table_reply_handler
TypeError: 'int' object is not subscriptable
monitor: Exception occurred during handler processing. Backtrace from offending handler [port_stats_table_reply_handler] servicing event [EventOFPPortStatsReply] follows.
Traceback (most recent call last):
  File "/usr/local/lib/python3.6/dist-packages/ryu/base/app_manager.py", line 290, in _event_loop
    handler(ev)
  File "/home/terry/LJQ/Task/ryu/network_monitor.py", line 193, in port_stats_table_reply_handler
TypeError: 'int' object is not subscriptable
monitor: Exception occurred during handler processing. Backtrace from offending handler [port_stats_table_reply_handler] servicing event [EventOFPPortStatsReply] follows.
Traceback (most recent call last):
  File "/usr/local/lib/python3.6/dist-packages/ryu/base/app_manager.py", line 290, in _event_loop
    handler(ev)
  File "/home/terry/LJQ/Task/ryu/network_monitor.py", line 193, in port_stats_table_reply_handler
TypeError: 'int' object is not subscriptable
monitor: Exception occurred during handler processing. Backtrace from offending handler [port_stats_table_reply_handler] servicing event [EventOFPPortStatsReply] follows.
Traceback (most recent call last):
  File "/usr/local/lib/python3.6/dist-packages/ryu/base/app_manager.py", line 290, in _event_loop
    handler(ev)
  File "/home/terry/LJQ/Task/ryu/network_monitor.py", line 193, in port_stats_table_reply_handler
TypeError: 'int' object is not subscriptable
monitor: Exception occurred during handler processing. Backtrace from offending handler [port_stats_table_reply_handler] servicing event [EventOFPPortStatsReply] follows.
Traceback (most recent call last):
  File "/usr/local/lib/python3.6/dist-packages/ryu/base/app_manager.py", line 290, in _event_loop
    handler(ev)
  File "/home/terry/LJQ/Task/ryu/network_monitor.py", line 193, in port_stats_table_reply_handler
TypeError: 'int' object is not subscriptable
monitor: Exception occurred during handler processing. Backtrace from offending handler [port_stats_table_reply_handler] servicing event [EventOFPPortStatsReply] follows.
Traceback (most recent call last):
  File "/usr/local/lib/python3.6/dist-packages/ryu/base/app_manager.py", line 290, in _event_loop
    handler(ev)
  File "/home/terry/LJQ/Task/ryu/network_monitor.py", line 193, in port_stats_table_reply_handler
TypeError: 'int' object is not subscriptable
monitor: Exception occurred during handler processing. Backtrace from offending handler [port_stats_table_reply_handler] servicing event [EventOFPPortStatsReply] follows.
Traceback (most recent call last):
  File "/usr/local/lib/python3.6/dist-packages/ryu/base/app_manager.py", line 290, in _event_loop
    handler(ev)
  File "/home/terry/LJQ/Task/ryu/network_monitor.py", line 193, in port_stats_table_reply_handler
    stats[-2][3], stats[-2][4])  # 倒数第一个统计信息，倒数第二个统计信息
TypeError: 'int' object is not subscriptable
monitor: Exception occurred during handler processing. Backtrace from offending handler [port_stats_table_reply_handler] servicing event [EventOFPPortStatsReply] follows.
Traceback (most recent call last):
  File "/usr/local/lib/python3.6/dist-packages/ryu/base/app_manager.py", line 290, in _event_loop
    handler(ev)
  File "/home/terry/LJQ/Task/ryu/network_monitor.py", line 193, in port_stats_table_reply_handler
    stats[-2][3], stats[-2][4])  # 倒数第一个统计信息，倒数第二个统计信息
TypeError: 'int' object is not subscriptable
monitor: Exception occurred during handler processing. Backtrace from offending handler [port_stats_table_reply_handler] servicing event [EventOFPPortStatsReply] follows.
Traceback (most recent call last):
  File "/usr/local/lib/python3.6/dist-packages/ryu/base/app_manager.py", line 290, in _event_loop
    handler(ev)
  File "/home/terry/LJQ/Task/ryu/network_monitor.py", line 193, in port_stats_table_reply_handler
    stats[-2][3], stats[-2][4])  # 倒数第一个统计信息，倒数第二个统计信息
TypeError: 'int' object is not subscriptable
monitor: Exception occurred during handler processing. Backtrace from offending handler [port_stats_table_reply_handler] servicing event [EventOFPPortStatsReply] follows.
Traceback (most recent call last):
  File "/usr/local/lib/python3.6/dist-packages/ryu/base/app_manager.py", line 290, in _event_loop
    handler(ev)
  File "/home/terry/LJQ/Task/ryu/network_monitor.py", line 193, in port_stats_table_reply_handler
    stats[-2][3], stats[-2][4])  # 倒数第一个统计信息，倒数第二个统计信息
TypeError: 'int' object is not subscriptable
monitor: Exception occurred during handler processing. Backtrace from offending handler [port_stats_table_reply_handler] servicing event [EventOFPPortStatsReply] follows.
Traceback (most recent call last):
  File "/usr/local/lib/python3.6/dist-packages/ryu/base/app_manager.py", line 290, in _event_loop
    handler(ev)
  File "/home/terry/LJQ/Task/ryu/network_monitor.py", line 193, in port_stats_table_reply_handler
    stats[-2][3], stats[-2][4])  # 倒数第一个统计信息，倒数第二个统计信息
TypeError: 'int' object is not subscriptable
monitor: Exception occurred during handler processing. Backtrace from offending handler [port_stats_table_reply_handler] servicing event [EventOFPPortStatsReply] follows.
Traceback (most recent call last):
  File "/usr/local/lib/python3.6/dist-packages/ryu/base/app_manager.py", line 290, in _event_loop
    handler(ev)
  File "/home/terry/LJQ/Task/ryu/network_monitor.py", line 193, in port_stats_table_reply_handler
    stats[-2][3], stats[-2][4])  # 倒数第一个统计信息，倒数第二个统计信息
TypeError: 'int' object is not subscriptable
monitor: Exception occurred during handler processing. Backtrace from offending handler [port_stats_table_reply_handler] servicing event [EventOFPPortStatsReply] follows.
Traceback (most recent call last):
  File "/usr/local/lib/python3.6/dist-packages/ryu/base/app_manager.py", line 290, in _event_loop
    handler(ev)
  File "/home/terry/LJQ/Task/ryu/network_monitor.py", line 193, in port_stats_table_reply_handler
    stats[-2][3], stats[-2][4])  # 倒数第一个统计信息，倒数第二个统计信息
TypeError: 'int' object is not subscriptable
monitor: Exception occurred during handler processing. Backtrace from offending handler [port_stats_table_reply_handler] servicing event [EventOFPPortStatsReply] follows.
Traceback (most recent call last):
  File "/usr/local/lib/python3.6/dist-packages/ryu/base/app_manager.py", line 290, in _event_loop
    handler(ev)
  File "/home/terry/LJQ/Task/ryu/network_monitor.py", line 193, in port_stats_table_reply_handler
    stats[-2][3], stats[-2][4])  # 倒数第一个统计信息，倒数第二个统计信息
TypeError: 'int' object is not subscriptable
monitor: Exception occurred during handler processing. Backtrace from offending handler [port_stats_table_reply_handler] servicing event [EventOFPPortStatsReply] follows.
Traceback (most recent call last):
  File "/usr/local/lib/python3.6/dist-packages/ryu/base/app_manager.py", line 290, in _event_loop
    handler(ev)
  File "/home/terry/LJQ/Task/ryu/network_monitor.py", line 193, in port_stats_table_reply_handler
    stats[-2][3], stats[-2][4])  # 倒数第一个统计信息，倒数第二个统计信息
TypeError: 'int' object is not subscriptable
