loading app network_structure.py
Matplotlib created a temporary config/cache directory at /tmp/matplotlib-nl2u4gjq because the default path (/home/terry/.config/matplotlib) is not a writable directory; it is highly recommended to set the MPLCONFIGDIR environment variable to a writable directory, in particular to speed up the import of Matplotlib and to better support multiprocessing.
Generating new fontManager, this may take some time...
Failed to extract font properties from /usr/share/fonts/truetype/noto/NotoColorEmoji.ttf: In FT2Font: Can not load face.  Unknown file format.
loading app network_monitor.py
loading app network_delay.py
loading app network_shortest_path.py
loading app arp_handler.py
loading app ryu.controller.ofp_handler
instantiating app None of Switches
creating context switches
instantiating app network_structure.py of NetworkStructure
instantiating app network_monitor.py of NetworkMonitor
instantiating app network_delay.py of NetworkDelay
instantiating app network_shortest_path.py of NetworkShortestPath
instantiating app arp_handler.py of ArpHandler
instantiating app ryu.controller.ofp_handler of OFPHandler
==================================== link detector ====================================

----------------------------
src    dst :    delay
discovery--->==================================== discovery ====================================
discovery---> cls: []
discovery--->==============================
==================================== link detector ====================================

----------------------------
src    dst :    delay
discovery---> AccessPoint: 1152921504606846977 connected
monitor---->register datapath: 1000000000000001
discovery---> AccessPoint: 1152921504606846978 connected
monitor---->register datapath: 1000000000000002
discovery---> AccessPoint: 1152921504606846979 connected
monitor---->register datapath: 1000000000000003
==================================== link detector ====================================

----------------------------
src    dst :    delay
1152921504606846978 <---> 1152921504606846977 : 5.94019889831543
1152921504606846978 <---> 1152921504606846979 : 1.8858909606933594
1152921504606846977 <---> 1152921504606846978 : 13.501644134521484
1152921504606846977 <---> 1152921504606846979 : 1.684427261352539
1152921504606846979 <---> 1152921504606846977 : 1.7261505126953125
1152921504606846979 <---> 1152921504606846978 : 1.859903335571289
---> OFPPortStatus received: reason=MODIFY desc=OFPPort(port_no=2,hw_addr='56:91:72:2f:30:92',name=b'ap2-eth2',config=0,state=4,curr=2112,advertised=0,supported=0,peer=0,curr_speed=10000000,max_speed=0)
---> OFPPortStatus received: reason=MODIFY desc=OFPPort(port_no=3,hw_addr='62:30:b8:5f:93:6d',name=b'ap3-eth3',config=0,state=4,curr=2112,advertised=0,supported=0,peer=0,curr_speed=10000000,max_speed=0)
discovery--->==================================== discovery ====================================
discovery---> cls: [(1152921504606846978, 1152921504606846977), (1152921504606846978, 1152921504606846979), (1152921504606846977, 1152921504606846979)]
discovery--->==============================
datapath         port     rx-pkts  rx-bytes rx-error tx-pkts  tx-bytes tx-error
---------------- -------- -------- -------- -------- -------- -------- --------
1000000000000001        1        0        0        0        2      156        0
1000000000000001        2       11     1179        0        6      446        0
1000000000000001        3        5      386        0        6      446        0
datapath         in-port  eth-dst           out-port packets  bytes
---------------- -------- ----------------- -------- -------- --------
datapath         port     rx-pkts  rx-bytes rx-error tx-pkts  tx-bytes tx-error
---------------- -------- -------- -------- -------- -------- -------- --------
1000000000000002        1        0        0        0        2      156        0
1000000000000002        2        6      446        0       11     1179        0
1000000000000002        3        9      743        0        6      446        0
datapath         in-port  eth-dst           out-port packets  bytes
---------------- -------- ----------------- -------- -------- --------
datapath         port     rx-pkts  rx-bytes rx-error tx-pkts  tx-bytes tx-error
---------------- -------- -------- -------- -------- -------- -------- --------
1000000000000003        1        0        0        0        2      156        0
1000000000000003        2        6      446        0        5      386        0
1000000000000003        3        6      446        0        9      743        0
datapath         in-port  eth-dst           out-port packets  bytes
---------------- -------- ----------------- -------- -------- --------
---> OFPPortStatus received: reason=MODIFY desc=OFPPort(port_no=2,hw_addr='b2:53:ea:a6:c1:27',name=b'ap3-eth2',config=0,state=4,curr=2112,advertised=0,supported=0,peer=0,curr_speed=10000000,max_speed=0)
---> OFPPortStatus received: reason=MODIFY desc=OFPPort(port_no=3,hw_addr='06:ca:72:83:3c:a2',name=b'ap1-eth3',config=0,state=4,curr=2112,advertised=0,supported=0,peer=0,curr_speed=10000000,max_speed=0)
---> OFPPortStatus received: reason=MODIFY desc=OFPPort(port_no=2,hw_addr='9e:20:bc:cd:c0:b9',name=b'ap1-eth2',config=0,state=4,curr=2112,advertised=0,supported=0,peer=0,curr_speed=10000000,max_speed=0)
---> OFPPortStatus received: reason=MODIFY desc=OFPPort(port_no=3,hw_addr='02:bf:6f:2b:b6:5a',name=b'ap2-eth3',config=0,state=4,curr=2112,advertised=0,supported=0,peer=0,curr_speed=10000000,max_speed=0)
==================================== link detector ====================================

----------------------------
src    dst :    delay
1152921504606846978 <---> 1152921504606846977 : 1.5671253204345703
1152921504606846978 <---> 1152921504606846979 : 3.0264854431152344
1152921504606846977 <---> 1152921504606846978 : 2.25067138671875
1152921504606846977 <---> 1152921504606846979 : 1.99127197265625
1152921504606846979 <---> 1152921504606846977 : 2.0661354064941406
1152921504606846979 <---> 1152921504606846978 : 1.4274120330810547
discovery--->==================================== discovery ====================================
discovery---> cls: [(1152921504606846978, 1152921504606846977), (1152921504606846978, 1152921504606846979), (1152921504606846977, 1152921504606846979)]
discovery--->==============================
hub: uncaught exception: Traceback (most recent call last):
  File "/usr/local/lib/python3.6/dist-packages/ryu/lib/hub.py", line 60, in _launch
    return func(*args, **kwargs)
  File "/home/terry/LJQ/Task/ryu/network_monitor.py", line 59, in scheduler
    self.create_bandwidth_graph()
  File "/home/terry/LJQ/Task/ryu/network_monitor.py", line 316, in create_bandwidth_graph
    capacity = self.network_structure.m_graph[src_dpid][dst_dpid]['bw']
  File "/home/terry/.local/lib/python3.6/site-packages/networkx/classes/cls.py", line 465, in __getitem__
    return self.adj[n]
  File "/home/terry/.local/lib/python3.6/site-packages/networkx/classes/coreviews.py", line 79, in __getitem__
    return AtlasView(self._atlas[name])
KeyError: 1152921504606846978

datapath         port     rx-pkts  rx-bytes rx-error tx-pkts  tx-bytes tx-error
---------------- -------- -------- -------- -------- -------- -------- --------
1000000000000001        1        0        0        0        7      546        0
1000000000000001        2       26     2859        0       27     2919        0
1000000000000001        3       26     2859        0       27     2919        0
datapath         in-port  eth-dst           out-port packets  bytes
---------------- -------- ----------------- -------- -------- --------
datapath         port     rx-pkts  rx-bytes rx-error tx-pkts  tx-bytes tx-error
---------------- -------- -------- -------- -------- -------- -------- --------
1000000000000002        1        0        0        0        7      546        0
1000000000000002        2       27     2919        0       26     2859        0
1000000000000002        3       26     2859        0       27     2919        0
datapath         in-port  eth-dst           out-port packets  bytes
---------------- -------- ----------------- -------- -------- --------
datapath         port     rx-pkts  rx-bytes rx-error tx-pkts  tx-bytes tx-error
---------------- -------- -------- -------- -------- -------- -------- --------
1000000000000003        1        0        0        0        7      546        0
1000000000000003        2       27     2919        0       26     2859        0
1000000000000003        3       27     2919        0       26     2859        0
datapath         in-port  eth-dst           out-port packets  bytes
---------------- -------- ----------------- -------- -------- --------
==================================== link detector ====================================

----------------------------
src    dst :    delay
1152921504606846978 <---> 1152921504606846977 : 3.0493736267089844
1152921504606846978 <---> 1152921504606846979 : 1.9135475158691406
1152921504606846977 <---> 1152921504606846978 : 2.6671886444091797
1152921504606846977 <---> 1152921504606846979 : 2.629995346069336
1152921504606846979 <---> 1152921504606846977 : 2.5606155395507812
1152921504606846979 <---> 1152921504606846978 : 2.005338668823242
==================================== link detector ====================================

----------------------------
src    dst :    delay
1152921504606846978 <---> 1152921504606846977 : 3.1387805938720703
1152921504606846978 <---> 1152921504606846979 : 1.6238689422607422
1152921504606846977 <---> 1152921504606846978 : 2.735137939453125
1152921504606846977 <---> 1152921504606846979 : 1.6329288482666016
1152921504606846979 <---> 1152921504606846977 : 1.9283294677734375
1152921504606846979 <---> 1152921504606846978 : 3.0624866485595703
discovery--->==================================== discovery ====================================
discovery---> cls: [(1152921504606846978, 1152921504606846977), (1152921504606846978, 1152921504606846979), (1152921504606846977, 1152921504606846979)]
discovery--->==============================
==================================== link detector ====================================

----------------------------
src    dst :    delay
1152921504606846978 <---> 1152921504606846977 : 1.1796951293945312
1152921504606846978 <---> 1152921504606846979 : 1.1641979217529297
1152921504606846977 <---> 1152921504606846978 : 1.1813640594482422
1152921504606846977 <---> 1152921504606846979 : 1.3322830200195312
1152921504606846979 <---> 1152921504606846977 : 1.102447509765625
1152921504606846979 <---> 1152921504606846978 : 1.155853271484375
==================================== link detector ====================================

----------------------------
src    dst :    delay
1152921504606846978 <---> 1152921504606846977 : 1.214742660522461
1152921504606846978 <---> 1152921504606846979 : 1.1723041534423828
1152921504606846977 <---> 1152921504606846978 : 1.481771469116211
1152921504606846977 <---> 1152921504606846979 : 1.001119613647461
1152921504606846979 <---> 1152921504606846977 : 1.1630058288574219
1152921504606846979 <---> 1152921504606846978 : 1.077413558959961
discovery--->==================================== discovery ====================================
discovery---> cls: [(1152921504606846978, 1152921504606846977), (1152921504606846978, 1152921504606846979), (1152921504606846977, 1152921504606846979)]
discovery--->==============================
==================================== link detector ====================================

----------------------------
src    dst :    delay
1152921504606846978 <---> 1152921504606846977 : 2.3446083068847656
1152921504606846978 <---> 1152921504606846979 : 2.4840831756591797
1152921504606846977 <---> 1152921504606846978 : 2.315044403076172
1152921504606846977 <---> 1152921504606846979 : 2.620220184326172
1152921504606846979 <---> 1152921504606846977 : 2.1619796752929688
1152921504606846979 <---> 1152921504606846978 : 2.2678375244140625
discovery--->==================================== discovery ====================================
discovery---> cls: [(1152921504606846978, 1152921504606846977), (1152921504606846978, 1152921504606846979), (1152921504606846977, 1152921504606846979)]
discovery--->==============================
==================================== link detector ====================================

----------------------------
src    dst :    delay
1152921504606846978 <---> 1152921504606846977 : 1.9710063934326172
1152921504606846978 <---> 1152921504606846979 : 2.040863037109375
1152921504606846977 <---> 1152921504606846978 : 3.002166748046875
1152921504606846977 <---> 1152921504606846979 : 1.9423961639404297
1152921504606846979 <---> 1152921504606846977 : 2.70843505859375
1152921504606846979 <---> 1152921504606846978 : 2.9168128967285156
==================================== link detector ====================================

----------------------------
src    dst :    delay
1152921504606846978 <---> 1152921504606846977 : 2.3796558380126953
1152921504606846978 <---> 1152921504606846979 : 3.1270980834960938
1152921504606846977 <---> 1152921504606846978 : 1.5397071838378906
1152921504606846977 <---> 1152921504606846979 : 3.0002593994140625
1152921504606846979 <---> 1152921504606846977 : 2.882719039916992
1152921504606846979 <---> 1152921504606846978 : 2.8693675994873047
discovery--->==================================== discovery ====================================
discovery---> cls: [(1152921504606846978, 1152921504606846977), (1152921504606846978, 1152921504606846979), (1152921504606846977, 1152921504606846979)]
discovery--->==============================
==================================== link detector ====================================

----------------------------
src    dst :    delay
1152921504606846978 <---> 1152921504606846977 : 2.9091835021972656
1152921504606846978 <---> 1152921504606846979 : 1.6202926635742188
1152921504606846977 <---> 1152921504606846978 : 3.095865249633789
1152921504606846977 <---> 1152921504606846979 : 1.3744831085205078
1152921504606846979 <---> 1152921504606846977 : 1.6758441925048828
1152921504606846979 <---> 1152921504606846978 : 3.0295848846435547
