loading app network_structure.py
loading app network_monitor.py
loading app network_delay.py
loading app network_shortest_path.py
loading app arp_handler.py
loading app ryu.controller.ofp_handler
instantiating app None of Switches
creating context switches
instantiating app network_structure.py of NetworkStructure
instantiating app network_monitor.py of NetworkMonitor
instantiating app network_delay.py of NetworkDelay
instantiating app network_shortest_path.py of NetworkShortestPath
instantiating app arp_handler.py of ArpHandler
instantiating app ryu.controller.ofp_handler of OFPHandler
discovery---> switch: 4 connected
monitor---->register datapath: 0000000000000004
discovery---> switch: 5 connected
discovery---> switch: 2 connected
discovery---> switch: 1 connected
discovery---> switch: 3 connected
monitor---->register datapath: 0000000000000002
monitor---->register datapath: 0000000000000005
monitor---->register datapath: 0000000000000003
monitor---->register datapath: 0000000000000001
discovery--->==================================== discovery ====================================
discovery---> cls: [(4, 1), (4, 5), (1, 2), (1, 3), (5, 3), (5, 2)]
discovery--->==============================
discovery--->==================================== discovery ====================================
discovery---> cls: [(4, 1), (4, 5), (1, 2), (1, 3), (5, 3), (5, 2)]
discovery--->==============================
discovery--->==================================== discovery ====================================
discovery---> cls: [(4, 1), (4, 5), (1, 2), (1, 3), (5, 3), (5, 2)]
discovery--->==============================
discovery--->==================================== discovery ====================================
discovery---> cls: [(4, 1), (4, 5), (1, 2), (1, 3), (5, 3), (5, 2)]
discovery--->==============================
discovery--->==================================== discovery ====================================
discovery---> cls: [(4, 1), (4, 5), (1, 2), (1, 3), (5, 3), (5, 2)]
discovery--->==============================
discovery--->==================================== discovery ====================================
discovery---> cls: [(4, 1), (4, 5), (1, 2), (1, 3), (5, 3), (5, 2)]
discovery--->==============================
shortest=====>[PATH] [10.0.0.4 <----> 10.0.0.1]: [5, 3, 1]
shortest=====>[PATH] [10.0.0.4 <----> 10.0.0.1]: [3, 1]
shortest=====>[PATH] [10.0.0.4 <----> 10.0.0.3]: [5, 3, 1]
shortest=====>[PATH] [10.0.0.4 <----> 10.0.0.2]: [5, 3, 1]
shortest=====>[PATH] [10.0.0.1 <----> 10.0.0.3]: [1]
shortest=====>[PATH] [10.0.0.1 <----> 10.0.0.2]: [1]
shortest=====>[PATH] [10.0.0.3 <----> 10.0.0.2]: [1]
discovery--->==================================== discovery ====================================
discovery---> cls: [(4, 1), (4, 5), (1, 2), (1, 3), (5, 3), (5, 2)]
discovery--->==============================
discovery--->==================================== discovery ====================================
discovery---> cls: [(4, 1), (4, 5), (1, 2), (1, 3), (5, 3), (5, 2)]
discovery--->==============================
discovery--->==================================== discovery ====================================
discovery---> cls: [(4, 1), (4, 5), (1, 2), (1, 3), (5, 3), (5, 2)]
discovery--->==============================
Encountered an error while parsing OpenFlow packet from switch. This implies the switch sent a malformed OpenFlow packet. version 0x04 msg_type 19 msg_len 864 xid 201640404 buf 0x04 0x13 0x03 0x60 0x0c 0x04 0xc9 0xd4 0x00 0x01 0x00 0x00 0x00 0x00 0x00 0x00 0x00 0x60 0x00 0x00 0x00 0x00 0x00 0x2d 0x38 0x81 0x55 0x00 0xff 0xff 0x00 0x00 0x00 0x00 0x00 0x00 0x00 0x00 0x00 0x00 0x00 0x00 0x00 0x00 0x00 0x00 0x00 0x00 0x00 0x00 0x00 0x00 0x00 0x00 0x00 0x60 0x00 0x00 0x00 0x00 0x00 0x00 0x16 0x80 0x00 0x01 0x00 0x14 0x80 0x00 0x06 0x06 0x01 0x80 0xc2 0x00 0x00 0x0e 0x80 0x00 0x0a 0x02 0x88 0xcc 0x00 0x00 0x00 0x00 0x00 0x04 0x00 0x18 0x00 0x00 0x00 0x00 0x00 0x00 0x00 0x10 0xff 0xff 0xff 0xfd 0xff 0xff 0x00 0x00 0x00 0x00 0x00 0x00 0x00 0x70 0x00 0x00 0x00 0x00 0x00 0x0e 0x19 0x45 0xba 0x00 0x00 0x01 0x00 0x00 0x00 0x00 0x00 0x00 0x00 0x00 0x00 0x00 0x00 0x00 0x00 0x00 0x00 0x00 0x00 0x00 0x00 0x00 0x00 0x00 0x00 0x00 0x00 0x01 0x00 0x00 0x00 0x00 0x00 0x00 0x00 0x62 0x00 0x01 0x00 0x22 0x80 0x00 0x00 0x04 0x00 0x00 0x00 0x01 0x80 0x00 0x0a 0x02 0x08 0x00 0x80 0x00 0x16 0x04 0x0a 0x00 0x00 0x04 0x80 0x00 0x18 0x04 0x0a 0x00 0x00 0x01 0x00 0x00 0x00 0x00 0x00 0x00 0x00 0x04 0x00 0x18 0x00 0x00 0x00 0x00 0x00 0x00 0x00 0x10 0x00 0x00 0x00 0x02 0xff 0xe5 0x00 0x00 0x00 0x00 0x00 0x00 0x00 0x70 0x00 0x00 0x00 0x00 0x00 0x0e 0x19 0x45 0xba 0x00 0x00 0x01 0x00 0x00 0x00 0x00 0x00 0x00 0x00 0x00 0x00 0x00 0x00 0x00 0x00 0x00 0x00 0x00 0x00 0x00 0x00 0x00 0x00 0x00 0x00 0x00 0x00 0x02 0x00 0x00 0x00 0x00 0x00 0x00 0x00 0xc4 0x00 0x01 0x00 0x22 0x80 0x00 0x00 0x04 0x00 0x00 0x00 0x02 0x80 0x00 0x0a 0x02 0x08 0x00 0x80 0x00 0x16 0x04 0x0a 0x00 0x00 0x01 0x80 0x00 0x18 0x04 0x0a 0x00 0x00 0x04 0x00 0x00 0x00 0x00 0x00 0x00 0x00 0x04 0x00 0x18 0x00 0x00 0x00 0x00 0x00 0x00 0x00 0x10 0x00 0x00 0x00 0x01 0xff 0xe5 0x00 0x00 0x00 0x00 0x00 0x00 0x00 0x70 0x00 0x00 0x00 0x00 0x00 0x0e 0x14 0xfb 0x18 0x00 0x00 0x01 0x00 0x00 0x00 0x00 0x00 0x00 0x00 0x00 0x00 0x00 0x00 0x00 0x00 0x00 0x00 0x00 0x00 0x00 0x00 0x00 0x00 0x00 0x00 0x00 0x00 0x02 0x00 0x00 0x00 0x00 0x00 0x00 0x00 0xc4 0x00 0x01 0x00 0x22 0x80 0x00 0x00 0x04 0x00 0x00 0x00 0x01 0x80 0x00 0x0a 0x02 0x08 0x00 0x80 0x00 0x16 0x04 0x0a 0x00 0x00 0x04 0x80 0x00 0x18 0x04 0x0a 0x00 0x00 0x03 0x00 0x00 0x00 0x00 0x00 0x00 0x00 0x04 0x00 0x18 0x00 0x00 0x00 0x00 0x00 0x00 0x00 0x10 0x00 0x00 0x00 0x02 0xff 0xe5 0x00 0x00 0x00 0x00 0x00 0x00 0x00 0x70 0x00 0x00 0x00 0x00 0x00 0x0e 0x14 0xfb 0x18 0x00 0x00 0x01 0x00 0x00 0x00 0x00 0x00 0x00 0x00 0x00 0x00 0x00 0x00 0x00 0x00 0x00 0x00 0x00 0x00 0x00 0x00 0x00 0x00 0x00 0x00 0x00 0x00 0x02 0x00 0x00 0x00 0x00 0x00 0x00 0x00 0xc4 0x00 0x01 0x00 0x22 0x80 0x00 0x00 0x04 0x00 0x00 0x00 0x02 0x80 0x00 0x0a 0x02 0x08 0x00 0x80 0x00 0x16 0x04 0x0a 0x00 0x00 0x03 0x80 0x00 0x18 0x04 0x0a 0x00 0x00 0x04 0x00 0x00 0x00 0x00 0x00 0x00 0x00 0x04 0x00 0x18 0x00 0x00 0x00 0x00 0x00 0x00 0x00 0x10 0x00 0x00 0x00 0x01 0xff 0xe5 0x00 0x00 0x00 0x00 0x00 0x00 0x00 0x70 0x00 0x00 0x00 0x00 0x00 0x0e 0x0e 0xe6 0xb2 0x80 0x00 0x01 0x00 0x00 0x00 0x00 0x00 0x00 0x00 0x00 0x00 0x00 0x00 0x00 0x00 0x00 0x00 0x00 0x00 0x00 0x00 0x00 0x00 0x00 0x00 0x00 0x00 0x02 0x00 0x00 0x00 0x00 0x00 0x00 0x00 0xc4 0x00 0x01 0x00 0x22 0x80 0x00 0x00 0x04 0x00 0x00 0x00 0x01 0x80 0x00 0x0a 0x02 0x08 0x00 0x80 0x00 0x16 0x04 0x0a 0x00 0x00 0x04 0x80 0x00 0x18 0x04 0x0a 0x00 0x00 0x02 0x00 0x00 0x00 0x00 0x00 0x00 0x00 0x04 0x00 0x18 0x00 0x00 0x00 0x00 0x00 0x00 0x00 0x10 0x00 0x00 0x00 0x02 0xff 0xe5 0x00 0x00 0x00 0x00 0x00 0x00 0x00 0x70 0x00 0x00 0x00 0x00 0x00 0x0e 0x0e 0xe6 0xb2 0x80 0x00 0x01 0x00 0x00 0x00 0x00 0x00 0x00 0x00 0x00 0x00 0x00 0x00 0x00 0x00 0x00 0x00 0x00 0x00 0x00 0x00 0x00 0x00 0x00 0x00 0x00 0x00 0x02 0x00 0x00 0x00 0x00 0x00 0x00 0x00 0xc4 0x00 0x01 0x00 0x22 0x80 0x00 0x00 0x04 0x00 0x00 0x00 0x02 0x80 0x00 0x0a 0x02 0x08 0x00 0x80 0x00 0x16 0x04 0x0a 0x00 0x00 0x02 0x80 0x00 0x18 0x04 0x0a 0x00 0x00 0x04 0x00 0x00 0x00 0x00 0x00 0x00 0x00 0x04 0x00 0x18 0x00 0x00 0x00 0x00 0x00 0x00 0x00 0x10 0x00 0x00 0x00 0x01 0xff 0xe5 0x00 0x00 0x00 0x00 0x00 0x00 0x00 0x50 0x00 0x00 0x00 0x00 0x00 0x2d 0x39 0x38 0x70 0x00 0x00 0x00 0x00 0x00 0x00 0x00 0x00 0x00 0x00 0x00 0x00 0x00 0x00 0x00 0x00 0x00 0x00 0x00 0x00 0x00 0x00 0x00 0x00 0x00 0x00 0x00 0x00 0x16 0x00 0x00 0x00 0x00 0x00 0x00 0x03 0xe6 0x00 0x01 0x00 0x04 0x00 0x00 0x00 0x00 0x00 0x04 0x00 0x18 0x00 0x00 0x00 0x00 0x00 0x00 0x00 0x10 0xff 0xff 0xff 0xfd 0xff 0xff 0x00 0x00 0x00 0x00 0x00 0x00
Traceback (most recent call last):
  File "/usr/local/lib/python3.6/dist-packages/ryu/ofproto/ofproto_parser.py", line 67, in msg
    msg = msg_parser(datapath, version, msg_type, msg_len, xid, buf)
  File "/usr/local/lib/python3.6/dist-packages/ryu/ofproto/ofproto_v1_3_parser.py", line 94, in msg_parser
    return parser(datapath, version, msg_type, msg_len, xid, buf)
  File "/usr/local/lib/python3.6/dist-packages/ryu/ofproto/ofproto_v1_3_parser.py", line 3947, in parser
    b = stats_type_cls.cls_stats_body_cls.parser(msg.buf, offset)
  File "/usr/local/lib/python3.6/dist-packages/ryu/ofproto/ofproto_v1_3_parser.py", line 4075, in parser
    flow_stats.match = OFPMatch.parser(buf, offset)
  File "/usr/local/lib/python3.6/dist-packages/ryu/ofproto/ofproto_v1_3_parser.py", line 1310, in parser
    match = OFPMatch()
  File "/usr/local/lib/python3.6/dist-packages/ryu/ofproto/ofproto_v1_3_parser.py", line 893, in __init__
    (k, v) in kwargs.items())
  File "/usr/local/lib/python3.6/dist-packages/ryu/ofproto/ofproto_v1_3_parser.py", line 892, in <genexpr>
    kwargs = dict(ofproto.oxm_normalize_user(k, v) for
KeyboardInterrupt
Error in the datapath 0000000000000005 from ('127.0.0.1', 36380)
hub: uncaught exception: Traceback (most recent call last):
  File "/usr/local/lib/python3.6/dist-packages/ryu/lib/hub.py", line 60, in _launch
    return func(*args, **kwargs)
  File "/usr/local/lib/python3.6/dist-packages/ryu/controller/controller.py", line 557, in datapath_connection_factory
    datapath.serve()
  File "/usr/local/lib/python3.6/dist-packages/ryu/controller/controller.py", line 475, in serve
    self._recv_loop()
  File "/usr/local/lib/python3.6/dist-packages/ryu/controller/controller.py", line 215, in deactivate
    method(self)
  File "/usr/local/lib/python3.6/dist-packages/ryu/controller/controller.py", line 367, in _recv_loop
    self.ofp_brick.send_event_to_observers(ev, self.state)
  File "/usr/local/lib/python3.6/dist-packages/ryu/base/app_manager.py", line 326, in send_event_to_observers
    self.send_event(observer, ev, state)
  File "/usr/local/lib/python3.6/dist-packages/ryu/base/app_manager.py", line 314, in send_event
    self.name, name, ev.__class__.__name__)
  File "/usr/lib/python3.6/logging/__init__.py", line 1286, in debug
    def debug(self, msg, *args, **kwargs):
KeyboardInterrupt

monitor---> unreigster datapath: 0000000000000005
hub: uncaught exception: Traceback (most recent call last):
  File "/usr/local/lib/python3.6/dist-packages/ryu/lib/hub.py", line 60, in _launch
    return func(*args, **kwargs)
  File "/home/terry/LJQ/LJQ_CORE_CODE/LJQ_Project/Task/ryu/network_shortest_path.py", line 68, in super_schedule
    self.network_monitor.scheduler()
  File "/home/terry/LJQ/LJQ_CORE_CODE/LJQ_Project/Task/ryu/network_monitor.py", line 63, in scheduler
    self._request_stats()
  File "/home/terry/LJQ/LJQ_CORE_CODE/LJQ_Project/Task/ryu/network_monitor.py", line 91, in _request_stats
    for datapath in self.datapaths_table.values():
RuntimeError: dictionary changed size during iteration

discovery---> switch: 5 connected
monitor---->register datapath: 0000000000000005
