loading app network_structure.py
Matplotlib created a temporary config/cache directory at /tmp/matplotlib-q7tlm249 because the default path (/home/terry/.config/matplotlib) is not a writable directory; it is highly recommended to set the MPLCONFIGDIR environment variable to a writable directory, in particular to speed up the import of Matplotlib and to better support multiprocessing.
Generating new fontManager, this may take some time...
Failed to extract font properties from /usr/share/fonts/truetype/noto/NotoColorEmoji.ttf: In FT2Font: Can not load face.  Unknown file format.
loading app network_monitor.py
loading app network_delay.py
loading app network_shortest_path.py
loading app arp_handler.py
loading app ryu.controller.ofp_handler
instantiating app None of Switches
creating context switches
instantiating app network_structure.py of NetworkStructure
instantiating app network_monitor.py of NetworkMonitor
instantiating app network_delay.py of NetworkDelay
instantiating app network_shortest_path.py of NetworkShortestPath
instantiating app arp_handler.py of ArpHandler
instantiating app ryu.controller.ofp_handler of OFPHandler
discovery---> AccessPoint: 1 connected
discovery---> AccessPoint: 2 connected
discovery---> AccessPoint: 3 connected
monitor---->register datapath: 1000000000000001
monitor---->register datapath: 1000000000000003
monitor---->register datapath: 1000000000000002
==================================== link detector ====================================

----------------------------
src    dst :    delay
2 <---> 1 : 8.879661560058594
2 <---> 3 : 8.228778839111328
3 <---> 1 : 8.001565933227539
3 <---> 2 : 7.039308547973633
1 <---> 3 : 8.170604705810547
1 <---> 2 : 9.490251541137695
discovery--->==================================== discovery ====================================
discovery---> cls: [(2, 1), (2, 3), (1, 3)]
discovery--->=============================================================================
datapath         port     rx-pkts  rx-bytes rx-error tx-pkts  tx-bytes tx-error
---------------- -------- -------- -------- -------- -------- -------- --------
0000000000000001        1        0        0        0        5      390        0
0000000000000001        2       24     3170        0       25     3230        0
0000000000000001        3       24     3170        0       25     3230        0
datapath         in-port  eth-dst           out-port packets  bytes
---------------- -------- ----------------- -------- -------- --------
datapath         port     rx-pkts  rx-bytes rx-error tx-pkts  tx-bytes tx-error
---------------- -------- -------- -------- -------- -------- -------- --------
0000000000000002        1        0        0        0        5      390        0
0000000000000002        2       25     3230        0       24     3170        0
0000000000000002        3       25     3230        0       24     3170        0
datapath         in-port  eth-dst           out-port packets  bytes
---------------- -------- ----------------- -------- -------- --------
datapath         port     rx-pkts  rx-bytes rx-error tx-pkts  tx-bytes tx-error
---------------- -------- -------- -------- -------- -------- -------- --------
0000000000000003        1        0        0        0        5      390        0
0000000000000003        2       25     3230        0       24     3170        0
0000000000000003        3       24     3170        0       25     3230        0
datapath         in-port  eth-dst           out-port packets  bytes
---------------- -------- ----------------- -------- -------- --------
==================================== link detector ====================================

----------------------------
src    dst :    delay
2 <---> 1 : 9.479284286499023
2 <---> 3 : 6.781101226806641
3 <---> 1 : 6.939888000488281
3 <---> 2 : 8.09621810913086
1 <---> 3 : 6.852149963378906
1 <---> 2 : 10.073184967041016
==================================== link detector ====================================

----------------------------
src    dst :    delay
2 <---> 1 : 10.036945343017578
2 <---> 3 : 8.216142654418945
3 <---> 1 : 6.358861923217773
3 <---> 2 : 7.822990417480469
1 <---> 3 : 6.29734992980957
1 <---> 2 : 9.269237518310547
discovery--->==================================== discovery ====================================
discovery---> cls: [(2, 1), (2, 3), (1, 3)]
discovery--->=============================================================================
datapath         port     rx-pkts  rx-bytes rx-error tx-pkts  tx-bytes tx-error
---------------- -------- -------- -------- -------- -------- -------- --------
0000000000000001        1        0        0        0       11      858        0
0000000000000001        2       32     3803        0       32     3803        0
0000000000000001        3       32     3803        0       32     3803        0
datapath         in-port  eth-dst           out-port packets  bytes
---------------- -------- ----------------- -------- -------- --------
datapath         port     rx-pkts  rx-bytes rx-error tx-pkts  tx-bytes tx-error
---------------- -------- -------- -------- -------- -------- -------- --------
0000000000000003        1        0        0        0       11      858        0
0000000000000003        2       32     3803        0       32     3803        0
0000000000000003        3       32     3803        0       32     3803        0
datapath         in-port  eth-dst           out-port packets  bytes
---------------- -------- ----------------- -------- -------- --------
datapath         port     rx-pkts  rx-bytes rx-error tx-pkts  tx-bytes tx-error
---------------- -------- -------- -------- -------- -------- -------- --------
0000000000000002        1        0        0        0       11      858        0
0000000000000002        2       32     3803        0       32     3803        0
0000000000000002        3       32     3803        0       32     3803        0
datapath         in-port  eth-dst           out-port packets  bytes
---------------- -------- ----------------- -------- -------- --------
==================================== link detector ====================================

----------------------------
src    dst :    delay
2 <---> 1 : 9.051084518432617
2 <---> 3 : 8.195877075195312
3 <---> 1 : 8.107900619506836
3 <---> 2 : 6.324291229248047
1 <---> 3 : 6.287574768066406
1 <---> 2 : 8.268594741821289
discovery--->==================================== discovery ====================================
discovery---> cls: [(2, 1), (2, 3), (1, 3)]
discovery--->=============================================================================
datapath         port     rx-pkts  rx-bytes rx-error tx-pkts  tx-bytes tx-error
---------------- -------- -------- -------- -------- -------- -------- --------
0000000000000001        1        0        0        0       16     1248        0
0000000000000001        2       37     4103        0       38     4163        0
0000000000000001        3       37     4103        0       38     4163        0
datapath         in-port  eth-dst           out-port packets  bytes
---------------- -------- ----------------- -------- -------- --------
datapath         port     rx-pkts  rx-bytes rx-error tx-pkts  tx-bytes tx-error
---------------- -------- -------- -------- -------- -------- -------- --------
0000000000000003        1        0        0        0       16     1248        0
0000000000000003        2       38     4163        0       37     4103        0
0000000000000003        3       37     4103        0       38     4163        0
datapath         in-port  eth-dst           out-port packets  bytes
---------------- -------- ----------------- -------- -------- --------
datapath         port     rx-pkts  rx-bytes rx-error tx-pkts  tx-bytes tx-error
---------------- -------- -------- -------- -------- -------- -------- --------
0000000000000002        1        0        0        0       16     1248        0
0000000000000002        2       38     4163        0       37     4103        0
0000000000000002        3       38     4163        0       37     4103        0
datapath         in-port  eth-dst           out-port packets  bytes
---------------- -------- ----------------- -------- -------- --------
==================================== link detector ====================================

----------------------------
src    dst :    delay
2 <---> 1 : 8.901357650756836
2 <---> 3 : 7.237434387207031
3 <---> 1 : 8.224010467529297
3 <---> 2 : 8.136749267578125
1 <---> 3 : 6.6013336181640625
1 <---> 2 : 8.164167404174805
==================================== link detector ====================================

----------------------------
src    dst :    delay
2 <---> 1 : 8.261680603027344
2 <---> 3 : 7.164955139160156
3 <---> 1 : 8.075475692749023
3 <---> 2 : 7.440090179443359
1 <---> 3 : 6.47735595703125
1 <---> 2 : 8.254289627075195
datapath         port     rx-pkts  rx-bytes rx-error tx-pkts  tx-bytes tx-error
---------------- -------- -------- -------- -------- -------- -------- --------
0000000000000001        1        0        0        0       22     1716        0
0000000000000001        2       43     4463        0       44     4523        0
0000000000000001        3       43     4463        0       43     4463        0
datapath         in-port  eth-dst           out-port packets  bytes
---------------- -------- ----------------- -------- -------- --------
discovery--->==================================== discovery ====================================
discovery---> cls: [(2, 1), (2, 3), (1, 3)]
discovery--->=============================================================================
datapath         port     rx-pkts  rx-bytes rx-error tx-pkts  tx-bytes tx-error
---------------- -------- -------- -------- -------- -------- -------- --------
0000000000000002        1        0        0        0       22     1716        0
0000000000000002        2       43     4463        0       43     4463        0
0000000000000002        3       43     4463        0       43     4463        0
datapath         in-port  eth-dst           out-port packets  bytes
---------------- -------- ----------------- -------- -------- --------
datapath         port     rx-pkts  rx-bytes rx-error tx-pkts  tx-bytes tx-error
---------------- -------- -------- -------- -------- -------- -------- --------
0000000000000003        1        0        0        0       22     1716        0
0000000000000003        2       44     4523        0       43     4463        0
0000000000000003        3       43     4463        0       43     4463        0
datapath         in-port  eth-dst           out-port packets  bytes
---------------- -------- ----------------- -------- -------- --------
==================================== link detector ====================================

----------------------------
src    dst :    delay
2 <---> 1 : 10.334014892578125
2 <---> 3 : 8.169174194335938
3 <---> 1 : 8.098125457763672
3 <---> 2 : 8.105278015136719
1 <---> 3 : 8.03232192993164
1 <---> 2 : 9.047269821166992
datapath         port     rx-pkts  rx-bytes rx-error tx-pkts  tx-bytes tx-error
---------------- -------- -------- -------- -------- -------- -------- --------
0000000000000001        1        0        0        0       27     2106        0
0000000000000001        2       49     4833        0       50     4893        0
0000000000000001        3       48     4763        0       50     4893        0
datapath         in-port  eth-dst           out-port packets  bytes
---------------- -------- ----------------- -------- -------- --------
discovery--->==================================== discovery ====================================
discovery---> cls: [(2, 1), (2, 3), (1, 3)]
discovery--->=============================================================================
datapath         port     rx-pkts  rx-bytes rx-error tx-pkts  tx-bytes tx-error
---------------- -------- -------- -------- -------- -------- -------- --------
0000000000000002        1        0        0        0       27     2106        0
0000000000000002        2       50     4893        0       48     4763        0
0000000000000002        3       50     4893        0       49     4833        0
datapath         in-port  eth-dst           out-port packets  bytes
---------------- -------- ----------------- -------- -------- --------
datapath         port     rx-pkts  rx-bytes rx-error tx-pkts  tx-bytes tx-error
---------------- -------- -------- -------- -------- -------- -------- --------
0000000000000003        1        0        0        0       27     2106        0
0000000000000003        2       50     4893        0       49     4833        0
0000000000000003        3       49     4833        0       50     4893        0
datapath         in-port  eth-dst           out-port packets  bytes
---------------- -------- ----------------- -------- -------- --------
==================================== link detector ====================================

----------------------------
src    dst :    delay
2 <---> 1 : 9.195327758789062
2 <---> 3 : 7.052183151245117
3 <---> 1 : 6.5174102783203125
3 <---> 2 : 7.169246673583984
1 <---> 3 : 7.119178771972656
1 <---> 2 : 9.315013885498047
==================================== link detector ====================================

----------------------------
src    dst :    delay
2 <---> 1 : 10.05244255065918
2 <---> 3 : 7.165193557739258
3 <---> 1 : 7.981300354003906
3 <---> 2 : 8.074045181274414
1 <---> 3 : 6.70170783996582
1 <---> 2 : 8.988618850708008
datapath         port     rx-pkts  rx-bytes rx-error tx-pkts  tx-bytes tx-error
---------------- -------- -------- -------- -------- -------- -------- --------
0000000000000001        1        0        0        0       33     2574        0
0000000000000001        2       56     5396        0       57     5456        0
0000000000000001        3       56     5396        0       57     5456        0
datapath         in-port  eth-dst           out-port packets  bytes
---------------- -------- ----------------- -------- -------- --------
datapath         port     rx-pkts  rx-bytes rx-error tx-pkts  tx-bytes tx-error
---------------- -------- -------- -------- -------- -------- -------- --------
0000000000000002        1        0        0        0       33     2574        0
0000000000000002        2       57     5456        0       56     5396        0
0000000000000002        3       57     5456        0       56     5396        0
datapath         in-port  eth-dst           out-port packets  bytes
---------------- -------- ----------------- -------- -------- --------
datapath         port     rx-pkts  rx-bytes rx-error tx-pkts  tx-bytes tx-error
---------------- -------- -------- -------- -------- -------- -------- --------
0000000000000003        1        0        0        0       33     2574        0
0000000000000003        2       57     5456        0       56     5396        0
0000000000000003        3       56     5396        0       57     5456        0
datapath         in-port  eth-dst           out-port packets  bytes
---------------- -------- ----------------- -------- -------- --------
discovery--->==================================== discovery ====================================
discovery---> cls: [(2, 1), (2, 3), (1, 3)]
discovery--->=============================================================================
==================================== link detector ====================================

----------------------------
src    dst :    delay
2 <---> 1 : 9.079456329345703
2 <---> 3 : 7.880210876464844
3 <---> 1 : 7.185459136962891
3 <---> 2 : 7.8563690185546875
1 <---> 3 : 7.195472717285156
1 <---> 2 : 9.860754013061523
==================================== link detector ====================================

----------------------------
src    dst :    delay
2 <---> 1 : 10.003328323364258
2 <---> 3 : 7.340669631958008
3 <---> 1 : 6.21485710144043
3 <---> 2 : 6.59632682800293
1 <---> 3 : 7.988929748535156
1 <---> 2 : 9.66334342956543
datapath         port     rx-pkts  rx-bytes rx-error tx-pkts  tx-bytes tx-error
---------------- -------- -------- -------- -------- -------- -------- --------
0000000000000001        1        0        0        0       39     3042        0
0000000000000001        2       61     5696        0       62     5756        0
0000000000000001        3       61     5696        0       62     5756        0
datapath         in-port  eth-dst           out-port packets  bytes
---------------- -------- ----------------- -------- -------- --------
datapath         port     rx-pkts  rx-bytes rx-error tx-pkts  tx-bytes tx-error
---------------- -------- -------- -------- -------- -------- -------- --------
0000000000000003        1        0        0        0       38     2964        0
0000000000000003        2       62     5756        0       61     5696        0
0000000000000003        3       61     5696        0       62     5756        0
datapath         in-port  eth-dst           out-port packets  bytes
---------------- -------- ----------------- -------- -------- --------
datapath         port     rx-pkts  rx-bytes rx-error tx-pkts  tx-bytes tx-error
---------------- -------- -------- -------- -------- -------- -------- --------
0000000000000002        1        0        0        0       38     2964        0
0000000000000002        2       62     5756        0       61     5696        0
0000000000000002        3       62     5756        0       61     5696        0
datapath         in-port  eth-dst           out-port packets  bytes
---------------- -------- ----------------- -------- -------- --------
discovery--->==================================== discovery ====================================
discovery---> cls: [(2, 1), (2, 3), (1, 3)]
discovery--->=============================================================================
==================================== link detector ====================================

----------------------------
src    dst :    delay
2 <---> 1 : 9.592056274414062
2 <---> 3 : 7.646799087524414
3 <---> 1 : 8.16965103149414
3 <---> 2 : 7.877111434936523
1 <---> 3 : 7.818937301635742
1 <---> 2 : 9.853363037109375
datapath         port     rx-pkts  rx-bytes rx-error tx-pkts  tx-bytes tx-error
---------------- -------- -------- -------- -------- -------- -------- --------
0000000000000001        1        0        0        0       44     3432        0
0000000000000001        2       67     6056        0       68     6116        0
0000000000000001        3       67     6056        0       68     6116        0
datapath         in-port  eth-dst           out-port packets  bytes
---------------- -------- ----------------- -------- -------- --------
datapath         port     rx-pkts  rx-bytes rx-error tx-pkts  tx-bytes tx-error
---------------- -------- -------- -------- -------- -------- -------- --------
0000000000000003        1        0        0        0       44     3432        0
0000000000000003        2       68     6116        0       67     6056        0
0000000000000003        3       67     6056        0       68     6116        0
datapath         in-port  eth-dst           out-port packets  bytes
---------------- -------- ----------------- -------- -------- --------
datapath         port     rx-pkts  rx-bytes rx-error tx-pkts  tx-bytes tx-error
---------------- -------- -------- -------- -------- -------- -------- --------
0000000000000002        1        0        0        0       44     3432        0
0000000000000002        2       68     6116        0       67     6056        0
0000000000000002        3       68     6116        0       67     6056        0
datapath         in-port  eth-dst           out-port packets  bytes
---------------- -------- ----------------- -------- -------- --------
discovery--->==================================== discovery ====================================
discovery---> cls: [(2, 1), (2, 3), (1, 3)]
discovery--->=============================================================================
==================================== link detector ====================================

----------------------------
src    dst :    delay
2 <---> 1 : 9.716510772705078
2 <---> 3 : 7.906675338745117
3 <---> 1 : 7.815837860107422
3 <---> 2 : 8.057594299316406
1 <---> 3 : 6.593465805053711
1 <---> 2 : 10.105371475219727
==================================== link detector ====================================

----------------------------
src    dst :    delay
2 <---> 1 : 10.025739669799805
2 <---> 3 : 8.160829544067383
3 <---> 1 : 7.766246795654297
3 <---> 2 : 7.115840911865234
1 <---> 3 : 8.167743682861328
1 <---> 2 : 9.300708770751953
datapath         port     rx-pkts  rx-bytes rx-error tx-pkts  tx-bytes tx-error
---------------- -------- -------- -------- -------- -------- -------- --------
0000000000000001        1        0        0        0       50     3900        0
0000000000000001        2       73     6416        0       73     6416        0
0000000000000001        3       72     6356        0       73     6416        0
datapath         in-port  eth-dst           out-port packets  bytes
---------------- -------- ----------------- -------- -------- --------
datapath         port     rx-pkts  rx-bytes rx-error tx-pkts  tx-bytes tx-error
---------------- -------- -------- -------- -------- -------- -------- --------
0000000000000003        1        0        0        0       50     3900        0
0000000000000003        2       73     6416        0       73     6416        0
0000000000000003        3       72     6356        0       73     6416        0
datapath         in-port  eth-dst           out-port packets  bytes
---------------- -------- ----------------- -------- -------- --------
datapath         port     rx-pkts  rx-bytes rx-error tx-pkts  tx-bytes tx-error
---------------- -------- -------- -------- -------- -------- -------- --------
0000000000000002        1        0        0        0       49     3822        0
0000000000000002        2       73     6416        0       72     6356        0
0000000000000002        3       73     6416        0       72     6356        0
datapath         in-port  eth-dst           out-port packets  bytes
---------------- -------- ----------------- -------- -------- --------
discovery--->==================================== discovery ====================================
discovery---> cls: [(2, 1), (2, 3), (1, 3)]
discovery--->=============================================================================
==================================== link detector ====================================

----------------------------
src    dst :    delay
2 <---> 1 : 9.801864624023438
2 <---> 3 : 6.297826766967773
3 <---> 1 : 8.013725280761719
3 <---> 2 : 7.365703582763672
1 <---> 3 : 8.179664611816406
1 <---> 2 : 10.141849517822266
datapath         port     rx-pkts  rx-bytes rx-error tx-pkts  tx-bytes tx-error
---------------- -------- -------- -------- -------- -------- -------- --------
0000000000000001        1        0        0        0       55     4290        0
0000000000000001        2       78     6716        0       79     6776        0
0000000000000001        3       78     6716        0       79     6776        0
datapath         in-port  eth-dst           out-port packets  bytes
---------------- -------- ----------------- -------- -------- --------
datapath         port     rx-pkts  rx-bytes rx-error tx-pkts  tx-bytes tx-error
---------------- -------- -------- -------- -------- -------- -------- --------
0000000000000003        1        0        0        0       55     4290        0
0000000000000003        2       79     6776        0       78     6716        0
0000000000000003        3       79     6786        0       79     6776        0
datapath         in-port  eth-dst           out-port packets  bytes
---------------- -------- ----------------- -------- -------- --------
datapath         port     rx-pkts  rx-bytes rx-error tx-pkts  tx-bytes tx-error
---------------- -------- -------- -------- -------- -------- -------- --------
0000000000000002        1        0        0        0       55     4290        0
0000000000000002        2       79     6776        0       78     6716        0
0000000000000002        3       79     6776        0       79     6786        0
datapath         in-port  eth-dst           out-port packets  bytes
---------------- -------- ----------------- -------- -------- --------
discovery--->==================================== discovery ====================================
discovery---> cls: [(2, 1), (2, 3), (1, 3)]
discovery--->=============================================================================
==================================== link detector ====================================

----------------------------
src    dst :    delay
2 <---> 1 : 9.72747802734375
2 <---> 3 : 8.369922637939453
3 <---> 1 : 7.973432540893555
3 <---> 2 : 8.159637451171875
1 <---> 3 : 7.819175720214844
1 <---> 2 : 8.992910385131836
==================================== link detector ====================================

----------------------------
src    dst :    delay
2 <---> 1 : 8.743762969970703
2 <---> 3 : 7.098197937011719
3 <---> 1 : 6.68025016784668
3 <---> 2 : 6.766080856323242
1 <---> 3 : 8.075952529907227
1 <---> 2 : 8.85152816772461
datapath         port     rx-pkts  rx-bytes rx-error tx-pkts  tx-bytes tx-error
---------------- -------- -------- -------- -------- -------- -------- --------
0000000000000001        1        0        0        0       61     4758        0
0000000000000001        2       85     7146        0       84     7076        0
0000000000000001        3       84     7076        0       85     7146        0
datapath         in-port  eth-dst           out-port packets  bytes
---------------- -------- ----------------- -------- -------- --------
datapath         port     rx-pkts  rx-bytes rx-error tx-pkts  tx-bytes tx-error
---------------- -------- -------- -------- -------- -------- -------- --------
0000000000000003        1        0        0        0       61     4758        0
0000000000000003        2       84     7076        0       85     7146        0
0000000000000003        3       85     7146        0       84     7076        0
datapath         in-port  eth-dst           out-port packets  bytes
---------------- -------- ----------------- -------- -------- --------
datapath         port     rx-pkts  rx-bytes rx-error tx-pkts  tx-bytes tx-error
---------------- -------- -------- -------- -------- -------- -------- --------
0000000000000002        1        0        0        0       60     4680        0
0000000000000002        2       85     7146        0       84     7076        0
0000000000000002        3       84     7076        0       85     7146        0
datapath         in-port  eth-dst           out-port packets  bytes
---------------- -------- ----------------- -------- -------- --------
discovery--->==================================== discovery ====================================
discovery---> cls: [(2, 1), (2, 3), (1, 3)]
discovery--->=============================================================================
==================================== link detector ====================================

----------------------------
src    dst :    delay
2 <---> 1 : 10.171651840209961
2 <---> 3 : 7.783651351928711
3 <---> 1 : 7.749080657958984
3 <---> 2 : 8.082151412963867
1 <---> 3 : 7.135868072509766
1 <---> 2 : 8.834123611450195
==================================== link detector ====================================

----------------------------
src    dst :    delay
2 <---> 1 : 8.810997009277344
2 <---> 3 : 8.017301559448242
3 <---> 1 : 7.6770782470703125
3 <---> 2 : 7.602453231811523
1 <---> 3 : 8.16655158996582
1 <---> 2 : 8.662700653076172
datapath         port     rx-pkts  rx-bytes rx-error tx-pkts  tx-bytes tx-error
---------------- -------- -------- -------- -------- -------- -------- --------
0000000000000001        1        0        0        0       66     5148        0
0000000000000001        2       91     7649        0       92     7709        0
0000000000000001        3       90     7579        0       92     7709        0
datapath         in-port  eth-dst           out-port packets  bytes
---------------- -------- ----------------- -------- -------- --------
datapath         port     rx-pkts  rx-bytes rx-error tx-pkts  tx-bytes tx-error
---------------- -------- -------- -------- -------- -------- -------- --------
0000000000000003        1        0        0        0       66     5148        0
0000000000000003        2       92     7709        0       91     7649        0
0000000000000003        3       91     7649        0       92     7709        0
datapath         in-port  eth-dst           out-port packets  bytes
---------------- -------- ----------------- -------- -------- --------
datapath         port     rx-pkts  rx-bytes rx-error tx-pkts  tx-bytes tx-error
---------------- -------- -------- -------- -------- -------- -------- --------
0000000000000002        1        0        0        0       66     5148        0
0000000000000002        2       92     7709        0       90     7579        0
0000000000000002        3       92     7709        0       91     7649        0
datapath         in-port  eth-dst           out-port packets  bytes
---------------- -------- ----------------- -------- -------- --------
discovery--->==================================== discovery ====================================
discovery---> cls: [(2, 1), (2, 3), (1, 3)]
discovery--->=============================================================================
==================================== link detector ====================================

----------------------------
src    dst :    delay
2 <---> 1 : 8.610248565673828
2 <---> 3 : 7.044315338134766
3 <---> 1 : 7.93004035949707
3 <---> 2 : 6.7291259765625
1 <---> 3 : 8.18634033203125
1 <---> 2 : 8.797407150268555
datapath         port     rx-pkts  rx-bytes rx-error tx-pkts  tx-bytes tx-error
---------------- -------- -------- -------- -------- -------- -------- --------
0000000000000001        1        0        0        0       72     5616        0
0000000000000001        2       97     8009        0       98     8069        0
0000000000000001        3       97     8009        0       97     8009        0
datapath         in-port  eth-dst           out-port packets  bytes
---------------- -------- ----------------- -------- -------- --------
datapath         port     rx-pkts  rx-bytes rx-error tx-pkts  tx-bytes tx-error
---------------- -------- -------- -------- -------- -------- -------- --------
0000000000000002        1        0        0        0       72     5616        0
0000000000000002        2       97     8009        0       97     8009        0
0000000000000002        3       97     8009        0       97     8009        0
datapath         in-port  eth-dst           out-port packets  bytes
---------------- -------- ----------------- -------- -------- --------
datapath         port     rx-pkts  rx-bytes rx-error tx-pkts  tx-bytes tx-error
---------------- -------- -------- -------- -------- -------- -------- --------
0000000000000003        1        0        0        0       72     5616        0
0000000000000003        2       98     8069        0       97     8009        0
0000000000000003        3       97     8009        0       97     8009        0
datapath         in-port  eth-dst           out-port packets  bytes
---------------- -------- ----------------- -------- -------- --------
discovery--->==================================== discovery ====================================
discovery---> cls: [(2, 1), (2, 3), (1, 3)]
discovery--->=============================================================================
==================================== link detector ====================================

----------------------------
src    dst :    delay
2 <---> 1 : 9.141683578491211
2 <---> 3 : 7.12132453918457
3 <---> 1 : 7.814884185791016
3 <---> 2 : 8.17251205444336
1 <---> 3 : 6.138801574707031
1 <---> 2 : 10.146379470825195
==================================== link detector ====================================

----------------------------
src    dst :    delay
2 <---> 1 : 10.103702545166016
2 <---> 3 : 7.400035858154297
3 <---> 1 : 8.055686950683594
3 <---> 2 : 7.168054580688477
1 <---> 3 : 8.358240127563477
1 <---> 2 : 9.976387023925781
datapath         port     rx-pkts  rx-bytes rx-error tx-pkts  tx-bytes tx-error
---------------- -------- -------- -------- -------- -------- -------- --------
0000000000000001        1        0        0        0       77     6006        0
0000000000000001        2      102     8309        0      103     8369        0
0000000000000001        3      102     8309        0      103     8369        0
datapath         in-port  eth-dst           out-port packets  bytes
---------------- -------- ----------------- -------- -------- --------
datapath         port     rx-pkts  rx-bytes rx-error tx-pkts  tx-bytes tx-error
---------------- -------- -------- -------- -------- -------- -------- --------
0000000000000002        1        0        0        0       77     6006        0
0000000000000002        2      103     8369        0      102     8309        0
0000000000000002        3      103     8369        0      102     8309        0
datapath         in-port  eth-dst           out-port packets  bytes
---------------- -------- ----------------- -------- -------- --------
datapath         port     rx-pkts  rx-bytes rx-error tx-pkts  tx-bytes tx-error
---------------- -------- -------- -------- -------- -------- -------- --------
0000000000000003        1        0        0        0       77     6006        0
0000000000000003        2      103     8369        0      102     8309        0
0000000000000003        3      102     8309        0      103     8369        0
datapath         in-port  eth-dst           out-port packets  bytes
---------------- -------- ----------------- -------- -------- --------
discovery--->==================================== discovery ====================================
discovery---> cls: [(2, 1), (2, 3), (1, 3)]
discovery--->=============================================================================
==================================== link detector ====================================

----------------------------
src    dst :    delay
2 <---> 1 : 10.026216506958008
2 <---> 3 : 7.343769073486328
3 <---> 1 : 8.150815963745117
3 <---> 2 : 8.173227310180664
1 <---> 3 : 7.203340530395508
1 <---> 2 : 9.951114654541016
datapath         port     rx-pkts  rx-bytes rx-error tx-pkts  tx-bytes tx-error
---------------- -------- -------- -------- -------- -------- -------- --------
0000000000000001        1        0        0        0       83     6474        0
0000000000000001        2      108     8669        0      109     8729        0
0000000000000001        3      108     8669        0      109     8729        0
datapath         in-port  eth-dst           out-port packets  bytes
---------------- -------- ----------------- -------- -------- --------
datapath         port     rx-pkts  rx-bytes rx-error tx-pkts  tx-bytes tx-error
---------------- -------- -------- -------- -------- -------- -------- --------
0000000000000002        1        0        0        0       83     6474        0
0000000000000002        2      109     8729        0      108     8669        0
0000000000000002        3      108     8669        0      108     8669        0
datapath         in-port  eth-dst           out-port packets  bytes
---------------- -------- ----------------- -------- -------- --------
datapath         port     rx-pkts  rx-bytes rx-error tx-pkts  tx-bytes tx-error
---------------- -------- -------- -------- -------- -------- -------- --------
0000000000000003        1        0        0        0       83     6474        0
0000000000000003        2      109     8729        0      108     8669        0
0000000000000003        3      108     8669        0      108     8669        0
datapath         in-port  eth-dst           out-port packets  bytes
---------------- -------- ----------------- -------- -------- --------
discovery--->==================================== discovery ====================================
discovery---> cls: [(2, 1), (2, 3), (1, 3)]
discovery--->=============================================================================
==================================== link detector ====================================

----------------------------
src    dst :    delay
2 <---> 1 : 10.11037826538086
2 <---> 3 : 8.09168815612793
3 <---> 1 : 7.819175720214844
3 <---> 2 : 14.772415161132812
1 <---> 3 : 6.659507751464844
1 <---> 2 : 10.073661804199219
==================================== link detector ====================================

----------------------------
src    dst :    delay
2 <---> 1 : 8.898258209228516
2 <---> 3 : 6.944894790649414
3 <---> 1 : 7.533073425292969
3 <---> 2 : 7.173061370849609
1 <---> 3 : 7.3108673095703125
1 <---> 2 : 9.519815444946289
datapath         port     rx-pkts  rx-bytes rx-error tx-pkts  tx-bytes tx-error
---------------- -------- -------- -------- -------- -------- -------- --------
0000000000000001        1        0        0        0       89     6942        0
0000000000000001        2      113     8969        0      114     9029        0
0000000000000001        3      113     8969        0      114     9029        0
datapath         in-port  eth-dst           out-port packets  bytes
---------------- -------- ----------------- -------- -------- --------
datapath         port     rx-pkts  rx-bytes rx-error tx-pkts  tx-bytes tx-error
---------------- -------- -------- -------- -------- -------- -------- --------
0000000000000003        1        0        0        0       88     6864        0
0000000000000003        2      114     9029        0      113     8969        0
0000000000000003        3      113     8969        0      114     9029        0
datapath         in-port  eth-dst           out-port packets  bytes
---------------- -------- ----------------- -------- -------- --------
datapath         port     rx-pkts  rx-bytes rx-error tx-pkts  tx-bytes tx-error
---------------- -------- -------- -------- -------- -------- -------- --------
0000000000000002        1        0        0        0       88     6864        0
0000000000000002        2      114     9029        0      113     8969        0
0000000000000002        3      114     9029        0      113     8969        0
datapath         in-port  eth-dst           out-port packets  bytes
---------------- -------- ----------------- -------- -------- --------
discovery--->==================================== discovery ====================================
discovery---> cls: [(2, 1), (2, 3), (1, 3)]
discovery--->=============================================================================
==================================== link detector ====================================

----------------------------
src    dst :    delay
2 <---> 1 : 11.677742004394531
2 <---> 3 : 8.116722106933594
3 <---> 1 : 6.749391555786133
3 <---> 2 : 7.566690444946289
1 <---> 3 : 7.544040679931641
1 <---> 2 : 9.460926055908203
datapath         port     rx-pkts  rx-bytes rx-error tx-pkts  tx-bytes tx-error
---------------- -------- -------- -------- -------- -------- -------- --------
0000000000000001        1        0        0        0       94     7332        0
0000000000000001        2      119     9329        0      120     9389        0
0000000000000001        3      119     9329        0      120     9389        0
datapath         in-port  eth-dst           out-port packets  bytes
---------------- -------- ----------------- -------- -------- --------
datapath         port     rx-pkts  rx-bytes rx-error tx-pkts  tx-bytes tx-error
---------------- -------- -------- -------- -------- -------- -------- --------
0000000000000002        1        0        0        0       94     7332        0
0000000000000002        2      120     9389        0      119     9329        0
0000000000000002        3      120     9389        0      119     9329        0
datapath         in-port  eth-dst           out-port packets  bytes
---------------- -------- ----------------- -------- -------- --------
datapath         port     rx-pkts  rx-bytes rx-error tx-pkts  tx-bytes tx-error
---------------- -------- -------- -------- -------- -------- -------- --------
0000000000000003        1        0        0        0       94     7332        0
0000000000000003        2      120     9389        0      119     9329        0
0000000000000003        3      119     9329        0      120     9389        0
datapath         in-port  eth-dst           out-port packets  bytes
---------------- -------- ----------------- -------- -------- --------
discovery--->==================================== discovery ====================================
discovery---> cls: [(2, 1), (2, 3), (1, 3)]
discovery--->=============================================================================
==================================== link detector ====================================

----------------------------
src    dst :    delay
2 <---> 1 : 9.321212768554688
2 <---> 3 : 7.124185562133789
3 <---> 1 : 8.057832717895508
3 <---> 2 : 8.079051971435547
1 <---> 3 : 8.042335510253906
1 <---> 2 : 8.544445037841797
==================================== link detector ====================================

----------------------------
src    dst :    delay
2 <---> 1 : 9.509563446044922
2 <---> 3 : 7.144927978515625
3 <---> 1 : 7.839441299438477
3 <---> 2 : 8.052825927734375
1 <---> 3 : 8.046388626098633
1 <---> 2 : 10.11347770690918
datapath         port     rx-pkts  rx-bytes rx-error tx-pkts  tx-bytes tx-error
---------------- -------- -------- -------- -------- -------- -------- --------
0000000000000001        1        0        0        0      100     7800        0
0000000000000001        2      125     9689        0      125     9689        0
0000000000000001        3      124     9629        0      125     9689        0
datapath         in-port  eth-dst           out-port packets  bytes
---------------- -------- ----------------- -------- -------- --------
datapath         port     rx-pkts  rx-bytes rx-error tx-pkts  tx-bytes tx-error
---------------- -------- -------- -------- -------- -------- -------- --------
0000000000000002        1        0        0        0       99     7722        0
0000000000000002        2      125     9689        0      124     9629        0
0000000000000002        3      125     9689        0      124     9629        0
datapath         in-port  eth-dst           out-port packets  bytes
---------------- -------- ----------------- -------- -------- --------
datapath         port     rx-pkts  rx-bytes rx-error tx-pkts  tx-bytes tx-error
---------------- -------- -------- -------- -------- -------- -------- --------
0000000000000003        1        0        0        0      100     7800        0
0000000000000003        2      125     9689        0      125     9689        0
0000000000000003        3      124     9629        0      125     9689        0
datapath         in-port  eth-dst           out-port packets  bytes
---------------- -------- ----------------- -------- -------- --------
discovery--->==================================== discovery ====================================
discovery---> cls: [(2, 1), (2, 3), (1, 3)]
discovery--->=============================================================================
==================================== link detector ====================================

----------------------------
src    dst :    delay
2 <---> 1 : 10.133504867553711
2 <---> 3 : 8.128881454467773
3 <---> 1 : 6.426811218261719
3 <---> 2 : 8.228302001953125
1 <---> 3 : 6.180763244628906
1 <---> 2 : 8.942604064941406
==================================== link detector ====================================

----------------------------
src    dst :    delay
2 <---> 1 : 10.079622268676758
2 <---> 3 : 7.988452911376953
3 <---> 1 : 8.13603401184082
3 <---> 2 : 6.302833557128906
1 <---> 3 : 8.094310760498047
1 <---> 2 : 9.11092758178711
datapath         port     rx-pkts  rx-bytes rx-error tx-pkts  tx-bytes tx-error
---------------- -------- -------- -------- -------- -------- -------- --------
0000000000000001        1        0        0        0      105     8190        0
0000000000000001        2      130     9989        0      131    10049        0
0000000000000001        3      130     9989        0      131    10049        0
datapath         in-port  eth-dst           out-port packets  bytes
---------------- -------- ----------------- -------- -------- --------
datapath         port     rx-pkts  rx-bytes rx-error tx-pkts  tx-bytes tx-error
---------------- -------- -------- -------- -------- -------- -------- --------
0000000000000003        1        0        0        0      105     8190        0
0000000000000003        2      131    10049        0      130     9989        0
0000000000000003        3      130     9989        0      131    10049        0
datapath         in-port  eth-dst           out-port packets  bytes
---------------- -------- ----------------- -------- -------- --------
datapath         port     rx-pkts  rx-bytes rx-error tx-pkts  tx-bytes tx-error
---------------- -------- -------- -------- -------- -------- -------- --------
0000000000000002        1        0        0        0      105     8190        0
0000000000000002        2      131    10049        0      130     9989        0
0000000000000002        3      131    10049        0      130     9989        0
datapath         in-port  eth-dst           out-port packets  bytes
---------------- -------- ----------------- -------- -------- --------
discovery--->==================================== discovery ====================================
discovery---> cls: [(2, 1), (2, 3), (1, 3)]
discovery--->=============================================================================
==================================== link detector ====================================

----------------------------
src    dst :    delay
2 <---> 1 : 10.013818740844727
2 <---> 3 : 8.188486099243164
3 <---> 1 : 7.19761848449707
3 <---> 2 : 8.222103118896484
1 <---> 3 : 8.170843124389648
1 <---> 2 : 9.978771209716797
datapath         port     rx-pkts  rx-bytes rx-error tx-pkts  tx-bytes tx-error
---------------- -------- -------- -------- -------- -------- -------- --------
0000000000000001        1        0        0        0      111     8658        0
0000000000000001        2      136    10349        0      136    10349        0
0000000000000001        3      135    10289        0      136    10349        0
datapath         in-port  eth-dst           out-port packets  bytes
---------------- -------- ----------------- -------- -------- --------
datapath         port     rx-pkts  rx-bytes rx-error tx-pkts  tx-bytes tx-error
---------------- -------- -------- -------- -------- -------- -------- --------
0000000000000003        1        0        0        0      111     8658        0
0000000000000003        2      136    10349        0      136    10349        0
0000000000000003        3      136    10349        0      136    10349        0
datapath         in-port  eth-dst           out-port packets  bytes
---------------- -------- ----------------- -------- -------- --------
datapath         port     rx-pkts  rx-bytes rx-error tx-pkts  tx-bytes tx-error
---------------- -------- -------- -------- -------- -------- -------- --------
0000000000000002        1        0        0        0      110     8580        0
0000000000000002        2      136    10349        0      135    10289        0
0000000000000002        3      136    10349        0      136    10349        0
datapath         in-port  eth-dst           out-port packets  bytes
---------------- -------- ----------------- -------- -------- --------
discovery--->==================================== discovery ====================================
discovery---> cls: [(2, 1), (2, 3), (1, 3)]
discovery--->=============================================================================
==================================== link detector ====================================

----------------------------
src    dst :    delay
2 <---> 1 : 8.786916732788086
2 <---> 3 : 6.802082061767578
3 <---> 1 : 6.547212600708008
3 <---> 2 : 7.832527160644531
1 <---> 3 : 6.293535232543945
1 <---> 2 : 8.455514907836914
==================================== link detector ====================================

----------------------------
src    dst :    delay
2 <---> 1 : 10.384321212768555
2 <---> 3 : 8.046388626098633
3 <---> 1 : 8.070707321166992
3 <---> 2 : 8.150339126586914
1 <---> 3 : 7.493495941162109
1 <---> 2 : 9.174823760986328
datapath         port     rx-pkts  rx-bytes rx-error tx-pkts  tx-bytes tx-error
---------------- -------- -------- -------- -------- -------- -------- --------
0000000000000001        1        0        0        0      116     9048        0
0000000000000001        2      141    10649        0      142    10709        0
0000000000000001        3      141    10649        0      142    10709        0
datapath         in-port  eth-dst           out-port packets  bytes
---------------- -------- ----------------- -------- -------- --------
datapath         port     rx-pkts  rx-bytes rx-error tx-pkts  tx-bytes tx-error
---------------- -------- -------- -------- -------- -------- -------- --------
0000000000000003        1        0        0        0      116     9048        0
0000000000000003        2      142    10709        0      141    10649        0
0000000000000003        3      141    10649        0      142    10709        0
datapath         in-port  eth-dst           out-port packets  bytes
---------------- -------- ----------------- -------- -------- --------
datapath         port     rx-pkts  rx-bytes rx-error tx-pkts  tx-bytes tx-error
---------------- -------- -------- -------- -------- -------- -------- --------
0000000000000002        1        0        0        0      116     9048        0
0000000000000002        2      142    10709        0      141    10649        0
0000000000000002        3      142    10709        0      141    10649        0
datapath         in-port  eth-dst           out-port packets  bytes
---------------- -------- ----------------- -------- -------- --------
discovery--->==================================== discovery ====================================
discovery---> cls: [(2, 1), (2, 3), (1, 3)]
discovery--->=============================================================================
==================================== link detector ====================================

----------------------------
src    dst :    delay
2 <---> 1 : 9.000778198242188
2 <---> 3 : 6.0520172119140625
3 <---> 1 : 6.768226623535156
3 <---> 2 : 6.669759750366211
1 <---> 3 : 7.479429244995117
1 <---> 2 : 10.131597518920898
datapath         port     rx-pkts  rx-bytes rx-error tx-pkts  tx-bytes tx-error
---------------- -------- -------- -------- -------- -------- -------- --------
0000000000000001        1        0        0        0      122     9516        0
0000000000000001        2      147    11009        0      147    11009        0
0000000000000001        3      147    11009        0      147    11009        0
datapath         in-port  eth-dst           out-port packets  bytes
---------------- -------- ----------------- -------- -------- --------
datapath         port     rx-pkts  rx-bytes rx-error tx-pkts  tx-bytes tx-error
---------------- -------- -------- -------- -------- -------- -------- --------
0000000000000002        1        0        0        0      122     9516        0
0000000000000002        2      147    11009        0      147    11009        0
0000000000000002        3      147    11009        0      148    11079        0
datapath         in-port  eth-dst           out-port packets  bytes
---------------- -------- ----------------- -------- -------- --------
datapath         port     rx-pkts  rx-bytes rx-error tx-pkts  tx-bytes tx-error
---------------- -------- -------- -------- -------- -------- -------- --------
0000000000000003        1        0        0        0      122     9516        0
0000000000000003        2      147    11009        0      147    11009        0
0000000000000003        3      148    11079        0      147    11009        0
datapath         in-port  eth-dst           out-port packets  bytes
---------------- -------- ----------------- -------- -------- --------
discovery--->==================================== discovery ====================================
discovery---> cls: [(2, 1), (2, 3), (1, 3)]
discovery--->=============================================================================
==================================== link detector ====================================

----------------------------
src    dst :    delay
2 <---> 1 : 8.195161819458008
2 <---> 3 : 7.277965545654297
3 <---> 1 : 8.065462112426758
3 <---> 2 : 8.101701736450195
1 <---> 3 : 8.074045181274414
1 <---> 2 : 9.139060974121094
==================================== link detector ====================================

----------------------------
src    dst :    delay
2 <---> 1 : 8.695602416992188
2 <---> 3 : 8.069992065429688
3 <---> 1 : 8.037805557250977
3 <---> 2 : 7.107019424438477
1 <---> 3 : 7.694244384765625
1 <---> 2 : 9.799718856811523
datapath         port     rx-pkts  rx-bytes rx-error tx-pkts  tx-bytes tx-error
---------------- -------- -------- -------- -------- -------- -------- --------
0000000000000001        1        0        0        0      127     9906        0
0000000000000001        2      153    11379        0      153    11369        0
0000000000000001        3      152    11309        0      154    11439        0
datapath         in-port  eth-dst           out-port packets  bytes
---------------- -------- ----------------- -------- -------- --------
datapath         port     rx-pkts  rx-bytes rx-error tx-pkts  tx-bytes tx-error
---------------- -------- -------- -------- -------- -------- -------- --------
0000000000000002        1        0        0        0      127     9906        0
0000000000000002        2      154    11439        0      152    11309        0
0000000000000002        3      153    11369        0      153    11379        0
datapath         in-port  eth-dst           out-port packets  bytes
---------------- -------- ----------------- -------- -------- --------
datapath         port     rx-pkts  rx-bytes rx-error tx-pkts  tx-bytes tx-error
---------------- -------- -------- -------- -------- -------- -------- --------
0000000000000003        1        0        0        0      127     9906        0
0000000000000003        2      153    11369        0      153    11379        0
0000000000000003        3      153    11379        0      153    11369        0
datapath         in-port  eth-dst           out-port packets  bytes
---------------- -------- ----------------- -------- -------- --------
discovery--->==================================== discovery ====================================
discovery---> cls: [(2, 1), (2, 3), (1, 3)]
discovery--->=============================================================================
==================================== link detector ====================================

----------------------------
src    dst :    delay
2 <---> 1 : 9.844303131103516
2 <---> 3 : 7.823944091796875
3 <---> 1 : 8.070230484008789
3 <---> 2 : 8.100271224975586
1 <---> 3 : 7.433891296386719
1 <---> 2 : 9.073495864868164
==================================== link detector ====================================

----------------------------
src    dst :    delay
2 <---> 1 : 10.198116302490234
2 <---> 3 : 7.723569869995117
3 <---> 1 : 7.944583892822266
3 <---> 2 : 8.213996887207031
1 <---> 3 : 8.17728042602539
1 <---> 2 : 9.230852127075195
datapath         port     rx-pkts  rx-bytes rx-error tx-pkts  tx-bytes tx-error
---------------- -------- -------- -------- -------- -------- -------- --------
0000000000000001        1        0        0        0      133    10374        0
0000000000000001        2      159    11739        0      159    11729        0
0000000000000001        3      158    11669        0      160    11799        0
datapath         in-port  eth-dst           out-port packets  bytes
---------------- -------- ----------------- -------- -------- --------
datapath         port     rx-pkts  rx-bytes rx-error tx-pkts  tx-bytes tx-error
---------------- -------- -------- -------- -------- -------- -------- --------
0000000000000003        1        0        0        0      133    10374        0
0000000000000003        2      159    11729        0      159    11739        0
0000000000000003        3      159    11739        0      158    11669        0
datapath         in-port  eth-dst           out-port packets  bytes
---------------- -------- ----------------- -------- -------- --------
datapath         port     rx-pkts  rx-bytes rx-error tx-pkts  tx-bytes tx-error
---------------- -------- -------- -------- -------- -------- -------- --------
0000000000000002        1        0        0        0      133    10374        0
0000000000000002        2      160    11799        0      158    11669        0
0000000000000002        3      158    11669        0      159    11739        0
datapath         in-port  eth-dst           out-port packets  bytes
---------------- -------- ----------------- -------- -------- --------
discovery--->==================================== discovery ====================================
discovery---> cls: [(2, 1), (2, 3), (1, 3)]
discovery--->=============================================================================
==================================== link detector ====================================

----------------------------
src    dst :    delay
2 <---> 1 : 9.139776229858398
2 <---> 3 : 7.345438003540039
3 <---> 1 : 8.015632629394531
3 <---> 2 : 8.534431457519531
1 <---> 3 : 8.116722106933594
1 <---> 2 : 10.123252868652344
datapath         port     rx-pkts  rx-bytes rx-error tx-pkts  tx-bytes tx-error
---------------- -------- -------- -------- -------- -------- -------- --------
0000000000000001        1        0        0        0      138    10764        0
0000000000000001        2      165    12242        0      166    12302        0
0000000000000001        3      164    12172        0      166    12302        0
datapath         in-port  eth-dst           out-port packets  bytes
---------------- -------- ----------------- -------- -------- --------
datapath         port     rx-pkts  rx-bytes rx-error tx-pkts  tx-bytes tx-error
---------------- -------- -------- -------- -------- -------- -------- --------
0000000000000002        1        0        0        0      138    10764        0
0000000000000002        2      166    12302        0      164    12172        0
0000000000000002        3      165    12232        0      165    12242        0
datapath         in-port  eth-dst           out-port packets  bytes
---------------- -------- ----------------- -------- -------- --------
datapath         port     rx-pkts  rx-bytes rx-error tx-pkts  tx-bytes tx-error
---------------- -------- -------- -------- -------- -------- -------- --------
0000000000000003        1        0        0        0      138    10764        0
0000000000000003        2      166    12302        0      165    12242        0
0000000000000003        3      165    12242        0      165    12232        0
datapath         in-port  eth-dst           out-port packets  bytes
---------------- -------- ----------------- -------- -------- --------
discovery--->==================================== discovery ====================================
discovery---> cls: [(2, 1), (2, 3), (1, 3)]
discovery--->=============================================================================
==================================== link detector ====================================

----------------------------
src    dst :    delay
2 <---> 1 : 10.27226448059082
2 <---> 3 : 8.249998092651367
3 <---> 1 : 8.207559585571289
3 <---> 2 : 8.165359497070312
1 <---> 3 : 7.213115692138672
1 <---> 2 : 9.753227233886719
==================================== link detector ====================================

----------------------------
src    dst :    delay
2 <---> 1 : 10.103940963745117
2 <---> 3 : 8.129596710205078
3 <---> 1 : 8.341073989868164
3 <---> 2 : 7.835149765014648
1 <---> 3 : 8.133172988891602
1 <---> 2 : 9.277820587158203
datapath         port     rx-pkts  rx-bytes rx-error tx-pkts  tx-bytes tx-error
---------------- -------- -------- -------- -------- -------- -------- --------
0000000000000001        1        0        0        0      144    11232        0
0000000000000001        2      171    12602        0      172    12662        0
0000000000000001        3      170    12532        0      172    12662        0
datapath         in-port  eth-dst           out-port packets  bytes
---------------- -------- ----------------- -------- -------- --------
datapath         port     rx-pkts  rx-bytes rx-error tx-pkts  tx-bytes tx-error
---------------- -------- -------- -------- -------- -------- -------- --------
0000000000000002        1        0        0        0      144    11232        0
0000000000000002        2      172    12662        0      170    12532        0
0000000000000002        3      172    12662        0      171    12602        0
datapath         in-port  eth-dst           out-port packets  bytes
---------------- -------- ----------------- -------- -------- --------
datapath         port     rx-pkts  rx-bytes rx-error tx-pkts  tx-bytes tx-error
---------------- -------- -------- -------- -------- -------- -------- --------
0000000000000003        1        0        0        0      144    11232        0
0000000000000003        2      172    12662        0      171    12602        0
0000000000000003        3      171    12602        0      172    12662        0
datapath         in-port  eth-dst           out-port packets  bytes
---------------- -------- ----------------- -------- -------- --------
discovery--->==================================== discovery ====================================
discovery---> cls: [(2, 1), (2, 3), (1, 3)]
discovery--->=============================================================================
==================================== link detector ====================================

----------------------------
src    dst :    delay
2 <---> 1 : 9.763479232788086
2 <---> 3 : 7.766246795654297
3 <---> 1 : 7.182836532592773
3 <---> 2 : 6.944894790649414
1 <---> 3 : 7.159948348999023
1 <---> 2 : 10.639429092407227
datapath         port     rx-pkts  rx-bytes rx-error tx-pkts  tx-bytes tx-error
---------------- -------- -------- -------- -------- -------- -------- --------
0000000000000001        1        0        0        0      150    11700        0
0000000000000001        2      177    12962        0      177    12962        0
0000000000000001        3      176    12902        0      177    12962        0
datapath         in-port  eth-dst           out-port packets  bytes
---------------- -------- ----------------- -------- -------- --------
datapath         port     rx-pkts  rx-bytes rx-error tx-pkts  tx-bytes tx-error
---------------- -------- -------- -------- -------- -------- -------- --------
0000000000000003        1        0        0        0      149    11622        0
0000000000000003        2      177    12962        0      177    12962        0
0000000000000003        3      176    12902        0      177    12962        0
datapath         in-port  eth-dst           out-port packets  bytes
---------------- -------- ----------------- -------- -------- --------
datapath         port     rx-pkts  rx-bytes rx-error tx-pkts  tx-bytes tx-error
---------------- -------- -------- -------- -------- -------- -------- --------
0000000000000002        1        0        0        0      149    11622        0
0000000000000002        2      177    12962        0      176    12902        0
0000000000000002        3      177    12962        0      176    12902        0
datapath         in-port  eth-dst           out-port packets  bytes
---------------- -------- ----------------- -------- -------- --------
discovery--->==================================== discovery ====================================
discovery---> cls: [(2, 1), (2, 3), (1, 3)]
discovery--->=============================================================================
==================================== link detector ====================================

----------------------------
src    dst :    delay
2 <---> 1 : 10.0250244140625
2 <---> 3 : 7.137298583984375
3 <---> 1 : 8.233785629272461
3 <---> 2 : 7.0972442626953125
1 <---> 3 : 7.135629653930664
1 <---> 2 : 10.04338264465332
==================================== link detector ====================================

----------------------------
src    dst :    delay
2 <---> 1 : 10.122299194335938
2 <---> 3 : 7.235050201416016
3 <---> 1 : 8.085489273071289
3 <---> 2 : 8.16488265991211
1 <---> 3 : 6.517648696899414
1 <---> 2 : 10.018587112426758
datapath         port     rx-pkts  rx-bytes rx-error tx-pkts  tx-bytes tx-error
---------------- -------- -------- -------- -------- -------- -------- --------
0000000000000001        1        0        0        0      155    12090        0
0000000000000001        2      182    13262        0      183    13322        0
0000000000000001        3      182    13262        0      183    13322        0
datapath         in-port  eth-dst           out-port packets  bytes
---------------- -------- ----------------- -------- -------- --------
datapath         port     rx-pkts  rx-bytes rx-error tx-pkts  tx-bytes tx-error
---------------- -------- -------- -------- -------- -------- -------- --------
0000000000000002        1        0        0        0      155    12090        0
0000000000000002        2      183    13322        0      182    13262        0
0000000000000002        3      183    13322        0      182    13262        0
datapath         in-port  eth-dst           out-port packets  bytes
---------------- -------- ----------------- -------- -------- --------
datapath         port     rx-pkts  rx-bytes rx-error tx-pkts  tx-bytes tx-error
---------------- -------- -------- -------- -------- -------- -------- --------
0000000000000003        1        0        0        0      155    12090        0
0000000000000003        2      183    13322        0      182    13262        0
0000000000000003        3      182    13262        0      183    13322        0
datapath         in-port  eth-dst           out-port packets  bytes
---------------- -------- ----------------- -------- -------- --------
discovery--->==================================== discovery ====================================
discovery---> cls: [(2, 1), (2, 3), (1, 3)]
discovery--->=============================================================================
==================================== link detector ====================================

----------------------------
src    dst :    delay
2 <---> 1 : 10.153770446777344
2 <---> 3 : 8.050203323364258
3 <---> 1 : 6.291627883911133
3 <---> 2 : 6.304740905761719
1 <---> 3 : 8.068084716796875
1 <---> 2 : 8.997201919555664
datapath         port     rx-pkts  rx-bytes rx-error tx-pkts  tx-bytes tx-error
---------------- -------- -------- -------- -------- -------- -------- --------
0000000000000001        1        0        0        0      161    12558        0
0000000000000001        2      188    13622        0      188    13622        0
0000000000000001        3      187    13562        0      188    13622        0
datapath         in-port  eth-dst           out-port packets  bytes
---------------- -------- ----------------- -------- -------- --------
datapath         port     rx-pkts  rx-bytes rx-error tx-pkts  tx-bytes tx-error
---------------- -------- -------- -------- -------- -------- -------- --------
0000000000000002        1        0        0        0      160    12480        0
0000000000000002        2      188    13622        0      187    13562        0
0000000000000002        3      188    13622        0      188    13622        0
datapath         in-port  eth-dst           out-port packets  bytes
---------------- -------- ----------------- -------- -------- --------
datapath         port     rx-pkts  rx-bytes rx-error tx-pkts  tx-bytes tx-error
---------------- -------- -------- -------- -------- -------- -------- --------
0000000000000003        1        0        0        0      161    12558        0
0000000000000003        2      188    13622        0      188    13622        0
0000000000000003        3      188    13622        0      188    13622        0
datapath         in-port  eth-dst           out-port packets  bytes
---------------- -------- ----------------- -------- -------- --------
discovery--->==================================== discovery ====================================
discovery---> cls: [(2, 1), (2, 3), (1, 3)]
discovery--->=============================================================================
==================================== link detector ====================================

----------------------------
src    dst :    delay
2 <---> 1 : 9.433746337890625
2 <---> 3 : 7.315874099731445
3 <---> 1 : 7.666349411010742
3 <---> 2 : 6.740093231201172
1 <---> 3 : 8.147478103637695
1 <---> 2 : 9.382963180541992
==================================== link detector ====================================

----------------------------
src    dst :    delay
2 <---> 1 : 8.835315704345703
2 <---> 3 : 7.355451583862305
3 <---> 1 : 6.704807281494141
3 <---> 2 : 6.598949432373047
1 <---> 3 : 6.7691802978515625
1 <---> 2 : 9.987354278564453
datapath         port     rx-pkts  rx-bytes rx-error tx-pkts  tx-bytes tx-error
---------------- -------- -------- -------- -------- -------- -------- --------
0000000000000001        1        0        0        0      166    12948        0
0000000000000001        2      193    13922        0      194    13982        0
0000000000000001        3      193    13922        0      194    13982        0
datapath         in-port  eth-dst           out-port packets  bytes
---------------- -------- ----------------- -------- -------- --------
datapath         port     rx-pkts  rx-bytes rx-error tx-pkts  tx-bytes tx-error
---------------- -------- -------- -------- -------- -------- -------- --------
0000000000000003        1        0        0        0      166    12948        0
0000000000000003        2      194    13982        0      193    13922        0
0000000000000003        3      193    13922        0      194    13982        0
datapath         in-port  eth-dst           out-port packets  bytes
---------------- -------- ----------------- -------- -------- --------
datapath         port     rx-pkts  rx-bytes rx-error tx-pkts  tx-bytes tx-error
---------------- -------- -------- -------- -------- -------- -------- --------
0000000000000002        1        0        0        0      166    12948        0
0000000000000002        2      194    13982        0      193    13922        0
0000000000000002        3      194    13982        0      193    13922        0
datapath         in-port  eth-dst           out-port packets  bytes
---------------- -------- ----------------- -------- -------- --------
discovery--->==================================== discovery ====================================
discovery---> cls: [(2, 1), (2, 3), (1, 3)]
discovery--->=============================================================================
==================================== link detector ====================================

----------------------------
src    dst :    delay
2 <---> 1 : 8.959531784057617
2 <---> 3 : 6.859064102172852
3 <---> 1 : 6.833314895629883
3 <---> 2 : 7.6274871826171875
1 <---> 3 : 8.142948150634766
1 <---> 2 : 8.675336837768555
