loading app network_structure.py
loading app network_monitor.py
loading app network_delay.py
loading app network_shortest_path.py
loading app arp_handler.py
loading app ryu.controller.ofp_handler
instantiating app None of Switches
creating context switches
instantiating app network_structure.py of NetworkStructure
instantiating app network_monitor.py of NetworkMonitor
instantiating app network_delay.py of NetworkDelay
instantiating app network_shortest_path.py of NetworkShortestPath
instantiating app arp_handler.py of ArpHandler
instantiating app ryu.controller.ofp_handler of OFPHandler
==================================== link detector ====================================

----------------------------
src    dst :    delay
loading app network_structure.py
loading app network_monitor.py
loading app network_delay.py
loading app network_shortest_path.py
loading app arp_handler.py
loading app ryu.controller.ofp_handler
instantiating app None of Switches
creating context switches
instantiating app network_structure.py of NetworkStructure
instantiating app network_monitor.py of NetworkMonitor
instantiating app network_delay.py of NetworkDelay
instantiating app network_shortest_path.py of NetworkShortestPath
instantiating app arp_handler.py of ArpHandler
instantiating app ryu.controller.ofp_handler of OFPHandler
==================================== link detector ====================================

----------------------------
src    dst :    delay
discovery--->==================================== discovery ====================================
discovery---> cls: []
discovery--->==============================
==================================== link detector ====================================

----------------------------
src    dst :    delay
discovery---> switch: 1152921504606846977 connected
monitor---->register datapath: 1000000000000001
discovery---> switch: 1152921504606846978 connected
monitor---->register datapath: 1000000000000002
discovery---> switch: 1152921504606846979 connected
monitor---->register datapath: 1000000000000003
==================================== link detector ====================================

----------------------------
src    dst :    delay
discovery--->==================================== discovery ====================================
discovery---> cls: []
discovery--->==============================
datapath         port     rx-pkts  rx-bytes rx-error tx-pkts  tx-bytes tx-error
---------------- -------- -------- -------- -------- -------- -------- --------
1000000000000001        1        0        0        0       19     2808        0
datapath         in-port  eth-dst           out-port packets  bytes
---------------- -------- ----------------- -------- -------- --------
datapath         port     rx-pkts  rx-bytes rx-error tx-pkts  tx-bytes tx-error
---------------- -------- -------- -------- -------- -------- -------- --------
1000000000000002        1        0        0        0        2      212        0
1000000000000002        2        0        0        0        0        0        0
datapath         in-port  eth-dst           out-port packets  bytes
---------------- -------- ----------------- -------- -------- --------
datapath         port     rx-pkts  rx-bytes rx-error tx-pkts  tx-bytes tx-error
---------------- -------- -------- -------- -------- -------- -------- --------
1000000000000003        1        0        0        0        2      216        0
1000000000000003        3        0        0        0        0        0        0
datapath         in-port  eth-dst           out-port packets  bytes
---------------- -------- ----------------- -------- -------- --------
---> OFPPortStatus received: reason=ADD desc=OFPPort(port_no=2,hw_addr='00:00:00:00:00:01',name=b'ap1-wlan1.sta1',config=0,state=0,curr=0,advertised=0,supported=0,peer=0,curr_speed=0,max_speed=0)
---> OFPPortStatus received: reason=MODIFY desc=OFPPort(port_no=3,hw_addr='00:09:00:00:00:03',name=b'ap3.wds',config=0,state=4,curr=0,advertised=0,supported=0,peer=0,curr_speed=0,max_speed=0)
---> OFPPortStatus received: reason=MODIFY desc=OFPPort(port_no=2,hw_addr='00:00:00:00:00:01',name=b'ap1-wlan1.sta1',config=0,state=4,curr=0,advertised=0,supported=0,peer=0,curr_speed=0,max_speed=0)
==================================== link detector ====================================

----------------------------
src    dst :    delay
1152921504606846979 <---> 1152921504606846977 : 7.931947708129883
1152921504606846977 <---> 1152921504606846979 : 6.650686264038086
discovery--->==================================== discovery ====================================
discovery---> cls: [(1152921504606846979, 1152921504606846977)]
discovery--->==============================
hub: uncaught exception: Traceback (most recent call last):
  File "/usr/local/lib/python3.8/dist-packages/ryu/lib/hub.py", line 60, in _launch
    return func(*args, **kwargs)
  File "/home/terry/LJQ/Task/ryu/network_monitor.py", line 59, in scheduler
    self.create_bandwidth_graph()
  File "/home/terry/LJQ/Task/ryu/network_monitor.py", line 310, in create_bandwidth_graph
    dst_port_bw = self.port_curr_speed[dst_dpid][dst_port]
KeyError: 2

datapath         port     rx-pkts  rx-bytes rx-error tx-pkts  tx-bytes tx-error
---------------- -------- -------- -------- -------- -------- -------- --------
1000000000000001        1        0        0        0       25     3276        0
1000000000000001        2       18     2030        0       19     2546        0
datapath         in-port  eth-dst           out-port packets  bytes
---------------- -------- ----------------- -------- -------- --------
datapath         port     rx-pkts  rx-bytes rx-error tx-pkts  tx-bytes tx-error
---------------- -------- -------- -------- -------- -------- -------- --------
1000000000000003        1        0        0        0        2      216        0
1000000000000003        3       19     2090        0       18     2462        0
datapath         in-port  eth-dst           out-port packets  bytes
---------------- -------- ----------------- -------- -------- --------
datapath         port     rx-pkts  rx-bytes rx-error tx-pkts  tx-bytes tx-error
---------------- -------- -------- -------- -------- -------- -------- --------
1000000000000002        1        0        0        0        2      212        0
1000000000000002        2        0        0        0        0        0        0
datapath         in-port  eth-dst           out-port packets  bytes
---------------- -------- ----------------- -------- -------- --------
==================================== link detector ====================================

----------------------------
src    dst :    delay
1152921504606846979 <---> 1152921504606846977 : 2.599000930786133
1152921504606846977 <---> 1152921504606846979 : 1.7049312591552734
==================================== link detector ====================================

----------------------------
src    dst :    delay
1152921504606846979 <---> 1152921504606846977 : 3.3140182495117188
1152921504606846977 <---> 1152921504606846979 : 2.378225326538086
discovery--->==================================== discovery ====================================
discovery---> cls: [(1152921504606846979, 1152921504606846977)]
discovery--->==============================
==================================== link detector ====================================

----------------------------
src    dst :    delay
1152921504606846979 <---> 1152921504606846977 : 4.246711730957031
1152921504606846977 <---> 1152921504606846979 : 1.7321109771728516
==================================== link detector ====================================

----------------------------
src    dst :    delay
1152921504606846979 <---> 1152921504606846977 : 3.3407211303710938
1152921504606846977 <---> 1152921504606846979 : 3.616809844970703
discovery--->==================================== discovery ====================================
discovery---> cls: [(1152921504606846979, 1152921504606846977)]
discovery--->==============================
==================================== link detector ====================================

----------------------------
src    dst :    delay
1152921504606846979 <---> 1152921504606846977 : 2.0706653594970703
1152921504606846977 <---> 1152921504606846979 : 2.1829605102539062
discovery--->==================================== discovery ====================================
discovery---> cls: [(1152921504606846979, 1152921504606846977)]
discovery--->==============================
==================================== link detector ====================================

----------------------------
src    dst :    delay
1152921504606846979 <---> 1152921504606846977 : 3.3655166625976562
1152921504606846977 <---> 1152921504606846979 : 3.6020278930664062
==================================== link detector ====================================

----------------------------
src    dst :    delay
1152921504606846979 <---> 1152921504606846977 : 4.328727722167969
1152921504606846977 <---> 1152921504606846979 : 3.169536590576172
discovery--->==================================== discovery ====================================
discovery---> cls: [(1152921504606846979, 1152921504606846977)]
discovery--->==============================
==================================== link detector ====================================

----------------------------
src    dst :    delay
1152921504606846979 <---> 1152921504606846977 : 3.7848949432373047
1152921504606846977 <---> 1152921504606846979 : 3.2501220703125
discovery--->==================================== discovery ====================================
discovery---> cls: [(1152921504606846979, 1152921504606846977)]
discovery--->==============================
==================================== link detector ====================================

----------------------------
src    dst :    delay
1152921504606846979 <---> 1152921504606846977 : 3.428936004638672
1152921504606846977 <---> 1152921504606846979 : 1.97601318359375
==================================== link detector ====================================

----------------------------
src    dst :    delay
1152921504606846979 <---> 1152921504606846977 : 3.7512779235839844
1152921504606846977 <---> 1152921504606846979 : 1.3031959533691406
discovery--->==================================== discovery ====================================
discovery---> cls: [(1152921504606846979, 1152921504606846977)]
discovery--->==============================
==================================== link detector ====================================

----------------------------
src    dst :    delay
1152921504606846979 <---> 1152921504606846977 : 3.5927295684814453
1152921504606846977 <---> 1152921504606846979 : 3.4241676330566406
discovery--->==================================== discovery ====================================
discovery---> cls: [(1152921504606846979, 1152921504606846977)]
discovery--->==============================
==================================== link detector ====================================

----------------------------
src    dst :    delay
1152921504606846979 <---> 1152921504606846977 : 1.6322135925292969
1152921504606846977 <---> 1152921504606846979 : 3.5626888275146484
==================================== link detector ====================================

----------------------------
src    dst :    delay
1152921504606846979 <---> 1152921504606846977 : 3.264904022216797
1152921504606846977 <---> 1152921504606846979 : 3.609180450439453
discovery--->==================================== discovery ====================================
discovery---> cls: [(1152921504606846979, 1152921504606846977)]
discovery--->==============================
==================================== link detector ====================================

----------------------------
src    dst :    delay
1152921504606846979 <---> 1152921504606846977 : 2.025127410888672
1152921504606846977 <---> 1152921504606846979 : 2.505064010620117
==================================== link detector ====================================

----------------------------
src    dst :    delay
1152921504606846979 <---> 1152921504606846977 : 3.664255142211914
1152921504606846977 <---> 1152921504606846979 : 3.9899349212646484
discovery--->==================================== discovery ====================================
discovery---> cls: [(1152921504606846979, 1152921504606846977)]
discovery--->==============================
==================================== link detector ====================================

----------------------------
src    dst :    delay
1152921504606846979 <---> 1152921504606846977 : 3.2265186309814453
1152921504606846977 <---> 1152921504606846979 : 3.691434860229492
discovery--->==================================== discovery ====================================
discovery---> cls: [(1152921504606846979, 1152921504606846977)]
discovery--->==============================
==================================== link detector ====================================

----------------------------
src    dst :    delay
1152921504606846979 <---> 1152921504606846977 : 4.438877105712891
1152921504606846977 <---> 1152921504606846979 : 1.5416145324707031
==================================== link detector ====================================

----------------------------
src    dst :    delay
1152921504606846979 <---> 1152921504606846977 : 2.175569534301758
1152921504606846977 <---> 1152921504606846979 : 3.6554336547851562
discovery--->==================================== discovery ====================================
discovery---> cls: [(1152921504606846979, 1152921504606846977)]
discovery--->==============================
==================================== link detector ====================================

----------------------------
src    dst :    delay
1152921504606846979 <---> 1152921504606846977 : 3.5016536712646484
1152921504606846977 <---> 1152921504606846979 : 1.5943050384521484
discovery--->==================================== discovery ====================================
discovery---> cls: [(1152921504606846979, 1152921504606846977)]
discovery--->==============================
==================================== link detector ====================================

----------------------------
src    dst :    delay
1152921504606846979 <---> 1152921504606846977 : 3.7050247192382812
1152921504606846977 <---> 1152921504606846979 : 1.634359359741211
==================================== link detector ====================================

----------------------------
src    dst :    delay
1152921504606846979 <---> 1152921504606846977 : 3.9005279541015625
1152921504606846977 <---> 1152921504606846979 : 2.7000904083251953
discovery--->==================================== discovery ====================================
discovery---> cls: [(1152921504606846979, 1152921504606846977)]
discovery--->==============================
==================================== link detector ====================================

----------------------------
src    dst :    delay
1152921504606846979 <---> 1152921504606846977 : 2.1414756774902344
1152921504606846977 <---> 1152921504606846979 : 1.9905567169189453
==================================== link detector ====================================

----------------------------
src    dst :    delay
1152921504606846979 <---> 1152921504606846977 : 1.4638900756835938
1152921504606846977 <---> 1152921504606846979 : 2.330303192138672
discovery--->==================================== discovery ====================================
discovery---> cls: [(1152921504606846979, 1152921504606846977)]
discovery--->==============================
==================================== link detector ====================================

----------------------------
src    dst :    delay
1152921504606846979 <---> 1152921504606846977 : 4.442453384399414
1152921504606846977 <---> 1152921504606846979 : 3.6499500274658203
discovery--->==================================== discovery ====================================
discovery---> cls: [(1152921504606846979, 1152921504606846977)]
discovery--->==============================
==================================== link detector ====================================

----------------------------
src    dst :    delay
1152921504606846979 <---> 1152921504606846977 : 2.445697784423828
1152921504606846977 <---> 1152921504606846979 : 4.052400588989258
==================================== link detector ====================================

----------------------------
src    dst :    delay
1152921504606846979 <---> 1152921504606846977 : 1.3878345489501953
1152921504606846977 <---> 1152921504606846979 : 3.3283233642578125
discovery--->==================================== discovery ====================================
discovery---> cls: [(1152921504606846979, 1152921504606846977)]
discovery--->==============================
==================================== link detector ====================================

----------------------------
src    dst :    delay
1152921504606846979 <---> 1152921504606846977 : 3.3800601959228516
1152921504606846977 <---> 1152921504606846979 : 3.786325454711914
discovery--->==================================== discovery ====================================
discovery---> cls: [(1152921504606846979, 1152921504606846977)]
discovery--->==============================
==================================== link detector ====================================

----------------------------
src    dst :    delay
1152921504606846979 <---> 1152921504606846977 : 3.7069320678710938
1152921504606846977 <---> 1152921504606846979 : 3.710031509399414
==================================== link detector ====================================

----------------------------
src    dst :    delay
1152921504606846979 <---> 1152921504606846977 : 3.3736228942871094
1152921504606846977 <---> 1152921504606846979 : 3.5250186920166016
discovery--->==================================== discovery ====================================
discovery---> cls: [(1152921504606846979, 1152921504606846977)]
discovery--->==============================
==================================== link detector ====================================

----------------------------
src    dst :    delay
1152921504606846979 <---> 1152921504606846977 : 3.2660961151123047
1152921504606846977 <---> 1152921504606846979 : 1.814126968383789
discovery--->==================================== discovery ====================================
discovery---> cls: [(1152921504606846979, 1152921504606846977)]
discovery--->==============================
==================================== link detector ====================================

----------------------------
src    dst :    delay
1152921504606846979 <---> 1152921504606846977 : 3.508329391479492
1152921504606846977 <---> 1152921504606846979 : 1.6031265258789062
==================================== link detector ====================================

----------------------------
src    dst :    delay
1152921504606846979 <---> 1152921504606846977 : 3.681182861328125
1152921504606846977 <---> 1152921504606846979 : 3.4308433532714844
discovery--->==================================== discovery ====================================
discovery---> cls: [(1152921504606846979, 1152921504606846977)]
discovery--->==============================
==================================== link detector ====================================

----------------------------
src    dst :    delay
1152921504606846979 <---> 1152921504606846977 : 1.9698143005371094
1152921504606846977 <---> 1152921504606846979 : 3.589153289794922
==================================== link detector ====================================

----------------------------
src    dst :    delay
1152921504606846979 <---> 1152921504606846977 : 3.816843032836914
1152921504606846977 <---> 1152921504606846979 : 3.426790237426758
discovery--->==================================== discovery ====================================
discovery---> cls: [(1152921504606846979, 1152921504606846977)]
discovery--->==============================
==================================== link detector ====================================

----------------------------
src    dst :    delay
1152921504606846979 <---> 1152921504606846977 : 3.009796142578125
1152921504606846977 <---> 1152921504606846979 : 3.470182418823242
discovery--->==================================== discovery ====================================
discovery---> cls: [(1152921504606846979, 1152921504606846977)]
discovery--->==============================
==================================== link detector ====================================

----------------------------
src    dst :    delay
1152921504606846979 <---> 1152921504606846977 : 3.9174556732177734
1152921504606846977 <---> 1152921504606846979 : 3.570556640625
==================================== link detector ====================================

----------------------------
src    dst :    delay
1152921504606846979 <---> 1152921504606846977 : 3.4074783325195312
1152921504606846977 <---> 1152921504606846979 : 2.298593521118164
discovery--->==================================== discovery ====================================
discovery---> cls: [(1152921504606846979, 1152921504606846977)]
discovery--->==============================
==================================== link detector ====================================

----------------------------
src    dst :    delay
1152921504606846979 <---> 1152921504606846977 : 2.051830291748047
1152921504606846977 <---> 1152921504606846979 : 3.176450729370117
discovery--->==================================== discovery ====================================
discovery---> cls: [(1152921504606846979, 1152921504606846977)]
discovery--->==============================
==================================== link detector ====================================

----------------------------
src    dst :    delay
1152921504606846979 <---> 1152921504606846977 : 3.414154052734375
1152921504606846977 <---> 1152921504606846979 : 4.217386245727539
==================================== link detector ====================================

----------------------------
src    dst :    delay
1152921504606846979 <---> 1152921504606846977 : 3.7124156951904297
1152921504606846977 <---> 1152921504606846979 : 1.9669532775878906
discovery--->==================================== discovery ====================================
discovery---> cls: [(1152921504606846979, 1152921504606846977)]
discovery--->==============================
==================================== link detector ====================================

----------------------------
src    dst :    delay
1152921504606846979 <---> 1152921504606846977 : 3.563404083251953
1152921504606846977 <---> 1152921504606846979 : 3.2224655151367188
==================================== link detector ====================================

----------------------------
src    dst :    delay
1152921504606846979 <---> 1152921504606846977 : 2.0704269409179688
1152921504606846977 <---> 1152921504606846979 : 3.4842491149902344
discovery--->==================================== discovery ====================================
discovery---> cls: [(1152921504606846979, 1152921504606846977)]
discovery--->==============================
==================================== link detector ====================================

----------------------------
src    dst :    delay
1152921504606846979 <---> 1152921504606846977 : 3.228902816772461
1152921504606846977 <---> 1152921504606846979 : 3.692150115966797
discovery--->==================================== discovery ====================================
discovery---> cls: [(1152921504606846979, 1152921504606846977)]
discovery--->==============================
==================================== link detector ====================================

----------------------------
src    dst :    delay
1152921504606846979 <---> 1152921504606846977 : 3.6287307739257812
1152921504606846977 <---> 1152921504606846979 : 3.228902816772461
==================================== link detector ====================================

----------------------------
src    dst :    delay
1152921504606846979 <---> 1152921504606846977 : 3.481149673461914
1152921504606846977 <---> 1152921504606846979 : 3.788471221923828
discovery--->==================================== discovery ====================================
discovery---> cls: [(1152921504606846979, 1152921504606846977)]
discovery--->==============================
==================================== link detector ====================================

----------------------------
src    dst :    delay
1152921504606846979 <---> 1152921504606846977 : 2.273082733154297
1152921504606846977 <---> 1152921504606846979 : 3.317117691040039
discovery--->==================================== discovery ====================================
discovery---> cls: [(1152921504606846979, 1152921504606846977)]
discovery--->==============================
==================================== link detector ====================================

----------------------------
src    dst :    delay
1152921504606846979 <---> 1152921504606846977 : 3.715038299560547
1152921504606846977 <---> 1152921504606846979 : 2.582550048828125
==================================== link detector ====================================

----------------------------
src    dst :    delay
1152921504606846979 <---> 1152921504606846977 : 2.532482147216797
1152921504606846977 <---> 1152921504606846979 : 3.879070281982422
discovery--->==================================== discovery ====================================
discovery---> cls: [(1152921504606846979, 1152921504606846977)]
discovery--->==============================
==================================== link detector ====================================

----------------------------
src    dst :    delay
1152921504606846979 <---> 1152921504606846977 : 3.6606788635253906
1152921504606846977 <---> 1152921504606846979 : 3.370046615600586
==================================== link detector ====================================

----------------------------
src    dst :    delay
1152921504606846979 <---> 1152921504606846977 : 3.2868385314941406
1152921504606846977 <---> 1152921504606846979 : 3.3762454986572266
discovery--->==================================== discovery ====================================
discovery---> cls: [(1152921504606846979, 1152921504606846977)]
discovery--->==============================
==================================== link detector ====================================

----------------------------
src    dst :    delay
1152921504606846979 <---> 1152921504606846977 : 1.4808177947998047
1152921504606846977 <---> 1152921504606846979 : 2.081155776977539
discovery--->==================================== discovery ====================================
discovery---> cls: [(1152921504606846979, 1152921504606846977)]
discovery--->==============================
==================================== link detector ====================================

----------------------------
src    dst :    delay
1152921504606846979 <---> 1152921504606846977 : 3.6766529083251953
1152921504606846977 <---> 1152921504606846979 : 3.927469253540039
==================================== link detector ====================================

----------------------------
src    dst :    delay
1152921504606846979 <---> 1152921504606846977 : 2.4633407592773438
1152921504606846977 <---> 1152921504606846979 : 2.274036407470703
discovery--->==================================== discovery ====================================
discovery---> cls: [(1152921504606846979, 1152921504606846977)]
discovery--->==============================
==================================== link detector ====================================

----------------------------
src    dst :    delay
1152921504606846979 <---> 1152921504606846977 : 1.2793540954589844
1152921504606846977 <---> 1152921504606846979 : 1.6396045684814453
discovery--->==================================== discovery ====================================
discovery---> cls: [(1152921504606846979, 1152921504606846977)]
discovery--->==============================
==================================== link detector ====================================

----------------------------
src    dst :    delay
1152921504606846979 <---> 1152921504606846977 : 1.3606548309326172
1152921504606846977 <---> 1152921504606846979 : 4.20069694519043
==================================== link detector ====================================

----------------------------
src    dst :    delay
1152921504606846979 <---> 1152921504606846977 : 3.7457942962646484
1152921504606846977 <---> 1152921504606846979 : 3.530263900756836
discovery--->==================================== discovery ====================================
discovery---> cls: [(1152921504606846979, 1152921504606846977)]
discovery--->==============================
==================================== link detector ====================================

----------------------------
src    dst :    delay
1152921504606846979 <---> 1152921504606846977 : 3.3044815063476562
1152921504606846977 <---> 1152921504606846979 : 3.509521484375
discovery--->==================================== discovery ====================================
discovery---> cls: [(1152921504606846979, 1152921504606846977)]
discovery--->==============================
==================================== link detector ====================================

----------------------------
src    dst :    delay
1152921504606846979 <---> 1152921504606846977 : 3.587961196899414
1152921504606846977 <---> 1152921504606846979 : 2.3953914642333984
==================================== link detector ====================================

----------------------------
src    dst :    delay
1152921504606846979 <---> 1152921504606846977 : 3.8046836853027344
1152921504606846977 <---> 1152921504606846979 : 3.8771629333496094
discovery--->==================================== discovery ====================================
discovery---> cls: [(1152921504606846979, 1152921504606846977)]
discovery--->==============================
==================================== link detector ====================================

----------------------------
src    dst :    delay
1152921504606846979 <---> 1152921504606846977 : 3.77655029296875
1152921504606846977 <---> 1152921504606846979 : 3.405332565307617
==================================== link detector ====================================

----------------------------
src    dst :    delay
1152921504606846979 <---> 1152921504606846977 : 3.6580562591552734
1152921504606846977 <---> 1152921504606846979 : 4.058122634887695
discovery--->==================================== discovery ====================================
discovery---> cls: [(1152921504606846979, 1152921504606846977)]
discovery--->==============================
==================================== link detector ====================================

----------------------------
src    dst :    delay
1152921504606846979 <---> 1152921504606846977 : 3.9670467376708984
1152921504606846977 <---> 1152921504606846979 : 3.891468048095703
discovery--->==================================== discovery ====================================
discovery---> cls: [(1152921504606846979, 1152921504606846977)]
discovery--->==============================
==================================== link detector ====================================

----------------------------
src    dst :    delay
1152921504606846979 <---> 1152921504606846977 : 1.7249584197998047
1152921504606846977 <---> 1152921504606846979 : 2.645254135131836
==================================== link detector ====================================

----------------------------
src    dst :    delay
1152921504606846979 <---> 1152921504606846977 : 1.3384819030761719
1152921504606846977 <---> 1152921504606846979 : 3.3087730407714844
discovery--->==================================== discovery ====================================
discovery---> cls: [(1152921504606846979, 1152921504606846977)]
discovery--->==============================
==================================== link detector ====================================

----------------------------
src    dst :    delay
1152921504606846979 <---> 1152921504606846977 : 4.064798355102539
1152921504606846977 <---> 1152921504606846979 : 1.5003681182861328
discovery--->==================================== discovery ====================================
discovery---> cls: [(1152921504606846979, 1152921504606846977)]
discovery--->==============================
==================================== link detector ====================================

----------------------------
src    dst :    delay
1152921504606846979 <---> 1152921504606846977 : 1.4493465423583984
1152921504606846977 <---> 1152921504606846979 : 3.444194793701172
==================================== link detector ====================================

----------------------------
src    dst :    delay
1152921504606846979 <---> 1152921504606846977 : 3.5610198974609375
1152921504606846977 <---> 1152921504606846979 : 3.139019012451172
discovery--->==================================== discovery ====================================
discovery---> cls: [(1152921504606846979, 1152921504606846977)]
discovery--->==============================
==================================== link detector ====================================

----------------------------
src    dst :    delay
1152921504606846979 <---> 1152921504606846977 : 4.097223281860352
1152921504606846977 <---> 1152921504606846979 : 1.674652099609375
==================================== link detector ====================================

----------------------------
src    dst :    delay
1152921504606846979 <---> 1152921504606846977 : 3.360748291015625
1152921504606846977 <---> 1152921504606846979 : 3.7088394165039062
discovery--->==================================== discovery ====================================
discovery---> cls: [(1152921504606846979, 1152921504606846977)]
discovery--->==============================
==================================== link detector ====================================

----------------------------
src    dst :    delay
1152921504606846979 <---> 1152921504606846977 : 4.109621047973633
1152921504606846977 <---> 1152921504606846979 : 3.263711929321289
discovery--->==================================== discovery ====================================
discovery---> cls: [(1152921504606846979, 1152921504606846977)]
discovery--->==============================
==================================== link detector ====================================

----------------------------
src    dst :    delay
1152921504606846979 <---> 1152921504606846977 : 1.401662826538086
1152921504606846977 <---> 1152921504606846979 : 2.4309158325195312
==================================== link detector ====================================

----------------------------
src    dst :    delay
1152921504606846979 <---> 1152921504606846977 : 3.890514373779297
1152921504606846977 <---> 1152921504606846979 : 3.4437179565429688
discovery--->==================================== discovery ====================================
discovery---> cls: [(1152921504606846979, 1152921504606846977)]
discovery--->==============================
==================================== link detector ====================================

----------------------------
src    dst :    delay
1152921504606846979 <---> 1152921504606846977 : 2.013683319091797
1152921504606846977 <---> 1152921504606846979 : 2.9799938201904297
discovery--->==================================== discovery ====================================
discovery---> cls: [(1152921504606846979, 1152921504606846977)]
discovery--->==============================
==================================== link detector ====================================

----------------------------
src    dst :    delay
1152921504606846979 <---> 1152921504606846977 : 1.3630390167236328
1152921504606846977 <---> 1152921504606846979 : 1.2586116790771484
==================================== link detector ====================================

----------------------------
src    dst :    delay
1152921504606846979 <---> 1152921504606846977 : 3.3240318298339844
1152921504606846977 <---> 1152921504606846979 : 1.7483234405517578
discovery--->==================================== discovery ====================================
discovery---> cls: [(1152921504606846979, 1152921504606846977)]
discovery--->==============================
==================================== link detector ====================================

----------------------------
src    dst :    delay
1152921504606846979 <---> 1152921504606846977 : 1.6453266143798828
1152921504606846977 <---> 1152921504606846979 : 2.4878978729248047
discovery--->==================================== discovery ====================================
discovery---> cls: [(1152921504606846979, 1152921504606846977)]
discovery--->==============================
==================================== link detector ====================================

----------------------------
src    dst :    delay
1152921504606846979 <---> 1152921504606846977 : 3.587484359741211
1152921504606846977 <---> 1152921504606846979 : 3.529787063598633
==================================== link detector ====================================

----------------------------
src    dst :    delay
1152921504606846979 <---> 1152921504606846977 : 2.6760101318359375
1152921504606846977 <---> 1152921504606846979 : 3.4208297729492188
discovery--->==================================== discovery ====================================
discovery---> cls: [(1152921504606846979, 1152921504606846977)]
discovery--->==============================
==================================== link detector ====================================

----------------------------
src    dst :    delay
1152921504606846979 <---> 1152921504606846977 : 3.4084320068359375
1152921504606846977 <---> 1152921504606846979 : 3.2591819763183594
==================================== link detector ====================================

----------------------------
src    dst :    delay
1152921504606846979 <---> 1152921504606846977 : 1.8951892852783203
1152921504606846977 <---> 1152921504606846979 : 3.5660266876220703
discovery--->==================================== discovery ====================================
discovery---> cls: [(1152921504606846979, 1152921504606846977)]
discovery--->==============================
==================================== link detector ====================================

----------------------------
src    dst :    delay
1152921504606846979 <---> 1152921504606846977 : 3.3278465270996094
1152921504606846977 <---> 1152921504606846979 : 3.6725997924804688
discovery--->==================================== discovery ====================================
discovery---> cls: [(1152921504606846979, 1152921504606846977)]
discovery--->==============================
==================================== link detector ====================================

----------------------------
src    dst :    delay
1152921504606846979 <---> 1152921504606846977 : 3.381967544555664
1152921504606846977 <---> 1152921504606846979 : 3.3915042877197266
==================================== link detector ====================================

----------------------------
src    dst :    delay
1152921504606846979 <---> 1152921504606846977 : 2.068758010864258
1152921504606846977 <---> 1152921504606846979 : 3.2880306243896484
discovery--->==================================== discovery ====================================
discovery---> cls: [(1152921504606846979, 1152921504606846977)]
discovery--->==============================
==================================== link detector ====================================

----------------------------
src    dst :    delay
1152921504606846979 <---> 1152921504606846977 : 3.5164356231689453
1152921504606846977 <---> 1152921504606846979 : 3.243684768676758
discovery--->==================================== discovery ====================================
discovery---> cls: [(1152921504606846979, 1152921504606846977)]
discovery--->==============================
==================================== link detector ====================================

----------------------------
src    dst :    delay
1152921504606846979 <---> 1152921504606846977 : 3.603219985961914
1152921504606846977 <---> 1152921504606846979 : 5.104780197143555
==================================== link detector ====================================

----------------------------
src    dst :    delay
1152921504606846979 <---> 1152921504606846977 : 2.1278858184814453
1152921504606846977 <---> 1152921504606846979 : 3.007650375366211
discovery--->==================================== discovery ====================================
discovery---> cls: [(1152921504606846979, 1152921504606846977)]
discovery--->==============================
==================================== link detector ====================================

----------------------------
src    dst :    delay
1152921504606846979 <---> 1152921504606846977 : 3.4151077270507812
1152921504606846977 <---> 1152921504606846979 : 3.9968490600585938
==================================== link detector ====================================

----------------------------
src    dst :    delay
1152921504606846979 <---> 1152921504606846977 : 3.8521289825439453
1152921504606846977 <---> 1152921504606846979 : 1.8885135650634766
discovery--->==================================== discovery ====================================
discovery---> cls: [(1152921504606846979, 1152921504606846977)]
discovery--->==============================
==================================== link detector ====================================

----------------------------
src    dst :    delay
1152921504606846979 <---> 1152921504606846977 : 3.331899642944336
1152921504606846977 <---> 1152921504606846979 : 3.2477378845214844
discovery--->==================================== discovery ====================================
discovery---> cls: [(1152921504606846979, 1152921504606846977)]
discovery--->==============================
==================================== link detector ====================================

----------------------------
src    dst :    delay
1152921504606846979 <---> 1152921504606846977 : 3.5338401794433594
1152921504606846977 <---> 1152921504606846979 : 4.285573959350586
==================================== link detector ====================================

----------------------------
src    dst :    delay
1152921504606846979 <---> 1152921504606846977 : 1.5537738800048828
1152921504606846977 <---> 1152921504606846979 : 3.801107406616211
discovery--->==================================== discovery ====================================
discovery---> cls: [(1152921504606846979, 1152921504606846977)]
discovery--->==============================
==================================== link detector ====================================

----------------------------
src    dst :    delay
1152921504606846979 <---> 1152921504606846977 : 2.218008041381836
1152921504606846977 <---> 1152921504606846979 : 3.2546520233154297
discovery--->==================================== discovery ====================================
discovery---> cls: [(1152921504606846979, 1152921504606846977)]
discovery--->==============================
==================================== link detector ====================================

----------------------------
src    dst :    delay
1152921504606846979 <---> 1152921504606846977 : 3.8149356842041016
1152921504606846977 <---> 1152921504606846979 : 1.3260841369628906
==================================== link detector ====================================

----------------------------
src    dst :    delay
1152921504606846979 <---> 1152921504606846977 : 3.3845901489257812
1152921504606846977 <---> 1152921504606846979 : 3.2579898834228516
discovery--->==================================== discovery ====================================
discovery---> cls: [(1152921504606846979, 1152921504606846977)]
discovery--->==============================
==================================== link detector ====================================

----------------------------
src    dst :    delay
1152921504606846979 <---> 1152921504606846977 : 3.7119388580322266
1152921504606846977 <---> 1152921504606846979 : 1.6601085662841797
==================================== link detector ====================================

----------------------------
src    dst :    delay
1152921504606846979 <---> 1152921504606846977 : 1.4045238494873047
1152921504606846977 <---> 1152921504606846979 : 2.0835399627685547
discovery--->==================================== discovery ====================================
discovery---> cls: [(1152921504606846979, 1152921504606846977)]
discovery--->==============================
==================================== link detector ====================================

----------------------------
src    dst :    delay
1152921504606846979 <---> 1152921504606846977 : 3.8230419158935547
1152921504606846977 <---> 1152921504606846979 : 2.1665096282958984
discovery--->==================================== discovery ====================================
discovery---> cls: [(1152921504606846979, 1152921504606846977)]
discovery--->==============================
==================================== link detector ====================================

----------------------------
src    dst :    delay
1152921504606846979 <---> 1152921504606846977 : 2.0017623901367188
1152921504606846977 <---> 1152921504606846979 : 3.724813461303711
==================================== link detector ====================================

----------------------------
src    dst :    delay
1152921504606846979 <---> 1152921504606846977 : 3.3698081970214844
1152921504606846977 <---> 1152921504606846979 : 3.4074783325195312
discovery--->==================================== discovery ====================================
discovery---> cls: [(1152921504606846979, 1152921504606846977)]
discovery--->==============================
==================================== link detector ====================================

----------------------------
src    dst :    delay
1152921504606846979 <---> 1152921504606846977 : 3.697633743286133
1152921504606846977 <---> 1152921504606846979 : 4.318952560424805
discovery--->==================================== discovery ====================================
discovery---> cls: [(1152921504606846979, 1152921504606846977)]
discovery--->==============================
==================================== link detector ====================================

----------------------------
src    dst :    delay
1152921504606846979 <---> 1152921504606846977 : 1.405954360961914
1152921504606846977 <---> 1152921504606846979 : 3.399372100830078
==================================== link detector ====================================

----------------------------
src    dst :    delay
1152921504606846979 <---> 1152921504606846977 : 2.3186206817626953
1152921504606846977 <---> 1152921504606846979 : 3.8433074951171875
monitor---> unreigster datapath: 1000000000000001
monitor---> unreigster datapath: 1000000000000003
monitor---> unreigster datapath: 1000000000000002
discovery--->==================================== discovery ====================================
discovery---> cls: []
discovery--->==============================
==================================== link detector ====================================

----------------------------
src    dst :    delay
1152921504606846979 <---> 1152921504606846977 : 2.271890640258789
1152921504606846977 <---> 1152921504606846979 : 1.825571060180664
==================================== link detector ====================================

----------------------------
src    dst :    delay
1152921504606846979 <---> 1152921504606846977 : 2.271890640258789
1152921504606846977 <---> 1152921504606846979 : 1.825571060180664
discovery--->==================================== discovery ====================================
discovery---> cls: []
discovery--->==============================
==================================== link detector ====================================

----------------------------
src    dst :    delay
1152921504606846979 <---> 1152921504606846977 : 2.271890640258789
1152921504606846977 <---> 1152921504606846979 : 1.825571060180664
discovery--->==================================== discovery ====================================
discovery---> cls: []
discovery--->==============================
==================================== link detector ====================================

----------------------------
src    dst :    delay
1152921504606846979 <---> 1152921504606846977 : 2.271890640258789
1152921504606846977 <---> 1152921504606846979 : 1.825571060180664
==================================== link detector ====================================

----------------------------
src    dst :    delay
1152921504606846979 <---> 1152921504606846977 : 2.271890640258789
1152921504606846977 <---> 1152921504606846979 : 1.825571060180664
