loading app network_structure.py
Matplotlib created a temporary config/cache directory at /tmp/matplotlib-50be3bsg because the default path (/home/terry/.config/matplotlib) is not a writable directory; it is highly recommended to set the MPLCONFIGDIR environment variable to a writable directory, in particular to speed up the import of Matplotlib and to better support multiprocessing.
Generating new fontManager, this may take some time...
Failed to extract font properties from /usr/share/fonts/truetype/noto/NotoColorEmoji.ttf: In FT2Font: Can not load face.  Unknown file format.
loading app network_monitor.py
loading app network_delay.py
loading app network_shortest_path.py
loading app arp_handler.py
loading app ryu.controller.ofp_handler
instantiating app None of Switches
creating context switches
instantiating app network_structure.py of NetworkStructure
instantiating app network_monitor.py of NetworkMonitor
instantiating app network_delay.py of NetworkDelay
instantiating app network_shortest_path.py of NetworkShortestPath
instantiating app arp_handler.py of ArpHandler
instantiating app ryu.controller.ofp_handler of OFPHandler
discovery---> AccessPoint: 1 connected
discovery---> AccessPoint: 2 connected
discovery---> AccessPoint: 3 connected
monitor---->register datapath: 1000000000000001
monitor---->register datapath: 1000000000000003
monitor---->register datapath: 1000000000000002
---> OFPPortStatus received: reason=MODIFY desc=OFPPort(port_no=1,hw_addr='30:00:00:00:00:00',name=b'ap3-wlan1',config=0,state=0,curr=0,advertised=0,supported=0,peer=0,curr_speed=0,max_speed=0)
---> OFPPortStatus received: reason=MODIFY desc=OFPPort(port_no=1,hw_addr='30:00:00:00:00:00',name=b'ap3-wlan1',config=0,state=1,curr=0,advertised=0,supported=0,peer=0,curr_speed=0,max_speed=0)
==================================== link detector ====================================

----------------------------
src    dst :    delay
1 <---> 3 : 2.613067626953125
1 <---> 2 : 4.119634628295898
3 <---> 1 : 2.656698226928711
3 <---> 2 : 3.9598941802978516
2 <---> 3 : 4.033803939819336
2 <---> 1 : 3.359556198120117
discovery--->==================================== discovery ====================================
discovery---> cls: [(1, 3), (1, 2), (3, 2)]
discovery--->=============================================================================
datapath         port     rx-pkts  rx-bytes rx-error tx-pkts  tx-bytes tx-error
---------------- -------- -------- -------- -------- -------- -------- --------
0000000000000001        1        0        0        0        6      468        0
0000000000000001        2       26     3300        0       25     3230        0
0000000000000001        3       25     3230        0       26     3300        0
datapath         in-port  eth-dst           out-port packets  bytes
---------------- -------- ----------------- -------- -------- --------
datapath         port     rx-pkts  rx-bytes rx-error tx-pkts  tx-bytes tx-error
---------------- -------- -------- -------- -------- -------- -------- --------
0000000000000002        1        0        0        0        6      468        0
0000000000000002        2       25     3230        0       26     3300        0
0000000000000002        3       26     3290        0       26     3300        0
datapath         in-port  eth-dst           out-port packets  bytes
---------------- -------- ----------------- -------- -------- --------
datapath         port     rx-pkts  rx-bytes rx-error tx-pkts  tx-bytes tx-error
---------------- -------- -------- -------- -------- -------- -------- --------
0000000000000003        1        0        0        0        1       78        0
0000000000000003        2       26     3300        0       25     3230        0
0000000000000003        3       26     3300        0       26     3290        0
datapath         in-port  eth-dst           out-port packets  bytes
---------------- -------- ----------------- -------- -------- --------
==================================== link detector ====================================

----------------------------
src    dst :    delay
1 <---> 3 : 2.2156238555908203
1 <---> 2 : 2.310514450073242
3 <---> 1 : 3.9556026458740234
3 <---> 2 : 3.1936168670654297
2 <---> 3 : 4.059791564941406
2 <---> 1 : 2.969026565551758
==================================== link detector ====================================

----------------------------
src    dst :    delay
1 <---> 3 : 2.719402313232422
1 <---> 2 : 3.851175308227539
3 <---> 1 : 3.995180130004883
3 <---> 2 : 3.8688182830810547
2 <---> 3 : 3.4759044647216797
2 <---> 1 : 2.5644302368164062
discovery--->==================================== discovery ====================================
discovery---> cls: [(1, 3), (1, 2), (3, 2)]
discovery--->=============================================================================
datapath         port     rx-pkts  rx-bytes rx-error tx-pkts  tx-bytes tx-error
---------------- -------- -------- -------- -------- -------- -------- --------
0000000000000001        1        0        0        0       11      858        0
0000000000000001        2       32     3803        0       33     3863        0
0000000000000001        3       32     3803        0       33     3863        0
datapath         in-port  eth-dst           out-port packets  bytes
---------------- -------- ----------------- -------- -------- --------
datapath         port     rx-pkts  rx-bytes rx-error tx-pkts  tx-bytes tx-error
---------------- -------- -------- -------- -------- -------- -------- --------
0000000000000002        1        0        0        0       11      858        0
0000000000000002        2       33     3863        0       32     3803        0
0000000000000002        3       33     3863        0       32     3803        0
datapath         in-port  eth-dst           out-port packets  bytes
---------------- -------- ----------------- -------- -------- --------
datapath         port     rx-pkts  rx-bytes rx-error tx-pkts  tx-bytes tx-error
---------------- -------- -------- -------- -------- -------- -------- --------
0000000000000003        1        0        0        0        1       78        0
0000000000000003        2       33     3863        0       32     3803        0
0000000000000003        3       32     3803        0       33     3863        0
datapath         in-port  eth-dst           out-port packets  bytes
---------------- -------- ----------------- -------- -------- --------
==================================== link detector ====================================

----------------------------
src    dst :    delay
1 <---> 3 : 3.8390159606933594
1 <---> 2 : 3.7069320678710938
3 <---> 1 : 2.2568702697753906
3 <---> 2 : 4.135370254516602
2 <---> 3 : 3.4563541412353516
2 <---> 1 : 2.4962425231933594
shortest=====>[PATH] [192.168.0.1 <----> 192.168.0.2]: [1, 2]
discovery--->==================================== discovery ====================================
discovery---> cls: [(1, 3), (1, 2), (3, 2)]
discovery--->=============================================================================
datapath         port     rx-pkts  rx-bytes rx-error tx-pkts  tx-bytes tx-error
---------------- -------- -------- -------- -------- -------- -------- --------
0000000000000001        1        3      182        0       23     1760        0
0000000000000001        2       43     4429        0       43     4429        0
0000000000000001        3       43     4391        0       42     4331        0
datapath         in-port  eth-dst           out-port packets  bytes
---------------- -------- ----------------- -------- -------- --------
0000000000000001        1       192.168.0.2        2        0        0
0000000000000001        2       192.168.0.1        1        1       98
datapath         port     rx-pkts  rx-bytes rx-error tx-pkts  tx-bytes tx-error
---------------- -------- -------- -------- -------- -------- -------- --------
0000000000000003        1        0        0        0        1       78        0
0000000000000003        2       42     4331        0       43     4391        0
0000000000000003        3       42     4331        0       43     4391        0
datapath         in-port  eth-dst           out-port packets  bytes
---------------- -------- ----------------- -------- -------- --------
datapath         port     rx-pkts  rx-bytes rx-error tx-pkts  tx-bytes tx-error
---------------- -------- -------- -------- -------- -------- -------- --------
0000000000000002        1        3      182        0       20     1562        0
0000000000000002        2       43     4429        0       43     4429        0
0000000000000002        3       43     4391        0       42     4331        0
datapath         in-port  eth-dst           out-port packets  bytes
---------------- -------- ----------------- -------- -------- --------
0000000000000002        1       192.168.0.1        2        1       98
0000000000000002        2       192.168.0.2        1        1       98
==================================== link detector ====================================

----------------------------
src    dst :    delay
1 <---> 3 : 3.185749053955078
1 <---> 2 : 3.1952857971191406
3 <---> 1 : 4.134178161621094
3 <---> 2 : 4.065036773681641
2 <---> 3 : 3.2241344451904297
2 <---> 1 : 4.082441329956055
==================================== link detector ====================================

----------------------------
src    dst :    delay
1 <---> 3 : 3.9968490600585938
1 <---> 2 : 4.100561141967773
3 <---> 1 : 3.126382827758789
3 <---> 2 : 4.065752029418945
2 <---> 3 : 4.0683746337890625
2 <---> 1 : 4.17637825012207
datapath         port     rx-pkts  rx-bytes rx-error tx-pkts  tx-bytes tx-error
---------------- -------- -------- -------- -------- -------- -------- --------
0000000000000001        1        6      364        0       32     2464        0
0000000000000001        2       53     5023        0       53     5013        0
0000000000000001        3       51     4817        0       52     4887        0
datapath         in-port  eth-dst           out-port packets  bytes
---------------- -------- ----------------- -------- -------- --------
0000000000000001        1       192.168.0.2        2        1       98
0000000000000001        2       192.168.0.1        1        2      196
discovery--->==================================== discovery ====================================
discovery---> cls: [(1, 3), (1, 2), (3, 2)]
discovery--->=============================================================================
datapath         port     rx-pkts  rx-bytes rx-error tx-pkts  tx-bytes tx-error
---------------- -------- -------- -------- -------- -------- -------- --------
0000000000000002        1        8      448        0       30     2326        0
0000000000000002        2       53     5013        0       53     5023        0
0000000000000002        3       51     4817        0       51     4827        0
datapath         in-port  eth-dst           out-port packets  bytes
---------------- -------- ----------------- -------- -------- --------
0000000000000002        1       192.168.0.1        2        2      196
0000000000000002        2       192.168.0.2        1        2      196
datapath         port     rx-pkts  rx-bytes rx-error tx-pkts  tx-bytes tx-error
---------------- -------- -------- -------- -------- -------- -------- --------
0000000000000003        1        0        0        0        1       78        0
0000000000000003        2       52     4887        0       51     4817        0
0000000000000003        3       51     4827        0       51     4817        0
datapath         in-port  eth-dst           out-port packets  bytes
---------------- -------- ----------------- -------- -------- --------
==================================== link detector ====================================

----------------------------
src    dst :    delay
1 <---> 3 : 2.218961715698242
1 <---> 2 : 2.241849899291992
3 <---> 1 : 2.2575855255126953
3 <---> 2 : 2.18963623046875
2 <---> 3 : 2.2296905517578125
2 <---> 1 : 2.183198928833008
datapath         port     rx-pkts  rx-bytes rx-error tx-pkts  tx-bytes tx-error
---------------- -------- -------- -------- -------- -------- -------- --------
0000000000000003        1        0        0        0        1       78        0
0000000000000003        2       58     5390        0       59     5450        0
0000000000000003        3       58     5390        0       58     5380        0
datapath         in-port  eth-dst           out-port packets  bytes
---------------- -------- ----------------- -------- -------- --------
datapath         port     rx-pkts  rx-bytes rx-error tx-pkts  tx-bytes tx-error
---------------- -------- -------- -------- -------- -------- -------- --------
0000000000000001        1        6      364        0       37     2854        0
0000000000000001        2       60     5586        0       60     5586        0
0000000000000001        3       59     5450        0       58     5390        0
datapath         in-port  eth-dst           out-port packets  bytes
---------------- -------- ----------------- -------- -------- --------
0000000000000001        1       192.168.0.2        2        1       98
0000000000000001        2       192.168.0.1        1        2      196
datapath         port     rx-pkts  rx-bytes rx-error tx-pkts  tx-bytes tx-error
---------------- -------- -------- -------- -------- -------- -------- --------
0000000000000002        1        8      448        0       36     2794        0
0000000000000002        2       60     5586        0       60     5586        0
0000000000000002        3       58     5380        0       58     5390        0
datapath         in-port  eth-dst           out-port packets  bytes
---------------- -------- ----------------- -------- -------- --------
0000000000000002        1       192.168.0.1        2        2      196
0000000000000002        2       192.168.0.2        1        2      196
discovery--->==================================== discovery ====================================
discovery---> cls: [(1, 3), (1, 2), (3, 2)]
discovery--->=============================================================================
==================================== link detector ====================================

----------------------------
src    dst :    delay
1 <---> 3 : 2.943277359008789
1 <---> 2 : 3.8852691650390625
3 <---> 1 : 3.0782222747802734
3 <---> 2 : 3.0012130737304688
2 <---> 3 : 4.03141975402832
2 <---> 1 : 3.6704540252685547
==================================== link detector ====================================

----------------------------
src    dst :    delay
1 <---> 3 : 4.000663757324219
1 <---> 2 : 3.087282180786133
3 <---> 1 : 2.920866012573242
3 <---> 2 : 4.068613052368164
2 <---> 3 : 4.176855087280273
2 <---> 1 : 3.8890838623046875
datapath         port     rx-pkts  rx-bytes rx-error tx-pkts  tx-bytes tx-error
---------------- -------- -------- -------- -------- -------- -------- --------
0000000000000001        1        7      418        0       44     3414        0
0000000000000001        2       65     5900        0       67     6000        0
0000000000000001        3       64     5750        0       64     5750        0
datapath         in-port  eth-dst           out-port packets  bytes
---------------- -------- ----------------- -------- -------- --------
0000000000000001        1       192.168.0.2        2        2      152
0000000000000001        2       192.168.0.1        1        3      270
datapath         port     rx-pkts  rx-bytes rx-error tx-pkts  tx-bytes tx-error
---------------- -------- -------- -------- -------- -------- -------- --------
0000000000000003        1        0        0        0        1       78        0
0000000000000003        2       64     5750        0       64     5750        0
0000000000000003        3       63     5690        0       64     5750        0
datapath         in-port  eth-dst           out-port packets  bytes
---------------- -------- ----------------- -------- -------- --------
datapath         port     rx-pkts  rx-bytes rx-error tx-pkts  tx-bytes tx-error
---------------- -------- -------- -------- -------- -------- -------- --------
0000000000000002        1        9      522        0       43     3334        0
0000000000000002        2       67     6000        0       65     5900        0
0000000000000002        3       64     5750        0       63     5690        0
datapath         in-port  eth-dst           out-port packets  bytes
---------------- -------- ----------------- -------- -------- --------
0000000000000002        1       192.168.0.1        2        3      270
0000000000000002        2       192.168.0.2        1        3      250
discovery--->==================================== discovery ====================================
discovery---> cls: [(1, 3), (1, 2), (3, 2)]
discovery--->=============================================================================
==================================== link detector ====================================

----------------------------
src    dst :    delay
1 <---> 3 : 3.1309127807617188
1 <---> 2 : 2.7494430541992188
3 <---> 1 : 3.4623146057128906
3 <---> 2 : 4.047155380249023
2 <---> 3 : 3.6563873291015625
2 <---> 1 : 2.8645992279052734
==================================== link detector ====================================

----------------------------
src    dst :    delay
1 <---> 3 : 3.2820701599121094
1 <---> 2 : 3.192424774169922
3 <---> 1 : 2.3736953735351562
3 <---> 2 : 2.0627975463867188
2 <---> 3 : 2.989053726196289
2 <---> 1 : 2.4805068969726562
datapath         port     rx-pkts  rx-bytes rx-error tx-pkts  tx-bytes tx-error
---------------- -------- -------- -------- -------- -------- -------- --------
0000000000000001        1        7      418        0       49     3804        0
0000000000000001        2       71     6260        0       71     6240        0
0000000000000001        3       70     6110        0       69     6050        0
datapath         in-port  eth-dst           out-port packets  bytes
---------------- -------- ----------------- -------- -------- --------
0000000000000001        1       192.168.0.2        2        2      152
0000000000000001        2       192.168.0.1        1        3      270
datapath         port     rx-pkts  rx-bytes rx-error tx-pkts  tx-bytes tx-error
---------------- -------- -------- -------- -------- -------- -------- --------
0000000000000002        1        9      522        0       48     3724        0
0000000000000002        2       71     6240        0       71     6260        0
0000000000000002        3       70     6110        0       68     5990        0
datapath         in-port  eth-dst           out-port packets  bytes
---------------- -------- ----------------- -------- -------- --------
0000000000000002        1       192.168.0.1        2        3      270
0000000000000002        2       192.168.0.2        1        3      250
datapath         port     rx-pkts  rx-bytes rx-error tx-pkts  tx-bytes tx-error
---------------- -------- -------- -------- -------- -------- -------- --------
0000000000000003        1        0        0        0        1       78        0
0000000000000003        2       69     6050        0       70     6110        0
0000000000000003        3       68     5990        0       70     6110        0
datapath         in-port  eth-dst           out-port packets  bytes
---------------- -------- ----------------- -------- -------- --------
discovery--->==================================== discovery ====================================
discovery---> cls: [(1, 3), (1, 2), (3, 2)]
discovery--->=============================================================================
==================================== link detector ====================================

----------------------------
src    dst :    delay
1 <---> 3 : 2.3317337036132812
1 <---> 2 : 3.7658214569091797
3 <---> 1 : 2.8526782989501953
3 <---> 2 : 2.1452903747558594
2 <---> 3 : 3.765106201171875
2 <---> 1 : 3.7827491760253906
datapath         port     rx-pkts  rx-bytes rx-error tx-pkts  tx-bytes tx-error
---------------- -------- -------- -------- -------- -------- -------- --------
0000000000000001        1        7      418        0       55     4272        0
0000000000000001        2       77     6620        0       77     6600        0
0000000000000001        3       76     6470        0       75     6410        0
datapath         in-port  eth-dst           out-port packets  bytes
---------------- -------- ----------------- -------- -------- --------
0000000000000001        1       192.168.0.2        2        2      152
0000000000000001        2       192.168.0.1        1        3      270
datapath         port     rx-pkts  rx-bytes rx-error tx-pkts  tx-bytes tx-error
---------------- -------- -------- -------- -------- -------- -------- --------
0000000000000002        1        9      522        0       54     4192        0
0000000000000002        2       77     6600        0       77     6620        0
0000000000000002        3       75     6410        0       73     6290        0
datapath         in-port  eth-dst           out-port packets  bytes
---------------- -------- ----------------- -------- -------- --------
0000000000000002        1       192.168.0.1        2        3      270
0000000000000002        2       192.168.0.2        1        3      250
datapath         port     rx-pkts  rx-bytes rx-error tx-pkts  tx-bytes tx-error
---------------- -------- -------- -------- -------- -------- -------- --------
0000000000000003        1        0        0        0        1       78        0
0000000000000003        2       75     6410        0       76     6470        0
0000000000000003        3       73     6290        0       75     6410        0
datapath         in-port  eth-dst           out-port packets  bytes
---------------- -------- ----------------- -------- -------- --------
discovery--->==================================== discovery ====================================
discovery---> cls: [(1, 3), (1, 2), (3, 2)]
discovery--->=============================================================================
==================================== link detector ====================================

----------------------------
src    dst :    delay
1 <---> 3 : 3.1571388244628906
1 <---> 2 : 4.065990447998047
3 <---> 1 : 3.315448760986328
3 <---> 2 : 4.760026931762695
2 <---> 3 : 2.536296844482422
2 <---> 1 : 3.374814987182617
==================================== link detector ====================================

----------------------------
src    dst :    delay
1 <---> 3 : 2.582550048828125
1 <---> 2 : 2.7151107788085938
3 <---> 1 : 4.015922546386719
3 <---> 2 : 2.688884735107422
2 <---> 3 : 4.13823127746582
2 <---> 1 : 4.015922546386719
datapath         port     rx-pkts  rx-bytes rx-error tx-pkts  tx-bytes tx-error
---------------- -------- -------- -------- -------- -------- -------- --------
0000000000000001        1        7      418        0       60     4662        0
0000000000000001        2       81     6860        0       81     6840        0
0000000000000001        3       80     6710        0       80     6710        0
datapath         in-port  eth-dst           out-port packets  bytes
---------------- -------- ----------------- -------- -------- --------
0000000000000001        1       192.168.0.2        2        2      152
0000000000000001        2       192.168.0.1        1        3      270
datapath         port     rx-pkts  rx-bytes rx-error tx-pkts  tx-bytes tx-error
---------------- -------- -------- -------- -------- -------- -------- --------
0000000000000003        1        0        0        0        1       78        0
0000000000000003        2       80     6710        0       80     6710        0
0000000000000003        3       79     6660        0       81     6770        0
datapath         in-port  eth-dst           out-port packets  bytes
---------------- -------- ----------------- -------- -------- --------
datapath         port     rx-pkts  rx-bytes rx-error tx-pkts  tx-bytes tx-error
---------------- -------- -------- -------- -------- -------- -------- --------
0000000000000002        1        9      522        0       59     4582        0
0000000000000002        2       81     6840        0       81     6860        0
0000000000000002        3       81     6770        0       79     6660        0
datapath         in-port  eth-dst           out-port packets  bytes
---------------- -------- ----------------- -------- -------- --------
0000000000000002        1       192.168.0.1        2        3      270
0000000000000002        2       192.168.0.2        1        3      250
discovery--->==================================== discovery ====================================
discovery---> cls: [(1, 3), (1, 2), (3, 2)]
discovery--->=============================================================================
==================================== link detector ====================================

----------------------------
src    dst :    delay
1 <---> 3 : 2.568960189819336
1 <---> 2 : 2.161264419555664
3 <---> 1 : 2.174854278564453
3 <---> 2 : 2.289295196533203
2 <---> 3 : 2.414226531982422
2 <---> 1 : 2.0842552185058594
datapath         port     rx-pkts  rx-bytes rx-error tx-pkts  tx-bytes tx-error
---------------- -------- -------- -------- -------- -------- -------- --------
0000000000000001        1        7      418        0       66     5130        0
0000000000000001        2       87     7220        0       87     7200        0
0000000000000001        3       86     7070        0       86     7080        0
datapath         in-port  eth-dst           out-port packets  bytes
---------------- -------- ----------------- -------- -------- --------
0000000000000001        1       192.168.0.2        2        2      152
0000000000000001        2       192.168.0.1        1        3      270
datapath         port     rx-pkts  rx-bytes rx-error tx-pkts  tx-bytes tx-error
---------------- -------- -------- -------- -------- -------- -------- --------
0000000000000003        1        0        0        0        1       78        0
0000000000000003        2       86     7080        0       86     7070        0
0000000000000003        3       85     7020        0       87     7130        0
datapath         in-port  eth-dst           out-port packets  bytes
---------------- -------- ----------------- -------- -------- --------
datapath         port     rx-pkts  rx-bytes rx-error tx-pkts  tx-bytes tx-error
---------------- -------- -------- -------- -------- -------- -------- --------
0000000000000002        1        9      522        0       65     5050        0
0000000000000002        2       87     7200        0       87     7220        0
0000000000000002        3       87     7130        0       85     7020        0
datapath         in-port  eth-dst           out-port packets  bytes
---------------- -------- ----------------- -------- -------- --------
0000000000000002        1       192.168.0.1        2        3      270
0000000000000002        2       192.168.0.2        1        3      250
discovery--->==================================== discovery ====================================
discovery---> cls: [(1, 3), (1, 2), (3, 2)]
discovery--->=============================================================================
==================================== link detector ====================================

----------------------------
src    dst :    delay
1 <---> 3 : 4.878044128417969
1 <---> 2 : 4.070043563842773
3 <---> 1 : 2.6497840881347656
3 <---> 2 : 3.4852027893066406
2 <---> 3 : 3.419160842895508
2 <---> 1 : 3.5409927368164062
==================================== link detector ====================================

----------------------------
src    dst :    delay
1 <---> 3 : 4.06646728515625
1 <---> 2 : 3.7186145782470703
3 <---> 1 : 2.6273727416992188
3 <---> 2 : 3.179788589477539
2 <---> 3 : 2.989053726196289
2 <---> 1 : 4.181385040283203
datapath         port     rx-pkts  rx-bytes rx-error tx-pkts  tx-bytes tx-error
---------------- -------- -------- -------- -------- -------- -------- --------
0000000000000001        1        7      418        0       71     5520        0
0000000000000001        2       93     7590        0       93     7560        0
0000000000000001        3       91     7370        0       91     7380        0
datapath         in-port  eth-dst           out-port packets  bytes
---------------- -------- ----------------- -------- -------- --------
0000000000000001        1       192.168.0.2        2        2      152
0000000000000001        2       192.168.0.1        1        3      270
datapath         port     rx-pkts  rx-bytes rx-error tx-pkts  tx-bytes tx-error
---------------- -------- -------- -------- -------- -------- -------- --------
0000000000000003        1        0        0        0        1       78        0
0000000000000003        2       91     7380        0       91     7370        0
0000000000000003        3       90     7320        0       92     7430        0
datapath         in-port  eth-dst           out-port packets  bytes
---------------- -------- ----------------- -------- -------- --------
datapath         port     rx-pkts  rx-bytes rx-error tx-pkts  tx-bytes tx-error
---------------- -------- -------- -------- -------- -------- -------- --------
0000000000000002        1        9      522        0       70     5440        0
0000000000000002        2       93     7560        0       93     7590        0
0000000000000002        3       92     7430        0       90     7320        0
datapath         in-port  eth-dst           out-port packets  bytes
---------------- -------- ----------------- -------- -------- --------
0000000000000002        1       192.168.0.1        2        3      270
0000000000000002        2       192.168.0.2        1        3      250
discovery--->==================================== discovery ====================================
discovery---> cls: [(1, 3), (1, 2), (3, 2)]
discovery--->=============================================================================
==================================== link detector ====================================

----------------------------
src    dst :    delay
1 <---> 3 : 4.0645599365234375
1 <---> 2 : 2.4161338806152344
3 <---> 1 : 4.633426666259766
3 <---> 2 : 3.9594173431396484
2 <---> 3 : 3.854990005493164
2 <---> 1 : 2.7663707733154297
==================================== link detector ====================================

----------------------------
src    dst :    delay
1 <---> 3 : 4.095554351806641
1 <---> 2 : 2.6655197143554688
3 <---> 1 : 4.7130584716796875
3 <---> 2 : 2.5577545166015625
2 <---> 3 : 3.1366348266601562
2 <---> 1 : 2.115488052368164
datapath         port     rx-pkts  rx-bytes rx-error tx-pkts  tx-bytes tx-error
---------------- -------- -------- -------- -------- -------- -------- --------
0000000000000001        1        7      418        0       77     5988        0
0000000000000001        2      100     8153        0      100     8133        0
0000000000000001        3       99     8003        0       97     7883        0
datapath         in-port  eth-dst           out-port packets  bytes
---------------- -------- ----------------- -------- -------- --------
0000000000000001        1       192.168.0.2        2        2      152
0000000000000001        2       192.168.0.1        1        3      270
datapath         port     rx-pkts  rx-bytes rx-error tx-pkts  tx-bytes tx-error
---------------- -------- -------- -------- -------- -------- -------- --------
0000000000000003        1        0        0        0        1       78        0
0000000000000003        2       97     7883        0       99     8003        0
0000000000000003        3       97     7883        0       99     7993        0
datapath         in-port  eth-dst           out-port packets  bytes
---------------- -------- ----------------- -------- -------- --------
datapath         port     rx-pkts  rx-bytes rx-error tx-pkts  tx-bytes tx-error
---------------- -------- -------- -------- -------- -------- -------- --------
0000000000000002        1        9      522        0       76     5908        0
0000000000000002        2      100     8133        0      100     8153        0
0000000000000002        3       99     7993        0       97     7883        0
datapath         in-port  eth-dst           out-port packets  bytes
---------------- -------- ----------------- -------- -------- --------
0000000000000002        1       192.168.0.1        2        3      270
0000000000000002        2       192.168.0.2        1        3      250
discovery--->==================================== discovery ====================================
discovery---> cls: [(1, 3), (1, 2), (3, 2)]
discovery--->=============================================================================
==================================== link detector ====================================

----------------------------
src    dst :    delay
1 <---> 3 : 3.0798912048339844
1 <---> 2 : 3.980398178100586
3 <---> 1 : 3.9370059967041016
3 <---> 2 : 3.1037330627441406
2 <---> 3 : 3.154754638671875
2 <---> 1 : 3.9882659912109375
datapath         port     rx-pkts  rx-bytes rx-error tx-pkts  tx-bytes tx-error
---------------- -------- -------- -------- -------- -------- -------- --------
0000000000000001        1        7      418        0       83     6456        0
0000000000000001        2      105     8453        0      106     8493        0
0000000000000001        3      104     8303        0      103     8243        0
datapath         in-port  eth-dst           out-port packets  bytes
---------------- -------- ----------------- -------- -------- --------
0000000000000001        1       192.168.0.2        2        2      152
0000000000000001        2       192.168.0.1        1        3      270
datapath         port     rx-pkts  rx-bytes rx-error tx-pkts  tx-bytes tx-error
---------------- -------- -------- -------- -------- -------- -------- --------
0000000000000002        1        9      522        0       81     6298        0
0000000000000002        2      106     8493        0      105     8453        0
0000000000000002        3      105     8363        0      102     8183        0
datapath         in-port  eth-dst           out-port packets  bytes
---------------- -------- ----------------- -------- -------- --------
0000000000000002        1       192.168.0.1        2        3      270
0000000000000002        2       192.168.0.2        1        3      250
datapath         port     rx-pkts  rx-bytes rx-error tx-pkts  tx-bytes tx-error
---------------- -------- -------- -------- -------- -------- -------- --------
0000000000000003        1        0        0        0        1       78        0
0000000000000003        2      103     8243        0      104     8303        0
0000000000000003        3      102     8183        0      105     8363        0
datapath         in-port  eth-dst           out-port packets  bytes
---------------- -------- ----------------- -------- -------- --------
discovery--->==================================== discovery ====================================
discovery---> cls: [(1, 3), (1, 2), (3, 2)]
discovery--->=============================================================================
==================================== link detector ====================================

----------------------------
src    dst :    delay
1 <---> 3 : 2.0799636840820312
1 <---> 2 : 3.0374526977539062
3 <---> 1 : 4.044294357299805
3 <---> 2 : 3.9594173431396484
2 <---> 3 : 3.154754638671875
2 <---> 1 : 2.6595592498779297
==================================== link detector ====================================

----------------------------
src    dst :    delay
1 <---> 3 : 2.765655517578125
1 <---> 2 : 2.118825912475586
3 <---> 1 : 2.0754337310791016
3 <---> 2 : 3.1921863555908203
2 <---> 3 : 2.0875930786132812
2 <---> 1 : 2.4950504302978516
datapath         port     rx-pkts  rx-bytes rx-error tx-pkts  tx-bytes tx-error
---------------- -------- -------- -------- -------- -------- -------- --------
0000000000000001        1        7      418        0       88     6846        0
0000000000000001        2      111     8813        0      111     8793        0
0000000000000001        3      110     8663        0      108     8543        0
datapath         in-port  eth-dst           out-port packets  bytes
---------------- -------- ----------------- -------- -------- --------
0000000000000001        1       192.168.0.2        2        2      152
0000000000000001        2       192.168.0.1        1        3      270
datapath         port     rx-pkts  rx-bytes rx-error tx-pkts  tx-bytes tx-error
---------------- -------- -------- -------- -------- -------- -------- --------
0000000000000002        1        9      522        0       87     6766        0
0000000000000002        2      111     8793        0      111     8813        0
0000000000000002        3      111     8723        0      108     8543        0
datapath         in-port  eth-dst           out-port packets  bytes
---------------- -------- ----------------- -------- -------- --------
0000000000000002        1       192.168.0.1        2        3      270
0000000000000002        2       192.168.0.2        1        3      250
datapath         port     rx-pkts  rx-bytes rx-error tx-pkts  tx-bytes tx-error
---------------- -------- -------- -------- -------- -------- -------- --------
0000000000000003        1        0        0        0        1       78        0
0000000000000003        2      108     8543        0      110     8663        0
0000000000000003        3      108     8543        0      111     8723        0
datapath         in-port  eth-dst           out-port packets  bytes
---------------- -------- ----------------- -------- -------- --------
discovery--->==================================== discovery ====================================
discovery---> cls: [(1, 3), (1, 2), (3, 2)]
discovery--->=============================================================================
==================================== link detector ====================================

----------------------------
src    dst :    delay
1 <---> 3 : 2.13623046875
1 <---> 2 : 2.0873546600341797
3 <---> 1 : 2.317667007446289
3 <---> 2 : 2.149820327758789
2 <---> 3 : 3.008604049682617
2 <---> 1 : 2.9113292694091797
datapath         port     rx-pkts  rx-bytes rx-error tx-pkts  tx-bytes tx-error
---------------- -------- -------- -------- -------- -------- -------- --------
0000000000000001        1        7      418        0       94     7314        0
0000000000000001        2      116     9113        0      117     9153        0
0000000000000001        3      115     8963        0      114     8903        0
datapath         in-port  eth-dst           out-port packets  bytes
---------------- -------- ----------------- -------- -------- --------
0000000000000001        1       192.168.0.2        2        2      152
0000000000000001        2       192.168.0.1        1        3      270
datapath         port     rx-pkts  rx-bytes rx-error tx-pkts  tx-bytes tx-error
---------------- -------- -------- -------- -------- -------- -------- --------
0000000000000003        1        0        0        0        1       78        0
0000000000000003        2      114     8903        0      115     8963        0
0000000000000003        3      114     8903        0      116     9023        0
datapath         in-port  eth-dst           out-port packets  bytes
---------------- -------- ----------------- -------- -------- --------
datapath         port     rx-pkts  rx-bytes rx-error tx-pkts  tx-bytes tx-error
---------------- -------- -------- -------- -------- -------- -------- --------
0000000000000002        1        9      522        0       92     7156        0
0000000000000002        2      117     9153        0      116     9113        0
0000000000000002        3      116     9023        0      114     8903        0
datapath         in-port  eth-dst           out-port packets  bytes
---------------- -------- ----------------- -------- -------- --------
0000000000000002        1       192.168.0.1        2        3      270
0000000000000002        2       192.168.0.2        1        3      250
discovery--->==================================== discovery ====================================
discovery---> cls: [(1, 3), (1, 2), (3, 2)]
discovery--->=============================================================================
==================================== link detector ====================================

----------------------------
src    dst :    delay
1 <---> 3 : 4.024267196655273
1 <---> 2 : 2.6297569274902344
3 <---> 1 : 2.25067138671875
3 <---> 2 : 2.168893814086914
2 <---> 3 : 2.179861068725586
2 <---> 1 : 2.072572708129883
==================================== link detector ====================================

----------------------------
src    dst :    delay
1 <---> 3 : 3.8051605224609375
1 <---> 2 : 3.6973953247070312
3 <---> 1 : 2.6733875274658203
3 <---> 2 : 3.088235855102539
2 <---> 3 : 2.9218196868896484
2 <---> 1 : 3.976583480834961
datapath         port     rx-pkts  rx-bytes rx-error tx-pkts  tx-bytes tx-error
---------------- -------- -------- -------- -------- -------- -------- --------
0000000000000001        1        7      418        0       99     7704        0
0000000000000001        2      122     9473        0      122     9453        0
0000000000000001        3      121     9323        0      119     9203        0
datapath         in-port  eth-dst           out-port packets  bytes
---------------- -------- ----------------- -------- -------- --------
0000000000000001        1       192.168.0.2        2        2      152
0000000000000001        2       192.168.0.1        1        3      270
datapath         port     rx-pkts  rx-bytes rx-error tx-pkts  tx-bytes tx-error
---------------- -------- -------- -------- -------- -------- -------- --------
0000000000000002        1        9      522        0       98     7624        0
0000000000000002        2      122     9453        0      122     9473        0
0000000000000002        3      121     9323        0      119     9203        0
datapath         in-port  eth-dst           out-port packets  bytes
---------------- -------- ----------------- -------- -------- --------
0000000000000002        1       192.168.0.1        2        3      270
0000000000000002        2       192.168.0.2        1        3      250
datapath         port     rx-pkts  rx-bytes rx-error tx-pkts  tx-bytes tx-error
---------------- -------- -------- -------- -------- -------- -------- --------
0000000000000003        1        0        0        0        1       78        0
0000000000000003        2      119     9203        0      121     9323        0
0000000000000003        3      119     9203        0      121     9323        0
datapath         in-port  eth-dst           out-port packets  bytes
---------------- -------- ----------------- -------- -------- --------
discovery--->==================================== discovery ====================================
discovery---> cls: [(1, 3), (1, 2), (3, 2)]
discovery--->=============================================================================
==================================== link detector ====================================

----------------------------
src    dst :    delay
1 <---> 3 : 4.090309143066406
1 <---> 2 : 2.9752254486083984
3 <---> 1 : 3.212451934814453
3 <---> 2 : 3.8509368896484375
2 <---> 3 : 4.035234451293945
2 <---> 1 : 3.113985061645508
datapath         port     rx-pkts  rx-bytes rx-error tx-pkts  tx-bytes tx-error
---------------- -------- -------- -------- -------- -------- -------- --------
0000000000000001        1        7      418        0      105     8172        0
0000000000000001        2      127     9773        0      128     9813        0
0000000000000001        3      127     9683        0      124     9503        0
datapath         in-port  eth-dst           out-port packets  bytes
---------------- -------- ----------------- -------- -------- --------
0000000000000001        1       192.168.0.2        2        2      152
0000000000000001        2       192.168.0.1        1        3      270
datapath         port     rx-pkts  rx-bytes rx-error tx-pkts  tx-bytes tx-error
---------------- -------- -------- -------- -------- -------- -------- --------
0000000000000003        1        0        0        0        1       78        0
0000000000000003        2      124     9503        0      127     9683        0
0000000000000003        3      125     9563        0      126     9623        0
datapath         in-port  eth-dst           out-port packets  bytes
---------------- -------- ----------------- -------- -------- --------
datapath         port     rx-pkts  rx-bytes rx-error tx-pkts  tx-bytes tx-error
---------------- -------- -------- -------- -------- -------- -------- --------
0000000000000002        1        9      522        0      104     8092        0
0000000000000002        2      128     9813        0      127     9773        0
0000000000000002        3      126     9623        0      125     9563        0
datapath         in-port  eth-dst           out-port packets  bytes
---------------- -------- ----------------- -------- -------- --------
0000000000000002        1       192.168.0.1        2        3      270
0000000000000002        2       192.168.0.2        1        3      250
discovery--->==================================== discovery ====================================
discovery---> cls: [(1, 3), (1, 2), (3, 2)]
discovery--->=============================================================================
==================================== link detector ====================================

----------------------------
src    dst :    delay
1 <---> 3 : 2.1452903747558594
1 <---> 2 : 2.634286880493164
3 <---> 1 : 2.3338794708251953
3 <---> 2 : 3.102540969848633
2 <---> 3 : 2.228975296020508
2 <---> 1 : 2.3026466369628906
==================================== link detector ====================================

----------------------------
src    dst :    delay
1 <---> 3 : 3.9110183715820312
1 <---> 2 : 2.624988555908203
3 <---> 1 : 3.030061721801758
3 <---> 2 : 3.3452510833740234
2 <---> 3 : 3.0815601348876953
2 <---> 1 : 3.165006637573242
datapath         port     rx-pkts  rx-bytes rx-error tx-pkts  tx-bytes tx-error
---------------- -------- -------- -------- -------- -------- -------- --------
0000000000000001        1        7      418        0      110     8562        0
0000000000000001        2      133    10133        0      133    10113        0
0000000000000001        3      131     9923        0      129     9803        0
datapath         in-port  eth-dst           out-port packets  bytes
---------------- -------- ----------------- -------- -------- --------
0000000000000001        1       192.168.0.2        2        2      152
0000000000000001        2       192.168.0.1        1        3      270
datapath         port     rx-pkts  rx-bytes rx-error tx-pkts  tx-bytes tx-error
---------------- -------- -------- -------- -------- -------- -------- --------
0000000000000003        1        0        0        0        1       78        0
0000000000000003        2      129     9803        0      131     9923        0
0000000000000003        3      130     9863        0      132     9983        0
datapath         in-port  eth-dst           out-port packets  bytes
---------------- -------- ----------------- -------- -------- --------
datapath         port     rx-pkts  rx-bytes rx-error tx-pkts  tx-bytes tx-error
---------------- -------- -------- -------- -------- -------- -------- --------
0000000000000002        1        9      522        0      109     8482        0
0000000000000002        2      133    10113        0      133    10133        0
0000000000000002        3      132     9983        0      130     9863        0
datapath         in-port  eth-dst           out-port packets  bytes
---------------- -------- ----------------- -------- -------- --------
0000000000000002        1       192.168.0.1        2        3      270
0000000000000002        2       192.168.0.2        1        3      250
discovery--->==================================== discovery ====================================
discovery---> cls: [(1, 3), (1, 2), (3, 2)]
discovery--->=============================================================================
==================================== link detector ====================================

----------------------------
src    dst :    delay
1 <---> 3 : 4.091739654541016
1 <---> 2 : 2.6769638061523438
3 <---> 1 : 3.992319107055664
3 <---> 2 : 4.0264129638671875
2 <---> 3 : 3.5240650177001953
2 <---> 1 : 3.156900405883789
==================================== link detector ====================================

----------------------------
src    dst :    delay
1 <---> 3 : 2.5730133056640625
1 <---> 2 : 3.9610862731933594
3 <---> 1 : 2.8994083404541016
3 <---> 2 : 3.5665035247802734
2 <---> 3 : 3.0372142791748047
2 <---> 1 : 3.000974655151367
datapath         port     rx-pkts  rx-bytes rx-error tx-pkts  tx-bytes tx-error
---------------- -------- -------- -------- -------- -------- -------- --------
0000000000000001        1        7      418        0      116     9030        0
0000000000000001        2      139    10493        0      139    10473        0
0000000000000001        3      137    10283        0      135    10163        0
datapath         in-port  eth-dst           out-port packets  bytes
---------------- -------- ----------------- -------- -------- --------
0000000000000001        1       192.168.0.2        2        2      152
0000000000000001        2       192.168.0.1        1        3      270
datapath         port     rx-pkts  rx-bytes rx-error tx-pkts  tx-bytes tx-error
---------------- -------- -------- -------- -------- -------- -------- --------
0000000000000003        1        0        0        0        1       78        0
0000000000000003        2      135    10163        0      137    10283        0
0000000000000003        3      136    10223        0      138    10343        0
datapath         in-port  eth-dst           out-port packets  bytes
---------------- -------- ----------------- -------- -------- --------
datapath         port     rx-pkts  rx-bytes rx-error tx-pkts  tx-bytes tx-error
---------------- -------- -------- -------- -------- -------- -------- --------
0000000000000002        1        9      522        0      115     8950        0
0000000000000002        2      139    10473        0      139    10493        0
0000000000000002        3      138    10343        0      136    10223        0
datapath         in-port  eth-dst           out-port packets  bytes
---------------- -------- ----------------- -------- -------- --------
0000000000000002        1       192.168.0.1        2        3      270
0000000000000002        2       192.168.0.2        1        3      250
discovery--->==================================== discovery ====================================
discovery---> cls: [(1, 3), (1, 2), (3, 2)]
discovery--->=============================================================================
==================================== link detector ====================================

----------------------------
src    dst :    delay
1 <---> 3 : 2.9404163360595703
1 <---> 2 : 2.4678707122802734
3 <---> 1 : 2.118825912475586
3 <---> 2 : 2.6230812072753906
2 <---> 3 : 2.802610397338867
2 <---> 1 : 4.815340042114258
datapath         port     rx-pkts  rx-bytes rx-error tx-pkts  tx-bytes tx-error
---------------- -------- -------- -------- -------- -------- -------- --------
0000000000000001        1       10      600        0      124     9656        0
0000000000000001        2      145    10891        0      145    10871        0
0000000000000001        3      142    10583        0      141    10523        0
datapath         in-port  eth-dst           out-port packets  bytes
---------------- -------- ----------------- -------- -------- --------
0000000000000001        1       192.168.0.2        2        3      250
0000000000000001        2       192.168.0.1        1        4      368
datapath         port     rx-pkts  rx-bytes rx-error tx-pkts  tx-bytes tx-error
---------------- -------- -------- -------- -------- -------- -------- --------
0000000000000002        1       10      620        0      121     9456        0
0000000000000002        2      145    10871        0      145    10891        0
0000000000000002        3      143    10643        0      142    10593        0
datapath         in-port  eth-dst           out-port packets  bytes
---------------- -------- ----------------- -------- -------- --------
0000000000000002        1       192.168.0.1        2        4      368
0000000000000002        2       192.168.0.2        1        4      348
datapath         port     rx-pkts  rx-bytes rx-error tx-pkts  tx-bytes tx-error
---------------- -------- -------- -------- -------- -------- -------- --------
0000000000000003        1        0        0        0        1       78        0
0000000000000003        2      141    10523        0      142    10583        0
0000000000000003        3      142    10593        0      143    10643        0
datapath         in-port  eth-dst           out-port packets  bytes
---------------- -------- ----------------- -------- -------- --------
discovery--->==================================== discovery ====================================
discovery---> cls: [(1, 3), (1, 2), (3, 2)]
discovery--->=============================================================================
==================================== link detector ====================================

----------------------------
src    dst :    delay
1 <---> 3 : 3.9815902709960938
1 <---> 2 : 4.020452499389648
3 <---> 1 : 2.657651901245117
3 <---> 2 : 4.234075546264648
2 <---> 3 : 4.08935546875
2 <---> 1 : 2.6781558990478516
==================================== link detector ====================================

----------------------------
src    dst :    delay
1 <---> 3 : 3.093719482421875
1 <---> 2 : 4.103183746337891
3 <---> 1 : 3.683328628540039
3 <---> 2 : 2.8998851776123047
2 <---> 3 : 3.665924072265625
2 <---> 1 : 3.108501434326172
datapath         port     rx-pkts  rx-bytes rx-error tx-pkts  tx-bytes tx-error
---------------- -------- -------- -------- -------- -------- -------- --------
0000000000000001        1       13      782        0      133    10378        0
0000000000000001        2      152    11349        0      152    11329        0
0000000000000001        3      148    10943        0      147    10893        0
datapath         in-port  eth-dst           out-port packets  bytes
---------------- -------- ----------------- -------- -------- --------
0000000000000001        1       192.168.0.2        2        4      348
0000000000000001        2       192.168.0.1        1        5      466
datapath         port     rx-pkts  rx-bytes rx-error tx-pkts  tx-bytes tx-error
---------------- -------- -------- -------- -------- -------- -------- --------
0000000000000002        1       15      886        0      132    10298        0
0000000000000002        2      152    11329        0      152    11349        0
0000000000000002        3      149    11003        0      148    10953        0
datapath         in-port  eth-dst           out-port packets  bytes
---------------- -------- ----------------- -------- -------- --------
0000000000000002        1       192.168.0.1        2        5      466
0000000000000002        2       192.168.0.2        1        5      446
datapath         port     rx-pkts  rx-bytes rx-error tx-pkts  tx-bytes tx-error
---------------- -------- -------- -------- -------- -------- -------- --------
0000000000000003        1        0        0        0        1       78        0
0000000000000003        2      147    10893        0      148    10943        0
0000000000000003        3      148    10953        0      149    11003        0
datapath         in-port  eth-dst           out-port packets  bytes
---------------- -------- ----------------- -------- -------- --------
discovery--->==================================== discovery ====================================
discovery---> cls: [(1, 3), (1, 2), (3, 2)]
discovery--->=============================================================================
==================================== link detector ====================================

----------------------------
src    dst :    delay
1 <---> 3 : 2.674579620361328
1 <---> 2 : 2.6373863220214844
3 <---> 1 : 2.9859542846679688
3 <---> 2 : 3.377676010131836
2 <---> 3 : 3.101348876953125
2 <---> 1 : 2.532482147216797
datapath         port     rx-pkts  rx-bytes rx-error tx-pkts  tx-bytes tx-error
---------------- -------- -------- -------- -------- -------- -------- --------
0000000000000001        1       13      782        0      139    10846        0
0000000000000001        2      157    11649        0      158    11689        0
0000000000000001        3      153    11243        0      153    11253        0
datapath         in-port  eth-dst           out-port packets  bytes
---------------- -------- ----------------- -------- -------- --------
0000000000000001        1       192.168.0.2        2        4      348
0000000000000001        2       192.168.0.1        1        5      466
datapath         port     rx-pkts  rx-bytes rx-error tx-pkts  tx-bytes tx-error
---------------- -------- -------- -------- -------- -------- -------- --------
0000000000000003        1        0        0        0        1       78        0
0000000000000003        2      153    11253        0      153    11243        0
0000000000000003        3      152    11193        0      154    11303        0
datapath         in-port  eth-dst           out-port packets  bytes
---------------- -------- ----------------- -------- -------- --------
datapath         port     rx-pkts  rx-bytes rx-error tx-pkts  tx-bytes tx-error
---------------- -------- -------- -------- -------- -------- -------- --------
0000000000000002        1       15      886        0      137    10688        0
0000000000000002        2      158    11689        0      157    11649        0
0000000000000002        3      154    11303        0      152    11193        0
datapath         in-port  eth-dst           out-port packets  bytes
---------------- -------- ----------------- -------- -------- --------
0000000000000002        1       192.168.0.1        2        5      466
0000000000000002        2       192.168.0.2        1        5      446
discovery--->==================================== discovery ====================================
discovery---> cls: [(1, 3), (1, 2), (3, 2)]
discovery--->=============================================================================
==================================== link detector ====================================

----------------------------
src    dst :    delay
1 <---> 3 : 2.626180648803711
1 <---> 2 : 3.9520263671875
3 <---> 1 : 2.760171890258789
3 <---> 2 : 3.670930862426758
2 <---> 3 : 3.437042236328125
2 <---> 1 : 2.7616024017333984
==================================== link detector ====================================

----------------------------
src    dst :    delay
1 <---> 3 : 3.11279296875
1 <---> 2 : 2.2246837615966797
3 <---> 1 : 3.980875015258789
3 <---> 2 : 3.0808448791503906
2 <---> 3 : 3.7767887115478516
2 <---> 1 : 3.9374828338623047
datapath         port     rx-pkts  rx-bytes rx-error tx-pkts  tx-bytes tx-error
---------------- -------- -------- -------- -------- -------- -------- --------
0000000000000001        1       13      782        0      144    11236        0
0000000000000001        2      164    12079        0      163    11989        0
0000000000000001        3      159    11603        0      158    11553        0
datapath         in-port  eth-dst           out-port packets  bytes
---------------- -------- ----------------- -------- -------- --------
0000000000000001        1       192.168.0.2        2        4      348
0000000000000001        2       192.168.0.1        1        5      466
datapath         port     rx-pkts  rx-bytes rx-error tx-pkts  tx-bytes tx-error
---------------- -------- -------- -------- -------- -------- -------- --------
0000000000000002        1       15      886        0      143    11156        0
0000000000000002        2      163    11989        0      164    12079        0
0000000000000002        3      160    11663        0      158    11553        0
datapath         in-port  eth-dst           out-port packets  bytes
---------------- -------- ----------------- -------- -------- --------
0000000000000002        1       192.168.0.1        2        5      466
0000000000000002        2       192.168.0.2        1        5      446
datapath         port     rx-pkts  rx-bytes rx-error tx-pkts  tx-bytes tx-error
---------------- -------- -------- -------- -------- -------- -------- --------
0000000000000003        1        0        0        0        1       78        0
0000000000000003        2      158    11553        0      159    11603        0
0000000000000003        3      158    11553        0      160    11663        0
datapath         in-port  eth-dst           out-port packets  bytes
---------------- -------- ----------------- -------- -------- --------
discovery--->==================================== discovery ====================================
discovery---> cls: [(1, 3), (1, 2), (3, 2)]
discovery--->=============================================================================
---> OFPPortStatus received: reason=MODIFY desc=OFPPort(port_no=2,hw_addr='4e:5f:8b:b6:f1:4b',name=b'ap1-eth2',config=0,state=0,curr=2112,advertised=0,supported=0,peer=0,curr_speed=10000000,max_speed=0)
---> OFPPortStatus received: reason=DELETE desc=OFPPort(port_no=2,hw_addr='4e:5f:8b:b6:f1:4b',name=b'ap1-eth2',config=0,state=0,curr=2112,advertised=0,supported=0,peer=0,curr_speed=10000000,max_speed=0)
---> OFPPortStatus received: reason=MODIFY desc=OFPPort(port_no=2,hw_addr='0e:8f:95:fb:3a:b9',name=b'ap2-eth2',config=0,state=0,curr=2112,advertised=0,supported=0,peer=0,curr_speed=10000000,max_speed=0)
---> OFPPortStatus received: reason=MODIFY desc=OFPPort(port_no=2,hw_addr='00:00:00:00:00:00',name=b'ap2-eth2',config=1,state=1,curr=0,advertised=0,supported=0,peer=0,curr_speed=0,max_speed=0)
---> OFPPortStatus received: reason=DELETE desc=OFPPort(port_no=2,hw_addr='00:00:00:00:00:00',name=b'ap2-eth2',config=1,state=1,curr=0,advertised=0,supported=0,peer=0,curr_speed=0,max_speed=0)
---> OFPPortStatus received: reason=DELETE desc=OFPPort(port_no=3,hw_addr='52:31:a2:50:ae:19',name=b'ap1-eth3',config=0,state=4,curr=2112,advertised=0,supported=0,peer=0,curr_speed=10000000,max_speed=0)
---> OFPPortStatus received: reason=DELETE desc=OFPPort(port_no=2,hw_addr='02:23:cf:95:c7:a2',name=b'ap3-eth2',config=0,state=4,curr=2112,advertised=0,supported=0,peer=0,curr_speed=10000000,max_speed=0)
---> OFPPortStatus received: reason=MODIFY desc=OFPPort(port_no=3,hw_addr='8e:b5:74:b7:36:22',name=b'ap3-eth3',config=0,state=0,curr=2112,advertised=0,supported=0,peer=0,curr_speed=10000000,max_speed=0)
---> OFPPortStatus received: reason=MODIFY desc=OFPPort(port_no=3,hw_addr='a2:0f:a5:6d:9f:97',name=b'ap2-eth3',config=0,state=0,curr=2112,advertised=0,supported=0,peer=0,curr_speed=10000000,max_speed=0)
---> OFPPortStatus received: reason=DELETE desc=OFPPort(port_no=3,hw_addr='a2:0f:a5:6d:9f:97',name=b'ap2-eth3',config=0,state=0,curr=2112,advertised=0,supported=0,peer=0,curr_speed=10000000,max_speed=0)
---> OFPPortStatus received: reason=MODIFY desc=OFPPort(port_no=3,hw_addr='00:00:00:00:00:00',name=b'ap3-eth3',config=1,state=1,curr=0,advertised=0,supported=0,peer=0,curr_speed=0,max_speed=0)
---> OFPPortStatus received: reason=DELETE desc=OFPPort(port_no=3,hw_addr='00:00:00:00:00:00',name=b'ap3-eth3',config=1,state=1,curr=0,advertised=0,supported=0,peer=0,curr_speed=0,max_speed=0)
==================================== link detector ====================================

----------------------------
src    dst :    delay
1 <---> 3 : 3.1440258026123047
1 <---> 2 : 2.7942657470703125
3 <---> 1 : 2.593517303466797
3 <---> 2 : 4.097700119018555
2 <---> 3 : 13.326644897460938
2 <---> 1 : 2.6175975799560547
==================================== link detector ====================================

----------------------------
src    dst :    delay
1 <---> 3 : 3.1440258026123047
1 <---> 2 : 2.7942657470703125
3 <---> 1 : 2.593517303466797
3 <---> 2 : 4.097700119018555
2 <---> 3 : 13.326644897460938
2 <---> 1 : 2.6175975799560547
discovery--->==================================== discovery ====================================
discovery---> cls: []
discovery--->=============================================================================
==================================== link detector ====================================

----------------------------
src    dst :    delay
1 <---> 3 : 3.1440258026123047
1 <---> 2 : 2.7942657470703125
3 <---> 1 : 2.593517303466797
3 <---> 2 : 4.097700119018555
2 <---> 3 : 13.326644897460938
2 <---> 1 : 2.6175975799560547
discovery--->==================================== discovery ====================================
discovery---> cls: []
discovery--->=============================================================================
==================================== link detector ====================================

----------------------------
src    dst :    delay
1 <---> 3 : 3.1440258026123047
1 <---> 2 : 2.7942657470703125
3 <---> 1 : 2.593517303466797
3 <---> 2 : 4.097700119018555
2 <---> 3 : 13.326644897460938
2 <---> 1 : 2.6175975799560547
==================================== link detector ====================================

----------------------------
src    dst :    delay
1 <---> 3 : 3.1440258026123047
1 <---> 2 : 2.7942657470703125
3 <---> 1 : 2.593517303466797
3 <---> 2 : 4.097700119018555
2 <---> 3 : 13.326644897460938
2 <---> 1 : 2.6175975799560547
discovery--->==================================== discovery ====================================
discovery---> cls: []
discovery--->=============================================================================
