loading app network_structure.py
Matplotlib created a temporary config/cache directory at /tmp/matplotlib-q6zqc157 because the default path (/home/terry/.config/matplotlib) is not a writable directory; it is highly recommended to set the MPLCONFIGDIR environment variable to a writable directory, in particular to speed up the import of Matplotlib and to better support multiprocessing.
Generating new fontManager, this may take some time...
Failed to extract font properties from /usr/share/fonts/truetype/noto/NotoColorEmoji.ttf: In FT2Font: Can not load face.  Unknown file format.
loading app network_monitor.py
loading app ryu.controller.ofp_handler
loading app ryu.topology.switches
loading app ryu.controller.ofp_handler
instantiating app network_structure.py of NetworkStructure
instantiating app network_monitor.py of NetworkMonitor
instantiating app ryu.controller.ofp_handler of OFPHandler
instantiating app ryu.topology.switches of Switches
discovery---> AccessPoint: 1 connected
discovery---> AccessPoint: 2 connected
discovery---> AccessPoint: 3 connected
discovery---> AccessPoint: 4 connected
discovery---> AccessPoint: 5 connected
discovery---> AccessPoint: 6 connected
monitor---->register datapath: 1000000000000006
monitor---->register datapath: 1000000000000004
monitor---->register datapath: 1000000000000005
monitor---->register datapath: 1000000000000002
monitor---->register datapath: 1000000000000003
monitor---->register datapath: 1000000000000001
monitor: Exception occurred during handler processing. Backtrace from offending handler [port_desc_stats_reply_handler] servicing event [EventOFPPortDescStatsReply] follows.
Traceback (most recent call last):
  File "/usr/local/lib/python3.6/dist-packages/ryu/base/app_manager.py", line 290, in _event_loop
    handler(ev)
  File "/home/terry/LJQ/Task/ryu/network_monitor.py", line 144, in port_desc_stats_reply_handler
    self.dpid_port_fueatures_table[dpid][ofport.port_no] = port_features
KeyError: 2
monitor: Exception occurred during handler processing. Backtrace from offending handler [port_desc_stats_reply_handler] servicing event [EventOFPPortDescStatsReply] follows.
Traceback (most recent call last):
  File "/usr/local/lib/python3.6/dist-packages/ryu/base/app_manager.py", line 290, in _event_loop
    handler(ev)
  File "/home/terry/LJQ/Task/ryu/network_monitor.py", line 144, in port_desc_stats_reply_handler
    self.dpid_port_fueatures_table[dpid][ofport.port_no] = port_features
KeyError: 1
monitor: Exception occurred during handler processing. Backtrace from offending handler [port_desc_stats_reply_handler] servicing event [EventOFPPortDescStatsReply] follows.
Traceback (most recent call last):
  File "/usr/local/lib/python3.6/dist-packages/ryu/base/app_manager.py", line 290, in _event_loop
    handler(ev)
  File "/home/terry/LJQ/Task/ryu/network_monitor.py", line 144, in port_desc_stats_reply_handler
    self.dpid_port_fueatures_table[dpid][ofport.port_no] = port_features
KeyError: 5
monitor: Exception occurred during handler processing. Backtrace from offending handler [port_desc_stats_reply_handler] servicing event [EventOFPPortDescStatsReply] follows.
Traceback (most recent call last):
  File "/usr/local/lib/python3.6/dist-packages/ryu/base/app_manager.py", line 290, in _event_loop
    handler(ev)
  File "/home/terry/LJQ/Task/ryu/network_monitor.py", line 144, in port_desc_stats_reply_handler
    self.dpid_port_fueatures_table[dpid][ofport.port_no] = port_features
KeyError: 4
monitor: Exception occurred during handler processing. Backtrace from offending handler [port_desc_stats_reply_handler] servicing event [EventOFPPortDescStatsReply] follows.
Traceback (most recent call last):
  File "/usr/local/lib/python3.6/dist-packages/ryu/base/app_manager.py", line 290, in _event_loop
    handler(ev)
  File "/home/terry/LJQ/Task/ryu/network_monitor.py", line 144, in port_desc_stats_reply_handler
    self.dpid_port_fueatures_table[dpid][ofport.port_no] = port_features
KeyError: 3
monitor: Exception occurred during handler processing. Backtrace from offending handler [port_desc_stats_reply_handler] servicing event [EventOFPPortDescStatsReply] follows.
Traceback (most recent call last):
  File "/usr/local/lib/python3.6/dist-packages/ryu/base/app_manager.py", line 290, in _event_loop
    handler(ev)
  File "/home/terry/LJQ/Task/ryu/network_monitor.py", line 144, in port_desc_stats_reply_handler
    self.dpid_port_fueatures_table[dpid][ofport.port_no] = port_features
KeyError: 6
monitor: Exception occurred during handler processing. Backtrace from offending handler [port_desc_stats_reply_handler] servicing event [EventOFPPortDescStatsReply] follows.
Traceback (most recent call last):
  File "/usr/local/lib/python3.6/dist-packages/ryu/base/app_manager.py", line 290, in _event_loop
    handler(ev)
  File "/home/terry/LJQ/Task/ryu/network_monitor.py", line 144, in port_desc_stats_reply_handler
    self.dpid_port_fueatures_table[dpid][ofport.port_no] = port_features
KeyError: 2
monitor: Exception occurred during handler processing. Backtrace from offending handler [port_desc_stats_reply_handler] servicing event [EventOFPPortDescStatsReply] follows.
Traceback (most recent call last):
  File "/usr/local/lib/python3.6/dist-packages/ryu/base/app_manager.py", line 290, in _event_loop
    handler(ev)
  File "/home/terry/LJQ/Task/ryu/network_monitor.py", line 144, in port_desc_stats_reply_handler
    self.dpid_port_fueatures_table[dpid][ofport.port_no] = port_features
KeyError: 1
monitor: Exception occurred during handler processing. Backtrace from offending handler [port_desc_stats_reply_handler] servicing event [EventOFPPortDescStatsReply] follows.
Traceback (most recent call last):
  File "/usr/local/lib/python3.6/dist-packages/ryu/base/app_manager.py", line 290, in _event_loop
    handler(ev)
  File "/home/terry/LJQ/Task/ryu/network_monitor.py", line 144, in port_desc_stats_reply_handler
    self.dpid_port_fueatures_table[dpid][ofport.port_no] = port_features
KeyError: 5
monitor: Exception occurred during handler processing. Backtrace from offending handler [port_desc_stats_reply_handler] servicing event [EventOFPPortDescStatsReply] follows.
Traceback (most recent call last):
  File "/usr/local/lib/python3.6/dist-packages/ryu/base/app_manager.py", line 290, in _event_loop
    handler(ev)
  File "/home/terry/LJQ/Task/ryu/network_monitor.py", line 144, in port_desc_stats_reply_handler
    self.dpid_port_fueatures_table[dpid][ofport.port_no] = port_features
KeyError: 6
monitor: Exception occurred during handler processing. Backtrace from offending handler [port_desc_stats_reply_handler] servicing event [EventOFPPortDescStatsReply] follows.
Traceback (most recent call last):
  File "/usr/local/lib/python3.6/dist-packages/ryu/base/app_manager.py", line 290, in _event_loop
    handler(ev)
  File "/home/terry/LJQ/Task/ryu/network_monitor.py", line 144, in port_desc_stats_reply_handler
    self.dpid_port_fueatures_table[dpid][ofport.port_no] = port_features
KeyError: 4
monitor: Exception occurred during handler processing. Backtrace from offending handler [port_desc_stats_reply_handler] servicing event [EventOFPPortDescStatsReply] follows.
Traceback (most recent call last):
  File "/usr/local/lib/python3.6/dist-packages/ryu/base/app_manager.py", line 290, in _event_loop
    handler(ev)
  File "/home/terry/LJQ/Task/ryu/network_monitor.py", line 144, in port_desc_stats_reply_handler
    self.dpid_port_fueatures_table[dpid][ofport.port_no] = port_features
KeyError: 3
monitor: Exception occurred during handler processing. Backtrace from offending handler [port_desc_stats_reply_handler] servicing event [EventOFPPortDescStatsReply] follows.
Traceback (most recent call last):
  File "/usr/local/lib/python3.6/dist-packages/ryu/base/app_manager.py", line 290, in _event_loop
    handler(ev)
  File "/home/terry/LJQ/Task/ryu/network_monitor.py", line 144, in port_desc_stats_reply_handler
    self.dpid_port_fueatures_table[dpid][ofport.port_no] = port_features
KeyError: 2
monitor: Exception occurred during handler processing. Backtrace from offending handler [port_desc_stats_reply_handler] servicing event [EventOFPPortDescStatsReply] follows.
Traceback (most recent call last):
  File "/usr/local/lib/python3.6/dist-packages/ryu/base/app_manager.py", line 290, in _event_loop
    handler(ev)
  File "/home/terry/LJQ/Task/ryu/network_monitor.py", line 144, in port_desc_stats_reply_handler
    self.dpid_port_fueatures_table[dpid][ofport.port_no] = port_features
KeyError: 1
monitor: Exception occurred during handler processing. Backtrace from offending handler [port_desc_stats_reply_handler] servicing event [EventOFPPortDescStatsReply] follows.
Traceback (most recent call last):
  File "/usr/local/lib/python3.6/dist-packages/ryu/base/app_manager.py", line 290, in _event_loop
    handler(ev)
  File "/home/terry/LJQ/Task/ryu/network_monitor.py", line 144, in port_desc_stats_reply_handler
    self.dpid_port_fueatures_table[dpid][ofport.port_no] = port_features
KeyError: 4
monitor: Exception occurred during handler processing. Backtrace from offending handler [port_desc_stats_reply_handler] servicing event [EventOFPPortDescStatsReply] follows.
Traceback (most recent call last):
  File "/usr/local/lib/python3.6/dist-packages/ryu/base/app_manager.py", line 290, in _event_loop
    handler(ev)
  File "/home/terry/LJQ/Task/ryu/network_monitor.py", line 144, in port_desc_stats_reply_handler
    self.dpid_port_fueatures_table[dpid][ofport.port_no] = port_features
KeyError: 5
monitor: Exception occurred during handler processing. Backtrace from offending handler [port_desc_stats_reply_handler] servicing event [EventOFPPortDescStatsReply] follows.
Traceback (most recent call last):
  File "/usr/local/lib/python3.6/dist-packages/ryu/base/app_manager.py", line 290, in _event_loop
    handler(ev)
  File "/home/terry/LJQ/Task/ryu/network_monitor.py", line 144, in port_desc_stats_reply_handler
    self.dpid_port_fueatures_table[dpid][ofport.port_no] = port_features
KeyError: 3
monitor: Exception occurred during handler processing. Backtrace from offending handler [port_desc_stats_reply_handler] servicing event [EventOFPPortDescStatsReply] follows.
Traceback (most recent call last):
  File "/usr/local/lib/python3.6/dist-packages/ryu/base/app_manager.py", line 290, in _event_loop
    handler(ev)
  File "/home/terry/LJQ/Task/ryu/network_monitor.py", line 144, in port_desc_stats_reply_handler
    self.dpid_port_fueatures_table[dpid][ofport.port_no] = port_features
KeyError: 6
monitor: Exception occurred during handler processing. Backtrace from offending handler [port_desc_stats_reply_handler] servicing event [EventOFPPortDescStatsReply] follows.
Traceback (most recent call last):
  File "/usr/local/lib/python3.6/dist-packages/ryu/base/app_manager.py", line 290, in _event_loop
    handler(ev)
  File "/home/terry/LJQ/Task/ryu/network_monitor.py", line 144, in port_desc_stats_reply_handler
    self.dpid_port_fueatures_table[dpid][ofport.port_no] = port_features
KeyError: 2
monitor: Exception occurred during handler processing. Backtrace from offending handler [port_desc_stats_reply_handler] servicing event [EventOFPPortDescStatsReply] follows.
Traceback (most recent call last):
  File "/usr/local/lib/python3.6/dist-packages/ryu/base/app_manager.py", line 290, in _event_loop
    handler(ev)
  File "/home/terry/LJQ/Task/ryu/network_monitor.py", line 144, in port_desc_stats_reply_handler
    self.dpid_port_fueatures_table[dpid][ofport.port_no] = port_features
KeyError: 1
monitor: Exception occurred during handler processing. Backtrace from offending handler [port_desc_stats_reply_handler] servicing event [EventOFPPortDescStatsReply] follows.
Traceback (most recent call last):
  File "/usr/local/lib/python3.6/dist-packages/ryu/base/app_manager.py", line 290, in _event_loop
    handler(ev)
  File "/home/terry/LJQ/Task/ryu/network_monitor.py", line 144, in port_desc_stats_reply_handler
    self.dpid_port_fueatures_table[dpid][ofport.port_no] = port_features
KeyError: 6
monitor: Exception occurred during handler processing. Backtrace from offending handler [port_desc_stats_reply_handler] servicing event [EventOFPPortDescStatsReply] follows.
Traceback (most recent call last):
  File "/usr/local/lib/python3.6/dist-packages/ryu/base/app_manager.py", line 290, in _event_loop
    handler(ev)
  File "/home/terry/LJQ/Task/ryu/network_monitor.py", line 144, in port_desc_stats_reply_handler
    self.dpid_port_fueatures_table[dpid][ofport.port_no] = port_features
KeyError: 3
monitor: Exception occurred during handler processing. Backtrace from offending handler [port_desc_stats_reply_handler] servicing event [EventOFPPortDescStatsReply] follows.
Traceback (most recent call last):
  File "/usr/local/lib/python3.6/dist-packages/ryu/base/app_manager.py", line 290, in _event_loop
    handler(ev)
  File "/home/terry/LJQ/Task/ryu/network_monitor.py", line 144, in port_desc_stats_reply_handler
    self.dpid_port_fueatures_table[dpid][ofport.port_no] = port_features
KeyError: 5
monitor: Exception occurred during handler processing. Backtrace from offending handler [port_desc_stats_reply_handler] servicing event [EventOFPPortDescStatsReply] follows.
Traceback (most recent call last):
  File "/usr/local/lib/python3.6/dist-packages/ryu/base/app_manager.py", line 290, in _event_loop
    handler(ev)
  File "/home/terry/LJQ/Task/ryu/network_monitor.py", line 144, in port_desc_stats_reply_handler
    self.dpid_port_fueatures_table[dpid][ofport.port_no] = port_features
KeyError: 4
monitor: Exception occurred during handler processing. Backtrace from offending handler [port_desc_stats_reply_handler] servicing event [EventOFPPortDescStatsReply] follows.
Traceback (most recent call last):
  File "/usr/local/lib/python3.6/dist-packages/ryu/base/app_manager.py", line 290, in _event_loop
    handler(ev)
  File "/home/terry/LJQ/Task/ryu/network_monitor.py", line 144, in port_desc_stats_reply_handler
    self.dpid_port_fueatures_table[dpid][ofport.port_no] = port_features
KeyError: 2
monitor: Exception occurred during handler processing. Backtrace from offending handler [port_desc_stats_reply_handler] servicing event [EventOFPPortDescStatsReply] follows.
Traceback (most recent call last):
  File "/usr/local/lib/python3.6/dist-packages/ryu/base/app_manager.py", line 290, in _event_loop
    handler(ev)
  File "/home/terry/LJQ/Task/ryu/network_monitor.py", line 144, in port_desc_stats_reply_handler
    self.dpid_port_fueatures_table[dpid][ofport.port_no] = port_features
KeyError: 1
monitor: Exception occurred during handler processing. Backtrace from offending handler [port_desc_stats_reply_handler] servicing event [EventOFPPortDescStatsReply] follows.
Traceback (most recent call last):
  File "/usr/local/lib/python3.6/dist-packages/ryu/base/app_manager.py", line 290, in _event_loop
    handler(ev)
  File "/home/terry/LJQ/Task/ryu/network_monitor.py", line 144, in port_desc_stats_reply_handler
    self.dpid_port_fueatures_table[dpid][ofport.port_no] = port_features
KeyError: 5
monitor: Exception occurred during handler processing. Backtrace from offending handler [port_desc_stats_reply_handler] servicing event [EventOFPPortDescStatsReply] follows.
Traceback (most recent call last):
  File "/usr/local/lib/python3.6/dist-packages/ryu/base/app_manager.py", line 290, in _event_loop
    handler(ev)
  File "/home/terry/LJQ/Task/ryu/network_monitor.py", line 144, in port_desc_stats_reply_handler
    self.dpid_port_fueatures_table[dpid][ofport.port_no] = port_features
KeyError: 4
monitor: Exception occurred during handler processing. Backtrace from offending handler [port_desc_stats_reply_handler] servicing event [EventOFPPortDescStatsReply] follows.
Traceback (most recent call last):
  File "/usr/local/lib/python3.6/dist-packages/ryu/base/app_manager.py", line 290, in _event_loop
    handler(ev)
  File "/home/terry/LJQ/Task/ryu/network_monitor.py", line 144, in port_desc_stats_reply_handler
    self.dpid_port_fueatures_table[dpid][ofport.port_no] = port_features
KeyError: 3
monitor: Exception occurred during handler processing. Backtrace from offending handler [port_desc_stats_reply_handler] servicing event [EventOFPPortDescStatsReply] follows.
Traceback (most recent call last):
  File "/usr/local/lib/python3.6/dist-packages/ryu/base/app_manager.py", line 290, in _event_loop
    handler(ev)
  File "/home/terry/LJQ/Task/ryu/network_monitor.py", line 144, in port_desc_stats_reply_handler
    self.dpid_port_fueatures_table[dpid][ofport.port_no] = port_features
KeyError: 6
