loading app network_structure.py
Matplotlib created a temporary config/cache directory at /tmp/matplotlib-msp4re67 because the default path (/home/terry/.config/matplotlib) is not a writable directory; it is highly recommended to set the MPLCONFIGDIR environment variable to a writable directory, in particular to speed up the import of Matplotlib and to better support multiprocessing.
Generating new fontManager, this may take some time...
Failed to extract font properties from /usr/share/fonts/truetype/noto/NotoColorEmoji.ttf: In FT2Font: Can not load face.  Unknown file format.
loading app network_monitor.py
loading app ryu.controller.ofp_handler
loading app ryu.topology.switches
loading app ryu.controller.ofp_handler
instantiating app network_structure.py of NetworkStructure
instantiating app network_monitor.py of NetworkMonitor
instantiating app ryu.controller.ofp_handler of OFPHandler
instantiating app ryu.topology.switches of Switches
discovery---> AccessPoint: 1 connected
discovery---> AccessPoint: 1 connected
discovery---> AccessPoint: 2 connected
discovery---> AccessPoint: 3 connected
discovery---> AccessPoint: 3 connected
discovery---> AccessPoint: 1 connected
monitor---->register datapath: 1000000000000006
monitor---->register datapath: 1000000000000002
monitor---->register datapath: 1000000000000003
monitor---->register datapath: 1000000000000005
monitor---->register datapath: 1000000000000004
monitor---->register datapath: 1000000000000001
discovery--->==================================== discovery ====================================
discovery---> cls: [(3, 4), (3, 2), (3, 6), (4, 5), (2, 6), (2, 5), (2, 1), (5, 1)]
discovery--->=============================================================================
datapath         port     rx-pkts  rx-bytes rx-error tx-pkts  tx-bytes tx-error
---------------- -------- -------- -------- -------- -------- -------- --------
0000000000000004        1       20     1232        0      763    59394        0
0000000000000004        2      786    49893        0      785    49833        0
0000000000000004        3      785    49795        0      789    50035        0
datapath         in-port  eth-dst           out-port packets  bytes
---------------- -------- ----------------- -------- -------- --------
0000000000000004        1       192.168.0.3        2        2      196
0000000000000004        1       192.168.0.5        3        1       98
0000000000000004        2       192.168.0.4        1        2      196
0000000000000004        3       192.168.0.4        1        1       98
datapath         port     rx-pkts  rx-bytes rx-error tx-pkts  tx-bytes tx-error
---------------- -------- -------- -------- -------- -------- -------- --------
0000000000000006        1       14      924        0      763    59412        0
0000000000000006        2      786    49893        0      788    50013        0
0000000000000006        3      785    49795        0      784    49735        0
datapath         in-port  eth-dst           out-port packets  bytes
---------------- -------- ----------------- -------- -------- --------
0000000000000006        1       192.168.0.2        2        2      196
0000000000000006        1       192.168.0.3        3        0        0
0000000000000006        2       192.168.0.6        1        2      196
0000000000000006        3       192.168.0.6        1        1       98
datapath         port     rx-pkts  rx-bytes rx-error tx-pkts  tx-bytes tx-error
---------------- -------- -------- -------- -------- -------- -------- --------
0000000000000002        1       14      924        0      754    58780        0
0000000000000002        2      783    49637        0      786    49817        0
0000000000000002        3      784    49697        0      784    49697        0
0000000000000002        4      784    49697        0      783    49637        0
0000000000000002        5      788    50013        0      786    49893        0
datapath         in-port  eth-dst           out-port packets  bytes
---------------- -------- ----------------- -------- -------- --------
0000000000000002        1       192.168.0.6        5        1       98
0000000000000002        5       192.168.0.2        1        2      196
datapath         port     rx-pkts  rx-bytes rx-error tx-pkts  tx-bytes tx-error
---------------- -------- -------- -------- -------- -------- -------- --------
0000000000000005        1       14      868        0      761    59200        0
0000000000000005        2      784    49735        0      786    49855        0
0000000000000005        3      783    49637        0      784    49697        0
0000000000000005        4      789    50035        0      785    49795        0
datapath         in-port  eth-dst           out-port packets  bytes
---------------- -------- ----------------- -------- -------- --------
0000000000000005        1       192.168.0.1        2        0        0
0000000000000005        1       192.168.0.4        4        0        0
0000000000000005        2       192.168.0.5        1        1       98
0000000000000005        4       192.168.0.5        1        1       98
datapath         port     rx-pkts  rx-bytes rx-error tx-pkts  tx-bytes tx-error
---------------- -------- -------- -------- -------- -------- -------- --------
0000000000000003        1       17     1106        0      759    59172        0
0000000000000003        2      784    49697        0      784    49697        0
0000000000000003        3      785    49833        0      786    49893        0
0000000000000003        4      784    49735        0      785    49795        0
datapath         in-port  eth-dst           out-port packets  bytes
---------------- -------- ----------------- -------- -------- --------
0000000000000003        1       192.168.0.4        3        1       98
0000000000000003        1       192.168.0.6        4        1       98
0000000000000003        3       192.168.0.3        1        2      196
0000000000000003        4       192.168.0.3        1        1       98
datapath         port     rx-pkts  rx-bytes rx-error tx-pkts  tx-bytes tx-error
---------------- -------- -------- -------- -------- -------- -------- --------
0000000000000001        1       12      840        0      778    60326        0
0000000000000001        2      786    49817        0      783    49637        0
0000000000000001        3      786    49855        0      784    49735        0
datapath         in-port  eth-dst           out-port packets  bytes
---------------- -------- ----------------- -------- -------- --------
0000000000000001        1       192.168.0.5        3        1       98
0000000000000001        3       192.168.0.1        1        1       98
discovery--->==================================== discovery ====================================
discovery---> cls: [(3, 4), (3, 2), (3, 6), (4, 5), (2, 6), (2, 5), (2, 1), (5, 1)]
discovery--->=============================================================================
hub: uncaught exception: Traceback (most recent call last):
  File "/usr/local/lib/python3.6/dist-packages/ryu/lib/hub.py", line 60, in _launch
    return func(*args, **kwargs)
  File "/home/terry/LJQ/Task/ryu/network_monitor.py", line 60, in scheduler
    self.create_bandwidth_graph()
  File "/home/terry/LJQ/Task/ryu/network_monitor.py", line 324, in create_bandwidth_graph
    capacity = self.network_structure.m_graph[src_dpid][dst_dpid]['bw']
  File "/home/terry/.local/lib/python3.6/site-packages/networkx/classes/coreviews.py", line 51, in __getitem__
    return self._atlas[key]
KeyError: 4

datapath         port     rx-pkts  rx-bytes rx-error tx-pkts  tx-bytes tx-error
---------------- -------- -------- -------- -------- -------- -------- --------
0000000000000006        1       14      924        0      767    59724        0
0000000000000006        2      790    50133        0      793    50313        0
0000000000000006        3      789    50035        0      789    50035        0
datapath         in-port  eth-dst           out-port packets  bytes
---------------- -------- ----------------- -------- -------- --------
0000000000000006        1       192.168.0.2        2        2      196
0000000000000006        1       192.168.0.3        3        0        0
0000000000000006        2       192.168.0.6        1        2      196
0000000000000006        3       192.168.0.6        1        1       98
datapath         port     rx-pkts  rx-bytes rx-error tx-pkts  tx-bytes tx-error
---------------- -------- -------- -------- -------- -------- -------- --------
0000000000000004        1       20     1232        0      768    59784        0
0000000000000004        2      790    50133        0      790    50133        0
0000000000000004        3      790    50095        0      793    50275        0
datapath         in-port  eth-dst           out-port packets  bytes
---------------- -------- ----------------- -------- -------- --------
0000000000000004        1       192.168.0.3        2        2      196
0000000000000004        1       192.168.0.5        3        1       98
0000000000000004        2       192.168.0.4        1        2      196
0000000000000004        3       192.168.0.4        1        1       98
datapath         port     rx-pkts  rx-bytes rx-error tx-pkts  tx-bytes tx-error
---------------- -------- -------- -------- -------- -------- -------- --------
0000000000000005        1       14      868        0      766    59590        0
0000000000000005        2      788    49975        0      791    50155        0
0000000000000005        3      787    49877        0      789    49997        0
0000000000000005        4      793    50275        0      790    50095        0
datapath         in-port  eth-dst           out-port packets  bytes
---------------- -------- ----------------- -------- -------- --------
0000000000000005        1       192.168.0.1        2        0        0
0000000000000005        1       192.168.0.4        4        0        0
0000000000000005        2       192.168.0.5        1        1       98
0000000000000005        4       192.168.0.5        1        1       98
datapath         port     rx-pkts  rx-bytes rx-error tx-pkts  tx-bytes tx-error
---------------- -------- -------- -------- -------- -------- -------- --------
0000000000000002        1       14      924        0      758    59092        0
0000000000000002        2      788    49937        0      790    50057        0
0000000000000002        3      788    49937        0      789    49997        0
0000000000000002        4      789    49997        0      787    49877        0
0000000000000002        5      793    50313        0      790    50133        0
datapath         in-port  eth-dst           out-port packets  bytes
---------------- -------- ----------------- -------- -------- --------
0000000000000002        1       192.168.0.6        5        1       98
0000000000000002        5       192.168.0.2        1        2      196
datapath         port     rx-pkts  rx-bytes rx-error tx-pkts  tx-bytes tx-error
---------------- -------- -------- -------- -------- -------- -------- --------
0000000000000003        1       17     1106        0      763    59484        0
0000000000000003        2      789    49997        0      788    49937        0
0000000000000003        3      790    50133        0      790    50133        0
0000000000000003        4      789    50035        0      789    50035        0
datapath         in-port  eth-dst           out-port packets  bytes
---------------- -------- ----------------- -------- -------- --------
0000000000000003        1       192.168.0.4        3        1       98
0000000000000003        1       192.168.0.6        4        1       98
0000000000000003        3       192.168.0.3        1        2      196
0000000000000003        4       192.168.0.3        1        1       98
datapath         port     rx-pkts  rx-bytes rx-error tx-pkts  tx-bytes tx-error
---------------- -------- -------- -------- -------- -------- -------- --------
0000000000000001        1       12      840        0      782    60638        0
0000000000000001        2      790    50057        0      788    49937        0
0000000000000001        3      791    50155        0      788    49975        0
datapath         in-port  eth-dst           out-port packets  bytes
---------------- -------- ----------------- -------- -------- --------
0000000000000001        1       192.168.0.5        3        1       98
0000000000000001        3       192.168.0.1        1        1       98
discovery--->==================================== discovery ====================================
discovery---> cls: [(3, 4), (3, 2), (3, 6), (4, 5), (2, 6), (2, 5), (2, 1), (5, 1)]
discovery--->=============================================================================
discovery--->==================================== discovery ====================================
discovery---> cls: [(3, 4), (3, 2), (3, 6), (4, 5), (2, 6), (2, 5), (2, 1), (5, 1)]
discovery--->=============================================================================
discovery--->==================================== discovery ====================================
discovery---> cls: [(3, 4), (3, 2), (3, 6), (4, 5), (2, 6), (2, 5), (2, 1), (5, 1)]
discovery--->=============================================================================
discovery--->==================================== discovery ====================================
discovery---> cls: [(3, 4), (3, 2), (3, 6), (4, 5), (2, 6), (2, 5), (2, 1), (5, 1)]
discovery--->=============================================================================
discovery--->==================================== discovery ====================================
discovery---> cls: [(3, 4), (3, 2), (3, 6), (4, 5), (2, 6), (2, 5), (2, 1), (5, 1)]
discovery--->=============================================================================
discovery--->==================================== discovery ====================================
discovery---> cls: [(3, 4), (3, 2), (3, 6), (4, 5), (2, 6), (2, 5), (2, 1), (5, 1)]
discovery--->=============================================================================
discovery--->==================================== discovery ====================================
discovery---> cls: [(3, 4), (3, 2), (3, 6), (4, 5), (2, 6), (2, 5), (2, 1), (5, 1)]
discovery--->=============================================================================
discovery--->==================================== discovery ====================================
discovery---> cls: [(3, 4), (3, 2), (3, 6), (4, 5), (2, 6), (2, 5), (2, 1), (5, 1)]
discovery--->=============================================================================
discovery--->==================================== discovery ====================================
discovery---> cls: [(3, 4), (3, 2), (3, 6), (4, 5), (2, 6), (2, 5), (2, 1), (5, 1)]
discovery--->=============================================================================
discovery--->==================================== discovery ====================================
discovery---> cls: [(3, 4), (3, 2), (3, 6), (4, 5), (2, 6), (2, 5), (2, 1), (5, 1)]
discovery--->=============================================================================
discovery--->==================================== discovery ====================================
discovery---> cls: [(3, 4), (3, 2), (3, 6), (4, 5), (2, 6), (2, 5), (2, 1), (5, 1)]
discovery--->=============================================================================
discovery--->==================================== discovery ====================================
discovery---> cls: [(3, 4), (3, 2), (3, 6), (4, 5), (2, 6), (2, 5), (2, 1), (5, 1)]
discovery--->=============================================================================
discovery--->==================================== discovery ====================================
discovery---> cls: [(3, 4), (3, 2), (3, 6), (4, 5), (2, 6), (2, 5), (2, 1), (5, 1)]
discovery--->=============================================================================
