loading app network_structure.py
Matplotlib created a temporary config/cache directory at /tmp/matplotlib-g39q4_sm because the default path (/home/terry/.config/matplotlib) is not a writable directory; it is highly recommended to set the MPLCONFIGDIR environment variable to a writable directory, in particular to speed up the import of Matplotlib and to better support multiprocessing.
Generating new fontManager, this may take some time...
Failed to extract font properties from /usr/share/fonts/truetype/noto/NotoColorEmoji.ttf: In FT2Font: Can not load face.  Unknown file format.
loading app ryu.controller.ofp_handler
loading app ryu.topology.switches
loading app ryu.controller.ofp_handler
instantiating app network_structure.py of NetworkStructure
instantiating app ryu.controller.ofp_handler of OFPHandler
instantiating app ryu.topology.switches of Switches
discovery---> AccessPoint: 1 connected
discovery---> AccessPoint: 2 connected
discovery---> AccessPoint: 3 connected
discovery---> AccessPoint: 4 connected
discovery---> AccessPoint: 5 connected
discovery---> AccessPoint: 6 connected
discovery--->==================================== discovery ====================================
discovery---> cls: [(1152921504606846978, 1152921504606846979), (1152921504606846978, 1152921504606846977), (1152921504606846979, 1152921504606846980), (1152921504606846981, 1152921504606846980), (1152921504606846981, 1152921504606846982)]
discovery--->==============================
discovery--->==================================== discovery ====================================
discovery---> cls: [(1152921504606846978, 1152921504606846979), (1152921504606846978, 1152921504606846977), (1152921504606846979, 1152921504606846980), (1152921504606846981, 1152921504606846980), (1152921504606846981, 1152921504606846982)]
discovery--->==============================
discovery--->==================================== discovery ====================================
discovery---> cls: [(1152921504606846978, 1152921504606846979), (1152921504606846978, 1152921504606846977), (1152921504606846979, 1152921504606846980), (1152921504606846981, 1152921504606846980), (1152921504606846981, 1152921504606846982)]
discovery--->==============================
discovery--->==================================== discovery ====================================
discovery---> cls: [(1152921504606846978, 1152921504606846979), (1152921504606846978, 1152921504606846977), (1152921504606846979, 1152921504606846980), (1152921504606846981, 1152921504606846980), (1152921504606846981, 1152921504606846982)]
discovery--->==============================
discovery--->==================================== discovery ====================================
discovery---> cls: [(1152921504606846978, 1152921504606846979), (1152921504606846978, 1152921504606846977), (1152921504606846979, 1152921504606846980), (1152921504606846981, 1152921504606846980), (1152921504606846981, 1152921504606846982)]
discovery--->==============================
discovery--->==================================== discovery ====================================
discovery---> cls: [(1152921504606846978, 1152921504606846979), (1152921504606846978, 1152921504606846977), (1152921504606846979, 1152921504606846980), (1152921504606846981, 1152921504606846980), (1152921504606846981, 1152921504606846982)]
discovery--->==============================
discovery--->==================================== discovery ====================================
discovery---> cls: [(1152921504606846978, 1152921504606846979), (1152921504606846978, 1152921504606846977), (1152921504606846979, 1152921504606846980), (1152921504606846981, 1152921504606846980), (1152921504606846981, 1152921504606846982)]
discovery--->==============================
discovery--->==================================== discovery ====================================
discovery---> cls: [(1152921504606846978, 1152921504606846979), (1152921504606846978, 1152921504606846977), (1152921504606846979, 1152921504606846980), (1152921504606846981, 1152921504606846980), (1152921504606846981, 1152921504606846982)]
discovery--->==============================
discovery--->==================================== discovery ====================================
discovery---> cls: [(1152921504606846978, 1152921504606846979), (1152921504606846978, 1152921504606846977), (1152921504606846979, 1152921504606846980), (1152921504606846981, 1152921504606846980), (1152921504606846981, 1152921504606846982)]
discovery--->==============================
discovery--->==================================== discovery ====================================
discovery---> cls: [(1152921504606846978, 1152921504606846979), (1152921504606846978, 1152921504606846977), (1152921504606846979, 1152921504606846980), (1152921504606846981, 1152921504606846980), (1152921504606846981, 1152921504606846982)]
discovery--->==============================
discovery--->==================================== discovery ====================================
discovery---> cls: [(1152921504606846978, 1152921504606846979), (1152921504606846978, 1152921504606846977), (1152921504606846979, 1152921504606846980), (1152921504606846981, 1152921504606846980), (1152921504606846981, 1152921504606846982)]
discovery--->==============================
discovery--->==================================== discovery ====================================
discovery---> cls: [(1152921504606846978, 1152921504606846979), (1152921504606846978, 1152921504606846977), (1152921504606846979, 1152921504606846980), (1152921504606846981, 1152921504606846980), (1152921504606846981, 1152921504606846982)]
discovery--->==============================
discovery--->==================================== discovery ====================================
discovery---> cls: [(1152921504606846978, 1152921504606846979), (1152921504606846978, 1152921504606846977), (1152921504606846979, 1152921504606846980), (1152921504606846981, 1152921504606846980), (1152921504606846981, 1152921504606846982)]
discovery--->==============================
discovery--->==================================== discovery ====================================
discovery---> cls: [(1152921504606846978, 1152921504606846979), (1152921504606846978, 1152921504606846977), (1152921504606846979, 1152921504606846980), (1152921504606846981, 1152921504606846980), (1152921504606846981, 1152921504606846982)]
discovery--->==============================
discovery--->==================================== discovery ====================================
discovery---> cls: [(1152921504606846978, 1152921504606846979), (1152921504606846978, 1152921504606846977), (1152921504606846979, 1152921504606846980), (1152921504606846981, 1152921504606846980), (1152921504606846981, 1152921504606846982)]
discovery--->==============================
discovery--->==================================== discovery ====================================
discovery---> cls: [(1152921504606846978, 1152921504606846979), (1152921504606846978, 1152921504606846977), (1152921504606846979, 1152921504606846980), (1152921504606846981, 1152921504606846980), (1152921504606846981, 1152921504606846982)]
discovery--->==============================
discovery--->==================================== discovery ====================================
discovery---> cls: [(1152921504606846978, 1152921504606846979), (1152921504606846978, 1152921504606846977), (1152921504606846979, 1152921504606846980), (1152921504606846981, 1152921504606846980), (1152921504606846981, 1152921504606846982)]
discovery--->==============================
discovery--->==================================== discovery ====================================
discovery---> cls: [(1152921504606846978, 1152921504606846979), (1152921504606846978, 1152921504606846977), (1152921504606846979, 1152921504606846980), (1152921504606846981, 1152921504606846980), (1152921504606846981, 1152921504606846982)]
discovery--->==============================
discovery--->==================================== discovery ====================================
discovery---> cls: [(1152921504606846978, 1152921504606846979), (1152921504606846978, 1152921504606846977), (1152921504606846979, 1152921504606846980), (1152921504606846981, 1152921504606846980), (1152921504606846981, 1152921504606846982)]
discovery--->==============================
discovery--->==================================== discovery ====================================
discovery---> cls: [(1152921504606846978, 1152921504606846979), (1152921504606846978, 1152921504606846977), (1152921504606846979, 1152921504606846980), (1152921504606846981, 1152921504606846980), (1152921504606846981, 1152921504606846982)]
discovery--->==============================
discovery--->==================================== discovery ====================================
discovery---> cls: [(1152921504606846978, 1152921504606846979), (1152921504606846978, 1152921504606846977), (1152921504606846979, 1152921504606846980), (1152921504606846981, 1152921504606846980), (1152921504606846981, 1152921504606846982)]
discovery--->==============================
discovery--->==================================== discovery ====================================
discovery---> cls: [(1152921504606846978, 1152921504606846979), (1152921504606846978, 1152921504606846977), (1152921504606846979, 1152921504606846980), (1152921504606846981, 1152921504606846980), (1152921504606846981, 1152921504606846982)]
discovery--->==============================
discovery--->==================================== discovery ====================================
discovery---> cls: [(1152921504606846978, 1152921504606846979), (1152921504606846978, 1152921504606846977), (1152921504606846979, 1152921504606846980), (1152921504606846981, 1152921504606846980), (1152921504606846981, 1152921504606846982)]
discovery--->==============================
discovery--->==================================== discovery ====================================
discovery---> cls: [(1152921504606846978, 1152921504606846979), (1152921504606846978, 1152921504606846977), (1152921504606846979, 1152921504606846980), (1152921504606846981, 1152921504606846980), (1152921504606846981, 1152921504606846982)]
discovery--->==============================
discovery--->==================================== discovery ====================================
discovery---> cls: [(1152921504606846978, 1152921504606846979), (1152921504606846978, 1152921504606846977), (1152921504606846979, 1152921504606846980), (1152921504606846981, 1152921504606846980), (1152921504606846981, 1152921504606846982)]
discovery--->==============================
discovery--->==================================== discovery ====================================
discovery---> cls: [(1152921504606846978, 1152921504606846979), (1152921504606846978, 1152921504606846977), (1152921504606846979, 1152921504606846980), (1152921504606846981, 1152921504606846980), (1152921504606846981, 1152921504606846982)]
discovery--->==============================
discovery--->==================================== discovery ====================================
discovery---> cls: [(1152921504606846978, 1152921504606846979), (1152921504606846978, 1152921504606846977), (1152921504606846979, 1152921504606846980), (1152921504606846981, 1152921504606846980), (1152921504606846981, 1152921504606846982)]
discovery--->==============================
discovery--->==================================== discovery ====================================
discovery---> cls: [(1152921504606846978, 1152921504606846979), (1152921504606846978, 1152921504606846977), (1152921504606846979, 1152921504606846980), (1152921504606846981, 1152921504606846980), (1152921504606846981, 1152921504606846982)]
discovery--->==============================
discovery--->==================================== discovery ====================================
discovery---> cls: [(1152921504606846978, 1152921504606846979), (1152921504606846978, 1152921504606846977), (1152921504606846979, 1152921504606846980), (1152921504606846981, 1152921504606846980), (1152921504606846981, 1152921504606846982)]
discovery--->==============================
discovery--->==================================== discovery ====================================
discovery---> cls: [(1152921504606846978, 1152921504606846979), (1152921504606846978, 1152921504606846977), (1152921504606846979, 1152921504606846980), (1152921504606846981, 1152921504606846980), (1152921504606846981, 1152921504606846982)]
discovery--->==============================
discovery--->==================================== discovery ====================================
discovery---> cls: [(1152921504606846978, 1152921504606846979), (1152921504606846978, 1152921504606846977), (1152921504606846979, 1152921504606846980), (1152921504606846981, 1152921504606846980), (1152921504606846981, 1152921504606846982)]
discovery--->==============================
discovery--->==================================== discovery ====================================
discovery---> cls: [(1152921504606846978, 1152921504606846979), (1152921504606846978, 1152921504606846977), (1152921504606846979, 1152921504606846980), (1152921504606846981, 1152921504606846980), (1152921504606846981, 1152921504606846982)]
discovery--->==============================
