loading app network_structure.py
loading app network_monitor.py
loading app network_delay.py
loading app network_shortest_path.py
loading app arp_handler.py
loading app ryu.controller.ofp_handler
instantiating app None of Switches
creating context switches
instantiating app network_structure.py of NetworkStructure
instantiating app network_monitor.py of NetworkMonitor
instantiating app network_delay.py of NetworkDelay
instantiating app network_shortest_path.py of NetworkShortestPath
instantiating app arp_handler.py of ArpHandler
instantiating app ryu.controller.ofp_handler of OFPHandler
discovery---> switch: 4 connected
discovery---> switch: 1 connected
discovery---> switch: 5 connected
discovery---> switch: 2 connected
discovery---> switch: 3 connected
monitor---->register datapath: 0000000000000004
monitor---->register datapath: 0000000000000005
monitor---->register datapath: 0000000000000001
monitor---->register datapath: 0000000000000002
monitor---->register datapath: 0000000000000003
discovery--->==================================== discovery ====================================
discovery---> cls: [(1, 4), (1, 3), (1, 2), (4, 5), (3, 5), (5, 2)]
discovery--->==============================
discovery--->==================================== discovery ====================================
discovery---> cls: [(1, 4), (1, 3), (1, 2), (4, 5), (3, 5), (5, 2)]
discovery--->==============================
shortest=====>[PATH] [10.0.0.4 <----> 10.0.0.1]: [5, 4, 1]
shortest=====>[PATH] [10.0.0.4 <----> 10.0.0.3]: [5, 4, 1]
shortest=====>[PATH] [10.0.0.4 <----> 10.0.0.2]: [5, 4, 1]
shortest=====>[PATH] [10.0.0.1 <----> 10.0.0.3]: [1]
shortest=====>[PATH] [10.0.0.1 <----> 10.0.0.2]: [1]
shortest=====>[PATH] [10.0.0.3 <----> 10.0.0.2]: [1]
discovery--->==================================== discovery ====================================
discovery---> cls: [(1, 4), (1, 3), (1, 2), (4, 5), (3, 5), (5, 2)]
discovery--->==============================
discovery--->==================================== discovery ====================================
discovery---> cls: [(1, 4), (1, 3), (1, 2), (4, 5), (3, 5), (5, 2)]
discovery--->==============================
discovery--->==================================== discovery ====================================
discovery---> cls: [(1, 4), (1, 3), (1, 2), (4, 5), (3, 5), (5, 2)]
discovery--->==============================
discovery--->==================================== discovery ====================================
discovery---> cls: [(1, 4), (1, 3), (1, 2), (4, 5), (3, 5), (5, 2)]
discovery--->==============================
---> OFPPortStatus received: reason=MODIFY desc=OFPPort(port_no=1,hw_addr='96:00:43:f9:49:9b',name=b's5-eth1',config=0,state=0,curr=2112,advertised=0,supported=0,peer=0,curr_speed=10000000,max_speed=0)
---> OFPPortStatus received: reason=DELETE desc=OFPPort(port_no=1,hw_addr='96:00:43:f9:49:9b',name=b's5-eth1',config=0,state=0,curr=2112,advertised=0,supported=0,peer=0,curr_speed=10000000,max_speed=0)
---> OFPPortStatus received: reason=DELETE desc=OFPPort(port_no=2,hw_addr='de:f4:2d:89:df:05',name=b's5-eth2',config=0,state=4,curr=2112,advertised=0,supported=0,peer=0,curr_speed=10000000,max_speed=0)
---> OFPPortStatus received: reason=DELETE desc=OFPPort(port_no=1,hw_addr='f2:81:85:ab:66:f4',name=b's2-eth1',config=0,state=4,curr=2112,advertised=0,supported=0,peer=0,curr_speed=10000000,max_speed=0)
---> OFPPortStatus received: reason=DELETE desc=OFPPort(port_no=1,hw_addr='a2:ba:8d:90:c0:e7',name=b's3-eth1',config=0,state=4,curr=2112,advertised=0,supported=0,peer=0,curr_speed=10000000,max_speed=0)
---> OFPPortStatus received: reason=DELETE desc=OFPPort(port_no=3,hw_addr='26:a0:e5:65:04:d8',name=b's5-eth3',config=0,state=4,curr=2112,advertised=0,supported=0,peer=0,curr_speed=10000000,max_speed=0)
---> OFPPortStatus received: reason=DELETE desc=OFPPort(port_no=1,hw_addr='82:92:75:00:ab:45',name=b's1-eth1',config=0,state=4,curr=2112,advertised=0,supported=0,peer=0,curr_speed=10000000,max_speed=0)
---> OFPPortStatus received: reason=DELETE desc=OFPPort(port_no=2,hw_addr='a6:c7:0a:78:b9:3a',name=b's1-eth2',config=0,state=4,curr=2112,advertised=0,supported=0,peer=0,curr_speed=10000000,max_speed=0)
---> OFPPortStatus received: reason=DELETE desc=OFPPort(port_no=2,hw_addr='ca:90:b6:1c:b6:d6',name=b's2-eth2',config=0,state=4,curr=2112,advertised=0,supported=0,peer=0,curr_speed=10000000,max_speed=0)
---> OFPPortStatus received: reason=DELETE desc=OFPPort(port_no=3,hw_addr='ca:3e:a6:1b:26:b7',name=b's1-eth3',config=0,state=4,curr=2112,advertised=0,supported=0,peer=0,curr_speed=10000000,max_speed=0)
---> OFPPortStatus received: reason=DELETE desc=OFPPort(port_no=1,hw_addr='1a:97:c5:77:98:d1',name=b's4-eth1',config=0,state=4,curr=2112,advertised=0,supported=0,peer=0,curr_speed=10000000,max_speed=0)
discovery--->==================================== discovery ====================================
discovery---> cls: [(5, 4)]
discovery--->==============================
---> OFPPortStatus received: reason=DELETE desc=OFPPort(port_no=2,hw_addr='12:3b:e5:48:9c:c4',name=b's3-eth2',config=0,state=4,curr=2112,advertised=0,supported=0,peer=0,curr_speed=10000000,max_speed=0)
---> OFPPortStatus received: reason=DELETE desc=OFPPort(port_no=2,hw_addr='8a:7a:8a:c6:c6:4a',name=b's4-eth2',config=0,state=4,curr=2112,advertised=0,supported=0,peer=0,curr_speed=10000000,max_speed=0)
---> OFPPortStatus received: reason=DELETE desc=OFPPort(port_no=4,hw_addr='2e:fe:f6:98:7b:c5',name=b's5-eth4',config=0,state=4,curr=2112,advertised=0,supported=0,peer=0,curr_speed=10000000,max_speed=0)
---> OFPPortStatus received: reason=DELETE desc=OFPPort(port_no=4,hw_addr='e6:f1:2a:ea:4c:a0',name=b's1-eth4',config=0,state=4,curr=2112,advertised=0,supported=0,peer=0,curr_speed=10000000,max_speed=0)
---> OFPPortStatus received: reason=DELETE desc=OFPPort(port_no=5,hw_addr='82:97:2d:30:12:18',name=b's1-eth5',config=0,state=4,curr=2112,advertised=0,supported=0,peer=0,curr_speed=10000000,max_speed=0)
---> OFPPortStatus received: reason=DELETE desc=OFPPort(port_no=6,hw_addr='e2:fb:da:0d:4b:67',name=b's1-eth6',config=0,state=4,curr=2112,advertised=0,supported=0,peer=0,curr_speed=10000000,max_speed=0)
monitor---> unreigster datapath: 0000000000000004
hub: uncaught exception: Traceback (most recent call last):
  File "/usr/local/lib/python3.6/dist-packages/ryu/lib/hub.py", line 60, in _launch
    return func(*args, **kwargs)
  File "/home/terry/LJQ/LJQ_CORE_CODE/LJQ_Project/Task/ryu/network_shortest_path.py", line 68, in super_schedule
    self.network_monitor.scheduler()
  File "/home/terry/LJQ/LJQ_CORE_CODE/LJQ_Project/Task/ryu/network_monitor.py", line 63, in scheduler
    self._request_stats()
  File "/home/terry/LJQ/LJQ_CORE_CODE/LJQ_Project/Task/ryu/network_monitor.py", line 91, in _request_stats
    for datapath in self.datapaths_table.values():
RuntimeError: dictionary changed size during iteration

monitor---> unreigster datapath: 0000000000000001
monitor---> unreigster datapath: 0000000000000003
monitor---> unreigster datapath: 0000000000000005
monitor---> unreigster datapath: 0000000000000002
