loading app network_structure.py
Matplotlib created a temporary config/cache directory at /tmp/matplotlib-cvp8bc40 because the default path (/home/terry/.config/matplotlib) is not a writable directory; it is highly recommended to set the MPLCONFIGDIR environment variable to a writable directory, in particular to speed up the import of Matplotlib and to better support multiprocessing.
Generating new fontManager, this may take some time...
Failed to extract font properties from /usr/share/fonts/truetype/noto/NotoColorEmoji.ttf: In FT2Font: Can not load face.  Unknown file format.
loading app network_monitor.py
loading app network_delay.py
loading app network_shortest_path.py
loading app arp_handler.py
loading app ryu.controller.ofp_handler
instantiating app None of Switches
creating context switches
instantiating app network_structure.py of NetworkStructure
instantiating app network_monitor.py of NetworkMonitor
instantiating app network_delay.py of NetworkDelay
instantiating app network_shortest_path.py of NetworkShortestPath
instantiating app arp_handler.py of ArpHandler
instantiating app ryu.controller.ofp_handler of OFPHandler
discovery---> AccessPoint: 1 connected
monitor---->register datapath: 1000000000000001
discovery---> AccessPoint: 2 connected
monitor---->register datapath: 1000000000000002
discovery---> AccessPoint: 3 connected
monitor---->register datapath: 1000000000000003
discovery---> AccessPoint: 4 connected
monitor---->register datapath: 1000000000000004
discovery---> AccessPoint: 5 connected
monitor---->register datapath: 1000000000000005
discovery---> AccessPoint: 6 connected
monitor---->register datapath: 1000000000000006
discovery---> AccessPoint: 7 connected
monitor---->register datapath: 1000000000000007
discovery---> AccessPoint: 8 connected
monitor---->register datapath: 1000000000000008
discovery---> AccessPoint: 9 connected
monitor---->register datapath: 1000000000000009
discovery---> AccessPoint: 10 connected
monitor---->register datapath: 100000000000000a
discovery---> AccessPoint: 11 connected
monitor---->register datapath: 100000000000000b
discovery---> AccessPoint: 12 connected
monitor---->register datapath: 100000000000000c
discovery---> AccessPoint: 13 connected
monitor---->register datapath: 100000000000000d
discovery---> AccessPoint: 14 connected
monitor---->register datapath: 100000000000000e
---> OFPPortStatus received: reason=MODIFY desc=OFPPort(port_no=3,hw_addr='b2:fe:42:0e:96:73',name=b'ap14-eth3',config=0,state=4,curr=2112,advertised=0,supported=0,peer=0,curr_speed=10000000,max_speed=0)
---> OFPPortStatus received: reason=MODIFY desc=OFPPort(port_no=4294967294,hw_addr='0a:ba:a6:75:07:4b',name=b'ap14',config=1,state=1,curr=0,advertised=0,supported=0,peer=0,curr_speed=0,max_speed=0)
---> OFPPortStatus received: reason=MODIFY desc=OFPPort(port_no=2,hw_addr='fe:c8:ea:e0:28:f4',name=b'ap14-eth2',config=0,state=4,curr=2112,advertised=0,supported=0,peer=0,curr_speed=10000000,max_speed=0)
---> OFPPortStatus received: reason=MODIFY desc=OFPPort(port_no=1,hw_addr='02:00:00:00:22:00',name=b'ap14-wlan1',config=0,state=4,curr=0,advertised=0,supported=0,peer=0,curr_speed=0,max_speed=0)
---> OFPPortStatus received: reason=MODIFY desc=OFPPort(port_no=4,hw_addr='e2:e6:ef:c7:0d:0b',name=b'ap14-eth4',config=0,state=4,curr=2112,advertised=0,supported=0,peer=0,curr_speed=10000000,max_speed=0)
discovery---> AccessPoint: 15 connected
monitor---->register datapath: 100000000000000f
discovery---> AccessPoint: 16 connected
monitor---->register datapath: 1000000000000010
---> OFPPortStatus received: reason=MODIFY desc=OFPPort(port_no=4294967294,hw_addr='c6:34:12:e9:12:4a',name=b'ap16',config=1,state=1,curr=0,advertised=0,supported=0,peer=0,curr_speed=0,max_speed=0)
---> OFPPortStatus received: reason=MODIFY desc=OFPPort(port_no=4,hw_addr='b2:14:ae:fd:23:69',name=b'ap16-eth4',config=0,state=4,curr=2112,advertised=0,supported=0,peer=0,curr_speed=10000000,max_speed=0)
---> OFPPortStatus received: reason=MODIFY desc=OFPPort(port_no=1,hw_addr='02:00:00:00:24:00',name=b'ap16-wlan1',config=0,state=4,curr=0,advertised=0,supported=0,peer=0,curr_speed=0,max_speed=0)
---> OFPPortStatus received: reason=MODIFY desc=OFPPort(port_no=3,hw_addr='1a:09:ec:f5:68:2b',name=b'ap16-eth3',config=0,state=4,curr=2112,advertised=0,supported=0,peer=0,curr_speed=10000000,max_speed=0)
---> OFPPortStatus received: reason=MODIFY desc=OFPPort(port_no=2,hw_addr='22:81:77:40:a2:17',name=b'ap16-eth2',config=0,state=4,curr=2112,advertised=0,supported=0,peer=0,curr_speed=10000000,max_speed=0)
discovery---> AccessPoint: 17 connected
monitor---->register datapath: 1000000000000011
discovery---> AccessPoint: 18 connected
monitor---->register datapath: 1000000000000012
discovery---> AccessPoint: 19 connected
monitor---->register datapath: 1000000000000013
---> OFPPortStatus received: reason=MODIFY desc=OFPPort(port_no=1,hw_addr='02:00:00:00:27:00',name=b'ap19-wlan1',config=0,state=4,curr=0,advertised=0,supported=0,peer=0,curr_speed=0,max_speed=0)
---> OFPPortStatus received: reason=MODIFY desc=OFPPort(port_no=4294967294,hw_addr='52:f7:f2:a7:26:42',name=b'ap19',config=1,state=1,curr=0,advertised=0,supported=0,peer=0,curr_speed=0,max_speed=0)
---> OFPPortStatus received: reason=MODIFY desc=OFPPort(port_no=3,hw_addr='36:ba:af:8b:f7:ee',name=b'ap19-eth3',config=0,state=4,curr=2112,advertised=0,supported=0,peer=0,curr_speed=10000000,max_speed=0)
---> OFPPortStatus received: reason=MODIFY desc=OFPPort(port_no=2,hw_addr='e6:f0:ac:c5:0d:50',name=b'ap19-eth2',config=0,state=4,curr=2112,advertised=0,supported=0,peer=0,curr_speed=10000000,max_speed=0)
---> OFPPortStatus received: reason=MODIFY desc=OFPPort(port_no=4,hw_addr='32:ce:ec:a3:e6:d4',name=b'ap19-eth4',config=0,state=4,curr=2112,advertised=0,supported=0,peer=0,curr_speed=10000000,max_speed=0)
discovery---> AccessPoint: 20 connected
monitor---->register datapath: 1000000000000014
discovery---> AccessPoint: 21 connected
monitor---->register datapath: 1000000000000015
Intelligent Routing:[1, 3, 2]
Intelligent Routing:[1, 3]
Intelligent Routing:[1, 4]
Intelligent Routing:[1, 5]
Intelligent Routing:[1, 4, 6]
Intelligent Routing:[1, 5, 7]
Intelligent Routing:[1, 5, 8]
Intelligent Routing:[1, 9]
Intelligent Routing:[1, 9, 10]
Intelligent Routing:[1, 3, 2, 11]
Intelligent Routing:[1, 4, 13, 12]
Intelligent Routing:[1, 4, 13]
Intelligent Routing:[1, 5, 8, 14]
Intelligent Routing:[1, 5, 7, 15]
Intelligent Routing:[1, 5, 7, 16]
Intelligent Routing:[1, 5, 8, 14, 17]
Intelligent Routing:[1, 5, 7, 16, 18]
Intelligent Routing:[1, 5, 7, 15, 19]
Intelligent Routing:[1, 5, 7, 15, 20]
Intelligent Routing:[1, 5, 7, 15, 19, 21]
Intelligent Routing:[2, 3]
Intelligent Routing:[2, 6, 4]
Intelligent Routing:[2, 3, 1, 5]
Intelligent Routing:[2, 6]
Intelligent Routing:[2, 3, 1, 5, 7]
Intelligent Routing:[2, 3, 1, 5, 8]
Intelligent Routing:[2, 3, 1, 9]
Intelligent Routing:[2, 3, 1, 9, 10]
Intelligent Routing:[2, 11]
Intelligent Routing:[2, 11, 13, 12]
Intelligent Routing:[2, 11, 13]
Intelligent Routing:[2, 11, 13, 12, 14]
Intelligent Routing:[2, 3, 1, 5, 7, 15]
Intelligent Routing:[2, 3, 1, 5, 7, 16]
Intelligent Routing:[2, 11, 13, 12, 14, 17]
Intelligent Routing:[2, 3, 1, 5, 7, 16, 18]
Intelligent Routing:[2, 3, 1, 5, 7, 15, 19]
Intelligent Routing:[2, 3, 1, 5, 7, 15, 20]
Intelligent Routing:[2, 3, 1, 5, 7, 15, 19, 21]
Intelligent Routing:[3, 1, 4]
Intelligent Routing:[3, 1, 5]
Intelligent Routing:[3, 2, 6]
Intelligent Routing:[3, 1, 5, 7]
Intelligent Routing:[3, 1, 5, 8]
Intelligent Routing:[3, 1, 9]
Intelligent Routing:[3, 1, 9, 10]
Intelligent Routing:[3, 2, 11]
Intelligent Routing:[3, 2, 11, 13, 12]
Intelligent Routing:[3, 2, 11, 13]
Intelligent Routing:[3, 1, 5, 8, 14]
Intelligent Routing:[3, 1, 5, 7, 15]
Intelligent Routing:[3, 1, 5, 7, 16]
Intelligent Routing:[3, 1, 5, 8, 14, 17]
Intelligent Routing:[3, 1, 5, 7, 16, 18]
Intelligent Routing:[3, 1, 5, 7, 15, 19]
Intelligent Routing:[3, 1, 5, 7, 15, 20]
Intelligent Routing:[3, 1, 5, 7, 15, 19, 21]
Intelligent Routing:[4, 1, 5]
Intelligent Routing:[4, 6]
Intelligent Routing:[4, 1, 5, 7]
Intelligent Routing:[4, 1, 5, 8]
Intelligent Routing:[4, 1, 9]
Intelligent Routing:[4, 1, 9, 10]
Intelligent Routing:[4, 13, 11]
Intelligent Routing:[4, 13, 12]
Intelligent Routing:[4, 13]
Intelligent Routing:[4, 13, 12, 14]
Intelligent Routing:[4, 1, 5, 7, 15]
Intelligent Routing:[4, 1, 5, 7, 16]
Intelligent Routing:[4, 13, 12, 14, 17]
Intelligent Routing:[4, 1, 5, 7, 16, 18]
Intelligent Routing:[4, 1, 5, 7, 15, 19]
Intelligent Routing:[4, 1, 5, 7, 15, 20]
Intelligent Routing:[4, 1, 5, 7, 15, 19, 21]
Intelligent Routing:[5, 1, 4, 6]
Intelligent Routing:[5, 7]
Intelligent Routing:[5, 8]
Intelligent Routing:[5, 1, 9]
Intelligent Routing:[5, 1, 9, 10]
Intelligent Routing:[5, 1, 3, 2, 11]
Intelligent Routing:[5, 8, 14, 12]
Intelligent Routing:[5, 1, 4, 13]
Intelligent Routing:[5, 8, 14]
Intelligent Routing:[5, 7, 15]
Intelligent Routing:[5, 7, 16]
Intelligent Routing:[5, 8, 14, 17]
Intelligent Routing:[5, 7, 16, 18]
Intelligent Routing:[5, 7, 15, 19]
Intelligent Routing:[5, 7, 15, 20]
Intelligent Routing:[5, 7, 15, 19, 21]
Intelligent Routing:[6, 4, 1, 5, 7]
Intelligent Routing:[6, 4, 1, 5, 8]
Intelligent Routing:[6, 4, 1, 9]
Intelligent Routing:[6, 4, 1, 9, 10]
Intelligent Routing:[6, 2, 11]
Intelligent Routing:[6, 4, 13, 12]
Intelligent Routing:[6, 4, 13]
Intelligent Routing:[6, 4, 13, 12, 14]
Intelligent Routing:[6, 4, 1, 5, 7, 15]
Intelligent Routing:[6, 4, 1, 5, 7, 16]
Intelligent Routing:[6, 4, 13, 12, 14, 17]
Intelligent Routing:[6, 4, 1, 5, 7, 16, 18]
Intelligent Routing:[6, 4, 1, 5, 7, 15, 19]
Intelligent Routing:[6, 4, 1, 5, 7, 15, 20]
Intelligent Routing:[6, 4, 1, 5, 7, 15, 19, 21]
Intelligent Routing:[7, 8]
Intelligent Routing:[7, 5, 1, 9]
Intelligent Routing:[7, 16, 10]
Intelligent Routing:[7, 5, 1, 3, 2, 11]
Intelligent Routing:[7, 8, 14, 12]
Intelligent Routing:[7, 5, 1, 4, 13]
Intelligent Routing:[7, 8, 14]
Intelligent Routing:[7, 15]
Intelligent Routing:[7, 16]
Intelligent Routing:[7, 8, 14, 17]
Intelligent Routing:[7, 16, 18]
Intelligent Routing:[7, 15, 19]
Intelligent Routing:[7, 15, 20]
Intelligent Routing:[7, 15, 19, 21]
Intelligent Routing:[8, 5, 1, 9]
Intelligent Routing:[8, 7, 16, 10]
Intelligent Routing:[8, 14, 12, 13, 11]
Intelligent Routing:[8, 14, 12]
Intelligent Routing:[8, 14, 12, 13]
Intelligent Routing:[8, 14]
Intelligent Routing:[8, 15]
Intelligent Routing:[8, 7, 16]
Intelligent Routing:[8, 14, 17]
Intelligent Routing:[8, 7, 16, 18]
Intelligent Routing:[8, 15, 19]
Intelligent Routing:[8, 15, 20]
Intelligent Routing:[8, 15, 19, 21]
Intelligent Routing:[9, 10]
Intelligent Routing:[9, 1, 3, 2, 11]
Intelligent Routing:[9, 1, 4, 13, 12]
Intelligent Routing:[9, 1, 4, 13]
Intelligent Routing:[9, 1, 5, 8, 14]
Intelligent Routing:[9, 1, 5, 7, 15]
Intelligent Routing:[9, 10, 16]
Intelligent Routing:[9, 1, 5, 8, 14, 17]
Intelligent Routing:[9, 10, 16, 18]
Intelligent Routing:[9, 1, 5, 7, 15, 19]
Intelligent Routing:[9, 10, 16, 18, 20]
Intelligent Routing:[9, 10, 16, 18, 20, 21]
Intelligent Routing:[10, 9, 1, 3, 2, 11]
Intelligent Routing:[10, 9, 1, 4, 13, 12]
Intelligent Routing:[10, 9, 1, 4, 13]
Intelligent Routing:[10, 16, 7, 8, 14]
Intelligent Routing:[10, 16, 7, 15]
Intelligent Routing:[10, 16]
Intelligent Routing:[10, 16, 7, 8, 14, 17]
Intelligent Routing:[10, 16, 18]
Intelligent Routing:[10, 16, 7, 15, 19]
Intelligent Routing:[10, 16, 18, 20]
Intelligent Routing:[10, 16, 18, 20, 21]
