loading app network_structure.py
Matplotlib created a temporary config/cache directory at /tmp/matplotlib-jteoy5wg because the default path (/home/terry/.config/matplotlib) is not a writable directory; it is highly recommended to set the MPLCONFIGDIR environment variable to a writable directory, in particular to speed up the import of Matplotlib and to better support multiprocessing.
Generating new fontManager, this may take some time...
Failed to extract font properties from /usr/share/fonts/truetype/noto/NotoColorEmoji.ttf: In FT2Font: Can not load face.  Unknown file format.
loading app network_monitor.py
loading app network_delay.py
loading app network_shortest_path.py
loading app arp_handler.py
loading app ryu.controller.ofp_handler
instantiating app None of Switches
creating context switches
instantiating app network_structure.py of NetworkStructure
instantiating app network_monitor.py of NetworkMonitor
instantiating app network_delay.py of NetworkDelay
instantiating app network_shortest_path.py of NetworkShortestPath
instantiating app arp_handler.py of ArpHandler
instantiating app ryu.controller.ofp_handler of OFPHandler
discovery---> AccessPoint: 1 connected
discovery---> AccessPoint: 2 connected
discovery---> AccessPoint: 3 connected
monitor---->register datapath: 1000000000000001
monitor---->register datapath: 1000000000000003
monitor---->register datapath: 1000000000000002
==================================== link detector ====================================

----------------------------
src    dst :    delay
2 <---> 3 : 6.727695465087891
2 <---> 1 : 10.128498077392578
1 <---> 3 : 8.094549179077148
1 <---> 2 : 8.849382400512695
3 <---> 1 : 6.940364837646484
3 <---> 2 : 7.347345352172852
discovery--->==================================== discovery ====================================
discovery---> cls: [(2, 3), (2, 1), (3, 1)]
discovery--->=============================================================================
datapath         port     rx-pkts  rx-bytes rx-error tx-pkts  tx-bytes tx-error
---------------- -------- -------- -------- -------- -------- -------- --------
0000000000000001        1        0        0        0        5      390        0
0000000000000001        2       24     3027        0       23     2967        0
0000000000000001        3       23     2967        0       24     3027        0
datapath         in-port  eth-dst           out-port packets  bytes
---------------- -------- ----------------- -------- -------- --------
datapath         port     rx-pkts  rx-bytes rx-error tx-pkts  tx-bytes tx-error
---------------- -------- -------- -------- -------- -------- -------- --------
0000000000000002        1        0        0        0        5      390        0
0000000000000002        2       24     3027        0       23     2967        0
0000000000000002        3       24     3027        0       23     2967        0
datapath         in-port  eth-dst           out-port packets  bytes
---------------- -------- ----------------- -------- -------- --------
datapath         port     rx-pkts  rx-bytes rx-error tx-pkts  tx-bytes tx-error
---------------- -------- -------- -------- -------- -------- -------- --------
0000000000000003        1        0        0        0        5      390        0
0000000000000003        2       23     2967        0       24     3027        0
0000000000000003        3       23     2967        0       24     3027        0
datapath         in-port  eth-dst           out-port packets  bytes
---------------- -------- ----------------- -------- -------- --------
==================================== link detector ====================================

----------------------------
src    dst :    delay
2 <---> 3 : 7.081747055053711
2 <---> 1 : 10.458230972290039
1 <---> 3 : 6.850481033325195
1 <---> 2 : 9.157419204711914
3 <---> 1 : 7.323503494262695
3 <---> 2 : 6.732940673828125
==================================== link detector ====================================

----------------------------
src    dst :    delay
2 <---> 3 : 8.224725723266602
2 <---> 1 : 8.699893951416016
1 <---> 3 : 8.158206939697266
1 <---> 2 : 8.693695068359375
3 <---> 1 : 6.953239440917969
3 <---> 2 : 8.387088775634766
discovery--->==================================== discovery ====================================
discovery---> cls: [(2, 3), (2, 1), (3, 1)]
discovery--->=============================================================================
datapath         port     rx-pkts  rx-bytes rx-error tx-pkts  tx-bytes tx-error
---------------- -------- -------- -------- -------- -------- -------- --------
0000000000000001        1        0        0        0       11      858        0
0000000000000001        2       31     3590        0       30     3530        0
0000000000000001        3       30     3530        0       31     3590        0
datapath         in-port  eth-dst           out-port packets  bytes
---------------- -------- ----------------- -------- -------- --------
datapath         port     rx-pkts  rx-bytes rx-error tx-pkts  tx-bytes tx-error
---------------- -------- -------- -------- -------- -------- -------- --------
0000000000000002        1        0        0        0       11      858        0
0000000000000002        2       31     3590        0       30     3530        0
0000000000000002        3       31     3590        0       30     3530        0
datapath         in-port  eth-dst           out-port packets  bytes
---------------- -------- ----------------- -------- -------- --------
datapath         port     rx-pkts  rx-bytes rx-error tx-pkts  tx-bytes tx-error
---------------- -------- -------- -------- -------- -------- -------- --------
0000000000000003        1        0        0        0       11      858        0
0000000000000003        2       30     3530        0       31     3590        0
0000000000000003        3       30     3530        0       31     3590        0
datapath         in-port  eth-dst           out-port packets  bytes
---------------- -------- ----------------- -------- -------- --------
==================================== link detector ====================================

----------------------------
src    dst :    delay
2 <---> 3 : 8.05974006652832
2 <---> 1 : 10.09368896484375
1 <---> 3 : 7.281064987182617
1 <---> 2 : 9.975671768188477
3 <---> 1 : 7.231473922729492
3 <---> 2 : 6.786584854125977
discovery--->==================================== discovery ====================================
discovery---> cls: [(2, 3), (2, 1), (3, 1)]
discovery--->=============================================================================
datapath         port     rx-pkts  rx-bytes rx-error tx-pkts  tx-bytes tx-error
---------------- -------- -------- -------- -------- -------- -------- --------
0000000000000001        1        0        0        0       16     1248        0
0000000000000001        2       38     4163        0       37     4103        0
0000000000000001        3       37     3960        0       38     4163        0
datapath         in-port  eth-dst           out-port packets  bytes
---------------- -------- ----------------- -------- -------- --------
datapath         port     rx-pkts  rx-bytes rx-error tx-pkts  tx-bytes tx-error
---------------- -------- -------- -------- -------- -------- -------- --------
0000000000000002        1        0        0        0       16     1248        0
0000000000000002        2       38     4163        0       37     3960        0
0000000000000002        3       38     4163        0       38     4163        0
datapath         in-port  eth-dst           out-port packets  bytes
---------------- -------- ----------------- -------- -------- --------
datapath         port     rx-pkts  rx-bytes rx-error tx-pkts  tx-bytes tx-error
---------------- -------- -------- -------- -------- -------- -------- --------
0000000000000003        1        0        0        0       16     1248        0
0000000000000003        2       37     4103        0       38     4163        0
0000000000000003        3       38     4163        0       38     4163        0
datapath         in-port  eth-dst           out-port packets  bytes
---------------- -------- ----------------- -------- -------- --------
==================================== link detector ====================================

----------------------------
src    dst :    delay
2 <---> 3 : 7.657766342163086
2 <---> 1 : 8.527517318725586
1 <---> 3 : 7.802724838256836
1 <---> 2 : 8.974790573120117
3 <---> 1 : 7.387399673461914
3 <---> 2 : 7.353305816650391
==================================== link detector ====================================

----------------------------
src    dst :    delay
2 <---> 3 : 7.726430892944336
2 <---> 1 : 9.236812591552734
1 <---> 3 : 6.959199905395508
1 <---> 2 : 9.246826171875
3 <---> 1 : 6.089210510253906
3 <---> 2 : 7.88116455078125
datapath         port     rx-pkts  rx-bytes rx-error tx-pkts  tx-bytes tx-error
---------------- -------- -------- -------- -------- -------- -------- --------
0000000000000001        1        0        0        0       22     1716        0
0000000000000001        2       44     4523        0       43     4463        0
0000000000000001        3       43     4463        0       44     4523        0
datapath         in-port  eth-dst           out-port packets  bytes
---------------- -------- ----------------- -------- -------- --------
discovery--->==================================== discovery ====================================
discovery---> cls: [(2, 3), (2, 1), (3, 1)]
discovery--->=============================================================================
datapath         port     rx-pkts  rx-bytes rx-error tx-pkts  tx-bytes tx-error
---------------- -------- -------- -------- -------- -------- -------- --------
0000000000000002        1        0        0        0       22     1716        0
0000000000000002        2       44     4523        0       43     4463        0
0000000000000002        3       44     4523        0       43     4463        0
datapath         in-port  eth-dst           out-port packets  bytes
---------------- -------- ----------------- -------- -------- --------
datapath         port     rx-pkts  rx-bytes rx-error tx-pkts  tx-bytes tx-error
---------------- -------- -------- -------- -------- -------- -------- --------
0000000000000003        1        0        0        0       22     1716        0
0000000000000003        2       43     4463        0       44     4523        0
0000000000000003        3       43     4463        0       44     4523        0
datapath         in-port  eth-dst           out-port packets  bytes
---------------- -------- ----------------- -------- -------- --------
shortest=====>[PATH] [192.168.0.1 <----> 192.168.0.2]: [1, 3]
shortest=====>[PATH] [192.168.0.1 <----> 192.168.0.3]: [1, 2]
shortest=====>[PATH] [192.168.0.2 <----> 192.168.0.3]: [3, 2]
==================================== link detector ====================================

----------------------------
src    dst :    delay
2 <---> 3 : 7.940053939819336
2 <---> 1 : 9.819507598876953
1 <---> 3 : 6.876945495605469
1 <---> 2 : 9.537696838378906
3 <---> 1 : 7.677316665649414
3 <---> 2 : 6.679773330688477
datapath         port     rx-pkts  rx-bytes rx-error tx-pkts  tx-bytes tx-error
---------------- -------- -------- -------- -------- -------- -------- --------
0000000000000001        1        6      476        0       39     3122        0
0000000000000001        2       55     5223        0       53     5103        0
0000000000000001        3       53     5103        0       53     5103        0
datapath         in-port  eth-dst           out-port packets  bytes
---------------- -------- ----------------- -------- -------- --------
0000000000000001        1       192.168.0.2        2        1       98
0000000000000001        1       192.168.0.3        3        1       98
0000000000000001        2       192.168.0.1        1        2      196
0000000000000001        3       192.168.0.1        1        2      196
datapath         port     rx-pkts  rx-bytes rx-error tx-pkts  tx-bytes tx-error
---------------- -------- -------- -------- -------- -------- -------- --------
0000000000000002        1        6      476        0       36     2906        0
0000000000000002        2       53     5103        0       53     5103        0
0000000000000002        3       53     5103        0       55     5223        0
datapath         in-port  eth-dst           out-port packets  bytes
---------------- -------- ----------------- -------- -------- --------
0000000000000002        1       192.168.0.1        2        2      196
0000000000000002        1       192.168.0.2        3        2      196
0000000000000002        2       192.168.0.3        1        2      196
0000000000000002        3       192.168.0.3        1        2      196
datapath         port     rx-pkts  rx-bytes rx-error tx-pkts  tx-bytes tx-error
---------------- -------- -------- -------- -------- -------- -------- --------
0000000000000003        1        6      476        0       34     2768        0
0000000000000003        2       53     5103        0       55     5223        0
0000000000000003        3       55     5223        0       53     5103        0
datapath         in-port  eth-dst           out-port packets  bytes
---------------- -------- ----------------- -------- -------- --------
0000000000000003        1       192.168.0.1        2        2      196
0000000000000003        1       192.168.0.3        3        1       98
0000000000000003        2       192.168.0.2        1        2      196
0000000000000003        3       192.168.0.2        1        2      196
discovery--->==================================== discovery ====================================
discovery---> cls: [(2, 3), (2, 1), (3, 1)]
discovery--->=============================================================================
==================================== link detector ====================================

----------------------------
src    dst :    delay
2 <---> 3 : 7.030487060546875
2 <---> 1 : 9.448051452636719
1 <---> 3 : 6.813287734985352
1 <---> 2 : 8.034229278564453
3 <---> 1 : 6.651639938354492
3 <---> 2 : 7.389307022094727
==================================== link detector ====================================

----------------------------
src    dst :    delay
2 <---> 3 : 6.268739700317383
2 <---> 1 : 10.494709014892578
1 <---> 3 : 7.348537445068359
1 <---> 2 : 9.189367294311523
3 <---> 1 : 7.131814956665039
3 <---> 2 : 7.257699966430664
datapath         port     rx-pkts  rx-bytes rx-error tx-pkts  tx-bytes tx-error
---------------- -------- -------- -------- -------- -------- -------- --------
0000000000000001        1        6      476        0       45     3590        0
0000000000000001        2       62     5653        0       59     5473        0
0000000000000001        3       59     5473        0       60     5533        0
datapath         in-port  eth-dst           out-port packets  bytes
---------------- -------- ----------------- -------- -------- --------
0000000000000001        1       192.168.0.2        2        1       98
0000000000000001        1       192.168.0.3        3        1       98
0000000000000001        2       192.168.0.1        1        2      196
0000000000000001        3       192.168.0.1        1        2      196
datapath         port     rx-pkts  rx-bytes rx-error tx-pkts  tx-bytes tx-error
---------------- -------- -------- -------- -------- -------- -------- --------
0000000000000003        1        7      518        0       41     3314        0
0000000000000003        2       59     5473        0       62     5653        0
0000000000000003        3       60     5523        0       60     5533        0
datapath         in-port  eth-dst           out-port packets  bytes
---------------- -------- ----------------- -------- -------- --------
0000000000000003        1       192.168.0.1        2        2      196
0000000000000003        1       192.168.0.3        3        1       98
0000000000000003        2       192.168.0.2        1        2      196
0000000000000003        3       192.168.0.2        1        2      196
datapath         port     rx-pkts  rx-bytes rx-error tx-pkts  tx-bytes tx-error
---------------- -------- -------- -------- -------- -------- -------- --------
0000000000000002        1        7      518        0       42     3374        0
0000000000000002        2       60     5533        0       59     5473        0
0000000000000002        3       60     5533        0       60     5523        0
datapath         in-port  eth-dst           out-port packets  bytes
---------------- -------- ----------------- -------- -------- --------
0000000000000002        1       192.168.0.1        2        2      196
0000000000000002        1       192.168.0.2        3        2      196
0000000000000002        2       192.168.0.3        1        2      196
0000000000000002        3       192.168.0.3        1        2      196
discovery--->==================================== discovery ====================================
discovery---> cls: [(2, 3), (2, 1), (3, 1)]
discovery--->=============================================================================
==================================== link detector ====================================

----------------------------
src    dst :    delay
2 <---> 3 : 6.65593147277832
2 <---> 1 : 8.332252502441406
1 <---> 3 : 7.378339767456055
1 <---> 2 : 10.324716567993164
3 <---> 1 : 8.191108703613281
3 <---> 2 : 7.195472717285156
==================================== link detector ====================================

----------------------------
src    dst :    delay
2 <---> 3 : 8.140087127685547
2 <---> 1 : 8.69297981262207
1 <---> 3 : 7.336616516113281
1 <---> 2 : 10.050058364868164
3 <---> 1 : 6.650447845458984
3 <---> 2 : 6.752967834472656
datapath         port     rx-pkts  rx-bytes rx-error tx-pkts  tx-bytes tx-error
---------------- -------- -------- -------- -------- -------- -------- --------
0000000000000001        1        6      476        0       51     4058        0
0000000000000001        2       68     6156        0       66     6036        0
0000000000000001        3       66     6036        0       66     6036        0
datapath         in-port  eth-dst           out-port packets  bytes
---------------- -------- ----------------- -------- -------- --------
0000000000000001        1       192.168.0.2        2        1       98
0000000000000001        1       192.168.0.3        3        1       98
0000000000000001        2       192.168.0.1        1        2      196
0000000000000001        3       192.168.0.1        1        2      196
datapath         port     rx-pkts  rx-bytes rx-error tx-pkts  tx-bytes tx-error
---------------- -------- -------- -------- -------- -------- -------- --------
0000000000000002        1        7      518        0       48     3842        0
0000000000000002        2       66     6036        0       66     6036        0
0000000000000002        3       66     6036        0       68     6156        0
datapath         in-port  eth-dst           out-port packets  bytes
---------------- -------- ----------------- -------- -------- --------
0000000000000002        1       192.168.0.1        2        2      196
0000000000000002        1       192.168.0.2        3        2      196
0000000000000002        2       192.168.0.3        1        2      196
0000000000000002        3       192.168.0.3        1        2      196
datapath         port     rx-pkts  rx-bytes rx-error tx-pkts  tx-bytes tx-error
---------------- -------- -------- -------- -------- -------- -------- --------
0000000000000003        1        7      518        0       47     3782        0
0000000000000003        2       66     6036        0       68     6156        0
0000000000000003        3       68     6156        0       66     6036        0
datapath         in-port  eth-dst           out-port packets  bytes
---------------- -------- ----------------- -------- -------- --------
0000000000000003        1       192.168.0.1        2        2      196
0000000000000003        1       192.168.0.3        3        1       98
0000000000000003        2       192.168.0.2        1        2      196
0000000000000003        3       192.168.0.2        1        2      196
discovery--->==================================== discovery ====================================
discovery---> cls: [(2, 3), (2, 1), (3, 1)]
discovery--->=============================================================================
==================================== link detector ====================================

----------------------------
src    dst :    delay
2 <---> 3 : 8.19849967956543
2 <---> 1 : 8.175134658813477
1 <---> 3 : 8.168458938598633
1 <---> 2 : 10.468482971191406
3 <---> 1 : 7.204532623291016
3 <---> 2 : 8.071184158325195
datapath         port     rx-pkts  rx-bytes rx-error tx-pkts  tx-bytes tx-error
---------------- -------- -------- -------- -------- -------- -------- --------
0000000000000001        1        6      476        0       56     4448        0
0000000000000001        2       74     6516        0       71     6336        0
0000000000000001        3       71     6336        0       72     6396        0
datapath         in-port  eth-dst           out-port packets  bytes
---------------- -------- ----------------- -------- -------- --------
0000000000000001        1       192.168.0.2        2        1       98
0000000000000001        1       192.168.0.3        3        1       98
0000000000000001        2       192.168.0.1        1        2      196
0000000000000001        3       192.168.0.1        1        2      196
datapath         port     rx-pkts  rx-bytes rx-error tx-pkts  tx-bytes tx-error
---------------- -------- -------- -------- -------- -------- -------- --------
0000000000000002        1        7      518        0       53     4232        0
0000000000000002        2       72     6396        0       71     6336        0
0000000000000002        3       72     6396        0       73     6456        0
datapath         in-port  eth-dst           out-port packets  bytes
---------------- -------- ----------------- -------- -------- --------
0000000000000002        1       192.168.0.1        2        2      196
0000000000000002        1       192.168.0.2        3        2      196
0000000000000002        2       192.168.0.3        1        2      196
0000000000000002        3       192.168.0.3        1        2      196
datapath         port     rx-pkts  rx-bytes rx-error tx-pkts  tx-bytes tx-error
---------------- -------- -------- -------- -------- -------- -------- --------
0000000000000003        1        7      518        0       52     4172        0
0000000000000003        2       71     6336        0       74     6516        0
0000000000000003        3       73     6456        0       72     6396        0
datapath         in-port  eth-dst           out-port packets  bytes
---------------- -------- ----------------- -------- -------- --------
0000000000000003        1       192.168.0.1        2        2      196
0000000000000003        1       192.168.0.3        3        1       98
0000000000000003        2       192.168.0.2        1        2      196
0000000000000003        3       192.168.0.2        1        2      196
discovery--->==================================== discovery ====================================
discovery---> cls: [(2, 3), (2, 1), (3, 1)]
discovery--->=============================================================================
==================================== link detector ====================================

----------------------------
src    dst :    delay
2 <---> 3 : 7.361412048339844
2 <---> 1 : 9.357213973999023
1 <---> 3 : 7.962703704833984
1 <---> 2 : 10.223627090454102
3 <---> 1 : 6.257057189941406
3 <---> 2 : 8.039712905883789
==================================== link detector ====================================

----------------------------
src    dst :    delay
2 <---> 3 : 8.258819580078125
2 <---> 1 : 8.826732635498047
1 <---> 3 : 8.037090301513672
1 <---> 2 : 10.026931762695312
3 <---> 1 : 7.179975509643555
3 <---> 2 : 7.092952728271484
datapath         port     rx-pkts  rx-bytes rx-error tx-pkts  tx-bytes tx-error
---------------- -------- -------- -------- -------- -------- -------- --------
0000000000000001        1        6      476        0       62     4916        0
0000000000000001        2       79     6816        0       77     6696        0
0000000000000001        3       77     6696        0       78     6756        0
datapath         in-port  eth-dst           out-port packets  bytes
---------------- -------- ----------------- -------- -------- --------
0000000000000001        1       192.168.0.2        2        1       98
0000000000000001        1       192.168.0.3        3        1       98
0000000000000001        2       192.168.0.1        1        2      196
0000000000000001        3       192.168.0.1        1        2      196
datapath         port     rx-pkts  rx-bytes rx-error tx-pkts  tx-bytes tx-error
---------------- -------- -------- -------- -------- -------- -------- --------
0000000000000003        1        7      518        0       58     4640        0
0000000000000003        2       77     6696        0       79     6816        0
0000000000000003        3       79     6816        0       78     6756        0
datapath         in-port  eth-dst           out-port packets  bytes
---------------- -------- ----------------- -------- -------- --------
0000000000000003        1       192.168.0.1        2        2      196
0000000000000003        1       192.168.0.3        3        1       98
0000000000000003        2       192.168.0.2        1        2      196
0000000000000003        3       192.168.0.2        1        2      196
datapath         port     rx-pkts  rx-bytes rx-error tx-pkts  tx-bytes tx-error
---------------- -------- -------- -------- -------- -------- -------- --------
0000000000000002        1        7      518        0       59     4700        0
0000000000000002        2       78     6756        0       77     6696        0
0000000000000002        3       78     6756        0       79     6816        0
datapath         in-port  eth-dst           out-port packets  bytes
---------------- -------- ----------------- -------- -------- --------
0000000000000002        1       192.168.0.1        2        2      196
0000000000000002        1       192.168.0.2        3        2      196
0000000000000002        2       192.168.0.3        1        2      196
0000000000000002        3       192.168.0.3        1        2      196
discovery--->==================================== discovery ====================================
discovery---> cls: [(2, 3), (2, 1), (3, 1)]
discovery--->=============================================================================
==================================== link detector ====================================

----------------------------
src    dst :    delay
2 <---> 3 : 8.252143859863281
2 <---> 1 : 9.229898452758789
1 <---> 3 : 8.049964904785156
1 <---> 2 : 10.107994079589844
3 <---> 1 : 6.7462921142578125
3 <---> 2 : 6.787776947021484
datapath         port     rx-pkts  rx-bytes rx-error tx-pkts  tx-bytes tx-error
---------------- -------- -------- -------- -------- -------- -------- --------
0000000000000001        1        6      476        0       67     5306        0
0000000000000001        2       85     7176        0       82     6996        0
0000000000000001        3       82     6996        0       83     7056        0
datapath         in-port  eth-dst           out-port packets  bytes
---------------- -------- ----------------- -------- -------- --------
0000000000000001        1       192.168.0.2        2        1       98
0000000000000001        1       192.168.0.3        3        1       98
0000000000000001        2       192.168.0.1        1        2      196
0000000000000001        3       192.168.0.1        1        2      196
datapath         port     rx-pkts  rx-bytes rx-error tx-pkts  tx-bytes tx-error
---------------- -------- -------- -------- -------- -------- -------- --------
0000000000000002        1        7      518        0       64     5090        0
0000000000000002        2       83     7056        0       82     6996        0
0000000000000002        3       83     7056        0       84     7116        0
datapath         in-port  eth-dst           out-port packets  bytes
---------------- -------- ----------------- -------- -------- --------
0000000000000002        1       192.168.0.1        2        2      196
0000000000000002        1       192.168.0.2        3        2      196
0000000000000002        2       192.168.0.3        1        2      196
0000000000000002        3       192.168.0.3        1        2      196
datapath         port     rx-pkts  rx-bytes rx-error tx-pkts  tx-bytes tx-error
---------------- -------- -------- -------- -------- -------- -------- --------
0000000000000003        1        7      518        0       63     5030        0
0000000000000003        2       82     6996        0       85     7176        0
0000000000000003        3       84     7116        0       83     7056        0
datapath         in-port  eth-dst           out-port packets  bytes
---------------- -------- ----------------- -------- -------- --------
0000000000000003        1       192.168.0.1        2        2      196
0000000000000003        1       192.168.0.3        3        1       98
0000000000000003        2       192.168.0.2        1        2      196
0000000000000003        3       192.168.0.2        1        2      196
discovery--->==================================== discovery ====================================
discovery---> cls: [(2, 3), (2, 1), (3, 1)]
discovery--->=============================================================================
==================================== link detector ====================================

----------------------------
src    dst :    delay
2 <---> 3 : 7.055997848510742
2 <---> 1 : 9.506940841674805
1 <---> 3 : 7.536888122558594
1 <---> 2 : 8.989572525024414
3 <---> 1 : 6.498575210571289
3 <---> 2 : 8.081436157226562
==================================== link detector ====================================

----------------------------
src    dst :    delay
2 <---> 3 : 6.440401077270508
2 <---> 1 : 8.333683013916016
1 <---> 3 : 6.444215774536133
1 <---> 2 : 9.247064590454102
3 <---> 1 : 7.254123687744141
3 <---> 2 : 7.13348388671875
datapath         port     rx-pkts  rx-bytes rx-error tx-pkts  tx-bytes tx-error
---------------- -------- -------- -------- -------- -------- -------- --------
0000000000000001        1        6      476        0       73     5774        0
0000000000000001        2       91     7536        0       88     7356        0
0000000000000001        3       88     7356        0       89     7416        0
datapath         in-port  eth-dst           out-port packets  bytes
---------------- -------- ----------------- -------- -------- --------
0000000000000001        1       192.168.0.2        2        1       98
0000000000000001        1       192.168.0.3        3        1       98
0000000000000001        2       192.168.0.1        1        2      196
0000000000000001        3       192.168.0.1        1        2      196
datapath         port     rx-pkts  rx-bytes rx-error tx-pkts  tx-bytes tx-error
---------------- -------- -------- -------- -------- -------- -------- --------
0000000000000003        1        7      518        0       69     5498        0
0000000000000003        2       88     7356        0       91     7536        0
0000000000000003        3       90     7476        0       89     7416        0
datapath         in-port  eth-dst           out-port packets  bytes
---------------- -------- ----------------- -------- -------- --------
0000000000000003        1       192.168.0.1        2        2      196
0000000000000003        1       192.168.0.3        3        1       98
0000000000000003        2       192.168.0.2        1        2      196
0000000000000003        3       192.168.0.2        1        2      196
datapath         port     rx-pkts  rx-bytes rx-error tx-pkts  tx-bytes tx-error
---------------- -------- -------- -------- -------- -------- -------- --------
0000000000000002        1        7      518        0       70     5558        0
0000000000000002        2       89     7416        0       88     7356        0
0000000000000002        3       89     7416        0       90     7476        0
datapath         in-port  eth-dst           out-port packets  bytes
---------------- -------- ----------------- -------- -------- --------
0000000000000002        1       192.168.0.1        2        2      196
0000000000000002        1       192.168.0.2        3        2      196
0000000000000002        2       192.168.0.3        1        2      196
0000000000000002        3       192.168.0.3        1        2      196
discovery--->==================================== discovery ====================================
discovery---> cls: [(2, 3), (2, 1), (3, 1)]
discovery--->=============================================================================
==================================== link detector ====================================

----------------------------
src    dst :    delay
2 <---> 3 : 6.73222541809082
2 <---> 1 : 9.338617324829102
1 <---> 3 : 8.051156997680664
1 <---> 2 : 8.72182846069336
3 <---> 1 : 7.044553756713867
3 <---> 2 : 7.773637771606445
==================================== link detector ====================================

----------------------------
src    dst :    delay
2 <---> 3 : 8.278608322143555
2 <---> 1 : 8.388757705688477
1 <---> 3 : 6.606101989746094
1 <---> 2 : 8.582830429077148
3 <---> 1 : 6.514072418212891
3 <---> 2 : 8.132219314575195
datapath         port     rx-pkts  rx-bytes rx-error tx-pkts  tx-bytes tx-error
---------------- -------- -------- -------- -------- -------- -------- --------
0000000000000001        1        6      476        0       78     6164        0
0000000000000001        2       96     7836        0       94     7726        0
0000000000000001        3       95     7786        0       95     7786        0
datapath         in-port  eth-dst           out-port packets  bytes
---------------- -------- ----------------- -------- -------- --------
0000000000000001        1       192.168.0.2        2        1       98
0000000000000001        1       192.168.0.3        3        1       98
0000000000000001        2       192.168.0.1        1        2      196
0000000000000001        3       192.168.0.1        1        2      196
datapath         port     rx-pkts  rx-bytes rx-error tx-pkts  tx-bytes tx-error
---------------- -------- -------- -------- -------- -------- -------- --------
0000000000000002        1        7      518        0       75     5948        0
0000000000000002        2       95     7786        0       95     7786        0
0000000000000002        3       95     7786        0       96     7836        0
datapath         in-port  eth-dst           out-port packets  bytes
---------------- -------- ----------------- -------- -------- --------
0000000000000002        1       192.168.0.1        2        2      196
0000000000000002        1       192.168.0.2        3        2      196
0000000000000002        2       192.168.0.3        1        2      196
0000000000000002        3       192.168.0.3        1        2      196
datapath         port     rx-pkts  rx-bytes rx-error tx-pkts  tx-bytes tx-error
---------------- -------- -------- -------- -------- -------- -------- --------
0000000000000003        1        7      518        0       74     5888        0
0000000000000003        2       94     7726        0       96     7836        0
0000000000000003        3       96     7836        0       95     7786        0
datapath         in-port  eth-dst           out-port packets  bytes
---------------- -------- ----------------- -------- -------- --------
0000000000000003        1       192.168.0.1        2        2      196
0000000000000003        1       192.168.0.3        3        1       98
0000000000000003        2       192.168.0.2        1        2      196
0000000000000003        3       192.168.0.2        1        2      196
discovery--->==================================== discovery ====================================
discovery---> cls: [(2, 3), (2, 1), (3, 1)]
discovery--->=============================================================================
==================================== link detector ====================================

----------------------------
src    dst :    delay
2 <---> 3 : 6.872415542602539
2 <---> 1 : 8.697748184204102
1 <---> 3 : 6.4029693603515625
1 <---> 2 : 8.709907531738281
3 <---> 1 : 6.356716156005859
3 <---> 2 : 6.555318832397461
datapath         port     rx-pkts  rx-bytes rx-error tx-pkts  tx-bytes tx-error
---------------- -------- -------- -------- -------- -------- -------- --------
0000000000000001        1        6      476        0       84     6632        0
0000000000000001        2      104     8469        0      101     8289        0
0000000000000001        3      101     8289        0      102     8349        0
datapath         in-port  eth-dst           out-port packets  bytes
---------------- -------- ----------------- -------- -------- --------
0000000000000001        1       192.168.0.2        2        1       98
0000000000000001        1       192.168.0.3        3        1       98
0000000000000001        2       192.168.0.1        1        2      196
0000000000000001        3       192.168.0.1        1        2      196
datapath         port     rx-pkts  rx-bytes rx-error tx-pkts  tx-bytes tx-error
---------------- -------- -------- -------- -------- -------- -------- --------
0000000000000003        1        7      518        0       80     6356        0
0000000000000003        2      101     8289        0      104     8469        0
0000000000000003        3      102     8339        0      102     8349        0
datapath         in-port  eth-dst           out-port packets  bytes
---------------- -------- ----------------- -------- -------- --------
0000000000000003        1       192.168.0.1        2        2      196
0000000000000003        1       192.168.0.3        3        1       98
0000000000000003        2       192.168.0.2        1        2      196
0000000000000003        3       192.168.0.2        1        2      196
datapath         port     rx-pkts  rx-bytes rx-error tx-pkts  tx-bytes tx-error
---------------- -------- -------- -------- -------- -------- -------- --------
0000000000000002        1        7      518        0       81     6416        0
0000000000000002        2      102     8349        0      101     8289        0
0000000000000002        3      102     8349        0      102     8339        0
datapath         in-port  eth-dst           out-port packets  bytes
---------------- -------- ----------------- -------- -------- --------
0000000000000002        1       192.168.0.1        2        2      196
0000000000000002        1       192.168.0.2        3        2      196
0000000000000002        2       192.168.0.3        1        2      196
0000000000000002        3       192.168.0.3        1        2      196
discovery--->==================================== discovery ====================================
discovery---> cls: [(2, 3), (2, 1), (3, 1)]
discovery--->=============================================================================
==================================== link detector ====================================

----------------------------
src    dst :    delay
2 <---> 3 : 6.767988204956055
2 <---> 1 : 8.404731750488281
1 <---> 3 : 8.073568344116211
1 <---> 2 : 10.166168212890625
3 <---> 1 : 6.436586380004883
3 <---> 2 : 6.9217681884765625
==================================== link detector ====================================

----------------------------
src    dst :    delay
2 <---> 3 : 6.6699981689453125
2 <---> 1 : 10.11800765991211
1 <---> 3 : 8.060216903686523
1 <---> 2 : 9.353399276733398
3 <---> 1 : 7.302045822143555
3 <---> 2 : 7.37309455871582
datapath         port     rx-pkts  rx-bytes rx-error tx-pkts  tx-bytes tx-error
---------------- -------- -------- -------- -------- -------- -------- --------
0000000000000001        1        6      476        0       89     7022        0
0000000000000001        2      109     8769        0      107     8649        0
0000000000000001        3      107     8649        0      107     8649        0
datapath         in-port  eth-dst           out-port packets  bytes
---------------- -------- ----------------- -------- -------- --------
0000000000000001        1       192.168.0.2        2        1       98
0000000000000001        1       192.168.0.3        3        1       98
0000000000000001        2       192.168.0.1        1        2      196
0000000000000001        3       192.168.0.1        1        2      196
datapath         port     rx-pkts  rx-bytes rx-error tx-pkts  tx-bytes tx-error
---------------- -------- -------- -------- -------- -------- -------- --------
0000000000000003        1        7      518        0       85     6746        0
0000000000000003        2      107     8649        0      109     8769        0
0000000000000003        3      109     8769        0      107     8649        0
datapath         in-port  eth-dst           out-port packets  bytes
---------------- -------- ----------------- -------- -------- --------
0000000000000003        1       192.168.0.1        2        2      196
0000000000000003        1       192.168.0.3        3        1       98
0000000000000003        2       192.168.0.2        1        2      196
0000000000000003        3       192.168.0.2        1        2      196
datapath         port     rx-pkts  rx-bytes rx-error tx-pkts  tx-bytes tx-error
---------------- -------- -------- -------- -------- -------- -------- --------
0000000000000002        1        7      518        0       87     6884        0
0000000000000002        2      107     8649        0      107     8649        0
0000000000000002        3      107     8649        0      109     8769        0
datapath         in-port  eth-dst           out-port packets  bytes
---------------- -------- ----------------- -------- -------- --------
0000000000000002        1       192.168.0.1        2        2      196
0000000000000002        1       192.168.0.2        3        2      196
0000000000000002        2       192.168.0.3        1        2      196
0000000000000002        3       192.168.0.3        1        2      196
discovery--->==================================== discovery ====================================
discovery---> cls: [(2, 3), (2, 1), (3, 1)]
discovery--->=============================================================================
==================================== link detector ====================================

----------------------------
src    dst :    delay
2 <---> 3 : 6.758451461791992
2 <---> 1 : 10.230779647827148
1 <---> 3 : 8.026123046875
1 <---> 2 : 9.557485580444336
3 <---> 1 : 7.673025131225586
3 <---> 2 : 7.0095062255859375
datapath         port     rx-pkts  rx-bytes rx-error tx-pkts  tx-bytes tx-error
---------------- -------- -------- -------- -------- -------- -------- --------
0000000000000001        1        6      476        0       95     7490        0
0000000000000001        2      115     9129        0      112     8949        0
0000000000000001        3      112     8949        0      113     9009        0
datapath         in-port  eth-dst           out-port packets  bytes
---------------- -------- ----------------- -------- -------- --------
0000000000000001        1       192.168.0.2        2        1       98
0000000000000001        1       192.168.0.3        3        1       98
0000000000000001        2       192.168.0.1        1        2      196
0000000000000001        3       192.168.0.1        1        2      196
datapath         port     rx-pkts  rx-bytes rx-error tx-pkts  tx-bytes tx-error
---------------- -------- -------- -------- -------- -------- -------- --------
0000000000000002        1        7      518        0       92     7274        0
0000000000000002        2      113     9009        0      112     8949        0
0000000000000002        3      113     9009        0      114     9069        0
datapath         in-port  eth-dst           out-port packets  bytes
---------------- -------- ----------------- -------- -------- --------
0000000000000002        1       192.168.0.1        2        2      196
0000000000000002        1       192.168.0.2        3        2      196
0000000000000002        2       192.168.0.3        1        2      196
0000000000000002        3       192.168.0.3        1        2      196
datapath         port     rx-pkts  rx-bytes rx-error tx-pkts  tx-bytes tx-error
---------------- -------- -------- -------- -------- -------- -------- --------
0000000000000003        1        7      518        0       91     7214        0
0000000000000003        2      112     8949        0      115     9129        0
0000000000000003        3      114     9069        0      113     9009        0
datapath         in-port  eth-dst           out-port packets  bytes
---------------- -------- ----------------- -------- -------- --------
0000000000000003        1       192.168.0.1        2        2      196
0000000000000003        1       192.168.0.3        3        1       98
0000000000000003        2       192.168.0.2        1        2      196
0000000000000003        3       192.168.0.2        1        2      196
discovery--->==================================== discovery ====================================
discovery---> cls: [(2, 3), (2, 1), (3, 1)]
discovery--->=============================================================================
==================================== link detector ====================================

----------------------------
src    dst :    delay
2 <---> 3 : 8.246660232543945
2 <---> 1 : 8.508682250976562
1 <---> 3 : 8.050680160522461
1 <---> 2 : 9.266853332519531
3 <---> 1 : 6.626129150390625
3 <---> 2 : 6.747722625732422
==================================== link detector ====================================

----------------------------
src    dst :    delay
2 <---> 3 : 6.861686706542969
2 <---> 1 : 9.086847305297852
1 <---> 3 : 10.781526565551758
1 <---> 2 : 9.766101837158203
3 <---> 1 : 7.328271865844727
3 <---> 2 : 6.691455841064453
datapath         port     rx-pkts  rx-bytes rx-error tx-pkts  tx-bytes tx-error
---------------- -------- -------- -------- -------- -------- -------- --------
0000000000000001        1        6      476        0      101     7958        0
0000000000000001        2      120     9429        0      118     9309        0
0000000000000001        3      118     9309        0      118     9309        0
datapath         in-port  eth-dst           out-port packets  bytes
---------------- -------- ----------------- -------- -------- --------
0000000000000001        1       192.168.0.2        2        1       98
0000000000000001        1       192.168.0.3        3        1       98
0000000000000001        2       192.168.0.1        1        2      196
0000000000000001        3       192.168.0.1        1        2      196
datapath         port     rx-pkts  rx-bytes rx-error tx-pkts  tx-bytes tx-error
---------------- -------- -------- -------- -------- -------- -------- --------
0000000000000002        1        7      518        0       98     7742        0
0000000000000002        2      118     9309        0      118     9309        0
0000000000000002        3      118     9309        0      120     9429        0
datapath         in-port  eth-dst           out-port packets  bytes
---------------- -------- ----------------- -------- -------- --------
0000000000000002        1       192.168.0.1        2        2      196
0000000000000002        1       192.168.0.2        3        2      196
0000000000000002        2       192.168.0.3        1        2      196
0000000000000002        3       192.168.0.3        1        2      196
datapath         port     rx-pkts  rx-bytes rx-error tx-pkts  tx-bytes tx-error
---------------- -------- -------- -------- -------- -------- -------- --------
0000000000000003        1        7      518        0       96     7604        0
0000000000000003        2      118     9309        0      120     9429        0
0000000000000003        3      120     9429        0      118     9309        0
datapath         in-port  eth-dst           out-port packets  bytes
---------------- -------- ----------------- -------- -------- --------
0000000000000003        1       192.168.0.1        2        2      196
0000000000000003        1       192.168.0.3        3        1       98
0000000000000003        2       192.168.0.2        1        2      196
0000000000000003        3       192.168.0.2        1        2      196
discovery--->==================================== discovery ====================================
discovery---> cls: [(2, 3), (2, 1), (3, 1)]
discovery--->=============================================================================
==================================== link detector ====================================

----------------------------
src    dst :    delay
2 <---> 3 : 7.357597351074219
2 <---> 1 : 10.076284408569336
1 <---> 3 : 8.005857467651367
1 <---> 2 : 8.785486221313477
3 <---> 1 : 8.070945739746094
3 <---> 2 : 8.188724517822266
datapath         port     rx-pkts  rx-bytes rx-error tx-pkts  tx-bytes tx-error
---------------- -------- -------- -------- -------- -------- -------- --------
0000000000000001        1        6      476        0      106     8348        0
0000000000000001        2      126     9789        0      123     9609        0
0000000000000001        3      123     9609        0      124     9669        0
datapath         in-port  eth-dst           out-port packets  bytes
---------------- -------- ----------------- -------- -------- --------
0000000000000001        1       192.168.0.2        2        1       98
0000000000000001        1       192.168.0.3        3        1       98
0000000000000001        2       192.168.0.1        1        2      196
0000000000000001        3       192.168.0.1        1        2      196
datapath         port     rx-pkts  rx-bytes rx-error tx-pkts  tx-bytes tx-error
---------------- -------- -------- -------- -------- -------- -------- --------
0000000000000003        1        7      518        0      102     8072        0
0000000000000003        2      123     9609        0      126     9789        0
0000000000000003        3      125     9729        0      124     9669        0
datapath         in-port  eth-dst           out-port packets  bytes
---------------- -------- ----------------- -------- -------- --------
0000000000000003        1       192.168.0.1        2        2      196
0000000000000003        1       192.168.0.3        3        1       98
0000000000000003        2       192.168.0.2        1        2      196
0000000000000003        3       192.168.0.2        1        2      196
datapath         port     rx-pkts  rx-bytes rx-error tx-pkts  tx-bytes tx-error
---------------- -------- -------- -------- -------- -------- -------- --------
0000000000000002        1        7      518        0      103     8132        0
0000000000000002        2      124     9669        0      123     9609        0
0000000000000002        3      124     9669        0      125     9729        0
datapath         in-port  eth-dst           out-port packets  bytes
---------------- -------- ----------------- -------- -------- --------
0000000000000002        1       192.168.0.1        2        2      196
0000000000000002        1       192.168.0.2        3        2      196
0000000000000002        2       192.168.0.3        1        2      196
0000000000000002        3       192.168.0.3        1        2      196
discovery--->==================================== discovery ====================================
discovery---> cls: [(2, 3), (2, 1), (3, 1)]
discovery--->=============================================================================
==================================== link detector ====================================

----------------------------
src    dst :    delay
2 <---> 3 : 8.273124694824219
2 <---> 1 : 8.794784545898438
1 <---> 3 : 7.239818572998047
1 <---> 2 : 10.007619857788086
3 <---> 1 : 8.199691772460938
3 <---> 2 : 6.944417953491211
==================================== link detector ====================================

----------------------------
src    dst :    delay
2 <---> 3 : 7.541656494140625
2 <---> 1 : 10.124683380126953
1 <---> 3 : 7.2021484375
1 <---> 2 : 8.955001831054688
3 <---> 1 : 6.985187530517578
3 <---> 2 : 7.967472076416016
datapath         port     rx-pkts  rx-bytes rx-error tx-pkts  tx-bytes tx-error
---------------- -------- -------- -------- -------- -------- -------- --------
0000000000000001        1        6      476        0      112     8816        0
0000000000000001        2      131    10089        0      129     9969        0
0000000000000001        3      129     9969        0      129     9969        0
datapath         in-port  eth-dst           out-port packets  bytes
---------------- -------- ----------------- -------- -------- --------
0000000000000001        1       192.168.0.2        2        1       98
0000000000000001        1       192.168.0.3        3        1       98
0000000000000001        2       192.168.0.1        1        2      196
0000000000000001        3       192.168.0.1        1        2      196
datapath         port     rx-pkts  rx-bytes rx-error tx-pkts  tx-bytes tx-error
---------------- -------- -------- -------- -------- -------- -------- --------
0000000000000003        1        7      518        0      108     8540        0
0000000000000003        2      129     9969        0      131    10089        0
0000000000000003        3      131    10089        0      130    10029        0
datapath         in-port  eth-dst           out-port packets  bytes
---------------- -------- ----------------- -------- -------- --------
0000000000000003        1       192.168.0.1        2        2      196
0000000000000003        1       192.168.0.3        3        1       98
0000000000000003        2       192.168.0.2        1        2      196
0000000000000003        3       192.168.0.2        1        2      196
datapath         port     rx-pkts  rx-bytes rx-error tx-pkts  tx-bytes tx-error
---------------- -------- -------- -------- -------- -------- -------- --------
0000000000000002        1        7      518        0      109     8600        0
0000000000000002        2      129     9969        0      129     9969        0
0000000000000002        3      130    10029        0      131    10089        0
datapath         in-port  eth-dst           out-port packets  bytes
---------------- -------- ----------------- -------- -------- --------
0000000000000002        1       192.168.0.1        2        2      196
0000000000000002        1       192.168.0.2        3        2      196
0000000000000002        2       192.168.0.3        1        2      196
0000000000000002        3       192.168.0.3        1        2      196
discovery--->==================================== discovery ====================================
discovery---> cls: [(2, 3), (2, 1), (3, 1)]
discovery--->=============================================================================
==================================== link detector ====================================

----------------------------
src    dst :    delay
2 <---> 3 : 7.429838180541992
2 <---> 1 : 8.882284164428711
1 <---> 3 : 6.895542144775391
1 <---> 2 : 8.79216194152832
3 <---> 1 : 8.214950561523438
3 <---> 2 : 7.637739181518555
==================================== link detector ====================================

----------------------------
src    dst :    delay
2 <---> 3 : 8.420705795288086
2 <---> 1 : 10.090112686157227
1 <---> 3 : 7.372856140136719
1 <---> 2 : 9.991645812988281
3 <---> 1 : 8.068084716796875
3 <---> 2 : 6.654500961303711
datapath         port     rx-pkts  rx-bytes rx-error tx-pkts  tx-bytes tx-error
---------------- -------- -------- -------- -------- -------- -------- --------
0000000000000001        1        6      476        0      117     9206        0
0000000000000001        2      137    10449        0      134    10269        0
0000000000000001        3      134    10269        0      135    10329        0
datapath         in-port  eth-dst           out-port packets  bytes
---------------- -------- ----------------- -------- -------- --------
0000000000000001        1       192.168.0.2        2        1       98
0000000000000001        1       192.168.0.3        3        1       98
0000000000000001        2       192.168.0.1        1        2      196
0000000000000001        3       192.168.0.1        1        2      196
datapath         port     rx-pkts  rx-bytes rx-error tx-pkts  tx-bytes tx-error
---------------- -------- -------- -------- -------- -------- -------- --------
0000000000000003        1        7      518        0      113     8930        0
0000000000000003        2      134    10269        0      137    10449        0
0000000000000003        3      136    10389        0      135    10329        0
datapath         in-port  eth-dst           out-port packets  bytes
---------------- -------- ----------------- -------- -------- --------
0000000000000003        1       192.168.0.1        2        2      196
0000000000000003        1       192.168.0.3        3        1       98
0000000000000003        2       192.168.0.2        1        2      196
0000000000000003        3       192.168.0.2        1        2      196
datapath         port     rx-pkts  rx-bytes rx-error tx-pkts  tx-bytes tx-error
---------------- -------- -------- -------- -------- -------- -------- --------
0000000000000002        1        7      518        0      114     8990        0
0000000000000002        2      135    10329        0      134    10269        0
0000000000000002        3      135    10329        0      136    10389        0
datapath         in-port  eth-dst           out-port packets  bytes
---------------- -------- ----------------- -------- -------- --------
0000000000000002        1       192.168.0.1        2        2      196
0000000000000002        1       192.168.0.2        3        2      196
0000000000000002        2       192.168.0.3        1        2      196
0000000000000002        3       192.168.0.3        1        2      196
discovery--->==================================== discovery ====================================
discovery---> cls: [(2, 3), (2, 1), (3, 1)]
discovery--->=============================================================================
==================================== link detector ====================================

----------------------------
src    dst :    delay
2 <---> 3 : 8.426427841186523
2 <---> 1 : 8.392572402954102
1 <---> 3 : 8.116483688354492
1 <---> 2 : 9.067058563232422
3 <---> 1 : 7.170915603637695
3 <---> 2 : 7.559299468994141
datapath         port     rx-pkts  rx-bytes rx-error tx-pkts  tx-bytes tx-error
---------------- -------- -------- -------- -------- -------- -------- --------
0000000000000001        1        6      476        0      123     9674        0
0000000000000001        2      143    10809        0      140    10629        0
0000000000000001        3      140    10629        0      141    10689        0
datapath         in-port  eth-dst           out-port packets  bytes
---------------- -------- ----------------- -------- -------- --------
0000000000000001        1       192.168.0.2        2        1       98
0000000000000001        1       192.168.0.3        3        1       98
0000000000000001        2       192.168.0.1        1        2      196
0000000000000001        3       192.168.0.1        1        2      196
datapath         port     rx-pkts  rx-bytes rx-error tx-pkts  tx-bytes tx-error
---------------- -------- -------- -------- -------- -------- -------- --------
0000000000000003        1        7      518        0      119     9398        0
0000000000000003        2      140    10629        0      143    10809        0
0000000000000003        3      142    10749        0      141    10689        0
datapath         in-port  eth-dst           out-port packets  bytes
---------------- -------- ----------------- -------- -------- --------
0000000000000003        1       192.168.0.1        2        2      196
0000000000000003        1       192.168.0.3        3        1       98
0000000000000003        2       192.168.0.2        1        2      196
0000000000000003        3       192.168.0.2        1        2      196
datapath         port     rx-pkts  rx-bytes rx-error tx-pkts  tx-bytes tx-error
---------------- -------- -------- -------- -------- -------- -------- --------
0000000000000002        1        7      518        0      120     9458        0
0000000000000002        2      141    10689        0      140    10629        0
0000000000000002        3      141    10689        0      142    10749        0
datapath         in-port  eth-dst           out-port packets  bytes
---------------- -------- ----------------- -------- -------- --------
0000000000000002        1       192.168.0.1        2        2      196
0000000000000002        1       192.168.0.2        3        2      196
0000000000000002        2       192.168.0.3        1        2      196
0000000000000002        3       192.168.0.3        1        2      196
discovery--->==================================== discovery ====================================
discovery---> cls: [(2, 3), (2, 1), (3, 1)]
discovery--->=============================================================================
==================================== link detector ====================================

----------------------------
src    dst :    delay
2 <---> 3 : 7.546663284301758
2 <---> 1 : 8.745670318603516
1 <---> 3 : 7.999181747436523
1 <---> 2 : 9.356975555419922
3 <---> 1 : 7.521867752075195
3 <---> 2 : 6.575822830200195
==================================== link detector ====================================

----------------------------
src    dst :    delay
2 <---> 3 : 6.815433502197266
2 <---> 1 : 9.790420532226562
1 <---> 3 : 7.949113845825195
1 <---> 2 : 10.112285614013672
3 <---> 1 : 8.231401443481445
3 <---> 2 : 6.999731063842773
datapath         port     rx-pkts  rx-bytes rx-error tx-pkts  tx-bytes tx-error
---------------- -------- -------- -------- -------- -------- -------- --------
0000000000000001        1        6      476        0      128    10064        0
0000000000000001        2      148    11109        0      145    10929        0
0000000000000001        3      145    10929        0      146    10989        0
datapath         in-port  eth-dst           out-port packets  bytes
---------------- -------- ----------------- -------- -------- --------
0000000000000001        1       192.168.0.2        2        1       98
0000000000000001        1       192.168.0.3        3        1       98
0000000000000001        2       192.168.0.1        1        2      196
0000000000000001        3       192.168.0.1        1        2      196
datapath         port     rx-pkts  rx-bytes rx-error tx-pkts  tx-bytes tx-error
---------------- -------- -------- -------- -------- -------- -------- --------
0000000000000003        1        7      518        0      124     9788        0
0000000000000003        2      145    10929        0      148    11109        0
0000000000000003        3      148    11109        0      146    10989        0
datapath         in-port  eth-dst           out-port packets  bytes
---------------- -------- ----------------- -------- -------- --------
0000000000000003        1       192.168.0.1        2        2      196
0000000000000003        1       192.168.0.3        3        1       98
0000000000000003        2       192.168.0.2        1        2      196
0000000000000003        3       192.168.0.2        1        2      196
datapath         port     rx-pkts  rx-bytes rx-error tx-pkts  tx-bytes tx-error
---------------- -------- -------- -------- -------- -------- -------- --------
0000000000000002        1        7      518        0      125     9848        0
0000000000000002        2      146    10989        0      145    10929        0
0000000000000002        3      146    10989        0      148    11109        0
datapath         in-port  eth-dst           out-port packets  bytes
---------------- -------- ----------------- -------- -------- --------
0000000000000002        1       192.168.0.1        2        2      196
0000000000000002        1       192.168.0.2        3        2      196
0000000000000002        2       192.168.0.3        1        2      196
0000000000000002        3       192.168.0.3        1        2      196
discovery--->==================================== discovery ====================================
discovery---> cls: [(2, 3), (2, 1), (3, 1)]
discovery--->=============================================================================
==================================== link detector ====================================

----------------------------
src    dst :    delay
2 <---> 3 : 6.484031677246094
2 <---> 1 : 8.371114730834961
1 <---> 3 : 7.175922393798828
1 <---> 2 : 8.685827255249023
3 <---> 1 : 6.329059600830078
3 <---> 2 : 6.594657897949219
datapath         port     rx-pkts  rx-bytes rx-error tx-pkts  tx-bytes tx-error
---------------- -------- -------- -------- -------- -------- -------- --------
0000000000000001        1        6      476        0      134    10532        0
0000000000000001        2      154    11469        0      151    11289        0
0000000000000001        3      151    11289        0      152    11349        0
datapath         in-port  eth-dst           out-port packets  bytes
---------------- -------- ----------------- -------- -------- --------
0000000000000001        1       192.168.0.2        2        1       98
0000000000000001        1       192.168.0.3        3        1       98
0000000000000001        2       192.168.0.1        1        2      196
0000000000000001        3       192.168.0.1        1        2      196
datapath         port     rx-pkts  rx-bytes rx-error tx-pkts  tx-bytes tx-error
---------------- -------- -------- -------- -------- -------- -------- --------
0000000000000002        1        7      518        0      131    10316        0
0000000000000002        2      152    11349        0      151    11289        0
0000000000000002        3      152    11349        0      153    11409        0
datapath         in-port  eth-dst           out-port packets  bytes
---------------- -------- ----------------- -------- -------- --------
0000000000000002        1       192.168.0.1        2        2      196
0000000000000002        1       192.168.0.2        3        2      196
0000000000000002        2       192.168.0.3        1        2      196
0000000000000002        3       192.168.0.3        1        2      196
datapath         port     rx-pkts  rx-bytes rx-error tx-pkts  tx-bytes tx-error
---------------- -------- -------- -------- -------- -------- -------- --------
0000000000000003        1        7      518        0      130    10256        0
0000000000000003        2      151    11289        0      154    11469        0
0000000000000003        3      153    11409        0      152    11349        0
datapath         in-port  eth-dst           out-port packets  bytes
---------------- -------- ----------------- -------- -------- --------
0000000000000003        1       192.168.0.1        2        2      196
0000000000000003        1       192.168.0.3        3        1       98
0000000000000003        2       192.168.0.2        1        2      196
0000000000000003        3       192.168.0.2        1        2      196
discovery--->==================================== discovery ====================================
discovery---> cls: [(2, 3), (2, 1), (3, 1)]
discovery--->=============================================================================
==================================== link detector ====================================

----------------------------
src    dst :    delay
2 <---> 3 : 6.389856338500977
2 <---> 1 : 8.35728645324707
1 <---> 3 : 6.803750991821289
1 <---> 2 : 8.353710174560547
3 <---> 1 : 6.384372711181641
3 <---> 2 : 6.295919418334961
==================================== link detector ====================================

----------------------------
src    dst :    delay
2 <---> 3 : 7.701873779296875
2 <---> 1 : 9.156227111816406
1 <---> 3 : 7.564783096313477
1 <---> 2 : 8.646726608276367
3 <---> 1 : 7.355690002441406
3 <---> 2 : 8.181095123291016
datapath         port     rx-pkts  rx-bytes rx-error tx-pkts  tx-bytes tx-error
---------------- -------- -------- -------- -------- -------- -------- --------
0000000000000001        1        6      476        0      139    10922        0
0000000000000001        2      159    11769        0      156    11589        0
0000000000000001        3      158    11719        0      157    11649        0
datapath         in-port  eth-dst           out-port packets  bytes
---------------- -------- ----------------- -------- -------- --------
0000000000000001        1       192.168.0.2        2        1       98
0000000000000001        1       192.168.0.3        3        1       98
0000000000000001        2       192.168.0.1        1        2      196
0000000000000001        3       192.168.0.1        1        2      196
datapath         port     rx-pkts  rx-bytes rx-error tx-pkts  tx-bytes tx-error
---------------- -------- -------- -------- -------- -------- -------- --------
0000000000000002        1        7      518        0      137    10784        0
0000000000000002        2      157    11649        0      158    11719        0
0000000000000002        3      157    11649        0      159    11769        0
datapath         in-port  eth-dst           out-port packets  bytes
---------------- -------- ----------------- -------- -------- --------
0000000000000002        1       192.168.0.1        2        2      196
0000000000000002        1       192.168.0.2        3        2      196
0000000000000002        2       192.168.0.3        1        2      196
0000000000000002        3       192.168.0.3        1        2      196
datapath         port     rx-pkts  rx-bytes rx-error tx-pkts  tx-bytes tx-error
---------------- -------- -------- -------- -------- -------- -------- --------
0000000000000003        1        7      518        0      135    10646        0
0000000000000003        2      156    11589        0      159    11769        0
0000000000000003        3      159    11769        0      157    11649        0
datapath         in-port  eth-dst           out-port packets  bytes
---------------- -------- ----------------- -------- -------- --------
0000000000000003        1       192.168.0.1        2        2      196
0000000000000003        1       192.168.0.3        3        1       98
0000000000000003        2       192.168.0.2        1        2      196
0000000000000003        3       192.168.0.2        1        2      196
discovery--->==================================== discovery ====================================
discovery---> cls: [(2, 3), (2, 1), (3, 1)]
discovery--->=============================================================================
==================================== link detector ====================================

----------------------------
src    dst :    delay
2 <---> 3 : 7.805347442626953
2 <---> 1 : 8.58926773071289
1 <---> 3 : 6.956577301025391
1 <---> 2 : 10.064840316772461
3 <---> 1 : 7.820367813110352
3 <---> 2 : 6.781339645385742
==================================== link detector ====================================

----------------------------
src    dst :    delay
2 <---> 3 : 6.340265274047852
2 <---> 1 : 8.463382720947266
1 <---> 3 : 7.635593414306641
1 <---> 2 : 9.338140487670898
3 <---> 1 : 6.744384765625
3 <---> 2 : 7.283687591552734
datapath         port     rx-pkts  rx-bytes rx-error tx-pkts  tx-bytes tx-error
---------------- -------- -------- -------- -------- -------- -------- --------
0000000000000001        1        6      476        0      145    11390        0
0000000000000001        2      165    12129        0      163    12019        0
0000000000000001        3      163    12019        0      163    12009        0
datapath         in-port  eth-dst           out-port packets  bytes
---------------- -------- ----------------- -------- -------- --------
0000000000000001        1       192.168.0.2        2        1       98
0000000000000001        1       192.168.0.3        3        1       98
0000000000000001        2       192.168.0.1        1        2      196
0000000000000001        3       192.168.0.1        1        2      196
datapath         port     rx-pkts  rx-bytes rx-error tx-pkts  tx-bytes tx-error
---------------- -------- -------- -------- -------- -------- -------- --------
0000000000000002        1        7      518        0      142    11174        0
0000000000000002        2      163    12009        0      163    12019        0
0000000000000002        3      164    12079        0      164    12069        0
datapath         in-port  eth-dst           out-port packets  bytes
---------------- -------- ----------------- -------- -------- --------
0000000000000002        1       192.168.0.1        2        2      196
0000000000000002        1       192.168.0.2        3        2      196
0000000000000002        2       192.168.0.3        1        2      196
0000000000000002        3       192.168.0.3        1        2      196
datapath         port     rx-pkts  rx-bytes rx-error tx-pkts  tx-bytes tx-error
---------------- -------- -------- -------- -------- -------- -------- --------
0000000000000003        1        7      518        0      141    11114        0
0000000000000003        2      163    12019        0      165    12129        0
0000000000000003        3      164    12069        0      164    12079        0
datapath         in-port  eth-dst           out-port packets  bytes
---------------- -------- ----------------- -------- -------- --------
0000000000000003        1       192.168.0.1        2        2      196
0000000000000003        1       192.168.0.3        3        1       98
0000000000000003        2       192.168.0.2        1        2      196
0000000000000003        3       192.168.0.2        1        2      196
discovery--->==================================== discovery ====================================
discovery---> cls: [(2, 3), (2, 1), (3, 1)]
discovery--->=============================================================================
==================================== link detector ====================================

----------------------------
src    dst :    delay
2 <---> 3 : 7.2956085205078125
2 <---> 1 : 9.444475173950195
1 <---> 3 : 7.5359344482421875
1 <---> 2 : 8.301258087158203
3 <---> 1 : 6.171703338623047
3 <---> 2 : 6.511926651000977
datapath         port     rx-pkts  rx-bytes rx-error tx-pkts  tx-bytes tx-error
---------------- -------- -------- -------- -------- -------- -------- --------
0000000000000001        1        6      476        0      151    11858        0
0000000000000001        2      170    12429        0      169    12379        0
0000000000000001        3      169    12379        0      169    12379        0
datapath         in-port  eth-dst           out-port packets  bytes
---------------- -------- ----------------- -------- -------- --------
0000000000000001        1       192.168.0.2        2        1       98
0000000000000001        1       192.168.0.3        3        1       98
0000000000000001        2       192.168.0.1        1        2      196
0000000000000001        3       192.168.0.1        1        2      196
datapath         port     rx-pkts  rx-bytes rx-error tx-pkts  tx-bytes tx-error
---------------- -------- -------- -------- -------- -------- -------- --------
0000000000000003        1        7      518        0      146    11504        0
0000000000000003        2      169    12379        0      170    12429        0
0000000000000003        3      170    12429        0      169    12379        0
datapath         in-port  eth-dst           out-port packets  bytes
---------------- -------- ----------------- -------- -------- --------
0000000000000003        1       192.168.0.1        2        2      196
0000000000000003        1       192.168.0.3        3        1       98
0000000000000003        2       192.168.0.2        1        2      196
0000000000000003        3       192.168.0.2        1        2      196
datapath         port     rx-pkts  rx-bytes rx-error tx-pkts  tx-bytes tx-error
---------------- -------- -------- -------- -------- -------- -------- --------
0000000000000002        1        7      518        0      148    11642        0
0000000000000002        2      169    12379        0      169    12379        0
0000000000000002        3      169    12379        0      170    12429        0
datapath         in-port  eth-dst           out-port packets  bytes
---------------- -------- ----------------- -------- -------- --------
0000000000000002        1       192.168.0.1        2        2      196
0000000000000002        1       192.168.0.2        3        2      196
0000000000000002        2       192.168.0.3        1        2      196
0000000000000002        3       192.168.0.3        1        2      196
discovery--->==================================== discovery ====================================
discovery---> cls: [(2, 3), (2, 1), (3, 1)]
discovery--->=============================================================================
==================================== link detector ====================================

----------------------------
src    dst :    delay
2 <---> 3 : 6.5708160400390625
2 <---> 1 : 10.476827621459961
1 <---> 3 : 6.797552108764648
1 <---> 2 : 8.873462677001953
3 <---> 1 : 6.399869918823242
3 <---> 2 : 6.870031356811523
==================================== link detector ====================================

----------------------------
src    dst :    delay
2 <---> 3 : 6.302595138549805
2 <---> 1 : 8.765220642089844
1 <---> 3 : 8.174896240234375
1 <---> 2 : 9.692192077636719
3 <---> 1 : 7.785558700561523
3 <---> 2 : 7.833719253540039
