loading app network_structure.py
Matplotlib created a temporary config/cache directory at /tmp/matplotlib-1nqhre7l because the default path (/home/terry/.config/matplotlib) is not a writable directory; it is highly recommended to set the MPLCONFIGDIR environment variable to a writable directory, in particular to speed up the import of Matplotlib and to better support multiprocessing.
Generating new fontManager, this may take some time...
Failed to extract font properties from /usr/share/fonts/truetype/noto/NotoColorEmoji.ttf: In FT2Font: Can not load face.  Unknown file format.
loading app arp_handler.py
loading app ryu.controller.ofp_handler
loading app ryu.topology.switches
loading app ryu.controller.ofp_handler
instantiating app network_structure.py of NetworkStructure
instantiating app arp_handler.py of ArpHandler
instantiating app ryu.controller.ofp_handler of OFPHandler
instantiating app ryu.topology.switches of Switches
discovery---> AccessPoint: ['__class__', '__delattr__', '__dict__', '__dir__', '__doc__', '__eq__', '__format__', '__ge__', '__getattribute__', '__gt__', '__hash__', '__init__', '__init_subclass__', '__le__', '__lt__', '__module__', '__ne__', '__new__', '__reduce__', '__reduce_ex__', '__repr__', '__setattr__', '__sizeof__', '__str__', '__subclasshook__', '__weakref__', '_close_write', '_echo_request_loop', '_ports', '_recv_loop', '_send_loop', '_send_q_sem', 'acknowledge_echo_reply', 'address', 'close', 'echo_request_interval', 'flow_format', 'id', 'is_active', 'is_reserved_port', 'max_unreplied_echo_requests', 'ofp_brick', 'ofproto', 'ofproto_parser', 'ports', 'send', 'send_barrier', 'send_delete_all_flows', 'send_flow_del', 'send_flow_mod', 'send_msg', 'send_nxt_set_flow_format', 'send_packet_out', 'send_q', 'serve', 'set_state', 'set_version', 'set_xid', 'socket', 'state', 'supported_ofp_version', 'unreplied_echo_requests', 'xid'] connected
discovery---> AccessPoint: ['__class__', '__delattr__', '__dict__', '__dir__', '__doc__', '__eq__', '__format__', '__ge__', '__getattribute__', '__gt__', '__hash__', '__init__', '__init_subclass__', '__le__', '__lt__', '__module__', '__ne__', '__new__', '__reduce__', '__reduce_ex__', '__repr__', '__setattr__', '__sizeof__', '__str__', '__subclasshook__', '__weakref__', '_close_write', '_echo_request_loop', '_ports', '_recv_loop', '_send_loop', '_send_q_sem', 'acknowledge_echo_reply', 'address', 'close', 'echo_request_interval', 'flow_format', 'id', 'is_active', 'is_reserved_port', 'max_unreplied_echo_requests', 'ofp_brick', 'ofproto', 'ofproto_parser', 'ports', 'send', 'send_barrier', 'send_delete_all_flows', 'send_flow_del', 'send_flow_mod', 'send_msg', 'send_nxt_set_flow_format', 'send_packet_out', 'send_q', 'serve', 'set_state', 'set_version', 'set_xid', 'socket', 'state', 'supported_ofp_version', 'unreplied_echo_requests', 'xid'] connected
discovery---> AccessPoint: ['__class__', '__delattr__', '__dict__', '__dir__', '__doc__', '__eq__', '__format__', '__ge__', '__getattribute__', '__gt__', '__hash__', '__init__', '__init_subclass__', '__le__', '__lt__', '__module__', '__ne__', '__new__', '__reduce__', '__reduce_ex__', '__repr__', '__setattr__', '__sizeof__', '__str__', '__subclasshook__', '__weakref__', '_close_write', '_echo_request_loop', '_ports', '_recv_loop', '_send_loop', '_send_q_sem', 'acknowledge_echo_reply', 'address', 'close', 'echo_request_interval', 'flow_format', 'id', 'is_active', 'is_reserved_port', 'max_unreplied_echo_requests', 'ofp_brick', 'ofproto', 'ofproto_parser', 'ports', 'send', 'send_barrier', 'send_delete_all_flows', 'send_flow_del', 'send_flow_mod', 'send_msg', 'send_nxt_set_flow_format', 'send_packet_out', 'send_q', 'serve', 'set_state', 'set_version', 'set_xid', 'socket', 'state', 'supported_ofp_version', 'unreplied_echo_requests', 'xid'] connected
discovery--->==================================== discovery ====================================
discovery---> cls: [(1152921504606846978, 1152921504606846979), (1152921504606846978, 1152921504606846977), (1152921504606846979, 1152921504606846977)]
discovery--->==============================
discovery--->==================================== discovery ====================================
discovery---> cls: [(1152921504606846978, 1152921504606846979), (1152921504606846978, 1152921504606846977), (1152921504606846979, 1152921504606846977)]
discovery--->==============================
discovery--->==================================== discovery ====================================
discovery---> cls: [(1152921504606846978, 1152921504606846979), (1152921504606846978, 1152921504606846977), (1152921504606846979, 1152921504606846977)]
discovery--->==============================
discovery--->==================================== discovery ====================================
discovery---> cls: [(1152921504606846978, 1152921504606846979), (1152921504606846978, 1152921504606846977), (1152921504606846979, 1152921504606846977)]
discovery--->==============================
discovery--->==================================== discovery ====================================
discovery---> cls: [(1152921504606846978, 1152921504606846979), (1152921504606846978, 1152921504606846977), (1152921504606846979, 1152921504606846977)]
discovery--->==============================
discovery--->==================================== discovery ====================================
discovery---> cls: [(1152921504606846978, 1152921504606846979), (1152921504606846978, 1152921504606846977), (1152921504606846979, 1152921504606846977)]
discovery--->==============================
discovery--->==================================== discovery ====================================
discovery---> cls: [(1152921504606846978, 1152921504606846979), (1152921504606846978, 1152921504606846977), (1152921504606846979, 1152921504606846977)]
discovery--->==============================
discovery--->==================================== discovery ====================================
discovery---> cls: [(1152921504606846978, 1152921504606846979), (1152921504606846978, 1152921504606846977), (1152921504606846979, 1152921504606846977)]
discovery--->==============================
discovery--->==================================== discovery ====================================
discovery---> cls: [(1152921504606846978, 1152921504606846979), (1152921504606846978, 1152921504606846977), (1152921504606846979, 1152921504606846977)]
discovery--->==============================
discovery--->==================================== discovery ====================================
discovery---> cls: [(1152921504606846978, 1152921504606846979), (1152921504606846978, 1152921504606846977), (1152921504606846979, 1152921504606846977)]
discovery--->==============================
discovery--->==================================== discovery ====================================
discovery---> cls: [(1152921504606846978, 1152921504606846979), (1152921504606846978, 1152921504606846977), (1152921504606846979, 1152921504606846977)]
discovery--->==============================
discovery--->==================================== discovery ====================================
discovery---> cls: [(1152921504606846978, 1152921504606846979), (1152921504606846978, 1152921504606846977), (1152921504606846979, 1152921504606846977)]
discovery--->==============================
discovery--->==================================== discovery ====================================
discovery---> cls: [(1152921504606846978, 1152921504606846979), (1152921504606846978, 1152921504606846977), (1152921504606846979, 1152921504606846977)]
discovery--->==============================
discovery--->==================================== discovery ====================================
discovery---> cls: [(1152921504606846978, 1152921504606846979), (1152921504606846978, 1152921504606846977), (1152921504606846979, 1152921504606846977)]
discovery--->==============================
discovery--->==================================== discovery ====================================
discovery---> cls: [(1152921504606846978, 1152921504606846979), (1152921504606846978, 1152921504606846977), (1152921504606846979, 1152921504606846977)]
discovery--->==============================
