loading app network_structure.py
Matplotlib created a temporary config/cache directory at /tmp/matplotlib-s5iabcoc because the default path (/home/terry/.config/matplotlib) is not a writable directory; it is highly recommended to set the MPLCONFIGDIR environment variable to a writable directory, in particular to speed up the import of Matplotlib and to better support multiprocessing.
Generating new fontManager, this may take some time...
Failed to extract font properties from /usr/share/fonts/truetype/noto/NotoColorEmoji.ttf: In FT2Font: Can not load face.  Unknown file format.
loading app network_monitor.py
loading app network_delay.py
loading app network_shortest_path.py
loading app arp_handler.py
loading app ryu.controller.ofp_handler
instantiating app None of Switches
creating context switches
instantiating app network_structure.py of NetworkStructure
instantiating app network_monitor.py of NetworkMonitor
instantiating app network_delay.py of NetworkDelay
instantiating app network_shortest_path.py of NetworkShortestPath
instantiating app arp_handler.py of ArpHandler
instantiating app ryu.controller.ofp_handler of OFPHandler
discovery---> AccessPoint: 1 connected
discovery---> AccessPoint: 2 connected
discovery---> AccessPoint: 3 connected
monitor---->register datapath: 1000000000000001
monitor---->register datapath: 1000000000000002
monitor---->register datapath: 1000000000000003
==================================== link detector ====================================

----------------------------
src    dst :    delay
1 <---> 2 : 6.932973861694336
1 <---> 3 : 8.644580841064453
3 <---> 2 : 7.570743560791016
3 <---> 1 : 10.007143020629883
2 <---> 3 : 6.965160369873047
2 <---> 1 : 7.310152053833008
discovery--->==================================== discovery ====================================
discovery---> cls: [(1, 2), (1, 3), (2, 3)]
discovery--->=============================================================================
datapath         port     rx-pkts  rx-bytes rx-error tx-pkts  tx-bytes tx-error
---------------- -------- -------- -------- -------- -------- -------- --------
0000000000000001        1        0        0        0        6      468        0
0000000000000001        2       25     3230        0       25     3230        0
0000000000000001        3       25     3230        0       25     3230        0
datapath         in-port  eth-dst           out-port packets  bytes
---------------- -------- ----------------- -------- -------- --------
datapath         port     rx-pkts  rx-bytes rx-error tx-pkts  tx-bytes tx-error
---------------- -------- -------- -------- -------- -------- -------- --------
0000000000000002        1        0        0        0        5      390        0
0000000000000002        2       25     3230        0       25     3230        0
0000000000000002        3       24     3170        0       25     3230        0
datapath         in-port  eth-dst           out-port packets  bytes
---------------- -------- ----------------- -------- -------- --------
datapath         port     rx-pkts  rx-bytes rx-error tx-pkts  tx-bytes tx-error
---------------- -------- -------- -------- -------- -------- -------- --------
0000000000000003        1        0        0        0        5      390        0
0000000000000003        2       25     3230        0       25     3230        0
0000000000000003        3       25     3230        0       24     3170        0
datapath         in-port  eth-dst           out-port packets  bytes
---------------- -------- ----------------- -------- -------- --------
==================================== link detector ====================================

----------------------------
src    dst :    delay
1 <---> 2 : 6.556272506713867
1 <---> 3 : 8.791923522949219
3 <---> 2 : 7.162809371948242
3 <---> 1 : 9.04083251953125
2 <---> 3 : 8.209228515625
2 <---> 1 : 7.508993148803711
==================================== link detector ====================================

----------------------------
src    dst :    delay
1 <---> 2 : 8.091926574707031
1 <---> 3 : 8.862495422363281
3 <---> 2 : 7.137298583984375
3 <---> 1 : 9.558677673339844
2 <---> 3 : 6.74748420715332
2 <---> 1 : 7.561206817626953
discovery--->==================================== discovery ====================================
discovery---> cls: [(1, 2), (1, 3), (2, 3)]
discovery--->=============================================================================
datapath         port     rx-pkts  rx-bytes rx-error tx-pkts  tx-bytes tx-error
---------------- -------- -------- -------- -------- -------- -------- --------
0000000000000001        1        0        0        0       11      858        0
0000000000000001        2       32     3660        0       31     3600        0
0000000000000001        3       32     3660        0       31     3600        0
datapath         in-port  eth-dst           out-port packets  bytes
---------------- -------- ----------------- -------- -------- --------
datapath         port     rx-pkts  rx-bytes rx-error tx-pkts  tx-bytes tx-error
---------------- -------- -------- -------- -------- -------- -------- --------
0000000000000003        1        0        0        0       11      858        0
0000000000000003        2       31     3600        0       32     3660        0
0000000000000003        3       32     3660        0       31     3600        0
datapath         in-port  eth-dst           out-port packets  bytes
---------------- -------- ----------------- -------- -------- --------
datapath         port     rx-pkts  rx-bytes rx-error tx-pkts  tx-bytes tx-error
---------------- -------- -------- -------- -------- -------- -------- --------
0000000000000002        1        0        0        0       11      858        0
0000000000000002        2       31     3600        0       32     3660        0
0000000000000002        3       31     3600        0       32     3660        0
datapath         in-port  eth-dst           out-port packets  bytes
---------------- -------- ----------------- -------- -------- --------
==================================== link detector ====================================

----------------------------
src    dst :    delay
1 <---> 2 : 8.331298828125
1 <---> 3 : 10.132312774658203
3 <---> 2 : 6.697177886962891
3 <---> 1 : 8.655071258544922
2 <---> 3 : 8.026838302612305
2 <---> 1 : 6.632566452026367
discovery--->==================================== discovery ====================================
discovery---> cls: [(1, 2), (1, 3), (2, 3)]
discovery--->=============================================================================
datapath         port     rx-pkts  rx-bytes rx-error tx-pkts  tx-bytes tx-error
---------------- -------- -------- -------- -------- -------- -------- --------
0000000000000001        1        0        0        0       17     1326        0
0000000000000001        2       38     4163        0       38     4163        0
0000000000000001        3       38     4163        0       38     4163        0
datapath         in-port  eth-dst           out-port packets  bytes
---------------- -------- ----------------- -------- -------- --------
datapath         port     rx-pkts  rx-bytes rx-error tx-pkts  tx-bytes tx-error
---------------- -------- -------- -------- -------- -------- -------- --------
0000000000000003        1        0        0        0       17     1326        0
0000000000000003        2       38     4163        0       38     4163        0
0000000000000003        3       38     4163        0       38     4163        0
datapath         in-port  eth-dst           out-port packets  bytes
---------------- -------- ----------------- -------- -------- --------
datapath         port     rx-pkts  rx-bytes rx-error tx-pkts  tx-bytes tx-error
---------------- -------- -------- -------- -------- -------- -------- --------
0000000000000002        1        0        0        0       16     1248        0
0000000000000002        2       38     4163        0       38     4163        0
0000000000000002        3       38     4163        0       38     4163        0
datapath         in-port  eth-dst           out-port packets  bytes
---------------- -------- ----------------- -------- -------- --------
==================================== link detector ====================================

----------------------------
src    dst :    delay
1 <---> 2 : 6.70170783996582
1 <---> 3 : 8.757829666137695
3 <---> 2 : 8.178949356079102
3 <---> 1 : 10.753631591796875
2 <---> 3 : 6.226301193237305
2 <---> 1 : 7.208585739135742
==================================== link detector ====================================

----------------------------
src    dst :    delay
1 <---> 2 : 6.222248077392578
1 <---> 3 : 9.093999862670898
3 <---> 2 : 6.412029266357422
3 <---> 1 : 9.979486465454102
2 <---> 3 : 6.425619125366211
2 <---> 1 : 6.435155868530273
datapath         port     rx-pkts  rx-bytes rx-error tx-pkts  tx-bytes tx-error
---------------- -------- -------- -------- -------- -------- -------- --------
0000000000000001        1        0        0        0       22     1716        0
0000000000000001        2       44     4523        0       43     4463        0
0000000000000001        3       44     4523        0       43     4463        0
datapath         in-port  eth-dst           out-port packets  bytes
---------------- -------- ----------------- -------- -------- --------
datapath         port     rx-pkts  rx-bytes rx-error tx-pkts  tx-bytes tx-error
---------------- -------- -------- -------- -------- -------- -------- --------
0000000000000003        1        0        0        0       22     1716        0
0000000000000003        2       43     4463        0       44     4523        0
0000000000000003        3       44     4523        0       43     4463        0
datapath         in-port  eth-dst           out-port packets  bytes
---------------- -------- ----------------- -------- -------- --------
datapath         port     rx-pkts  rx-bytes rx-error tx-pkts  tx-bytes tx-error
---------------- -------- -------- -------- -------- -------- -------- --------
0000000000000002        1        0        0        0       22     1716        0
0000000000000002        2       43     4463        0       44     4523        0
0000000000000002        3       43     4463        0       44     4523        0
datapath         in-port  eth-dst           out-port packets  bytes
---------------- -------- ----------------- -------- -------- --------
discovery--->==================================== discovery ====================================
discovery---> cls: [(1, 2), (1, 3), (2, 3)]
discovery--->=============================================================================
==================================== link detector ====================================

----------------------------
src    dst :    delay
1 <---> 2 : 7.7495574951171875
1 <---> 3 : 9.136438369750977
3 <---> 2 : 7.274389266967773
3 <---> 1 : 9.5977783203125
2 <---> 3 : 8.086442947387695
2 <---> 1 : 8.203268051147461
datapath         port     rx-pkts  rx-bytes rx-error tx-pkts  tx-bytes tx-error
---------------- -------- -------- -------- -------- -------- -------- --------
0000000000000001        1        0        0        0       28     2184        0
0000000000000001        2       49     4823        0       50     4893        0
0000000000000001        3       49     4823        0       50     4893        0
datapath         in-port  eth-dst           out-port packets  bytes
---------------- -------- ----------------- -------- -------- --------
datapath         port     rx-pkts  rx-bytes rx-error tx-pkts  tx-bytes tx-error
---------------- -------- -------- -------- -------- -------- -------- --------
0000000000000003        1        0        0        0       28     2184        0
0000000000000003        2       50     4893        0       49     4823        0
0000000000000003        3       51     4953        0       50     4893        0
datapath         in-port  eth-dst           out-port packets  bytes
---------------- -------- ----------------- -------- -------- --------
datapath         port     rx-pkts  rx-bytes rx-error tx-pkts  tx-bytes tx-error
---------------- -------- -------- -------- -------- -------- -------- --------
0000000000000002        1        0        0        0       28     2184        0
0000000000000002        2       50     4893        0       49     4823        0
0000000000000002        3       50     4893        0       51     4953        0
datapath         in-port  eth-dst           out-port packets  bytes
---------------- -------- ----------------- -------- -------- --------
discovery--->==================================== discovery ====================================
discovery---> cls: [(1, 2), (1, 3), (2, 3)]
discovery--->=============================================================================
==================================== link detector ====================================

----------------------------
src    dst :    delay
1 <---> 2 : 6.654262542724609
1 <---> 3 : 9.873151779174805
3 <---> 2 : 8.153438568115234
3 <---> 1 : 9.582757949829102
2 <---> 3 : 7.454633712768555
2 <---> 1 : 6.736993789672852
==================================== link detector ====================================

----------------------------
src    dst :    delay
1 <---> 2 : 7.2231292724609375
1 <---> 3 : 9.810447692871094
3 <---> 2 : 6.783008575439453
3 <---> 1 : 9.851455688476562
2 <---> 3 : 7.746219635009766
2 <---> 1 : 7.539987564086914
datapath         port     rx-pkts  rx-bytes rx-error tx-pkts  tx-bytes tx-error
---------------- -------- -------- -------- -------- -------- -------- --------
0000000000000001        1        0        0        0       33     2574        0
0000000000000001        2       57     5456        0       56     5396        0
0000000000000001        3       57     5456        0       56     5396        0
datapath         in-port  eth-dst           out-port packets  bytes
---------------- -------- ----------------- -------- -------- --------
datapath         port     rx-pkts  rx-bytes rx-error tx-pkts  tx-bytes tx-error
---------------- -------- -------- -------- -------- -------- -------- --------
0000000000000003        1        0        0        0       33     2574        0
0000000000000003        2       56     5396        0       57     5456        0
0000000000000003        3       57     5456        0       56     5396        0
datapath         in-port  eth-dst           out-port packets  bytes
---------------- -------- ----------------- -------- -------- --------
datapath         port     rx-pkts  rx-bytes rx-error tx-pkts  tx-bytes tx-error
---------------- -------- -------- -------- -------- -------- -------- --------
0000000000000002        1        0        0        0       33     2574        0
0000000000000002        2       56     5396        0       57     5456        0
0000000000000002        3       56     5396        0       57     5456        0
datapath         in-port  eth-dst           out-port packets  bytes
---------------- -------- ----------------- -------- -------- --------
discovery--->==================================== discovery ====================================
discovery---> cls: [(1, 2), (1, 3), (2, 3)]
discovery--->=============================================================================
==================================== link detector ====================================

----------------------------
src    dst :    delay
1 <---> 2 : 8.194208145141602
1 <---> 3 : 10.160446166992188
3 <---> 2 : 7.133722305297852
3 <---> 1 : 9.188413619995117
2 <---> 3 : 7.184028625488281
2 <---> 1 : 7.120370864868164
==================================== link detector ====================================

----------------------------
src    dst :    delay
1 <---> 2 : 6.091833114624023
1 <---> 3 : 9.354352951049805
3 <---> 2 : 7.247209548950195
3 <---> 1 : 10.011911392211914
2 <---> 3 : 7.246255874633789
2 <---> 1 : 7.782220840454102
datapath         port     rx-pkts  rx-bytes rx-error tx-pkts  tx-bytes tx-error
---------------- -------- -------- -------- -------- -------- -------- --------
0000000000000001        1        0        0        0       39     3042        0
0000000000000001        2       63     5816        0       62     5756        0
0000000000000001        3       63     5816        0       62     5756        0
datapath         in-port  eth-dst           out-port packets  bytes
---------------- -------- ----------------- -------- -------- --------
datapath         port     rx-pkts  rx-bytes rx-error tx-pkts  tx-bytes tx-error
---------------- -------- -------- -------- -------- -------- -------- --------
0000000000000002        1        0        0        0       39     3042        0
0000000000000002        2       62     5756        0       63     5816        0
0000000000000002        3       62     5756        0       63     5816        0
datapath         in-port  eth-dst           out-port packets  bytes
---------------- -------- ----------------- -------- -------- --------
datapath         port     rx-pkts  rx-bytes rx-error tx-pkts  tx-bytes tx-error
---------------- -------- -------- -------- -------- -------- -------- --------
0000000000000003        1        0        0        0       39     3042        0
0000000000000003        2       62     5756        0       63     5816        0
0000000000000003        3       63     5816        0       62     5756        0
datapath         in-port  eth-dst           out-port packets  bytes
---------------- -------- ----------------- -------- -------- --------
discovery--->==================================== discovery ====================================
discovery---> cls: [(1, 2), (1, 3), (2, 3)]
discovery--->=============================================================================
==================================== link detector ====================================

----------------------------
src    dst :    delay
1 <---> 2 : 8.068561553955078
1 <---> 3 : 10.18071174621582
3 <---> 2 : 8.254289627075195
3 <---> 1 : 8.706331253051758
2 <---> 3 : 7.141590118408203
2 <---> 1 : 7.846593856811523
datapath         port     rx-pkts  rx-bytes rx-error tx-pkts  tx-bytes tx-error
---------------- -------- -------- -------- -------- -------- -------- --------
0000000000000001        1        0        0        0       44     3432        0
0000000000000001        2       68     6116        0       67     6056        0
0000000000000001        3       68     6116        0       68     6116        0
datapath         in-port  eth-dst           out-port packets  bytes
---------------- -------- ----------------- -------- -------- --------
datapath         port     rx-pkts  rx-bytes rx-error tx-pkts  tx-bytes tx-error
---------------- -------- -------- -------- -------- -------- -------- --------
0000000000000003        1        0        0        0       44     3432        0
0000000000000003        2       68     6116        0       68     6116        0
0000000000000003        3       68     6116        0       67     6056        0
datapath         in-port  eth-dst           out-port packets  bytes
---------------- -------- ----------------- -------- -------- --------
datapath         port     rx-pkts  rx-bytes rx-error tx-pkts  tx-bytes tx-error
---------------- -------- -------- -------- -------- -------- -------- --------
0000000000000002        1        0        0        0       44     3432        0
0000000000000002        2       67     6056        0       68     6116        0
0000000000000002        3       67     6056        0       68     6116        0
datapath         in-port  eth-dst           out-port packets  bytes
---------------- -------- ----------------- -------- -------- --------
discovery--->==================================== discovery ====================================
discovery---> cls: [(1, 2), (1, 3), (2, 3)]
discovery--->=============================================================================
==================================== link detector ====================================

----------------------------
src    dst :    delay
1 <---> 2 : 8.088827133178711
1 <---> 3 : 10.27822494506836
3 <---> 2 : 7.124662399291992
3 <---> 1 : 9.23776626586914
2 <---> 3 : 8.090972900390625
2 <---> 1 : 8.106231689453125
==================================== link detector ====================================

----------------------------
src    dst :    delay
1 <---> 2 : 7.210969924926758
1 <---> 3 : 10.091304779052734
3 <---> 2 : 7.836818695068359
3 <---> 1 : 9.365558624267578
2 <---> 3 : 7.48753547668457
2 <---> 1 : 7.974147796630859
datapath         port     rx-pkts  rx-bytes rx-error tx-pkts  tx-bytes tx-error
---------------- -------- -------- -------- -------- -------- -------- --------
0000000000000001        1        0        0        0       50     3900        0
0000000000000001        2       74     6476        0       73     6416        0
0000000000000001        3       74     6476        0       73     6416        0
datapath         in-port  eth-dst           out-port packets  bytes
---------------- -------- ----------------- -------- -------- --------
datapath         port     rx-pkts  rx-bytes rx-error tx-pkts  tx-bytes tx-error
---------------- -------- -------- -------- -------- -------- -------- --------
0000000000000003        1        0        0        0       50     3900        0
0000000000000003        2       73     6416        0       74     6476        0
0000000000000003        3       74     6476        0       73     6416        0
datapath         in-port  eth-dst           out-port packets  bytes
---------------- -------- ----------------- -------- -------- --------
datapath         port     rx-pkts  rx-bytes rx-error tx-pkts  tx-bytes tx-error
---------------- -------- -------- -------- -------- -------- -------- --------
0000000000000002        1        0        0        0       50     3900        0
0000000000000002        2       73     6416        0       74     6476        0
0000000000000002        3       73     6416        0       74     6476        0
datapath         in-port  eth-dst           out-port packets  bytes
---------------- -------- ----------------- -------- -------- --------
discovery--->==================================== discovery ====================================
discovery---> cls: [(1, 2), (1, 3), (2, 3)]
discovery--->=============================================================================
==================================== link detector ====================================

----------------------------
src    dst :    delay
1 <---> 2 : 7.133245468139648
1 <---> 3 : 10.136127471923828
3 <---> 2 : 7.593631744384766
3 <---> 1 : 10.080575942993164
2 <---> 3 : 8.143424987792969
2 <---> 1 : 8.023500442504883
datapath         port     rx-pkts  rx-bytes rx-error tx-pkts  tx-bytes tx-error
---------------- -------- -------- -------- -------- -------- -------- --------
0000000000000001        1        0        0        0       56     4368        0
0000000000000001        2       79     6776        0       79     6776        0
0000000000000001        3       79     6776        0       79     6776        0
datapath         in-port  eth-dst           out-port packets  bytes
---------------- -------- ----------------- -------- -------- --------
datapath         port     rx-pkts  rx-bytes rx-error tx-pkts  tx-bytes tx-error
---------------- -------- -------- -------- -------- -------- -------- --------
0000000000000002        1        0        0        0       55     4290        0
0000000000000002        2       79     6776        0       79     6776        0
0000000000000002        3       78     6716        0       79     6776        0
datapath         in-port  eth-dst           out-port packets  bytes
---------------- -------- ----------------- -------- -------- --------
datapath         port     rx-pkts  rx-bytes rx-error tx-pkts  tx-bytes tx-error
---------------- -------- -------- -------- -------- -------- -------- --------
0000000000000003        1        0        0        0       55     4290        0
0000000000000003        2       79     6776        0       79     6776        0
0000000000000003        3       79     6776        0       78     6716        0
datapath         in-port  eth-dst           out-port packets  bytes
---------------- -------- ----------------- -------- -------- --------
discovery--->==================================== discovery ====================================
discovery---> cls: [(1, 2), (1, 3), (2, 3)]
discovery--->=============================================================================
==================================== link detector ====================================

----------------------------
src    dst :    delay
1 <---> 2 : 8.117198944091797
1 <---> 3 : 9.221792221069336
3 <---> 2 : 6.982088088989258
3 <---> 1 : 8.71419906616211
2 <---> 3 : 8.170366287231445
2 <---> 1 : 7.402181625366211
==================================== link detector ====================================

----------------------------
src    dst :    delay
1 <---> 2 : 6.915569305419922
1 <---> 3 : 9.828329086303711
3 <---> 2 : 8.22591781616211
3 <---> 1 : 9.08660888671875
2 <---> 3 : 7.905006408691406
2 <---> 1 : 8.137941360473633
datapath         port     rx-pkts  rx-bytes rx-error tx-pkts  tx-bytes tx-error
---------------- -------- -------- -------- -------- -------- -------- --------
0000000000000001        1        0        0        0       61     4758        0
0000000000000001        2       85     7136        0       84     7076        0
0000000000000001        3       85     7136        0       85     7146        0
datapath         in-port  eth-dst           out-port packets  bytes
---------------- -------- ----------------- -------- -------- --------
datapath         port     rx-pkts  rx-bytes rx-error tx-pkts  tx-bytes tx-error
---------------- -------- -------- -------- -------- -------- -------- --------
0000000000000003        1        0        0        0       61     4758        0
0000000000000003        2       85     7146        0       85     7136        0
0000000000000003        3       86     7206        0       85     7146        0
datapath         in-port  eth-dst           out-port packets  bytes
---------------- -------- ----------------- -------- -------- --------
datapath         port     rx-pkts  rx-bytes rx-error tx-pkts  tx-bytes tx-error
---------------- -------- -------- -------- -------- -------- -------- --------
0000000000000002        1        0        0        0       61     4758        0
0000000000000002        2       84     7076        0       85     7136        0
0000000000000002        3       85     7146        0       86     7206        0
datapath         in-port  eth-dst           out-port packets  bytes
---------------- -------- ----------------- -------- -------- --------
discovery--->==================================== discovery ====================================
discovery---> cls: [(1, 2), (1, 3), (2, 3)]
discovery--->=============================================================================
==================================== link detector ====================================

----------------------------
src    dst :    delay
1 <---> 2 : 8.037567138671875
1 <---> 3 : 8.586406707763672
3 <---> 2 : 8.123159408569336
3 <---> 1 : 8.718729019165039
2 <---> 3 : 8.108139038085938
2 <---> 1 : 8.301973342895508
==================================== link detector ====================================

----------------------------
src    dst :    delay
1 <---> 2 : 8.0108642578125
1 <---> 3 : 9.966850280761719
3 <---> 2 : 7.148504257202148
3 <---> 1 : 9.364128112792969
2 <---> 3 : 7.754325866699219
2 <---> 1 : 6.811618804931641
datapath         port     rx-pkts  rx-bytes rx-error tx-pkts  tx-bytes tx-error
---------------- -------- -------- -------- -------- -------- -------- --------
0000000000000001        1        0        0        0       67     5226        0
0000000000000001        2       91     7639        0       92     7709        0
0000000000000001        3       91     7639        0       92     7709        0
datapath         in-port  eth-dst           out-port packets  bytes
---------------- -------- ----------------- -------- -------- --------
datapath         port     rx-pkts  rx-bytes rx-error tx-pkts  tx-bytes tx-error
---------------- -------- -------- -------- -------- -------- -------- --------
0000000000000003        1        0        0        0       67     5226        0
0000000000000003        2       92     7709        0       91     7639        0
0000000000000003        3       92     7709        0       92     7709        0
datapath         in-port  eth-dst           out-port packets  bytes
---------------- -------- ----------------- -------- -------- --------
datapath         port     rx-pkts  rx-bytes rx-error tx-pkts  tx-bytes tx-error
---------------- -------- -------- -------- -------- -------- -------- --------
0000000000000002        1        0        0        0       66     5148        0
0000000000000002        2       92     7709        0       91     7639        0
0000000000000002        3       92     7709        0       92     7709        0
datapath         in-port  eth-dst           out-port packets  bytes
---------------- -------- ----------------- -------- -------- --------
discovery--->==================================== discovery ====================================
discovery---> cls: [(1, 2), (1, 3), (2, 3)]
discovery--->=============================================================================
==================================== link detector ====================================

----------------------------
src    dst :    delay
1 <---> 2 : 6.925821304321289
1 <---> 3 : 9.16433334350586
3 <---> 2 : 7.255315780639648
3 <---> 1 : 8.19087028503418
2 <---> 3 : 6.620168685913086
2 <---> 1 : 8.440971374511719
datapath         port     rx-pkts  rx-bytes rx-error tx-pkts  tx-bytes tx-error
---------------- -------- -------- -------- -------- -------- -------- --------
0000000000000001        1        0        0        0       72     5616        0
0000000000000001        2       98     8069        0       97     8009        0
0000000000000001        3       98     8069        0       97     8009        0
datapath         in-port  eth-dst           out-port packets  bytes
---------------- -------- ----------------- -------- -------- --------
datapath         port     rx-pkts  rx-bytes rx-error tx-pkts  tx-bytes tx-error
---------------- -------- -------- -------- -------- -------- -------- --------
0000000000000002        1        0        0        0       72     5616        0
0000000000000002        2       97     8009        0       98     8069        0
0000000000000002        3       97     8009        0       98     8069        0
datapath         in-port  eth-dst           out-port packets  bytes
---------------- -------- ----------------- -------- -------- --------
datapath         port     rx-pkts  rx-bytes rx-error tx-pkts  tx-bytes tx-error
---------------- -------- -------- -------- -------- -------- -------- --------
0000000000000003        1        0        0        0       72     5616        0
0000000000000003        2       97     8009        0       98     8069        0
0000000000000003        3       98     8069        0       97     8009        0
datapath         in-port  eth-dst           out-port packets  bytes
---------------- -------- ----------------- -------- -------- --------
discovery--->==================================== discovery ====================================
discovery---> cls: [(1, 2), (1, 3), (2, 3)]
discovery--->=============================================================================
==================================== link detector ====================================

----------------------------
src    dst :    delay
1 <---> 2 : 8.016109466552734
1 <---> 3 : 8.869171142578125
3 <---> 2 : 6.640195846557617
3 <---> 1 : 10.156393051147461
2 <---> 3 : 8.179187774658203
2 <---> 1 : 6.572723388671875
==================================== link detector ====================================

----------------------------
src    dst :    delay
1 <---> 2 : 6.741762161254883
1 <---> 3 : 10.039806365966797
3 <---> 2 : 8.280038833618164
3 <---> 1 : 9.659528732299805
2 <---> 3 : 7.035732269287109
2 <---> 1 : 7.108211517333984
datapath         port     rx-pkts  rx-bytes rx-error tx-pkts  tx-bytes tx-error
---------------- -------- -------- -------- -------- -------- -------- --------
0000000000000001        1        0        0        0       78     6084        0
0000000000000001        2      103     8369        0      103     8369        0
0000000000000001        3      103     8369        0      103     8369        0
datapath         in-port  eth-dst           out-port packets  bytes
---------------- -------- ----------------- -------- -------- --------
datapath         port     rx-pkts  rx-bytes rx-error tx-pkts  tx-bytes tx-error
---------------- -------- -------- -------- -------- -------- -------- --------
0000000000000002        1        0        0        0       78     6084        0
0000000000000002        2      103     8369        0      103     8369        0
0000000000000002        3      103     8369        0      104     8429        0
datapath         in-port  eth-dst           out-port packets  bytes
---------------- -------- ----------------- -------- -------- --------
datapath         port     rx-pkts  rx-bytes rx-error tx-pkts  tx-bytes tx-error
---------------- -------- -------- -------- -------- -------- -------- --------
0000000000000003        1        0        0        0       78     6084        0
0000000000000003        2      103     8369        0      103     8369        0
0000000000000003        3      104     8429        0      103     8369        0
datapath         in-port  eth-dst           out-port packets  bytes
---------------- -------- ----------------- -------- -------- --------
discovery--->==================================== discovery ====================================
discovery---> cls: [(1, 2), (1, 3), (2, 3)]
discovery--->=============================================================================
==================================== link detector ====================================

----------------------------
src    dst :    delay
1 <---> 2 : 7.695913314819336
1 <---> 3 : 9.838342666625977
3 <---> 2 : 7.298946380615234
3 <---> 1 : 8.871078491210938
2 <---> 3 : 7.951974868774414
2 <---> 1 : 7.08460807800293
datapath         port     rx-pkts  rx-bytes rx-error tx-pkts  tx-bytes tx-error
---------------- -------- -------- -------- -------- -------- -------- --------
0000000000000001        1        0        0        0       83     6474        0
0000000000000001        2      109     8729        0      108     8669        0
0000000000000001        3      109     8729        0      108     8669        0
datapath         in-port  eth-dst           out-port packets  bytes
---------------- -------- ----------------- -------- -------- --------
datapath         port     rx-pkts  rx-bytes rx-error tx-pkts  tx-bytes tx-error
---------------- -------- -------- -------- -------- -------- -------- --------
0000000000000003        1        0        0        0       83     6474        0
0000000000000003        2      108     8669        0      109     8729        0
0000000000000003        3      109     8729        0      108     8669        0
datapath         in-port  eth-dst           out-port packets  bytes
---------------- -------- ----------------- -------- -------- --------
datapath         port     rx-pkts  rx-bytes rx-error tx-pkts  tx-bytes tx-error
---------------- -------- -------- -------- -------- -------- -------- --------
0000000000000002        1        0        0        0       83     6474        0
0000000000000002        2      108     8669        0      109     8729        0
0000000000000002        3      108     8669        0      109     8729        0
datapath         in-port  eth-dst           out-port packets  bytes
---------------- -------- ----------------- -------- -------- --------
discovery--->==================================== discovery ====================================
discovery---> cls: [(1, 2), (1, 3), (2, 3)]
discovery--->=============================================================================
==================================== link detector ====================================

----------------------------
src    dst :    delay
1 <---> 2 : 8.753061294555664
1 <---> 3 : 22.4459171295166
3 <---> 2 : 22.855520248413086
3 <---> 1 : 10.061264038085938
2 <---> 3 : 7.060050964355469
2 <---> 1 : 8.025884628295898
==================================== link detector ====================================

----------------------------
src    dst :    delay
1 <---> 2 : 8.79979133605957
1 <---> 3 : 8.318662643432617
3 <---> 2 : 7.195234298706055
3 <---> 1 : 10.127067565917969
2 <---> 3 : 7.682323455810547
2 <---> 1 : 7.190942764282227
datapath         port     rx-pkts  rx-bytes rx-error tx-pkts  tx-bytes tx-error
---------------- -------- -------- -------- -------- -------- -------- --------
0000000000000001        1        0        0        0       89     6942        0
0000000000000001        2      115     9089        0      114     9029        0
0000000000000001        3      114     9029        0      114     9029        0
datapath         in-port  eth-dst           out-port packets  bytes
---------------- -------- ----------------- -------- -------- --------
datapath         port     rx-pkts  rx-bytes rx-error tx-pkts  tx-bytes tx-error
---------------- -------- -------- -------- -------- -------- -------- --------
0000000000000003        1        0        0        0       89     6942        0
0000000000000003        2      114     9029        0      114     9029        0
0000000000000003        3      115     9089        0      114     9029        0
datapath         in-port  eth-dst           out-port packets  bytes
---------------- -------- ----------------- -------- -------- --------
datapath         port     rx-pkts  rx-bytes rx-error tx-pkts  tx-bytes tx-error
---------------- -------- -------- -------- -------- -------- -------- --------
0000000000000002        1        0        0        0       89     6942        0
0000000000000002        2      114     9029        0      115     9089        0
0000000000000002        3      114     9029        0      115     9089        0
datapath         in-port  eth-dst           out-port packets  bytes
---------------- -------- ----------------- -------- -------- --------
discovery--->==================================== discovery ====================================
discovery---> cls: [(1, 2), (1, 3), (2, 3)]
discovery--->=============================================================================
==================================== link detector ====================================

----------------------------
src    dst :    delay
1 <---> 2 : 6.630897521972656
1 <---> 3 : 10.248899459838867
3 <---> 2 : 8.173704147338867
3 <---> 1 : 8.681535720825195
2 <---> 3 : 6.956577301025391
2 <---> 1 : 8.611202239990234
datapath         port     rx-pkts  rx-bytes rx-error tx-pkts  tx-bytes tx-error
---------------- -------- -------- -------- -------- -------- -------- --------
0000000000000001        1        0        0        0       94     7332        0
0000000000000001        2      120     9389        0      119     9329        0
0000000000000001        3      120     9389        0      119     9329        0
datapath         in-port  eth-dst           out-port packets  bytes
---------------- -------- ----------------- -------- -------- --------
datapath         port     rx-pkts  rx-bytes rx-error tx-pkts  tx-bytes tx-error
---------------- -------- -------- -------- -------- -------- -------- --------
0000000000000002        1        0        0        0       94     7332        0
0000000000000002        2      119     9329        0      120     9389        0
0000000000000002        3      119     9329        0      120     9389        0
datapath         in-port  eth-dst           out-port packets  bytes
---------------- -------- ----------------- -------- -------- --------
datapath         port     rx-pkts  rx-bytes rx-error tx-pkts  tx-bytes tx-error
---------------- -------- -------- -------- -------- -------- -------- --------
0000000000000003        1        0        0        0       94     7332        0
0000000000000003        2      119     9329        0      120     9389        0
0000000000000003        3      120     9389        0      119     9329        0
datapath         in-port  eth-dst           out-port packets  bytes
---------------- -------- ----------------- -------- -------- --------
discovery--->==================================== discovery ====================================
discovery---> cls: [(1, 2), (1, 3), (2, 3)]
discovery--->=============================================================================
==================================== link detector ====================================

----------------------------
src    dst :    delay
1 <---> 2 : 6.602764129638672
1 <---> 3 : 9.218931198120117
3 <---> 2 : 7.047176361083984
3 <---> 1 : 8.346319198608398
2 <---> 3 : 7.466316223144531
2 <---> 1 : 11.667966842651367
==================================== link detector ====================================

----------------------------
src    dst :    delay
1 <---> 2 : 8.121967315673828
1 <---> 3 : 10.149478912353516
3 <---> 2 : 6.7691802978515625
3 <---> 1 : 10.026693344116211
2 <---> 3 : 7.686614990234375
2 <---> 1 : 6.345510482788086
datapath         port     rx-pkts  rx-bytes rx-error tx-pkts  tx-bytes tx-error
---------------- -------- -------- -------- -------- -------- -------- --------
0000000000000001        1        0        0        0      100     7800        0
0000000000000001        2      126     9749        0      125     9689        0
0000000000000001        3      126     9749        0      125     9689        0
datapath         in-port  eth-dst           out-port packets  bytes
---------------- -------- ----------------- -------- -------- --------
datapath         port     rx-pkts  rx-bytes rx-error tx-pkts  tx-bytes tx-error
---------------- -------- -------- -------- -------- -------- -------- --------
0000000000000003        1        0        0        0      100     7800        0
0000000000000003        2      125     9689        0      126     9749        0
0000000000000003        3      126     9749        0      125     9689        0
datapath         in-port  eth-dst           out-port packets  bytes
---------------- -------- ----------------- -------- -------- --------
datapath         port     rx-pkts  rx-bytes rx-error tx-pkts  tx-bytes tx-error
---------------- -------- -------- -------- -------- -------- -------- --------
0000000000000002        1        0        0        0      100     7800        0
0000000000000002        2      125     9689        0      126     9749        0
0000000000000002        3      125     9689        0      126     9749        0
datapath         in-port  eth-dst           out-port packets  bytes
---------------- -------- ----------------- -------- -------- --------
discovery--->==================================== discovery ====================================
discovery---> cls: [(1, 2), (1, 3), (2, 3)]
discovery--->=============================================================================
==================================== link detector ====================================

----------------------------
src    dst :    delay
1 <---> 2 : 8.013725280761719
1 <---> 3 : 9.977102279663086
3 <---> 2 : 6.803274154663086
3 <---> 1 : 8.927583694458008
2 <---> 3 : 6.761312484741211
2 <---> 1 : 8.043289184570312
==================================== link detector ====================================

----------------------------
src    dst :    delay
1 <---> 2 : 6.605625152587891
1 <---> 3 : 8.223772048950195
3 <---> 2 : 8.07499885559082
3 <---> 1 : 8.24117660522461
2 <---> 3 : 7.002592086791992
2 <---> 1 : 7.33637809753418
datapath         port     rx-pkts  rx-bytes rx-error tx-pkts  tx-bytes tx-error
---------------- -------- -------- -------- -------- -------- -------- --------
0000000000000001        1        0        0        0      105     8190        0
0000000000000001        2      131    10049        0      131    10049        0
0000000000000001        3      131    10049        0      131    10049        0
datapath         in-port  eth-dst           out-port packets  bytes
---------------- -------- ----------------- -------- -------- --------
datapath         port     rx-pkts  rx-bytes rx-error tx-pkts  tx-bytes tx-error
---------------- -------- -------- -------- -------- -------- -------- --------
0000000000000002        1        0        0        0      105     8190        0
0000000000000002        2      131    10049        0      131    10049        0
0000000000000002        3      130     9989        0      131    10049        0
datapath         in-port  eth-dst           out-port packets  bytes
---------------- -------- ----------------- -------- -------- --------
datapath         port     rx-pkts  rx-bytes rx-error tx-pkts  tx-bytes tx-error
---------------- -------- -------- -------- -------- -------- -------- --------
0000000000000003        1        0        0        0      105     8190        0
0000000000000003        2      131    10049        0      131    10049        0
0000000000000003        3      131    10049        0      130     9989        0
datapath         in-port  eth-dst           out-port packets  bytes
---------------- -------- ----------------- -------- -------- --------
discovery--->==================================== discovery ====================================
discovery---> cls: [(1, 2), (1, 3), (2, 3)]
discovery--->=============================================================================
