loading app network_structure.py
Matplotlib created a temporary config/cache directory at /tmp/matplotlib-apg3bs10 because the default path (/home/terry/.config/matplotlib) is not a writable directory; it is highly recommended to set the MPLCONFIGDIR environment variable to a writable directory, in particular to speed up the import of Matplotlib and to better support multiprocessing.
Generating new fontManager, this may take some time...
Failed to extract font properties from /usr/share/fonts/truetype/noto/NotoColorEmoji.ttf: In FT2Font: Can not load face.  Unknown file format.
loading app network_monitor.py
loading app network_delay.py
loading app network_shortest_path.py
loading app arp_handler.py
loading app ryu.controller.ofp_handler
instantiating app None of Switches
creating context switches
instantiating app network_structure.py of NetworkStructure
instantiating app network_monitor.py of NetworkMonitor
instantiating app network_delay.py of NetworkDelay
instantiating app network_shortest_path.py of NetworkShortestPath
instantiating app arp_handler.py of ArpHandler
instantiating app ryu.controller.ofp_handler of OFPHandler
discovery---> AccessPoint: 1 connected
discovery---> AccessPoint: 2 connected
discovery---> AccessPoint: 3 connected
monitor---->register datapath: 1000000000000003
monitor---->register datapath: 1000000000000001
monitor---->register datapath: 1000000000000002
---> OFPPortStatus received: reason=MODIFY desc=OFPPort(port_no=1,hw_addr='10:00:00:00:00:00',name=b'ap1-wlan1',config=0,state=0,curr=0,advertised=0,supported=0,peer=0,curr_speed=0,max_speed=0)
---> OFPPortStatus received: reason=MODIFY desc=OFPPort(port_no=1,hw_addr='10:00:00:00:00:00',name=b'ap1-wlan1',config=0,state=1,curr=0,advertised=0,supported=0,peer=0,curr_speed=0,max_speed=0)
---> OFPPortStatus received: reason=MODIFY desc=OFPPort(port_no=1,hw_addr='30:00:00:00:00:00',name=b'ap3-wlan1',config=0,state=0,curr=0,advertised=0,supported=0,peer=0,curr_speed=0,max_speed=0)
---> OFPPortStatus received: reason=MODIFY desc=OFPPort(port_no=1,hw_addr='30:00:00:00:00:00',name=b'ap3-wlan1',config=0,state=1,curr=0,advertised=0,supported=0,peer=0,curr_speed=0,max_speed=0)
==================================== link detector ====================================

----------------------------
src    dst :    delay
1 <---> 2 : 2.7234554290771484
1 <---> 3 : 4.050016403198242
2 <---> 1 : 3.4072399139404297
2 <---> 3 : 2.6831626892089844
3 <---> 1 : 2.705097198486328
3 <---> 2 : 3.4637451171875
discovery--->==================================== discovery ====================================
discovery---> cls: [(1, 2), (1, 3), (2, 3)]
discovery--->=============================================================================
datapath         port     rx-pkts  rx-bytes rx-error tx-pkts  tx-bytes tx-error
---------------- -------- -------- -------- -------- -------- -------- --------
0000000000000001        1        0        0        0        1       78        0
0000000000000001        2       26     3300        0       24     3170        0
0000000000000001        3       24     3120        0       24     3170        0
datapath         in-port  eth-dst           out-port packets  bytes
---------------- -------- ----------------- -------- -------- --------
datapath         port     rx-pkts  rx-bytes rx-error tx-pkts  tx-bytes tx-error
---------------- -------- -------- -------- -------- -------- -------- --------
0000000000000002        1        0        0        0        1       78        0
0000000000000002        2       24     3170        0       24     3120        0
0000000000000002        3       24     3160        0       23     2967        0
datapath         in-port  eth-dst           out-port packets  bytes
---------------- -------- ----------------- -------- -------- --------
datapath         port     rx-pkts  rx-bytes rx-error tx-pkts  tx-bytes tx-error
---------------- -------- -------- -------- -------- -------- -------- --------
0000000000000003        1        0        0        0        5      390        0
0000000000000003        2       24     3170        0       26     3300        0
0000000000000003        3       23     2967        0       24     3160        0
datapath         in-port  eth-dst           out-port packets  bytes
---------------- -------- ----------------- -------- -------- --------
==================================== link detector ====================================

----------------------------
src    dst :    delay
1 <---> 2 : 4.031896591186523
1 <---> 3 : 3.1347274780273438
2 <---> 1 : 2.626180648803711
2 <---> 3 : 4.120826721191406
3 <---> 1 : 3.9756298065185547
3 <---> 2 : 3.4520626068115234
==================================== link detector ====================================

----------------------------
src    dst :    delay
1 <---> 2 : 4.496097564697266
1 <---> 3 : 4.052400588989258
2 <---> 1 : 3.056764602661133
2 <---> 3 : 4.403114318847656
3 <---> 1 : 3.2668113708496094
3 <---> 2 : 4.082679748535156
discovery--->==================================== discovery ====================================
discovery---> cls: [(1, 2), (1, 3), (2, 3)]
discovery--->=============================================================================
datapath         port     rx-pkts  rx-bytes rx-error tx-pkts  tx-bytes tx-error
---------------- -------- -------- -------- -------- -------- -------- --------
0000000000000002        1        0        0        0        1       78        0
0000000000000002        2       32     3803        0       30     3623        0
0000000000000002        3       31     3733        0       30     3540        0
datapath         in-port  eth-dst           out-port packets  bytes
---------------- -------- ----------------- -------- -------- --------
datapath         port     rx-pkts  rx-bytes rx-error tx-pkts  tx-bytes tx-error
---------------- -------- -------- -------- -------- -------- -------- --------
0000000000000001        1        0        0        0        1       78        0
0000000000000001        2       32     3803        0       32     3803        0
0000000000000001        3       30     3623        0       32     3803        0
datapath         in-port  eth-dst           out-port packets  bytes
---------------- -------- ----------------- -------- -------- --------
datapath         port     rx-pkts  rx-bytes rx-error tx-pkts  tx-bytes tx-error
---------------- -------- -------- -------- -------- -------- -------- --------
0000000000000003        1        0        0        0       10      780        0
0000000000000003        2       32     3803        0       32     3803        0
0000000000000003        3       30     3540        0       31     3733        0
datapath         in-port  eth-dst           out-port packets  bytes
---------------- -------- ----------------- -------- -------- --------
==================================== link detector ====================================

----------------------------
src    dst :    delay
1 <---> 2 : 3.0875205993652344
1 <---> 3 : 4.089832305908203
2 <---> 1 : 2.687692642211914
2 <---> 3 : 2.259492874145508
3 <---> 1 : 4.292011260986328
3 <---> 2 : 3.612518310546875
discovery--->==================================== discovery ====================================
discovery---> cls: [(1, 2), (1, 3), (2, 3)]
discovery--->=============================================================================
datapath         port     rx-pkts  rx-bytes rx-error tx-pkts  tx-bytes tx-error
---------------- -------- -------- -------- -------- -------- -------- --------
0000000000000002        1        0        0        0        1       78        0
0000000000000002        2       37     4103        0       36     3983        0
0000000000000002        3       37     4093        0       36     3900        0
datapath         in-port  eth-dst           out-port packets  bytes
---------------- -------- ----------------- -------- -------- --------
datapath         port     rx-pkts  rx-bytes rx-error tx-pkts  tx-bytes tx-error
---------------- -------- -------- -------- -------- -------- -------- --------
0000000000000003        1        0        0        0       16     1248        0
0000000000000003        2       37     4103        0       38     4163        0
0000000000000003        3       36     3900        0       37     4093        0
datapath         in-port  eth-dst           out-port packets  bytes
---------------- -------- ----------------- -------- -------- --------
datapath         port     rx-pkts  rx-bytes rx-error tx-pkts  tx-bytes tx-error
---------------- -------- -------- -------- -------- -------- -------- --------
0000000000000001        1        0        0        0        1       78        0
0000000000000001        2       38     4163        0       37     4103        0
0000000000000001        3       36     3983        0       37     4103        0
datapath         in-port  eth-dst           out-port packets  bytes
---------------- -------- ----------------- -------- -------- --------
==================================== link detector ====================================

----------------------------
src    dst :    delay
1 <---> 2 : 3.896951675415039
1 <---> 3 : 2.966642379760742
2 <---> 1 : 3.4415721893310547
2 <---> 3 : 4.059076309204102
3 <---> 1 : 3.5080909729003906
3 <---> 2 : 3.4694671630859375
==================================== link detector ====================================

----------------------------
src    dst :    delay
1 <---> 2 : 3.949403762817383
1 <---> 3 : 3.9234161376953125
2 <---> 1 : 4.08482551574707
2 <---> 3 : 3.151416778564453
3 <---> 1 : 2.6400089263916016
3 <---> 2 : 3.0508041381835938
datapath         port     rx-pkts  rx-bytes rx-error tx-pkts  tx-bytes tx-error
---------------- -------- -------- -------- -------- -------- -------- --------
0000000000000002        1        0        0        0        1       78        0
0000000000000002        2       43     4463        0       41     4283        0
0000000000000002        3       42     4393        0       42     4260        0
datapath         in-port  eth-dst           out-port packets  bytes
---------------- -------- ----------------- -------- -------- --------
discovery--->==================================== discovery ====================================
discovery---> cls: [(1, 2), (1, 3), (2, 3)]
discovery--->=============================================================================
datapath         port     rx-pkts  rx-bytes rx-error tx-pkts  tx-bytes tx-error
---------------- -------- -------- -------- -------- -------- -------- --------
0000000000000003        1        0        0        0       21     1638        0
0000000000000003        2       43     4463        0       44     4533        0
0000000000000003        3       42     4260        0       42     4393        0
datapath         in-port  eth-dst           out-port packets  bytes
---------------- -------- ----------------- -------- -------- --------
datapath         port     rx-pkts  rx-bytes rx-error tx-pkts  tx-bytes tx-error
---------------- -------- -------- -------- -------- -------- -------- --------
0000000000000001        1        0        0        0        1       78        0
0000000000000001        2       44     4533        0       43     4463        0
0000000000000001        3       41     4283        0       43     4463        0
datapath         in-port  eth-dst           out-port packets  bytes
---------------- -------- ----------------- -------- -------- --------
==================================== link detector ====================================

----------------------------
src    dst :    delay
1 <---> 2 : 3.1876564025878906
1 <---> 3 : 4.012823104858398
2 <---> 1 : 4.110813140869141
2 <---> 3 : 2.422332763671875
3 <---> 1 : 2.6960372924804688
3 <---> 2 : 4.093408584594727
datapath         port     rx-pkts  rx-bytes rx-error tx-pkts  tx-bytes tx-error
---------------- -------- -------- -------- -------- -------- -------- --------
0000000000000002        1        0        0        0        1       78        0
0000000000000002        2       54     5176        0       55     5168        0
0000000000000002        3       56     5278        0       54     5015        0
datapath         in-port  eth-dst           out-port packets  bytes
---------------- -------- ----------------- -------- -------- --------
datapath         port     rx-pkts  rx-bytes rx-error tx-pkts  tx-bytes tx-error
---------------- -------- -------- -------- -------- -------- -------- --------
0000000000000001        1        0        0        0        1       78        0
0000000000000001        2       57     5348        0       56     5288        0
0000000000000001        3       55     5168        0       54     5176        0
datapath         in-port  eth-dst           out-port packets  bytes
---------------- -------- ----------------- -------- -------- --------
datapath         port     rx-pkts  rx-bytes rx-error tx-pkts  tx-bytes tx-error
---------------- -------- -------- -------- -------- -------- -------- --------
0000000000000003        1        4      168        0       31     2346        0
0000000000000003        2       56     5288        0       57     5348        0
0000000000000003        3       54     5015        0       56     5278        0
datapath         in-port  eth-dst           out-port packets  bytes
---------------- -------- ----------------- -------- -------- --------
discovery--->==================================== discovery ====================================
discovery---> cls: [(1, 2), (1, 3), (2, 3)]
discovery--->=============================================================================
==================================== link detector ====================================

----------------------------
src    dst :    delay
1 <---> 2 : 4.55474853515625
1 <---> 3 : 2.2203922271728516
2 <---> 1 : 4.0721893310546875
2 <---> 3 : 2.653837203979492
3 <---> 1 : 2.5157928466796875
3 <---> 2 : 4.449605941772461
==================================== link detector ====================================

----------------------------
src    dst :    delay
1 <---> 2 : 3.6513805389404297
1 <---> 3 : 3.691434860229492
2 <---> 1 : 2.7260780334472656
2 <---> 3 : 3.7679672241210938
3 <---> 1 : 4.127264022827148
3 <---> 2 : 3.9675235748291016
datapath         port     rx-pkts  rx-bytes rx-error tx-pkts  tx-bytes tx-error
---------------- -------- -------- -------- -------- -------- -------- --------
0000000000000002        1        0        0        0        1       78        0
0000000000000002        2       61     5606        0       60     5468        0
0000000000000002        3       61     5578        0       61     5445        0
datapath         in-port  eth-dst           out-port packets  bytes
---------------- -------- ----------------- -------- -------- --------
datapath         port     rx-pkts  rx-bytes rx-error tx-pkts  tx-bytes tx-error
---------------- -------- -------- -------- -------- -------- -------- --------
0000000000000001        1        0        0        0        1       78        0
0000000000000001        2       63     5708        0       62     5648        0
0000000000000001        3       60     5468        0       61     5606        0
datapath         in-port  eth-dst           out-port packets  bytes
---------------- -------- ----------------- -------- -------- --------
datapath         port     rx-pkts  rx-bytes rx-error tx-pkts  tx-bytes tx-error
---------------- -------- -------- -------- -------- -------- -------- --------
0000000000000003        1        6      252        0       39     2934        0
0000000000000003        2       62     5648        0       63     5708        0
0000000000000003        3       61     5445        0       61     5578        0
datapath         in-port  eth-dst           out-port packets  bytes
---------------- -------- ----------------- -------- -------- --------
discovery--->==================================== discovery ====================================
discovery---> cls: [(1, 2), (1, 3), (2, 3)]
discovery--->=============================================================================
==================================== link detector ====================================

----------------------------
src    dst :    delay
1 <---> 2 : 3.979206085205078
1 <---> 3 : 2.641916275024414
2 <---> 1 : 3.5512447357177734
2 <---> 3 : 2.9244422912597656
3 <---> 1 : 4.134416580200195
3 <---> 2 : 4.044771194458008
==================================== link detector ====================================

----------------------------
src    dst :    delay
1 <---> 2 : 3.969430923461914
1 <---> 3 : 3.1664371490478516
2 <---> 1 : 4.021406173706055
2 <---> 3 : 2.808809280395508
3 <---> 1 : 3.1964778900146484
3 <---> 2 : 4.084348678588867
datapath         port     rx-pkts  rx-bytes rx-error tx-pkts  tx-bytes tx-error
---------------- -------- -------- -------- -------- -------- -------- --------
0000000000000001        1        0        0        0        1       78        0
0000000000000001        2       68     6008        0       67     5948        0
0000000000000001        3       65     5768        0       65     5846        0
datapath         in-port  eth-dst           out-port packets  bytes
---------------- -------- ----------------- -------- -------- --------
datapath         port     rx-pkts  rx-bytes rx-error tx-pkts  tx-bytes tx-error
---------------- -------- -------- -------- -------- -------- -------- --------
0000000000000002        1        0        0        0        1       78        0
0000000000000002        2       65     5846        0       65     5768        0
0000000000000002        3       67     5938        0       66     5745        0
datapath         in-port  eth-dst           out-port packets  bytes
---------------- -------- ----------------- -------- -------- --------
datapath         port     rx-pkts  rx-bytes rx-error tx-pkts  tx-bytes tx-error
---------------- -------- -------- -------- -------- -------- -------- --------
0000000000000003        1        6      252        0       44     3324        0
0000000000000003        2       67     5948        0       68     6008        0
0000000000000003        3       66     5745        0       67     5938        0
datapath         in-port  eth-dst           out-port packets  bytes
---------------- -------- ----------------- -------- -------- --------
discovery--->==================================== discovery ====================================
discovery---> cls: [(1, 2), (1, 3), (2, 3)]
discovery--->=============================================================================
==================================== link detector ====================================

----------------------------
src    dst :    delay
1 <---> 2 : 3.107786178588867
1 <---> 3 : 4.092216491699219
2 <---> 1 : 4.071712493896484
2 <---> 3 : 3.909587860107422
3 <---> 1 : 4.127025604248047
3 <---> 2 : 2.6426315307617188
datapath         port     rx-pkts  rx-bytes rx-error tx-pkts  tx-bytes tx-error
---------------- -------- -------- -------- -------- -------- -------- --------
0000000000000002        1        0        0        0        1       78        0
0000000000000002        2       71     6206        0       71     6128        0
0000000000000002        3       72     6238        0       72     6105        0
datapath         in-port  eth-dst           out-port packets  bytes
---------------- -------- ----------------- -------- -------- --------
datapath         port     rx-pkts  rx-bytes rx-error tx-pkts  tx-bytes tx-error
---------------- -------- -------- -------- -------- -------- -------- --------
0000000000000001        1        0        0        0        1       78        0
0000000000000001        2       74     6368        0       73     6308        0
0000000000000001        3       71     6128        0       71     6206        0
datapath         in-port  eth-dst           out-port packets  bytes
---------------- -------- ----------------- -------- -------- --------
datapath         port     rx-pkts  rx-bytes rx-error tx-pkts  tx-bytes tx-error
---------------- -------- -------- -------- -------- -------- -------- --------
0000000000000003        1        6      252        0       50     3792        0
0000000000000003        2       73     6308        0       74     6368        0
0000000000000003        3       72     6105        0       72     6238        0
datapath         in-port  eth-dst           out-port packets  bytes
---------------- -------- ----------------- -------- -------- --------
discovery--->==================================== discovery ====================================
discovery---> cls: [(1, 2), (1, 3), (2, 3)]
discovery--->=============================================================================
==================================== link detector ====================================

----------------------------
src    dst :    delay
1 <---> 2 : 4.111766815185547
1 <---> 3 : 4.132747650146484
2 <---> 1 : 3.91387939453125
2 <---> 3 : 3.3431053161621094
3 <---> 1 : 3.5889148712158203
3 <---> 2 : 4.085779190063477
==================================== link detector ====================================

----------------------------
src    dst :    delay
1 <---> 2 : 2.293825149536133
1 <---> 3 : 4.102468490600586
2 <---> 1 : 3.698587417602539
2 <---> 3 : 3.821849822998047
3 <---> 1 : 3.7581920623779297
3 <---> 2 : 3.055572509765625
datapath         port     rx-pkts  rx-bytes rx-error tx-pkts  tx-bytes tx-error
---------------- -------- -------- -------- -------- -------- -------- --------
0000000000000002        1        0        0        0        1       78        0
0000000000000002        2       76     6506        0       76     6428        0
0000000000000002        3       78     6598        0       77     6405        0
datapath         in-port  eth-dst           out-port packets  bytes
---------------- -------- ----------------- -------- -------- --------
datapath         port     rx-pkts  rx-bytes rx-error tx-pkts  tx-bytes tx-error
---------------- -------- -------- -------- -------- -------- -------- --------
0000000000000001        1        0        0        0        1       78        0
0000000000000001        2       79     6668        0       78     6608        0
0000000000000001        3       76     6428        0       76     6506        0
datapath         in-port  eth-dst           out-port packets  bytes
---------------- -------- ----------------- -------- -------- --------
datapath         port     rx-pkts  rx-bytes rx-error tx-pkts  tx-bytes tx-error
---------------- -------- -------- -------- -------- -------- -------- --------
0000000000000003        1        6      252        0       55     4182        0
0000000000000003        2       78     6608        0       79     6668        0
0000000000000003        3       77     6405        0       78     6598        0
datapath         in-port  eth-dst           out-port packets  bytes
---------------- -------- ----------------- -------- -------- --------
discovery--->==================================== discovery ====================================
discovery---> cls: [(1, 2), (1, 3), (2, 3)]
discovery--->=============================================================================
==================================== link detector ====================================

----------------------------
src    dst :    delay
1 <---> 2 : 4.006147384643555
1 <---> 3 : 3.0908584594726562
2 <---> 1 : 3.633737564086914
2 <---> 3 : 4.063606262207031
3 <---> 1 : 3.762960433959961
3 <---> 2 : 3.752470016479492
datapath         port     rx-pkts  rx-bytes rx-error tx-pkts  tx-bytes tx-error
---------------- -------- -------- -------- -------- -------- -------- --------
0000000000000002        1        0        0        0        1       78        0
0000000000000002        2       81     6806        0       82     6788        0
0000000000000002        3       84     6958        0       83     6765        0
datapath         in-port  eth-dst           out-port packets  bytes
---------------- -------- ----------------- -------- -------- --------
datapath         port     rx-pkts  rx-bytes rx-error tx-pkts  tx-bytes tx-error
---------------- -------- -------- -------- -------- -------- -------- --------
0000000000000001        1        0        0        0        1       78        0
0000000000000001        2       85     7028        0       84     6968        0
0000000000000001        3       82     6788        0       81     6806        0
datapath         in-port  eth-dst           out-port packets  bytes
---------------- -------- ----------------- -------- -------- --------
datapath         port     rx-pkts  rx-bytes rx-error tx-pkts  tx-bytes tx-error
---------------- -------- -------- -------- -------- -------- -------- --------
0000000000000003        1        6      252        0       61     4650        0
0000000000000003        2       84     6968        0       85     7028        0
0000000000000003        3       83     6765        0       84     6958        0
datapath         in-port  eth-dst           out-port packets  bytes
---------------- -------- ----------------- -------- -------- --------
discovery--->==================================== discovery ====================================
discovery---> cls: [(1, 2), (1, 3), (2, 3)]
discovery--->=============================================================================
==================================== link detector ====================================

----------------------------
src    dst :    delay
1 <---> 2 : 3.103971481323242
1 <---> 3 : 3.099679946899414
2 <---> 1 : 4.068136215209961
2 <---> 3 : 4.230737686157227
3 <---> 1 : 2.9282569885253906
3 <---> 2 : 3.988981246948242
==================================== link detector ====================================

----------------------------
src    dst :    delay
1 <---> 2 : 4.338741302490234
1 <---> 3 : 2.660989761352539
2 <---> 1 : 4.01759147644043
2 <---> 3 : 3.475666046142578
3 <---> 1 : 2.911090850830078
3 <---> 2 : 3.208637237548828
datapath         port     rx-pkts  rx-bytes rx-error tx-pkts  tx-bytes tx-error
---------------- -------- -------- -------- -------- -------- -------- --------
0000000000000001        1        0        0        0        1       78        0
0000000000000001        2       91     7398        0       90     7328        0
0000000000000001        3       87     7088        0       87     7166        0
datapath         in-port  eth-dst           out-port packets  bytes
---------------- -------- ----------------- -------- -------- --------
datapath         port     rx-pkts  rx-bytes rx-error tx-pkts  tx-bytes tx-error
---------------- -------- -------- -------- -------- -------- -------- --------
0000000000000003        1        6      252        0       66     5040        0
0000000000000003        2       90     7328        0       91     7398        0
0000000000000003        3       88     7065        0       90     7328        0
datapath         in-port  eth-dst           out-port packets  bytes
---------------- -------- ----------------- -------- -------- --------
datapath         port     rx-pkts  rx-bytes rx-error tx-pkts  tx-bytes tx-error
---------------- -------- -------- -------- -------- -------- -------- --------
0000000000000002        1        0        0        0        1       78        0
0000000000000002        2       87     7166        0       87     7088        0
0000000000000002        3       90     7328        0       88     7065        0
datapath         in-port  eth-dst           out-port packets  bytes
---------------- -------- ----------------- -------- -------- --------
discovery--->==================================== discovery ====================================
discovery---> cls: [(1, 2), (1, 3), (2, 3)]
discovery--->=============================================================================
==================================== link detector ====================================

----------------------------
src    dst :    delay
1 <---> 2 : 4.051685333251953
1 <---> 3 : 2.6674270629882812
2 <---> 1 : 2.7747154235839844
2 <---> 3 : 2.1712779998779297
3 <---> 1 : 4.520177841186523
3 <---> 2 : 3.6122798919677734
==================================== link detector ====================================

----------------------------
src    dst :    delay
1 <---> 2 : 4.133701324462891
1 <---> 3 : 2.6433467864990234
2 <---> 1 : 2.6655197143554688
2 <---> 3 : 4.112005233764648
3 <---> 1 : 4.136085510253906
3 <---> 2 : 2.9675960540771484
datapath         port     rx-pkts  rx-bytes rx-error tx-pkts  tx-bytes tx-error
---------------- -------- -------- -------- -------- -------- -------- --------
0000000000000002        1        0        0        0        1       78        0
0000000000000002        2       93     7669        0       95     7721        0
0000000000000002        3       97     7891        0       95     7628        0
datapath         in-port  eth-dst           out-port packets  bytes
---------------- -------- ----------------- -------- -------- --------
datapath         port     rx-pkts  rx-bytes rx-error tx-pkts  tx-bytes tx-error
---------------- -------- -------- -------- -------- -------- -------- --------
0000000000000001        1        0        0        0        1       78        0
0000000000000001        2       98     7961        0       97     7901        0
0000000000000001        3       95     7721        0       93     7669        0
datapath         in-port  eth-dst           out-port packets  bytes
---------------- -------- ----------------- -------- -------- --------
datapath         port     rx-pkts  rx-bytes rx-error tx-pkts  tx-bytes tx-error
---------------- -------- -------- -------- -------- -------- -------- --------
0000000000000003        1       10      420        0       76     5748        0
0000000000000003        2       97     7901        0       98     7961        0
0000000000000003        3       95     7628        0       97     7891        0
datapath         in-port  eth-dst           out-port packets  bytes
---------------- -------- ----------------- -------- -------- --------
discovery--->==================================== discovery ====================================
discovery---> cls: [(1, 2), (1, 3), (2, 3)]
discovery--->=============================================================================
==================================== link detector ====================================

----------------------------
src    dst :    delay
1 <---> 2 : 4.325151443481445
1 <---> 3 : 4.008293151855469
2 <---> 1 : 3.997802734375
2 <---> 3 : 3.5390853881835938
3 <---> 1 : 2.693653106689453
3 <---> 2 : 4.097461700439453
datapath         port     rx-pkts  rx-bytes rx-error tx-pkts  tx-bytes tx-error
---------------- -------- -------- -------- -------- -------- -------- --------
0000000000000002        1        0        0        0        1       78        0
0000000000000002        2      100     8099        0      100     8021        0
0000000000000002        3      102     8191        0      102     8058        0
datapath         in-port  eth-dst           out-port packets  bytes
---------------- -------- ----------------- -------- -------- --------
datapath         port     rx-pkts  rx-bytes rx-error tx-pkts  tx-bytes tx-error
---------------- -------- -------- -------- -------- -------- -------- --------
0000000000000003        1       12      504        0       83     6258        0
0000000000000003        2      103     8261        0      103     8261        0
0000000000000003        3      102     8058        0      102     8191        0
datapath         in-port  eth-dst           out-port packets  bytes
---------------- -------- ----------------- -------- -------- --------
datapath         port     rx-pkts  rx-bytes rx-error tx-pkts  tx-bytes tx-error
---------------- -------- -------- -------- -------- -------- -------- --------
0000000000000001        1        0        0        0        1       78        0
0000000000000001        2      103     8261        0      103     8261        0
0000000000000001        3      100     8021        0      100     8099        0
datapath         in-port  eth-dst           out-port packets  bytes
---------------- -------- ----------------- -------- -------- --------
discovery--->==================================== discovery ====================================
discovery---> cls: [(1, 2), (1, 3), (2, 3)]
discovery--->=============================================================================
==================================== link detector ====================================

----------------------------
src    dst :    delay
1 <---> 2 : 4.158973693847656
1 <---> 3 : 4.10008430480957
2 <---> 1 : 3.1075477600097656
2 <---> 3 : 3.2148361206054688
3 <---> 1 : 3.796815872192383
3 <---> 2 : 2.925395965576172
==================================== link detector ====================================

----------------------------
src    dst :    delay
1 <---> 2 : 3.9911270141601562
1 <---> 3 : 3.944873809814453
2 <---> 1 : 3.4515857696533203
2 <---> 3 : 3.5905838012695312
3 <---> 1 : 3.490924835205078
3 <---> 2 : 3.4809112548828125
datapath         port     rx-pkts  rx-bytes rx-error tx-pkts  tx-bytes tx-error
---------------- -------- -------- -------- -------- -------- -------- --------
0000000000000002        1        0        0        0        1       78        0
0000000000000002        2      104     8339        0      106     8381        0
0000000000000002        3      108     8551        0      107     8358        0
datapath         in-port  eth-dst           out-port packets  bytes
---------------- -------- ----------------- -------- -------- --------
datapath         port     rx-pkts  rx-bytes rx-error tx-pkts  tx-bytes tx-error
---------------- -------- -------- -------- -------- -------- -------- --------
0000000000000001        1        0        0        0        1       78        0
0000000000000001        2      109     8621        0      108     8561        0
0000000000000001        3      106     8381        0      104     8339        0
datapath         in-port  eth-dst           out-port packets  bytes
---------------- -------- ----------------- -------- -------- --------
datapath         port     rx-pkts  rx-bytes rx-error tx-pkts  tx-bytes tx-error
---------------- -------- -------- -------- -------- -------- -------- --------
0000000000000003        1       12      504        0       89     6726        0
0000000000000003        2      108     8561        0      109     8621        0
0000000000000003        3      107     8358        0      108     8551        0
datapath         in-port  eth-dst           out-port packets  bytes
---------------- -------- ----------------- -------- -------- --------
discovery--->==================================== discovery ====================================
discovery---> cls: [(1, 2), (1, 3), (2, 3)]
discovery--->=============================================================================
==================================== link detector ====================================

----------------------------
src    dst :    delay
1 <---> 2 : 3.0319690704345703
1 <---> 3 : 2.240896224975586
2 <---> 1 : 2.288341522216797
2 <---> 3 : 4.303455352783203
3 <---> 1 : 2.167940139770508
3 <---> 2 : 2.412557601928711
datapath         port     rx-pkts  rx-bytes rx-error tx-pkts  tx-bytes tx-error
---------------- -------- -------- -------- -------- -------- -------- --------
0000000000000002        1        0        0        0        1       78        0
0000000000000002        2      110     8699        0      111     8681        0
0000000000000002        3      113     8851        0      113     8718        0
datapath         in-port  eth-dst           out-port packets  bytes
---------------- -------- ----------------- -------- -------- --------
datapath         port     rx-pkts  rx-bytes rx-error tx-pkts  tx-bytes tx-error
---------------- -------- -------- -------- -------- -------- -------- --------
0000000000000003        1       12      504        0       95     7194        0
0000000000000003        2      114     8921        0      114     8921        0
0000000000000003        3      113     8718        0      113     8851        0
datapath         in-port  eth-dst           out-port packets  bytes
---------------- -------- ----------------- -------- -------- --------
datapath         port     rx-pkts  rx-bytes rx-error tx-pkts  tx-bytes tx-error
---------------- -------- -------- -------- -------- -------- -------- --------
0000000000000001        1        0        0        0        1       78        0
0000000000000001        2      114     8921        0      114     8921        0
0000000000000001        3      111     8681        0      110     8699        0
datapath         in-port  eth-dst           out-port packets  bytes
---------------- -------- ----------------- -------- -------- --------
discovery--->==================================== discovery ====================================
discovery---> cls: [(1, 2), (1, 3), (2, 3)]
discovery--->=============================================================================
==================================== link detector ====================================

----------------------------
src    dst :    delay
1 <---> 2 : 2.9549598693847656
1 <---> 3 : 2.197742462158203
2 <---> 1 : 3.1223297119140625
2 <---> 3 : 4.054784774780273
3 <---> 1 : 3.0803680419921875
3 <---> 2 : 4.021644592285156
==================================== link detector ====================================

----------------------------
src    dst :    delay
1 <---> 2 : 3.9522647857666016
1 <---> 3 : 4.006385803222656
2 <---> 1 : 4.023313522338867
2 <---> 3 : 4.174470901489258
3 <---> 1 : 3.9932727813720703
3 <---> 2 : 3.988504409790039
datapath         port     rx-pkts  rx-bytes rx-error tx-pkts  tx-bytes tx-error
---------------- -------- -------- -------- -------- -------- -------- --------
0000000000000002        1        0        0        0        1       78        0
0000000000000002        2      115     8999        0      117     9041        0
0000000000000002        3      119     9211        0      118     9018        0
datapath         in-port  eth-dst           out-port packets  bytes
---------------- -------- ----------------- -------- -------- --------
datapath         port     rx-pkts  rx-bytes rx-error tx-pkts  tx-bytes tx-error
---------------- -------- -------- -------- -------- -------- -------- --------
0000000000000001        1        0        0        0        1       78        0
0000000000000001        2      120     9281        0      119     9221        0
0000000000000001        3      117     9041        0      115     8999        0
datapath         in-port  eth-dst           out-port packets  bytes
---------------- -------- ----------------- -------- -------- --------
datapath         port     rx-pkts  rx-bytes rx-error tx-pkts  tx-bytes tx-error
---------------- -------- -------- -------- -------- -------- -------- --------
0000000000000003        1       12      504        0      100     7584        0
0000000000000003        2      119     9221        0      120     9281        0
0000000000000003        3      118     9018        0      119     9211        0
datapath         in-port  eth-dst           out-port packets  bytes
---------------- -------- ----------------- -------- -------- --------
discovery--->==================================== discovery ====================================
discovery---> cls: [(1, 2), (1, 3), (2, 3)]
discovery--->=============================================================================
