loading app network_structure.py
Matplotlib created a temporary config/cache directory at /tmp/matplotlib-k_m44okl because the default path (/home/terry/.config/matplotlib) is not a writable directory; it is highly recommended to set the MPLCONFIGDIR environment variable to a writable directory, in particular to speed up the import of Matplotlib and to better support multiprocessing.
Generating new fontManager, this may take some time...
Failed to extract font properties from /usr/share/fonts/truetype/noto/NotoColorEmoji.ttf: In FT2Font: Can not load face.  Unknown file format.
loading app network_monitor.py
loading app network_delay.py
loading app network_shortest_path.py
loading app arp_handler_13.py
loading app ryu.controller.ofp_handler
instantiating app None of Switches
creating context switches
instantiating app network_structure.py of NetworkStructure
instantiating app network_monitor.py of NetworkMonitor
instantiating app network_delay.py of NetworkDelay
instantiating app network_shortest_path.py of NetworkShortestPath
instantiating app arp_handler_13.py of ARP_PROXY_13
instantiating app ryu.controller.ofp_handler of OFPHandler
==================================== link detector ====================================

----------------------------
src    dst :    delay
discovery--->==================================== discovery ====================================
discovery---> cls: []
discovery--->==============================
==================================== link detector ====================================

----------------------------
src    dst :    delay
==================================== link detector ====================================

----------------------------
src    dst :    delay
discovery--->==================================== discovery ====================================
discovery---> cls: []
discovery--->==============================
==================================== link detector ====================================

----------------------------
src    dst :    delay
discovery---> switch: 1152921504606846977 connected
switch: 1152921504606846977 connected
monitor---->register datapath: 1000000000000001
discovery---> switch: 1152921504606846978 connected
switch: 1152921504606846978 connected
monitor---->register datapath: 1000000000000002
switch: 1152921504606846979 connected
monitor---->register datapath: 1000000000000003
discovery---> switch: 1152921504606846979 connected
---> OFPPortStatus received: reason=MODIFY desc=OFPPort(port_no=3,hw_addr='6e:be:22:bf:45:63',name=b'ap3-eth3',config=0,state=4,curr=2112,advertised=0,supported=0,peer=0,curr_speed=10000000,max_speed=0)
---> OFPPortStatus received: reason=MODIFY desc=OFPPort(port_no=2,hw_addr='76:70:6d:4e:2f:09',name=b'ap2-eth2',config=0,state=4,curr=2112,advertised=0,supported=0,peer=0,curr_speed=10000000,max_speed=0)
---> OFPPortStatus received: reason=MODIFY desc=OFPPort(port_no=3,hw_addr='8e:6f:7f:88:e3:f8',name=b'ap1-eth3',config=0,state=4,curr=2112,advertised=0,supported=0,peer=0,curr_speed=10000000,max_speed=0)
---> OFPPortStatus received: reason=MODIFY desc=OFPPort(port_no=3,hw_addr='d6:e1:09:56:4e:f8',name=b'ap2-eth3',config=0,state=4,curr=2112,advertised=0,supported=0,peer=0,curr_speed=10000000,max_speed=0)
---> OFPPortStatus received: reason=MODIFY desc=OFPPort(port_no=2,hw_addr='ea:a3:bc:f9:c5:d0',name=b'ap1-eth2',config=0,state=4,curr=2112,advertised=0,supported=0,peer=0,curr_speed=10000000,max_speed=0)
---> OFPPortStatus received: reason=MODIFY desc=OFPPort(port_no=2,hw_addr='a6:c9:26:dc:80:8d',name=b'ap3-eth2',config=0,state=4,curr=2112,advertised=0,supported=0,peer=0,curr_speed=10000000,max_speed=0)
discovery--->==================================== discovery ====================================
discovery---> cls: [(1152921504606846978, 1152921504606846977), (1152921504606846978, 1152921504606846979), (1152921504606846977, 1152921504606846979)]
discovery--->==============================
datapath         port     rx-pkts  rx-bytes rx-error tx-pkts  tx-bytes tx-error
---------------- -------- -------- -------- -------- -------- -------- --------
1000000000000002        1        0        0        0     1466   114348        0
1000000000000002        2      736    45110        0      767    46970        0
1000000000000002        3      767    46970        0      736    45110        0
datapath         in-port  eth-dst           out-port packets  bytes
---------------- -------- ----------------- -------- -------- --------
monitor: Exception occurred during handler processing. Backtrace from offending handler [_flow_stats_reply_handler] servicing event [EventOFPFlowStatsReply] follows.
Traceback (most recent call last):
  File "/usr/local/lib/python3.6/dist-packages/ryu/base/app_manager.py", line 290, in _event_loop
    handler(ev)
  File "/home/terry/LJQ/Task/ryu/network_monitor.py", line 221, in _flow_stats_reply_handler
    stat.match['in_port'], stat.match['ipv4_dst'],
  File "/usr/local/lib/python3.6/dist-packages/ryu/ofproto/ofproto_v1_3_parser.py", line 904, in __getitem__
    return dict(self._fields2)[key]
KeyError: 'in_port'
datapath         port     rx-pkts  rx-bytes rx-error tx-pkts  tx-bytes tx-error
---------------- -------- -------- -------- -------- -------- -------- --------
1000000000000001        1        0        0        0     1468   114504        0
1000000000000001        2      767    46970        0      736    45110        0
1000000000000001        3      733    44883        0      767    46970        0
datapath         in-port  eth-dst           out-port packets  bytes
---------------- -------- ----------------- -------- -------- --------
monitor: Exception occurred during handler processing. Backtrace from offending handler [_flow_stats_reply_handler] servicing event [EventOFPFlowStatsReply] follows.
Traceback (most recent call last):
  File "/usr/local/lib/python3.6/dist-packages/ryu/base/app_manager.py", line 290, in _event_loop
    handler(ev)
  File "/home/terry/LJQ/Task/ryu/network_monitor.py", line 221, in _flow_stats_reply_handler
    stat.match['in_port'], stat.match['ipv4_dst'],
  File "/usr/local/lib/python3.6/dist-packages/ryu/ofproto/ofproto_v1_3_parser.py", line 904, in __getitem__
    return dict(self._fields2)[key]
KeyError: 'in_port'
datapath         port     rx-pkts  rx-bytes rx-error tx-pkts  tx-bytes tx-error
---------------- -------- -------- -------- -------- -------- -------- --------
1000000000000003        1        0        0        0     1469   114582        0
1000000000000003        2      770    47150        0      733    44883        0
1000000000000003        3      736    45110        0      767    46970        0
datapath         in-port  eth-dst           out-port packets  bytes
---------------- -------- ----------------- -------- -------- --------
monitor: Exception occurred during handler processing. Backtrace from offending handler [_flow_stats_reply_handler] servicing event [EventOFPFlowStatsReply] follows.
Traceback (most recent call last):
  File "/usr/local/lib/python3.6/dist-packages/ryu/base/app_manager.py", line 290, in _event_loop
    handler(ev)
  File "/home/terry/LJQ/Task/ryu/network_monitor.py", line 221, in _flow_stats_reply_handler
    stat.match['in_port'], stat.match['ipv4_dst'],
  File "/usr/local/lib/python3.6/dist-packages/ryu/ofproto/ofproto_v1_3_parser.py", line 904, in __getitem__
    return dict(self._fields2)[key]
KeyError: 'in_port'
==================================== link detector ====================================

----------------------------
src    dst :    delay
1152921504606846978 <---> 1152921504606846977 : 501.37925148010254
1152921504606846978 <---> 1152921504606846979 : 617.6955699920654
1152921504606846978 <---> 1152921504606846978 : 495.8610534667969
1152921504606846977 <---> 1152921504606846978 : 555.2303791046143
1152921504606846977 <---> 1152921504606846979 : 369.0376281738281
1152921504606846977 <---> 1152921504606846977 : 560.3511333465576
1152921504606846979 <---> 1152921504606846978 : 848.8590717315674
1152921504606846979 <---> 1152921504606846977 : 232.36918449401855
1152921504606846979 <---> 1152921504606846979 : 866.2092685699463
==================================== link detector ====================================

----------------------------
src    dst :    delay
1152921504606846978 <---> 1152921504606846977 : 168.26152801513672
1152921504606846978 <---> 1152921504606846979 : 28.96261215209961
1152921504606846978 <---> 1152921504606846978 : 29.79278564453125
1152921504606846977 <---> 1152921504606846978 : 100.1443862915039
1152921504606846977 <---> 1152921504606846979 : 99.48921203613281
1152921504606846977 <---> 1152921504606846977 : 76.02620124816895
1152921504606846979 <---> 1152921504606846978 : 405.8041572570801
1152921504606846979 <---> 1152921504606846977 : 692.9631233215332
1152921504606846979 <---> 1152921504606846979 : 405.1494598388672
discovery--->==================================== discovery ====================================
discovery---> cls: [(1152921504606846978, 1152921504606846977), (1152921504606846978, 1152921504606846979), (1152921504606846977, 1152921504606846979)]
discovery--->==============================
hub: uncaught exception: Traceback (most recent call last):
  File "/usr/local/lib/python3.6/dist-packages/ryu/lib/hub.py", line 60, in _launch
    return func(*args, **kwargs)
  File "/home/terry/LJQ/Task/ryu/network_monitor.py", line 59, in scheduler
    self.create_bandwidth_graph()
  File "/home/terry/LJQ/Task/ryu/network_monitor.py", line 316, in create_bandwidth_graph
    capacity = self.network_structure.m_graph[src_dpid][dst_dpid]['bw']
  File "/home/terry/.local/lib/python3.6/site-packages/networkx/classes/cls.py", line 465, in __getitem__
    return self.adj[n]
  File "/home/terry/.local/lib/python3.6/site-packages/networkx/classes/coreviews.py", line 79, in __getitem__
    return AtlasView(self._atlas[name])
KeyError: 1152921504606846978

datapath         port     rx-pkts  rx-bytes rx-error tx-pkts  tx-bytes tx-error
---------------- -------- -------- -------- -------- -------- -------- --------
1000000000000002        1        0        0        0     4870   358404        0
1000000000000002        2     2492   141779        0     2438   138579        0
1000000000000002        3     2439   138559        0     2481   141199        0
datapath         in-port  eth-dst           out-port packets  bytes
---------------- -------- ----------------- -------- -------- --------
monitor: Exception occurred during handler processing. Backtrace from offending handler [_flow_stats_reply_handler] servicing event [EventOFPFlowStatsReply] follows.
Traceback (most recent call last):
  File "/usr/local/lib/python3.6/dist-packages/ryu/base/app_manager.py", line 290, in _event_loop
    handler(ev)
  File "/home/terry/LJQ/Task/ryu/network_monitor.py", line 221, in _flow_stats_reply_handler
    stat.match['in_port'], stat.match['ipv4_dst'],
  File "/usr/local/lib/python3.6/dist-packages/ryu/ofproto/ofproto_v1_3_parser.py", line 904, in __getitem__
    return dict(self._fields2)[key]
KeyError: 'in_port'
datapath         port     rx-pkts  rx-bytes rx-error tx-pkts  tx-bytes tx-error
---------------- -------- -------- -------- -------- -------- -------- --------
1000000000000001        1        0        0        0     4884   359352        0
1000000000000001        2     2438   138579        0     2492   141779        0
1000000000000001        3     2481   141159        0     2443   138839        0
datapath         in-port  eth-dst           out-port packets  bytes
---------------- -------- ----------------- -------- -------- --------
monitor: Exception occurred during handler processing. Backtrace from offending handler [_flow_stats_reply_handler] servicing event [EventOFPFlowStatsReply] follows.
Traceback (most recent call last):
  File "/usr/local/lib/python3.6/dist-packages/ryu/base/app_manager.py", line 290, in _event_loop
    handler(ev)
  File "/home/terry/LJQ/Task/ryu/network_monitor.py", line 221, in _flow_stats_reply_handler
    stat.match['in_port'], stat.match['ipv4_dst'],
  File "/usr/local/lib/python3.6/dist-packages/ryu/ofproto/ofproto_v1_3_parser.py", line 904, in __getitem__
    return dict(self._fields2)[key]
KeyError: 'in_port'
datapath         port     rx-pkts  rx-bytes rx-error tx-pkts  tx-bytes tx-error
---------------- -------- -------- -------- -------- -------- -------- --------
1000000000000003        1        0        0        0     4872   358416        0
1000000000000003        2     2449   139199        0     2481   141159        0
1000000000000003        3     2481   141199        0     2438   138499        0
datapath         in-port  eth-dst           out-port packets  bytes
---------------- -------- ----------------- -------- -------- --------
monitor: Exception occurred during handler processing. Backtrace from offending handler [_flow_stats_reply_handler] servicing event [EventOFPFlowStatsReply] follows.
Traceback (most recent call last):
  File "/usr/local/lib/python3.6/dist-packages/ryu/base/app_manager.py", line 290, in _event_loop
    handler(ev)
  File "/home/terry/LJQ/Task/ryu/network_monitor.py", line 221, in _flow_stats_reply_handler
    stat.match['in_port'], stat.match['ipv4_dst'],
  File "/usr/local/lib/python3.6/dist-packages/ryu/ofproto/ofproto_v1_3_parser.py", line 904, in __getitem__
    return dict(self._fields2)[key]
KeyError: 'in_port'
==================================== link detector ====================================

----------------------------
src    dst :    delay
1152921504606846978 <---> 1152921504606846977 : 639.4598484039307
1152921504606846978 <---> 1152921504606846979 : 624.093770980835
1152921504606846978 <---> 1152921504606846978 : 485.0282669067383
1152921504606846977 <---> 1152921504606846978 : 408.95557403564453
1152921504606846977 <---> 1152921504606846979 : 567.2924518585205
1152921504606846977 <---> 1152921504606846977 : 566.0231113433838
1152921504606846979 <---> 1152921504606846978 : 249.3422031402588
1152921504606846979 <---> 1152921504606846977 : 851.5200614929199
1152921504606846979 <---> 1152921504606846979 : 852.6449203491211
==================================== link detector ====================================

----------------------------
src    dst :    delay
1152921504606846978 <---> 1152921504606846977 : 200.77180862426758
1152921504606846978 <---> 1152921504606846979 : 199.2957592010498
1152921504606846978 <---> 1152921504606846978 : 200.55699348449707
1152921504606846977 <---> 1152921504606846978 : 126.62482261657715
1152921504606846977 <---> 1152921504606846979 : 125.42128562927246
1152921504606846977 <---> 1152921504606846977 : 127.06613540649414
1152921504606846979 <---> 1152921504606846978 : 407.53793716430664
1152921504606846979 <---> 1152921504606846977 : 407.60135650634766
1152921504606846979 <---> 1152921504606846979 : 709.3353271484375
discovery--->==================================== discovery ====================================
discovery---> cls: [(1152921504606846978, 1152921504606846977), (1152921504606846978, 1152921504606846979), (1152921504606846977, 1152921504606846979)]
discovery--->==============================
==================================== link detector ====================================

----------------------------
src    dst :    delay
1152921504606846978 <---> 1152921504606846977 : 661.9594097137451
1152921504606846978 <---> 1152921504606846979 : 627.8600692749023
1152921504606846978 <---> 1152921504606846978 : 469.45953369140625
1152921504606846977 <---> 1152921504606846978 : 402.6522636413574
1152921504606846977 <---> 1152921504606846979 : 390.8116817474365
1152921504606846977 <---> 1152921504606846977 : 584.0623378753662
1152921504606846979 <---> 1152921504606846978 : 247.40242958068848
1152921504606846979 <---> 1152921504606846977 : 866.8642044067383
1152921504606846979 <---> 1152921504606846979 : 832.9565525054932
discovery--->==================================== discovery ====================================
discovery---> cls: [(1152921504606846978, 1152921504606846977), (1152921504606846978, 1152921504606846979), (1152921504606846977, 1152921504606846979)]
discovery--->==============================
==================================== link detector ====================================

----------------------------
src    dst :    delay
1152921504606846978 <---> 1152921504606846977 : 43.866634368896484
1152921504606846978 <---> 1152921504606846979 : 205.0325870513916
1152921504606846978 <---> 1152921504606846978 : 205.48772811889648
1152921504606846977 <---> 1152921504606846978 : 135.33496856689453
1152921504606846977 <---> 1152921504606846979 : 135.01977920532227
1152921504606846977 <---> 1152921504606846977 : 887.624979019165
1152921504606846979 <---> 1152921504606846978 : 429.4261932373047
1152921504606846979 <---> 1152921504606846977 : 731.9605350494385
1152921504606846979 <---> 1152921504606846979 : 429.046630859375
==================================== link detector ====================================

----------------------------
src    dst :    delay
1152921504606846978 <---> 1152921504606846977 : 503.3698081970215
1152921504606846978 <---> 1152921504606846979 : 474.7271537780762
1152921504606846978 <---> 1152921504606846978 : 658.2753658294678
1152921504606846977 <---> 1152921504606846978 : 427.09946632385254
1152921504606846977 <---> 1152921504606846979 : 559.9186420440674
1152921504606846977 <---> 1152921504606846977 : 426.40137672424316
1152921504606846979 <---> 1152921504606846978 : 891.9734954833984
1152921504606846979 <---> 1152921504606846977 : 279.54983711242676
1152921504606846979 <---> 1152921504606846979 : 892.1117782592773
discovery--->==================================== discovery ====================================
discovery---> cls: [(1152921504606846978, 1152921504606846977), (1152921504606846978, 1152921504606846979), (1152921504606846977, 1152921504606846979)]
discovery--->==============================
==================================== link detector ====================================

----------------------------
src    dst :    delay
1152921504606846978 <---> 1152921504606846977 : 172.29199409484863
1152921504606846978 <---> 1152921504606846979 : 173.41113090515137
1152921504606846978 <---> 1152921504606846978 : 128.64017486572266
1152921504606846977 <---> 1152921504606846978 : 62.94894218444824
1152921504606846977 <---> 1152921504606846979 : 871.6323375701904
1152921504606846977 <---> 1152921504606846977 : 106.00423812866211
1152921504606846979 <---> 1152921504606846978 : 686.0203742980957
1152921504606846979 <---> 1152921504606846977 : 431.0898780822754
1152921504606846979 <---> 1152921504606846979 : 730.7143211364746
discovery--->==================================== discovery ====================================
discovery---> cls: [(1152921504606846978, 1152921504606846977), (1152921504606846978, 1152921504606846979), (1152921504606846977, 1152921504606846979)]
discovery--->==============================
==================================== link detector ====================================

----------------------------
src    dst :    delay
1152921504606846978 <---> 1152921504606846977 : 445.0044631958008
1152921504606846978 <---> 1152921504606846979 : 444.7448253631592
1152921504606846978 <---> 1152921504606846978 : 640.031099319458
1152921504606846977 <---> 1152921504606846978 : 544.3384647369385
1152921504606846977 <---> 1152921504606846979 : 347.42164611816406
1152921504606846977 <---> 1152921504606846977 : 542.7613258361816
1152921504606846979 <---> 1152921504606846978 : 23.348569869995117
1152921504606846979 <---> 1152921504606846977 : 23.230791091918945
1152921504606846979 <---> 1152921504606846979 : 22.67622947692871
==================================== link detector ====================================

----------------------------
src    dst :    delay
1152921504606846978 <---> 1152921504606846977 : 219.91968154907227
1152921504606846978 <---> 1152921504606846979 : 917.3998832702637
1152921504606846978 <---> 1152921504606846978 : 220.41773796081543
1152921504606846977 <---> 1152921504606846978 : 128.36933135986328
1152921504606846977 <---> 1152921504606846979 : 824.3353366851807
1152921504606846977 <---> 1152921504606846977 : 824.4612216949463
1152921504606846979 <---> 1152921504606846978 : 726.4244556427002
1152921504606846979 <---> 1152921504606846977 : 534.9380970001221
1152921504606846979 <---> 1152921504606846979 : 728.1570434570312
discovery--->==================================== discovery ====================================
discovery---> cls: [(1152921504606846978, 1152921504606846977), (1152921504606846978, 1152921504606846979), (1152921504606846977, 1152921504606846979)]
discovery--->==============================
==================================== link detector ====================================

----------------------------
src    dst :    delay
1152921504606846978 <---> 1152921504606846977 : 453.4492492675781
1152921504606846978 <---> 1152921504606846979 : 679.0444850921631
1152921504606846978 <---> 1152921504606846978 : 678.8551807403564
1152921504606846977 <---> 1152921504606846978 : 580.5263519287109
1152921504606846977 <---> 1152921504606846979 : 580.3370475769043
1152921504606846977 <---> 1152921504606846977 : 579.763650894165
1152921504606846979 <---> 1152921504606846978 : 44.66700553894043
1152921504606846979 <---> 1152921504606846977 : 232.68890380859375
1152921504606846979 <---> 1152921504606846979 : 44.60477828979492
discovery--->==================================== discovery ====================================
discovery---> cls: [(1152921504606846978, 1152921504606846977), (1152921504606846978, 1152921504606846979), (1152921504606846977, 1152921504606846979)]
discovery--->==============================
==================================== link detector ====================================

----------------------------
src    dst :    delay
1152921504606846978 <---> 1152921504606846977 : 17.26222038269043
1152921504606846978 <---> 1152921504606846979 : 16.985416412353516
1152921504606846978 <---> 1152921504606846978 : 226.7324924468994
1152921504606846977 <---> 1152921504606846978 : 133.92925262451172
1152921504606846977 <---> 1152921504606846979 : 842.5662517547607
1152921504606846977 <---> 1152921504606846977 : 842.815637588501
1152921504606846979 <---> 1152921504606846978 : 531.0995578765869
1152921504606846979 <---> 1152921504606846977 : 530.1129817962646
1152921504606846979 <---> 1152921504606846979 : 718.1363105773926
==================================== link detector ====================================

----------------------------
src    dst :    delay
1152921504606846978 <---> 1152921504606846977 : 734.78102684021
1152921504606846978 <---> 1152921504606846979 : 504.5285224914551
1152921504606846978 <---> 1152921504606846978 : 504.20141220092773
1152921504606846977 <---> 1152921504606846978 : 646.7022895812988
1152921504606846977 <---> 1152921504606846979 : 416.1360263824463
1152921504606846977 <---> 1152921504606846977 : 416.26644134521484
1152921504606846979 <---> 1152921504606846978 : 324.56326484680176
1152921504606846979 <---> 1152921504606846977 : 324.23877716064453
1152921504606846979 <---> 1152921504606846979 : 324.49841499328613
discovery--->==================================== discovery ====================================
discovery---> cls: [(1152921504606846978, 1152921504606846977), (1152921504606846978, 1152921504606846979), (1152921504606846977, 1152921504606846979)]
discovery--->==============================
==================================== link detector ====================================

----------------------------
src    dst :    delay
1152921504606846978 <---> 1152921504606846977 : 130.84769248962402
1152921504606846978 <---> 1152921504606846979 : 130.97047805786133
1152921504606846978 <---> 1152921504606846978 : 341.5670394897461
1152921504606846977 <---> 1152921504606846978 : 249.57036972045898
1152921504606846977 <---> 1152921504606846979 : 18.073320388793945
1152921504606846977 <---> 1152921504606846977 : 18.761396408081055
1152921504606846979 <---> 1152921504606846978 : 646.6784477233887
1152921504606846979 <---> 1152921504606846977 : 839.8802280426025
1152921504606846979 <---> 1152921504606846979 : 840.8610820770264
==================================== link detector ====================================

----------------------------
src    dst :    delay
1152921504606846978 <---> 1152921504606846977 : 819.7622299194336
1152921504606846978 <---> 1152921504606846979 : 615.1063442230225
1152921504606846978 <---> 1152921504606846978 : 821.2106227874756
1152921504606846977 <---> 1152921504606846978 : 728.5861968994141
1152921504606846977 <---> 1152921504606846979 : 729.8247814178467
1152921504606846977 <---> 1152921504606846977 : 729.5396327972412
1152921504606846979 <---> 1152921504606846978 : 225.84939002990723
1152921504606846979 <---> 1152921504606846977 : 226.1371612548828
1152921504606846979 <---> 1152921504606846979 : 409.67321395874023
discovery--->==================================== discovery ====================================
discovery---> cls: [(1152921504606846978, 1152921504606846977), (1152921504606846978, 1152921504606846979), (1152921504606846977, 1152921504606846979)]
discovery--->==============================
==================================== link detector ====================================

----------------------------
src    dst :    delay
1152921504606846978 <---> 1152921504606846977 : 174.96132850646973
1152921504606846978 <---> 1152921504606846979 : 383.38470458984375
1152921504606846978 <---> 1152921504606846978 : 175.63891410827637
1152921504606846977 <---> 1152921504606846978 : 63.41433525085449
1152921504606846977 <---> 1152921504606846979 : 63.72213363647461
1152921504606846977 <---> 1152921504606846977 : 288.6242866516113
1152921504606846979 <---> 1152921504606846978 : 882.753849029541
1152921504606846979 <---> 1152921504606846977 : 883.0022811889648
1152921504606846979 <---> 1152921504606846979 : 883.2476139068604
discovery--->==================================== discovery ====================================
discovery---> cls: [(1152921504606846978, 1152921504606846977), (1152921504606846978, 1152921504606846979), (1152921504606846977, 1152921504606846979)]
discovery--->==============================
==================================== link detector ====================================

----------------------------
src    dst :    delay
1152921504606846978 <---> 1152921504606846977 : 859.1265678405762
1152921504606846978 <---> 1152921504606846979 : 651.879072189331
1152921504606846978 <---> 1152921504606846978 : 859.4603538513184
1152921504606846977 <---> 1152921504606846978 : 764.7585868835449
1152921504606846977 <---> 1152921504606846979 : 536.8466377258301
1152921504606846977 <---> 1152921504606846977 : 764.6050453186035
1152921504606846979 <---> 1152921504606846978 : 263.03601264953613
1152921504606846979 <---> 1152921504606846977 : 263.51046562194824
1152921504606846979 <---> 1152921504606846979 : 449.5253562927246
==================================== link detector ====================================

----------------------------
src    dst :    delay
1152921504606846978 <---> 1152921504606846977 : 218.80483627319336
1152921504606846978 <---> 1152921504606846979 : 428.7676811218262
1152921504606846978 <---> 1152921504606846978 : 219.7880744934082
1152921504606846977 <---> 1152921504606846978 : 83.93430709838867
1152921504606846977 <---> 1152921504606846979 : 337.80598640441895
1152921504606846977 <---> 1152921504606846977 : 84.41853523254395
1152921504606846979 <---> 1152921504606846978 : 908.9605808258057
1152921504606846979 <---> 1152921504606846977 : 909.0232849121094
1152921504606846979 <---> 1152921504606846979 : 725.6655693054199
discovery--->==================================== discovery ====================================
discovery---> cls: [(1152921504606846978, 1152921504606846977), (1152921504606846978, 1152921504606846979), (1152921504606846977, 1152921504606846979)]
discovery--->==============================
==================================== link detector ====================================

----------------------------
src    dst :    delay
1152921504606846978 <---> 1152921504606846977 : 697.7517604827881
1152921504606846978 <---> 1152921504606846979 : 909.1315269470215
1152921504606846978 <---> 1152921504606846978 : 697.6902484893799
1152921504606846977 <---> 1152921504606846978 : 815.5343532562256
1152921504606846977 <---> 1152921504606846979 : 815.28639793396
1152921504606846977 <---> 1152921504606846977 : 561.1476898193359
1152921504606846979 <---> 1152921504606846978 : 473.7367630004883
1152921504606846979 <---> 1152921504606846977 : 473.6144542694092
1152921504606846979 <---> 1152921504606846979 : 291.839599609375
discovery--->==================================== discovery ====================================
discovery---> cls: [(1152921504606846978, 1152921504606846977), (1152921504606846978, 1152921504606846979), (1152921504606846977, 1152921504606846979)]
discovery--->==============================
hub: uncaught exception: Traceback (most recent call last):
  File "/usr/local/lib/python3.6/dist-packages/ryu/lib/hub.py", line 60, in _launch
    return func(*args, **kwargs)
  File "/usr/local/lib/python3.6/dist-packages/ryu/base/app_manager.py", line 283, in _event_loop
    ev, state = self.events.get()
  File "/home/terry/.local/lib/python3.6/site-packages/eventlet/queue.py", line 300, in get
    if self.qsize():
KeyboardInterrupt

==================================== link detector ====================================

----------------------------
src    dst :    delay
1152921504606846978 <---> 1152921504606846977 : 664.8142337799072
1152921504606846978 <---> 1152921504606846979 : 454.4389247894287
1152921504606846978 <---> 1152921504606846978 : 432.67345428466797
1152921504606846977 <---> 1152921504606846978 : 316.7078495025635
1152921504606846977 <---> 1152921504606846979 : 316.63012504577637
1152921504606846977 <---> 1152921504606846977 : 574.641227722168
1152921504606846979 <---> 1152921504606846978 : 38.100242614746094
1152921504606846979 <---> 1152921504606846977 : 207.12041854858398
1152921504606846979 <---> 1152921504606846979 : 227.6284694671631
