loading app network_structure.py
Matplotlib created a temporary config/cache directory at /tmp/matplotlib-9ieh18il because the default path (/home/terry/.config/matplotlib) is not a writable directory; it is highly recommended to set the MPLCONFIGDIR environment variable to a writable directory, in particular to speed up the import of Matplotlib and to better support multiprocessing.
Generating new fontManager, this may take some time...
Failed to extract font properties from /usr/share/fonts/truetype/noto/NotoColorEmoji.ttf: In FT2Font: Can not load face.  Unknown file format.
loading app network_monitor.py
loading app network_delay.py
loading app network_shortest_path.py
loading app arp_handler.py
loading app ryu.controller.ofp_handler
instantiating app None of Switches
creating context switches
instantiating app network_structure.py of NetworkStructure
instantiating app network_monitor.py of NetworkMonitor
instantiating app network_delay.py of NetworkDelay
instantiating app network_shortest_path.py of NetworkShortestPath
instantiating app arp_handler.py of ArpHandler
instantiating app ryu.controller.ofp_handler of OFPHandler
discovery---> AccessPoint: 1 connected
discovery---> AccessPoint: 2 connected
discovery---> AccessPoint: 3 connected
monitor---->register datapath: 1000000000000001
monitor---->register datapath: 1000000000000002
monitor---->register datapath: 1000000000000003
==================================== link detector ====================================

----------------------------
src    dst :    delay
2 <---> 1 : 6.520509719848633
2 <---> 3 : 8.129596710205078
1 <---> 3 : 10.02812385559082
1 <---> 2 : 8.260726928710938
3 <---> 2 : 7.00688362121582
3 <---> 1 : 8.72039794921875
discovery--->==================================== discovery ====================================
discovery---> cls: [(2, 1), (2, 3), (1, 3)]
discovery--->=============================================================================
datapath         port     rx-pkts  rx-bytes rx-error tx-pkts  tx-bytes tx-error
---------------- -------- -------- -------- -------- -------- -------- --------
0000000000000001        1        0        0        0        6      468        0
0000000000000001        2       24     3027        0       24     3027        0
0000000000000001        3       24     3027        0       24     3027        0
datapath         in-port  eth-dst           out-port packets  bytes
---------------- -------- ----------------- -------- -------- --------
datapath         port     rx-pkts  rx-bytes rx-error tx-pkts  tx-bytes tx-error
---------------- -------- -------- -------- -------- -------- -------- --------
0000000000000003        1        0        0        0        5      390        0
0000000000000003        2       24     3027        0       24     3027        0
0000000000000003        3       24     3027        0       24     3027        0
datapath         in-port  eth-dst           out-port packets  bytes
---------------- -------- ----------------- -------- -------- --------
datapath         port     rx-pkts  rx-bytes rx-error tx-pkts  tx-bytes tx-error
---------------- -------- -------- -------- -------- -------- -------- --------
0000000000000002        1        0        0        0        6      468        0
0000000000000002        2       24     3027        0       24     3027        0
0000000000000002        3       24     3027        0       24     3027        0
datapath         in-port  eth-dst           out-port packets  bytes
---------------- -------- ----------------- -------- -------- --------
==================================== link detector ====================================

----------------------------
src    dst :    delay
2 <---> 1 : 7.398128509521484
2 <---> 3 : 7.495403289794922
1 <---> 3 : 8.424520492553711
1 <---> 2 : 7.001161575317383
3 <---> 2 : 7.330417633056641
3 <---> 1 : 9.438276290893555
==================================== link detector ====================================

----------------------------
src    dst :    delay
2 <---> 1 : 7.154941558837891
2 <---> 3 : 6.766319274902344
1 <---> 3 : 9.93967056274414
1 <---> 2 : 7.293701171875
3 <---> 2 : 6.684303283691406
3 <---> 1 : 9.338855743408203
discovery--->==================================== discovery ====================================
discovery---> cls: [(2, 1), (2, 3), (1, 3)]
discovery--->=============================================================================
datapath         port     rx-pkts  rx-bytes rx-error tx-pkts  tx-bytes tx-error
---------------- -------- -------- -------- -------- -------- -------- --------
0000000000000001        1        0        0        0       11      858        0
0000000000000001        2       30     3530        0       31     3590        0
0000000000000001        3       31     3590        0       30     3530        0
datapath         in-port  eth-dst           out-port packets  bytes
---------------- -------- ----------------- -------- -------- --------
datapath         port     rx-pkts  rx-bytes rx-error tx-pkts  tx-bytes tx-error
---------------- -------- -------- -------- -------- -------- -------- --------
0000000000000002        1        0        0        0       11      858        0
0000000000000002        2       31     3590        0       30     3530        0
0000000000000002        3       31     3590        0       30     3530        0
datapath         in-port  eth-dst           out-port packets  bytes
---------------- -------- ----------------- -------- -------- --------
datapath         port     rx-pkts  rx-bytes rx-error tx-pkts  tx-bytes tx-error
---------------- -------- -------- -------- -------- -------- -------- --------
0000000000000003        1        0        0        0       11      858        0
0000000000000003        2       30     3530        0       31     3590        0
0000000000000003        3       30     3530        0       31     3590        0
datapath         in-port  eth-dst           out-port packets  bytes
---------------- -------- ----------------- -------- -------- --------
==================================== link detector ====================================

----------------------------
src    dst :    delay
2 <---> 1 : 6.744384765625
2 <---> 3 : 6.315469741821289
1 <---> 3 : 9.871959686279297
1 <---> 2 : 8.167028427124023
3 <---> 2 : 6.34455680847168
3 <---> 1 : 10.139226913452148
discovery--->==================================== discovery ====================================
discovery---> cls: [(2, 1), (2, 3), (1, 3)]
discovery--->=============================================================================
datapath         port     rx-pkts  rx-bytes rx-error tx-pkts  tx-bytes tx-error
---------------- -------- -------- -------- -------- -------- -------- --------
0000000000000001        1        0        0        0       17     1326        0
0000000000000001        2       38     4163        0       38     4163        0
0000000000000001        3       37     3960        0       38     4163        0
datapath         in-port  eth-dst           out-port packets  bytes
---------------- -------- ----------------- -------- -------- --------
datapath         port     rx-pkts  rx-bytes rx-error tx-pkts  tx-bytes tx-error
---------------- -------- -------- -------- -------- -------- -------- --------
0000000000000003        1        0        0        0       17     1326        0
0000000000000003        2       38     4163        0       37     3960        0
0000000000000003        3       38     4163        0       38     4163        0
datapath         in-port  eth-dst           out-port packets  bytes
---------------- -------- ----------------- -------- -------- --------
datapath         port     rx-pkts  rx-bytes rx-error tx-pkts  tx-bytes tx-error
---------------- -------- -------- -------- -------- -------- -------- --------
0000000000000002        1        0        0        0       17     1326        0
0000000000000002        2       38     4163        0       38     4163        0
0000000000000002        3       38     4163        0       38     4163        0
datapath         in-port  eth-dst           out-port packets  bytes
---------------- -------- ----------------- -------- -------- --------
==================================== link detector ====================================

----------------------------
src    dst :    delay
2 <---> 1 : 6.994009017944336
2 <---> 3 : 6.768703460693359
1 <---> 3 : 9.156942367553711
1 <---> 2 : 11.020421981811523
3 <---> 2 : 6.431341171264648
3 <---> 1 : 8.72945785522461
==================================== link detector ====================================

----------------------------
src    dst :    delay
2 <---> 1 : 8.397817611694336
2 <---> 3 : 8.237838745117188
1 <---> 3 : 10.032176971435547
1 <---> 2 : 7.2078704833984375
3 <---> 2 : 7.308006286621094
3 <---> 1 : 9.102582931518555
datapath         port     rx-pkts  rx-bytes rx-error tx-pkts  tx-bytes tx-error
---------------- -------- -------- -------- -------- -------- -------- --------
0000000000000001        1        0        0        0       22     1716        0
0000000000000001        2       43     4463        0       44     4523        0
0000000000000001        3       44     4523        0       43     4463        0
datapath         in-port  eth-dst           out-port packets  bytes
---------------- -------- ----------------- -------- -------- --------
discovery--->==================================== discovery ====================================
discovery---> cls: [(2, 1), (2, 3), (1, 3)]
discovery--->=============================================================================
datapath         port     rx-pkts  rx-bytes rx-error tx-pkts  tx-bytes tx-error
---------------- -------- -------- -------- -------- -------- -------- --------
0000000000000002        1        0        0        0       22     1716        0
0000000000000002        2       44     4523        0       43     4463        0
0000000000000002        3       44     4523        0       43     4463        0
datapath         in-port  eth-dst           out-port packets  bytes
---------------- -------- ----------------- -------- -------- --------
datapath         port     rx-pkts  rx-bytes rx-error tx-pkts  tx-bytes tx-error
---------------- -------- -------- -------- -------- -------- -------- --------
0000000000000003        1        0        0        0       22     1716        0
0000000000000003        2       43     4463        0       44     4523        0
0000000000000003        3       43     4463        0       44     4523        0
datapath         in-port  eth-dst           out-port packets  bytes
---------------- -------- ----------------- -------- -------- --------
shortest=====>[PATH] [192.168.0.1 <----> 192.168.0.2]: [1, 2]
shortest=====>[PATH] [192.168.0.1 <----> 192.168.0.3]: [1, 3]
shortest=====>[PATH] [192.168.0.2 <----> 192.168.0.3]: [2, 3]
==================================== link detector ====================================

----------------------------
src    dst :    delay
2 <---> 1 : 7.606267929077148
2 <---> 3 : 7.686138153076172
1 <---> 3 : 9.51695442199707
1 <---> 2 : 7.578849792480469
3 <---> 2 : 6.565093994140625
3 <---> 1 : 14.282703399658203
datapath         port     rx-pkts  rx-bytes rx-error tx-pkts  tx-bytes tx-error
---------------- -------- -------- -------- -------- -------- -------- --------
0000000000000001        1        6      476        0       40     3200        0
0000000000000001        2       55     5223        0       54     5163        0
0000000000000001        3       54     5163        0       53     5103        0
datapath         in-port  eth-dst           out-port packets  bytes
---------------- -------- ----------------- -------- -------- --------
0000000000000001        1       192.168.0.2        2        1       98
0000000000000001        1       192.168.0.3        3        1       98
0000000000000001        2       192.168.0.1        1        2      196
0000000000000001        3       192.168.0.1        1        2      196
datapath         port     rx-pkts  rx-bytes rx-error tx-pkts  tx-bytes tx-error
---------------- -------- -------- -------- -------- -------- -------- --------
0000000000000002        1        6      476        0       35     2846        0
0000000000000002        2       54     5163        0       55     5223        0
0000000000000002        3       55     5223        0       53     5103        0
datapath         in-port  eth-dst           out-port packets  bytes
---------------- -------- ----------------- -------- -------- --------
0000000000000002        1       192.168.0.1        2        2      196
0000000000000002        1       192.168.0.3        3        1       98
0000000000000002        2       192.168.0.2        1        2      196
0000000000000002        3       192.168.0.2        1        2      196
datapath         port     rx-pkts  rx-bytes rx-error tx-pkts  tx-bytes tx-error
---------------- -------- -------- -------- -------- -------- -------- --------
0000000000000003        1        6      476        0       36     2906        0
0000000000000003        2       53     5103        0       54     5163        0
0000000000000003        3       53     5103        0       55     5223        0
datapath         in-port  eth-dst           out-port packets  bytes
---------------- -------- ----------------- -------- -------- --------
0000000000000003        1       192.168.0.1        2        2      196
0000000000000003        1       192.168.0.2        3        2      196
0000000000000003        2       192.168.0.3        1        2      196
0000000000000003        3       192.168.0.3        1        2      196
discovery--->==================================== discovery ====================================
discovery---> cls: [(2, 1), (2, 3), (1, 3)]
discovery--->=============================================================================
==================================== link detector ====================================

----------------------------
src    dst :    delay
2 <---> 1 : 8.066415786743164
2 <---> 3 : 8.227348327636719
1 <---> 3 : 10.305643081665039
1 <---> 2 : 8.020639419555664
3 <---> 2 : 7.04503059387207
3 <---> 1 : 9.262323379516602
==================================== link detector ====================================

----------------------------
src    dst :    delay
2 <---> 1 : 8.0718994140625
2 <---> 3 : 8.239984512329102
1 <---> 3 : 10.196924209594727
1 <---> 2 : 8.161306381225586
3 <---> 2 : 7.673740386962891
3 <---> 1 : 9.20724868774414
datapath         port     rx-pkts  rx-bytes rx-error tx-pkts  tx-bytes tx-error
---------------- -------- -------- -------- -------- -------- -------- --------
0000000000000001        1        6      476        0       45     3590        0
0000000000000001        2       61     5593        0       60     5533        0
0000000000000001        3       59     5463        0       59     5473        0
datapath         in-port  eth-dst           out-port packets  bytes
---------------- -------- ----------------- -------- -------- --------
0000000000000001        1       192.168.0.2        2        1       98
0000000000000001        1       192.168.0.3        3        1       98
0000000000000001        2       192.168.0.1        1        2      196
0000000000000001        3       192.168.0.1        1        2      196
datapath         port     rx-pkts  rx-bytes rx-error tx-pkts  tx-bytes tx-error
---------------- -------- -------- -------- -------- -------- -------- --------
0000000000000003        1        7      518        0       42     3374        0
0000000000000003        2       59     5473        0       59     5463        0
0000000000000003        3       58     5403        0       62     5653        0
datapath         in-port  eth-dst           out-port packets  bytes
---------------- -------- ----------------- -------- -------- --------
0000000000000003        1       192.168.0.1        2        2      196
0000000000000003        1       192.168.0.2        3        2      196
0000000000000003        2       192.168.0.3        1        2      196
0000000000000003        3       192.168.0.3        1        2      196
datapath         port     rx-pkts  rx-bytes rx-error tx-pkts  tx-bytes tx-error
---------------- -------- -------- -------- -------- -------- -------- --------
0000000000000002        1        7      518        0       41     3314        0
0000000000000002        2       60     5533        0       61     5593        0
0000000000000002        3       62     5653        0       58     5403        0
datapath         in-port  eth-dst           out-port packets  bytes
---------------- -------- ----------------- -------- -------- --------
0000000000000002        1       192.168.0.1        2        2      196
0000000000000002        1       192.168.0.3        3        1       98
0000000000000002        2       192.168.0.2        1        2      196
0000000000000002        3       192.168.0.2        1        2      196
discovery--->==================================== discovery ====================================
discovery---> cls: [(2, 1), (2, 3), (1, 3)]
discovery--->=============================================================================
==================================== link detector ====================================

----------------------------
src    dst :    delay
2 <---> 1 : 7.37309455871582
2 <---> 3 : 6.783485412597656
1 <---> 3 : 10.18214225769043
1 <---> 2 : 8.122444152832031
3 <---> 2 : 7.481098175048828
3 <---> 1 : 11.223554611206055
==================================== link detector ====================================

----------------------------
src    dst :    delay
2 <---> 1 : 6.815910339355469
2 <---> 3 : 8.242607116699219
1 <---> 3 : 9.09876823425293
1 <---> 2 : 7.151603698730469
3 <---> 2 : 7.845401763916016
3 <---> 1 : 9.975433349609375
datapath         port     rx-pkts  rx-bytes rx-error tx-pkts  tx-bytes tx-error
---------------- -------- -------- -------- -------- -------- -------- --------
0000000000000001        1       10      868        0       55     4522        0
0000000000000001        2       70     6352        0       69     6292        0
0000000000000001        3       69     6292        0       68     6232        0
datapath         in-port  eth-dst           out-port packets  bytes
---------------- -------- ----------------- -------- -------- --------
0000000000000001        1       192.168.0.2        2        3      294
0000000000000001        1       192.168.0.3        3        3      294
0000000000000001        2       192.168.0.1        1        4      392
0000000000000001        3       192.168.0.1        1        4      392
datapath         port     rx-pkts  rx-bytes rx-error tx-pkts  tx-bytes tx-error
---------------- -------- -------- -------- -------- -------- -------- --------
0000000000000003        1        9      714        0       50     4074        0
0000000000000003        2       68     6232        0       69     6292        0
0000000000000003        3       66     6036        0       69     6216        0
datapath         in-port  eth-dst           out-port packets  bytes
---------------- -------- ----------------- -------- -------- --------
0000000000000003        1       192.168.0.1        2        4      392
0000000000000003        1       192.168.0.2        3        2      196
0000000000000003        2       192.168.0.3        1        4      392
0000000000000003        3       192.168.0.3        1        2      196
datapath         port     rx-pkts  rx-bytes rx-error tx-pkts  tx-bytes tx-error
---------------- -------- -------- -------- -------- -------- -------- --------
0000000000000002        1        9      714        0       49     4014        0
0000000000000002        2       69     6292        0       70     6352        0
0000000000000002        3       69     6216        0       66     6036        0
datapath         in-port  eth-dst           out-port packets  bytes
---------------- -------- ----------------- -------- -------- --------
0000000000000002        1       192.168.0.1        2        4      392
0000000000000002        1       192.168.0.3        3        1       98
0000000000000002        2       192.168.0.2        1        4      392
0000000000000002        3       192.168.0.2        1        2      196
discovery--->==================================== discovery ====================================
discovery---> cls: [(2, 1), (2, 3), (1, 3)]
discovery--->=============================================================================
==================================== link detector ====================================

----------------------------
src    dst :    delay
2 <---> 1 : 7.867097854614258
2 <---> 3 : 7.148981094360352
1 <---> 3 : 9.682655334472656
1 <---> 2 : 8.067846298217773
3 <---> 2 : 8.146524429321289
3 <---> 1 : 8.699893951416016
datapath         port     rx-pkts  rx-bytes rx-error tx-pkts  tx-bytes tx-error
---------------- -------- -------- -------- -------- -------- -------- --------
0000000000000001        1       10      868        0       60     4912        0
0000000000000001        2       76     6712        0       74     6592        0
0000000000000001        3       74     6592        0       73     6532        0
datapath         in-port  eth-dst           out-port packets  bytes
---------------- -------- ----------------- -------- -------- --------
0000000000000001        1       192.168.0.2        2        3      294
0000000000000001        1       192.168.0.3        3        3      294
0000000000000001        2       192.168.0.1        1        4      392
0000000000000001        3       192.168.0.1        1        4      392
datapath         port     rx-pkts  rx-bytes rx-error tx-pkts  tx-bytes tx-error
---------------- -------- -------- -------- -------- -------- -------- --------
0000000000000002        1        9      714        0       54     4404        0
0000000000000002        2       74     6592        0       76     6712        0
0000000000000002        3       74     6516        0       72     6396        0
datapath         in-port  eth-dst           out-port packets  bytes
---------------- -------- ----------------- -------- -------- --------
0000000000000002        1       192.168.0.1        2        4      392
0000000000000002        1       192.168.0.3        3        1       98
0000000000000002        2       192.168.0.2        1        4      392
0000000000000002        3       192.168.0.2        1        2      196
datapath         port     rx-pkts  rx-bytes rx-error tx-pkts  tx-bytes tx-error
---------------- -------- -------- -------- -------- -------- -------- --------
0000000000000003        1        9      714        0       55     4464        0
0000000000000003        2       73     6532        0       74     6592        0
0000000000000003        3       72     6396        0       74     6516        0
datapath         in-port  eth-dst           out-port packets  bytes
---------------- -------- ----------------- -------- -------- --------
0000000000000003        1       192.168.0.1        2        4      392
0000000000000003        1       192.168.0.2        3        2      196
0000000000000003        2       192.168.0.3        1        4      392
0000000000000003        3       192.168.0.3        1        2      196
discovery--->==================================== discovery ====================================
discovery---> cls: [(2, 1), (2, 3), (1, 3)]
discovery--->=============================================================================
==================================== link detector ====================================

----------------------------
src    dst :    delay
2 <---> 1 : 6.470680236816406
2 <---> 3 : 6.577014923095703
1 <---> 3 : 9.19485092163086
1 <---> 2 : 8.19706916809082
3 <---> 2 : 6.705522537231445
3 <---> 1 : 9.138822555541992
==================================== link detector ====================================

----------------------------
src    dst :    delay
2 <---> 1 : 6.844043731689453
2 <---> 3 : 7.7667236328125
1 <---> 3 : 8.807659149169922
1 <---> 2 : 6.882905960083008
3 <---> 2 : 7.039785385131836
3 <---> 1 : 8.279800415039062
datapath         port     rx-pkts  rx-bytes rx-error tx-pkts  tx-bytes tx-error
---------------- -------- -------- -------- -------- -------- -------- --------
0000000000000001        1       10      868        0       66     5380        0
0000000000000001        2       81     7012        0       80     6952        0
0000000000000001        3       80     6952        0       79     6892        0
datapath         in-port  eth-dst           out-port packets  bytes
---------------- -------- ----------------- -------- -------- --------
0000000000000001        1       192.168.0.2        2        3      294
0000000000000001        1       192.168.0.3        3        3      294
0000000000000001        2       192.168.0.1        1        4      392
0000000000000001        3       192.168.0.1        1        4      392
datapath         port     rx-pkts  rx-bytes rx-error tx-pkts  tx-bytes tx-error
---------------- -------- -------- -------- -------- -------- -------- --------
0000000000000003        1        9      714        0       61     4932        0
0000000000000003        2       79     6892        0       80     6952        0
0000000000000003        3       77     6696        0       80     6876        0
datapath         in-port  eth-dst           out-port packets  bytes
---------------- -------- ----------------- -------- -------- --------
0000000000000003        1       192.168.0.1        2        4      392
0000000000000003        1       192.168.0.2        3        2      196
0000000000000003        2       192.168.0.3        1        4      392
0000000000000003        3       192.168.0.3        1        2      196
datapath         port     rx-pkts  rx-bytes rx-error tx-pkts  tx-bytes tx-error
---------------- -------- -------- -------- -------- -------- -------- --------
0000000000000002        1        9      714        0       60     4872        0
0000000000000002        2       80     6952        0       81     7012        0
0000000000000002        3       80     6876        0       77     6696        0
datapath         in-port  eth-dst           out-port packets  bytes
---------------- -------- ----------------- -------- -------- --------
0000000000000002        1       192.168.0.1        2        4      392
0000000000000002        1       192.168.0.3        3        1       98
0000000000000002        2       192.168.0.2        1        4      392
0000000000000002        3       192.168.0.2        1        2      196
discovery--->==================================== discovery ====================================
discovery---> cls: [(2, 1), (2, 3), (1, 3)]
discovery--->=============================================================================
==================================== link detector ====================================

----------------------------
src    dst :    delay
2 <---> 1 : 6.994962692260742
2 <---> 3 : 7.354497909545898
1 <---> 3 : 9.763002395629883
1 <---> 2 : 8.136510848999023
3 <---> 2 : 7.293939590454102
3 <---> 1 : 8.737802505493164
datapath         port     rx-pkts  rx-bytes rx-error tx-pkts  tx-bytes tx-error
---------------- -------- -------- -------- -------- -------- -------- --------
0000000000000001        1       10      868        0       71     5770        0
0000000000000001        2       87     7372        0       85     7252        0
0000000000000001        3       85     7252        0       85     7252        0
datapath         in-port  eth-dst           out-port packets  bytes
---------------- -------- ----------------- -------- -------- --------
0000000000000001        1       192.168.0.2        2        3      294
0000000000000001        1       192.168.0.3        3        3      294
0000000000000001        2       192.168.0.1        1        4      392
0000000000000001        3       192.168.0.1        1        4      392
datapath         port     rx-pkts  rx-bytes rx-error tx-pkts  tx-bytes tx-error
---------------- -------- -------- -------- -------- -------- -------- --------
0000000000000003        1        9      714        0       66     5322        0
0000000000000003        2       85     7252        0       85     7252        0
0000000000000003        3       83     7056        0       85     7176        0
datapath         in-port  eth-dst           out-port packets  bytes
---------------- -------- ----------------- -------- -------- --------
0000000000000003        1       192.168.0.1        2        4      392
0000000000000003        1       192.168.0.2        3        2      196
0000000000000003        2       192.168.0.3        1        4      392
0000000000000003        3       192.168.0.3        1        2      196
datapath         port     rx-pkts  rx-bytes rx-error tx-pkts  tx-bytes tx-error
---------------- -------- -------- -------- -------- -------- -------- --------
0000000000000002        1        9      714        0       66     5340        0
0000000000000002        2       85     7252        0       87     7372        0
0000000000000002        3       85     7176        0       83     7056        0
datapath         in-port  eth-dst           out-port packets  bytes
---------------- -------- ----------------- -------- -------- --------
0000000000000002        1       192.168.0.1        2        4      392
0000000000000002        1       192.168.0.3        3        1       98
0000000000000002        2       192.168.0.2        1        4      392
0000000000000002        3       192.168.0.2        1        2      196
discovery--->==================================== discovery ====================================
discovery---> cls: [(2, 1), (2, 3), (1, 3)]
discovery--->=============================================================================
==================================== link detector ====================================

----------------------------
src    dst :    delay
2 <---> 1 : 6.255388259887695
2 <---> 3 : 6.458520889282227
1 <---> 3 : 8.932113647460938
1 <---> 2 : 6.743669509887695
3 <---> 2 : 7.050037384033203
3 <---> 1 : 9.99307632446289
==================================== link detector ====================================

----------------------------
src    dst :    delay
2 <---> 1 : 7.087945938110352
2 <---> 3 : 8.12840461730957
1 <---> 3 : 9.585857391357422
1 <---> 2 : 7.761478424072266
3 <---> 2 : 6.739616394042969
3 <---> 1 : 8.680343627929688
datapath         port     rx-pkts  rx-bytes rx-error tx-pkts  tx-bytes tx-error
---------------- -------- -------- -------- -------- -------- -------- --------
0000000000000001        1       10      868        0       77     6238        0
0000000000000001        2       92     7672        0       91     7612        0
0000000000000001        3       91     7612        0       90     7552        0
datapath         in-port  eth-dst           out-port packets  bytes
---------------- -------- ----------------- -------- -------- --------
0000000000000001        1       192.168.0.2        2        3      294
0000000000000001        1       192.168.0.3        3        3      294
0000000000000001        2       192.168.0.1        1        4      392
0000000000000001        3       192.168.0.1        1        4      392
datapath         port     rx-pkts  rx-bytes rx-error tx-pkts  tx-bytes tx-error
---------------- -------- -------- -------- -------- -------- -------- --------
0000000000000002        1        9      714        0       71     5730        0
0000000000000002        2       91     7612        0       92     7672        0
0000000000000002        3       91     7536        0       88     7356        0
datapath         in-port  eth-dst           out-port packets  bytes
---------------- -------- ----------------- -------- -------- --------
0000000000000002        1       192.168.0.1        2        4      392
0000000000000002        1       192.168.0.3        3        1       98
0000000000000002        2       192.168.0.2        1        4      392
0000000000000002        3       192.168.0.2        1        2      196
datapath         port     rx-pkts  rx-bytes rx-error tx-pkts  tx-bytes tx-error
---------------- -------- -------- -------- -------- -------- -------- --------
0000000000000003        1        9      714        0       72     5790        0
0000000000000003        2       90     7552        0       91     7612        0
0000000000000003        3       88     7356        0       91     7536        0
datapath         in-port  eth-dst           out-port packets  bytes
---------------- -------- ----------------- -------- -------- --------
0000000000000003        1       192.168.0.1        2        4      392
0000000000000003        1       192.168.0.2        3        2      196
0000000000000003        2       192.168.0.3        1        4      392
0000000000000003        3       192.168.0.3        1        2      196
discovery--->==================================== discovery ====================================
discovery---> cls: [(2, 1), (2, 3), (1, 3)]
discovery--->=============================================================================
==================================== link detector ====================================

----------------------------
src    dst :    delay
2 <---> 1 : 6.768465042114258
2 <---> 3 : 6.654262542724609
1 <---> 3 : 8.949041366577148
1 <---> 2 : 6.353855133056641
3 <---> 2 : 6.4868927001953125
3 <---> 1 : 8.24427604675293
==================================== link detector ====================================

----------------------------
src    dst :    delay
2 <---> 1 : 7.642269134521484
2 <---> 3 : 6.883144378662109
1 <---> 3 : 10.012626647949219
1 <---> 2 : 7.173776626586914
3 <---> 2 : 8.046627044677734
3 <---> 1 : 9.815454483032227
datapath         port     rx-pkts  rx-bytes rx-error tx-pkts  tx-bytes tx-error
---------------- -------- -------- -------- -------- -------- -------- --------
0000000000000001        1       10      868        0       83     6706        0
0000000000000001        2       98     8032        0       97     7982        0
0000000000000001        3       96     7912        0       97     7982        0
datapath         in-port  eth-dst           out-port packets  bytes
---------------- -------- ----------------- -------- -------- --------
0000000000000001        1       192.168.0.2        2        3      294
0000000000000001        1       192.168.0.3        3        3      294
0000000000000001        2       192.168.0.1        1        4      392
0000000000000001        3       192.168.0.1        1        4      392
datapath         port     rx-pkts  rx-bytes rx-error tx-pkts  tx-bytes tx-error
---------------- -------- -------- -------- -------- -------- -------- --------
0000000000000003        1        9      714        0       78     6258        0
0000000000000003        2       97     7982        0       96     7912        0
0000000000000003        3       94     7716        0       97     7906        0
datapath         in-port  eth-dst           out-port packets  bytes
---------------- -------- ----------------- -------- -------- --------
0000000000000003        1       192.168.0.1        2        4      392
0000000000000003        1       192.168.0.2        3        2      196
0000000000000003        2       192.168.0.3        1        4      392
0000000000000003        3       192.168.0.3        1        2      196
datapath         port     rx-pkts  rx-bytes rx-error tx-pkts  tx-bytes tx-error
---------------- -------- -------- -------- -------- -------- -------- --------
0000000000000002        1        9      714        0       77     6198        0
0000000000000002        2       97     7982        0       98     8032        0
0000000000000002        3       97     7906        0       94     7716        0
datapath         in-port  eth-dst           out-port packets  bytes
---------------- -------- ----------------- -------- -------- --------
0000000000000002        1       192.168.0.1        2        4      392
0000000000000002        1       192.168.0.3        3        1       98
0000000000000002        2       192.168.0.2        1        4      392
0000000000000002        3       192.168.0.2        1        2      196
discovery--->==================================== discovery ====================================
discovery---> cls: [(2, 1), (2, 3), (1, 3)]
discovery--->=============================================================================
==================================== link detector ====================================

----------------------------
src    dst :    delay
2 <---> 1 : 6.501674652099609
2 <---> 3 : 6.582498550415039
1 <---> 3 : 8.262157440185547
1 <---> 2 : 8.058547973632812
3 <---> 2 : 7.644414901733398
3 <---> 1 : 9.150028228759766
datapath         port     rx-pkts  rx-bytes rx-error tx-pkts  tx-bytes tx-error
---------------- -------- -------- -------- -------- -------- -------- --------
0000000000000001        1       10      868        0       88     7096        0
0000000000000001        2      105     8605        0      104     8545        0
0000000000000001        3      103     8475        0      103     8485        0
datapath         in-port  eth-dst           out-port packets  bytes
---------------- -------- ----------------- -------- -------- --------
0000000000000001        1       192.168.0.2        2        3      294
0000000000000001        1       192.168.0.3        3        3      294
0000000000000001        2       192.168.0.1        1        4      392
0000000000000001        3       192.168.0.1        1        4      392
datapath         port     rx-pkts  rx-bytes rx-error tx-pkts  tx-bytes tx-error
---------------- -------- -------- -------- -------- -------- -------- --------
0000000000000002        1        9      714        0       82     6588        0
0000000000000002        2      104     8545        0      105     8605        0
0000000000000002        3      104     8469        0      100     8219        0
datapath         in-port  eth-dst           out-port packets  bytes
---------------- -------- ----------------- -------- -------- --------
0000000000000002        1       192.168.0.1        2        4      392
0000000000000002        1       192.168.0.3        3        1       98
0000000000000002        2       192.168.0.2        1        4      392
0000000000000002        3       192.168.0.2        1        2      196
datapath         port     rx-pkts  rx-bytes rx-error tx-pkts  tx-bytes tx-error
---------------- -------- -------- -------- -------- -------- -------- --------
0000000000000003        1        9      714        0       83     6648        0
0000000000000003        2      103     8485        0      103     8475        0
0000000000000003        3      100     8219        0      104     8469        0
datapath         in-port  eth-dst           out-port packets  bytes
---------------- -------- ----------------- -------- -------- --------
0000000000000003        1       192.168.0.1        2        4      392
0000000000000003        1       192.168.0.2        3        2      196
0000000000000003        2       192.168.0.3        1        4      392
0000000000000003        3       192.168.0.3        1        2      196
discovery--->==================================== discovery ====================================
discovery---> cls: [(2, 1), (2, 3), (1, 3)]
discovery--->=============================================================================
==================================== link detector ====================================

----------------------------
src    dst :    delay
2 <---> 1 : 7.144451141357422
2 <---> 3 : 7.085323333740234
1 <---> 3 : 9.107828140258789
1 <---> 2 : 6.565093994140625
3 <---> 2 : 8.113861083984375
3 <---> 1 : 8.280515670776367
==================================== link detector ====================================

----------------------------
src    dst :    delay
2 <---> 1 : 8.19087028503418
2 <---> 3 : 6.774663925170898
1 <---> 3 : 8.780241012573242
1 <---> 2 : 7.043600082397461
3 <---> 2 : 8.169174194335938
3 <---> 1 : 10.007858276367188
datapath         port     rx-pkts  rx-bytes rx-error tx-pkts  tx-bytes tx-error
---------------- -------- -------- -------- -------- -------- -------- --------
0000000000000001        1       10      868        0       94     7564        0
0000000000000001        2      111     8965        0      110     8905        0
0000000000000001        3      110     8905        0      109     8845        0
datapath         in-port  eth-dst           out-port packets  bytes
---------------- -------- ----------------- -------- -------- --------
0000000000000001        1       192.168.0.2        2        3      294
0000000000000001        1       192.168.0.3        3        3      294
0000000000000001        2       192.168.0.1        1        4      392
0000000000000001        3       192.168.0.1        1        4      392
datapath         port     rx-pkts  rx-bytes rx-error tx-pkts  tx-bytes tx-error
---------------- -------- -------- -------- -------- -------- -------- --------
0000000000000003        1        9      714        0       89     7116        0
0000000000000003        2      109     8845        0      110     8905        0
0000000000000003        3      107     8649        0      109     8769        0
datapath         in-port  eth-dst           out-port packets  bytes
---------------- -------- ----------------- -------- -------- --------
0000000000000003        1       192.168.0.1        2        4      392
0000000000000003        1       192.168.0.2        3        2      196
0000000000000003        2       192.168.0.3        1        4      392
0000000000000003        3       192.168.0.3        1        2      196
datapath         port     rx-pkts  rx-bytes rx-error tx-pkts  tx-bytes tx-error
---------------- -------- -------- -------- -------- -------- -------- --------
0000000000000002        1        9      714        0       88     7056        0
0000000000000002        2      110     8905        0      111     8965        0
0000000000000002        3      109     8769        0      107     8649        0
datapath         in-port  eth-dst           out-port packets  bytes
---------------- -------- ----------------- -------- -------- --------
0000000000000002        1       192.168.0.1        2        4      392
0000000000000002        1       192.168.0.3        3        1       98
0000000000000002        2       192.168.0.2        1        4      392
0000000000000002        3       192.168.0.2        1        2      196
discovery--->==================================== discovery ====================================
discovery---> cls: [(2, 1), (2, 3), (1, 3)]
discovery--->=============================================================================
==================================== link detector ====================================

----------------------------
src    dst :    delay
2 <---> 1 : 8.194684982299805
2 <---> 3 : 8.302927017211914
1 <---> 3 : 9.825706481933594
1 <---> 2 : 7.173776626586914
3 <---> 2 : 8.166074752807617
3 <---> 1 : 9.972810745239258
datapath         port     rx-pkts  rx-bytes rx-error tx-pkts  tx-bytes tx-error
---------------- -------- -------- -------- -------- -------- -------- --------
0000000000000001        1       10      868        0       99     7954        0
0000000000000001        2      116     9265        0      115     9205        0
0000000000000001        3      115     9205        0      114     9145        0
datapath         in-port  eth-dst           out-port packets  bytes
---------------- -------- ----------------- -------- -------- --------
0000000000000001        1       192.168.0.2        2        3      294
0000000000000001        1       192.168.0.3        3        3      294
0000000000000001        2       192.168.0.1        1        4      392
0000000000000001        3       192.168.0.1        1        4      392
datapath         port     rx-pkts  rx-bytes rx-error tx-pkts  tx-bytes tx-error
---------------- -------- -------- -------- -------- -------- -------- --------
0000000000000003        1        9      714        0       94     7506        0
0000000000000003        2      114     9145        0      115     9205        0
0000000000000003        3      112     8949        0      115     9129        0
datapath         in-port  eth-dst           out-port packets  bytes
---------------- -------- ----------------- -------- -------- --------
0000000000000003        1       192.168.0.1        2        4      392
0000000000000003        1       192.168.0.2        3        2      196
0000000000000003        2       192.168.0.3        1        4      392
0000000000000003        3       192.168.0.3        1        2      196
datapath         port     rx-pkts  rx-bytes rx-error tx-pkts  tx-bytes tx-error
---------------- -------- -------- -------- -------- -------- -------- --------
0000000000000002        1        9      714        0       93     7446        0
0000000000000002        2      115     9205        0      116     9265        0
0000000000000002        3      115     9129        0      112     8949        0
datapath         in-port  eth-dst           out-port packets  bytes
---------------- -------- ----------------- -------- -------- --------
0000000000000002        1       192.168.0.1        2        4      392
0000000000000002        1       192.168.0.3        3        1       98
0000000000000002        2       192.168.0.2        1        4      392
0000000000000002        3       192.168.0.2        1        2      196
discovery--->==================================== discovery ====================================
discovery---> cls: [(2, 1), (2, 3), (1, 3)]
discovery--->=============================================================================
==================================== link detector ====================================

----------------------------
src    dst :    delay
2 <---> 1 : 7.023096084594727
2 <---> 3 : 6.7501068115234375
1 <---> 3 : 9.257316589355469
1 <---> 2 : 7.75909423828125
3 <---> 2 : 6.324052810668945
3 <---> 1 : 8.199214935302734
==================================== link detector ====================================

----------------------------
src    dst :    delay
2 <---> 1 : 7.9975128173828125
2 <---> 3 : 7.605552673339844
1 <---> 3 : 8.214235305786133
1 <---> 2 : 7.991552352905273
3 <---> 2 : 6.69407844543457
3 <---> 1 : 8.788108825683594
datapath         port     rx-pkts  rx-bytes rx-error tx-pkts  tx-bytes tx-error
---------------- -------- -------- -------- -------- -------- -------- --------
0000000000000001        1       10      868        0      105     8422        0
0000000000000001        2      122     9625        0      121     9565        0
0000000000000001        3      121     9565        0      120     9505        0
datapath         in-port  eth-dst           out-port packets  bytes
---------------- -------- ----------------- -------- -------- --------
0000000000000001        1       192.168.0.2        2        3      294
0000000000000001        1       192.168.0.3        3        3      294
0000000000000001        2       192.168.0.1        1        4      392
0000000000000001        3       192.168.0.1        1        4      392
datapath         port     rx-pkts  rx-bytes rx-error tx-pkts  tx-bytes tx-error
---------------- -------- -------- -------- -------- -------- -------- --------
0000000000000002        1        9      714        0       99     7914        0
0000000000000002        2      121     9565        0      122     9625        0
0000000000000002        3      121     9489        0      118     9309        0
datapath         in-port  eth-dst           out-port packets  bytes
---------------- -------- ----------------- -------- -------- --------
0000000000000002        1       192.168.0.1        2        4      392
0000000000000002        1       192.168.0.3        3        1       98
0000000000000002        2       192.168.0.2        1        4      392
0000000000000002        3       192.168.0.2        1        2      196
datapath         port     rx-pkts  rx-bytes rx-error tx-pkts  tx-bytes tx-error
---------------- -------- -------- -------- -------- -------- -------- --------
0000000000000003        1        9      714        0      100     7974        0
0000000000000003        2      120     9505        0      121     9565        0
0000000000000003        3      118     9309        0      121     9489        0
datapath         in-port  eth-dst           out-port packets  bytes
---------------- -------- ----------------- -------- -------- --------
0000000000000003        1       192.168.0.1        2        4      392
0000000000000003        1       192.168.0.2        3        2      196
0000000000000003        2       192.168.0.3        1        4      392
0000000000000003        3       192.168.0.3        1        2      196
discovery--->==================================== discovery ====================================
discovery---> cls: [(2, 1), (2, 3), (1, 3)]
discovery--->=============================================================================
==================================== link detector ====================================

----------------------------
src    dst :    delay
2 <---> 1 : 6.894826889038086
2 <---> 3 : 6.408452987670898
1 <---> 3 : 8.74471664428711
1 <---> 2 : 7.246255874633789
3 <---> 2 : 7.746696472167969
3 <---> 1 : 9.150028228759766
datapath         port     rx-pkts  rx-bytes rx-error tx-pkts  tx-bytes tx-error
---------------- -------- -------- -------- -------- -------- -------- --------
0000000000000001        1       10      868        0      110     8812        0
0000000000000001        2      128     9985        0      126     9865        0
0000000000000001        3      126     9865        0      125     9805        0
datapath         in-port  eth-dst           out-port packets  bytes
---------------- -------- ----------------- -------- -------- --------
0000000000000001        1       192.168.0.2        2        3      294
0000000000000001        1       192.168.0.3        3        3      294
0000000000000001        2       192.168.0.1        1        4      392
0000000000000001        3       192.168.0.1        1        4      392
datapath         port     rx-pkts  rx-bytes rx-error tx-pkts  tx-bytes tx-error
---------------- -------- -------- -------- -------- -------- -------- --------
0000000000000002        1        9      714        0      104     8304        0
0000000000000002        2      126     9865        0      128     9985        0
0000000000000002        3      126     9789        0      124     9669        0
datapath         in-port  eth-dst           out-port packets  bytes
---------------- -------- ----------------- -------- -------- --------
0000000000000002        1       192.168.0.1        2        4      392
0000000000000002        1       192.168.0.3        3        1       98
0000000000000002        2       192.168.0.2        1        4      392
0000000000000002        3       192.168.0.2        1        2      196
datapath         port     rx-pkts  rx-bytes rx-error tx-pkts  tx-bytes tx-error
---------------- -------- -------- -------- -------- -------- -------- --------
0000000000000003        1        9      714        0      105     8364        0
0000000000000003        2      125     9805        0      126     9865        0
0000000000000003        3      124     9669        0      126     9789        0
datapath         in-port  eth-dst           out-port packets  bytes
---------------- -------- ----------------- -------- -------- --------
0000000000000003        1       192.168.0.1        2        4      392
0000000000000003        1       192.168.0.2        3        2      196
0000000000000003        2       192.168.0.3        1        4      392
0000000000000003        3       192.168.0.3        1        2      196
discovery--->==================================== discovery ====================================
discovery---> cls: [(2, 1), (2, 3), (1, 3)]
discovery--->=============================================================================
==================================== link detector ====================================

----------------------------
src    dst :    delay
2 <---> 1 : 6.217718124389648
2 <---> 3 : 8.547067642211914
1 <---> 3 : 9.257078170776367
1 <---> 2 : 8.035421371459961
3 <---> 2 : 7.139921188354492
3 <---> 1 : 9.259462356567383
==================================== link detector ====================================

----------------------------
src    dst :    delay
2 <---> 1 : 8.069038391113281
2 <---> 3 : 7.965326309204102
1 <---> 3 : 9.242057800292969
1 <---> 2 : 7.300615310668945
3 <---> 2 : 7.607460021972656
3 <---> 1 : 9.667158126831055
datapath         port     rx-pkts  rx-bytes rx-error tx-pkts  tx-bytes tx-error
---------------- -------- -------- -------- -------- -------- -------- --------
0000000000000001        1       10      868        0      116     9280        0
0000000000000001        2      133    10285        0      132    10225        0
0000000000000001        3      132    10225        0      131    10165        0
datapath         in-port  eth-dst           out-port packets  bytes
---------------- -------- ----------------- -------- -------- --------
0000000000000001        1       192.168.0.2        2        3      294
0000000000000001        1       192.168.0.3        3        3      294
0000000000000001        2       192.168.0.1        1        4      392
0000000000000001        3       192.168.0.1        1        4      392
datapath         port     rx-pkts  rx-bytes rx-error tx-pkts  tx-bytes tx-error
---------------- -------- -------- -------- -------- -------- -------- --------
0000000000000003        1        9      714        0      111     8832        0
0000000000000003        2      131    10165        0      132    10225        0
0000000000000003        3      129     9969        0      132    10149        0
datapath         in-port  eth-dst           out-port packets  bytes
---------------- -------- ----------------- -------- -------- --------
0000000000000003        1       192.168.0.1        2        4      392
0000000000000003        1       192.168.0.2        3        2      196
0000000000000003        2       192.168.0.3        1        4      392
0000000000000003        3       192.168.0.3        1        2      196
datapath         port     rx-pkts  rx-bytes rx-error tx-pkts  tx-bytes tx-error
---------------- -------- -------- -------- -------- -------- -------- --------
0000000000000002        1        9      714        0      110     8772        0
0000000000000002        2      132    10225        0      133    10285        0
0000000000000002        3      132    10149        0      129     9969        0
datapath         in-port  eth-dst           out-port packets  bytes
---------------- -------- ----------------- -------- -------- --------
0000000000000002        1       192.168.0.1        2        4      392
0000000000000002        1       192.168.0.3        3        1       98
0000000000000002        2       192.168.0.2        1        4      392
0000000000000002        3       192.168.0.2        1        2      196
discovery--->==================================== discovery ====================================
discovery---> cls: [(2, 1), (2, 3), (1, 3)]
discovery--->=============================================================================
==================================== link detector ====================================

----------------------------
src    dst :    delay
2 <---> 1 : 7.132291793823242
2 <---> 3 : 8.43667984008789
1 <---> 3 : 10.124683380126953
1 <---> 2 : 8.100509643554688
3 <---> 2 : 7.362127304077148
3 <---> 1 : 10.11347770690918
==================================== link detector ====================================

----------------------------
src    dst :    delay
2 <---> 1 : 6.921052932739258
2 <---> 3 : 7.399559020996094
1 <---> 3 : 10.159969329833984
1 <---> 2 : 6.366729736328125
3 <---> 2 : 8.144617080688477
3 <---> 1 : 9.114503860473633
datapath         port     rx-pkts  rx-bytes rx-error tx-pkts  tx-bytes tx-error
---------------- -------- -------- -------- -------- -------- -------- --------
0000000000000001        1       10      868        0      121     9670        0
0000000000000001        2      139    10645        0      137    10525        0
0000000000000001        3      137    10525        0      136    10465        0
datapath         in-port  eth-dst           out-port packets  bytes
---------------- -------- ----------------- -------- -------- --------
0000000000000001        1       192.168.0.2        2        3      294
0000000000000001        1       192.168.0.3        3        3      294
0000000000000001        2       192.168.0.1        1        4      392
0000000000000001        3       192.168.0.1        1        4      392
datapath         port     rx-pkts  rx-bytes rx-error tx-pkts  tx-bytes tx-error
---------------- -------- -------- -------- -------- -------- -------- --------
0000000000000002        1        9      714        0      116     9240        0
0000000000000002        2      137    10525        0      139    10645        0
0000000000000002        3      137    10449        0      135    10329        0
datapath         in-port  eth-dst           out-port packets  bytes
---------------- -------- ----------------- -------- -------- --------
0000000000000002        1       192.168.0.1        2        4      392
0000000000000002        1       192.168.0.3        3        1       98
0000000000000002        2       192.168.0.2        1        4      392
0000000000000002        3       192.168.0.2        1        2      196
datapath         port     rx-pkts  rx-bytes rx-error tx-pkts  tx-bytes tx-error
---------------- -------- -------- -------- -------- -------- -------- --------
0000000000000003        1        9      714        0      116     9222        0
0000000000000003        2      136    10465        0      137    10525        0
0000000000000003        3      135    10329        0      137    10449        0
datapath         in-port  eth-dst           out-port packets  bytes
---------------- -------- ----------------- -------- -------- --------
0000000000000003        1       192.168.0.1        2        4      392
0000000000000003        1       192.168.0.2        3        2      196
0000000000000003        2       192.168.0.3        1        4      392
0000000000000003        3       192.168.0.3        1        2      196
discovery--->==================================== discovery ====================================
discovery---> cls: [(2, 1), (2, 3), (1, 3)]
discovery--->=============================================================================
==================================== link detector ====================================

----------------------------
src    dst :    delay
2 <---> 1 : 8.614540100097656
2 <---> 3 : 8.105039596557617
1 <---> 3 : 8.295059204101562
1 <---> 2 : 8.077621459960938
3 <---> 2 : 7.096529006958008
3 <---> 1 : 10.08915901184082
datapath         port     rx-pkts  rx-bytes rx-error tx-pkts  tx-bytes tx-error
---------------- -------- -------- -------- -------- -------- -------- --------
0000000000000001        1       10      868        0      127    10138        0
0000000000000001        2      144    10945        0      143    10885        0
0000000000000001        3      143    10885        0      142    10825        0
datapath         in-port  eth-dst           out-port packets  bytes
---------------- -------- ----------------- -------- -------- --------
0000000000000001        1       192.168.0.2        2        3      294
0000000000000001        1       192.168.0.3        3        3      294
0000000000000001        2       192.168.0.1        1        4      392
0000000000000001        3       192.168.0.1        1        4      392
datapath         port     rx-pkts  rx-bytes rx-error tx-pkts  tx-bytes tx-error
---------------- -------- -------- -------- -------- -------- -------- --------
0000000000000002        1        9      714        0      121     9630        0
0000000000000002        2      143    10885        0      144    10945        0
0000000000000002        3      143    10809        0      140    10629        0
datapath         in-port  eth-dst           out-port packets  bytes
---------------- -------- ----------------- -------- -------- --------
0000000000000002        1       192.168.0.1        2        4      392
0000000000000002        1       192.168.0.3        3        1       98
0000000000000002        2       192.168.0.2        1        4      392
0000000000000002        3       192.168.0.2        1        2      196
datapath         port     rx-pkts  rx-bytes rx-error tx-pkts  tx-bytes tx-error
---------------- -------- -------- -------- -------- -------- -------- --------
0000000000000003        1        9      714        0      122     9690        0
0000000000000003        2      142    10825        0      143    10885        0
0000000000000003        3      140    10629        0      143    10809        0
datapath         in-port  eth-dst           out-port packets  bytes
---------------- -------- ----------------- -------- -------- --------
0000000000000003        1       192.168.0.1        2        4      392
0000000000000003        1       192.168.0.2        3        2      196
0000000000000003        2       192.168.0.3        1        4      392
0000000000000003        3       192.168.0.3        1        2      196
discovery--->==================================== discovery ====================================
discovery---> cls: [(2, 1), (2, 3), (1, 3)]
discovery--->=============================================================================
==================================== link detector ====================================

----------------------------
src    dst :    delay
2 <---> 1 : 7.692098617553711
2 <---> 3 : 7.863283157348633
1 <---> 3 : 9.859800338745117
1 <---> 2 : 8.018970489501953
3 <---> 2 : 7.134199142456055
3 <---> 1 : 9.09876823425293
==================================== link detector ====================================

----------------------------
src    dst :    delay
2 <---> 1 : 8.289575576782227
2 <---> 3 : 7.719993591308594
1 <---> 3 : 9.147167205810547
1 <---> 2 : 8.033037185668945
3 <---> 2 : 7.609844207763672
3 <---> 1 : 9.515762329101562
datapath         port     rx-pkts  rx-bytes rx-error tx-pkts  tx-bytes tx-error
---------------- -------- -------- -------- -------- -------- -------- --------
0000000000000001        1       10      868        0      133    10606        0
0000000000000001        2      150    11305        0      148    11185        0
0000000000000001        3      148    11185        0      148    11185        0
datapath         in-port  eth-dst           out-port packets  bytes
---------------- -------- ----------------- -------- -------- --------
0000000000000001        1       192.168.0.2        2        3      294
0000000000000001        1       192.168.0.3        3        3      294
0000000000000001        2       192.168.0.1        1        4      392
0000000000000001        3       192.168.0.1        1        4      392
datapath         port     rx-pkts  rx-bytes rx-error tx-pkts  tx-bytes tx-error
---------------- -------- -------- -------- -------- -------- -------- --------
0000000000000003        1        9      714        0      127    10080        0
0000000000000003        2      148    11185        0      148    11185        0
0000000000000003        3      146    10989        0      148    11109        0
datapath         in-port  eth-dst           out-port packets  bytes
---------------- -------- ----------------- -------- -------- --------
0000000000000003        1       192.168.0.1        2        4      392
0000000000000003        1       192.168.0.2        3        2      196
0000000000000003        2       192.168.0.3        1        4      392
0000000000000003        3       192.168.0.3        1        2      196
datapath         port     rx-pkts  rx-bytes rx-error tx-pkts  tx-bytes tx-error
---------------- -------- -------- -------- -------- -------- -------- --------
0000000000000002        1        9      714        0      127    10098        0
0000000000000002        2      148    11185        0      150    11305        0
0000000000000002        3      148    11109        0      146    10989        0
datapath         in-port  eth-dst           out-port packets  bytes
---------------- -------- ----------------- -------- -------- --------
0000000000000002        1       192.168.0.1        2        4      392
0000000000000002        1       192.168.0.3        3        1       98
0000000000000002        2       192.168.0.2        1        4      392
0000000000000002        3       192.168.0.2        1        2      196
discovery--->==================================== discovery ====================================
discovery---> cls: [(2, 1), (2, 3), (1, 3)]
discovery--->=============================================================================
==================================== link detector ====================================

----------------------------
src    dst :    delay
2 <---> 1 : 6.99305534362793
2 <---> 3 : 6.60395622253418
1 <---> 3 : 10.00666618347168
1 <---> 2 : 8.191823959350586
3 <---> 2 : 6.712913513183594
3 <---> 1 : 10.214567184448242
datapath         port     rx-pkts  rx-bytes rx-error tx-pkts  tx-bytes tx-error
---------------- -------- -------- -------- -------- -------- -------- --------
0000000000000001        1       10      868        0      138    10996        0
0000000000000001        2      155    11605        0      154    11545        0
0000000000000001        3      154    11545        0      153    11485        0
datapath         in-port  eth-dst           out-port packets  bytes
---------------- -------- ----------------- -------- -------- --------
0000000000000001        1       192.168.0.2        2        3      294
0000000000000001        1       192.168.0.3        3        3      294
0000000000000001        2       192.168.0.1        1        4      392
0000000000000001        3       192.168.0.1        1        4      392
datapath         port     rx-pkts  rx-bytes rx-error tx-pkts  tx-bytes tx-error
---------------- -------- -------- -------- -------- -------- -------- --------
0000000000000002        1        9      714        0      132    10488        0
0000000000000002        2      154    11545        0      155    11605        0
0000000000000002        3      154    11469        0      151    11289        0
datapath         in-port  eth-dst           out-port packets  bytes
---------------- -------- ----------------- -------- -------- --------
0000000000000002        1       192.168.0.1        2        4      392
0000000000000002        1       192.168.0.3        3        1       98
0000000000000002        2       192.168.0.2        1        4      392
0000000000000002        3       192.168.0.2        1        2      196
datapath         port     rx-pkts  rx-bytes rx-error tx-pkts  tx-bytes tx-error
---------------- -------- -------- -------- -------- -------- -------- --------
0000000000000003        1        9      714        0      133    10548        0
0000000000000003        2      153    11485        0      154    11545        0
0000000000000003        3      151    11289        0      154    11469        0
datapath         in-port  eth-dst           out-port packets  bytes
---------------- -------- ----------------- -------- -------- --------
0000000000000003        1       192.168.0.1        2        4      392
0000000000000003        1       192.168.0.2        3        2      196
0000000000000003        2       192.168.0.3        1        4      392
0000000000000003        3       192.168.0.3        1        2      196
discovery--->==================================== discovery ====================================
discovery---> cls: [(2, 1), (2, 3), (1, 3)]
discovery--->=============================================================================
==================================== link detector ====================================

----------------------------
src    dst :    delay
2 <---> 1 : 7.250308990478516
2 <---> 3 : 7.160425186157227
1 <---> 3 : 9.102821350097656
1 <---> 2 : 6.393194198608398
3 <---> 2 : 7.120847702026367
3 <---> 1 : 8.671998977661133
==================================== link detector ====================================

----------------------------
src    dst :    delay
2 <---> 1 : 7.961034774780273
2 <---> 3 : 8.132219314575195
1 <---> 3 : 10.214090347290039
1 <---> 2 : 7.924795150756836
3 <---> 2 : 7.570743560791016
3 <---> 1 : 8.970260620117188
datapath         port     rx-pkts  rx-bytes rx-error tx-pkts  tx-bytes tx-error
---------------- -------- -------- -------- -------- -------- -------- --------
0000000000000001        1       10      868        0      144    11464        0
0000000000000001        2      161    11965        0      160    11905        0
0000000000000001        3      159    11845        0      159    11845        0
datapath         in-port  eth-dst           out-port packets  bytes
---------------- -------- ----------------- -------- -------- --------
0000000000000001        1       192.168.0.2        2        3      294
0000000000000001        1       192.168.0.3        3        3      294
0000000000000001        2       192.168.0.1        1        4      392
0000000000000001        3       192.168.0.1        1        4      392
datapath         port     rx-pkts  rx-bytes rx-error tx-pkts  tx-bytes tx-error
---------------- -------- -------- -------- -------- -------- -------- --------
0000000000000002        1        9      714        0      138    10956        0
0000000000000002        2      160    11905        0      161    11965        0
0000000000000002        3      159    11769        0      157    11649        0
datapath         in-port  eth-dst           out-port packets  bytes
---------------- -------- ----------------- -------- -------- --------
0000000000000002        1       192.168.0.1        2        4      392
0000000000000002        1       192.168.0.3        3        1       98
0000000000000002        2       192.168.0.2        1        4      392
0000000000000002        3       192.168.0.2        1        2      196
datapath         port     rx-pkts  rx-bytes rx-error tx-pkts  tx-bytes tx-error
---------------- -------- -------- -------- -------- -------- -------- --------
0000000000000003        1        9      714        0      139    11016        0
0000000000000003        2      159    11845        0      159    11845        0
0000000000000003        3      157    11649        0      159    11769        0
datapath         in-port  eth-dst           out-port packets  bytes
---------------- -------- ----------------- -------- -------- --------
0000000000000003        1       192.168.0.1        2        4      392
0000000000000003        1       192.168.0.2        3        2      196
0000000000000003        2       192.168.0.3        1        4      392
0000000000000003        3       192.168.0.3        1        2      196
discovery--->==================================== discovery ====================================
discovery---> cls: [(2, 1), (2, 3), (1, 3)]
discovery--->=============================================================================
==================================== link detector ====================================

----------------------------
src    dst :    delay
2 <---> 1 : 6.752967834472656
2 <---> 3 : 8.11910629272461
1 <---> 3 : 8.34512710571289
1 <---> 2 : 6.490230560302734
3 <---> 2 : 7.66754150390625
3 <---> 1 : 9.087562561035156
==================================== link detector ====================================

----------------------------
src    dst :    delay
2 <---> 1 : 8.042097091674805
2 <---> 3 : 8.09025764465332
1 <---> 3 : 10.096549987792969
1 <---> 2 : 7.072210311889648
3 <---> 2 : 7.732391357421875
3 <---> 1 : 9.928703308105469
datapath         port     rx-pkts  rx-bytes rx-error tx-pkts  tx-bytes tx-error
---------------- -------- -------- -------- -------- -------- -------- --------
0000000000000001        1       10      868        0      149    11854        0
0000000000000001        2      166    12265        0      165    12205        0
0000000000000001        3      165    12205        0      164    12145        0
datapath         in-port  eth-dst           out-port packets  bytes
---------------- -------- ----------------- -------- -------- --------
0000000000000001        1       192.168.0.2        2        3      294
0000000000000001        1       192.168.0.3        3        3      294
0000000000000001        2       192.168.0.1        1        4      392
0000000000000001        3       192.168.0.1        1        4      392
datapath         port     rx-pkts  rx-bytes rx-error tx-pkts  tx-bytes tx-error
---------------- -------- -------- -------- -------- -------- -------- --------
0000000000000002        1        9      714        0      143    11346        0
0000000000000002        2      165    12205        0      166    12265        0
0000000000000002        3      165    12129        0      162    11949        0
datapath         in-port  eth-dst           out-port packets  bytes
---------------- -------- ----------------- -------- -------- --------
0000000000000002        1       192.168.0.1        2        4      392
0000000000000002        1       192.168.0.3        3        1       98
0000000000000002        2       192.168.0.2        1        4      392
0000000000000002        3       192.168.0.2        1        2      196
datapath         port     rx-pkts  rx-bytes rx-error tx-pkts  tx-bytes tx-error
---------------- -------- -------- -------- -------- -------- -------- --------
0000000000000003        1        9      714        0      144    11406        0
0000000000000003        2      164    12145        0      165    12205        0
0000000000000003        3      162    11949        0      165    12129        0
datapath         in-port  eth-dst           out-port packets  bytes
---------------- -------- ----------------- -------- -------- --------
0000000000000003        1       192.168.0.1        2        4      392
0000000000000003        1       192.168.0.2        3        2      196
0000000000000003        2       192.168.0.3        1        4      392
0000000000000003        3       192.168.0.3        1        2      196
discovery--->==================================== discovery ====================================
discovery---> cls: [(2, 1), (2, 3), (1, 3)]
discovery--->=============================================================================
==================================== link detector ====================================

----------------------------
src    dst :    delay
2 <---> 1 : 7.2116851806640625
2 <---> 3 : 8.10551643371582
1 <---> 3 : 9.141206741333008
1 <---> 2 : 8.126497268676758
3 <---> 2 : 6.970643997192383
3 <---> 1 : 9.318351745605469
datapath         port     rx-pkts  rx-bytes rx-error tx-pkts  tx-bytes tx-error
---------------- -------- -------- -------- -------- -------- -------- --------
0000000000000001        1       10      868        0      155    12322        0
0000000000000001        2      173    12695        0      171    12565        0
0000000000000001        3      171    12565        0      171    12575        0
datapath         in-port  eth-dst           out-port packets  bytes
---------------- -------- ----------------- -------- -------- --------
0000000000000001        1       192.168.0.2        2        3      294
0000000000000001        1       192.168.0.3        3        3      294
0000000000000001        2       192.168.0.1        1        4      392
0000000000000001        3       192.168.0.1        1        4      392
datapath         port     rx-pkts  rx-bytes rx-error tx-pkts  tx-bytes tx-error
---------------- -------- -------- -------- -------- -------- -------- --------
0000000000000002        1        9      714        0      149    11814        0
0000000000000002        2      171    12565        0      173    12695        0
0000000000000002        3      172    12559        0      168    12309        0
datapath         in-port  eth-dst           out-port packets  bytes
---------------- -------- ----------------- -------- -------- --------
0000000000000002        1       192.168.0.1        2        4      392
0000000000000002        1       192.168.0.3        3        1       98
0000000000000002        2       192.168.0.2        1        4      392
0000000000000002        3       192.168.0.2        1        2      196
datapath         port     rx-pkts  rx-bytes rx-error tx-pkts  tx-bytes tx-error
---------------- -------- -------- -------- -------- -------- -------- --------
0000000000000003        1        9      714        0      150    11874        0
0000000000000003        2      171    12575        0      171    12565        0
0000000000000003        3      168    12309        0      172    12559        0
datapath         in-port  eth-dst           out-port packets  bytes
---------------- -------- ----------------- -------- -------- --------
0000000000000003        1       192.168.0.1        2        4      392
0000000000000003        1       192.168.0.2        3        2      196
0000000000000003        2       192.168.0.3        1        4      392
0000000000000003        3       192.168.0.3        1        2      196
discovery--->==================================== discovery ====================================
discovery---> cls: [(2, 1), (2, 3), (1, 3)]
discovery--->=============================================================================
==================================== link detector ====================================

----------------------------
src    dst :    delay
2 <---> 1 : 7.773876190185547
2 <---> 3 : 7.836580276489258
1 <---> 3 : 10.1165771484375
1 <---> 2 : 7.459402084350586
3 <---> 2 : 8.267879486083984
3 <---> 1 : 10.135650634765625
==================================== link detector ====================================

----------------------------
src    dst :    delay
2 <---> 1 : 7.149219512939453
2 <---> 3 : 6.932497024536133
1 <---> 3 : 9.150981903076172
1 <---> 2 : 6.646871566772461
3 <---> 2 : 6.556034088134766
3 <---> 1 : 8.632421493530273
datapath         port     rx-pkts  rx-bytes rx-error tx-pkts  tx-bytes tx-error
---------------- -------- -------- -------- -------- -------- -------- --------
0000000000000001        1       10      868        0      160    12712        0
0000000000000001        2      179    13198        0      178    13138        0
0000000000000001        3      177    13068        0      177    13078        0
datapath         in-port  eth-dst           out-port packets  bytes
---------------- -------- ----------------- -------- -------- --------
0000000000000001        1       192.168.0.2        2        3      294
0000000000000001        1       192.168.0.3        3        3      294
0000000000000001        2       192.168.0.1        1        4      392
0000000000000001        3       192.168.0.1        1        4      392
datapath         port     rx-pkts  rx-bytes rx-error tx-pkts  tx-bytes tx-error
---------------- -------- -------- -------- -------- -------- -------- --------
0000000000000002        1        9      714        0      154    12204        0
0000000000000002        2      178    13138        0      179    13198        0
0000000000000002        3      178    13062        0      175    12872        0
datapath         in-port  eth-dst           out-port packets  bytes
---------------- -------- ----------------- -------- -------- --------
0000000000000002        1       192.168.0.1        2        4      392
0000000000000002        1       192.168.0.3        3        1       98
0000000000000002        2       192.168.0.2        1        4      392
0000000000000002        3       192.168.0.2        1        2      196
datapath         port     rx-pkts  rx-bytes rx-error tx-pkts  tx-bytes tx-error
---------------- -------- -------- -------- -------- -------- -------- --------
0000000000000003        1        9      714        0      155    12264        0
0000000000000003        2      177    13078        0      177    13068        0
0000000000000003        3      175    12872        0      178    13062        0
datapath         in-port  eth-dst           out-port packets  bytes
---------------- -------- ----------------- -------- -------- --------
0000000000000003        1       192.168.0.1        2        4      392
0000000000000003        1       192.168.0.2        3        2      196
0000000000000003        2       192.168.0.3        1        4      392
0000000000000003        3       192.168.0.3        1        2      196
discovery--->==================================== discovery ====================================
discovery---> cls: [(2, 1), (2, 3), (1, 3)]
discovery--->=============================================================================
==================================== link detector ====================================

----------------------------
src    dst :    delay
2 <---> 1 : 7.31348991394043
2 <---> 3 : 8.179664611816406
1 <---> 3 : 9.66501235961914
1 <---> 2 : 7.234334945678711
3 <---> 2 : 7.06171989440918
3 <---> 1 : 9.880781173706055
datapath         port     rx-pkts  rx-bytes rx-error tx-pkts  tx-bytes tx-error
---------------- -------- -------- -------- -------- -------- -------- --------
0000000000000001        1       10      868        0      166    13180        0
0000000000000001        2      185    13558        0      184    13498        0
0000000000000001        3      183    13428        0      183    13438        0
datapath         in-port  eth-dst           out-port packets  bytes
---------------- -------- ----------------- -------- -------- --------
0000000000000001        1       192.168.0.2        2        3      294
0000000000000001        1       192.168.0.3        3        3      294
0000000000000001        2       192.168.0.1        1        4      392
0000000000000001        3       192.168.0.1        1        4      392
datapath         port     rx-pkts  rx-bytes rx-error tx-pkts  tx-bytes tx-error
---------------- -------- -------- -------- -------- -------- -------- --------
0000000000000003        1        9      714        0      161    12732        0
0000000000000003        2      183    13438        0      183    13428        0
0000000000000003        3      181    13242        0      184    13422        0
datapath         in-port  eth-dst           out-port packets  bytes
---------------- -------- ----------------- -------- -------- --------
0000000000000003        1       192.168.0.1        2        4      392
0000000000000003        1       192.168.0.2        3        2      196
0000000000000003        2       192.168.0.3        1        4      392
0000000000000003        3       192.168.0.3        1        2      196
datapath         port     rx-pkts  rx-bytes rx-error tx-pkts  tx-bytes tx-error
---------------- -------- -------- -------- -------- -------- -------- --------
0000000000000002        1        9      714        0      160    12672        0
0000000000000002        2      184    13498        0      185    13558        0
0000000000000002        3      184    13422        0      181    13242        0
datapath         in-port  eth-dst           out-port packets  bytes
---------------- -------- ----------------- -------- -------- --------
0000000000000002        1       192.168.0.1        2        4      392
0000000000000002        1       192.168.0.3        3        1       98
0000000000000002        2       192.168.0.2        1        4      392
0000000000000002        3       192.168.0.2        1        2      196
discovery--->==================================== discovery ====================================
discovery---> cls: [(2, 1), (2, 3), (1, 3)]
discovery--->=============================================================================
==================================== link detector ====================================

----------------------------
src    dst :    delay
2 <---> 1 : 6.819009780883789
2 <---> 3 : 8.195877075195312
1 <---> 3 : 8.840560913085938
1 <---> 2 : 6.4296722412109375
3 <---> 2 : 8.18014144897461
3 <---> 1 : 10.152339935302734
==================================== link detector ====================================

----------------------------
src    dst :    delay
2 <---> 1 : 6.697416305541992
2 <---> 3 : 7.329225540161133
1 <---> 3 : 10.222673416137695
1 <---> 2 : 8.105993270874023
3 <---> 2 : 8.065223693847656
3 <---> 1 : 8.636474609375
datapath         port     rx-pkts  rx-bytes rx-error tx-pkts  tx-bytes tx-error
---------------- -------- -------- -------- -------- -------- -------- --------
0000000000000001        1       10      868        0      171    13570        0
0000000000000001        2      191    13918        0      189    13798        0
0000000000000001        3      188    13728        0      188    13738        0
datapath         in-port  eth-dst           out-port packets  bytes
---------------- -------- ----------------- -------- -------- --------
0000000000000001        1       192.168.0.2        2        3      294
0000000000000001        1       192.168.0.3        3        3      294
0000000000000001        2       192.168.0.1        1        4      392
0000000000000001        3       192.168.0.1        1        4      392
datapath         port     rx-pkts  rx-bytes rx-error tx-pkts  tx-bytes tx-error
---------------- -------- -------- -------- -------- -------- -------- --------
0000000000000002        1        9      714        0      166    13140        0
0000000000000002        2      189    13798        0      191    13918        0
0000000000000002        3      189    13722        0      187    13602        0
datapath         in-port  eth-dst           out-port packets  bytes
---------------- -------- ----------------- -------- -------- --------
0000000000000002        1       192.168.0.1        2        4      392
0000000000000002        1       192.168.0.3        3        1       98
0000000000000002        2       192.168.0.2        1        4      392
0000000000000002        3       192.168.0.2        1        2      196
datapath         port     rx-pkts  rx-bytes rx-error tx-pkts  tx-bytes tx-error
---------------- -------- -------- -------- -------- -------- -------- --------
0000000000000003        1        9      714        0      166    13122        0
0000000000000003        2      188    13738        0      188    13728        0
0000000000000003        3      187    13602        0      189    13722        0
datapath         in-port  eth-dst           out-port packets  bytes
---------------- -------- ----------------- -------- -------- --------
0000000000000003        1       192.168.0.1        2        4      392
0000000000000003        1       192.168.0.2        3        2      196
0000000000000003        2       192.168.0.3        1        4      392
0000000000000003        3       192.168.0.3        1        2      196
discovery--->==================================== discovery ====================================
discovery---> cls: [(2, 1), (2, 3), (1, 3)]
discovery--->=============================================================================
==================================== link detector ====================================

----------------------------
src    dst :    delay
2 <---> 1 : 6.221294403076172
2 <---> 3 : 7.8945159912109375
1 <---> 3 : 10.08915901184082
1 <---> 2 : 8.08405876159668
3 <---> 2 : 6.724357604980469
3 <---> 1 : 10.29658317565918
datapath         port     rx-pkts  rx-bytes rx-error tx-pkts  tx-bytes tx-error
---------------- -------- -------- -------- -------- -------- -------- --------
0000000000000001        1       10      868        0      177    14038        0
0000000000000001        2      196    14218        0      195    14158        0
0000000000000001        3      195    14158        0      194    14098        0
datapath         in-port  eth-dst           out-port packets  bytes
---------------- -------- ----------------- -------- -------- --------
0000000000000001        1       192.168.0.2        2        3      294
0000000000000001        1       192.168.0.3        3        3      294
0000000000000001        2       192.168.0.1        1        4      392
0000000000000001        3       192.168.0.1        1        4      392
datapath         port     rx-pkts  rx-bytes rx-error tx-pkts  tx-bytes tx-error
---------------- -------- -------- -------- -------- -------- -------- --------
0000000000000002        1        9      714        0      171    13530        0
0000000000000002        2      195    14158        0      196    14218        0
0000000000000002        3      195    14082        0      192    13902        0
datapath         in-port  eth-dst           out-port packets  bytes
---------------- -------- ----------------- -------- -------- --------
0000000000000002        1       192.168.0.1        2        4      392
0000000000000002        1       192.168.0.3        3        1       98
0000000000000002        2       192.168.0.2        1        4      392
0000000000000002        3       192.168.0.2        1        2      196
datapath         port     rx-pkts  rx-bytes rx-error tx-pkts  tx-bytes tx-error
---------------- -------- -------- -------- -------- -------- -------- --------
0000000000000003        1        9      714        0      172    13590        0
0000000000000003        2      194    14098        0      195    14158        0
0000000000000003        3      192    13902        0      195    14082        0
datapath         in-port  eth-dst           out-port packets  bytes
---------------- -------- ----------------- -------- -------- --------
0000000000000003        1       192.168.0.1        2        4      392
0000000000000003        1       192.168.0.2        3        2      196
0000000000000003        2       192.168.0.3        1        4      392
0000000000000003        3       192.168.0.3        1        2      196
discovery--->==================================== discovery ====================================
discovery---> cls: [(2, 1), (2, 3), (1, 3)]
discovery--->=============================================================================
==================================== link detector ====================================

----------------------------
src    dst :    delay
2 <---> 1 : 7.149219512939453
2 <---> 3 : 8.082866668701172
1 <---> 3 : 9.675979614257812
1 <---> 2 : 6.9217681884765625
3 <---> 2 : 6.559133529663086
3 <---> 1 : 10.161876678466797
==================================== link detector ====================================

----------------------------
src    dst :    delay
2 <---> 1 : 6.40869140625
2 <---> 3 : 8.209466934204102
1 <---> 3 : 10.109663009643555
1 <---> 2 : 6.199359893798828
3 <---> 2 : 7.892608642578125
3 <---> 1 : 8.508682250976562
datapath         port     rx-pkts  rx-bytes rx-error tx-pkts  tx-bytes tx-error
---------------- -------- -------- -------- -------- -------- -------- --------
0000000000000001        1       10      868        0      183    14506        0
0000000000000001        2      202    14578        0      200    14458        0
0000000000000001        3      200    14458        0      200    14458        0
datapath         in-port  eth-dst           out-port packets  bytes
---------------- -------- ----------------- -------- -------- --------
0000000000000001        1       192.168.0.2        2        3      294
0000000000000001        1       192.168.0.3        3        3      294
0000000000000001        2       192.168.0.1        1        4      392
0000000000000001        3       192.168.0.1        1        4      392
datapath         port     rx-pkts  rx-bytes rx-error tx-pkts  tx-bytes tx-error
---------------- -------- -------- -------- -------- -------- -------- --------
0000000000000002        1        9      714        0      177    13998        0
0000000000000002        2      200    14458        0      202    14578        0
0000000000000002        3      200    14382        0      198    14262        0
datapath         in-port  eth-dst           out-port packets  bytes
---------------- -------- ----------------- -------- -------- --------
0000000000000002        1       192.168.0.1        2        4      392
0000000000000002        1       192.168.0.3        3        1       98
0000000000000002        2       192.168.0.2        1        4      392
0000000000000002        3       192.168.0.2        1        2      196
datapath         port     rx-pkts  rx-bytes rx-error tx-pkts  tx-bytes tx-error
---------------- -------- -------- -------- -------- -------- -------- --------
0000000000000003        1        9      714        0      177    13980        0
0000000000000003        2      200    14458        0      200    14458        0
0000000000000003        3      198    14262        0      200    14382        0
datapath         in-port  eth-dst           out-port packets  bytes
---------------- -------- ----------------- -------- -------- --------
0000000000000003        1       192.168.0.1        2        4      392
0000000000000003        1       192.168.0.2        3        2      196
0000000000000003        2       192.168.0.3        1        4      392
0000000000000003        3       192.168.0.3        1        2      196
discovery--->==================================== discovery ====================================
discovery---> cls: [(2, 1), (2, 3), (1, 3)]
discovery--->=============================================================================
==================================== link detector ====================================

----------------------------
src    dst :    delay
2 <---> 1 : 7.380008697509766
2 <---> 3 : 8.376836776733398
1 <---> 3 : 9.244203567504883
1 <---> 2 : 6.523847579956055
3 <---> 2 : 8.121967315673828
3 <---> 1 : 10.004758834838867
==================================== link detector ====================================

----------------------------
src    dst :    delay
2 <---> 1 : 7.1544647216796875
2 <---> 3 : 8.407354354858398
1 <---> 3 : 9.893655776977539
1 <---> 2 : 6.67119026184082
3 <---> 2 : 8.200883865356445
3 <---> 1 : 9.93967056274414
datapath         port     rx-pkts  rx-bytes rx-error tx-pkts  tx-bytes tx-error
---------------- -------- -------- -------- -------- -------- -------- --------
0000000000000001        1       10      868        0      188    14896        0
0000000000000001        2      207    14878        0      206    14818        0
0000000000000001        3      206    14818        0      205    14758        0
datapath         in-port  eth-dst           out-port packets  bytes
---------------- -------- ----------------- -------- -------- --------
0000000000000001        1       192.168.0.2        2        3      294
0000000000000001        1       192.168.0.3        3        3      294
0000000000000001        2       192.168.0.1        1        4      392
0000000000000001        3       192.168.0.1        1        4      392
datapath         port     rx-pkts  rx-bytes rx-error tx-pkts  tx-bytes tx-error
---------------- -------- -------- -------- -------- -------- -------- --------
0000000000000002        1        9      714        0      182    14388        0
0000000000000002        2      206    14818        0      207    14878        0
0000000000000002        3      206    14742        0      203    14562        0
datapath         in-port  eth-dst           out-port packets  bytes
---------------- -------- ----------------- -------- -------- --------
0000000000000002        1       192.168.0.1        2        4      392
0000000000000002        1       192.168.0.3        3        1       98
0000000000000002        2       192.168.0.2        1        4      392
0000000000000002        3       192.168.0.2        1        2      196
datapath         port     rx-pkts  rx-bytes rx-error tx-pkts  tx-bytes tx-error
---------------- -------- -------- -------- -------- -------- -------- --------
0000000000000003        1        9      714        0      183    14448        0
0000000000000003        2      205    14758        0      206    14818        0
0000000000000003        3      203    14562        0      206    14742        0
datapath         in-port  eth-dst           out-port packets  bytes
---------------- -------- ----------------- -------- -------- --------
0000000000000003        1       192.168.0.1        2        4      392
0000000000000003        1       192.168.0.2        3        2      196
0000000000000003        2       192.168.0.3        1        4      392
0000000000000003        3       192.168.0.3        1        2      196
discovery--->==================================== discovery ====================================
discovery---> cls: [(2, 1), (2, 3), (1, 3)]
discovery--->=============================================================================
