loading app network_structure.py
Matplotlib created a temporary config/cache directory at /tmp/matplotlib-q8u_hv69 because the default path (/home/terry/.config/matplotlib) is not a writable directory; it is highly recommended to set the MPLCONFIGDIR environment variable to a writable directory, in particular to speed up the import of Matplotlib and to better support multiprocessing.
Generating new fontManager, this may take some time...
Failed to extract font properties from /usr/share/fonts/truetype/noto/NotoColorEmoji.ttf: In FT2Font: Can not load face.  Unknown file format.
loading app network_monitor.py
loading app ryu.topology.switches
loading app ryu.controller.ofp_handler
instantiating app network_structure.py of NetworkStructure
instantiating app network_monitor.py of NetworkMonitor
instantiating app ryu.topology.switches of Switches
instantiating app ryu.controller.ofp_handler of OFPHandler
discovery---> AccessPoint: 1 connected
discovery---> AccessPoint: 1 connected
discovery---> AccessPoint: 1 connected
discovery---> AccessPoint: 2 connected
discovery---> AccessPoint: 2 connected
discovery---> AccessPoint: 3 connected
monitor---->register datapath: 1000000000000001
monitor---->register datapath: 1000000000000006
monitor---->register datapath: 1000000000000002
monitor---->register datapath: 1000000000000005
monitor---->register datapath: 1000000000000003
monitor---->register datapath: 1000000000000004
discovery--->==================================== discovery ====================================
discovery---> cls: [(5, 4), (5, 2), (5, 1), (4, 3), (6, 3), (6, 2), (3, 2), (2, 1)]
discovery--->=============================================================================
datapath         port     rx-pkts  rx-bytes rx-error tx-pkts  tx-bytes tx-error
---------------- -------- -------- -------- -------- -------- -------- --------
0000000000000006        1       14      924        0      523    40692        0
0000000000000006        2      546    35493        0      548    35613        0
0000000000000006        3      545    35395        0      544    35335        0
datapath         in-port  eth-dst           out-port packets  bytes
---------------- -------- ----------------- -------- -------- --------
0000000000000006        1       192.168.0.2        2        2      196
0000000000000006        1       192.168.0.3        3        0        0
0000000000000006        2       192.168.0.6        1        2      196
0000000000000006        3       192.168.0.6        1        1       98
datapath         port     rx-pkts  rx-bytes rx-error tx-pkts  tx-bytes tx-error
---------------- -------- -------- -------- -------- -------- -------- --------
0000000000000004        1       20     1232        0      524    40752        0
0000000000000004        2      546    35493        0      545    35433        0
0000000000000004        3      545    35395        0      549    35635        0
datapath         in-port  eth-dst           out-port packets  bytes
---------------- -------- ----------------- -------- -------- --------
0000000000000004        1       192.168.0.3        2        2      196
0000000000000004        1       192.168.0.5        3        1       98
0000000000000004        2       192.168.0.4        1        2      196
0000000000000004        3       192.168.0.4        1        1       98
datapath         port     rx-pkts  rx-bytes rx-error tx-pkts  tx-bytes tx-error
---------------- -------- -------- -------- -------- -------- -------- --------
0000000000000003        1       17     1106        0      519    40452        0
0000000000000003        2      542    35167        0      543    35227        0
0000000000000003        3      545    35433        0      546    35493        0
0000000000000003        4      544    35335        0      545    35395        0
datapath         in-port  eth-dst           out-port packets  bytes
---------------- -------- ----------------- -------- -------- --------
0000000000000003        1       192.168.0.4        3        1       98
0000000000000003        1       192.168.0.6        4        1       98
0000000000000003        3       192.168.0.3        1        2      196
0000000000000003        4       192.168.0.3        1        1       98
datapath         port     rx-pkts  rx-bytes rx-error tx-pkts  tx-bytes tx-error
---------------- -------- -------- -------- -------- -------- -------- --------
0000000000000005        1       14      868        0      521    40480        0
0000000000000005        2      544    35335        0      546    35455        0
0000000000000005        3      543    35237        0      544    35297        0
0000000000000005        4      549    35635        0      545    35395        0
datapath         in-port  eth-dst           out-port packets  bytes
---------------- -------- ----------------- -------- -------- --------
0000000000000005        1       192.168.0.1        2        0        0
0000000000000005        1       192.168.0.4        4        0        0
0000000000000005        2       192.168.0.5        1        1       98
0000000000000005        4       192.168.0.5        1        1       98
datapath         port     rx-pkts  rx-bytes rx-error tx-pkts  tx-bytes tx-error
---------------- -------- -------- -------- -------- -------- -------- --------
0000000000000002        1       14      924        0      514    40060        0
0000000000000002        2      543    35237        0      545    35357        0
0000000000000002        3      543    35227        0      542    35167        0
0000000000000002        4      544    35297        0      543    35237        0
0000000000000002        5      548    35613        0      546    35493        0
datapath         in-port  eth-dst           out-port packets  bytes
---------------- -------- ----------------- -------- -------- --------
0000000000000002        1       192.168.0.6        5        1       98
0000000000000002        5       192.168.0.2        1        2      196
datapath         port     rx-pkts  rx-bytes rx-error tx-pkts  tx-bytes tx-error
---------------- -------- -------- -------- -------- -------- -------- --------
0000000000000001        1       12      840        0      538    41606        0
0000000000000001        2      545    35357        0      543    35237        0
0000000000000001        3      546    35455        0      544    35335        0
datapath         in-port  eth-dst           out-port packets  bytes
---------------- -------- ----------------- -------- -------- --------
0000000000000001        1       192.168.0.5        3        1       98
0000000000000001        3       192.168.0.1        1        1       98
discovery--->==================================== discovery ====================================
discovery---> cls: [(5, 4), (5, 2), (5, 1), (4, 3), (6, 3), (6, 2), (3, 2), (2, 1)]
discovery--->=============================================================================
hub: uncaught exception: Traceback (most recent call last):
  File "/usr/local/lib/python3.6/dist-packages/ryu/lib/hub.py", line 60, in _launch
    return func(*args, **kwargs)
  File "/home/terry/LJQ/Task/ryu/network_monitor.py", line 60, in scheduler
    self.create_bandwidth_graph()
  File "/home/terry/LJQ/Task/ryu/network_monitor.py", line 324, in create_bandwidth_graph
    capacity = self.network_structure.m_graph[src_dpid][dst_dpid]['bw']
  File "/home/terry/.local/lib/python3.6/site-packages/networkx/classes/cls.py", line 465, in __getitem__
    return self.adj[n]
  File "/home/terry/.local/lib/python3.6/site-packages/networkx/classes/coreviews.py", line 79, in __getitem__
    return AtlasView(self._atlas[name])
KeyError: 5

datapath         port     rx-pkts  rx-bytes rx-error tx-pkts  tx-bytes tx-error
---------------- -------- -------- -------- -------- -------- -------- --------
0000000000000001        1       12      840        0      543    41996        0
0000000000000001        2      550    35657        0      547    35477        0
0000000000000001        3      550    35695        0      548    35575        0
datapath         in-port  eth-dst           out-port packets  bytes
---------------- -------- ----------------- -------- -------- --------
0000000000000001        1       192.168.0.5        3        1       98
0000000000000001        3       192.168.0.1        1        1       98
datapath         port     rx-pkts  rx-bytes rx-error tx-pkts  tx-bytes tx-error
---------------- -------- -------- -------- -------- -------- -------- --------
0000000000000006        1       14      924        0      528    41082        0
0000000000000006        2      550    35733        0      553    35913        0
0000000000000006        3      549    35635        0      549    35635        0
datapath         in-port  eth-dst           out-port packets  bytes
---------------- -------- ----------------- -------- -------- --------
0000000000000006        1       192.168.0.2        2        2      196
0000000000000006        1       192.168.0.3        3        0        0
0000000000000006        2       192.168.0.6        1        2      196
0000000000000006        3       192.168.0.6        1        1       98
datapath         port     rx-pkts  rx-bytes rx-error tx-pkts  tx-bytes tx-error
---------------- -------- -------- -------- -------- -------- -------- --------
0000000000000004        1       20     1232        0      529    41142        0
0000000000000004        2      550    35733        0      550    35733        0
0000000000000004        3      549    35635        0      553    35875        0
datapath         in-port  eth-dst           out-port packets  bytes
---------------- -------- ----------------- -------- -------- --------
0000000000000004        1       192.168.0.3        2        2      196
0000000000000004        1       192.168.0.5        3        1       98
0000000000000004        2       192.168.0.4        1        2      196
0000000000000004        3       192.168.0.4        1        1       98
datapath         port     rx-pkts  rx-bytes rx-error tx-pkts  tx-bytes tx-error
---------------- -------- -------- -------- -------- -------- -------- --------
0000000000000005        1       14      868        0      526    40870        0
0000000000000005        2      548    35575        0      550    35695        0
0000000000000005        3      547    35477        0      548    35537        0
0000000000000005        4      553    35875        0      549    35635        0
datapath         in-port  eth-dst           out-port packets  bytes
---------------- -------- ----------------- -------- -------- --------
0000000000000005        1       192.168.0.1        2        0        0
0000000000000005        1       192.168.0.4        4        0        0
0000000000000005        2       192.168.0.5        1        1       98
0000000000000005        4       192.168.0.5        1        1       98
datapath         port     rx-pkts  rx-bytes rx-error tx-pkts  tx-bytes tx-error
---------------- -------- -------- -------- -------- -------- -------- --------
0000000000000003        1       17     1106        0      523    40764        0
0000000000000003        2      547    35467        0      547    35467        0
0000000000000003        3      550    35733        0      550    35733        0
0000000000000003        4      549    35635        0      549    35635        0
datapath         in-port  eth-dst           out-port packets  bytes
---------------- -------- ----------------- -------- -------- --------
0000000000000003        1       192.168.0.4        3        1       98
0000000000000003        1       192.168.0.6        4        1       98
0000000000000003        3       192.168.0.3        1        2      196
0000000000000003        4       192.168.0.3        1        1       98
datapath         port     rx-pkts  rx-bytes rx-error tx-pkts  tx-bytes tx-error
---------------- -------- -------- -------- -------- -------- -------- --------
0000000000000002        1       14      924        0      519    40450        0
0000000000000002        2      547    35477        0      550    35657        0
0000000000000002        3      547    35467        0      547    35467        0
0000000000000002        4      548    35537        0      547    35477        0
0000000000000002        5      553    35913        0      550    35733        0
datapath         in-port  eth-dst           out-port packets  bytes
---------------- -------- ----------------- -------- -------- --------
0000000000000002        1       192.168.0.6        5        1       98
0000000000000002        5       192.168.0.2        1        2      196
discovery--->==================================== discovery ====================================
discovery---> cls: [(5, 4), (5, 2), (5, 1), (4, 3), (6, 3), (6, 2), (3, 2), (2, 1)]
discovery--->=============================================================================
discovery--->==================================== discovery ====================================
discovery---> cls: [(5, 4), (5, 2), (5, 1), (4, 3), (6, 3), (6, 2), (3, 2), (2, 1)]
discovery--->=============================================================================
discovery--->==================================== discovery ====================================
discovery---> cls: [(5, 4), (5, 2), (5, 1), (4, 3), (6, 3), (6, 2), (3, 2), (2, 1)]
discovery--->=============================================================================
discovery--->==================================== discovery ====================================
discovery---> cls: [(5, 4), (5, 2), (5, 1), (4, 3), (6, 3), (6, 2), (3, 2), (2, 1)]
discovery--->=============================================================================
discovery--->==================================== discovery ====================================
discovery---> cls: [(5, 4), (5, 2), (5, 1), (4, 3), (6, 3), (6, 2), (3, 2), (2, 1)]
discovery--->=============================================================================
discovery--->==================================== discovery ====================================
discovery---> cls: [(5, 4), (5, 2), (5, 1), (4, 3), (6, 3), (6, 2), (3, 2), (2, 1)]
discovery--->=============================================================================
discovery--->==================================== discovery ====================================
discovery---> cls: [(5, 4), (5, 2), (5, 1), (4, 3), (6, 3), (6, 2), (3, 2), (2, 1)]
discovery--->=============================================================================
discovery--->==================================== discovery ====================================
discovery---> cls: [(5, 4), (5, 2), (5, 1), (4, 3), (6, 3), (6, 2), (3, 2), (2, 1)]
discovery--->=============================================================================
discovery--->==================================== discovery ====================================
discovery---> cls: [(5, 4), (5, 2), (5, 1), (4, 3), (6, 3), (6, 2), (3, 2), (2, 1)]
discovery--->=============================================================================
discovery--->==================================== discovery ====================================
discovery---> cls: [(5, 4), (5, 2), (5, 1), (4, 3), (6, 3), (6, 2), (3, 2), (2, 1)]
discovery--->=============================================================================
discovery--->==================================== discovery ====================================
discovery---> cls: [(5, 4), (5, 2), (5, 1), (4, 3), (6, 3), (6, 2), (3, 2), (2, 1)]
discovery--->=============================================================================
discovery--->==================================== discovery ====================================
discovery---> cls: [(5, 4), (5, 2), (5, 1), (4, 3), (6, 3), (6, 2), (3, 2), (2, 1)]
discovery--->=============================================================================
discovery--->==================================== discovery ====================================
discovery---> cls: [(5, 4), (5, 2), (5, 1), (4, 3), (6, 3), (6, 2), (3, 2), (2, 1)]
discovery--->=============================================================================
discovery--->==================================== discovery ====================================
discovery---> cls: [(5, 4), (5, 2), (5, 1), (4, 3), (6, 3), (6, 2), (3, 2), (2, 1)]
discovery--->=============================================================================
discovery--->==================================== discovery ====================================
discovery---> cls: [(5, 4), (5, 2), (5, 1), (4, 3), (6, 3), (6, 2), (3, 2), (2, 1)]
discovery--->=============================================================================
discovery--->==================================== discovery ====================================
discovery---> cls: [(5, 4), (5, 2), (5, 1), (4, 3), (6, 3), (6, 2), (3, 2), (2, 1)]
discovery--->=============================================================================
discovery--->==================================== discovery ====================================
discovery---> cls: [(5, 4), (5, 2), (5, 1), (4, 3), (6, 3), (6, 2), (3, 2), (2, 1)]
discovery--->=============================================================================
discovery--->==================================== discovery ====================================
discovery---> cls: [(5, 4), (5, 2), (5, 1), (4, 3), (6, 3), (6, 2), (3, 2), (2, 1)]
discovery--->=============================================================================
discovery--->==================================== discovery ====================================
discovery---> cls: [(5, 4), (5, 2), (5, 1), (4, 3), (6, 3), (6, 2), (3, 2), (2, 1)]
discovery--->=============================================================================
discovery--->==================================== discovery ====================================
discovery---> cls: [(5, 4), (5, 2), (5, 1), (4, 3), (6, 3), (6, 2), (3, 2), (2, 1)]
discovery--->=============================================================================
discovery--->==================================== discovery ====================================
discovery---> cls: [(5, 4), (5, 2), (5, 1), (4, 3), (6, 3), (6, 2), (3, 2), (2, 1)]
discovery--->=============================================================================
discovery--->==================================== discovery ====================================
discovery---> cls: [(5, 4), (5, 2), (5, 1), (4, 3), (6, 3), (6, 2), (3, 2), (2, 1)]
discovery--->=============================================================================
discovery--->==================================== discovery ====================================
discovery---> cls: [(5, 4), (5, 2), (5, 1), (4, 3), (6, 3), (6, 2), (3, 2), (2, 1)]
discovery--->=============================================================================
discovery--->==================================== discovery ====================================
discovery---> cls: [(5, 4), (5, 2), (5, 1), (4, 3), (6, 3), (6, 2), (3, 2), (2, 1)]
discovery--->=============================================================================
discovery--->==================================== discovery ====================================
discovery---> cls: [(5, 4), (5, 2), (5, 1), (4, 3), (6, 3), (6, 2), (3, 2), (2, 1)]
discovery--->=============================================================================
discovery--->==================================== discovery ====================================
discovery---> cls: [(5, 4), (5, 2), (5, 1), (4, 3), (6, 3), (6, 2), (3, 2), (2, 1)]
discovery--->=============================================================================
discovery--->==================================== discovery ====================================
discovery---> cls: [(5, 4), (5, 2), (5, 1), (4, 3), (6, 3), (6, 2), (3, 2), (2, 1)]
discovery--->=============================================================================
discovery--->==================================== discovery ====================================
discovery---> cls: [(5, 4), (5, 2), (5, 1), (4, 3), (6, 3), (6, 2), (3, 2), (2, 1)]
discovery--->=============================================================================
discovery--->==================================== discovery ====================================
discovery---> cls: [(5, 4), (5, 2), (5, 1), (4, 3), (6, 3), (6, 2), (3, 2), (2, 1)]
discovery--->=============================================================================
discovery--->==================================== discovery ====================================
discovery---> cls: [(5, 4), (5, 2), (5, 1), (4, 3), (6, 3), (6, 2), (3, 2), (2, 1)]
discovery--->=============================================================================
discovery--->==================================== discovery ====================================
discovery---> cls: [(5, 4), (5, 2), (5, 1), (4, 3), (6, 3), (6, 2), (3, 2), (2, 1)]
discovery--->=============================================================================
discovery--->==================================== discovery ====================================
discovery---> cls: [(5, 4), (5, 2), (5, 1), (4, 3), (6, 3), (6, 2), (3, 2), (2, 1)]
discovery--->=============================================================================
discovery--->==================================== discovery ====================================
discovery---> cls: [(5, 4), (5, 2), (5, 1), (4, 3), (6, 3), (6, 2), (3, 2), (2, 1)]
discovery--->=============================================================================
discovery--->==================================== discovery ====================================
discovery---> cls: [(5, 4), (5, 2), (5, 1), (4, 3), (6, 3), (6, 2), (3, 2), (2, 1)]
discovery--->=============================================================================
discovery--->==================================== discovery ====================================
discovery---> cls: [(5, 4), (5, 2), (5, 1), (4, 3), (6, 3), (6, 2), (3, 2), (2, 1)]
discovery--->=============================================================================
discovery--->==================================== discovery ====================================
discovery---> cls: [(5, 4), (5, 2), (5, 1), (4, 3), (6, 3), (6, 2), (3, 2), (2, 1)]
discovery--->=============================================================================
discovery--->==================================== discovery ====================================
discovery---> cls: [(5, 4), (5, 2), (5, 1), (4, 3), (6, 3), (6, 2), (3, 2), (2, 1)]
discovery--->=============================================================================
discovery--->==================================== discovery ====================================
discovery---> cls: [(5, 4), (5, 2), (5, 1), (4, 3), (6, 3), (6, 2), (3, 2), (2, 1)]
discovery--->=============================================================================
discovery--->==================================== discovery ====================================
discovery---> cls: [(5, 4), (5, 2), (5, 1), (4, 3), (6, 3), (6, 2), (3, 2), (2, 1)]
discovery--->=============================================================================
discovery--->==================================== discovery ====================================
discovery---> cls: [(5, 4), (5, 2), (5, 1), (4, 3), (6, 3), (6, 2), (3, 2), (2, 1)]
discovery--->=============================================================================
discovery--->==================================== discovery ====================================
discovery---> cls: [(5, 4), (5, 2), (5, 1), (4, 3), (6, 3), (6, 2), (3, 2), (2, 1)]
discovery--->=============================================================================
discovery--->==================================== discovery ====================================
discovery---> cls: [(5, 4), (5, 2), (5, 1), (4, 3), (6, 3), (6, 2), (3, 2), (2, 1)]
discovery--->=============================================================================
discovery--->==================================== discovery ====================================
discovery---> cls: [(5, 4), (5, 2), (5, 1), (4, 3), (6, 3), (6, 2), (3, 2), (2, 1)]
discovery--->=============================================================================
discovery--->==================================== discovery ====================================
discovery---> cls: [(5, 4), (5, 2), (5, 1), (4, 3), (6, 3), (6, 2), (3, 2), (2, 1)]
discovery--->=============================================================================
discovery--->==================================== discovery ====================================
discovery---> cls: [(5, 4), (5, 2), (5, 1), (4, 3), (6, 3), (6, 2), (3, 2), (2, 1)]
discovery--->=============================================================================
discovery--->==================================== discovery ====================================
discovery---> cls: [(5, 4), (5, 2), (5, 1), (4, 3), (6, 3), (6, 2), (3, 2), (2, 1)]
discovery--->=============================================================================
discovery--->==================================== discovery ====================================
discovery---> cls: [(5, 4), (5, 2), (5, 1), (4, 3), (6, 3), (6, 2), (3, 2), (2, 1)]
discovery--->=============================================================================
discovery--->==================================== discovery ====================================
discovery---> cls: [(5, 4), (5, 2), (5, 1), (4, 3), (6, 3), (6, 2), (3, 2), (2, 1)]
discovery--->=============================================================================
discovery--->==================================== discovery ====================================
discovery---> cls: [(5, 4), (5, 2), (5, 1), (4, 3), (6, 3), (6, 2), (3, 2), (2, 1)]
discovery--->=============================================================================
discovery--->==================================== discovery ====================================
discovery---> cls: [(5, 4), (5, 2), (5, 1), (4, 3), (6, 3), (6, 2), (3, 2), (2, 1)]
discovery--->=============================================================================
discovery--->==================================== discovery ====================================
discovery---> cls: [(5, 4), (5, 2), (5, 1), (4, 3), (6, 3), (6, 2), (3, 2), (2, 1)]
discovery--->=============================================================================
