loading app network_structure.py
loading app network_monitor.py
loading app network_delay.py
loading app network_shortest_path.py
loading app arp_handler.py
loading app ryu.controller.ofp_handler
instantiating app None of Switches
creating context switches
instantiating app network_structure.py of NetworkStructure
instantiating app network_monitor.py of NetworkMonitor
instantiating app network_delay.py of NetworkDelay
instantiating app network_shortest_path.py of NetworkShortestPath
instantiating app arp_handler.py of ArpHandler
instantiating app ryu.controller.ofp_handler of OFPHandler
discovery---> switch: 4 connected
discovery---> switch: 2 connected
discovery---> switch: 1 connected
discovery---> switch: 3 connected
discovery---> switch: 5 connected
monitor---->register datapath: 0000000000000004
monitor---->register datapath: 0000000000000003
monitor---->register datapath: 0000000000000002
monitor---->register datapath: 0000000000000001
monitor---->register datapath: 0000000000000005
==================================== link detector ====================================

----------------------------
src    dst :    delay
1 <---> 4 : 3.461122512817383
1 <---> 3 : 3.9167404174804688
1 <---> 2 : 3.63922119140625
4 <---> 5 : 3.584623336791992
4 <---> 1 : 3.5457611083984375
2 <---> 5 : 3.450155258178711
2 <---> 1 : 3.427743911743164
3 <---> 5 : 3.548145294189453
3 <---> 1 : 3.744840621948242
5 <---> 4 : 3.614187240600586
5 <---> 3 : 3.592252731323242
5 <---> 2 : 3.6242008209228516
discovery--->==================================== discovery ====================================
discovery---> cls: [(1, 4), (1, 2), (1, 3), (4, 5), (5, 2), (5, 3)]
discovery--->==============================
datapath         port     rx-pkts  rx-bytes rx-error tx-pkts  tx-bytes tx-error
---------------- -------- -------- -------- -------- -------- -------- --------
0000000000000001        1        5      300        0        6      360        0
0000000000000001        2        6      360        0        5      300        0
0000000000000001        3        6      360        0        5      300        0
0000000000000001        4        9      746        0        5      300        0
0000000000000001        5       10      832        0        5      300        0
0000000000000001        6        9      746        0        5      300        0
datapath         in-port  eth-dst           out-port packets  bytes
---------------- -------- ----------------- -------- -------- --------
datapath         port     rx-pkts  rx-bytes rx-error tx-pkts  tx-bytes tx-error
---------------- -------- -------- -------- -------- -------- -------- --------
0000000000000004        1        5      300        0        6      360        0
0000000000000004        2        6      360        0        6      360        0
datapath         in-port  eth-dst           out-port packets  bytes
---------------- -------- ----------------- -------- -------- --------
datapath         port     rx-pkts  rx-bytes rx-error tx-pkts  tx-bytes tx-error
---------------- -------- -------- -------- -------- -------- -------- --------
0000000000000005        1        5      300        0        6      360        0
0000000000000005        2        5      300        0        6      360        0
0000000000000005        3        6      360        0        6      360        0
0000000000000005        4        9      746        0        5      300        0
datapath         in-port  eth-dst           out-port packets  bytes
---------------- -------- ----------------- -------- -------- --------
datapath         port     rx-pkts  rx-bytes rx-error tx-pkts  tx-bytes tx-error
---------------- -------- -------- -------- -------- -------- -------- --------
0000000000000003        1        5      300        0        6      360        0
0000000000000003        2        6      360        0        5      300        0
datapath         in-port  eth-dst           out-port packets  bytes
---------------- -------- ----------------- -------- -------- --------
datapath         port     rx-pkts  rx-bytes rx-error tx-pkts  tx-bytes tx-error
---------------- -------- -------- -------- -------- -------- -------- --------
0000000000000002        1        6      360        0        5      300        0
0000000000000002        2        6      360        0        5      300        0
datapath         in-port  eth-dst           out-port packets  bytes
---------------- -------- ----------------- -------- -------- --------
==================================== link detector ====================================

----------------------------
src    dst :    delay
1 <---> 4 : 3.576517105102539
1 <---> 3 : 3.367900848388672
1 <---> 2 : 3.6034584045410156
4 <---> 5 : 3.6814212799072266
4 <---> 1 : 3.985166549682617
2 <---> 5 : 4.3239593505859375
2 <---> 1 : 3.83758544921875
3 <---> 5 : 3.609180450439453
3 <---> 1 : 3.7157535552978516
5 <---> 4 : 3.509998321533203
5 <---> 3 : 4.221200942993164
5 <---> 2 : 4.021167755126953
shortest=====>[PATH] [10.0.0.1 <----> 10.0.0.2]: [1]
shortest=====>[PATH] [10.0.0.1 <----> 10.0.0.3]: [1]
network_shorest_path: Exception occurred during handler processing. Backtrace from offending handler [_packet_in_handler] servicing event [EventOFPPacketIn] follows.
Traceback (most recent call last):
  File "/usr/local/lib/python3.6/dist-packages/ryu/base/app_manager.py", line 290, in _event_loop
    handler(ev)
  File "/home/terry/LJQ/LJQ_CORE_CODE/LJQ_Project/Task/ryu/network_shortest_path.py", line 101, in _packet_in_handler
    self.calculate_shortest_paths(msg, eth_type, ipv4_pkt.src, ipv4_pkt.dst)
  File "/home/terry/LJQ/LJQ_CORE_CODE/LJQ_Project/Task/ryu/network_shortest_path.py", line 115, in calculate_shortest_paths
    path = self.calculate_path(src_switch, dst_switch)
  File "/home/terry/LJQ/LJQ_CORE_CODE/LJQ_Project/Task/ryu/network_shortest_path.py", line 159, in calculate_path
    self.network_structure.calculate_shortest_paths(src_dpid, dst_dpid, self.network_structure.calculate_weight)
  File "/home/terry/LJQ/LJQ_CORE_CODE/LJQ_Project/Task/ryu/network_structure.py", line 225, in calculate_shortest_paths
    weight=weight, method=setting.METHOD)
  File "/home/terry/.local/lib/python3.6/site-packages/networkx/algorithms/shortest_paths/generic.py", line 162, in shortest_path
    paths = nx.dijkstra_path(G, source, target, weight)
  File "/home/terry/.local/lib/python3.6/site-packages/networkx/algorithms/shortest_paths/weighted.py", line 157, in dijkstra_path
    (length, path) = single_source_dijkstra(G, source, target=target, weight=weight)
  File "/home/terry/.local/lib/python3.6/site-packages/networkx/algorithms/shortest_paths/weighted.py", line 465, in single_source_dijkstra
    G, {source}, cutoff=cutoff, target=target, weight=weight
  File "/home/terry/.local/lib/python3.6/site-packages/networkx/algorithms/shortest_paths/weighted.py", line 723, in multi_source_dijkstra
    G, sources, weight, paths=paths, cutoff=cutoff, target=target
  File "/home/terry/.local/lib/python3.6/site-packages/networkx/algorithms/shortest_paths/weighted.py", line 831, in _dijkstra_multisource
    raise ValueError("Contradictory paths found:", "negative weights?")
ValueError: ('Contradictory paths found:', 'negative weights?')
==================================== link detector ====================================

----------------------------
src    dst :    delay
1 <---> 4 : 3.8597583770751953
1 <---> 3 : 3.6978721618652344
1 <---> 2 : 3.6950111389160156
4 <---> 5 : 3.9980411529541016
4 <---> 1 : 3.6325454711914062
2 <---> 5 : 3.828287124633789
2 <---> 1 : 6.899118423461914
3 <---> 5 : 11.412858963012695
3 <---> 1 : 3.895282745361328
5 <---> 4 : 4.109859466552734
5 <---> 3 : 3.551959991455078
5 <---> 2 : 4.055261611938477
discovery--->==================================== discovery ====================================
discovery---> cls: [(1, 4), (1, 2), (1, 3), (4, 5), (5, 2), (5, 3)]
discovery--->==============================
datapath         port     rx-pkts  rx-bytes rx-error tx-pkts  tx-bytes tx-error
---------------- -------- -------- -------- -------- -------- -------- --------
0000000000000001        1       17      966        0       14      786        0
0000000000000001        2       17      966        0       14      786        0
0000000000000001        3       17      966        0       14      786        0
0000000000000001        4       15     1166        0       28     1702        0
0000000000000001        5       12      972        0       13      800        0
0000000000000001        6       11      886        0       14      842        0
datapath         in-port  eth-dst           out-port packets  bytes
---------------- -------- ----------------- -------- -------- --------
0000000000000001        4          10.0.0.2        5        0        0
0000000000000001        4          10.0.0.3        6        0        0
0000000000000001        5          10.0.0.1        4        1       98
0000000000000001        6          10.0.0.1        4        1       98
datapath         port     rx-pkts  rx-bytes rx-error tx-pkts  tx-bytes tx-error
---------------- -------- -------- -------- -------- -------- -------- --------
0000000000000004        1       14      786        0       17      966        0
0000000000000004        2       17      966        0       14      786        0
datapath         in-port  eth-dst           out-port packets  bytes
---------------- -------- ----------------- -------- -------- --------
datapath         port     rx-pkts  rx-bytes rx-error tx-pkts  tx-bytes tx-error
---------------- -------- -------- -------- -------- -------- -------- --------
0000000000000003        1       14      786        0       17      966        0
0000000000000003        2       14      786        0       14      786        0
datapath         in-port  eth-dst           out-port packets  bytes
---------------- -------- ----------------- -------- -------- --------
datapath         port     rx-pkts  rx-bytes rx-error tx-pkts  tx-bytes tx-error
---------------- -------- -------- -------- -------- -------- -------- --------
0000000000000002        1       14      786        0       17      966        0
0000000000000002        2       14      786        0       14      786        0
datapath         in-port  eth-dst           out-port packets  bytes
---------------- -------- ----------------- -------- -------- --------
datapath         port     rx-pkts  rx-bytes rx-error tx-pkts  tx-bytes tx-error
---------------- -------- -------- -------- -------- -------- -------- --------
0000000000000005        1       14      786        0       14      786        0
0000000000000005        2       14      786        0       14      786        0
0000000000000005        3       14      786        0       17      966        0
0000000000000005        4       10      788        0       14      786        0
datapath         in-port  eth-dst           out-port packets  bytes
---------------- -------- ----------------- -------- -------- --------
==================================== link detector ====================================

----------------------------
src    dst :    delay
1 <---> 4 : 3.487110137939453
1 <---> 3 : 3.6313533782958984
1 <---> 2 : 3.642559051513672
4 <---> 5 : 3.5486221313476562
4 <---> 1 : 3.580808639526367
2 <---> 5 : 3.628969192504883
2 <---> 1 : 3.9870738983154297
3 <---> 5 : 3.823518753051758
3 <---> 1 : 3.7331581115722656
5 <---> 4 : 4.213571548461914
5 <---> 3 : 3.6134719848632812
5 <---> 2 : 3.5283565521240234
discovery--->==================================== discovery ====================================
discovery---> cls: [(1, 4), (1, 2), (1, 3), (4, 5), (5, 2), (5, 3)]
discovery--->==============================
datapath         port     rx-pkts  rx-bytes rx-error tx-pkts  tx-bytes tx-error
---------------- -------- -------- -------- -------- -------- -------- --------
0000000000000004        1       20     1146        0       23     1326        0
0000000000000004        2       23     1326        0       20     1146        0
datapath         in-port  eth-dst           out-port packets  bytes
---------------- -------- ----------------- -------- -------- --------
datapath         port     rx-pkts  rx-bytes rx-error tx-pkts  tx-bytes tx-error
---------------- -------- -------- -------- -------- -------- -------- --------
0000000000000001        1       22     1266        0       20     1146        0
0000000000000001        2       23     1326        0       20     1146        0
0000000000000001        3       23     1326        0       20     1146        0
0000000000000001        4       15     1166        0       33     2002        0
0000000000000001        5       13     1014        0       19     1160        0
0000000000000001        6       12      928        0       20     1202        0
datapath         in-port  eth-dst           out-port packets  bytes
---------------- -------- ----------------- -------- -------- --------
0000000000000001        4          10.0.0.2        5        0        0
0000000000000001        4          10.0.0.3        6        0        0
0000000000000001        5          10.0.0.1        4        1       98
0000000000000001        6          10.0.0.1        4        1       98
datapath         port     rx-pkts  rx-bytes rx-error tx-pkts  tx-bytes tx-error
---------------- -------- -------- -------- -------- -------- -------- --------
0000000000000003        1       20     1146        0       23     1326        0
0000000000000003        2       20     1146        0       19     1086        0
datapath         in-port  eth-dst           out-port packets  bytes
---------------- -------- ----------------- -------- -------- --------
datapath         port     rx-pkts  rx-bytes rx-error tx-pkts  tx-bytes tx-error
---------------- -------- -------- -------- -------- -------- -------- --------
0000000000000002        1       20     1146        0       22     1266        0
0000000000000002        2       20     1146        0       19     1086        0
datapath         in-port  eth-dst           out-port packets  bytes
---------------- -------- ----------------- -------- -------- --------
datapath         port     rx-pkts  rx-bytes rx-error tx-pkts  tx-bytes tx-error
---------------- -------- -------- -------- -------- -------- -------- --------
0000000000000005        1       19     1086        0       20     1146        0
0000000000000005        2       19     1086        0       20     1146        0
0000000000000005        3       20     1146        0       23     1326        0
0000000000000005        4       10      788        0       19     1086        0
datapath         in-port  eth-dst           out-port packets  bytes
---------------- -------- ----------------- -------- -------- --------
==================================== link detector ====================================

----------------------------
src    dst :    delay
1 <---> 4 : 3.7729740142822266
1 <---> 3 : 3.6101341247558594
1 <---> 2 : 3.8614273071289062
4 <---> 5 : 4.058837890625
4 <---> 1 : 3.547191619873047
2 <---> 5 : 4.35948371887207
2 <---> 1 : 3.8428306579589844
3 <---> 5 : 3.603696823120117
3 <---> 1 : 4.050254821777344
5 <---> 4 : 3.579854965209961
5 <---> 3 : 3.5512447357177734
5 <---> 2 : 3.7822723388671875
shortest=====>[PATH] [10.0.0.2 <----> 10.0.0.3]: [1]
shortest=====>[PATH] [10.0.0.2 <----> 10.0.0.4]: [1, 2, 5]
shortest=====>[PATH] [10.0.0.3 <----> 10.0.0.4]: [1, 2, 5]
shortest=====>[PATH] [10.0.0.4 <----> 10.0.0.1]: [5, 2, 1]
==================================== link detector ====================================

----------------------------
src    dst :    delay
1 <---> 4 : 3.6172866821289062
1 <---> 3 : 3.5893917083740234
1 <---> 2 : 4.029512405395508
4 <---> 5 : 3.5271644592285156
4 <---> 1 : 3.5789012908935547
2 <---> 5 : 3.5326480865478516
2 <---> 1 : 3.5974979400634766
3 <---> 5 : 3.6840438842773438
3 <---> 1 : 2.2733211517333984
5 <---> 4 : 3.554821014404297
5 <---> 3 : 3.6513805389404297
5 <---> 2 : 3.984212875366211
datapath         port     rx-pkts  rx-bytes rx-error tx-pkts  tx-bytes tx-error
---------------- -------- -------- -------- -------- -------- -------- --------
0000000000000001        1       33     2116        0       31     1996        0
0000000000000001        2       29     1686        0       25     1446        0
0000000000000001        3       28     1626        0       25     1446        0
0000000000000001        4       19     1530        0       42     2656        0
0000000000000001        5       21     1658        0       32     2130        0
0000000000000001        6       19     1502        0       33     2172        0
datapath         in-port  eth-dst           out-port packets  bytes
---------------- -------- ----------------- -------- -------- --------
0000000000000001        1          10.0.0.1        4        1       98
0000000000000001        1          10.0.0.2        5        2      196
0000000000000001        1          10.0.0.3        6        2      196
0000000000000001        4          10.0.0.2        5        1       98
0000000000000001        4          10.0.0.3        6        1       98
0000000000000001        4          10.0.0.4        1        1       98
0000000000000001        5          10.0.0.1        4        2      196
0000000000000001        5          10.0.0.3        6        1       98
0000000000000001        5          10.0.0.4        1        1       98
0000000000000001        6          10.0.0.1        4        2      196
0000000000000001        6          10.0.0.2        5        2      196
0000000000000001        6          10.0.0.4        1        1       98
datapath         port     rx-pkts  rx-bytes rx-error tx-pkts  tx-bytes tx-error
---------------- -------- -------- -------- -------- -------- -------- --------
0000000000000004        1       25     1446        0       28     1626        0
0000000000000004        2       28     1626        0       25     1446        0
datapath         in-port  eth-dst           out-port packets  bytes
---------------- -------- ----------------- -------- -------- --------
datapath         port     rx-pkts  rx-bytes rx-error tx-pkts  tx-bytes tx-error
---------------- -------- -------- -------- -------- -------- -------- --------
0000000000000002        1       31     1996        0       33     2116        0
0000000000000002        2       30     1936        0       30     1936        0
datapath         in-port  eth-dst           out-port packets  bytes
---------------- -------- ----------------- -------- -------- --------
0000000000000002        1          10.0.0.4        2        2      196
0000000000000002        1          10.0.0.4        2        2      196
0000000000000002        1          10.0.0.4        2        1       98
0000000000000002        2          10.0.0.1        1        1       98
0000000000000002        2          10.0.0.2        1        2      196
0000000000000002        2          10.0.0.3        1        2      196
datapath         port     rx-pkts  rx-bytes rx-error tx-pkts  tx-bytes tx-error
---------------- -------- -------- -------- -------- -------- -------- --------
0000000000000003        1       25     1446        0       29     1686        0
0000000000000003        2       25     1446        0       25     1446        0
datapath         in-port  eth-dst           out-port packets  bytes
---------------- -------- ----------------- -------- -------- --------
datapath         port     rx-pkts  rx-bytes rx-error tx-pkts  tx-bytes tx-error
---------------- -------- -------- -------- -------- -------- -------- --------
0000000000000005        1       30     1936        0       30     1936        0
0000000000000005        2       25     1446        0       25     1446        0
0000000000000005        3       25     1446        0       28     1626        0
0000000000000005        4       17     1362        0       32     2056        0
datapath         in-port  eth-dst           out-port packets  bytes
---------------- -------- ----------------- -------- -------- --------
0000000000000005        1          10.0.0.4        4        2      196
0000000000000005        1          10.0.0.4        4        2      196
0000000000000005        1          10.0.0.4        4        1       98
0000000000000005        4          10.0.0.1        1        0        0
0000000000000005        4          10.0.0.2        1        2      196
0000000000000005        4          10.0.0.3        1        2      196
discovery--->==================================== discovery ====================================
discovery---> cls: [(1, 4), (1, 2), (1, 3), (4, 5), (5, 2), (5, 3)]
discovery--->==============================
==================================== link detector ====================================

----------------------------
src    dst :    delay
1 <---> 4 : 3.5521984100341797
1 <---> 3 : 3.479480743408203
1 <---> 2 : 3.482818603515625
4 <---> 5 : 3.658294677734375
4 <---> 1 : 3.950834274291992
2 <---> 5 : 4.0950775146484375
2 <---> 1 : 3.5545825958251953
3 <---> 5 : 3.6039352416992188
3 <---> 1 : 3.5810470581054688
5 <---> 4 : 4.035472869873047
5 <---> 3 : 3.7348270416259766
5 <---> 2 : 3.5386085510253906
datapath         port     rx-pkts  rx-bytes rx-error tx-pkts  tx-bytes tx-error
---------------- -------- -------- -------- -------- -------- -------- --------
0000000000000004        1       31     1806        0       34     1986        0
0000000000000004        2       34     1986        0       31     1806        0
datapath         in-port  eth-dst           out-port packets  bytes
---------------- -------- ----------------- -------- -------- --------
datapath         port     rx-pkts  rx-bytes rx-error tx-pkts  tx-bytes tx-error
---------------- -------- -------- -------- -------- -------- -------- --------
0000000000000001        1       38     2416        0       36     2296        0
0000000000000001        2       34     1986        0       31     1806        0
0000000000000001        3       34     1986        0       31     1806        0
0000000000000001        4       19     1530        0       47     2956        0
0000000000000001        5       21     1658        0       38     2490        0
0000000000000001        6       20     1572        0       39     2532        0
datapath         in-port  eth-dst           out-port packets  bytes
---------------- -------- ----------------- -------- -------- --------
0000000000000001        1          10.0.0.1        4        1       98
0000000000000001        1          10.0.0.2        5        2      196
0000000000000001        1          10.0.0.3        6        2      196
0000000000000001        4          10.0.0.2        5        1       98
0000000000000001        4          10.0.0.3        6        1       98
0000000000000001        4          10.0.0.4        1        1       98
0000000000000001        5          10.0.0.1        4        2      196
0000000000000001        5          10.0.0.3        6        1       98
0000000000000001        5          10.0.0.4        1        1       98
0000000000000001        6          10.0.0.1        4        2      196
0000000000000001        6          10.0.0.2        5        2      196
0000000000000001        6          10.0.0.4        1        1       98
discovery--->==================================== discovery ====================================
discovery---> cls: [(1, 4), (1, 2), (1, 3), (4, 5), (5, 2), (5, 3)]
discovery--->==============================
datapath         port     rx-pkts  rx-bytes rx-error tx-pkts  tx-bytes tx-error
---------------- -------- -------- -------- -------- -------- -------- --------
0000000000000003        1       31     1806        0       34     1986        0
0000000000000003        2       31     1806        0       30     1746        0
datapath         in-port  eth-dst           out-port packets  bytes
---------------- -------- ----------------- -------- -------- --------
datapath         port     rx-pkts  rx-bytes rx-error tx-pkts  tx-bytes tx-error
---------------- -------- -------- -------- -------- -------- -------- --------
0000000000000005        1       35     2236        0       36     2296        0
0000000000000005        2       30     1746        0       31     1806        0
0000000000000005        3       31     1806        0       34     1986        0
0000000000000005        4       19     1474        0       38     2416        0
datapath         in-port  eth-dst           out-port packets  bytes
---------------- -------- ----------------- -------- -------- --------
0000000000000005        1          10.0.0.4        4        2      196
0000000000000005        1          10.0.0.4        4        2      196
0000000000000005        1          10.0.0.4        4        1       98
0000000000000005        4          10.0.0.1        1        0        0
0000000000000005        4          10.0.0.2        1        2      196
0000000000000005        4          10.0.0.3        1        2      196
datapath         port     rx-pkts  rx-bytes rx-error tx-pkts  tx-bytes tx-error
---------------- -------- -------- -------- -------- -------- -------- --------
0000000000000002        1       36     2296        0       38     2416        0
0000000000000002        2       36     2296        0       35     2236        0
datapath         in-port  eth-dst           out-port packets  bytes
---------------- -------- ----------------- -------- -------- --------
0000000000000002        1          10.0.0.4        2        2      196
0000000000000002        1          10.0.0.4        2        2      196
0000000000000002        1          10.0.0.4        2        1       98
0000000000000002        2          10.0.0.1        1        1       98
0000000000000002        2          10.0.0.2        1        2      196
0000000000000002        2          10.0.0.3        1        2      196
==================================== link detector ====================================

----------------------------
src    dst :    delay
1 <---> 4 : 3.474712371826172
1 <---> 3 : 3.5588741302490234
1 <---> 2 : 3.520488739013672
4 <---> 5 : 3.5092830657958984
4 <---> 1 : 3.558635711669922
2 <---> 5 : 3.724336624145508
2 <---> 1 : 3.5796165466308594
3 <---> 5 : 3.5822391510009766
3 <---> 1 : 3.580808639526367
5 <---> 4 : 3.5610198974609375
5 <---> 3 : 3.535747528076172
5 <---> 2 : 3.5371780395507812
==================================== link detector ====================================

----------------------------
src    dst :    delay
1 <---> 4 : 3.441333770751953
1 <---> 3 : 3.777027130126953
1 <---> 2 : 3.8874149322509766
4 <---> 5 : 4.261970520019531
4 <---> 1 : 3.6487579345703125
2 <---> 5 : 3.4759044647216797
2 <---> 1 : 3.5872459411621094
3 <---> 5 : 3.5004615783691406
3 <---> 1 : 3.4949779510498047
5 <---> 4 : 4.200935363769531
5 <---> 3 : 3.5943984985351562
5 <---> 2 : 3.948688507080078
datapath         port     rx-pkts  rx-bytes rx-error tx-pkts  tx-bytes tx-error
---------------- -------- -------- -------- -------- -------- -------- --------
0000000000000004        1       36     2106        0       39     2286        0
0000000000000004        2       40     2346        0       36     2106        0
datapath         in-port  eth-dst           out-port packets  bytes
---------------- -------- ----------------- -------- -------- --------
datapath         port     rx-pkts  rx-bytes rx-error tx-pkts  tx-bytes tx-error
---------------- -------- -------- -------- -------- -------- -------- --------
0000000000000001        1       50     3364        0       48     3244        0
0000000000000001        2       40     2346        0       36     2106        0
0000000000000001        3       39     2286        0       36     2106        0
0000000000000001        4       25     2118        0       59     3904        0
0000000000000001        5       27     2246        0       49     3378        0
0000000000000001        6       26     2160        0       50     3420        0
datapath         in-port  eth-dst           out-port packets  bytes
---------------- -------- ----------------- -------- -------- --------
0000000000000001        1          10.0.0.1        4        3      294
0000000000000001        1          10.0.0.2        5        4      392
0000000000000001        1          10.0.0.3        6        4      392
0000000000000001        4          10.0.0.2        5        3      294
0000000000000001        4          10.0.0.3        6        3      294
0000000000000001        4          10.0.0.4        1        3      294
0000000000000001        5          10.0.0.1        4        4      392
0000000000000001        5          10.0.0.3        6        3      294
0000000000000001        5          10.0.0.4        1        3      294
0000000000000001        6          10.0.0.1        4        4      392
0000000000000001        6          10.0.0.2        5        4      392
0000000000000001        6          10.0.0.4        1        3      294
datapath         port     rx-pkts  rx-bytes rx-error tx-pkts  tx-bytes tx-error
---------------- -------- -------- -------- -------- -------- -------- --------
0000000000000005        1       47     3184        0       48     3244        0
0000000000000005        2       36     2106        0       36     2106        0
0000000000000005        3       36     2106        0       40     2346        0
0000000000000005        4       25     2062        0       50     3364        0
datapath         in-port  eth-dst           out-port packets  bytes
---------------- -------- ----------------- -------- -------- --------
0000000000000005        1          10.0.0.4        4        4      392
0000000000000005        1          10.0.0.4        4        4      392
0000000000000005        1          10.0.0.4        4        3      294
0000000000000005        4          10.0.0.1        1        2      196
0000000000000005        4          10.0.0.2        1        4      392
0000000000000005        4          10.0.0.3        1        4      392
datapath         port     rx-pkts  rx-bytes rx-error tx-pkts  tx-bytes tx-error
---------------- -------- -------- -------- -------- -------- -------- --------
0000000000000002        1       48     3244        0       50     3364        0
0000000000000002        2       48     3244        0       47     3184        0
datapath         in-port  eth-dst           out-port packets  bytes
---------------- -------- ----------------- -------- -------- --------
0000000000000002        1          10.0.0.4        2        4      392
0000000000000002        1          10.0.0.4        2        4      392
0000000000000002        1          10.0.0.4        2        3      294
0000000000000002        2          10.0.0.1        1        3      294
0000000000000002        2          10.0.0.2        1        4      392
0000000000000002        2          10.0.0.3        1        4      392
datapath         port     rx-pkts  rx-bytes rx-error tx-pkts  tx-bytes tx-error
---------------- -------- -------- -------- -------- -------- -------- --------
0000000000000003        1       36     2106        0       40     2346        0
0000000000000003        2       36     2106        0       36     2106        0
datapath         in-port  eth-dst           out-port packets  bytes
---------------- -------- ----------------- -------- -------- --------
discovery--->==================================== discovery ====================================
discovery---> cls: [(1, 4), (1, 2), (1, 3), (4, 5), (5, 2), (5, 3)]
discovery--->==============================
==================================== link detector ====================================

----------------------------
src    dst :    delay
1 <---> 4 : 3.592252731323242
1 <---> 3 : 3.6268234252929688
1 <---> 2 : 5.022287368774414
4 <---> 5 : 3.637075424194336
4 <---> 1 : 3.6745071411132812
2 <---> 5 : 3.7789344787597656
2 <---> 1 : 3.615140914916992
3 <---> 5 : 3.6194324493408203
3 <---> 1 : 3.5505294799804688
5 <---> 4 : 3.481149673461914
5 <---> 3 : 3.7207603454589844
5 <---> 2 : 3.6468505859375
datapath         port     rx-pkts  rx-bytes rx-error tx-pkts  tx-bytes tx-error
---------------- -------- -------- -------- -------- -------- -------- --------
0000000000000001        1       55     3664        0       53     3544        0
0000000000000001        2       45     2646        0       42     2466        0
0000000000000001        3       45     2646        0       42     2466        0
0000000000000001        4       25     2118        0       65     4264        0
0000000000000001        5       27     2246        0       55     3738        0
0000000000000001        6       26     2160        0       56     3780        0
datapath         in-port  eth-dst           out-port packets  bytes
---------------- -------- ----------------- -------- -------- --------
0000000000000001        1          10.0.0.1        4        3      294
0000000000000001        1          10.0.0.2        5        4      392
0000000000000001        1          10.0.0.3        6        4      392
0000000000000001        4          10.0.0.2        5        3      294
0000000000000001        4          10.0.0.3        6        3      294
0000000000000001        4          10.0.0.4        1        3      294
0000000000000001        5          10.0.0.1        4        4      392
0000000000000001        5          10.0.0.3        6        3      294
0000000000000001        5          10.0.0.4        1        3      294
0000000000000001        6          10.0.0.1        4        4      392
0000000000000001        6          10.0.0.2        5        4      392
0000000000000001        6          10.0.0.4        1        3      294
datapath         port     rx-pkts  rx-bytes rx-error tx-pkts  tx-bytes tx-error
---------------- -------- -------- -------- -------- -------- -------- --------
0000000000000004        1       42     2466        0       45     2646        0
0000000000000004        2       45     2646        0       42     2466        0
datapath         in-port  eth-dst           out-port packets  bytes
---------------- -------- ----------------- -------- -------- --------
datapath         port     rx-pkts  rx-bytes rx-error tx-pkts  tx-bytes tx-error
---------------- -------- -------- -------- -------- -------- -------- --------
0000000000000005        1       53     3544        0       53     3544        0
0000000000000005        2       41     2406        0       42     2466        0
0000000000000005        3       42     2466        0       45     2646        0
0000000000000005        4       25     2062        0       55     3664        0
datapath         in-port  eth-dst           out-port packets  bytes
---------------- -------- ----------------- -------- -------- --------
0000000000000005        1          10.0.0.4        4        4      392
0000000000000005        1          10.0.0.4        4        4      392
0000000000000005        1          10.0.0.4        4        3      294
0000000000000005        4          10.0.0.1        1        2      196
0000000000000005        4          10.0.0.2        1        4      392
0000000000000005        4          10.0.0.3        1        4      392
datapath         port     rx-pkts  rx-bytes rx-error tx-pkts  tx-bytes tx-error
---------------- -------- -------- -------- -------- -------- -------- --------
0000000000000002        1       53     3544        0       55     3664        0
0000000000000002        2       53     3544        0       53     3544        0
datapath         in-port  eth-dst           out-port packets  bytes
---------------- -------- ----------------- -------- -------- --------
0000000000000002        1          10.0.0.4        2        4      392
0000000000000002        1          10.0.0.4        2        4      392
0000000000000002        1          10.0.0.4        2        3      294
0000000000000002        2          10.0.0.1        1        3      294
0000000000000002        2          10.0.0.2        1        4      392
0000000000000002        2          10.0.0.3        1        4      392
datapath         port     rx-pkts  rx-bytes rx-error tx-pkts  tx-bytes tx-error
---------------- -------- -------- -------- -------- -------- -------- --------
0000000000000003        1       42     2466        0       45     2646        0
0000000000000003        2       42     2466        0       41     2406        0
datapath         in-port  eth-dst           out-port packets  bytes
---------------- -------- ----------------- -------- -------- --------
discovery--->==================================== discovery ====================================
discovery---> cls: [(1, 4), (1, 2), (1, 3), (4, 5), (5, 2), (5, 3)]
discovery--->==============================
==================================== link detector ====================================

----------------------------
src    dst :    delay
1 <---> 4 : 2.238035202026367
1 <---> 3 : 3.631591796875
1 <---> 2 : 3.8840770721435547
4 <---> 5 : 3.780364990234375
4 <---> 1 : 3.9381980895996094
2 <---> 5 : 3.6821365356445312
2 <---> 1 : 2.253293991088867
3 <---> 5 : 3.927469253540039
3 <---> 1 : 4.171133041381836
5 <---> 4 : 3.633737564086914
5 <---> 3 : 4.103660583496094
5 <---> 2 : 3.774404525756836
==================================== link detector ====================================

----------------------------
src    dst :    delay
1 <---> 4 : 3.935575485229492
1 <---> 3 : 3.821134567260742
1 <---> 2 : 3.5910606384277344
4 <---> 5 : 3.943920135498047
4 <---> 1 : 3.546476364135742
2 <---> 5 : 3.795146942138672
2 <---> 1 : 3.4749507904052734
3 <---> 5 : 3.6268234252929688
3 <---> 1 : 3.4983158111572266
5 <---> 4 : 3.509521484375
5 <---> 3 : 3.8290023803710938
5 <---> 2 : 3.5858154296875
