loading app network_structure.py
Matplotlib created a temporary config/cache directory at /tmp/matplotlib-hs1lv_dd because the default path (/home/terry/.config/matplotlib) is not a writable directory; it is highly recommended to set the MPLCONFIGDIR environment variable to a writable directory, in particular to speed up the import of Matplotlib and to better support multiprocessing.
Generating new fontManager, this may take some time...
Failed to extract font properties from /usr/share/fonts/truetype/noto/NotoColorEmoji.ttf: In FT2Font: Can not load face.  Unknown file format.
loading app network_monitor.py
loading app network_delay.py
loading app network_shortest_path.py
loading app arp_handler.py
loading app ryu.controller.ofp_handler
instantiating app None of Switches
creating context switches
instantiating app network_structure.py of NetworkStructure
instantiating app network_monitor.py of NetworkMonitor
instantiating app network_delay.py of NetworkDelay
instantiating app network_shortest_path.py of NetworkShortestPath
instantiating app arp_handler.py of ArpHandler
instantiating app ryu.controller.ofp_handler of OFPHandler
discovery---> AccessPoint: 1152921504606846978 connected
discovery---> AccessPoint: 1152921504606846979 connected
discovery---> AccessPoint: 1152921504606846977 connected
monitor---->register datapath: 1000000000000001
monitor---->register datapath: 1000000000000002
monitor---->register datapath: 1000000000000003
==================================== link detector ====================================

----------------------------
src    dst :    delay
1152921504606846977 <---> 1152921504606846979 : 2.0182132720947266
1152921504606846977 <---> 1152921504606846978 : 1.8002986907958984
1152921504606846979 <---> 1152921504606846977 : 2.573728561401367
1152921504606846979 <---> 1152921504606846978 : 2.5238990783691406
1152921504606846978 <---> 1152921504606846979 : 2.644062042236328
1152921504606846978 <---> 1152921504606846977 : 1.8205642700195312
discovery--->==================================== discovery ====================================
discovery---> cls: [(1152921504606846977, 1152921504606846979), (1152921504606846977, 1152921504606846978), (1152921504606846979, 1152921504606846978)]
discovery--->==============================
datapath         port     rx-pkts  rx-bytes rx-error tx-pkts  tx-bytes tx-error
---------------- -------- -------- -------- -------- -------- -------- --------
1000000000000001        1        0        0        0 28099053 3136482951        0
1000000000000001        2 123527062 10877590276        0 223238206 21472681695        0
1000000000000001        3 223238205 21472681625        0 123527059 10877590002        0
datapath         in-port  eth-dst           out-port packets  bytes
---------------- -------- ----------------- -------- -------- --------
datapath         port     rx-pkts  rx-bytes rx-error tx-pkts  tx-bytes tx-error
---------------- -------- -------- -------- -------- -------- -------- --------
1000000000000003        1        0        0        0 28410717 3142089854        0
1000000000000003        2 123527059 10877590002        0 223238205 21472681625        0
1000000000000003        3 223238201 21472681271        0 123527065 10877590533        0
datapath         in-port  eth-dst           out-port packets  bytes
---------------- -------- ----------------- -------- -------- --------
datapath         port     rx-pkts  rx-bytes rx-error tx-pkts  tx-bytes tx-error
---------------- -------- -------- -------- -------- -------- -------- --------
1000000000000002        1        0        0        0 28014548 3134961257        0
1000000000000002        2 223238206 21472681695        0 123527062 10877590276        0
1000000000000002        3 123527065 10877590533        0 223238201 21472681271        0
datapath         in-port  eth-dst           out-port packets  bytes
---------------- -------- ----------------- -------- -------- --------
==================================== link detector ====================================

----------------------------
src    dst :    delay
1152921504606846977 <---> 1152921504606846979 : 2.6807785034179688
1152921504606846977 <---> 1152921504606846978 : 2.576589584350586
1152921504606846979 <---> 1152921504606846977 : 2.577066421508789
1152921504606846979 <---> 1152921504606846978 : 2.5589466094970703
1152921504606846978 <---> 1152921504606846979 : 1.6028881072998047
1152921504606846978 <---> 1152921504606846977 : 2.6340484619140625
==================================== link detector ====================================

----------------------------
src    dst :    delay
1152921504606846977 <---> 1152921504606846979 : 2.638101577758789
1152921504606846977 <---> 1152921504606846978 : 2.4352073669433594
1152921504606846979 <---> 1152921504606846977 : 2.615690231323242
1152921504606846979 <---> 1152921504606846978 : 2.246379852294922
1152921504606846978 <---> 1152921504606846979 : 2.6438236236572266
1152921504606846978 <---> 1152921504606846977 : 2.57110595703125
discovery--->==================================== discovery ====================================
discovery---> cls: [(1152921504606846977, 1152921504606846979), (1152921504606846977, 1152921504606846978), (1152921504606846979, 1152921504606846978)]
discovery--->==============================
hub: uncaught exception: Traceback (most recent call last):
  File "/usr/local/lib/python3.6/dist-packages/ryu/lib/hub.py", line 60, in _launch
    return func(*args, **kwargs)
  File "/home/terry/LJQ/Task/ryu/network_monitor.py", line 59, in scheduler
    self.create_bandwidth_graph()
  File "/home/terry/LJQ/Task/ryu/network_monitor.py", line 316, in create_bandwidth_graph
    capacity = self.network_structure.m_graph[src_dpid][dst_dpid]['bw']
  File "/home/terry/.local/lib/python3.6/site-packages/networkx/classes/cls.py", line 465, in __getitem__
    return self.adj[n]
  File "/home/terry/.local/lib/python3.6/site-packages/networkx/classes/coreviews.py", line 79, in __getitem__
    return AtlasView(self._atlas[name])
KeyError: 1152921504606846977

datapath         port     rx-pkts  rx-bytes rx-error tx-pkts  tx-bytes tx-error
---------------- -------- -------- -------- -------- -------- -------- --------
1000000000000001        1        0        0        0 28099058 3136483341        0
1000000000000001        2 123527067 10877590576        0 223238211 21472681995        0
1000000000000001        3 223238211 21472681985        0 123527064 10877590302        0
datapath         in-port  eth-dst           out-port packets  bytes
---------------- -------- ----------------- -------- -------- --------
datapath         port     rx-pkts  rx-bytes rx-error tx-pkts  tx-bytes tx-error
---------------- -------- -------- -------- -------- -------- -------- --------
1000000000000002        1        0        0        0 28014553 3134961647        0
1000000000000002        2 223238211 21472681995        0 123527067 10877590576        0
1000000000000002        3 123527070 10877590833        0 223238207 21472681631        0
datapath         in-port  eth-dst           out-port packets  bytes
---------------- -------- ----------------- -------- -------- --------
datapath         port     rx-pkts  rx-bytes rx-error tx-pkts  tx-bytes tx-error
---------------- -------- -------- -------- -------- -------- -------- --------
1000000000000003        1        0        0        0 28410722 3142090244        0
1000000000000003        2 123527064 10877590302        0 223238211 21472681985        0
1000000000000003        3 223238207 21472681631        0 123527070 10877590833        0
datapath         in-port  eth-dst           out-port packets  bytes
---------------- -------- ----------------- -------- -------- --------
==================================== link detector ====================================

----------------------------
src    dst :    delay
1152921504606846977 <---> 1152921504606846979 : 1.6603469848632812
1152921504606846977 <---> 1152921504606846978 : 2.869129180908203
1152921504606846979 <---> 1152921504606846977 : 1.7917156219482422
1152921504606846979 <---> 1152921504606846978 : 1.8088817596435547
1152921504606846978 <---> 1152921504606846979 : 2.3920536041259766
1152921504606846978 <---> 1152921504606846977 : 2.556324005126953
discovery--->==================================== discovery ====================================
discovery---> cls: [(1152921504606846977, 1152921504606846979), (1152921504606846977, 1152921504606846978), (1152921504606846979, 1152921504606846978)]
discovery--->==============================
==================================== link detector ====================================

----------------------------
src    dst :    delay
1152921504606846977 <---> 1152921504606846979 : 1.5087127685546875
1152921504606846977 <---> 1152921504606846978 : 2.78472900390625
1152921504606846979 <---> 1152921504606846977 : 1.0497570037841797
1152921504606846979 <---> 1152921504606846978 : 2.0046234130859375
1152921504606846978 <---> 1152921504606846979 : 2.5572776794433594
1152921504606846978 <---> 1152921504606846977 : 1.5685558319091797
==================================== link detector ====================================

----------------------------
src    dst :    delay
1152921504606846977 <---> 1152921504606846979 : 2.963542938232422
1152921504606846977 <---> 1152921504606846978 : 1.4846324920654297
1152921504606846979 <---> 1152921504606846977 : 2.6400089263916016
1152921504606846979 <---> 1152921504606846978 : 2.959012985229492
1152921504606846978 <---> 1152921504606846979 : 1.9483566284179688
1152921504606846978 <---> 1152921504606846977 : 2.7153491973876953
discovery--->==================================== discovery ====================================
discovery---> cls: [(1152921504606846977, 1152921504606846979), (1152921504606846977, 1152921504606846978), (1152921504606846979, 1152921504606846978)]
discovery--->==============================
==================================== link detector ====================================

----------------------------
src    dst :    delay
1152921504606846977 <---> 1152921504606846979 : 1.9183158874511719
1152921504606846977 <---> 1152921504606846978 : 2.776622772216797
1152921504606846979 <---> 1152921504606846977 : 3.2465457916259766
1152921504606846979 <---> 1152921504606846978 : 2.697467803955078
1152921504606846978 <---> 1152921504606846979 : 2.9993057250976562
1152921504606846978 <---> 1152921504606846977 : 1.5246868133544922
discovery--->==================================== discovery ====================================
discovery---> cls: [(1152921504606846977, 1152921504606846979), (1152921504606846977, 1152921504606846978), (1152921504606846979, 1152921504606846978)]
discovery--->==============================
==================================== link detector ====================================

----------------------------
src    dst :    delay
1152921504606846977 <---> 1152921504606846979 : 1.5857219696044922
1152921504606846977 <---> 1152921504606846978 : 2.7551651000976562
1152921504606846979 <---> 1152921504606846977 : 3.2148361206054688
1152921504606846979 <---> 1152921504606846978 : 2.918243408203125
1152921504606846978 <---> 1152921504606846979 : 2.918243408203125
1152921504606846978 <---> 1152921504606846977 : 2.9687881469726562
==================================== link detector ====================================

----------------------------
src    dst :    delay
1152921504606846977 <---> 1152921504606846979 : 2.0384788513183594
1152921504606846977 <---> 1152921504606846978 : 2.7666091918945312
1152921504606846979 <---> 1152921504606846977 : 2.009153366088867
1152921504606846979 <---> 1152921504606846978 : 2.9039382934570312
1152921504606846978 <---> 1152921504606846979 : 2.045154571533203
1152921504606846978 <---> 1152921504606846977 : 1.8999576568603516
discovery--->==================================== discovery ====================================
discovery---> cls: [(1152921504606846977, 1152921504606846979), (1152921504606846977, 1152921504606846978), (1152921504606846979, 1152921504606846978)]
discovery--->==============================
==================================== link detector ====================================

----------------------------
src    dst :    delay
1152921504606846977 <---> 1152921504606846979 : 2.0983219146728516
1152921504606846977 <---> 1152921504606846978 : 1.9185543060302734
1152921504606846979 <---> 1152921504606846977 : 2.1140575408935547
1152921504606846979 <---> 1152921504606846978 : 2.9668807983398438
1152921504606846978 <---> 1152921504606846979 : 2.6214122772216797
1152921504606846978 <---> 1152921504606846977 : 3.0536651611328125
==================================== link detector ====================================

----------------------------
src    dst :    delay
1152921504606846977 <---> 1152921504606846979 : 2.9234886169433594
1152921504606846977 <---> 1152921504606846978 : 1.9474029541015625
1152921504606846979 <---> 1152921504606846977 : 1.2955665588378906
1152921504606846979 <---> 1152921504606846978 : 3.1588077545166016
1152921504606846978 <---> 1152921504606846979 : 1.1031627655029297
1152921504606846978 <---> 1152921504606846977 : 2.0635128021240234
discovery--->==================================== discovery ====================================
discovery---> cls: [(1152921504606846977, 1152921504606846979), (1152921504606846977, 1152921504606846978), (1152921504606846979, 1152921504606846978)]
discovery--->==============================
==================================== link detector ====================================

----------------------------
src    dst :    delay
1152921504606846977 <---> 1152921504606846979 : 2.6369094848632812
1152921504606846977 <---> 1152921504606846978 : 2.6504993438720703
1152921504606846979 <---> 1152921504606846977 : 2.6264190673828125
1152921504606846979 <---> 1152921504606846978 : 2.612590789794922
1152921504606846978 <---> 1152921504606846979 : 2.660512924194336
1152921504606846978 <---> 1152921504606846977 : 2.621889114379883
discovery--->==================================== discovery ====================================
discovery---> cls: [(1152921504606846977, 1152921504606846979), (1152921504606846977, 1152921504606846978), (1152921504606846979, 1152921504606846978)]
discovery--->==============================
==================================== link detector ====================================

----------------------------
src    dst :    delay
1152921504606846977 <---> 1152921504606846979 : 1.5146732330322266
1152921504606846977 <---> 1152921504606846978 : 1.1332035064697266
1152921504606846979 <---> 1152921504606846977 : 3.1490325927734375
1152921504606846979 <---> 1152921504606846978 : 1.1897087097167969
1152921504606846978 <---> 1152921504606846979 : 1.1208057403564453
1152921504606846978 <---> 1152921504606846977 : 1.1391639709472656
==================================== link detector ====================================

----------------------------
src    dst :    delay
1152921504606846977 <---> 1152921504606846979 : 1.2395381927490234
1152921504606846977 <---> 1152921504606846978 : 1.9636154174804688
1152921504606846979 <---> 1152921504606846977 : 1.5320777893066406
1152921504606846979 <---> 1152921504606846978 : 2.001047134399414
1152921504606846978 <---> 1152921504606846979 : 1.2362003326416016
1152921504606846978 <---> 1152921504606846977 : 2.6552677154541016
discovery--->==================================== discovery ====================================
discovery---> cls: [(1152921504606846977, 1152921504606846979), (1152921504606846977, 1152921504606846978), (1152921504606846979, 1152921504606846978)]
discovery--->==============================
==================================== link detector ====================================

----------------------------
src    dst :    delay
1152921504606846977 <---> 1152921504606846979 : 2.5703907012939453
1152921504606846977 <---> 1152921504606846978 : 1.8017292022705078
1152921504606846979 <---> 1152921504606846977 : 1.8167495727539062
1152921504606846979 <---> 1152921504606846978 : 1.5347003936767578
1152921504606846978 <---> 1152921504606846979 : 2.933502197265625
1152921504606846978 <---> 1152921504606846977 : 1.0187625885009766
discovery--->==================================== discovery ====================================
discovery---> cls: [(1152921504606846977, 1152921504606846979), (1152921504606846977, 1152921504606846978), (1152921504606846979, 1152921504606846978)]
discovery--->==============================
==================================== link detector ====================================

----------------------------
src    dst :    delay
1152921504606846977 <---> 1152921504606846979 : 3.0586719512939453
1152921504606846977 <---> 1152921504606846978 : 2.945423126220703
1152921504606846979 <---> 1152921504606846977 : 2.972126007080078
1152921504606846979 <---> 1152921504606846978 : 1.8570423126220703
1152921504606846978 <---> 1152921504606846979 : 2.920866012573242
1152921504606846978 <---> 1152921504606846977 : 1.2974739074707031
==================================== link detector ====================================

----------------------------
src    dst :    delay
1152921504606846977 <---> 1152921504606846979 : 2.06756591796875
1152921504606846977 <---> 1152921504606846978 : 2.502918243408203
1152921504606846979 <---> 1152921504606846977 : 2.9985904693603516
1152921504606846979 <---> 1152921504606846978 : 1.9168853759765625
1152921504606846978 <---> 1152921504606846979 : 2.0008087158203125
1152921504606846978 <---> 1152921504606846977 : 1.5866756439208984
discovery--->==================================== discovery ====================================
discovery---> cls: [(1152921504606846977, 1152921504606846979), (1152921504606846977, 1152921504606846978), (1152921504606846979, 1152921504606846978)]
discovery--->==============================
==================================== link detector ====================================

----------------------------
src    dst :    delay
1152921504606846977 <---> 1152921504606846979 : 2.9096603393554688
1152921504606846977 <---> 1152921504606846978 : 1.7032623291015625
1152921504606846979 <---> 1152921504606846977 : 2.98309326171875
1152921504606846979 <---> 1152921504606846978 : 2.0904541015625
1152921504606846978 <---> 1152921504606846979 : 3.0663013458251953
1152921504606846978 <---> 1152921504606846977 : 3.048419952392578
==================================== link detector ====================================

----------------------------
src    dst :    delay
1152921504606846977 <---> 1152921504606846979 : 2.397775650024414
1152921504606846977 <---> 1152921504606846978 : 2.3894309997558594
1152921504606846979 <---> 1152921504606846977 : 2.410411834716797
1152921504606846979 <---> 1152921504606846978 : 2.8836727142333984
1152921504606846978 <---> 1152921504606846979 : 1.8148422241210938
1152921504606846978 <---> 1152921504606846977 : 2.0284652709960938
discovery--->==================================== discovery ====================================
discovery---> cls: [(1152921504606846977, 1152921504606846979), (1152921504606846977, 1152921504606846978), (1152921504606846979, 1152921504606846978)]
discovery--->==============================
