loading app network_structure.py
loading app network_monitor.py
loading app network_delay.py
loading app network_shortest_path.py
loading app arp_handler.py
loading app ryu.controller.ofp_handler
instantiating app None of Switches
creating context switches
instantiating app network_structure.py of NetworkStructure
instantiating app network_monitor.py of NetworkMonitor
instantiating app network_delay.py of NetworkDelay
instantiating app network_shortest_path.py of NetworkShortestPath
instantiating app arp_handler.py of ArpHandler
instantiating app ryu.controller.ofp_handler of OFPHandler
discovery---> switch: 4 connected
discovery---> switch: 1 connected
discovery---> switch: 3 connected
discovery---> switch: 5 connected
discovery---> switch: 2 connected
monitor---->register datapath: 0000000000000004
monitor---->register datapath: 0000000000000005
monitor---->register datapath: 0000000000000003
monitor---->register datapath: 0000000000000001
monitor---->register datapath: 0000000000000002
discovery--->==================================== discovery ====================================
discovery---> cls: [(5, 3), (5, 2), (5, 4), (3, 1), (1, 2), (1, 4)]
discovery--->==============================
discovery--->==================================== discovery ====================================
discovery---> cls: [(5, 3), (5, 2), (5, 4), (3, 1), (1, 2), (1, 4)]
discovery--->==============================
discovery--->==================================== discovery ====================================
discovery---> cls: [(5, 3), (5, 2), (5, 4), (3, 1), (1, 2), (1, 4)]
discovery--->==============================
discovery--->==================================== discovery ====================================
discovery---> cls: [(5, 3), (5, 2), (5, 4), (3, 1), (1, 2), (1, 4)]
discovery--->==============================
discovery--->==================================== discovery ====================================
discovery---> cls: [(5, 3), (5, 2), (5, 4), (3, 1), (1, 2), (1, 4)]
discovery--->==============================
shortest=====>[PATH] [10.0.0.4 <----> 10.0.0.1]: [5, 3, 1]
shortest=====>[PATH] [10.0.0.4 <----> 10.0.0.3]: [5, 3, 1]
shortest=====>[PATH] [10.0.0.4 <----> 10.0.0.2]: [5, 3, 1]
shortest=====>[PATH] [10.0.0.1 <----> 10.0.0.3]: [1]
shortest=====>[PATH] [10.0.0.1 <----> 10.0.0.2]: [1]
shortest=====>[PATH] [10.0.0.3 <----> 10.0.0.2]: [1]
discovery--->==================================== discovery ====================================
discovery---> cls: [(5, 3), (5, 2), (5, 4), (3, 1), (1, 2), (1, 4)]
discovery--->==============================
discovery--->==================================== discovery ====================================
discovery---> cls: [(5, 3), (5, 2), (5, 4), (3, 1), (1, 2), (1, 4)]
discovery--->==============================
discovery--->==================================== discovery ====================================
discovery---> cls: [(5, 3), (5, 2), (5, 4), (3, 1), (1, 2), (1, 4)]
discovery--->==============================
discovery--->==================================== discovery ====================================
discovery---> cls: [(5, 3), (5, 2), (5, 4), (3, 1), (1, 2), (1, 4)]
discovery--->==============================
discovery--->==================================== discovery ====================================
discovery---> cls: [(5, 3), (5, 2), (5, 4), (3, 1), (1, 2), (1, 4)]
discovery--->==============================
discovery--->==================================== discovery ====================================
discovery---> cls: [(5, 3), (5, 2), (5, 4), (3, 1), (1, 2), (1, 4)]
discovery--->==============================
discovery--->==================================== discovery ====================================
discovery---> cls: [(5, 3), (5, 2), (5, 4), (3, 1), (1, 2), (1, 4)]
discovery--->==============================
Encountered an error while parsing OpenFlow packet from switch. This implies the switch sent a malformed OpenFlow packet. version 0x04 msg_type 19 msg_len 864 xid 394190652 buf 0x04 0x13 0x03 0x60 0x17 0x7e 0xdf 0x3c 0x00 0x01 0x00 0x00 0x00 0x00 0x00 0x00 0x00 0x60 0x00 0x00 0x00 0x00 0x00 0x3b 0x38 0x90 0x97 0x40 0xff 0xff 0x00 0x00 0x00 0x00 0x00 0x00 0x00 0x00 0x00 0x00 0x00 0x00 0x00 0x00 0x00 0x00 0x00 0x00 0x00 0x00 0x00 0x00 0x00 0x00 0x00 0xbc 0x00 0x00 0x00 0x00 0x00 0x00 0x2c 0x10 0x00 0x01 0x00 0x14 0x80 0x00 0x06 0x06 0x01 0x80 0xc2 0x00 0x00 0x0e 0x80 0x00 0x0a 0x02 0x88 0xcc 0x00 0x00 0x00 0x00 0x00 0x04 0x00 0x18 0x00 0x00 0x00 0x00 0x00 0x00 0x00 0x10 0xff 0xff 0xff 0xfd 0xff 0xff 0x00 0x00 0x00 0x00 0x00 0x00 0x00 0x70 0x00 0x00 0x00 0x00 0x00 0x21 0x14 0x06 0xf4 0x00 0x00 0x01 0x00 0x00 0x00 0x00 0x00 0x00 0x00 0x00 0x00 0x00 0x00 0x00 0x00 0x00 0x00 0x00 0x00 0x00 0x00 0x00 0x00 0x00 0x00 0x00 0x00 0x03 0x00 0x00 0x00 0x00 0x00 0x00 0x01 0x26 0x00 0x01 0x00 0x22 0x80 0x00 0x00 0x04 0x00 0x00 0x00 0x01 0x80 0x00 0x0a 0x02 0x08 0x00 0x80 0x00 0x16 0x04 0x0a 0x00 0x00 0x04 0x80 0x00 0x18 0x04 0x0a 0x00 0x00 0x01 0x00 0x00 0x00 0x00 0x00 0x00 0x00 0x04 0x00 0x18 0x00 0x00 0x00 0x00 0x00 0x00 0x00 0x10 0x00 0x00 0x00 0x03 0xff 0xe5 0x00 0x00 0x00 0x00 0x00 0x00 0x00 0x70 0x00 0x00 0x00 0x00 0x00 0x21 0x14 0x06 0xf4 0x00 0x00 0x01 0x00 0x00 0x00 0x00 0x00 0x00 0x00 0x00 0x00 0x00 0x00 0x00 0x00 0x00 0x00 0x00 0x00 0x00 0x00 0x00 0x00 0x00 0x00 0x00 0x00 0x04 0x00 0x00 0x00 0x00 0x00 0x00 0x01 0x88 0x00 0x01 0x00 0x22 0x80 0x00 0x00 0x04 0x00 0x00 0x00 0x03 0x80 0x00 0x0a 0x02 0x08 0x00 0x80 0x00 0x16 0x04 0x0a 0x00 0x00 0x01 0x80 0x00 0x18 0x04 0x0a 0x00 0x00 0x04 0x00 0x00 0x00 0x00 0x00 0x00 0x00 0x04 0x00 0x18 0x00 0x00 0x00 0x00 0x00 0x00 0x00 0x10 0x00 0x00 0x00 0x01 0xff 0xe5 0x00 0x00 0x00 0x00 0x00 0x00 0x00 0x70 0x00 0x00 0x00 0x00 0x00 0x21 0x0e 0xd7 0x70 0x40 0x00 0x01 0x00 0x00 0x00 0x00 0x00 0x00 0x00 0x00 0x00 0x00 0x00 0x00 0x00 0x00 0x00 0x00 0x00 0x00 0x00 0x00 0x00 0x00 0x00 0x00 0x00 0x03 0x00 0x00 0x00 0x00 0x00 0x00 0x01 0x26 0x00 0x01 0x00 0x22 0x80 0x00 0x00 0x04 0x00 0x00 0x00 0x01 0x80 0x00 0x0a 0x02 0x08 0x00 0x80 0x00 0x16 0x04 0x0a 0x00 0x00 0x04 0x80 0x00 0x18 0x04 0x0a 0x00 0x00 0x03 0x00 0x00 0x00 0x00 0x00 0x00 0x00 0x04 0x00 0x18 0x00 0x00 0x00 0x00 0x00 0x00 0x00 0x10 0x00 0x00 0x00 0x03 0xff 0xe5 0x00 0x00 0x00 0x00 0x00 0x00 0x00 0x70 0x00 0x00 0x00 0x00 0x00 0x21 0x0e 0xd7 0x70 0x40 0x00 0x01 0x00 0x00 0x00 0x00 0x00 0x00 0x00 0x00 0x00 0x00 0x00 0x00 0x00 0x00 0x00 0x00 0x00 0x00 0x00 0x00 0x00 0x00 0x00 0x00 0x00 0x04 0x00 0x00 0x00 0x00 0x00 0x00 0x01 0x88 0x00 0x01 0x00 0x22 0x80 0x00 0x00 0x04 0x00 0x00 0x00 0x03 0x80 0x00 0x0a 0x02 0x08 0x00 0x80 0x00 0x16 0x04 0x0a 0x00 0x00 0x03 0x80 0x00 0x18 0x04 0x0a 0x00 0x00 0x04 0x00 0x00 0x00 0x00 0x00 0x00 0x00 0x04 0x00 0x18 0x00 0x00 0x00 0x00 0x00 0x00 0x00 0x10 0x00 0x00 0x00 0x01 0xff 0xe5 0x00 0x00 0x00 0x00 0x00 0x00 0x00 0x70 0x00 0x00 0x00 0x00 0x00 0x21 0x09 0x98 0xaa 0x40 0x00 0x01 0x00 0x00 0x00 0x00 0x00 0x00 0x00 0x00 0x00 0x00 0x00 0x00 0x00 0x00 0x00 0x00 0x00 0x00 0x00 0x00 0x00 0x00 0x00 0x00 0x00 0x03 0x00 0x00 0x00 0x00 0x00 0x00 0x01 0x26 0x00 0x01 0x00 0x22 0x80 0x00 0x00 0x04 0x00 0x00 0x00 0x01 0x80 0x00 0x0a 0x02 0x08 0x00 0x80 0x00 0x16 0x04 0x0a 0x00 0x00 0x04 0x80 0x00 0x18 0x04 0x0a 0x00 0x00 0x02 0x00 0x00 0x00 0x00 0x00 0x00 0x00 0x04 0x00 0x18 0x00 0x00 0x00 0x00 0x00 0x00 0x00 0x10 0x00 0x00 0x00 0x03 0xff 0xe5 0x00 0x00 0x00 0x00 0x00 0x00 0x00 0x70 0x00 0x00 0x00 0x00 0x00 0x21 0x09 0x89 0x68 0x00 0x00 0x01 0x00 0x00 0x00 0x00 0x00 0x00 0x00 0x00 0x00 0x00 0x00 0x00 0x00 0x00 0x00 0x00 0x00 0x00 0x00 0x00 0x00 0x00 0x00 0x00 0x00 0x04 0x00 0x00 0x00 0x00 0x00 0x00 0x01 0x88 0x00 0x01 0x00 0x22 0x80 0x00 0x00 0x04 0x00 0x00 0x00 0x03 0x80 0x00 0x0a 0x02 0x08 0x00 0x80 0x00 0x16 0x04 0x0a 0x00 0x00 0x02 0x80 0x00 0x18 0x04 0x0a 0x00 0x00 0x04 0x00 0x00 0x00 0x00 0x00 0x00 0x00 0x04 0x00 0x18 0x00 0x00 0x00 0x00 0x00 0x00 0x00 0x10 0x00 0x00 0x00 0x01 0xff 0xe5 0x00 0x00 0x00 0x00 0x00 0x00 0x00 0x50 0x00 0x00 0x00 0x00 0x00 0x3b 0x39 0x66 0x36 0xc0 0x00 0x00 0x00 0x00 0x00 0x00 0x00 0x00 0x00 0x00 0x00 0x00 0x00 0x00 0x00 0x00 0x00 0x00 0x00 0x00 0x00 0x00 0x00 0x00 0x00 0x00 0x00 0x25 0x00 0x00 0x00 0x00 0x00 0x00 0x07 0x2a 0x00 0x01 0x00 0x04 0x00 0x00 0x00 0x00 0x00 0x04 0x00 0x18 0x00 0x00 0x00 0x00 0x00 0x00 0x00 0x10 0xff 0xff 0xff 0xfd 0xff 0xff 0x00 0x00 0x00 0x00 0x00 0x00
Traceback (most recent call last):
  File "/usr/local/lib/python3.6/dist-packages/ryu/ofproto/ofproto_parser.py", line 67, in msg
    msg = msg_parser(datapath, version, msg_type, msg_len, xid, buf)
  File "/usr/local/lib/python3.6/dist-packages/ryu/ofproto/ofproto_v1_3_parser.py", line 94, in msg_parser
    return parser(datapath, version, msg_type, msg_len, xid, buf)
  File "/usr/local/lib/python3.6/dist-packages/ryu/ofproto/ofproto_v1_3_parser.py", line 3947, in parser
    b = stats_type_cls.cls_stats_body_cls.parser(msg.buf, offset)
  File "/usr/local/lib/python3.6/dist-packages/ryu/ofproto/ofproto_v1_3_parser.py", line 4075, in parser
    flow_stats.match = OFPMatch.parser(buf, offset)
  File "/usr/local/lib/python3.6/dist-packages/ryu/ofproto/ofproto_v1_3_parser.py", line 1310, in parser
    match = OFPMatch()
  File "/usr/local/lib/python3.6/dist-packages/ryu/ofproto/ofproto_v1_3_parser.py", line 880, in __init__
    self._flow = Flow()
  File "/usr/local/lib/python3.6/dist-packages/ryu/ofproto/ofproto_v1_3_parser.py", line 684, in __init__
    self.ipv6_src = []
KeyboardInterrupt
Encountered an error while parsing OpenFlow packet from switch. This implies the switch sent a malformed OpenFlow packet. version 0x04 msg_type 19 msg_len 208 xid 104116270 buf 0x04 0x13 0x00 0xd0 0x06 0x34 0xb0 0x2e 0x00 0x0d 0x00 0x00 0x00 0x00 0x00 0x00 0xff 0xff 0xff 0xfe 0x00 0x00 0x00 0x00 0x12 0xbf 0xd4 0x0a 0x93 0x4f 0x00 0x00 0x73 0x34 0x00 0x00 0x00 0x00 0x00 0x00 0x00 0x00 0x00 0x00 0x00 0x00 0x00 0x00 0x00 0x00 0x00 0x01 0x00 0x00 0x00 0x01 0x00 0x00 0x00 0x00 0x00 0x00 0x00 0x00 0x00 0x00 0x00 0x00 0x00 0x00 0x00 0x00 0x00 0x00 0x00 0x00 0x00 0x00 0x00 0x00 0x00 0x00 0x00 0x01 0x00 0x00 0x00 0x00 0xc6 0x47 0xdc 0x08 0xd4 0xa1 0x00 0x00 0x73 0x34 0x2d 0x65 0x74 0x68 0x31 0x00 0x00 0x00 0x00 0x00 0x00 0x00 0x00 0x00 0x00 0x00 0x00 0x00 0x00 0x00 0x00 0x04 0x00 0x00 0x08 0x40 0x00 0x00 0x00 0x00 0x00 0x00 0x00 0x00 0x00 0x00 0x00 0x00 0x00 0x98 0x96 0x80 0x00 0x00 0x00 0x00 0x00 0x00 0x00 0x02 0x00 0x00 0x00 0x00 0x7a 0xf9 0x4d 0x8e 0x7a 0x8b 0x00 0x00 0x73 0x34 0x2d 0x65 0x74 0x68 0x32 0x00 0x00 0x00 0x00 0x00 0x00 0x00 0x00 0x00 0x00 0x00 0x00 0x00 0x00 0x00 0x00 0x04 0x00 0x00 0x08 0x40 0x00 0x00 0x00 0x00 0x00 0x00 0x00 0x00 0x00 0x00 0x00 0x00 0x00 0x98 0x96 0x80 0x00 0x00 0x00 0x00
Traceback (most recent call last):
  File "/usr/local/lib/python3.6/dist-packages/ryu/ofproto/ofproto_parser.py", line 67, in msg
    msg = msg_parser(datapath, version, msg_type, msg_len, xid, buf)
  File "/usr/local/lib/python3.6/dist-packages/ryu/ofproto/ofproto_v1_3_parser.py", line 94, in msg_parser
    return parser(datapath, version, msg_type, msg_len, xid, buf)
  File "/usr/local/lib/python3.6/dist-packages/ryu/ofproto/ofproto_v1_3_parser.py", line 3947, in parser
    b = stats_type_cls.cls_stats_body_cls.parser(msg.buf, offset)
  File "/usr/local/lib/python3.6/dist-packages/ryu/ofproto/ofproto_v1_3_parser.py", line 2492, in parser
    port[i] = addrconv.mac.bin_to_text(port[i])
  File "/usr/local/lib/python3.6/dist-packages/ryu/lib/addrconv.py", line 41, in bin_to_text
    **self._addr_kwargs))
  File "/usr/local/lib/python3.6/dist-packages/netaddr/eui/__init__.py", line 389, in __init__
    self.value = addr
  File "/usr/local/lib/python3.6/dist-packages/netaddr/eui/__init__.py", line 421, in _set_value
    if self._module is None:
KeyboardInterrupt
Encountered an error while parsing OpenFlow packet from switch. This implies the switch sent a malformed OpenFlow packet. version 0x04 msg_type 19 msg_len 208 xid 36460789 buf 0x04 0x13 0x00 0xd0 0x02 0x2c 0x58 0xf5 0x00 0x0d 0x00 0x00 0x00 0x00 0x00 0x00 0xff 0xff 0xff 0xfe 0x00 0x00 0x00 0x00 0x3e 0xb0 0x37 0x0c 0x19 0x4e 0x00 0x00 0x73 0x32 0x00 0x00 0x00 0x00 0x00 0x00 0x00 0x00 0x00 0x00 0x00 0x00 0x00 0x00 0x00 0x00 0x00 0x01 0x00 0x00 0x00 0x01 0x00 0x00 0x00 0x00 0x00 0x00 0x00 0x00 0x00 0x00 0x00 0x00 0x00 0x00 0x00 0x00 0x00 0x00 0x00 0x00 0x00 0x00 0x00 0x00 0x00 0x00 0x00 0x01 0x00 0x00 0x00 0x00 0x5e 0x2e 0x1d 0x86 0xc9 0x8e 0x00 0x00 0x73 0x32 0x2d 0x65 0x74 0x68 0x31 0x00 0x00 0x00 0x00 0x00 0x00 0x00 0x00 0x00 0x00 0x00 0x00 0x00 0x00 0x00 0x00 0x04 0x00 0x00 0x08 0x40 0x00 0x00 0x00 0x00 0x00 0x00 0x00 0x00 0x00 0x00 0x00 0x00 0x00 0x98 0x96 0x80 0x00 0x00 0x00 0x00 0x00 0x00 0x00 0x02 0x00 0x00 0x00 0x00 0x46 0x7e 0xbe 0x14 0x8d 0x50 0x00 0x00 0x73 0x32 0x2d 0x65 0x74 0x68 0x32 0x00 0x00 0x00 0x00 0x00 0x00 0x00 0x00 0x00 0x00 0x00 0x00 0x00 0x00 0x00 0x00 0x04 0x00 0x00 0x08 0x40 0x00 0x00 0x00 0x00 0x00 0x00 0x00 0x00 0x00 0x00 0x00 0x00 0x00 0x98 0x96 0x80 0x00 0x00 0x00 0x00
Traceback (most recent call last):
  File "/usr/local/lib/python3.6/dist-packages/ryu/ofproto/ofproto_parser.py", line 67, in msg
    msg = msg_parser(datapath, version, msg_type, msg_len, xid, buf)
  File "/usr/local/lib/python3.6/dist-packages/ryu/ofproto/ofproto_v1_3_parser.py", line 94, in msg_parser
    return parser(datapath, version, msg_type, msg_len, xid, buf)
  File "/usr/local/lib/python3.6/dist-packages/ryu/ofproto/ofproto_v1_3_parser.py", line 3951, in parser
    if stats_type_cls.cls_body_single_struct:
KeyboardInterrupt
discovery--->==================================== discovery ====================================
discovery---> cls: [(5, 3), (5, 2), (5, 4), (3, 1), (1, 2), (1, 4)]
discovery--->==============================
---> OFPPortStatus received: reason=MODIFY desc=OFPPort(port_no=1,hw_addr='06:35:22:41:48:ad',name=b's5-eth1',config=0,state=0,curr=2112,advertised=0,supported=0,peer=0,curr_speed=10000000,max_speed=0)
---> OFPPortStatus received: reason=DELETE desc=OFPPort(port_no=1,hw_addr='06:35:22:41:48:ad',name=b's5-eth1',config=0,state=0,curr=2112,advertised=0,supported=0,peer=0,curr_speed=10000000,max_speed=0)
---> OFPPortStatus received: reason=DELETE desc=OFPPort(port_no=2,hw_addr='0e:4f:0c:ac:04:58',name=b's5-eth2',config=0,state=4,curr=2112,advertised=0,supported=0,peer=0,curr_speed=10000000,max_speed=0)
---> OFPPortStatus received: reason=DELETE desc=OFPPort(port_no=1,hw_addr='5e:2e:1d:86:c9:8e',name=b's2-eth1',config=0,state=4,curr=2112,advertised=0,supported=0,peer=0,curr_speed=10000000,max_speed=0)
---> OFPPortStatus received: reason=MODIFY desc=OFPPort(port_no=1,hw_addr='e6:4c:2b:0e:c5:28',name=b's3-eth1',config=0,state=0,curr=2112,advertised=0,supported=0,peer=0,curr_speed=10000000,max_speed=0)
---> OFPPortStatus received: reason=DELETE desc=OFPPort(port_no=1,hw_addr='e6:4c:2b:0e:c5:28',name=b's3-eth1',config=0,state=0,curr=2112,advertised=0,supported=0,peer=0,curr_speed=10000000,max_speed=0)
---> OFPPortStatus received: reason=MODIFY desc=OFPPort(port_no=3,hw_addr='12:ba:5a:91:26:c1',name=b's5-eth3',config=0,state=0,curr=2112,advertised=0,supported=0,peer=0,curr_speed=10000000,max_speed=0)
---> OFPPortStatus received: reason=DELETE desc=OFPPort(port_no=3,hw_addr='12:ba:5a:91:26:c1',name=b's5-eth3',config=0,state=0,curr=2112,advertised=0,supported=0,peer=0,curr_speed=10000000,max_speed=0)
---> OFPPortStatus received: reason=DELETE desc=OFPPort(port_no=2,hw_addr='46:7e:be:14:8d:50',name=b's2-eth2',config=0,state=4,curr=2112,advertised=0,supported=0,peer=0,curr_speed=10000000,max_speed=0)
---> OFPPortStatus received: reason=DELETE desc=OFPPort(port_no=1,hw_addr='c2:01:2c:61:a8:66',name=b's1-eth1',config=0,state=4,curr=2112,advertised=0,supported=0,peer=0,curr_speed=10000000,max_speed=0)
---> OFPPortStatus received: reason=DELETE desc=OFPPort(port_no=2,hw_addr='8e:93:3c:76:e7:c4',name=b's1-eth2',config=0,state=4,curr=2112,advertised=0,supported=0,peer=0,curr_speed=10000000,max_speed=0)
---> OFPPortStatus received: reason=DELETE desc=OFPPort(port_no=2,hw_addr='aa:8c:86:96:12:6b',name=b's3-eth2',config=0,state=4,curr=2112,advertised=0,supported=0,peer=0,curr_speed=10000000,max_speed=0)
---> OFPPortStatus received: reason=DELETE desc=OFPPort(port_no=3,hw_addr='96:bc:7a:f8:b5:ea',name=b's1-eth3',config=0,state=4,curr=2112,advertised=0,supported=0,peer=0,curr_speed=10000000,max_speed=0)
---> OFPPortStatus received: reason=MODIFY desc=OFPPort(port_no=4,hw_addr='3a:a6:fe:0d:1a:ab',name=b's5-eth4',config=0,state=0,curr=2112,advertised=0,supported=0,peer=0,curr_speed=10000000,max_speed=0)
---> OFPPortStatus received: reason=DELETE desc=OFPPort(port_no=4,hw_addr='3a:a6:fe:0d:1a:ab',name=b's5-eth4',config=0,state=0,curr=2112,advertised=0,supported=0,peer=0,curr_speed=10000000,max_speed=0)
---> OFPPortStatus received: reason=DELETE desc=OFPPort(port_no=1,hw_addr='c6:47:dc:08:d4:a1',name=b's4-eth1',config=0,state=4,curr=2112,advertised=0,supported=0,peer=0,curr_speed=10000000,max_speed=0)
---> OFPPortStatus received: reason=MODIFY desc=OFPPort(port_no=2,hw_addr='7a:f9:4d:8e:7a:8b',name=b's4-eth2',config=0,state=0,curr=2112,advertised=0,supported=0,peer=0,curr_speed=10000000,max_speed=0)
---> OFPPortStatus received: reason=DELETE desc=OFPPort(port_no=2,hw_addr='7a:f9:4d:8e:7a:8b',name=b's4-eth2',config=0,state=0,curr=2112,advertised=0,supported=0,peer=0,curr_speed=10000000,max_speed=0)
---> OFPPortStatus received: reason=DELETE desc=OFPPort(port_no=4,hw_addr='da:88:e5:fa:c6:79',name=b's1-eth4',config=0,state=4,curr=2112,advertised=0,supported=0,peer=0,curr_speed=10000000,max_speed=0)
---> OFPPortStatus received: reason=DELETE desc=OFPPort(port_no=5,hw_addr='ca:de:91:c2:85:d2',name=b's1-eth5',config=0,state=4,curr=2112,advertised=0,supported=0,peer=0,curr_speed=10000000,max_speed=0)
---> OFPPortStatus received: reason=DELETE desc=OFPPort(port_no=6,hw_addr='0e:f3:44:da:58:8c',name=b's1-eth6',config=0,state=4,curr=2112,advertised=0,supported=0,peer=0,curr_speed=10000000,max_speed=0)
monitor---> unreigster datapath: 0000000000000004
hub: uncaught exception: Traceback (most recent call last):
  File "/usr/local/lib/python3.6/dist-packages/ryu/lib/hub.py", line 60, in _launch
    return func(*args, **kwargs)
  File "/home/terry/LJQ/LJQ_CORE_CODE/LJQ_Project/Task/ryu/network_shortest_path.py", line 68, in super_schedule
    self.network_monitor.scheduler()
  File "/home/terry/LJQ/LJQ_CORE_CODE/LJQ_Project/Task/ryu/network_monitor.py", line 63, in scheduler
    self._request_stats()
  File "/home/terry/LJQ/LJQ_CORE_CODE/LJQ_Project/Task/ryu/network_monitor.py", line 91, in _request_stats
    for datapath in self.datapaths_table.values():
RuntimeError: dictionary changed size during iteration

monitor---> unreigster datapath: 0000000000000001
monitor---> unreigster datapath: 0000000000000003
monitor---> unreigster datapath: 0000000000000005
monitor---> unreigster datapath: 0000000000000002
