loading app network_structure.py
Matplotlib created a temporary config/cache directory at /tmp/matplotlib-59vo8vfb because the default path (/home/terry/.config/matplotlib) is not a writable directory; it is highly recommended to set the MPLCONFIGDIR environment variable to a writable directory, in particular to speed up the import of Matplotlib and to better support multiprocessing.
Generating new fontManager, this may take some time...
Failed to extract font properties from /usr/share/fonts/truetype/noto/NotoColorEmoji.ttf: In FT2Font: Can not load face.  Unknown file format.
loading app network_monitor.py
loading app network_delay.py
loading app network_shortest_path.py
loading app arp_handler.py
loading app ryu.controller.ofp_handler
instantiating app None of Switches
creating context switches
instantiating app network_structure.py of NetworkStructure
instantiating app network_monitor.py of NetworkMonitor
instantiating app network_delay.py of NetworkDelay
instantiating app network_shortest_path.py of NetworkShortestPath
instantiating app arp_handler.py of ArpHandler
instantiating app ryu.controller.ofp_handler of OFPHandler
discovery---> AccessPoint: 1 connected
discovery---> AccessPoint: 2 connected
discovery---> AccessPoint: 3 connected
monitor---->register datapath: 1000000000000002
monitor---->register datapath: 1000000000000001
monitor---->register datapath: 1000000000000003
---> OFPPortStatus received: reason=MODIFY desc=OFPPort(port_no=3,hw_addr='92:23:85:00:aa:8d',name=b'ap3-eth3',config=0,state=4,curr=2112,advertised=0,supported=0,peer=0,curr_speed=10000000,max_speed=0)
---> OFPPortStatus received: reason=MODIFY desc=OFPPort(port_no=3,hw_addr='d2:38:8c:b5:af:e7',name=b'ap2-eth3',config=0,state=4,curr=2112,advertised=0,supported=0,peer=0,curr_speed=10000000,max_speed=0)
---> OFPPortStatus received: reason=MODIFY desc=OFPPort(port_no=2,hw_addr='e2:b7:dc:6f:e5:3e',name=b'ap3-eth2',config=0,state=4,curr=2112,advertised=0,supported=0,peer=0,curr_speed=10000000,max_speed=0)
---> OFPPortStatus received: reason=MODIFY desc=OFPPort(port_no=2,hw_addr='0e:8f:95:fb:3a:b9',name=b'ap2-eth2',config=0,state=4,curr=2112,advertised=0,supported=0,peer=0,curr_speed=10000000,max_speed=0)
---> OFPPortStatus received: reason=MODIFY desc=OFPPort(port_no=2,hw_addr='4e:5f:8b:b6:f1:4b',name=b'ap1-eth2',config=0,state=4,curr=2112,advertised=0,supported=0,peer=0,curr_speed=10000000,max_speed=0)
---> OFPPortStatus received: reason=MODIFY desc=OFPPort(port_no=3,hw_addr='02:23:cf:95:c7:a2',name=b'ap1-eth3',config=0,state=4,curr=2112,advertised=0,supported=0,peer=0,curr_speed=10000000,max_speed=0)
==================================== link detector ====================================

----------------------------
src    dst :    delay
1 <---> 2 : 7.241964340209961
1 <---> 3 : 9.008407592773438
2 <---> 1 : 6.851673126220703
2 <---> 3 : 7.208347320556641
3 <---> 1 : 10.226726531982422
3 <---> 2 : 7.9059600830078125
discovery--->==================================== discovery ====================================
discovery---> cls: [(1, 2), (1, 3), (2, 3)]
discovery--->=============================================================================
datapath         port     rx-pkts  rx-bytes rx-error tx-pkts  tx-bytes tx-error
---------------- -------- -------- -------- -------- -------- -------- --------
0000000000000002        1        0        0        0        5      390        0
0000000000000002        2       22     2751        0       23     2811        0
0000000000000002        3       24     3027        0       25     3087        0
datapath         in-port  eth-dst           out-port packets  bytes
---------------- -------- ----------------- -------- -------- --------
datapath         port     rx-pkts  rx-bytes rx-error tx-pkts  tx-bytes tx-error
---------------- -------- -------- -------- -------- -------- -------- --------
0000000000000001        1        0        0        0        5      390        0
0000000000000001        2       23     2811        0       22     2751        0
0000000000000001        3       24     3027        0       23     2811        0
datapath         in-port  eth-dst           out-port packets  bytes
---------------- -------- ----------------- -------- -------- --------
datapath         port     rx-pkts  rx-bytes rx-error tx-pkts  tx-bytes tx-error
---------------- -------- -------- -------- -------- -------- -------- --------
0000000000000003        1        0        0        0        5      390        0
0000000000000003        2       23     2811        0       24     3027        0
0000000000000003        3       25     3087        0       24     3027        0
datapath         in-port  eth-dst           out-port packets  bytes
---------------- -------- ----------------- -------- -------- --------
==================================== link detector ====================================

----------------------------
src    dst :    delay
1 <---> 2 : 7.9822540283203125
1 <---> 3 : 9.79471206665039
2 <---> 1 : 8.203983306884766
2 <---> 3 : 7.616758346557617
3 <---> 1 : 10.082721710205078
3 <---> 2 : 6.929874420166016
==================================== link detector ====================================

----------------------------
src    dst :    delay
1 <---> 2 : 8.069753646850586
1 <---> 3 : 10.076761245727539
2 <---> 1 : 7.573604583740234
2 <---> 3 : 6.606340408325195
3 <---> 1 : 8.705377578735352
3 <---> 2 : 6.880521774291992
---> OFPPortStatus received: reason=MODIFY desc=OFPPort(port_no=1,hw_addr='20:00:00:00:00:00',name=b'ap2-wlan1',config=0,state=0,curr=0,advertised=0,supported=0,peer=0,curr_speed=0,max_speed=0)
---> OFPPortStatus received: reason=MODIFY desc=OFPPort(port_no=1,hw_addr='20:00:00:00:00:00',name=b'ap2-wlan1',config=0,state=1,curr=0,advertised=0,supported=0,peer=0,curr_speed=0,max_speed=0)
discovery--->==================================== discovery ====================================
discovery---> cls: [(1, 2), (1, 3), (2, 3)]
discovery--->=============================================================================
datapath         port     rx-pkts  rx-bytes rx-error tx-pkts  tx-bytes tx-error
---------------- -------- -------- -------- -------- -------- -------- --------
0000000000000002        1        0        0        0       10      780        0
0000000000000002        2       30     3530        0       31     3590        0
0000000000000002        3       31     3590        0       32     3650        0
datapath         in-port  eth-dst           out-port packets  bytes
---------------- -------- ----------------- -------- -------- --------
datapath         port     rx-pkts  rx-bytes rx-error tx-pkts  tx-bytes tx-error
---------------- -------- -------- -------- -------- -------- -------- --------
0000000000000001        1        0        0        0       11      858        0
0000000000000001        2       31     3590        0       30     3530        0
0000000000000001        3       31     3590        0       31     3590        0
datapath         in-port  eth-dst           out-port packets  bytes
---------------- -------- ----------------- -------- -------- --------
datapath         port     rx-pkts  rx-bytes rx-error tx-pkts  tx-bytes tx-error
---------------- -------- -------- -------- -------- -------- -------- --------
0000000000000003        1        0        0        0       11      858        0
0000000000000003        2       31     3590        0       31     3590        0
0000000000000003        3       32     3650        0       31     3590        0
datapath         in-port  eth-dst           out-port packets  bytes
---------------- -------- ----------------- -------- -------- --------
==================================== link detector ====================================

----------------------------
src    dst :    delay
1 <---> 2 : 6.503820419311523
1 <---> 3 : 10.18214225769043
2 <---> 1 : 8.176326751708984
2 <---> 3 : 7.259368896484375
3 <---> 1 : 8.656024932861328
3 <---> 2 : 7.088899612426758
discovery--->==================================== discovery ====================================
discovery---> cls: [(1, 2), (1, 3), (2, 3)]
discovery--->=============================================================================
datapath         port     rx-pkts  rx-bytes rx-error tx-pkts  tx-bytes tx-error
---------------- -------- -------- -------- -------- -------- -------- --------
0000000000000002        1        0        0        0       10      780        0
0000000000000002        2       37     3960        0       38     4020        0
0000000000000002        3       37     3960        0       38     4020        0
datapath         in-port  eth-dst           out-port packets  bytes
---------------- -------- ----------------- -------- -------- --------
datapath         port     rx-pkts  rx-bytes rx-error tx-pkts  tx-bytes tx-error
---------------- -------- -------- -------- -------- -------- -------- --------
0000000000000003        1        0        0        0       16     1248        0
0000000000000003        2       38     4020        0       37     3960        0
0000000000000003        3       38     4020        0       37     3960        0
datapath         in-port  eth-dst           out-port packets  bytes
---------------- -------- ----------------- -------- -------- --------
datapath         port     rx-pkts  rx-bytes rx-error tx-pkts  tx-bytes tx-error
---------------- -------- -------- -------- -------- -------- -------- --------
0000000000000001        1        0        0        0       16     1248        0
0000000000000001        2       38     4020        0       37     3960        0
0000000000000001        3       37     3960        0       38     4020        0
datapath         in-port  eth-dst           out-port packets  bytes
---------------- -------- ----------------- -------- -------- --------
==================================== link detector ====================================

----------------------------
src    dst :    delay
1 <---> 2 : 8.035421371459961
1 <---> 3 : 8.653640747070312
2 <---> 1 : 7.083892822265625
2 <---> 3 : 6.239891052246094
3 <---> 1 : 9.410858154296875
3 <---> 2 : 8.706331253051758
==================================== link detector ====================================

----------------------------
src    dst :    delay
1 <---> 2 : 6.74891471862793
1 <---> 3 : 10.111808776855469
2 <---> 1 : 7.141351699829102
2 <---> 3 : 8.173227310180664
3 <---> 1 : 9.110212326049805
3 <---> 2 : 6.770610809326172
datapath         port     rx-pkts  rx-bytes rx-error tx-pkts  tx-bytes tx-error
---------------- -------- -------- -------- -------- -------- -------- --------
0000000000000001        1        0        0        0       22     1716        0
0000000000000001        2       45     4583        0       43     4463        0
0000000000000001        3       44     4523        0       44     4523        0
datapath         in-port  eth-dst           out-port packets  bytes
---------------- -------- ----------------- -------- -------- --------
discovery--->==================================== discovery ====================================
discovery---> cls: [(1, 2), (1, 3), (2, 3)]
discovery--->=============================================================================
datapath         port     rx-pkts  rx-bytes rx-error tx-pkts  tx-bytes tx-error
---------------- -------- -------- -------- -------- -------- -------- --------
0000000000000002        1        0        0        0       10      780        0
0000000000000002        2       43     4463        0       45     4583        0
0000000000000002        3       44     4523        0       45     4583        0
datapath         in-port  eth-dst           out-port packets  bytes
---------------- -------- ----------------- -------- -------- --------
datapath         port     rx-pkts  rx-bytes rx-error tx-pkts  tx-bytes tx-error
---------------- -------- -------- -------- -------- -------- -------- --------
0000000000000003        1        0        0        0       22     1716        0
0000000000000003        2       44     4523        0       44     4523        0
0000000000000003        3       45     4583        0       44     4523        0
datapath         in-port  eth-dst           out-port packets  bytes
---------------- -------- ----------------- -------- -------- --------
==================================== link detector ====================================

----------------------------
src    dst :    delay
1 <---> 2 : 7.012605667114258
1 <---> 3 : 8.983850479125977
2 <---> 1 : 8.23831558227539
2 <---> 3 : 7.372856140136719
3 <---> 1 : 9.315252304077148
3 <---> 2 : 7.327079772949219
datapath         port     rx-pkts  rx-bytes rx-error tx-pkts  tx-bytes tx-error
---------------- -------- -------- -------- -------- -------- -------- --------
0000000000000001        1        0        0        0       28     2184        0
0000000000000001        2       50     4883        0       49     4823        0
0000000000000001        3       49     4823        0       50     4883        0
datapath         in-port  eth-dst           out-port packets  bytes
---------------- -------- ----------------- -------- -------- --------
datapath         port     rx-pkts  rx-bytes rx-error tx-pkts  tx-bytes tx-error
---------------- -------- -------- -------- -------- -------- -------- --------
0000000000000002        1        0        0        0       10      780        0
0000000000000002        2       49     4823        0       50     4883        0
0000000000000002        3       49     4823        0       50     4883        0
datapath         in-port  eth-dst           out-port packets  bytes
---------------- -------- ----------------- -------- -------- --------
datapath         port     rx-pkts  rx-bytes rx-error tx-pkts  tx-bytes tx-error
---------------- -------- -------- -------- -------- -------- -------- --------
0000000000000003        1        0        0        0       27     2106        0
0000000000000003        2       50     4883        0       49     4823        0
0000000000000003        3       50     4883        0       49     4823        0
datapath         in-port  eth-dst           out-port packets  bytes
---------------- -------- ----------------- -------- -------- --------
discovery--->==================================== discovery ====================================
discovery---> cls: [(1, 2), (1, 3), (2, 3)]
discovery--->=============================================================================
==================================== link detector ====================================

----------------------------
src    dst :    delay
1 <---> 2 : 7.180690765380859
1 <---> 3 : 10.35308837890625
2 <---> 1 : 6.523609161376953
2 <---> 3 : 6.597042083740234
3 <---> 1 : 8.94021987915039
3 <---> 2 : 7.3909759521484375
==================================== link detector ====================================

----------------------------
src    dst :    delay
1 <---> 2 : 6.758213043212891
1 <---> 3 : 10.008096694946289
2 <---> 1 : 6.71076774597168
2 <---> 3 : 8.165359497070312
3 <---> 1 : 10.033845901489258
3 <---> 2 : 6.728649139404297
datapath         port     rx-pkts  rx-bytes rx-error tx-pkts  tx-bytes tx-error
---------------- -------- -------- -------- -------- -------- -------- --------
0000000000000002        1        0        0        0       10      780        0
0000000000000002        2       54     5123        0       57     5313        0
0000000000000002        3       56     5253        0       57     5313        0
datapath         in-port  eth-dst           out-port packets  bytes
---------------- -------- ----------------- -------- -------- --------
datapath         port     rx-pkts  rx-bytes rx-error tx-pkts  tx-bytes tx-error
---------------- -------- -------- -------- -------- -------- -------- --------
0000000000000001        1        0        0        0       33     2574        0
0000000000000001        2       57     5313        0       54     5123        0
0000000000000001        3       56     5253        0       55     5183        0
datapath         in-port  eth-dst           out-port packets  bytes
---------------- -------- ----------------- -------- -------- --------
datapath         port     rx-pkts  rx-bytes rx-error tx-pkts  tx-bytes tx-error
---------------- -------- -------- -------- -------- -------- -------- --------
0000000000000003        1        0        0        0       33     2574        0
0000000000000003        2       55     5183        0       56     5253        0
0000000000000003        3       57     5313        0       56     5253        0
datapath         in-port  eth-dst           out-port packets  bytes
---------------- -------- ----------------- -------- -------- --------
discovery--->==================================== discovery ====================================
discovery---> cls: [(1, 2), (1, 3), (2, 3)]
discovery--->=============================================================================
==================================== link detector ====================================

----------------------------
src    dst :    delay
1 <---> 2 : 6.9942474365234375
1 <---> 3 : 9.670734405517578
2 <---> 1 : 6.571769714355469
2 <---> 3 : 7.159948348999023
3 <---> 1 : 8.98432731628418
3 <---> 2 : 7.213830947875977
==================================== link detector ====================================

----------------------------
src    dst :    delay
1 <---> 2 : 7.582426071166992
1 <---> 3 : 8.913040161132812
2 <---> 1 : 7.510662078857422
2 <---> 3 : 8.11910629272461
3 <---> 1 : 10.116338729858398
3 <---> 2 : 7.292270660400391
datapath         port     rx-pkts  rx-bytes rx-error tx-pkts  tx-bytes tx-error
---------------- -------- -------- -------- -------- -------- -------- --------
0000000000000002        1        0        0        0       10      780        0
0000000000000002        2       62     5756        0       63     5816        0
0000000000000002        3       63     5816        0       63     5816        0
datapath         in-port  eth-dst           out-port packets  bytes
---------------- -------- ----------------- -------- -------- --------
datapath         port     rx-pkts  rx-bytes rx-error tx-pkts  tx-bytes tx-error
---------------- -------- -------- -------- -------- -------- -------- --------
0000000000000003        1        0        0        0       39     3042        0
0000000000000003        2       63     5816        0       62     5756        0
0000000000000003        3       63     5816        0       63     5816        0
datapath         in-port  eth-dst           out-port packets  bytes
---------------- -------- ----------------- -------- -------- --------
datapath         port     rx-pkts  rx-bytes rx-error tx-pkts  tx-bytes tx-error
---------------- -------- -------- -------- -------- -------- -------- --------
0000000000000001        1        0        0        0       39     3042        0
0000000000000001        2       63     5816        0       62     5756        0
0000000000000001        3       62     5756        0       63     5816        0
datapath         in-port  eth-dst           out-port packets  bytes
---------------- -------- ----------------- -------- -------- --------
discovery--->==================================== discovery ====================================
discovery---> cls: [(1, 2), (1, 3), (2, 3)]
discovery--->=============================================================================
==================================== link detector ====================================

----------------------------
src    dst :    delay
1 <---> 2 : 6.624460220336914
1 <---> 3 : 10.378837585449219
2 <---> 1 : 8.191823959350586
2 <---> 3 : 6.677865982055664
3 <---> 1 : 9.32621955871582
3 <---> 2 : 8.100032806396484
datapath         port     rx-pkts  rx-bytes rx-error tx-pkts  tx-bytes tx-error
---------------- -------- -------- -------- -------- -------- -------- --------
0000000000000002        1        0        0        0       10      780        0
0000000000000002        2       67     6056        0       69     6176        0
0000000000000002        3       68     6116        0       69     6176        0
datapath         in-port  eth-dst           out-port packets  bytes
---------------- -------- ----------------- -------- -------- --------
datapath         port     rx-pkts  rx-bytes rx-error tx-pkts  tx-bytes tx-error
---------------- -------- -------- -------- -------- -------- -------- --------
0000000000000003        1        0        0        0       44     3432        0
0000000000000003        2       69     6176        0       68     6116        0
0000000000000003        3       69     6176        0       68     6116        0
datapath         in-port  eth-dst           out-port packets  bytes
---------------- -------- ----------------- -------- -------- --------
datapath         port     rx-pkts  rx-bytes rx-error tx-pkts  tx-bytes tx-error
---------------- -------- -------- -------- -------- -------- -------- --------
0000000000000001        1        0        0        0       44     3432        0
0000000000000001        2       69     6176        0       67     6056        0
0000000000000001        3       68     6116        0       69     6176        0
datapath         in-port  eth-dst           out-port packets  bytes
---------------- -------- ----------------- -------- -------- --------
discovery--->==================================== discovery ====================================
discovery---> cls: [(1, 2), (1, 3), (2, 3)]
discovery--->=============================================================================
==================================== link detector ====================================

----------------------------
src    dst :    delay
1 <---> 2 : 7.991552352905273
1 <---> 3 : 10.254621505737305
2 <---> 1 : 6.831884384155273
2 <---> 3 : 7.337331771850586
3 <---> 1 : 10.110139846801758
3 <---> 2 : 8.130550384521484
==================================== link detector ====================================

----------------------------
src    dst :    delay
1 <---> 2 : 8.094310760498047
1 <---> 3 : 9.176969528198242
2 <---> 1 : 7.111787796020508
2 <---> 3 : 6.679773330688477
3 <---> 1 : 9.455680847167969
3 <---> 2 : 8.032560348510742
datapath         port     rx-pkts  rx-bytes rx-error tx-pkts  tx-bytes tx-error
---------------- -------- -------- -------- -------- -------- -------- --------
0000000000000002        1        0        0        0       10      780        0
0000000000000002        2       73     6416        0       74     6476        0
0000000000000002        3       74     6476        0       75     6536        0
datapath         in-port  eth-dst           out-port packets  bytes
---------------- -------- ----------------- -------- -------- --------
datapath         port     rx-pkts  rx-bytes rx-error tx-pkts  tx-bytes tx-error
---------------- -------- -------- -------- -------- -------- -------- --------
0000000000000003        1        0        0        0       50     3900        0
0000000000000003        2       74     6476        0       73     6416        0
0000000000000003        3       75     6536        0       74     6476        0
datapath         in-port  eth-dst           out-port packets  bytes
---------------- -------- ----------------- -------- -------- --------
datapath         port     rx-pkts  rx-bytes rx-error tx-pkts  tx-bytes tx-error
---------------- -------- -------- -------- -------- -------- -------- --------
0000000000000001        1        0        0        0       50     3900        0
0000000000000001        2       74     6476        0       73     6416        0
0000000000000001        3       73     6416        0       74     6476        0
datapath         in-port  eth-dst           out-port packets  bytes
---------------- -------- ----------------- -------- -------- --------
discovery--->==================================== discovery ====================================
discovery---> cls: [(1, 2), (1, 3), (2, 3)]
discovery--->=============================================================================
==================================== link detector ====================================

----------------------------
src    dst :    delay
1 <---> 2 : 7.976531982421875
1 <---> 3 : 10.047435760498047
2 <---> 1 : 8.268594741821289
2 <---> 3 : 6.705760955810547
3 <---> 1 : 9.183645248413086
3 <---> 2 : 8.31913948059082
datapath         port     rx-pkts  rx-bytes rx-error tx-pkts  tx-bytes tx-error
---------------- -------- -------- -------- -------- -------- -------- --------
0000000000000002        1        0        0        0       10      780        0
0000000000000002        2       79     6776        0       80     6836        0
0000000000000002        3       79     6776        0       80     6836        0
datapath         in-port  eth-dst           out-port packets  bytes
---------------- -------- ----------------- -------- -------- --------
datapath         port     rx-pkts  rx-bytes rx-error tx-pkts  tx-bytes tx-error
---------------- -------- -------- -------- -------- -------- -------- --------
0000000000000003        1        0        0        0       55     4290        0
0000000000000003        2       80     6836        0       79     6776        0
0000000000000003        3       80     6836        0       79     6776        0
datapath         in-port  eth-dst           out-port packets  bytes
---------------- -------- ----------------- -------- -------- --------
datapath         port     rx-pkts  rx-bytes rx-error tx-pkts  tx-bytes tx-error
---------------- -------- -------- -------- -------- -------- -------- --------
0000000000000001        1        0        0        0       55     4290        0
0000000000000001        2       80     6836        0       79     6776        0
0000000000000001        3       79     6776        0       80     6836        0
datapath         in-port  eth-dst           out-port packets  bytes
---------------- -------- ----------------- -------- -------- --------
discovery--->==================================== discovery ====================================
discovery---> cls: [(1, 2), (1, 3), (2, 3)]
discovery--->=============================================================================
==================================== link detector ====================================

----------------------------
src    dst :    delay
1 <---> 2 : 6.970882415771484
1 <---> 3 : 8.689641952514648
2 <---> 1 : 7.992744445800781
2 <---> 3 : 6.875753402709961
3 <---> 1 : 9.265899658203125
3 <---> 2 : 6.914615631103516
==================================== link detector ====================================

----------------------------
src    dst :    delay
1 <---> 2 : 7.419824600219727
1 <---> 3 : 9.473800659179688
2 <---> 1 : 7.659912109375
2 <---> 3 : 6.983757019042969
3 <---> 1 : 9.798526763916016
3 <---> 2 : 8.085966110229492
datapath         port     rx-pkts  rx-bytes rx-error tx-pkts  tx-bytes tx-error
---------------- -------- -------- -------- -------- -------- -------- --------
0000000000000002        1        0        0        0       10      780        0
0000000000000002        2       84     7076        0       85     7136        0
0000000000000002        3       85     7136        0       86     7196        0
datapath         in-port  eth-dst           out-port packets  bytes
---------------- -------- ----------------- -------- -------- --------
datapath         port     rx-pkts  rx-bytes rx-error tx-pkts  tx-bytes tx-error
---------------- -------- -------- -------- -------- -------- -------- --------
0000000000000001        1        0        0        0       61     4758        0
0000000000000001        2       85     7136        0       84     7076        0
0000000000000001        3       85     7136        0       85     7136        0
datapath         in-port  eth-dst           out-port packets  bytes
---------------- -------- ----------------- -------- -------- --------
datapath         port     rx-pkts  rx-bytes rx-error tx-pkts  tx-bytes tx-error
---------------- -------- -------- -------- -------- -------- -------- --------
0000000000000003        1        0        0        0       61     4758        0
0000000000000003        2       85     7136        0       85     7136        0
0000000000000003        3       86     7196        0       85     7136        0
datapath         in-port  eth-dst           out-port packets  bytes
---------------- -------- ----------------- -------- -------- --------
discovery--->==================================== discovery ====================================
discovery---> cls: [(1, 2), (1, 3), (2, 3)]
discovery--->=============================================================================
==================================== link detector ====================================

----------------------------
src    dst :    delay
1 <---> 2 : 6.751537322998047
1 <---> 3 : 9.064435958862305
2 <---> 1 : 7.109880447387695
2 <---> 3 : 7.549762725830078
3 <---> 1 : 8.672952651977539
3 <---> 2 : 7.043123245239258
==================================== link detector ====================================

----------------------------
src    dst :    delay
1 <---> 2 : 6.899118423461914
1 <---> 3 : 10.031700134277344
2 <---> 1 : 7.614612579345703
2 <---> 3 : 7.501363754272461
3 <---> 1 : 9.55963134765625
3 <---> 2 : 6.654500961303711
datapath         port     rx-pkts  rx-bytes rx-error tx-pkts  tx-bytes tx-error
---------------- -------- -------- -------- -------- -------- -------- --------
0000000000000002        1        0        0        0       10      780        0
0000000000000002        2       90     7436        0       91     7496        0
0000000000000002        3       90     7436        0       91     7496        0
datapath         in-port  eth-dst           out-port packets  bytes
---------------- -------- ----------------- -------- -------- --------
datapath         port     rx-pkts  rx-bytes rx-error tx-pkts  tx-bytes tx-error
---------------- -------- -------- -------- -------- -------- -------- --------
0000000000000003        1        0        0        0       66     5148        0
0000000000000003        2       91     7496        0       91     7506        0
0000000000000003        3       91     7496        0       90     7436        0
datapath         in-port  eth-dst           out-port packets  bytes
---------------- -------- ----------------- -------- -------- --------
datapath         port     rx-pkts  rx-bytes rx-error tx-pkts  tx-bytes tx-error
---------------- -------- -------- -------- -------- -------- -------- --------
0000000000000001        1        0        0        0       66     5148        0
0000000000000001        2       91     7496        0       90     7436        0
0000000000000001        3       91     7506        0       91     7496        0
datapath         in-port  eth-dst           out-port packets  bytes
---------------- -------- ----------------- -------- -------- --------
discovery--->==================================== discovery ====================================
discovery---> cls: [(1, 2), (1, 3), (2, 3)]
discovery--->=============================================================================
==================================== link detector ====================================

----------------------------
src    dst :    delay
1 <---> 2 : 6.603240966796875
1 <---> 3 : 9.525299072265625
2 <---> 1 : 8.151531219482422
2 <---> 3 : 8.005857467651367
3 <---> 1 : 9.23013687133789
3 <---> 2 : 6.482839584350586
datapath         port     rx-pkts  rx-bytes rx-error tx-pkts  tx-bytes tx-error
---------------- -------- -------- -------- -------- -------- -------- --------
0000000000000002        1        0        0        0       10      780        0
0000000000000002        2       96     7939        0       99     8129        0
0000000000000002        3       98     8069        0       99     8129        0
datapath         in-port  eth-dst           out-port packets  bytes
---------------- -------- ----------------- -------- -------- --------
datapath         port     rx-pkts  rx-bytes rx-error tx-pkts  tx-bytes tx-error
---------------- -------- -------- -------- -------- -------- -------- --------
0000000000000001        1        0        0        0       72     5616        0
0000000000000001        2       99     8129        0       96     7939        0
0000000000000001        3       98     8069        0       98     8069        0
datapath         in-port  eth-dst           out-port packets  bytes
---------------- -------- ----------------- -------- -------- --------
datapath         port     rx-pkts  rx-bytes rx-error tx-pkts  tx-bytes tx-error
---------------- -------- -------- -------- -------- -------- -------- --------
0000000000000003        1        0        0        0       72     5616        0
0000000000000003        2       98     8069        0       98     8069        0
0000000000000003        3       99     8129        0       98     8069        0
datapath         in-port  eth-dst           out-port packets  bytes
---------------- -------- ----------------- -------- -------- --------
discovery--->==================================== discovery ====================================
discovery---> cls: [(1, 2), (1, 3), (2, 3)]
discovery--->=============================================================================
==================================== link detector ====================================

----------------------------
src    dst :    delay
1 <---> 2 : 8.151769638061523
1 <---> 3 : 10.185718536376953
2 <---> 1 : 8.045434951782227
2 <---> 3 : 8.078813552856445
3 <---> 1 : 9.148597717285156
3 <---> 2 : 8.186578750610352
==================================== link detector ====================================

----------------------------
src    dst :    delay
1 <---> 2 : 6.750583648681641
1 <---> 3 : 10.173797607421875
2 <---> 1 : 6.4601898193359375
2 <---> 3 : 8.341073989868164
3 <---> 1 : 9.31239128112793
3 <---> 2 : 6.8149566650390625
datapath         port     rx-pkts  rx-bytes rx-error tx-pkts  tx-bytes tx-error
---------------- -------- -------- -------- -------- -------- -------- --------
0000000000000001        1        0        0        0       78     6084        0
0000000000000001        2      104     8429        0      103     8369        0
0000000000000001        3      103     8369        0      104     8429        0
datapath         in-port  eth-dst           out-port packets  bytes
---------------- -------- ----------------- -------- -------- --------
datapath         port     rx-pkts  rx-bytes rx-error tx-pkts  tx-bytes tx-error
---------------- -------- -------- -------- -------- -------- -------- --------
0000000000000003        1        0        0        0       77     6006        0
0000000000000003        2      104     8429        0      103     8369        0
0000000000000003        3      104     8429        0      103     8369        0
datapath         in-port  eth-dst           out-port packets  bytes
---------------- -------- ----------------- -------- -------- --------
datapath         port     rx-pkts  rx-bytes rx-error tx-pkts  tx-bytes tx-error
---------------- -------- -------- -------- -------- -------- -------- --------
0000000000000002        1        0        0        0       10      780        0
0000000000000002        2      103     8369        0      104     8429        0
0000000000000002        3      103     8369        0      104     8429        0
datapath         in-port  eth-dst           out-port packets  bytes
---------------- -------- ----------------- -------- -------- --------
discovery--->==================================== discovery ====================================
discovery---> cls: [(1, 2), (1, 3), (2, 3)]
discovery--->=============================================================================
---> OFPPortStatus received: reason=DELETE desc=OFPPort(port_no=2,hw_addr='4e:5f:8b:b6:f1:4b',name=b'ap1-eth2',config=0,state=4,curr=2112,advertised=0,supported=0,peer=0,curr_speed=10000000,max_speed=0)
---> OFPPortStatus received: reason=DELETE desc=OFPPort(port_no=2,hw_addr='0e:8f:95:fb:3a:b9',name=b'ap2-eth2',config=0,state=4,curr=2112,advertised=0,supported=0,peer=0,curr_speed=10000000,max_speed=0)
---> OFPPortStatus received: reason=DELETE desc=OFPPort(port_no=3,hw_addr='02:23:cf:95:c7:a2',name=b'ap1-eth3',config=0,state=4,curr=2112,advertised=0,supported=0,peer=0,curr_speed=10000000,max_speed=0)
---> OFPPortStatus received: reason=DELETE desc=OFPPort(port_no=2,hw_addr='e2:b7:dc:6f:e5:3e',name=b'ap3-eth2',config=0,state=4,curr=2112,advertised=0,supported=0,peer=0,curr_speed=10000000,max_speed=0)
==================================== link detector ====================================

----------------------------
src    dst :    delay
1 <---> 2 : 7.34400749206543
1 <---> 3 : 10.15925407409668
2 <---> 1 : 8.064508438110352
2 <---> 3 : 7.4024200439453125
3 <---> 1 : 9.996891021728516
3 <---> 2 : 8.16655158996582
---> OFPPortStatus received: reason=DELETE desc=OFPPort(port_no=3,hw_addr='92:23:85:00:aa:8d',name=b'ap3-eth3',config=0,state=4,curr=2112,advertised=0,supported=0,peer=0,curr_speed=10000000,max_speed=0)
---> OFPPortStatus received: reason=DELETE desc=OFPPort(port_no=3,hw_addr='d2:38:8c:b5:af:e7',name=b'ap2-eth3',config=0,state=4,curr=2112,advertised=0,supported=0,peer=0,curr_speed=10000000,max_speed=0)
discovery--->==================================== discovery ====================================
discovery---> cls: []
discovery--->=============================================================================
==================================== link detector ====================================

----------------------------
src    dst :    delay
1 <---> 2 : 7.34400749206543
1 <---> 3 : 10.15925407409668
2 <---> 1 : 8.064508438110352
2 <---> 3 : 7.4024200439453125
3 <---> 1 : 9.996891021728516
3 <---> 2 : 8.16655158996582
