loading app network_structure.py
Matplotlib created a temporary config/cache directory at /tmp/matplotlib-wuvku293 because the default path (/home/terry/.config/matplotlib) is not a writable directory; it is highly recommended to set the MPLCONFIGDIR environment variable to a writable directory, in particular to speed up the import of Matplotlib and to better support multiprocessing.
Generating new fontManager, this may take some time...
Failed to extract font properties from /usr/share/fonts/truetype/noto/NotoColorEmoji.ttf: In FT2Font: Can not load face.  Unknown file format.
loading app network_monitor.py
loading app network_delay.py
loading app ryu.controller.ofp_handler
instantiating app None of Switches
creating context switches
instantiating app network_structure.py of NetworkStructure
instantiating app network_monitor.py of NetworkMonitor
instantiating app network_delay.py of NetworkDelay
instantiating app ryu.controller.ofp_handler of OFPHandler
discovery---> AccessPoint: 1 connected
discovery---> AccessPoint: 2 connected
discovery---> AccessPoint: 3 connected
monitor---->register datapath: 1000000000000001
monitor---->register datapath: 1000000000000003
monitor---->register datapath: 1000000000000002
==================================== link detector ====================================

----------------------------
src    dst :    delay
1 <---> 2 : 11.198997497558594
1 <---> 3 : 15.18106460571289
3 <---> 2 : 16.80278778076172
3 <---> 1 : 17.077922821044922
2 <---> 1 : 12.98832893371582
2 <---> 3 : 15.992164611816406
discovery--->==================================== discovery ====================================
discovery---> cls: [(1, 2), (1, 3), (2, 3)]
discovery--->=============================================================================
datapath         port     rx-pkts  rx-bytes rx-error tx-pkts  tx-bytes tx-error
---------------- -------- -------- -------- -------- -------- -------- --------
0000000000000001        1        0        0        0       86     6708        0
0000000000000001        2      121     8948        0      118     8768        0
0000000000000001        3      119     8828        0      119     8828        0
datapath         in-port  eth-dst           out-port packets  bytes
---------------- -------- ----------------- -------- -------- --------
datapath         port     rx-pkts  rx-bytes rx-error tx-pkts  tx-bytes tx-error
---------------- -------- -------- -------- -------- -------- -------- --------
0000000000000002        1        0        0        0       85     6630        0
0000000000000002        2      118     8768        0      121     8948        0
0000000000000002        3      117     8708        0      121     8948        0
datapath         in-port  eth-dst           out-port packets  bytes
---------------- -------- ----------------- -------- -------- --------
datapath         port     rx-pkts  rx-bytes rx-error tx-pkts  tx-bytes tx-error
---------------- -------- -------- -------- -------- -------- -------- --------
0000000000000003        1        0        0        0       86     6708        0
0000000000000003        2      119     8828        0      119     8828        0
0000000000000003        3      121     8948        0      117     8708        0
datapath         in-port  eth-dst           out-port packets  bytes
---------------- -------- ----------------- -------- -------- --------
==================================== link detector ====================================

----------------------------
src    dst :    delay
1 <---> 2 : 13.029098510742188
1 <---> 3 : 17.001628875732422
3 <---> 2 : 16.037464141845703
3 <---> 1 : 15.165090560913086
2 <---> 1 : 12.904882431030273
2 <---> 3 : 17.226696014404297
==================================== link detector ====================================

----------------------------
src    dst :    delay
1 <---> 2 : 12.22085952758789
1 <---> 3 : 17.077207565307617
3 <---> 2 : 15.363693237304688
3 <---> 1 : 16.0977840423584
2 <---> 1 : 12.991666793823242
2 <---> 3 : 15.160799026489258
discovery--->==================================== discovery ====================================
discovery---> cls: [(1, 2), (1, 3), (2, 3)]
discovery--->=============================================================================
datapath         port     rx-pkts  rx-bytes rx-error tx-pkts  tx-bytes tx-error
---------------- -------- -------- -------- -------- -------- -------- --------
0000000000000001        1        0        0        0       92     7176        0
0000000000000001        2      127     9308        0      124     9128        0
0000000000000001        3      125     9188        0      125     9188        0
datapath         in-port  eth-dst           out-port packets  bytes
---------------- -------- ----------------- -------- -------- --------
datapath         port     rx-pkts  rx-bytes rx-error tx-pkts  tx-bytes tx-error
---------------- -------- -------- -------- -------- -------- -------- --------
0000000000000003        1        0        0        0       92     7176        0
0000000000000003        2      125     9188        0      125     9188        0
0000000000000003        3      127     9308        0      123     9068        0
datapath         in-port  eth-dst           out-port packets  bytes
---------------- -------- ----------------- -------- -------- --------
datapath         port     rx-pkts  rx-bytes rx-error tx-pkts  tx-bytes tx-error
---------------- -------- -------- -------- -------- -------- -------- --------
0000000000000002        1        0        0        0       91     7098        0
0000000000000002        2      124     9128        0      127     9308        0
0000000000000002        3      123     9068        0      127     9308        0
datapath         in-port  eth-dst           out-port packets  bytes
---------------- -------- ----------------- -------- -------- --------
==================================== link detector ====================================

----------------------------
src    dst :    delay
1 <---> 2 : 12.968063354492188
1 <---> 3 : 16.694068908691406
3 <---> 2 : 17.12322235107422
3 <---> 1 : 15.466451644897461
2 <---> 1 : 10.974884033203125
2 <---> 3 : 15.772342681884766
discovery--->==================================== discovery ====================================
discovery---> cls: [(1, 2), (1, 3), (2, 3)]
discovery--->=============================================================================
datapath         port     rx-pkts  rx-bytes rx-error tx-pkts  tx-bytes tx-error
---------------- -------- -------- -------- -------- -------- -------- --------
0000000000000003        1        0        0        0       97     7566        0
0000000000000003        2      130     9488        0      131     9548        0
0000000000000003        3      132     9608        0      129     9428        0
datapath         in-port  eth-dst           out-port packets  bytes
---------------- -------- ----------------- -------- -------- --------
datapath         port     rx-pkts  rx-bytes rx-error tx-pkts  tx-bytes tx-error
---------------- -------- -------- -------- -------- -------- -------- --------
0000000000000001        1        0        0        0       97     7566        0
0000000000000001        2      132     9608        0      129     9428        0
0000000000000001        3      131     9548        0      130     9488        0
datapath         in-port  eth-dst           out-port packets  bytes
---------------- -------- ----------------- -------- -------- --------
datapath         port     rx-pkts  rx-bytes rx-error tx-pkts  tx-bytes tx-error
---------------- -------- -------- -------- -------- -------- -------- --------
0000000000000002        1        0        0        0       96     7488        0
0000000000000002        2      129     9428        0      132     9608        0
0000000000000002        3      129     9428        0      132     9608        0
datapath         in-port  eth-dst           out-port packets  bytes
---------------- -------- ----------------- -------- -------- --------
==================================== link detector ====================================

----------------------------
src    dst :    delay
1 <---> 2 : 13.270378112792969
1 <---> 3 : 16.989946365356445
3 <---> 2 : 16.060352325439453
3 <---> 1 : 15.16270637512207
2 <---> 1 : 12.939453125
2 <---> 3 : 16.033411026000977
loading app network_structure.py
Matplotlib created a temporary config/cache directory at /tmp/matplotlib-ub0o6s8i because the default path (/home/terry/.config/matplotlib) is not a writable directory; it is highly recommended to set the MPLCONFIGDIR environment variable to a writable directory, in particular to speed up the import of Matplotlib and to better support multiprocessing.
Generating new fontManager, this may take some time...
Failed to extract font properties from /usr/share/fonts/truetype/noto/NotoColorEmoji.ttf: In FT2Font: Can not load face.  Unknown file format.
loading app network_monitor.py
loading app network_delay.py
loading app ryu.controller.ofp_handler
instantiating app None of Switches
creating context switches
instantiating app network_structure.py of NetworkStructure
instantiating app network_monitor.py of NetworkMonitor
instantiating app network_delay.py of NetworkDelay
instantiating app ryu.controller.ofp_handler of OFPHandler
discovery---> AccessPoint: 1 connected
discovery---> AccessPoint: 2 connected
discovery---> AccessPoint: 3 connected
monitor---->register datapath: 1000000000000001
monitor---->register datapath: 1000000000000003
monitor---->register datapath: 1000000000000002
==================================== link detector ====================================

----------------------------
src    dst :    delay
1 <---> 3 : 12.98666000366211
1 <---> 2 : 16.999244689941406
3 <---> 1 : 11.259794235229492
3 <---> 2 : 17.000675201416016
2 <---> 1 : 16.21842384338379
2 <---> 3 : 15.494108200073242
discovery--->==================================== discovery ====================================
discovery---> cls: [(1, 3), (1, 2), (3, 2)]
discovery--->=============================================================================
datapath         port     rx-pkts  rx-bytes rx-error tx-pkts  tx-bytes tx-error
---------------- -------- -------- -------- -------- -------- -------- --------
0000000000000001        1        0        0        0      103     8034        0
0000000000000001        2      139    10028        0      135     9788        0
0000000000000001        3      136     9848        0      137     9908        0
datapath         in-port  eth-dst           out-port packets  bytes
---------------- -------- ----------------- -------- -------- --------
datapath         port     rx-pkts  rx-bytes rx-error tx-pkts  tx-bytes tx-error
---------------- -------- -------- -------- -------- -------- -------- --------
0000000000000002        1        0        0        0      103     8034        0
0000000000000002        2      137     9908        0      136     9848        0
0000000000000002        3      139    10028        0      134     9728        0
datapath         in-port  eth-dst           out-port packets  bytes
---------------- -------- ----------------- -------- -------- --------
datapath         port     rx-pkts  rx-bytes rx-error tx-pkts  tx-bytes tx-error
---------------- -------- -------- -------- -------- -------- -------- --------
0000000000000003        1        0        0        0      102     7956        0
0000000000000003        2      135     9788        0      139    10028        0
0000000000000003        3      134     9728        0      139    10028        0
datapath         in-port  eth-dst           out-port packets  bytes
---------------- -------- ----------------- -------- -------- --------
==================================== link detector ====================================

----------------------------
src    dst :    delay
1 <---> 3 : 12.928962707519531
1 <---> 2 : 17.084360122680664
3 <---> 1 : 11.667490005493164
3 <---> 2 : 17.127275466918945
2 <---> 1 : 15.800952911376953
2 <---> 3 : 15.758037567138672
==================================== link detector ====================================

----------------------------
src    dst :    delay
1 <---> 3 : 11.730432510375977
1 <---> 2 : 16.793012619018555
3 <---> 1 : 11.36016845703125
3 <---> 2 : 15.580892562866211
2 <---> 1 : 16.930580139160156
2 <---> 3 : 17.032384872436523
discovery--->==================================== discovery ====================================
discovery---> cls: [(1, 3), (1, 2), (3, 2)]
discovery--->=============================================================================
datapath         port     rx-pkts  rx-bytes rx-error tx-pkts  tx-bytes tx-error
---------------- -------- -------- -------- -------- -------- -------- --------
0000000000000001        1        0        0        0      108     8424        0
0000000000000001        2      144    10328        0      140    10088        0
0000000000000001        3      142    10208        0      142    10208        0
datapath         in-port  eth-dst           out-port packets  bytes
---------------- -------- ----------------- -------- -------- --------
datapath         port     rx-pkts  rx-bytes rx-error tx-pkts  tx-bytes tx-error
---------------- -------- -------- -------- -------- -------- -------- --------
0000000000000003        1        0        0        0      107     8346        0
0000000000000003        2      140    10088        0      144    10328        0
0000000000000003        3      140    10088        0      144    10328        0
datapath         in-port  eth-dst           out-port packets  bytes
---------------- -------- ----------------- -------- -------- --------
datapath         port     rx-pkts  rx-bytes rx-error tx-pkts  tx-bytes tx-error
---------------- -------- -------- -------- -------- -------- -------- --------
0000000000000002        1        0        0        0      109     8502        0
0000000000000002        2      142    10208        0      142    10208        0
0000000000000002        3      144    10328        0      140    10088        0
datapath         in-port  eth-dst           out-port packets  bytes
---------------- -------- ----------------- -------- -------- --------
==================================== link detector ====================================

----------------------------
src    dst :    delay
1 <---> 3 : 12.825965881347656
1 <---> 2 : 16.904830932617188
3 <---> 1 : 11.06882095336914
3 <---> 2 : 16.964197158813477
2 <---> 1 : 16.173124313354492
2 <---> 3 : 15.148162841796875
discovery--->==================================== discovery ====================================
discovery---> cls: [(1, 3), (1, 2), (3, 2)]
discovery--->=============================================================================
datapath         port     rx-pkts  rx-bytes rx-error tx-pkts  tx-bytes tx-error
---------------- -------- -------- -------- -------- -------- -------- --------
0000000000000001        1        0        0        0      114     8892        0
0000000000000001        2      150    10688        0      146    10448        0
0000000000000001        3      147    10508        0      148    10568        0
datapath         in-port  eth-dst           out-port packets  bytes
---------------- -------- ----------------- -------- -------- --------
datapath         port     rx-pkts  rx-bytes rx-error tx-pkts  tx-bytes tx-error
---------------- -------- -------- -------- -------- -------- -------- --------
0000000000000003        1        0        0        0      113     8814        0
0000000000000003        2      146    10448        0      150    10688        0
0000000000000003        3      145    10388        0      150    10688        0
datapath         in-port  eth-dst           out-port packets  bytes
---------------- -------- ----------------- -------- -------- --------
datapath         port     rx-pkts  rx-bytes rx-error tx-pkts  tx-bytes tx-error
---------------- -------- -------- -------- -------- -------- -------- --------
0000000000000002        1        0        0        0      114     8892        0
0000000000000002        2      148    10568        0      147    10508        0
0000000000000002        3      150    10688        0      145    10388        0
datapath         in-port  eth-dst           out-port packets  bytes
---------------- -------- ----------------- -------- -------- --------
==================================== link detector ====================================

----------------------------
src    dst :    delay
1 <---> 3 : 11.12508773803711
1 <---> 2 : 15.754461288452148
3 <---> 1 : 12.918710708618164
3 <---> 2 : 15.445470809936523
2 <---> 1 : 16.86549186706543
2 <---> 3 : 17.085552215576172
==================================== link detector ====================================

----------------------------
src    dst :    delay
1 <---> 3 : 11.233806610107422
1 <---> 2 : 16.676902770996094
3 <---> 1 : 11.823415756225586
3 <---> 2 : 15.226125717163086
2 <---> 1 : 15.190601348876953
2 <---> 3 : 17.175674438476562
discovery--->==================================== discovery ====================================
discovery---> cls: [(1, 3), (1, 2), (3, 2)]
discovery--->=============================================================================
datapath         port     rx-pkts  rx-bytes rx-error tx-pkts  tx-bytes tx-error
---------------- -------- -------- -------- -------- -------- -------- --------
0000000000000001        1        0        0        0      120     9360        0
0000000000000001        2      155    10988        0      152    10808        0
0000000000000001        3      153    10868        0      153    10868        0
datapath         in-port  eth-dst           out-port packets  bytes
---------------- -------- ----------------- -------- -------- --------
datapath         port     rx-pkts  rx-bytes rx-error tx-pkts  tx-bytes tx-error
---------------- -------- -------- -------- -------- -------- -------- --------
0000000000000002        1        0        0        0      120     9360        0
0000000000000002        2      153    10868        0      153    10868        0
0000000000000002        3      155    10988        0      151    10748        0
datapath         in-port  eth-dst           out-port packets  bytes
---------------- -------- ----------------- -------- -------- --------
datapath         port     rx-pkts  rx-bytes rx-error tx-pkts  tx-bytes tx-error
---------------- -------- -------- -------- -------- -------- -------- --------
0000000000000003        1        0        0        0      118     9204        0
0000000000000003        2      152    10808        0      155    10988        0
0000000000000003        3      151    10748        0      155    10988        0
datapath         in-port  eth-dst           out-port packets  bytes
---------------- -------- ----------------- -------- -------- --------
==================================== link detector ====================================

----------------------------
src    dst :    delay
1 <---> 3 : 13.259410858154297
1 <---> 2 : 15.84625244140625
3 <---> 1 : 11.412858963012695
3 <---> 2 : 15.80810546875
2 <---> 1 : 17.15564727783203
2 <---> 3 : 17.174243927001953
discovery--->==================================== discovery ====================================
discovery---> cls: [(1, 3), (1, 2), (3, 2)]
discovery--->=============================================================================
datapath         port     rx-pkts  rx-bytes rx-error tx-pkts  tx-bytes tx-error
---------------- -------- -------- -------- -------- -------- -------- --------
0000000000000001        1        0        0        0      125     9750        0
0000000000000001        2      161    11348        0      157    11108        0
0000000000000001        3      158    11168        0      159    11228        0
datapath         in-port  eth-dst           out-port packets  bytes
---------------- -------- ----------------- -------- -------- --------
datapath         port     rx-pkts  rx-bytes rx-error tx-pkts  tx-bytes tx-error
---------------- -------- -------- -------- -------- -------- -------- --------
0000000000000003        1        0        0        0      124     9672        0
0000000000000003        2      157    11108        0      161    11348        0
0000000000000003        3      156    11048        0      161    11348        0
datapath         in-port  eth-dst           out-port packets  bytes
---------------- -------- ----------------- -------- -------- --------
datapath         port     rx-pkts  rx-bytes rx-error tx-pkts  tx-bytes tx-error
---------------- -------- -------- -------- -------- -------- -------- --------
0000000000000002        1        0        0        0      125     9750        0
0000000000000002        2      159    11228        0      158    11168        0
0000000000000002        3      161    11348        0      156    11048        0
datapath         in-port  eth-dst           out-port packets  bytes
---------------- -------- ----------------- -------- -------- --------
==================================== link detector ====================================

----------------------------
src    dst :    delay
1 <---> 3 : 12.900352478027344
1 <---> 2 : 15.689611434936523
3 <---> 1 : 12.326240539550781
3 <---> 2 : 15.43569564819336
2 <---> 1 : 16.686439514160156
2 <---> 3 : 15.146493911743164
==================================== link detector ====================================

----------------------------
src    dst :    delay
1 <---> 3 : 13.014554977416992
1 <---> 2 : 17.02117919921875
3 <---> 1 : 12.733697891235352
3 <---> 2 : 16.736268997192383
2 <---> 1 : 15.233755111694336
2 <---> 3 : 16.94631576538086
discovery--->==================================== discovery ====================================
discovery---> cls: [(1, 3), (1, 2), (3, 2)]
discovery--->=============================================================================
datapath         port     rx-pkts  rx-bytes rx-error tx-pkts  tx-bytes tx-error
---------------- -------- -------- -------- -------- -------- -------- --------
0000000000000001        1        0        0        0      131    10218        0
0000000000000001        2      167    11708        0      163    11468        0
0000000000000001        3      164    11528        0      164    11528        0
datapath         in-port  eth-dst           out-port packets  bytes
---------------- -------- ----------------- -------- -------- --------
datapath         port     rx-pkts  rx-bytes rx-error tx-pkts  tx-bytes tx-error
---------------- -------- -------- -------- -------- -------- -------- --------
0000000000000003        1        0        0        0      130    10140        0
0000000000000003        2      163    11468        0      167    11708        0
0000000000000003        3      162    11408        0      166    11648        0
datapath         in-port  eth-dst           out-port packets  bytes
---------------- -------- ----------------- -------- -------- --------
datapath         port     rx-pkts  rx-bytes rx-error tx-pkts  tx-bytes tx-error
---------------- -------- -------- -------- -------- -------- -------- --------
0000000000000002        1        0        0        0      131    10218        0
0000000000000002        2      164    11528        0      164    11528        0
0000000000000002        3      166    11648        0      162    11408        0
datapath         in-port  eth-dst           out-port packets  bytes
---------------- -------- ----------------- -------- -------- --------
==================================== link detector ====================================

----------------------------
src    dst :    delay
1 <---> 3 : 13.053178787231445
1 <---> 2 : 15.186309814453125
3 <---> 1 : 12.847185134887695
3 <---> 2 : 17.02737808227539
2 <---> 1 : 16.88075065612793
2 <---> 3 : 16.829490661621094
==================================== link detector ====================================

----------------------------
src    dst :    delay
1 <---> 3 : 13.033866882324219
1 <---> 2 : 16.863107681274414
3 <---> 1 : 11.035442352294922
3 <---> 2 : 16.846179962158203
2 <---> 1 : 17.10057258605957
2 <---> 3 : 17.171382904052734
datapath         port     rx-pkts  rx-bytes rx-error tx-pkts  tx-bytes tx-error
---------------- -------- -------- -------- -------- -------- -------- --------
0000000000000001        1        0        0        0      136    10608        0
0000000000000001        2      172    12008        0      168    11768        0
0000000000000001        3      169    11828        0      170    11888        0
datapath         in-port  eth-dst           out-port packets  bytes
---------------- -------- ----------------- -------- -------- --------
datapath         port     rx-pkts  rx-bytes rx-error tx-pkts  tx-bytes tx-error
---------------- -------- -------- -------- -------- -------- -------- --------
0000000000000002        1        0        0        0      136    10608        0
0000000000000002        2      170    11888        0      169    11828        0
0000000000000002        3      172    12008        0      167    11708        0
datapath         in-port  eth-dst           out-port packets  bytes
---------------- -------- ----------------- -------- -------- --------
datapath         port     rx-pkts  rx-bytes rx-error tx-pkts  tx-bytes tx-error
---------------- -------- -------- -------- -------- -------- -------- --------
0000000000000003        1        0        0        0      135    10530        0
0000000000000003        2      168    11768        0      172    12008        0
0000000000000003        3      167    11708        0      172    12008        0
datapath         in-port  eth-dst           out-port packets  bytes
---------------- -------- ----------------- -------- -------- --------
discovery--->==================================== discovery ====================================
discovery---> cls: [(1, 3), (1, 2), (3, 2)]
discovery--->=============================================================================
==================================== link detector ====================================

----------------------------
src    dst :    delay
1 <---> 3 : 13.14997673034668
1 <---> 2 : 16.994953155517578
3 <---> 1 : 12.847423553466797
3 <---> 2 : 16.904115676879883
2 <---> 1 : 16.97683334350586
2 <---> 3 : 15.12598991394043
datapath         port     rx-pkts  rx-bytes rx-error tx-pkts  tx-bytes tx-error
---------------- -------- -------- -------- -------- -------- -------- --------
0000000000000001        1        0        0        0      142    11076        0
0000000000000001        2      178    12368        0      174    12128        0
0000000000000001        3      175    12188        0      176    12248        0
datapath         in-port  eth-dst           out-port packets  bytes
---------------- -------- ----------------- -------- -------- --------
datapath         port     rx-pkts  rx-bytes rx-error tx-pkts  tx-bytes tx-error
---------------- -------- -------- -------- -------- -------- -------- --------
0000000000000003        1        0        0        0      141    10998        0
0000000000000003        2      174    12128        0      178    12368        0
0000000000000003        3      173    12068        0      178    12368        0
datapath         in-port  eth-dst           out-port packets  bytes
---------------- -------- ----------------- -------- -------- --------
datapath         port     rx-pkts  rx-bytes rx-error tx-pkts  tx-bytes tx-error
---------------- -------- -------- -------- -------- -------- -------- --------
0000000000000002        1        0        0        0      142    11076        0
0000000000000002        2      176    12248        0      175    12188        0
0000000000000002        3      178    12368        0      173    12068        0
datapath         in-port  eth-dst           out-port packets  bytes
---------------- -------- ----------------- -------- -------- --------
discovery--->==================================== discovery ====================================
discovery---> cls: [(1, 3), (1, 2), (3, 2)]
discovery--->=============================================================================
==================================== link detector ====================================

----------------------------
src    dst :    delay
1 <---> 3 : 11.36636734008789
1 <---> 2 : 16.972780227661133
3 <---> 1 : 12.376546859741211
3 <---> 2 : 16.596555709838867
2 <---> 1 : 17.074108123779297
2 <---> 3 : 16.835927963256836
==================================== link detector ====================================

----------------------------
src    dst :    delay
1 <---> 3 : 12.494564056396484
1 <---> 2 : 17.0133113861084
3 <---> 1 : 11.384725570678711
3 <---> 2 : 16.750335693359375
2 <---> 1 : 15.194177627563477
2 <---> 3 : 15.499353408813477
datapath         port     rx-pkts  rx-bytes rx-error tx-pkts  tx-bytes tx-error
---------------- -------- -------- -------- -------- -------- -------- --------
0000000000000001        1        0        0        0      147    11466        0
0000000000000001        2      183    12668        0      179    12428        0
0000000000000001        3      180    12488        0      181    12548        0
datapath         in-port  eth-dst           out-port packets  bytes
---------------- -------- ----------------- -------- -------- --------
discovery--->==================================== discovery ====================================
discovery---> cls: [(1, 3), (1, 2), (3, 2)]
discovery--->=============================================================================
datapath         port     rx-pkts  rx-bytes rx-error tx-pkts  tx-bytes tx-error
---------------- -------- -------- -------- -------- -------- -------- --------
0000000000000003        1        0        0        0      146    11388        0
0000000000000003        2      179    12428        0      183    12668        0
0000000000000003        3      179    12428        0      183    12668        0
datapath         in-port  eth-dst           out-port packets  bytes
---------------- -------- ----------------- -------- -------- --------
datapath         port     rx-pkts  rx-bytes rx-error tx-pkts  tx-bytes tx-error
---------------- -------- -------- -------- -------- -------- -------- --------
0000000000000002        1        0        0        0      147    11466        0
0000000000000002        2      181    12548        0      180    12488        0
0000000000000002        3      183    12668        0      179    12428        0
datapath         in-port  eth-dst           out-port packets  bytes
---------------- -------- ----------------- -------- -------- --------
==================================== link detector ====================================

----------------------------
src    dst :    delay
1 <---> 3 : 12.02249526977539
1 <---> 2 : 15.449047088623047
3 <---> 1 : 13.04173469543457
3 <---> 2 : 15.19775390625
2 <---> 1 : 16.560792922973633
2 <---> 3 : 15.181779861450195
datapath         port     rx-pkts  rx-bytes rx-error tx-pkts  tx-bytes tx-error
---------------- -------- -------- -------- -------- -------- -------- --------
0000000000000001        1        0        0        0      153    11934        0
0000000000000001        2      189    13028        0      185    12788        0
0000000000000001        3      186    12848        0      187    12908        0
datapath         in-port  eth-dst           out-port packets  bytes
---------------- -------- ----------------- -------- -------- --------
datapath         port     rx-pkts  rx-bytes rx-error tx-pkts  tx-bytes tx-error
---------------- -------- -------- -------- -------- -------- -------- --------
0000000000000003        1        0        0        0      152    11856        0
0000000000000003        2      185    12788        0      189    13028        0
0000000000000003        3      184    12728        0      189    13028        0
datapath         in-port  eth-dst           out-port packets  bytes
---------------- -------- ----------------- -------- -------- --------
datapath         port     rx-pkts  rx-bytes rx-error tx-pkts  tx-bytes tx-error
---------------- -------- -------- -------- -------- -------- -------- --------
0000000000000002        1        0        0        0      153    11934        0
0000000000000002        2      187    12908        0      186    12848        0
0000000000000002        3      189    13028        0      184    12728        0
datapath         in-port  eth-dst           out-port packets  bytes
---------------- -------- ----------------- -------- -------- --------
discovery--->==================================== discovery ====================================
discovery---> cls: [(1, 3), (1, 2), (3, 2)]
discovery--->=============================================================================
==================================== link detector ====================================

----------------------------
src    dst :    delay
1 <---> 3 : 11.424779891967773
1 <---> 2 : 17.164945602416992
3 <---> 1 : 11.555194854736328
3 <---> 2 : 16.309499740600586
2 <---> 1 : 15.224933624267578
2 <---> 3 : 17.09580421447754
==================================== link detector ====================================

----------------------------
src    dst :    delay
1 <---> 3 : 13.00954818725586
1 <---> 2 : 15.250682830810547
3 <---> 1 : 12.850761413574219
3 <---> 2 : 17.033100128173828
2 <---> 1 : 15.227317810058594
2 <---> 3 : 16.00790023803711
datapath         port     rx-pkts  rx-bytes rx-error tx-pkts  tx-bytes tx-error
---------------- -------- -------- -------- -------- -------- -------- --------
0000000000000001        1        0        0        0      158    12324        0
0000000000000001        2      194    13328        0      190    13088        0
0000000000000001        3      192    13208        0      192    13208        0
datapath         in-port  eth-dst           out-port packets  bytes
---------------- -------- ----------------- -------- -------- --------
datapath         port     rx-pkts  rx-bytes rx-error tx-pkts  tx-bytes tx-error
---------------- -------- -------- -------- -------- -------- -------- --------
0000000000000002        1        0        0        0      159    12402        0
0000000000000002        2      192    13208        0      192    13208        0
0000000000000002        3      194    13328        0      190    13088        0
datapath         in-port  eth-dst           out-port packets  bytes
---------------- -------- ----------------- -------- -------- --------
datapath         port     rx-pkts  rx-bytes rx-error tx-pkts  tx-bytes tx-error
---------------- -------- -------- -------- -------- -------- -------- --------
0000000000000003        1        0        0        0      157    12246        0
0000000000000003        2      190    13088        0      194    13328        0
0000000000000003        3      190    13088        0      194    13328        0
datapath         in-port  eth-dst           out-port packets  bytes
---------------- -------- ----------------- -------- -------- --------
discovery--->==================================== discovery ====================================
discovery---> cls: [(1, 3), (1, 2), (3, 2)]
discovery--->=============================================================================
==================================== link detector ====================================

----------------------------
src    dst :    delay
1 <---> 3 : 13.05532455444336
1 <---> 2 : 15.294551849365234
3 <---> 1 : 13.067007064819336
3 <---> 2 : 15.326738357543945
2 <---> 1 : 17.01641082763672
2 <---> 3 : 17.194747924804688
==================================== link detector ====================================

----------------------------
src    dst :    delay
1 <---> 3 : 12.911796569824219
1 <---> 2 : 17.028331756591797
3 <---> 1 : 11.462926864624023
3 <---> 2 : 17.033815383911133
2 <---> 1 : 15.228509902954102
2 <---> 3 : 17.00758934020996
datapath         port     rx-pkts  rx-bytes rx-error tx-pkts  tx-bytes tx-error
---------------- -------- -------- -------- -------- -------- -------- --------
0000000000000001        1        0        0        0      164    12792        0
0000000000000001        2      200    13688        0      196    13448        0
0000000000000001        3      197    13508        0      198    13568        0
datapath         in-port  eth-dst           out-port packets  bytes
---------------- -------- ----------------- -------- -------- --------
datapath         port     rx-pkts  rx-bytes rx-error tx-pkts  tx-bytes tx-error
---------------- -------- -------- -------- -------- -------- -------- --------
0000000000000002        1        0        0        0      164    12792        0
0000000000000002        2      198    13568        0      197    13508        0
0000000000000002        3      200    13688        0      195    13388        0
datapath         in-port  eth-dst           out-port packets  bytes
---------------- -------- ----------------- -------- -------- --------
datapath         port     rx-pkts  rx-bytes rx-error tx-pkts  tx-bytes tx-error
---------------- -------- -------- -------- -------- -------- -------- --------
0000000000000003        1        0        0        0      163    12714        0
0000000000000003        2      196    13448        0      200    13688        0
0000000000000003        3      195    13388        0      200    13688        0
datapath         in-port  eth-dst           out-port packets  bytes
---------------- -------- ----------------- -------- -------- --------
discovery--->==================================== discovery ====================================
discovery---> cls: [(1, 3), (1, 2), (3, 2)]
discovery--->=============================================================================
==================================== link detector ====================================

----------------------------
src    dst :    delay
1 <---> 3 : 13.03410530090332
1 <---> 2 : 15.471935272216797
3 <---> 1 : 13.010025024414062
3 <---> 2 : 17.06719398498535
2 <---> 1 : 15.878438949584961
2 <---> 3 : 16.902446746826172
datapath         port     rx-pkts  rx-bytes rx-error tx-pkts  tx-bytes tx-error
---------------- -------- -------- -------- -------- -------- -------- --------
0000000000000001        1        0        0        0      170    13260        0
0000000000000001        2      205    13988        0      202    13808        0
0000000000000001        3      203    13868        0      203    13868        0
datapath         in-port  eth-dst           out-port packets  bytes
---------------- -------- ----------------- -------- -------- --------
datapath         port     rx-pkts  rx-bytes rx-error tx-pkts  tx-bytes tx-error
---------------- -------- -------- -------- -------- -------- -------- --------
0000000000000002        1        0        0        0      170    13260        0
0000000000000002        2      203    13868        0      203    13868        0
0000000000000002        3      205    13988        0      201    13748        0
datapath         in-port  eth-dst           out-port packets  bytes
---------------- -------- ----------------- -------- -------- --------
datapath         port     rx-pkts  rx-bytes rx-error tx-pkts  tx-bytes tx-error
---------------- -------- -------- -------- -------- -------- -------- --------
0000000000000003        1        0        0        0      168    13104        0
0000000000000003        2      202    13808        0      205    13988        0
0000000000000003        3      201    13748        0      205    13988        0
datapath         in-port  eth-dst           out-port packets  bytes
---------------- -------- ----------------- -------- -------- --------
discovery--->==================================== discovery ====================================
discovery---> cls: [(1, 3), (1, 2), (3, 2)]
discovery--->=============================================================================
==================================== link detector ====================================

----------------------------
src    dst :    delay
1 <---> 3 : 11.426210403442383
1 <---> 2 : 15.97452163696289
3 <---> 1 : 11.097431182861328
3 <---> 2 : 15.104055404663086
2 <---> 1 : 16.974925994873047
2 <---> 3 : 17.034530639648438
==================================== link detector ====================================

----------------------------
src    dst :    delay
1 <---> 3 : 12.226104736328125
1 <---> 2 : 17.250776290893555
3 <---> 1 : 11.216878890991211
3 <---> 2 : 17.124176025390625
2 <---> 1 : 16.74365997314453
2 <---> 3 : 14.969825744628906
datapath         port     rx-pkts  rx-bytes rx-error tx-pkts  tx-bytes tx-error
---------------- -------- -------- -------- -------- -------- -------- --------
0000000000000001        1        0        0        0      175    13650        0
0000000000000001        2      211    14348        0      207    14108        0
0000000000000001        3      208    14168        0      209    14228        0
datapath         in-port  eth-dst           out-port packets  bytes
---------------- -------- ----------------- -------- -------- --------
datapath         port     rx-pkts  rx-bytes rx-error tx-pkts  tx-bytes tx-error
---------------- -------- -------- -------- -------- -------- -------- --------
0000000000000002        1        0        0        0      175    13650        0
0000000000000002        2      209    14228        0      208    14168        0
0000000000000002        3      211    14348        0      206    14048        0
datapath         in-port  eth-dst           out-port packets  bytes
---------------- -------- ----------------- -------- -------- --------
datapath         port     rx-pkts  rx-bytes rx-error tx-pkts  tx-bytes tx-error
---------------- -------- -------- -------- -------- -------- -------- --------
0000000000000003        1        0        0        0      174    13572        0
0000000000000003        2      207    14108        0      211    14348        0
0000000000000003        3      206    14048        0      211    14348        0
datapath         in-port  eth-dst           out-port packets  bytes
---------------- -------- ----------------- -------- -------- --------
discovery--->==================================== discovery ====================================
discovery---> cls: [(1, 3), (1, 2), (3, 2)]
discovery--->=============================================================================
==================================== link detector ====================================

----------------------------
src    dst :    delay
1 <---> 3 : 11.266946792602539
1 <---> 2 : 15.627861022949219
3 <---> 1 : 12.985706329345703
3 <---> 2 : 15.27714729309082
2 <---> 1 : 16.750097274780273
2 <---> 3 : 16.059160232543945
datapath         port     rx-pkts  rx-bytes rx-error tx-pkts  tx-bytes tx-error
---------------- -------- -------- -------- -------- -------- -------- --------
0000000000000001        1        0        0        0      181    14118        0
0000000000000001        2      216    14648        0      213    14468        0
0000000000000001        3      214    14528        0      214    14528        0
datapath         in-port  eth-dst           out-port packets  bytes
---------------- -------- ----------------- -------- -------- --------
datapath         port     rx-pkts  rx-bytes rx-error tx-pkts  tx-bytes tx-error
---------------- -------- -------- -------- -------- -------- -------- --------
0000000000000003        1        0        0        0      180    14040        0
0000000000000003        2      213    14468        0      216    14648        0
0000000000000003        3      212    14408        0      216    14648        0
datapath         in-port  eth-dst           out-port packets  bytes
---------------- -------- ----------------- -------- -------- --------
datapath         port     rx-pkts  rx-bytes rx-error tx-pkts  tx-bytes tx-error
---------------- -------- -------- -------- -------- -------- -------- --------
0000000000000002        1        0        0        0      181    14118        0
0000000000000002        2      214    14528        0      214    14528        0
0000000000000002        3      216    14648        0      212    14408        0
datapath         in-port  eth-dst           out-port packets  bytes
---------------- -------- ----------------- -------- -------- --------
discovery--->==================================== discovery ====================================
discovery---> cls: [(1, 3), (1, 2), (3, 2)]
discovery--->=============================================================================
==================================== link detector ====================================

----------------------------
src    dst :    delay
1 <---> 3 : 11.136293411254883
1 <---> 2 : 16.921043395996094
3 <---> 1 : 10.985851287841797
3 <---> 2 : 15.478849411010742
2 <---> 1 : 16.69788360595703
2 <---> 3 : 15.31219482421875
