loading app network_structure.py
loading app network_monitor.py
loading app network_delay.py
loading app network_shortest_path.py
loading app arp_handler.py
loading app ryu.controller.ofp_handler
instantiating app None of Switches
creating context switches
instantiating app network_structure.py of NetworkStructure
instantiating app network_monitor.py of NetworkMonitor
instantiating app network_delay.py of NetworkDelay
instantiating app network_shortest_path.py of NetworkShortestPath
instantiating app arp_handler.py of ArpHandler
instantiating app ryu.controller.ofp_handler of OFPHandler
discovery---> switch: 4 connected
discovery---> switch: 5 connected
discovery---> switch: 3 connected
discovery---> switch: 1 connected
discovery---> switch: 2 connected
monitor---->register datapath: 0000000000000002
monitor---->register datapath: 0000000000000003
monitor---->register datapath: 0000000000000005
monitor---->register datapath: 0000000000000004
monitor---->register datapath: 0000000000000001
==================================== link detector ====================================

----------------------------
src    dst :    delay
5 <---> 4 : 3.6919116973876953
5 <---> 3 : 6.7596435546875
5 <---> 2 : 3.713369369506836
3 <---> 5 : 4.175424575805664
3 <---> 1 : 4.323005676269531
4 <---> 5 : 6.901979446411133
4 <---> 1 : 4.159212112426758
2 <---> 5 : 6.889820098876953
2 <---> 1 : 4.279851913452148
1 <---> 3 : 6.702661514282227
1 <---> 4 : 7.184743881225586
1 <---> 2 : 5.996227264404297
==================================== link detector ====================================

----------------------------
src    dst :    delay
5 <---> 4 : 3.7813186645507812
5 <---> 3 : 2.580404281616211
5 <---> 2 : 3.7789344787597656
3 <---> 5 : 4.185676574707031
3 <---> 1 : 3.6110877990722656
4 <---> 5 : 3.8497447967529297
4 <---> 1 : 3.7970542907714844
2 <---> 5 : 3.9682388305664062
2 <---> 1 : 3.6606788635253906
1 <---> 3 : 3.720521926879883
1 <---> 4 : 3.9343833923339844
1 <---> 2 : 4.049539566040039
==================================== link detector ====================================

----------------------------
src    dst :    delay
5 <---> 4 : 3.8025379180908203
5 <---> 3 : 2.0265579223632812
5 <---> 2 : 3.973722457885742
3 <---> 5 : 3.7200450897216797
3 <---> 1 : 3.7453174591064453
4 <---> 5 : 3.644227981567383
4 <---> 1 : 3.8537979125976562
2 <---> 5 : 3.938913345336914
2 <---> 1 : 3.7202835083007812
1 <---> 3 : 3.669261932373047
1 <---> 4 : 3.7064552307128906
1 <---> 2 : 3.7240982055664062
datapath         port     rx-pkts  rx-bytes rx-error tx-pkts  tx-bytes tx-error
---------------- -------- -------- -------- -------- -------- -------- --------
0000000000000002        1        6      360        0        5      300        0
0000000000000002        2        6      360        0        6      360        0
datapath         in-port  eth-dst           out-port packets  bytes
---------------- -------- ----------------- -------- -------- --------
datapath         port     rx-pkts  rx-bytes rx-error tx-pkts  tx-bytes tx-error
---------------- -------- -------- -------- -------- -------- -------- --------
0000000000000005        1        6      360        0        6      360        0
0000000000000005        2        6      360        0        6      360        0
0000000000000005        3        6      360        0        6      360        0
0000000000000005        4        8      676        0        6      360        0
datapath         in-port  eth-dst           out-port packets  bytes
---------------- -------- ----------------- -------- -------- --------
datapath         port     rx-pkts  rx-bytes rx-error tx-pkts  tx-bytes tx-error
---------------- -------- -------- -------- -------- -------- -------- --------
0000000000000001        1        5      300        0        6      360        0
0000000000000001        2        5      300        0        6      360        0
0000000000000001        3        6      360        0        6      360        0
0000000000000001        4        8      676        0        5      300        0
0000000000000001        5        8      676        0        5      300        0
0000000000000001        6        8      676        0        5      300        0
datapath         in-port  eth-dst           out-port packets  bytes
---------------- -------- ----------------- -------- -------- --------
datapath         port     rx-pkts  rx-bytes rx-error tx-pkts  tx-bytes tx-error
---------------- -------- -------- -------- -------- -------- -------- --------
0000000000000003        1        6      360        0        5      300        0
0000000000000003        2        6      360        0        6      360        0
datapath         in-port  eth-dst           out-port packets  bytes
---------------- -------- ----------------- -------- -------- --------
datapath         port     rx-pkts  rx-bytes rx-error tx-pkts  tx-bytes tx-error
---------------- -------- -------- -------- -------- -------- -------- --------
0000000000000004        1        6      360        0        6      360        0
0000000000000004        2        6      360        0        6      360        0
datapath         in-port  eth-dst           out-port packets  bytes
---------------- -------- ----------------- -------- -------- --------
==================================== link detector ====================================

----------------------------
src    dst :    delay
5 <---> 4 : 3.6706924438476562
5 <---> 3 : 3.6165714263916016
5 <---> 2 : 3.692150115966797
3 <---> 5 : 3.6444664001464844
3 <---> 1 : 3.7262439727783203
4 <---> 5 : 3.6144256591796875
4 <---> 1 : 3.5855770111083984
2 <---> 5 : 3.229856491088867
2 <---> 1 : 3.6783218383789062
1 <---> 3 : 3.556966781616211
1 <---> 4 : 3.668069839477539
1 <---> 2 : 3.589153289794922
==================================== link detector ====================================

----------------------------
src    dst :    delay
5 <---> 4 : 3.8704872131347656
5 <---> 3 : 3.8938522338867188
5 <---> 2 : 3.606081008911133
3 <---> 5 : 3.6454200744628906
3 <---> 1 : 3.7581920623779297
4 <---> 5 : 3.6513805389404297
4 <---> 1 : 4.237651824951172
2 <---> 5 : 4.233121871948242
2 <---> 1 : 3.773212432861328
1 <---> 3 : 4.040002822875977
1 <---> 4 : 3.671407699584961
1 <---> 2 : 3.738880157470703
==================================== link detector ====================================

----------------------------
src    dst :    delay
5 <---> 4 : 3.5011768341064453
5 <---> 3 : 3.782033920288086
5 <---> 2 : 3.9644241333007812
3 <---> 5 : 4.263162612915039
3 <---> 1 : 4.066228866577148
4 <---> 5 : 3.6780834197998047
4 <---> 1 : 3.644704818725586
2 <---> 5 : 3.826618194580078
2 <---> 1 : 3.5893917083740234
1 <---> 3 : 2.122163772583008
1 <---> 4 : 4.359006881713867
1 <---> 2 : 3.6618709564208984
discovery--->==================================== discovery ====================================
discovery---> cls: [(5, 4), (5, 3), (5, 2), (4, 1), (3, 1), (2, 1)]
discovery--->==============================
datapath         port     rx-pkts  rx-bytes rx-error tx-pkts  tx-bytes tx-error
---------------- -------- -------- -------- -------- -------- -------- --------
0000000000000002        1       11      660        0       11      660        0
0000000000000002        2       11      660        0       12      720        0
datapath         in-port  eth-dst           out-port packets  bytes
---------------- -------- ----------------- -------- -------- --------
datapath         port     rx-pkts  rx-bytes rx-error tx-pkts  tx-bytes tx-error
---------------- -------- -------- -------- -------- -------- -------- --------
0000000000000005        1       12      720        0       11      660        0
0000000000000005        2       11      660        0       12      720        0
0000000000000005        3       12      720        0       11      660        0
0000000000000005        4        9      746        0       11      660        0
datapath         in-port  eth-dst           out-port packets  bytes
---------------- -------- ----------------- -------- -------- --------
datapath         port     rx-pkts  rx-bytes rx-error tx-pkts  tx-bytes tx-error
---------------- -------- -------- -------- -------- -------- -------- --------
0000000000000001        1       11      660        0       11      660        0
0000000000000001        2       11      660        0       12      720        0
0000000000000001        3       11      660        0       12      720        0
0000000000000001        4        9      746        0       11      660        0
0000000000000001        5        8      676        0       11      660        0
0000000000000001        6        9      746        0       11      660        0
datapath         in-port  eth-dst           out-port packets  bytes
---------------- -------- ----------------- -------- -------- --------
datapath         port     rx-pkts  rx-bytes rx-error tx-pkts  tx-bytes tx-error
---------------- -------- -------- -------- -------- -------- -------- --------
0000000000000003        1       12      720        0       11      660        0
0000000000000003        2       12      720        0       11      660        0
datapath         in-port  eth-dst           out-port packets  bytes
---------------- -------- ----------------- -------- -------- --------
datapath         port     rx-pkts  rx-bytes rx-error tx-pkts  tx-bytes tx-error
---------------- -------- -------- -------- -------- -------- -------- --------
0000000000000004        1       12      720        0       11      660        0
0000000000000004        2       11      660        0       12      720        0
datapath         in-port  eth-dst           out-port packets  bytes
---------------- -------- ----------------- -------- -------- --------
==================================== link detector ====================================

----------------------------
src    dst :    delay
5 <---> 4 : 3.897428512573242
5 <---> 3 : 3.6458969116210938
5 <---> 2 : 4.096508026123047
3 <---> 5 : 3.7927627563476562
3 <---> 1 : 3.5636425018310547
4 <---> 5 : 3.635406494140625
4 <---> 1 : 4.169464111328125
2 <---> 5 : 3.6754608154296875
2 <---> 1 : 3.5598278045654297
1 <---> 3 : 3.684520721435547
1 <---> 4 : 3.6389827728271484
1 <---> 2 : 4.407644271850586
==================================== link detector ====================================

----------------------------
src    dst :    delay
5 <---> 4 : 4.177093505859375
5 <---> 3 : 3.5419464111328125
5 <---> 2 : 4.246950149536133
3 <---> 5 : 1.9207000732421875
3 <---> 1 : 2.0935535430908203
4 <---> 5 : 3.926992416381836
4 <---> 1 : 4.107236862182617
2 <---> 5 : 3.4966468811035156
2 <---> 1 : 1.9130706787109375
1 <---> 3 : 3.5932064056396484
1 <---> 4 : 3.6172866821289062
1 <---> 2 : 3.724813461303711
==================================== link detector ====================================

----------------------------
src    dst :    delay
5 <---> 4 : 3.654003143310547
5 <---> 3 : 2.2165775299072266
5 <---> 2 : 3.7682056427001953
3 <---> 5 : 3.8051605224609375
3 <---> 1 : 3.7250518798828125
4 <---> 5 : 4.0302276611328125
4 <---> 1 : 2.2139549255371094
2 <---> 5 : 2.2950172424316406
2 <---> 1 : 3.9691925048828125
1 <---> 3 : 3.9696693420410156
1 <---> 4 : 3.7050247192382812
1 <---> 2 : 2.3484230041503906
datapath         port     rx-pkts  rx-bytes rx-error tx-pkts  tx-bytes tx-error
---------------- -------- -------- -------- -------- -------- -------- --------
0000000000000005        1       17     1020        0       17     1020        0
0000000000000005        2       17     1020        0       17     1020        0
0000000000000005        3       17     1020        0       17     1020        0
0000000000000005        4        9      746        0       17     1020        0
datapath         in-port  eth-dst           out-port packets  bytes
---------------- -------- ----------------- -------- -------- --------
datapath         port     rx-pkts  rx-bytes rx-error tx-pkts  tx-bytes tx-error
---------------- -------- -------- -------- -------- -------- -------- --------
0000000000000003        1       17     1020        0       17     1020        0
0000000000000003        2       17     1020        0       17     1020        0
datapath         in-port  eth-dst           out-port packets  bytes
---------------- -------- ----------------- -------- -------- --------
datapath         port     rx-pkts  rx-bytes rx-error tx-pkts  tx-bytes tx-error
---------------- -------- -------- -------- -------- -------- -------- --------
0000000000000004        1       17     1020        0       17     1020        0
0000000000000004        2       17     1020        0       17     1020        0
datapath         in-port  eth-dst           out-port packets  bytes
---------------- -------- ----------------- -------- -------- --------
datapath         port     rx-pkts  rx-bytes rx-error tx-pkts  tx-bytes tx-error
---------------- -------- -------- -------- -------- -------- -------- --------
0000000000000001        1       17     1020        0       17     1020        0
0000000000000001        2       17     1020        0       17     1020        0
0000000000000001        3       17     1020        0       17     1020        0
0000000000000001        4        9      746        0       16      960        0
0000000000000001        5        9      746        0       16      960        0
0000000000000001        6        9      746        0       16      960        0
datapath         in-port  eth-dst           out-port packets  bytes
---------------- -------- ----------------- -------- -------- --------
datapath         port     rx-pkts  rx-bytes rx-error tx-pkts  tx-bytes tx-error
---------------- -------- -------- -------- -------- -------- -------- --------
0000000000000002        1       17     1020        0       17     1020        0
0000000000000002        2       17     1020        0       17     1020        0
datapath         in-port  eth-dst           out-port packets  bytes
---------------- -------- ----------------- -------- -------- --------
==================================== link detector ====================================

----------------------------
src    dst :    delay
5 <---> 4 : 4.047155380249023
5 <---> 3 : 3.60107421875
5 <---> 2 : 3.893613815307617
3 <---> 5 : 4.218339920043945
3 <---> 1 : 4.929542541503906
4 <---> 5 : 3.9703845977783203
4 <---> 1 : 4.770755767822266
2 <---> 5 : 3.849506378173828
2 <---> 1 : 2.1915435791015625
1 <---> 3 : 3.9641857147216797
1 <---> 4 : 3.873109817504883
1 <---> 2 : 3.637552261352539
==================================== link detector ====================================

----------------------------
src    dst :    delay
5 <---> 4 : 3.915071487426758
5 <---> 3 : 3.8576126098632812
5 <---> 2 : 3.931760787963867
3 <---> 5 : 4.256963729858398
3 <---> 1 : 2.1321773529052734
4 <---> 5 : 1.9092559814453125
4 <---> 1 : 4.0149688720703125
2 <---> 5 : 3.666400909423828
2 <---> 1 : 2.4056434631347656
1 <---> 3 : 3.718137741088867
1 <---> 4 : 3.6468505859375
1 <---> 2 : 3.853321075439453
==================================== link detector ====================================

----------------------------
src    dst :    delay
5 <---> 4 : 4.032135009765625
5 <---> 3 : 3.826141357421875
5 <---> 2 : 4.373788833618164
3 <---> 5 : 4.585981369018555
3 <---> 1 : 2.379894256591797
4 <---> 5 : 3.8797855377197266
4 <---> 1 : 2.3813247680664062
2 <---> 5 : 4.024982452392578
2 <---> 1 : 3.8902759552001953
1 <---> 3 : 4.058599472045898
1 <---> 4 : 2.7403831481933594
1 <---> 2 : 3.5178661346435547
discovery--->==================================== discovery ====================================
discovery---> cls: [(5, 4), (5, 3), (5, 2), (4, 1), (3, 1), (2, 1)]
discovery--->==============================
datapath         port     rx-pkts  rx-bytes rx-error tx-pkts  tx-bytes tx-error
---------------- -------- -------- -------- -------- -------- -------- --------
0000000000000003        1       23     1380        0       22     1320        0
0000000000000003        2       23     1380        0       22     1320        0
datapath         in-port  eth-dst           out-port packets  bytes
---------------- -------- ----------------- -------- -------- --------
datapath         port     rx-pkts  rx-bytes rx-error tx-pkts  tx-bytes tx-error
---------------- -------- -------- -------- -------- -------- -------- --------
0000000000000005        1       23     1380        0       22     1320        0
0000000000000005        2       22     1320        0       23     1380        0
0000000000000005        3       23     1380        0       22     1320        0
0000000000000005        4        9      746        0       22     1320        0
datapath         in-port  eth-dst           out-port packets  bytes
---------------- -------- ----------------- -------- -------- --------
datapath         port     rx-pkts  rx-bytes rx-error tx-pkts  tx-bytes tx-error
---------------- -------- -------- -------- -------- -------- -------- --------
0000000000000001        1       22     1320        0       23     1380        0
0000000000000001        2       22     1320        0       23     1380        0
0000000000000001        3       22     1320        0       23     1380        0
0000000000000001        4        9      746        0       22     1320        0
0000000000000001        5        9      746        0       22     1320        0
0000000000000001        6        9      746        0       22     1320        0
datapath         in-port  eth-dst           out-port packets  bytes
---------------- -------- ----------------- -------- -------- --------
datapath         port     rx-pkts  rx-bytes rx-error tx-pkts  tx-bytes tx-error
---------------- -------- -------- -------- -------- -------- -------- --------
0000000000000002        1       23     1380        0       22     1320        0
0000000000000002        2       22     1320        0       23     1380        0
datapath         in-port  eth-dst           out-port packets  bytes
---------------- -------- ----------------- -------- -------- --------
datapath         port     rx-pkts  rx-bytes rx-error tx-pkts  tx-bytes tx-error
---------------- -------- -------- -------- -------- -------- -------- --------
0000000000000004        1       23     1380        0       22     1320        0
0000000000000004        2       22     1320        0       23     1380        0
datapath         in-port  eth-dst           out-port packets  bytes
---------------- -------- ----------------- -------- -------- --------
==================================== link detector ====================================

----------------------------
src    dst :    delay
5 <---> 4 : 3.8743019104003906
5 <---> 3 : 3.3202171325683594
5 <---> 2 : 4.127025604248047
3 <---> 5 : 3.9544105529785156
3 <---> 1 : 3.9348602294921875
4 <---> 5 : 3.936290740966797
4 <---> 1 : 3.714323043823242
2 <---> 5 : 3.9162635803222656
2 <---> 1 : 3.8022994995117188
1 <---> 3 : 3.6149024963378906
1 <---> 4 : 3.948211669921875
1 <---> 2 : 3.9870738983154297
==================================== link detector ====================================

----------------------------
src    dst :    delay
5 <---> 4 : 3.6649703979492188
5 <---> 3 : 5.118131637573242
5 <---> 2 : 4.016876220703125
3 <---> 5 : 2.139568328857422
3 <---> 1 : 4.204511642456055
4 <---> 5 : 5.5103302001953125
4 <---> 1 : 3.9472579956054688
2 <---> 5 : 4.817962646484375
2 <---> 1 : 2.6237964630126953
1 <---> 3 : 2.1202564239501953
1 <---> 4 : 1.8875598907470703
1 <---> 2 : 2.5115013122558594
==================================== link detector ====================================

----------------------------
src    dst :    delay
5 <---> 4 : 4.305124282836914
5 <---> 3 : 3.90625
5 <---> 2 : 4.061698913574219
3 <---> 5 : 2.416849136352539
3 <---> 1 : 3.4570693969726562
4 <---> 5 : 3.8497447967529297
4 <---> 1 : 4.608154296875
2 <---> 5 : 3.8628578186035156
2 <---> 1 : 3.5746097564697266
1 <---> 3 : 1.936197280883789
1 <---> 4 : 2.1543502807617188
1 <---> 2 : 3.9691925048828125
==================================== link detector ====================================

----------------------------
src    dst :    delay
5 <---> 4 : 4.145145416259766
5 <---> 3 : 3.9958953857421875
5 <---> 2 : 3.8383007049560547
3 <---> 5 : 3.808259963989258
3 <---> 1 : 3.8559436798095703
4 <---> 5 : 3.658771514892578
4 <---> 1 : 4.179954528808594
2 <---> 5 : 3.65447998046875
2 <---> 1 : 4.007577896118164
1 <---> 3 : 3.8154125213623047
1 <---> 4 : 4.754066467285156
1 <---> 2 : 4.006624221801758
datapath         port     rx-pkts  rx-bytes rx-error tx-pkts  tx-bytes tx-error
---------------- -------- -------- -------- -------- -------- -------- --------
0000000000000002        1       28     1680        0       28     1680        0
0000000000000002        2       28     1680        0       28     1680        0
datapath         in-port  eth-dst           out-port packets  bytes
---------------- -------- ----------------- -------- -------- --------
datapath         port     rx-pkts  rx-bytes rx-error tx-pkts  tx-bytes tx-error
---------------- -------- -------- -------- -------- -------- -------- --------
0000000000000004        1       28     1680        0       28     1680        0
0000000000000004        2       28     1680        0       28     1680        0
datapath         in-port  eth-dst           out-port packets  bytes
---------------- -------- ----------------- -------- -------- --------
datapath         port     rx-pkts  rx-bytes rx-error tx-pkts  tx-bytes tx-error
---------------- -------- -------- -------- -------- -------- -------- --------
0000000000000003        1       28     1680        0       28     1680        0
0000000000000003        2       28     1680        0       28     1680        0
datapath         in-port  eth-dst           out-port packets  bytes
---------------- -------- ----------------- -------- -------- --------
datapath         port     rx-pkts  rx-bytes rx-error tx-pkts  tx-bytes tx-error
---------------- -------- -------- -------- -------- -------- -------- --------
0000000000000001        1       28     1680        0       28     1680        0
0000000000000001        2       28     1680        0       28     1680        0
0000000000000001        3       28     1680        0       28     1680        0
0000000000000001        4       10      816        0       27     1620        0
0000000000000001        5        9      746        0       28     1680        0
0000000000000001        6       10      816        0       28     1680        0
datapath         in-port  eth-dst           out-port packets  bytes
---------------- -------- ----------------- -------- -------- --------
datapath         port     rx-pkts  rx-bytes rx-error tx-pkts  tx-bytes tx-error
---------------- -------- -------- -------- -------- -------- -------- --------
0000000000000005        1       28     1680        0       28     1680        0
0000000000000005        2       28     1680        0       28     1680        0
0000000000000005        3       28     1680        0       28     1680        0
0000000000000005        4        9      746        0       28     1680        0
datapath         in-port  eth-dst           out-port packets  bytes
---------------- -------- ----------------- -------- -------- --------
==================================== link detector ====================================

----------------------------
src    dst :    delay
5 <---> 4 : 3.802776336669922
5 <---> 3 : 3.973722457885742
5 <---> 2 : 3.6211013793945312
3 <---> 5 : 3.6394596099853516
3 <---> 1 : 3.6737918853759766
4 <---> 5 : 2.6581287384033203
4 <---> 1 : 3.8878917694091797
2 <---> 5 : 3.710031509399414
2 <---> 1 : 4.107236862182617
1 <---> 3 : 3.9823055267333984
1 <---> 4 : 3.912210464477539
1 <---> 2 : 3.596782684326172
==================================== link detector ====================================

----------------------------
src    dst :    delay
5 <---> 4 : 3.9501190185546875
5 <---> 3 : 3.7467479705810547
5 <---> 2 : 3.827333450317383
3 <---> 5 : 3.8475990295410156
3 <---> 1 : 3.845691680908203
4 <---> 5 : 2.2144317626953125
4 <---> 1 : 1.9955635070800781
2 <---> 5 : 3.720521926879883
2 <---> 1 : 3.8301944732666016
1 <---> 3 : 3.554821014404297
1 <---> 4 : 3.9436817169189453
1 <---> 2 : 4.270315170288086
==================================== link detector ====================================

----------------------------
src    dst :    delay
5 <---> 4 : 3.7958621978759766
5 <---> 3 : 3.179788589477539
5 <---> 2 : 4.553318023681641
3 <---> 5 : 4.209995269775391
3 <---> 1 : 4.871606826782227
4 <---> 5 : 4.058837890625
4 <---> 1 : 3.9758682250976562
2 <---> 5 : 2.3069381713867188
2 <---> 1 : 2.040863037109375
1 <---> 3 : 3.2761096954345703
1 <---> 4 : 3.9129257202148438
1 <---> 2 : 4.175424575805664
discovery--->==================================== discovery ====================================
discovery---> cls: [(5, 4), (5, 3), (5, 2), (4, 1), (3, 1), (2, 1)]
discovery--->==============================
datapath         port     rx-pkts  rx-bytes rx-error tx-pkts  tx-bytes tx-error
---------------- -------- -------- -------- -------- -------- -------- --------
0000000000000003        1       34     2040        0       33     1980        0
0000000000000003        2       34     2040        0       33     1980        0
datapath         in-port  eth-dst           out-port packets  bytes
---------------- -------- ----------------- -------- -------- --------
datapath         port     rx-pkts  rx-bytes rx-error tx-pkts  tx-bytes tx-error
---------------- -------- -------- -------- -------- -------- -------- --------
0000000000000005        1       34     2040        0       33     1980        0
0000000000000005        2       33     1980        0       34     2040        0
0000000000000005        3       34     2040        0       33     1980        0
0000000000000005        4       10      816        0       33     1980        0
datapath         in-port  eth-dst           out-port packets  bytes
---------------- -------- ----------------- -------- -------- --------
datapath         port     rx-pkts  rx-bytes rx-error tx-pkts  tx-bytes tx-error
---------------- -------- -------- -------- -------- -------- -------- --------
0000000000000002        1       34     2040        0       33     1980        0
0000000000000002        2       33     1980        0       34     2040        0
datapath         in-port  eth-dst           out-port packets  bytes
---------------- -------- ----------------- -------- -------- --------
datapath         port     rx-pkts  rx-bytes rx-error tx-pkts  tx-bytes tx-error
---------------- -------- -------- -------- -------- -------- -------- --------
0000000000000004        1       34     2040        0       34     2040        0
0000000000000004        2       33     1980        0       34     2040        0
datapath         in-port  eth-dst           out-port packets  bytes
---------------- -------- ----------------- -------- -------- --------
datapath         port     rx-pkts  rx-bytes rx-error tx-pkts  tx-bytes tx-error
---------------- -------- -------- -------- -------- -------- -------- --------
0000000000000001        1       33     1980        0       34     2040        0
0000000000000001        2       33     1980        0       34     2040        0
0000000000000001        3       34     2040        0       34     2040        0
0000000000000001        4       10      816        0       33     1980        0
0000000000000001        5       10      816        0       33     1980        0
0000000000000001        6       10      816        0       33     1980        0
datapath         in-port  eth-dst           out-port packets  bytes
---------------- -------- ----------------- -------- -------- --------
==================================== link detector ====================================

----------------------------
src    dst :    delay
5 <---> 4 : 3.947734832763672
5 <---> 3 : 2.5322437286376953
5 <---> 2 : 3.89862060546875
3 <---> 5 : 4.006862640380859
3 <---> 1 : 3.8509368896484375
4 <---> 5 : 4.233121871948242
4 <---> 1 : 3.8423538208007812
2 <---> 5 : 2.5756359100341797
2 <---> 1 : 4.087209701538086
1 <---> 3 : 4.485845565795898
1 <---> 4 : 4.15492057800293
1 <---> 2 : 4.374504089355469
==================================== link detector ====================================

----------------------------
src    dst :    delay
5 <---> 4 : 3.717660903930664
5 <---> 3 : 3.823995590209961
5 <---> 2 : 4.031896591186523
3 <---> 5 : 4.162073135375977
3 <---> 1 : 3.8611888885498047
4 <---> 5 : 4.033327102661133
4 <---> 1 : 3.8788318634033203
2 <---> 5 : 4.427909851074219
2 <---> 1 : 3.545045852661133
1 <---> 3 : 4.4269561767578125
1 <---> 4 : 2.431631088256836
1 <---> 2 : 4.136800765991211
==================================== link detector ====================================

----------------------------
src    dst :    delay
5 <---> 4 : 4.009723663330078
5 <---> 3 : 4.536867141723633
5 <---> 2 : 5.3882598876953125
3 <---> 5 : 3.7817955017089844
3 <---> 1 : 3.657102584838867
4 <---> 5 : 4.076480865478516
4 <---> 1 : 4.111289978027344
2 <---> 5 : 3.9472579956054688
2 <---> 1 : 3.8802623748779297
1 <---> 3 : 3.645658493041992
1 <---> 4 : 2.7618408203125
1 <---> 2 : 2.2046566009521484
datapath         port     rx-pkts  rx-bytes rx-error tx-pkts  tx-bytes tx-error
---------------- -------- -------- -------- -------- -------- -------- --------
0000000000000002        1       39     2340        0       39     2340        0
0000000000000002        2       39     2340        0       39     2340        0
datapath         in-port  eth-dst           out-port packets  bytes
---------------- -------- ----------------- -------- -------- --------
datapath         port     rx-pkts  rx-bytes rx-error tx-pkts  tx-bytes tx-error
---------------- -------- -------- -------- -------- -------- -------- --------
0000000000000004        1       40     2400        0       39     2340        0
0000000000000004        2       39     2340        0       39     2340        0
datapath         in-port  eth-dst           out-port packets  bytes
---------------- -------- ----------------- -------- -------- --------
datapath         port     rx-pkts  rx-bytes rx-error tx-pkts  tx-bytes tx-error
---------------- -------- -------- -------- -------- -------- -------- --------
0000000000000001        1       39     2340        0       39     2340        0
0000000000000001        2       39     2340        0       39     2340        0
0000000000000001        3       39     2340        0       40     2400        0
0000000000000001        4       10      816        0       39     2340        0
0000000000000001        5       10      816        0       39     2340        0
0000000000000001        6       10      816        0       39     2340        0
datapath         in-port  eth-dst           out-port packets  bytes
---------------- -------- ----------------- -------- -------- --------
datapath         port     rx-pkts  rx-bytes rx-error tx-pkts  tx-bytes tx-error
---------------- -------- -------- -------- -------- -------- -------- --------
0000000000000003        1       39     2340        0       39     2340        0
0000000000000003        2       39     2340        0       39     2340        0
datapath         in-port  eth-dst           out-port packets  bytes
---------------- -------- ----------------- -------- -------- --------
datapath         port     rx-pkts  rx-bytes rx-error tx-pkts  tx-bytes tx-error
---------------- -------- -------- -------- -------- -------- -------- --------
0000000000000005        1       39     2340        0       39     2340        0
0000000000000005        2       39     2340        0       39     2340        0
0000000000000005        3       39     2340        0       39     2340        0
0000000000000005        4       10      816        0       39     2340        0
datapath         in-port  eth-dst           out-port packets  bytes
---------------- -------- ----------------- -------- -------- --------
==================================== link detector ====================================

----------------------------
src    dst :    delay
5 <---> 4 : 2.0117759704589844
5 <---> 3 : 1.950979232788086
5 <---> 2 : 2.4633407592773438
3 <---> 5 : 3.854990005493164
3 <---> 1 : 3.773212432861328
4 <---> 5 : 3.8352012634277344
4 <---> 1 : 2.423524856567383
2 <---> 5 : 2.0821094512939453
2 <---> 1 : 4.129886627197266
1 <---> 3 : 2.7348995208740234
1 <---> 4 : 3.9825439453125
1 <---> 2 : 3.9305686950683594
==================================== link detector ====================================

----------------------------
src    dst :    delay
5 <---> 4 : 3.856182098388672
5 <---> 3 : 3.0167102813720703
5 <---> 2 : 3.8568973541259766
3 <---> 5 : 4.035472869873047
3 <---> 1 : 3.5593509674072266
4 <---> 5 : 2.107858657836914
4 <---> 1 : 3.7298202514648438
2 <---> 5 : 4.404544830322266
2 <---> 1 : 4.164218902587891
1 <---> 3 : 5.382537841796875
1 <---> 4 : 3.7698745727539062
1 <---> 2 : 4.1179656982421875
==================================== link detector ====================================

----------------------------
src    dst :    delay
5 <---> 4 : 3.763437271118164
5 <---> 3 : 4.057407379150391
5 <---> 2 : 4.287004470825195
3 <---> 5 : 4.105567932128906
3 <---> 1 : 4.546642303466797
4 <---> 5 : 4.135847091674805
4 <---> 1 : 4.135370254516602
2 <---> 5 : 3.9892196655273438
2 <---> 1 : 3.7703514099121094
1 <---> 3 : 4.121541976928711
1 <---> 4 : 3.790140151977539
1 <---> 2 : 3.747224807739258
discovery--->==================================== discovery ====================================
discovery---> cls: [(5, 4), (5, 3), (5, 2), (4, 1), (3, 1), (2, 1)]
discovery--->==============================
datapath         port     rx-pkts  rx-bytes rx-error tx-pkts  tx-bytes tx-error
---------------- -------- -------- -------- -------- -------- -------- --------
0000000000000002        1       45     2700        0       44     2640        0
0000000000000002        2       45     2700        0       45     2700        0
datapath         in-port  eth-dst           out-port packets  bytes
---------------- -------- ----------------- -------- -------- --------
datapath         port     rx-pkts  rx-bytes rx-error tx-pkts  tx-bytes tx-error
---------------- -------- -------- -------- -------- -------- -------- --------
0000000000000004        1       45     2700        0       45     2700        0
0000000000000004        2       45     2700        0       45     2700        0
datapath         in-port  eth-dst           out-port packets  bytes
---------------- -------- ----------------- -------- -------- --------
datapath         port     rx-pkts  rx-bytes rx-error tx-pkts  tx-bytes tx-error
---------------- -------- -------- -------- -------- -------- -------- --------
0000000000000003        1       45     2700        0       44     2640        0
0000000000000003        2       45     2700        0       44     2640        0
datapath         in-port  eth-dst           out-port packets  bytes
---------------- -------- ----------------- -------- -------- --------
datapath         port     rx-pkts  rx-bytes rx-error tx-pkts  tx-bytes tx-error
---------------- -------- -------- -------- -------- -------- -------- --------
0000000000000005        1       45     2700        0       45     2700        0
0000000000000005        2       44     2640        0       45     2700        0
0000000000000005        3       45     2700        0       45     2700        0
0000000000000005        4       10      816        0       44     2640        0
datapath         in-port  eth-dst           out-port packets  bytes
---------------- -------- ----------------- -------- -------- --------
datapath         port     rx-pkts  rx-bytes rx-error tx-pkts  tx-bytes tx-error
---------------- -------- -------- -------- -------- -------- -------- --------
0000000000000001        1       44     2640        0       45     2700        0
0000000000000001        2       44     2640        0       45     2700        0
0000000000000001        3       45     2700        0       45     2700        0
0000000000000001        4       10      816        0       44     2640        0
0000000000000001        5       10      816        0       44     2640        0
0000000000000001        6       10      816        0       44     2640        0
datapath         in-port  eth-dst           out-port packets  bytes
---------------- -------- ----------------- -------- -------- --------
==================================== link detector ====================================

----------------------------
src    dst :    delay
5 <---> 4 : 3.7496089935302734
5 <---> 3 : 3.643035888671875
5 <---> 2 : 4.0187835693359375
3 <---> 5 : 2.4564266204833984
3 <---> 1 : 4.015684127807617
4 <---> 5 : 3.591775894165039
4 <---> 1 : 3.824472427368164
2 <---> 5 : 3.7713050842285156
2 <---> 1 : 4.51970100402832
1 <---> 3 : 3.981351852416992
1 <---> 4 : 3.966808319091797
1 <---> 2 : 3.627777099609375
==================================== link detector ====================================

----------------------------
src    dst :    delay
5 <---> 4 : 2.0542144775390625
5 <---> 3 : 3.6742687225341797
5 <---> 2 : 2.213001251220703
3 <---> 5 : 4.1904449462890625
3 <---> 1 : 4.415035247802734
4 <---> 5 : 3.8003921508789062
4 <---> 1 : 2.582550048828125
2 <---> 5 : 3.9548873901367188
2 <---> 1 : 4.191160202026367
1 <---> 3 : 3.977060317993164
1 <---> 4 : 4.26483154296875
1 <---> 2 : 4.544734954833984
==================================== link detector ====================================

----------------------------
src    dst :    delay
5 <---> 4 : 4.217386245727539
5 <---> 3 : 3.7250518798828125
5 <---> 2 : 4.017829895019531
3 <---> 5 : 4.204511642456055
3 <---> 1 : 4.094362258911133
4 <---> 5 : 3.524303436279297
4 <---> 1 : 4.338741302490234
2 <---> 5 : 4.168272018432617
2 <---> 1 : 4.117012023925781
1 <---> 3 : 1.7430782318115234
1 <---> 4 : 4.006147384643555
1 <---> 2 : 3.6911964416503906
datapath         port     rx-pkts  rx-bytes rx-error tx-pkts  tx-bytes tx-error
---------------- -------- -------- -------- -------- -------- -------- --------
0000000000000002        1       50     3000        0       50     3000        0
0000000000000002        2       50     3000        0       50     3000        0
datapath         in-port  eth-dst           out-port packets  bytes
---------------- -------- ----------------- -------- -------- --------
datapath         port     rx-pkts  rx-bytes rx-error tx-pkts  tx-bytes tx-error
---------------- -------- -------- -------- -------- -------- -------- --------
0000000000000004        1       51     3060        0       50     3000        0
0000000000000004        2       50     3000        0       50     3000        0
datapath         in-port  eth-dst           out-port packets  bytes
---------------- -------- ----------------- -------- -------- --------
datapath         port     rx-pkts  rx-bytes rx-error tx-pkts  tx-bytes tx-error
---------------- -------- -------- -------- -------- -------- -------- --------
0000000000000003        1       51     3060        0       50     3000        0
0000000000000003        2       50     3000        0       50     3000        0
datapath         in-port  eth-dst           out-port packets  bytes
---------------- -------- ----------------- -------- -------- --------
datapath         port     rx-pkts  rx-bytes rx-error tx-pkts  tx-bytes tx-error
---------------- -------- -------- -------- -------- -------- -------- --------
0000000000000001        1       50     3000        0       50     3000        0
0000000000000001        2       50     3000        0       51     3060        0
0000000000000001        3       50     3000        0       51     3060        0
0000000000000001        4       10      816        0       50     3000        0
0000000000000001        5       10      816        0       50     3000        0
0000000000000001        6       10      816        0       50     3000        0
datapath         in-port  eth-dst           out-port packets  bytes
---------------- -------- ----------------- -------- -------- --------
datapath         port     rx-pkts  rx-bytes rx-error tx-pkts  tx-bytes tx-error
---------------- -------- -------- -------- -------- -------- -------- --------
0000000000000005        1       50     3000        0       50     3000        0
0000000000000005        2       50     3000        0       50     3000        0
0000000000000005        3       50     3000        0       50     3000        0
0000000000000005        4       10      816        0       50     3000        0
datapath         in-port  eth-dst           out-port packets  bytes
---------------- -------- ----------------- -------- -------- --------
==================================== link detector ====================================

----------------------------
src    dst :    delay
5 <---> 4 : 4.151821136474609
5 <---> 3 : 3.6656856536865234
5 <---> 2 : 4.260778427124023
3 <---> 5 : 4.268169403076172
3 <---> 1 : 4.426479339599609
4 <---> 5 : 3.764629364013672
4 <---> 1 : 4.227161407470703
2 <---> 5 : 14.807701110839844
2 <---> 1 : 4.326581954956055
1 <---> 3 : 3.8161277770996094
1 <---> 4 : 3.981351852416992
1 <---> 2 : 4.589557647705078
==================================== link detector ====================================

----------------------------
src    dst :    delay
5 <---> 4 : 3.858327865600586
5 <---> 3 : 3.9975643157958984
5 <---> 2 : 4.151821136474609
3 <---> 5 : 3.7436485290527344
3 <---> 1 : 4.01616096496582
4 <---> 5 : 4.128932952880859
4 <---> 1 : 3.8950443267822266
2 <---> 5 : 4.204750061035156
2 <---> 1 : 4.059791564941406
1 <---> 3 : 4.091739654541016
1 <---> 4 : 3.6611557006835938
1 <---> 2 : 3.831148147583008
==================================== link detector ====================================

----------------------------
src    dst :    delay
5 <---> 4 : 3.5660266876220703
5 <---> 3 : 4.160881042480469
5 <---> 2 : 3.6334991455078125
3 <---> 5 : 3.8547515869140625
3 <---> 1 : 3.763437271118164
4 <---> 5 : 4.051685333251953
4 <---> 1 : 4.056453704833984
2 <---> 5 : 4.058361053466797
2 <---> 1 : 3.757476806640625
1 <---> 3 : 4.983425140380859
1 <---> 4 : 4.107475280761719
1 <---> 2 : 2.8433799743652344
==================================== link detector ====================================

----------------------------
src    dst :    delay
5 <---> 4 : 3.631114959716797
5 <---> 3 : 3.625631332397461
5 <---> 2 : 3.7271976470947266
3 <---> 5 : 3.6890506744384766
3 <---> 1 : 3.8857460021972656
4 <---> 5 : 3.475189208984375
4 <---> 1 : 3.7326812744140625
2 <---> 5 : 4.156351089477539
2 <---> 1 : 4.002571105957031
1 <---> 3 : 3.3349990844726562
1 <---> 4 : 3.8750171661376953
1 <---> 2 : 3.5562515258789062
discovery--->==================================== discovery ====================================
discovery---> cls: [(5, 4), (5, 3), (5, 2), (4, 1), (3, 1), (2, 1)]
discovery--->==============================
datapath         port     rx-pkts  rx-bytes rx-error tx-pkts  tx-bytes tx-error
---------------- -------- -------- -------- -------- -------- -------- --------
0000000000000004        1       56     3360        0       56     3360        0
0000000000000004        2       56     3360        0       56     3360        0
datapath         in-port  eth-dst           out-port packets  bytes
---------------- -------- ----------------- -------- -------- --------
datapath         port     rx-pkts  rx-bytes rx-error tx-pkts  tx-bytes tx-error
---------------- -------- -------- -------- -------- -------- -------- --------
0000000000000002        1       56     3360        0       55     3300        0
0000000000000002        2       56     3360        0       56     3360        0
datapath         in-port  eth-dst           out-port packets  bytes
---------------- -------- ----------------- -------- -------- --------
datapath         port     rx-pkts  rx-bytes rx-error tx-pkts  tx-bytes tx-error
---------------- -------- -------- -------- -------- -------- -------- --------
0000000000000003        1       56     3360        0       55     3300        0
0000000000000003        2       56     3360        0       56     3360        0
datapath         in-port  eth-dst           out-port packets  bytes
---------------- -------- ----------------- -------- -------- --------
datapath         port     rx-pkts  rx-bytes rx-error tx-pkts  tx-bytes tx-error
---------------- -------- -------- -------- -------- -------- -------- --------
0000000000000001        1       55     3300        0       56     3360        0
0000000000000001        2       55     3300        0       56     3360        0
0000000000000001        3       56     3360        0       56     3360        0
0000000000000001        4       11      886        0       55     3300        0
0000000000000001        5       10      816        0       55     3300        0
0000000000000001        6       10      816        0       55     3300        0
datapath         in-port  eth-dst           out-port packets  bytes
---------------- -------- ----------------- -------- -------- --------
datapath         port     rx-pkts  rx-bytes rx-error tx-pkts  tx-bytes tx-error
---------------- -------- -------- -------- -------- -------- -------- --------
0000000000000005        1       56     3360        0       56     3360        0
0000000000000005        2       56     3360        0       56     3360        0
0000000000000005        3       56     3360        0       56     3360        0
0000000000000005        4       10      816        0       56     3360        0
datapath         in-port  eth-dst           out-port packets  bytes
---------------- -------- ----------------- -------- -------- --------
==================================== link detector ====================================

----------------------------
src    dst :    delay
5 <---> 4 : 2.460479736328125
5 <---> 3 : 4.226922988891602
5 <---> 2 : 3.7450790405273438
3 <---> 5 : 3.656625747680664
3 <---> 1 : 3.6919116973876953
4 <---> 5 : 5.681514739990234
4 <---> 1 : 2.412080764770508
2 <---> 5 : 2.1305084228515625
2 <---> 1 : 3.6656856536865234
1 <---> 3 : 2.0492076873779297
1 <---> 4 : 1.9228458404541016
1 <---> 2 : 2.3517608642578125
==================================== link detector ====================================

----------------------------
src    dst :    delay
5 <---> 4 : 2.3767948150634766
5 <---> 3 : 3.7081241607666016
5 <---> 2 : 4.236936569213867
3 <---> 5 : 3.975391387939453
3 <---> 1 : 3.846883773803711
4 <---> 5 : 3.9076805114746094
4 <---> 1 : 3.7789344787597656
2 <---> 5 : 3.9949417114257812
2 <---> 1 : 4.039287567138672
1 <---> 3 : 3.584146499633789
1 <---> 4 : 2.4461746215820312
1 <---> 2 : 3.987550735473633
==================================== link detector ====================================

----------------------------
src    dst :    delay
5 <---> 4 : 3.572225570678711
5 <---> 3 : 4.607677459716797
5 <---> 2 : 3.8573741912841797
3 <---> 5 : 4.233598709106445
3 <---> 1 : 3.9739608764648438
4 <---> 5 : 2.371072769165039
4 <---> 1 : 3.664731979370117
2 <---> 5 : 3.9463043212890625
2 <---> 1 : 4.122018814086914
1 <---> 3 : 3.7081241607666016
1 <---> 4 : 3.6139488220214844
1 <---> 2 : 3.778696060180664
datapath         port     rx-pkts  rx-bytes rx-error tx-pkts  tx-bytes tx-error
---------------- -------- -------- -------- -------- -------- -------- --------
0000000000000002        1       61     3660        0       61     3660        0
0000000000000002        2       61     3660        0       62     3720        0
datapath         in-port  eth-dst           out-port packets  bytes
---------------- -------- ----------------- -------- -------- --------
datapath         port     rx-pkts  rx-bytes rx-error tx-pkts  tx-bytes tx-error
---------------- -------- -------- -------- -------- -------- -------- --------
0000000000000004        1       62     3720        0       61     3660        0
0000000000000004        2       61     3660        0       61     3660        0
datapath         in-port  eth-dst           out-port packets  bytes
---------------- -------- ----------------- -------- -------- --------
datapath         port     rx-pkts  rx-bytes rx-error tx-pkts  tx-bytes tx-error
---------------- -------- -------- -------- -------- -------- -------- --------
0000000000000001        1       61     3660        0       61     3660        0
0000000000000001        2       61     3660        0       62     3720        0
0000000000000001        3       61     3660        0       62     3720        0
0000000000000001        4       11      886        0       61     3660        0
0000000000000001        5       10      816        0       61     3660        0
0000000000000001        6       10      816        0       61     3660        0
datapath         in-port  eth-dst           out-port packets  bytes
---------------- -------- ----------------- -------- -------- --------
datapath         port     rx-pkts  rx-bytes rx-error tx-pkts  tx-bytes tx-error
---------------- -------- -------- -------- -------- -------- -------- --------
0000000000000005        1       62     3720        0       61     3660        0
0000000000000005        2       61     3660        0       62     3720        0
0000000000000005        3       61     3660        0       61     3660        0
0000000000000005        4       10      816        0       61     3660        0
datapath         in-port  eth-dst           out-port packets  bytes
---------------- -------- ----------------- -------- -------- --------
datapath         port     rx-pkts  rx-bytes rx-error tx-pkts  tx-bytes tx-error
---------------- -------- -------- -------- -------- -------- -------- --------
0000000000000003        1       62     3720        0       61     3660        0
0000000000000003        2       62     3720        0       61     3660        0
datapath         in-port  eth-dst           out-port packets  bytes
---------------- -------- ----------------- -------- -------- --------
==================================== link detector ====================================

----------------------------
src    dst :    delay
5 <---> 4 : 2.407073974609375
5 <---> 3 : 3.6821365356445312
5 <---> 2 : 4.180431365966797
3 <---> 5 : 4.448175430297852
3 <---> 1 : 4.492521286010742
4 <---> 5 : 4.071950912475586
4 <---> 1 : 1.9428730010986328
2 <---> 5 : 3.6268234252929688
2 <---> 1 : 3.892660140991211
1 <---> 3 : 4.232883453369141
1 <---> 4 : 3.9038658142089844
1 <---> 2 : 3.839254379272461
==================================== link detector ====================================

----------------------------
src    dst :    delay
5 <---> 4 : 3.6077499389648438
5 <---> 3 : 4.040241241455078
5 <---> 2 : 3.7734508514404297
3 <---> 5 : 3.3626556396484375
3 <---> 1 : 1.9755363464355469
4 <---> 5 : 4.152059555053711
4 <---> 1 : 3.651857376098633
2 <---> 5 : 4.389286041259766
2 <---> 1 : 2.358675003051758
1 <---> 3 : 4.246234893798828
1 <---> 4 : 3.4973621368408203
1 <---> 2 : 4.165410995483398
==================================== link detector ====================================

----------------------------
src    dst :    delay
5 <---> 4 : 5.3195953369140625
5 <---> 3 : 3.6973953247070312
5 <---> 2 : 2.9859542846679688
3 <---> 5 : 3.892183303833008
3 <---> 1 : 3.7817955017089844
4 <---> 5 : 3.586292266845703
4 <---> 1 : 2.9299259185791016
2 <---> 5 : 3.667116165161133
2 <---> 1 : 4.020452499389648
1 <---> 3 : 4.266500473022461
1 <---> 4 : 4.357099533081055
1 <---> 2 : 4.509925842285156
discovery--->==================================== discovery ====================================
discovery---> cls: [(5, 4), (5, 3), (5, 2), (4, 1), (3, 1), (2, 1)]
discovery--->==============================
datapath         port     rx-pkts  rx-bytes rx-error tx-pkts  tx-bytes tx-error
---------------- -------- -------- -------- -------- -------- -------- --------
0000000000000003        1       67     4020        0       67     4020        0
0000000000000003        2       67     4020        0       67     4020        0
datapath         in-port  eth-dst           out-port packets  bytes
---------------- -------- ----------------- -------- -------- --------
datapath         port     rx-pkts  rx-bytes rx-error tx-pkts  tx-bytes tx-error
---------------- -------- -------- -------- -------- -------- -------- --------
0000000000000005        1       67     4020        0       67     4020        0
0000000000000005        2       67     4020        0       67     4020        0
0000000000000005        3       67     4020        0       67     4020        0
0000000000000005        4       10      816        0       67     4020        0
datapath         in-port  eth-dst           out-port packets  bytes
---------------- -------- ----------------- -------- -------- --------
datapath         port     rx-pkts  rx-bytes rx-error tx-pkts  tx-bytes tx-error
---------------- -------- -------- -------- -------- -------- -------- --------
0000000000000001        1       66     3960        0       67     4020        0
0000000000000001        2       67     4020        0       67     4020        0
0000000000000001        3       67     4020        0       67     4020        0
0000000000000001        4       11      886        0       66     3960        0
0000000000000001        5       10      816        0       66     3960        0
0000000000000001        6       11      886        0       66     3960        0
datapath         in-port  eth-dst           out-port packets  bytes
---------------- -------- ----------------- -------- -------- --------
datapath         port     rx-pkts  rx-bytes rx-error tx-pkts  tx-bytes tx-error
---------------- -------- -------- -------- -------- -------- -------- --------
0000000000000002        1       67     4020        0       66     3960        0
0000000000000002        2       67     4020        0       67     4020        0
datapath         in-port  eth-dst           out-port packets  bytes
---------------- -------- ----------------- -------- -------- --------
datapath         port     rx-pkts  rx-bytes rx-error tx-pkts  tx-bytes tx-error
---------------- -------- -------- -------- -------- -------- -------- --------
0000000000000004        1       67     4020        0       67     4020        0
0000000000000004        2       67     4020        0       67     4020        0
datapath         in-port  eth-dst           out-port packets  bytes
---------------- -------- ----------------- -------- -------- --------
==================================== link detector ====================================

----------------------------
src    dst :    delay
5 <---> 4 : 3.685474395751953
5 <---> 3 : 4.034757614135742
5 <---> 2 : 3.985881805419922
3 <---> 5 : 3.857851028442383
3 <---> 1 : 4.091501235961914
4 <---> 5 : 4.106283187866211
4 <---> 1 : 3.960132598876953
2 <---> 5 : 4.790306091308594
2 <---> 1 : 15.364885330200195
1 <---> 3 : 4.201173782348633
1 <---> 4 : 3.973722457885742
1 <---> 2 : 4.203081130981445
==================================== link detector ====================================

----------------------------
src    dst :    delay
5 <---> 4 : 3.621339797973633
5 <---> 3 : 2.8247833251953125
5 <---> 2 : 3.7844181060791016
3 <---> 5 : 3.8657188415527344
3 <---> 1 : 3.7636756896972656
4 <---> 5 : 4.643440246582031
4 <---> 1 : 3.887176513671875
2 <---> 5 : 4.876375198364258
2 <---> 1 : 4.373788833618164
1 <---> 3 : 4.477739334106445
1 <---> 4 : 2.067089080810547
1 <---> 2 : 4.58073616027832
==================================== link detector ====================================

----------------------------
src    dst :    delay
5 <---> 4 : 3.5593509674072266
5 <---> 3 : 3.9374828338623047
5 <---> 2 : 4.663705825805664
3 <---> 5 : 2.139568328857422
3 <---> 1 : 4.060506820678711
4 <---> 5 : 3.7102699279785156
4 <---> 1 : 3.583192825317383
2 <---> 5 : 5.049467086791992
2 <---> 1 : 4.021406173706055
1 <---> 3 : 4.253149032592773
1 <---> 4 : 4.803180694580078
1 <---> 2 : 3.8394927978515625
datapath         port     rx-pkts  rx-bytes rx-error tx-pkts  tx-bytes tx-error
---------------- -------- -------- -------- -------- -------- -------- --------
0000000000000003        1       73     4380        0       72     4320        0
0000000000000003        2       73     4380        0       72     4320        0
datapath         in-port  eth-dst           out-port packets  bytes
---------------- -------- ----------------- -------- -------- --------
datapath         port     rx-pkts  rx-bytes rx-error tx-pkts  tx-bytes tx-error
---------------- -------- -------- -------- -------- -------- -------- --------
0000000000000004        1       73     4380        0       72     4320        0
0000000000000004        2       72     4320        0       73     4380        0
datapath         in-port  eth-dst           out-port packets  bytes
---------------- -------- ----------------- -------- -------- --------
datapath         port     rx-pkts  rx-bytes rx-error tx-pkts  tx-bytes tx-error
---------------- -------- -------- -------- -------- -------- -------- --------
0000000000000001        1       72     4320        0       73     4380        0
0000000000000001        2       72     4320        0       73     4380        0
0000000000000001        3       72     4320        0       73     4380        0
0000000000000001        4       11      886        0       72     4320        0
0000000000000001        5       11      886        0       72     4320        0
0000000000000001        6       11      886        0       72     4320        0
datapath         in-port  eth-dst           out-port packets  bytes
---------------- -------- ----------------- -------- -------- --------
datapath         port     rx-pkts  rx-bytes rx-error tx-pkts  tx-bytes tx-error
---------------- -------- -------- -------- -------- -------- -------- --------
0000000000000005        1       73     4380        0       72     4320        0
0000000000000005        2       72     4320        0       73     4380        0
0000000000000005        3       73     4380        0       72     4320        0
0000000000000005        4       11      886        0       72     4320        0
datapath         in-port  eth-dst           out-port packets  bytes
---------------- -------- ----------------- -------- -------- --------
datapath         port     rx-pkts  rx-bytes rx-error tx-pkts  tx-bytes tx-error
---------------- -------- -------- -------- -------- -------- -------- --------
0000000000000002        1       73     4380        0       72     4320        0
0000000000000002        2       72     4320        0       73     4380        0
datapath         in-port  eth-dst           out-port packets  bytes
---------------- -------- ----------------- -------- -------- --------
==================================== link detector ====================================

----------------------------
src    dst :    delay
5 <---> 4 : 3.511190414428711
5 <---> 3 : 4.17017936706543
5 <---> 2 : 3.9336681365966797
3 <---> 5 : 1.8796920776367188
3 <---> 1 : 2.903461456298828
4 <---> 5 : 3.8940906524658203
4 <---> 1 : 4.075050354003906
2 <---> 5 : 5.535125732421875
2 <---> 1 : 3.573179244995117
1 <---> 3 : 5.176782608032227
1 <---> 4 : 4.208087921142578
1 <---> 2 : 3.931760787963867
==================================== link detector ====================================

----------------------------
src    dst :    delay
5 <---> 4 : 3.74603271484375
5 <---> 3 : 3.8149356842041016
5 <---> 2 : 4.193782806396484
3 <---> 5 : 3.8933753967285156
3 <---> 1 : 4.095554351806641
4 <---> 5 : 4.072427749633789
4 <---> 1 : 3.99017333984375
2 <---> 5 : 3.6056041717529297
2 <---> 1 : 4.155158996582031
1 <---> 3 : 2.0644664764404297
1 <---> 4 : 4.174709320068359
1 <---> 2 : 3.6306381225585938
==================================== link detector ====================================

----------------------------
src    dst :    delay
5 <---> 4 : 4.2057037353515625
5 <---> 3 : 3.687620162963867
5 <---> 2 : 4.439830780029297
3 <---> 5 : 6.2122344970703125
3 <---> 1 : 4.335880279541016
4 <---> 5 : 4.040002822875977
4 <---> 1 : 3.8290023803710938
2 <---> 5 : 3.6742687225341797
2 <---> 1 : 2.79998779296875
1 <---> 3 : 3.755807876586914
1 <---> 4 : 3.586292266845703
1 <---> 2 : 4.329681396484375
discovery--->==================================== discovery ====================================
discovery---> cls: [(5, 4), (5, 3), (5, 2), (4, 1), (3, 1), (2, 1)]
discovery--->==============================
datapath         port     rx-pkts  rx-bytes rx-error tx-pkts  tx-bytes tx-error
---------------- -------- -------- -------- -------- -------- -------- --------
0000000000000002        1       78     4680        0       78     4680        0
0000000000000002        2       78     4680        0       78     4680        0
datapath         in-port  eth-dst           out-port packets  bytes
---------------- -------- ----------------- -------- -------- --------
datapath         port     rx-pkts  rx-bytes rx-error tx-pkts  tx-bytes tx-error
---------------- -------- -------- -------- -------- -------- -------- --------
0000000000000004        1       78     4680        0       78     4680        0
0000000000000004        2       78     4680        0       78     4680        0
datapath         in-port  eth-dst           out-port packets  bytes
---------------- -------- ----------------- -------- -------- --------
datapath         port     rx-pkts  rx-bytes rx-error tx-pkts  tx-bytes tx-error
---------------- -------- -------- -------- -------- -------- -------- --------
0000000000000005        1       78     4680        0       78     4680        0
0000000000000005        2       78     4680        0       78     4680        0
0000000000000005        3       78     4680        0       78     4680        0
0000000000000005        4       11      886        0       78     4680        0
datapath         in-port  eth-dst           out-port packets  bytes
---------------- -------- ----------------- -------- -------- --------
datapath         port     rx-pkts  rx-bytes rx-error tx-pkts  tx-bytes tx-error
---------------- -------- -------- -------- -------- -------- -------- --------
0000000000000003        1       78     4680        0       78     4680        0
0000000000000003        2       78     4680        0       78     4680        0
datapath         in-port  eth-dst           out-port packets  bytes
---------------- -------- ----------------- -------- -------- --------
datapath         port     rx-pkts  rx-bytes rx-error tx-pkts  tx-bytes tx-error
---------------- -------- -------- -------- -------- -------- -------- --------
0000000000000001        1       78     4680        0       78     4680        0
0000000000000001        2       78     4680        0       78     4680        0
0000000000000001        3       78     4680        0       78     4680        0
0000000000000001        4       11      886        0       77     4620        0
0000000000000001        5       11      886        0       78     4680        0
0000000000000001        6       11      886        0       77     4620        0
datapath         in-port  eth-dst           out-port packets  bytes
---------------- -------- ----------------- -------- -------- --------
==================================== link detector ====================================

----------------------------
src    dst :    delay
5 <---> 4 : 5.315303802490234
5 <---> 3 : 4.017353057861328
5 <---> 2 : 3.2553672790527344
3 <---> 5 : 3.626108169555664
3 <---> 1 : 3.7963390350341797
4 <---> 5 : 4.053831100463867
4 <---> 1 : 3.5598278045654297
2 <---> 5 : 4.230976104736328
2 <---> 1 : 4.122734069824219
1 <---> 3 : 3.7953853607177734
1 <---> 4 : 4.041433334350586
1 <---> 2 : 3.9587020874023438
==================================== link detector ====================================

----------------------------
src    dst :    delay
5 <---> 4 : 4.924535751342773
5 <---> 3 : 3.610372543334961
5 <---> 2 : 2.833843231201172
3 <---> 5 : 4.206418991088867
3 <---> 1 : 4.187107086181641
4 <---> 5 : 4.180669784545898
4 <---> 1 : 3.9408206939697266
2 <---> 5 : 3.6902427673339844
2 <---> 1 : 4.0798187255859375
1 <---> 3 : 3.683328628540039
1 <---> 4 : 3.8368701934814453
1 <---> 2 : 1.9240379333496094
==================================== link detector ====================================

----------------------------
src    dst :    delay
5 <---> 4 : 3.6308765411376953
5 <---> 3 : 3.9386749267578125
5 <---> 2 : 3.4112930297851562
3 <---> 5 : 3.718852996826172
3 <---> 1 : 3.701448440551758
4 <---> 5 : 4.161834716796875
4 <---> 1 : 2.740621566772461
2 <---> 5 : 3.972768783569336
2 <---> 1 : 4.2247772216796875
1 <---> 3 : 4.458189010620117
1 <---> 4 : 2.4640560150146484
1 <---> 2 : 4.183053970336914
==================================== link detector ====================================

----------------------------
src    dst :    delay
5 <---> 4 : 3.6003589630126953
5 <---> 3 : 4.426479339599609
5 <---> 2 : 4.261970520019531
3 <---> 5 : 3.9653778076171875
3 <---> 1 : 3.353118896484375
4 <---> 5 : 3.3283233642578125
4 <---> 1 : 3.728151321411133
2 <---> 5 : 2.317667007446289
2 <---> 1 : 1.893758773803711
1 <---> 3 : 2.9633045196533203
1 <---> 4 : 3.7505626678466797
1 <---> 2 : 3.7877559661865234
datapath         port     rx-pkts  rx-bytes rx-error tx-pkts  tx-bytes tx-error
---------------- -------- -------- -------- -------- -------- -------- --------
0000000000000003        1       84     5040        0       83     4980        0
0000000000000003        2       84     5040        0       83     4980        0
datapath         in-port  eth-dst           out-port packets  bytes
---------------- -------- ----------------- -------- -------- --------
datapath         port     rx-pkts  rx-bytes rx-error tx-pkts  tx-bytes tx-error
---------------- -------- -------- -------- -------- -------- -------- --------
0000000000000002        1       84     5040        0       83     4980        0
0000000000000002        2       83     4980        0       84     5040        0
datapath         in-port  eth-dst           out-port packets  bytes
---------------- -------- ----------------- -------- -------- --------
datapath         port     rx-pkts  rx-bytes rx-error tx-pkts  tx-bytes tx-error
---------------- -------- -------- -------- -------- -------- -------- --------
0000000000000005        1       84     5040        0       83     4980        0
0000000000000005        2       83     4980        0       84     5040        0
0000000000000005        3       84     5040        0       83     4980        0
0000000000000005        4       11      886        0       83     4980        0
datapath         in-port  eth-dst           out-port packets  bytes
---------------- -------- ----------------- -------- -------- --------
datapath         port     rx-pkts  rx-bytes rx-error tx-pkts  tx-bytes tx-error
---------------- -------- -------- -------- -------- -------- -------- --------
0000000000000001        1       83     4980        0       84     5040        0
0000000000000001        2       83     4980        0       84     5040        0
0000000000000001        3       83     4980        0       84     5040        0
0000000000000001        4       11      886        0       83     4980        0
0000000000000001        5       11      886        0       83     4980        0
0000000000000001        6       11      886        0       83     4980        0
datapath         in-port  eth-dst           out-port packets  bytes
---------------- -------- ----------------- -------- -------- --------
datapath         port     rx-pkts  rx-bytes rx-error tx-pkts  tx-bytes tx-error
---------------- -------- -------- -------- -------- -------- -------- --------
0000000000000004        1       84     5040        0       83     4980        0
0000000000000004        2       83     4980        0       84     5040        0
datapath         in-port  eth-dst           out-port packets  bytes
---------------- -------- ----------------- -------- -------- --------
==================================== link detector ====================================

----------------------------
src    dst :    delay
5 <---> 4 : 4.845380783081055
5 <---> 3 : 4.039287567138672
5 <---> 2 : 4.176855087280273
3 <---> 5 : 4.149913787841797
3 <---> 1 : 2.1562576293945312
4 <---> 5 : 4.121065139770508
4 <---> 1 : 3.856182098388672
2 <---> 5 : 4.377841949462891
2 <---> 1 : 3.969430923461914
1 <---> 3 : 3.9441585540771484
1 <---> 4 : 3.7078857421875
1 <---> 2 : 4.20832633972168
==================================== link detector ====================================

----------------------------
src    dst :    delay
5 <---> 4 : 3.7102699279785156
5 <---> 3 : 2.741575241088867
5 <---> 2 : 4.025459289550781
3 <---> 5 : 3.7870407104492188
3 <---> 1 : 3.7500858306884766
4 <---> 5 : 5.184412002563477
4 <---> 1 : 3.626108169555664
2 <---> 5 : 4.171848297119141
2 <---> 1 : 3.663301467895508
1 <---> 3 : 4.233121871948242
1 <---> 4 : 3.754854202270508
1 <---> 2 : 4.195451736450195
==================================== link detector ====================================

----------------------------
src    dst :    delay
5 <---> 4 : 4.088163375854492
5 <---> 3 : 3.9124488830566406
5 <---> 2 : 4.042148590087891
3 <---> 5 : 4.193544387817383
3 <---> 1 : 3.813028335571289
4 <---> 5 : 3.9517879486083984
4 <---> 1 : 3.847360610961914
2 <---> 5 : 3.8290023803710938
2 <---> 1 : 3.8421154022216797
1 <---> 3 : 3.8623809814453125
1 <---> 4 : 4.071712493896484
1 <---> 2 : 3.836393356323242
discovery--->==================================== discovery ====================================
discovery---> cls: [(5, 4), (5, 3), (5, 2), (4, 1), (3, 1), (2, 1)]
discovery--->==============================
datapath         port     rx-pkts  rx-bytes rx-error tx-pkts  tx-bytes tx-error
---------------- -------- -------- -------- -------- -------- -------- --------
0000000000000002        1       89     5340        0       89     5340        0
0000000000000002        2       89     5340        0       89     5340        0
datapath         in-port  eth-dst           out-port packets  bytes
---------------- -------- ----------------- -------- -------- --------
datapath         port     rx-pkts  rx-bytes rx-error tx-pkts  tx-bytes tx-error
---------------- -------- -------- -------- -------- -------- -------- --------
0000000000000004        1       89     5340        0       89     5340        0
0000000000000004        2       89     5340        0       89     5340        0
datapath         in-port  eth-dst           out-port packets  bytes
---------------- -------- ----------------- -------- -------- --------
datapath         port     rx-pkts  rx-bytes rx-error tx-pkts  tx-bytes tx-error
---------------- -------- -------- -------- -------- -------- -------- --------
0000000000000005        1       89     5340        0       89     5340        0
0000000000000005        2       89     5340        0       89     5340        0
0000000000000005        3       89     5340        0       89     5340        0
0000000000000005        4       11      886        0       89     5340        0
datapath         in-port  eth-dst           out-port packets  bytes
---------------- -------- ----------------- -------- -------- --------
datapath         port     rx-pkts  rx-bytes rx-error tx-pkts  tx-bytes tx-error
---------------- -------- -------- -------- -------- -------- -------- --------
0000000000000001        1       89     5340        0       89     5340        0
0000000000000001        2       89     5340        0       89     5340        0
0000000000000001        3       89     5340        0       89     5340        0
0000000000000001        4       11      886        0       89     5340        0
0000000000000001        5       11      886        0       89     5340        0
0000000000000001        6       11      886        0       89     5340        0
datapath         in-port  eth-dst           out-port packets  bytes
---------------- -------- ----------------- -------- -------- --------
datapath         port     rx-pkts  rx-bytes rx-error tx-pkts  tx-bytes tx-error
---------------- -------- -------- -------- -------- -------- -------- --------
0000000000000003        1       89     5340        0       89     5340        0
0000000000000003        2       89     5340        0       89     5340        0
datapath         in-port  eth-dst           out-port packets  bytes
---------------- -------- ----------------- -------- -------- --------
==================================== link detector ====================================

----------------------------
src    dst :    delay
5 <---> 4 : 3.9243698120117188
5 <---> 3 : 3.900289535522461
5 <---> 2 : 3.812074661254883
3 <---> 5 : 3.7577152252197266
3 <---> 1 : 3.7384033203125
4 <---> 5 : 3.7741661071777344
4 <---> 1 : 3.818035125732422
2 <---> 5 : 4.056453704833984
2 <---> 1 : 3.8466453552246094
1 <---> 3 : 3.7016868591308594
1 <---> 4 : 3.618955612182617
1 <---> 2 : 4.113435745239258
==================================== link detector ====================================

----------------------------
src    dst :    delay
5 <---> 4 : 2.5587081909179688
5 <---> 3 : 4.876852035522461
5 <---> 2 : 2.120494842529297
3 <---> 5 : 4.485130310058594
3 <---> 1 : 4.016399383544922
4 <---> 5 : 3.6630630493164062
4 <---> 1 : 2.088308334350586
2 <---> 5 : 3.664731979370117
2 <---> 1 : 3.7963390350341797
1 <---> 3 : 3.6742687225341797
1 <---> 4 : 2.4573802947998047
1 <---> 2 : 3.6220550537109375
==================================== link detector ====================================

----------------------------
src    dst :    delay
5 <---> 4 : 3.5986900329589844
5 <---> 3 : 3.7679672241210938
5 <---> 2 : 4.165887832641602
3 <---> 5 : 3.754854202270508
3 <---> 1 : 4.058837890625
4 <---> 5 : 3.4308433532714844
4 <---> 1 : 3.7107467651367188
2 <---> 5 : 1.8496513366699219
2 <---> 1 : 3.660440444946289
1 <---> 3 : 2.6998519897460938
1 <---> 4 : 4.043102264404297
1 <---> 2 : 3.432035446166992
datapath         port     rx-pkts  rx-bytes rx-error tx-pkts  tx-bytes tx-error
---------------- -------- -------- -------- -------- -------- -------- --------
0000000000000002        1       95     5700        0       94     5640        0
0000000000000002        2       94     5640        0       95     5700        0
datapath         in-port  eth-dst           out-port packets  bytes
---------------- -------- ----------------- -------- -------- --------
datapath         port     rx-pkts  rx-bytes rx-error tx-pkts  tx-bytes tx-error
---------------- -------- -------- -------- -------- -------- -------- --------
0000000000000001        1       94     5640        0       95     5700        0
0000000000000001        2       94     5640        0       95     5700        0
0000000000000001        3       95     5700        0       95     5700        0
0000000000000001        4       11      886        0       94     5640        0
0000000000000001        5       11      886        0       94     5640        0
0000000000000001        6       11      886        0       94     5640        0
datapath         in-port  eth-dst           out-port packets  bytes
---------------- -------- ----------------- -------- -------- --------
datapath         port     rx-pkts  rx-bytes rx-error tx-pkts  tx-bytes tx-error
---------------- -------- -------- -------- -------- -------- -------- --------
0000000000000003        1       95     5700        0       94     5640        0
0000000000000003        2       95     5700        0       94     5640        0
datapath         in-port  eth-dst           out-port packets  bytes
---------------- -------- ----------------- -------- -------- --------
datapath         port     rx-pkts  rx-bytes rx-error tx-pkts  tx-bytes tx-error
---------------- -------- -------- -------- -------- -------- -------- --------
0000000000000004        1       95     5700        0       95     5700        0
0000000000000004        2       95     5700        0       95     5700        0
datapath         in-port  eth-dst           out-port packets  bytes
---------------- -------- ----------------- -------- -------- --------
datapath         port     rx-pkts  rx-bytes rx-error tx-pkts  tx-bytes tx-error
---------------- -------- -------- -------- -------- -------- -------- --------
0000000000000005        1       95     5700        0       94     5640        0
0000000000000005        2       94     5640        0       95     5700        0
0000000000000005        3       95     5700        0       95     5700        0
0000000000000005        4       11      886        0       94     5640        0
datapath         in-port  eth-dst           out-port packets  bytes
---------------- -------- ----------------- -------- -------- --------
==================================== link detector ====================================

----------------------------
src    dst :    delay
5 <---> 4 : 3.6618709564208984
5 <---> 3 : 3.767728805541992
5 <---> 2 : 3.6211013793945312
3 <---> 5 : 3.7381649017333984
3 <---> 1 : 4.638195037841797
4 <---> 5 : 3.6301612854003906
4 <---> 1 : 3.833293914794922
2 <---> 5 : 3.737211227416992
2 <---> 1 : 3.8619041442871094
1 <---> 3 : 3.549337387084961
1 <---> 4 : 3.9300918579101562
1 <---> 2 : 3.6122798919677734
==================================== link detector ====================================

----------------------------
src    dst :    delay
5 <---> 4 : 2.7053356170654297
5 <---> 3 : 4.0264129638671875
5 <---> 2 : 4.014492034912109
3 <---> 5 : 2.4292469024658203
3 <---> 1 : 3.774404525756836
4 <---> 5 : 3.976106643676758
4 <---> 1 : 3.580331802368164
2 <---> 5 : 3.955364227294922
2 <---> 1 : 3.6437511444091797
1 <---> 3 : 3.7643909454345703
1 <---> 4 : 3.4847259521484375
1 <---> 2 : 4.75764274597168
==================================== link detector ====================================

----------------------------
src    dst :    delay
5 <---> 4 : 3.9832592010498047
5 <---> 3 : 3.6313533782958984
5 <---> 2 : 3.836393356323242
3 <---> 5 : 3.7908554077148438
3 <---> 1 : 3.9255619049072266
4 <---> 5 : 3.6652088165283203
4 <---> 1 : 1.9581317901611328
2 <---> 5 : 3.6165714263916016
2 <---> 1 : 3.908395767211914
1 <---> 3 : 3.609180450439453
1 <---> 4 : 3.674030303955078
1 <---> 2 : 4.673957824707031
discovery--->==================================== discovery ====================================
discovery---> cls: [(5, 4), (5, 3), (5, 2), (4, 1), (3, 1), (2, 1)]
discovery--->==============================
datapath         port     rx-pkts  rx-bytes rx-error tx-pkts  tx-bytes tx-error
---------------- -------- -------- -------- -------- -------- -------- --------
0000000000000003        1      101     6060        0      100     6000        0
0000000000000003        2      100     6000        0      100     6000        0
datapath         in-port  eth-dst           out-port packets  bytes
---------------- -------- ----------------- -------- -------- --------
datapath         port     rx-pkts  rx-bytes rx-error tx-pkts  tx-bytes tx-error
---------------- -------- -------- -------- -------- -------- -------- --------
0000000000000004        1      101     6060        0      100     6000        0
0000000000000004        2      100     6000        0      100     6000        0
datapath         in-port  eth-dst           out-port packets  bytes
---------------- -------- ----------------- -------- -------- --------
datapath         port     rx-pkts  rx-bytes rx-error tx-pkts  tx-bytes tx-error
---------------- -------- -------- -------- -------- -------- -------- --------
0000000000000002        1      100     6000        0      100     6000        0
0000000000000002        2      100     6000        0      100     6000        0
datapath         in-port  eth-dst           out-port packets  bytes
---------------- -------- ----------------- -------- -------- --------
datapath         port     rx-pkts  rx-bytes rx-error tx-pkts  tx-bytes tx-error
---------------- -------- -------- -------- -------- -------- -------- --------
0000000000000005        1      100     6000        0      100     6000        0
0000000000000005        2      100     6000        0      100     6000        0
0000000000000005        3      100     6000        0      100     6000        0
0000000000000005        4       11      886        0      100     6000        0
datapath         in-port  eth-dst           out-port packets  bytes
---------------- -------- ----------------- -------- -------- --------
datapath         port     rx-pkts  rx-bytes rx-error tx-pkts  tx-bytes tx-error
---------------- -------- -------- -------- -------- -------- -------- --------
0000000000000001        1      100     6000        0      100     6000        0
0000000000000001        2      100     6000        0      101     6060        0
0000000000000001        3      100     6000        0      101     6060        0
0000000000000001        4       11      886        0      100     6000        0
0000000000000001        5       11      886        0      100     6000        0
0000000000000001        6       11      886        0      100     6000        0
datapath         in-port  eth-dst           out-port packets  bytes
---------------- -------- ----------------- -------- -------- --------
==================================== link detector ====================================

----------------------------
src    dst :    delay
5 <---> 4 : 2.2432804107666016
5 <---> 3 : 2.216815948486328
5 <---> 2 : 2.9196739196777344
3 <---> 5 : 4.091024398803711
3 <---> 1 : 3.9865970611572266
4 <---> 5 : 3.988027572631836
4 <---> 1 : 2.106189727783203
2 <---> 5 : 2.1796226501464844
2 <---> 1 : 4.081487655639648
1 <---> 3 : 1.9986629486083984
1 <---> 4 : 1.9695758819580078
1 <---> 2 : 4.28318977355957
==================================== link detector ====================================

----------------------------
src    dst :    delay
5 <---> 4 : 4.104137420654297
5 <---> 3 : 4.332542419433594
5 <---> 2 : 3.7055015563964844
3 <---> 5 : 4.230737686157227
3 <---> 1 : 4.817485809326172
4 <---> 5 : 4.001855850219727
4 <---> 1 : 3.8678646087646484
2 <---> 5 : 4.44340705871582
2 <---> 1 : 1.8696784973144531
1 <---> 3 : 4.074573516845703
1 <---> 4 : 2.260446548461914
1 <---> 2 : 3.9327144622802734
==================================== link detector ====================================

----------------------------
src    dst :    delay
5 <---> 4 : 2.438068389892578
5 <---> 3 : 4.170894622802734
5 <---> 2 : 3.7479400634765625
3 <---> 5 : 4.107236862182617
3 <---> 1 : 3.972291946411133
4 <---> 5 : 4.054546356201172
4 <---> 1 : 3.9756298065185547
2 <---> 5 : 2.927064895629883
2 <---> 1 : 2.7313232421875
1 <---> 3 : 3.985881805419922
1 <---> 4 : 4.341363906860352
1 <---> 2 : 4.165410995483398
==================================== link detector ====================================

----------------------------
src    dst :    delay
5 <---> 4 : 3.8542747497558594
5 <---> 3 : 2.222299575805664
5 <---> 2 : 4.010200500488281
3 <---> 5 : 3.5810470581054688
3 <---> 1 : 3.6668777465820312
4 <---> 5 : 3.512144088745117
4 <---> 1 : 3.848552703857422
2 <---> 5 : 3.8640499114990234
2 <---> 1 : 5.002260208129883
1 <---> 3 : 3.6003589630126953
1 <---> 4 : 3.869771957397461
1 <---> 2 : 3.921985626220703
datapath         port     rx-pkts  rx-bytes rx-error tx-pkts  tx-bytes tx-error
---------------- -------- -------- -------- -------- -------- -------- --------
0000000000000002        1      106     6360        0      105     6300        0
0000000000000002        2      106     6360        0      106     6360        0
datapath         in-port  eth-dst           out-port packets  bytes
---------------- -------- ----------------- -------- -------- --------
datapath         port     rx-pkts  rx-bytes rx-error tx-pkts  tx-bytes tx-error
---------------- -------- -------- -------- -------- -------- -------- --------
0000000000000001        1      105     6300        0      106     6360        0
0000000000000001        2      105     6300        0      106     6360        0
0000000000000001        3      106     6360        0      106     6360        0
0000000000000001        4       11      886        0      105     6300        0
0000000000000001        5       11      886        0      105     6300        0
0000000000000001        6       11      886        0      105     6300        0
datapath         in-port  eth-dst           out-port packets  bytes
---------------- -------- ----------------- -------- -------- --------
datapath         port     rx-pkts  rx-bytes rx-error tx-pkts  tx-bytes tx-error
---------------- -------- -------- -------- -------- -------- -------- --------
0000000000000003        1      106     6360        0      105     6300        0
0000000000000003        2      106     6360        0      105     6300        0
datapath         in-port  eth-dst           out-port packets  bytes
---------------- -------- ----------------- -------- -------- --------
datapath         port     rx-pkts  rx-bytes rx-error tx-pkts  tx-bytes tx-error
---------------- -------- -------- -------- -------- -------- -------- --------
0000000000000005        1      106     6360        0      106     6360        0
0000000000000005        2      105     6300        0      106     6360        0
0000000000000005        3      106     6360        0      106     6360        0
0000000000000005        4       11      886        0      106     6360        0
datapath         in-port  eth-dst           out-port packets  bytes
---------------- -------- ----------------- -------- -------- --------
datapath         port     rx-pkts  rx-bytes rx-error tx-pkts  tx-bytes tx-error
---------------- -------- -------- -------- -------- -------- -------- --------
0000000000000004        1      106     6360        0      106     6360        0
0000000000000004        2      106     6360        0      106     6360        0
datapath         in-port  eth-dst           out-port packets  bytes
---------------- -------- ----------------- -------- -------- --------
==================================== link detector ====================================

----------------------------
src    dst :    delay
5 <---> 4 : 1.8465518951416016
5 <---> 3 : 1.8761157989501953
5 <---> 2 : 2.363443374633789
3 <---> 5 : 3.9000511169433594
3 <---> 1 : 3.878355026245117
4 <---> 5 : 2.967357635498047
4 <---> 1 : 1.9564628601074219
2 <---> 5 : 2.0890235900878906
2 <---> 1 : 4.101037979125977
1 <---> 3 : 4.013299942016602
1 <---> 4 : 4.075288772583008
1 <---> 2 : 4.1065216064453125
==================================== link detector ====================================

----------------------------
src    dst :    delay
5 <---> 4 : 3.790616989135742
5 <---> 3 : 3.9246082305908203
5 <---> 2 : 3.6852359771728516
3 <---> 5 : 2.696990966796875
3 <---> 1 : 3.8499832153320312
4 <---> 5 : 2.0487308502197266
4 <---> 1 : 3.793954849243164
2 <---> 5 : 4.05430793762207
2 <---> 1 : 3.7343502044677734
1 <---> 3 : 3.5898685455322266
1 <---> 4 : 3.515481948852539
1 <---> 2 : 2.048492431640625
==================================== link detector ====================================

----------------------------
src    dst :    delay
5 <---> 4 : 3.545522689819336
5 <---> 3 : 3.707408905029297
5 <---> 2 : 3.5996437072753906
3 <---> 5 : 3.6733150482177734
3 <---> 1 : 3.6454200744628906
4 <---> 5 : 3.5550594329833984
4 <---> 1 : 3.7703514099121094
2 <---> 5 : 3.5839080810546875
2 <---> 1 : 3.603219985961914
1 <---> 3 : 3.743886947631836
1 <---> 4 : 3.7610530853271484
1 <---> 2 : 3.6971569061279297
discovery--->==================================== discovery ====================================
discovery---> cls: [(5, 4), (5, 3), (5, 2), (4, 1), (3, 1), (2, 1)]
discovery--->==============================
datapath         port     rx-pkts  rx-bytes rx-error tx-pkts  tx-bytes tx-error
---------------- -------- -------- -------- -------- -------- -------- --------
0000000000000002        1      111     6660        0      111     6660        0
0000000000000002        2      111     6660        0      112     6720        0
datapath         in-port  eth-dst           out-port packets  bytes
---------------- -------- ----------------- -------- -------- --------
datapath         port     rx-pkts  rx-bytes rx-error tx-pkts  tx-bytes tx-error
---------------- -------- -------- -------- -------- -------- -------- --------
0000000000000005        1      112     6720        0      111     6660        0
0000000000000005        2      111     6660        0      111     6660        0
0000000000000005        3      111     6660        0      111     6660        0
0000000000000005        4       11      886        0      111     6660        0
datapath         in-port  eth-dst           out-port packets  bytes
---------------- -------- ----------------- -------- -------- --------
datapath         port     rx-pkts  rx-bytes rx-error tx-pkts  tx-bytes tx-error
---------------- -------- -------- -------- -------- -------- -------- --------
0000000000000003        1      112     6720        0      111     6660        0
0000000000000003        2      112     6720        0      111     6660        0
datapath         in-port  eth-dst           out-port packets  bytes
---------------- -------- ----------------- -------- -------- --------
datapath         port     rx-pkts  rx-bytes rx-error tx-pkts  tx-bytes tx-error
---------------- -------- -------- -------- -------- -------- -------- --------
0000000000000001        1      111     6660        0      111     6660        0
0000000000000001        2      111     6660        0      112     6720        0
0000000000000001        3      111     6660        0      112     6720        0
0000000000000001        4       11      886        0      111     6660        0
0000000000000001        5       11      886        0      111     6660        0
0000000000000001        6       11      886        0      111     6660        0
datapath         in-port  eth-dst           out-port packets  bytes
---------------- -------- ----------------- -------- -------- --------
datapath         port     rx-pkts  rx-bytes rx-error tx-pkts  tx-bytes tx-error
---------------- -------- -------- -------- -------- -------- -------- --------
0000000000000004        1      112     6720        0      111     6660        0
0000000000000004        2      111     6660        0      111     6660        0
datapath         in-port  eth-dst           out-port packets  bytes
---------------- -------- ----------------- -------- -------- --------
---> OFPPortStatus received: reason=DELETE desc=OFPPort(port_no=4,hw_addr='e2:b7:dc:6f:e5:3e',name=b's1-eth4',config=0,state=4,curr=2112,advertised=0,supported=0,peer=0,curr_speed=10000000,max_speed=0)
---> OFPPortStatus received: reason=DELETE desc=OFPPort(port_no=5,hw_addr='a6:6d:4f:00:66:c5',name=b's1-eth5',config=0,state=4,curr=2112,advertised=0,supported=0,peer=0,curr_speed=10000000,max_speed=0)
---> OFPPortStatus received: reason=DELETE desc=OFPPort(port_no=6,hw_addr='d2:38:8c:b5:af:e7',name=b's1-eth6',config=0,state=4,curr=2112,advertised=0,supported=0,peer=0,curr_speed=10000000,max_speed=0)
---> OFPPortStatus received: reason=DELETE desc=OFPPort(port_no=4,hw_addr='d2:45:09:ba:2d:69',name=b's5-eth4',config=0,state=4,curr=2112,advertised=0,supported=0,peer=0,curr_speed=10000000,max_speed=0)
---> OFPPortStatus received: reason=DELETE desc=OFPPort(port_no=1,hw_addr='fa:b6:be:ba:01:9c',name=b's1-eth1',config=0,state=4,curr=2112,advertised=0,supported=0,peer=0,curr_speed=10000000,max_speed=0)
---> OFPPortStatus received: reason=DELETE desc=OFPPort(port_no=1,hw_addr='0a:24:43:d3:ee:64',name=b's2-eth1',config=0,state=4,curr=2112,advertised=0,supported=0,peer=0,curr_speed=10000000,max_speed=0)
---> OFPPortStatus received: reason=DELETE desc=OFPPort(port_no=1,hw_addr='e2:97:e0:31:07:71',name=b's3-eth1',config=0,state=4,curr=2112,advertised=0,supported=0,peer=0,curr_speed=10000000,max_speed=0)
---> OFPPortStatus received: reason=DELETE desc=OFPPort(port_no=2,hw_addr='c6:80:e7:d8:b7:c0',name=b's1-eth2',config=0,state=4,curr=2112,advertised=0,supported=0,peer=0,curr_speed=10000000,max_speed=0)
---> OFPPortStatus received: reason=DELETE desc=OFPPort(port_no=1,hw_addr='f6:a5:67:cf:b4:28',name=b's4-eth1',config=0,state=4,curr=2112,advertised=0,supported=0,peer=0,curr_speed=10000000,max_speed=0)
---> OFPPortStatus received: reason=DELETE desc=OFPPort(port_no=3,hw_addr='4a:cd:5e:31:0d:6c',name=b's1-eth3',config=0,state=4,curr=2112,advertised=0,supported=0,peer=0,curr_speed=10000000,max_speed=0)
==================================== link detector ====================================

----------------------------
src    dst :    delay
5 <---> 4 : 10.527372360229492
5 <---> 3 : 3.6079883575439453
5 <---> 2 : 3.6945343017578125
3 <---> 5 : 3.597736358642578
3 <---> 1 : 3.7131309509277344
4 <---> 5 : 1.9741058349609375
4 <---> 1 : 3.637075424194336
2 <---> 5 : 3.6592483520507812
2 <---> 1 : 3.570079803466797
1 <---> 3 : 3.707408905029297
1 <---> 4 : 3.5789012908935547
1 <---> 2 : 3.3533573150634766
---> OFPPortStatus received: reason=DELETE desc=OFPPort(port_no=1,hw_addr='42:f3:6a:c1:3a:cc',name=b's5-eth1',config=0,state=4,curr=2112,advertised=0,supported=0,peer=0,curr_speed=10000000,max_speed=0)
---> OFPPortStatus received: reason=DELETE desc=OFPPort(port_no=2,hw_addr='ee:fa:11:18:62:a4',name=b's2-eth2',config=0,state=4,curr=2112,advertised=0,supported=0,peer=0,curr_speed=10000000,max_speed=0)
---> OFPPortStatus received: reason=DELETE desc=OFPPort(port_no=2,hw_addr='2a:f1:71:03:cf:0d',name=b's3-eth2',config=0,state=4,curr=2112,advertised=0,supported=0,peer=0,curr_speed=10000000,max_speed=0)
---> OFPPortStatus received: reason=DELETE desc=OFPPort(port_no=2,hw_addr='0e:25:03:94:42:d0',name=b's5-eth2',config=0,state=4,curr=2112,advertised=0,supported=0,peer=0,curr_speed=10000000,max_speed=0)
---> OFPPortStatus received: reason=DELETE desc=OFPPort(port_no=2,hw_addr='ae:4a:3a:ab:b0:0d',name=b's4-eth2',config=0,state=4,curr=2112,advertised=0,supported=0,peer=0,curr_speed=10000000,max_speed=0)
---> OFPPortStatus received: reason=DELETE desc=OFPPort(port_no=3,hw_addr='6a:ac:7b:aa:c8:99',name=b's5-eth3',config=0,state=4,curr=2112,advertised=0,supported=0,peer=0,curr_speed=10000000,max_speed=0)
monitor---> unreigster datapath: 0000000000000004
monitor---> unreigster datapath: 0000000000000001
monitor---> unreigster datapath: 0000000000000003
monitor---> unreigster datapath: 0000000000000005
monitor---> unreigster datapath: 0000000000000002
==================================== link detector ====================================

----------------------------
src    dst :    delay
5 <---> 4 : 10.527372360229492
5 <---> 3 : 3.6079883575439453
5 <---> 2 : 10.436296463012695
3 <---> 5 : 3.597736358642578
3 <---> 1 : 3.7131309509277344
4 <---> 5 : 1.9741058349609375
4 <---> 1 : 3.637075424194336
2 <---> 5 : 3.6592483520507812
2 <---> 1 : 3.570079803466797
1 <---> 3 : 3.707408905029297
1 <---> 4 : 3.5789012908935547
1 <---> 2 : 3.3533573150634766
