loading app network_structure.py
Matplotlib created a temporary config/cache directory at /tmp/matplotlib-v4s8m71c because the default path (/home/terry/.config/matplotlib) is not a writable directory; it is highly recommended to set the MPLCONFIGDIR environment variable to a writable directory, in particular to speed up the import of Matplotlib and to better support multiprocessing.
Generating new fontManager, this may take some time...
Failed to extract font properties from /usr/share/fonts/truetype/noto/NotoColorEmoji.ttf: In FT2Font: Can not load face.  Unknown file format.
loading app network_monitor.py
loading app network_delay.py
loading app network_shortest_path.py
loading app arp_handler.py
loading app ryu.controller.ofp_handler
instantiating app None of Switches
creating context switches
instantiating app network_structure.py of NetworkStructure
instantiating app network_monitor.py of NetworkMonitor
instantiating app network_delay.py of NetworkDelay
instantiating app network_shortest_path.py of NetworkShortestPath
instantiating app arp_handler.py of ArpHandler
instantiating app ryu.controller.ofp_handler of OFPHandler
discovery---> AccessPoint: 1 connected
discovery---> AccessPoint: 2 connected
discovery---> AccessPoint: 3 connected
monitor---->register datapath: 1000000000000001
monitor---->register datapath: 1000000000000002
monitor---->register datapath: 1000000000000003
==================================== link detector ====================================

----------------------------
src    dst :    delay
1 <---> 3 : 7.126808166503906
1 <---> 2 : 9.272575378417969
2 <---> 3 : 8.255481719970703
2 <---> 1 : 9.523391723632812
3 <---> 1 : 6.172657012939453
3 <---> 2 : 8.195161819458008
discovery--->==================================== discovery ====================================
discovery---> cls: [(1, 3), (1, 2), (3, 2)]
discovery--->=============================================================================
datapath         port     rx-pkts  rx-bytes rx-error tx-pkts  tx-bytes tx-error
---------------- -------- -------- -------- -------- -------- -------- --------
0000000000000001        1        0        0        0        6      468        0
0000000000000001        2       25     3230        0       25     3230        0
0000000000000001        3       25     3230        0       25     3230        0
datapath         in-port  eth-dst           out-port packets  bytes
---------------- -------- ----------------- -------- -------- --------
datapath         port     rx-pkts  rx-bytes rx-error tx-pkts  tx-bytes tx-error
---------------- -------- -------- -------- -------- -------- -------- --------
0000000000000003        1        0        0        0        5      390        0
0000000000000003        2       25     3230        0       25     3230        0
0000000000000003        3       25     3230        0       25     3230        0
datapath         in-port  eth-dst           out-port packets  bytes
---------------- -------- ----------------- -------- -------- --------
datapath         port     rx-pkts  rx-bytes rx-error tx-pkts  tx-bytes tx-error
---------------- -------- -------- -------- -------- -------- -------- --------
0000000000000002        1        0        0        0        6      468        0
0000000000000002        2       25     3230        0       25     3230        0
0000000000000002        3       25     3230        0       25     3230        0
datapath         in-port  eth-dst           out-port packets  bytes
---------------- -------- ----------------- -------- -------- --------
==================================== link detector ====================================

----------------------------
src    dst :    delay
1 <---> 3 : 7.680177688598633
1 <---> 2 : 8.540630340576172
2 <---> 3 : 7.225275039672852
2 <---> 1 : 9.017229080200195
3 <---> 1 : 7.56525993347168
3 <---> 2 : 6.869792938232422
==================================== link detector ====================================

----------------------------
src    dst :    delay
1 <---> 3 : 6.980419158935547
1 <---> 2 : 9.224414825439453
2 <---> 3 : 8.179187774658203
2 <---> 1 : 9.184598922729492
3 <---> 1 : 6.749868392944336
3 <---> 2 : 8.09478759765625
discovery--->==================================== discovery ====================================
discovery---> cls: [(1, 3), (1, 2), (3, 2)]
discovery--->=============================================================================
datapath         port     rx-pkts  rx-bytes rx-error tx-pkts  tx-bytes tx-error
---------------- -------- -------- -------- -------- -------- -------- --------
0000000000000001        1        0        0        0       11      858        0
0000000000000001        2       32     3660        0       31     3600        0
0000000000000001        3       32     3660        0       31     3600        0
datapath         in-port  eth-dst           out-port packets  bytes
---------------- -------- ----------------- -------- -------- --------
datapath         port     rx-pkts  rx-bytes rx-error tx-pkts  tx-bytes tx-error
---------------- -------- -------- -------- -------- -------- -------- --------
0000000000000002        1        0        0        0       11      858        0
0000000000000002        2       31     3600        0       32     3660        0
0000000000000002        3       32     3660        0       31     3600        0
datapath         in-port  eth-dst           out-port packets  bytes
---------------- -------- ----------------- -------- -------- --------
datapath         port     rx-pkts  rx-bytes rx-error tx-pkts  tx-bytes tx-error
---------------- -------- -------- -------- -------- -------- -------- --------
0000000000000003        1        0        0        0       11      858        0
0000000000000003        2       31     3600        0       32     3660        0
0000000000000003        3       31     3600        0       32     3660        0
datapath         in-port  eth-dst           out-port packets  bytes
---------------- -------- ----------------- -------- -------- --------
==================================== link detector ====================================

----------------------------
src    dst :    delay
1 <---> 3 : 8.101940155029297
1 <---> 2 : 10.171651840209961
2 <---> 3 : 8.061408996582031
2 <---> 1 : 10.113000869750977
3 <---> 1 : 6.770849227905273
3 <---> 2 : 6.83903694152832
discovery--->==================================== discovery ====================================
discovery---> cls: [(1, 3), (1, 2), (3, 2)]
discovery--->=============================================================================
datapath         port     rx-pkts  rx-bytes rx-error tx-pkts  tx-bytes tx-error
---------------- -------- -------- -------- -------- -------- -------- --------
0000000000000003        1        0        0        0       17     1326        0
0000000000000003        2       38     4163        0       39     4223        0
0000000000000003        3       38     4163        0       38     4163        0
datapath         in-port  eth-dst           out-port packets  bytes
---------------- -------- ----------------- -------- -------- --------
datapath         port     rx-pkts  rx-bytes rx-error tx-pkts  tx-bytes tx-error
---------------- -------- -------- -------- -------- -------- -------- --------
0000000000000002        1        0        0        0       17     1326        0
0000000000000002        2       38     4163        0       38     4163        0
0000000000000002        3       38     4163        0       38     4163        0
datapath         in-port  eth-dst           out-port packets  bytes
---------------- -------- ----------------- -------- -------- --------
datapath         port     rx-pkts  rx-bytes rx-error tx-pkts  tx-bytes tx-error
---------------- -------- -------- -------- -------- -------- -------- --------
0000000000000001        1        0        0        0       17     1326        0
0000000000000001        2       39     4223        0       38     4163        0
0000000000000001        3       38     4163        0       38     4163        0
datapath         in-port  eth-dst           out-port packets  bytes
---------------- -------- ----------------- -------- -------- --------
==================================== link detector ====================================

----------------------------
src    dst :    delay
1 <---> 3 : 6.7691802978515625
1 <---> 2 : 10.088920593261719
2 <---> 3 : 6.792306900024414
2 <---> 1 : 8.667469024658203
3 <---> 1 : 8.09931755065918
3 <---> 2 : 8.182287216186523
==================================== link detector ====================================

----------------------------
src    dst :    delay
1 <---> 3 : 8.134126663208008
1 <---> 2 : 8.853673934936523
2 <---> 3 : 6.832599639892578
2 <---> 1 : 10.113000869750977
3 <---> 1 : 8.107423782348633
3 <---> 2 : 6.669521331787109
datapath         port     rx-pkts  rx-bytes rx-error tx-pkts  tx-bytes tx-error
---------------- -------- -------- -------- -------- -------- -------- --------
0000000000000001        1        0        0        0       22     1716        0
0000000000000001        2       44     4523        0       43     4463        0
0000000000000001        3       44     4523        0       43     4463        0
datapath         in-port  eth-dst           out-port packets  bytes
---------------- -------- ----------------- -------- -------- --------
discovery--->==================================== discovery ====================================
discovery---> cls: [(1, 3), (1, 2), (3, 2)]
discovery--->=============================================================================
datapath         port     rx-pkts  rx-bytes rx-error tx-pkts  tx-bytes tx-error
---------------- -------- -------- -------- -------- -------- -------- --------
0000000000000002        1        0        0        0       22     1716        0
0000000000000002        2       43     4463        0       44     4523        0
0000000000000002        3       44     4523        0       43     4463        0
datapath         in-port  eth-dst           out-port packets  bytes
---------------- -------- ----------------- -------- -------- --------
datapath         port     rx-pkts  rx-bytes rx-error tx-pkts  tx-bytes tx-error
---------------- -------- -------- -------- -------- -------- -------- --------
0000000000000003        1        0        0        0       22     1716        0
0000000000000003        2       43     4463        0       44     4523        0
0000000000000003        3       43     4463        0       44     4523        0
datapath         in-port  eth-dst           out-port packets  bytes
---------------- -------- ----------------- -------- -------- --------
==================================== link detector ====================================

----------------------------
src    dst :    delay
1 <---> 3 : 8.034706115722656
1 <---> 2 : 10.215044021606445
2 <---> 3 : 8.152484893798828
2 <---> 1 : 8.22138786315918
3 <---> 1 : 8.965492248535156
3 <---> 2 : 8.019685745239258
datapath         port     rx-pkts  rx-bytes rx-error tx-pkts  tx-bytes tx-error
---------------- -------- -------- -------- -------- -------- -------- --------
0000000000000001        1        0        0        0       28     2184        0
0000000000000001        2       51     4953        0       49     4823        0
0000000000000001        3       51     4953        0       50     4893        0
datapath         in-port  eth-dst           out-port packets  bytes
---------------- -------- ----------------- -------- -------- --------
datapath         port     rx-pkts  rx-bytes rx-error tx-pkts  tx-bytes tx-error
---------------- -------- -------- -------- -------- -------- -------- --------
0000000000000002        1        0        0        0       28     2184        0
0000000000000002        2       50     4893        0       51     4953        0
0000000000000002        3       49     4823        0       49     4823        0
datapath         in-port  eth-dst           out-port packets  bytes
---------------- -------- ----------------- -------- -------- --------
datapath         port     rx-pkts  rx-bytes rx-error tx-pkts  tx-bytes tx-error
---------------- -------- -------- -------- -------- -------- -------- --------
0000000000000003        1        0        0        0       28     2184        0
0000000000000003        2       49     4823        0       51     4953        0
0000000000000003        3       49     4823        0       49     4823        0
datapath         in-port  eth-dst           out-port packets  bytes
---------------- -------- ----------------- -------- -------- --------
discovery--->==================================== discovery ====================================
discovery---> cls: [(1, 3), (1, 2), (3, 2)]
discovery--->=============================================================================
==================================== link detector ====================================

----------------------------
src    dst :    delay
1 <---> 3 : 6.878137588500977
1 <---> 2 : 8.081674575805664
2 <---> 3 : 8.104562759399414
2 <---> 1 : 10.200738906860352
3 <---> 1 : 7.992029190063477
3 <---> 2 : 12.694597244262695
==================================== link detector ====================================

----------------------------
src    dst :    delay
1 <---> 3 : 7.686376571655273
1 <---> 2 : 9.623289108276367
2 <---> 3 : 8.17108154296875
2 <---> 1 : 9.272098541259766
3 <---> 1 : 7.809877395629883
3 <---> 2 : 8.26883316040039
datapath         port     rx-pkts  rx-bytes rx-error tx-pkts  tx-bytes tx-error
---------------- -------- -------- -------- -------- -------- -------- --------
0000000000000001        1        0        0        0       33     2574        0
0000000000000001        2       57     5456        0       56     5396        0
0000000000000001        3       57     5456        0       56     5396        0
datapath         in-port  eth-dst           out-port packets  bytes
---------------- -------- ----------------- -------- -------- --------
datapath         port     rx-pkts  rx-bytes rx-error tx-pkts  tx-bytes tx-error
---------------- -------- -------- -------- -------- -------- -------- --------
0000000000000003        1        0        0        0       33     2574        0
0000000000000003        2       56     5396        0       57     5456        0
0000000000000003        3       56     5396        0       57     5456        0
datapath         in-port  eth-dst           out-port packets  bytes
---------------- -------- ----------------- -------- -------- --------
datapath         port     rx-pkts  rx-bytes rx-error tx-pkts  tx-bytes tx-error
---------------- -------- -------- -------- -------- -------- -------- --------
0000000000000002        1        0        0        0       33     2574        0
0000000000000002        2       56     5396        0       57     5456        0
0000000000000002        3       57     5456        0       56     5396        0
datapath         in-port  eth-dst           out-port packets  bytes
---------------- -------- ----------------- -------- -------- --------
discovery--->==================================== discovery ====================================
discovery---> cls: [(1, 3), (1, 2), (3, 2)]
discovery--->=============================================================================
==================================== link detector ====================================

----------------------------
src    dst :    delay
1 <---> 3 : 7.304906845092773
1 <---> 2 : 8.370637893676758
2 <---> 3 : 7.196187973022461
2 <---> 1 : 8.511066436767578
3 <---> 1 : 6.628513336181641
3 <---> 2 : 6.392717361450195
==================================== link detector ====================================

----------------------------
src    dst :    delay
1 <---> 3 : 6.534099578857422
1 <---> 2 : 9.440422058105469
2 <---> 3 : 7.012367248535156
2 <---> 1 : 10.00666618347168
3 <---> 1 : 8.042335510253906
3 <---> 2 : 8.121728897094727
datapath         port     rx-pkts  rx-bytes rx-error tx-pkts  tx-bytes tx-error
---------------- -------- -------- -------- -------- -------- -------- --------
0000000000000001        1        0        0        0       39     3042        0
0000000000000001        2       63     5816        0       62     5756        0
0000000000000001        3       63     5816        0       62     5756        0
datapath         in-port  eth-dst           out-port packets  bytes
---------------- -------- ----------------- -------- -------- --------
datapath         port     rx-pkts  rx-bytes rx-error tx-pkts  tx-bytes tx-error
---------------- -------- -------- -------- -------- -------- -------- --------
0000000000000002        1        0        0        0       39     3042        0
0000000000000002        2       62     5756        0       63     5816        0
0000000000000002        3       63     5816        0       62     5756        0
datapath         in-port  eth-dst           out-port packets  bytes
---------------- -------- ----------------- -------- -------- --------
datapath         port     rx-pkts  rx-bytes rx-error tx-pkts  tx-bytes tx-error
---------------- -------- -------- -------- -------- -------- -------- --------
0000000000000003        1        0        0        0       39     3042        0
0000000000000003        2       62     5756        0       63     5816        0
0000000000000003        3       62     5756        0       63     5816        0
datapath         in-port  eth-dst           out-port packets  bytes
---------------- -------- ----------------- -------- -------- --------
discovery--->==================================== discovery ====================================
discovery---> cls: [(1, 3), (1, 2), (3, 2)]
discovery--->=============================================================================
==================================== link detector ====================================

----------------------------
src    dst :    delay
1 <---> 3 : 6.305932998657227
1 <---> 2 : 8.791446685791016
2 <---> 3 : 6.396770477294922
2 <---> 1 : 8.64267349243164
3 <---> 1 : 7.331371307373047
3 <---> 2 : 8.184432983398438
datapath         port     rx-pkts  rx-bytes rx-error tx-pkts  tx-bytes tx-error
---------------- -------- -------- -------- -------- -------- -------- --------
0000000000000001        1        0        0        0       44     3432        0
0000000000000001        2       68     6116        0       68     6116        0
0000000000000001        3       68     6116        0       68     6116        0
datapath         in-port  eth-dst           out-port packets  bytes
---------------- -------- ----------------- -------- -------- --------
datapath         port     rx-pkts  rx-bytes rx-error tx-pkts  tx-bytes tx-error
---------------- -------- -------- -------- -------- -------- -------- --------
0000000000000002        1        0        0        0       44     3432        0
0000000000000002        2       68     6116        0       68     6116        0
0000000000000002        3       68     6116        0       67     6056        0
datapath         in-port  eth-dst           out-port packets  bytes
---------------- -------- ----------------- -------- -------- --------
datapath         port     rx-pkts  rx-bytes rx-error tx-pkts  tx-bytes tx-error
---------------- -------- -------- -------- -------- -------- -------- --------
0000000000000003        1        0        0        0       44     3432        0
0000000000000003        2       68     6116        0       68     6116        0
0000000000000003        3       67     6056        0       68     6116        0
datapath         in-port  eth-dst           out-port packets  bytes
---------------- -------- ----------------- -------- -------- --------
discovery--->==================================== discovery ====================================
discovery---> cls: [(1, 3), (1, 2), (3, 2)]
discovery--->=============================================================================
==================================== link detector ====================================

----------------------------
src    dst :    delay
1 <---> 3 : 8.266925811767578
1 <---> 2 : 10.044336318969727
2 <---> 3 : 7.222175598144531
2 <---> 1 : 9.632110595703125
3 <---> 1 : 7.176876068115234
3 <---> 2 : 7.017850875854492
==================================== link detector ====================================

----------------------------
src    dst :    delay
1 <---> 3 : 6.642580032348633
1 <---> 2 : 10.181903839111328
2 <---> 3 : 8.405447006225586
2 <---> 1 : 9.17363166809082
3 <---> 1 : 8.017301559448242
3 <---> 2 : 7.06934928894043
datapath         port     rx-pkts  rx-bytes rx-error tx-pkts  tx-bytes tx-error
---------------- -------- -------- -------- -------- -------- -------- --------
0000000000000001        1        0        0        0       50     3900        0
0000000000000001        2       74     6476        0       73     6416        0
0000000000000001        3       74     6476        0       73     6416        0
datapath         in-port  eth-dst           out-port packets  bytes
---------------- -------- ----------------- -------- -------- --------
datapath         port     rx-pkts  rx-bytes rx-error tx-pkts  tx-bytes tx-error
---------------- -------- -------- -------- -------- -------- -------- --------
0000000000000002        1        0        0        0       50     3900        0
0000000000000002        2       73     6416        0       74     6476        0
0000000000000002        3       74     6476        0       73     6416        0
datapath         in-port  eth-dst           out-port packets  bytes
---------------- -------- ----------------- -------- -------- --------
datapath         port     rx-pkts  rx-bytes rx-error tx-pkts  tx-bytes tx-error
---------------- -------- -------- -------- -------- -------- -------- --------
0000000000000003        1        0        0        0       50     3900        0
0000000000000003        2       73     6416        0       74     6476        0
0000000000000003        3       73     6416        0       74     6476        0
datapath         in-port  eth-dst           out-port packets  bytes
---------------- -------- ----------------- -------- -------- --------
discovery--->==================================== discovery ====================================
discovery---> cls: [(1, 3), (1, 2), (3, 2)]
discovery--->=============================================================================
==================================== link detector ====================================

----------------------------
src    dst :    delay
1 <---> 3 : 8.161544799804688
1 <---> 2 : 10.282039642333984
2 <---> 3 : 7.105827331542969
2 <---> 1 : 8.898019790649414
3 <---> 1 : 8.038997650146484
3 <---> 2 : 8.182048797607422
datapath         port     rx-pkts  rx-bytes rx-error tx-pkts  tx-bytes tx-error
---------------- -------- -------- -------- -------- -------- -------- --------
0000000000000001        1        0        0        0       56     4368        0
0000000000000001        2       79     6776        0       79     6776        0
0000000000000001        3       79     6776        0       79     6776        0
datapath         in-port  eth-dst           out-port packets  bytes
---------------- -------- ----------------- -------- -------- --------
datapath         port     rx-pkts  rx-bytes rx-error tx-pkts  tx-bytes tx-error
---------------- -------- -------- -------- -------- -------- -------- --------
0000000000000003        1        0        0        0       55     4290        0
0000000000000003        2       79     6776        0       79     6776        0
0000000000000003        3       79     6776        0       79     6776        0
datapath         in-port  eth-dst           out-port packets  bytes
---------------- -------- ----------------- -------- -------- --------
datapath         port     rx-pkts  rx-bytes rx-error tx-pkts  tx-bytes tx-error
---------------- -------- -------- -------- -------- -------- -------- --------
0000000000000002        1        0        0        0       55     4290        0
0000000000000002        2       79     6776        0       79     6776        0
0000000000000002        3       79     6776        0       79     6776        0
datapath         in-port  eth-dst           out-port packets  bytes
---------------- -------- ----------------- -------- -------- --------
discovery--->==================================== discovery ====================================
discovery---> cls: [(1, 3), (1, 2), (3, 2)]
discovery--->=============================================================================
==================================== link detector ====================================

----------------------------
src    dst :    delay
1 <---> 3 : 7.25245475769043
1 <---> 2 : 10.146856307983398
2 <---> 3 : 6.759405136108398
2 <---> 1 : 8.810758590698242
3 <---> 1 : 6.685495376586914
3 <---> 2 : 8.228778839111328
==================================== link detector ====================================

----------------------------
src    dst :    delay
1 <---> 3 : 8.092164993286133
1 <---> 2 : 10.177135467529297
2 <---> 3 : 6.966590881347656
2 <---> 1 : 9.0484619140625
3 <---> 1 : 7.945537567138672
3 <---> 2 : 7.25555419921875
datapath         port     rx-pkts  rx-bytes rx-error tx-pkts  tx-bytes tx-error
---------------- -------- -------- -------- -------- -------- -------- --------
0000000000000001        1        0        0        0       61     4758        0
0000000000000001        2       85     7136        0       84     7076        0
0000000000000001        3       85     7136        0       84     7076        0
datapath         in-port  eth-dst           out-port packets  bytes
---------------- -------- ----------------- -------- -------- --------
datapath         port     rx-pkts  rx-bytes rx-error tx-pkts  tx-bytes tx-error
---------------- -------- -------- -------- -------- -------- -------- --------
0000000000000002        1        0        0        0       61     4758        0
0000000000000002        2       84     7076        0       85     7136        0
0000000000000002        3       85     7136        0       84     7076        0
datapath         in-port  eth-dst           out-port packets  bytes
---------------- -------- ----------------- -------- -------- --------
datapath         port     rx-pkts  rx-bytes rx-error tx-pkts  tx-bytes tx-error
---------------- -------- -------- -------- -------- -------- -------- --------
0000000000000003        1        0        0        0       61     4758        0
0000000000000003        2       84     7076        0       85     7136        0
0000000000000003        3       84     7076        0       85     7136        0
datapath         in-port  eth-dst           out-port packets  bytes
---------------- -------- ----------------- -------- -------- --------
discovery--->==================================== discovery ====================================
discovery---> cls: [(1, 3), (1, 2), (3, 2)]
discovery--->=============================================================================
==================================== link detector ====================================

----------------------------
src    dst :    delay
1 <---> 3 : 7.552623748779297
1 <---> 2 : 8.78763198852539
2 <---> 3 : 6.239652633666992
2 <---> 1 : 8.244752883911133
3 <---> 1 : 6.206512451171875
3 <---> 2 : 6.290674209594727
==================================== link detector ====================================

----------------------------
src    dst :    delay
1 <---> 3 : 6.55364990234375
1 <---> 2 : 9.199857711791992
2 <---> 3 : 7.457733154296875
2 <---> 1 : 10.115385055541992
3 <---> 1 : 7.093667984008789
3 <---> 2 : 7.038116455078125
datapath         port     rx-pkts  rx-bytes rx-error tx-pkts  tx-bytes tx-error
---------------- -------- -------- -------- -------- -------- -------- --------
0000000000000001        1        0        0        0       67     5226        0
0000000000000001        2       92     7709        0       92     7709        0
0000000000000001        3       92     7709        0       92     7709        0
datapath         in-port  eth-dst           out-port packets  bytes
---------------- -------- ----------------- -------- -------- --------
datapath         port     rx-pkts  rx-bytes rx-error tx-pkts  tx-bytes tx-error
---------------- -------- -------- -------- -------- -------- -------- --------
0000000000000002        1        0        0        0       67     5226        0
0000000000000002        2       92     7709        0       92     7709        0
0000000000000002        3       91     7639        0       92     7709        0
datapath         in-port  eth-dst           out-port packets  bytes
---------------- -------- ----------------- -------- -------- --------
datapath         port     rx-pkts  rx-bytes rx-error tx-pkts  tx-bytes tx-error
---------------- -------- -------- -------- -------- -------- -------- --------
0000000000000003        1        0        0        0       67     5226        0
0000000000000003        2       92     7709        0       92     7709        0
0000000000000003        3       92     7709        0       91     7639        0
datapath         in-port  eth-dst           out-port packets  bytes
---------------- -------- ----------------- -------- -------- --------
discovery--->==================================== discovery ====================================
discovery---> cls: [(1, 3), (1, 2), (3, 2)]
discovery--->=============================================================================
==================================== link detector ====================================

----------------------------
src    dst :    delay
1 <---> 3 : 6.696939468383789
1 <---> 2 : 10.180950164794922
2 <---> 3 : 6.709575653076172
2 <---> 1 : 10.14399528503418
3 <---> 1 : 6.748676300048828
3 <---> 2 : 7.2154998779296875
datapath         port     rx-pkts  rx-bytes rx-error tx-pkts  tx-bytes tx-error
---------------- -------- -------- -------- -------- -------- -------- --------
0000000000000001        1        0        0        0       72     5616        0
0000000000000001        2       98     8069        0       97     8009        0
0000000000000001        3       98     8069        0       97     8009        0
datapath         in-port  eth-dst           out-port packets  bytes
---------------- -------- ----------------- -------- -------- --------
datapath         port     rx-pkts  rx-bytes rx-error tx-pkts  tx-bytes tx-error
---------------- -------- -------- -------- -------- -------- -------- --------
0000000000000003        1        0        0        0       72     5616        0
0000000000000003        2       97     8009        0       98     8069        0
0000000000000003        3       97     8009        0       98     8069        0
datapath         in-port  eth-dst           out-port packets  bytes
---------------- -------- ----------------- -------- -------- --------
datapath         port     rx-pkts  rx-bytes rx-error tx-pkts  tx-bytes tx-error
---------------- -------- -------- -------- -------- -------- -------- --------
0000000000000002        1        0        0        0       72     5616        0
0000000000000002        2       97     8009        0       98     8069        0
0000000000000002        3       98     8069        0       97     8009        0
datapath         in-port  eth-dst           out-port packets  bytes
---------------- -------- ----------------- -------- -------- --------
discovery--->==================================== discovery ====================================
discovery---> cls: [(1, 3), (1, 2), (3, 2)]
discovery--->=============================================================================
==================================== link detector ====================================

----------------------------
src    dst :    delay
1 <---> 3 : 8.18777084350586
1 <---> 2 : 9.382486343383789
2 <---> 3 : 7.679224014282227
2 <---> 1 : 9.995698928833008
3 <---> 1 : 6.77490234375
3 <---> 2 : 7.472515106201172
==================================== link detector ====================================

----------------------------
src    dst :    delay
1 <---> 3 : 6.40106201171875
1 <---> 2 : 8.463621139526367
2 <---> 3 : 8.213520050048828
2 <---> 1 : 10.049819946289062
3 <---> 1 : 6.77037239074707
3 <---> 2 : 8.222579956054688
datapath         port     rx-pkts  rx-bytes rx-error tx-pkts  tx-bytes tx-error
---------------- -------- -------- -------- -------- -------- -------- --------
0000000000000001        1        0        0        0       78     6084        0
0000000000000001        2      104     8429        0      103     8369        0
0000000000000001        3      104     8429        0      103     8369        0
datapath         in-port  eth-dst           out-port packets  bytes
---------------- -------- ----------------- -------- -------- --------
datapath         port     rx-pkts  rx-bytes rx-error tx-pkts  tx-bytes tx-error
---------------- -------- -------- -------- -------- -------- -------- --------
0000000000000002        1        0        0        0       78     6084        0
0000000000000002        2      103     8369        0      104     8429        0
0000000000000002        3      103     8369        0      103     8369        0
datapath         in-port  eth-dst           out-port packets  bytes
---------------- -------- ----------------- -------- -------- --------
datapath         port     rx-pkts  rx-bytes rx-error tx-pkts  tx-bytes tx-error
---------------- -------- -------- -------- -------- -------- -------- --------
0000000000000003        1        0        0        0       78     6084        0
0000000000000003        2      103     8369        0      104     8429        0
0000000000000003        3      103     8369        0      103     8369        0
datapath         in-port  eth-dst           out-port packets  bytes
---------------- -------- ----------------- -------- -------- --------
discovery--->==================================== discovery ====================================
discovery---> cls: [(1, 3), (1, 2), (3, 2)]
discovery--->=============================================================================
==================================== link detector ====================================

----------------------------
src    dst :    delay
1 <---> 3 : 8.09621810913086
1 <---> 2 : 10.043859481811523
2 <---> 3 : 6.752967834472656
2 <---> 1 : 8.176803588867188
3 <---> 1 : 7.593393325805664
3 <---> 2 : 6.851434707641602
datapath         port     rx-pkts  rx-bytes rx-error tx-pkts  tx-bytes tx-error
---------------- -------- -------- -------- -------- -------- -------- --------
0000000000000001        1        0        0        0       83     6474        0
0000000000000001        2      109     8729        0      108     8669        0
0000000000000001        3      109     8729        0      108     8669        0
datapath         in-port  eth-dst           out-port packets  bytes
---------------- -------- ----------------- -------- -------- --------
datapath         port     rx-pkts  rx-bytes rx-error tx-pkts  tx-bytes tx-error
---------------- -------- -------- -------- -------- -------- -------- --------
0000000000000003        1        0        0        0       83     6474        0
0000000000000003        2      108     8669        0      109     8729        0
0000000000000003        3      108     8669        0      109     8729        0
datapath         in-port  eth-dst           out-port packets  bytes
---------------- -------- ----------------- -------- -------- --------
datapath         port     rx-pkts  rx-bytes rx-error tx-pkts  tx-bytes tx-error
---------------- -------- -------- -------- -------- -------- -------- --------
0000000000000002        1        0        0        0       83     6474        0
0000000000000002        2      108     8669        0      109     8729        0
0000000000000002        3      109     8729        0      108     8669        0
datapath         in-port  eth-dst           out-port packets  bytes
---------------- -------- ----------------- -------- -------- --------
discovery--->==================================== discovery ====================================
discovery---> cls: [(1, 3), (1, 2), (3, 2)]
discovery--->=============================================================================
==================================== link detector ====================================

----------------------------
src    dst :    delay
1 <---> 3 : 6.910562515258789
1 <---> 2 : 9.476184844970703
2 <---> 3 : 7.150173187255859
2 <---> 1 : 9.140491485595703
3 <---> 1 : 8.167028427124023
3 <---> 2 : 7.189035415649414
==================================== link detector ====================================

----------------------------
src    dst :    delay
1 <---> 3 : 9.139299392700195
1 <---> 2 : 8.736610412597656
2 <---> 3 : 7.440090179443359
2 <---> 1 : 8.775472640991211
3 <---> 1 : 8.07046890258789
3 <---> 2 : 6.4029693603515625
datapath         port     rx-pkts  rx-bytes rx-error tx-pkts  tx-bytes tx-error
---------------- -------- -------- -------- -------- -------- -------- --------
0000000000000001        1        0        0        0       89     6942        0
0000000000000001        2      115     9089        0      114     9029        0
0000000000000001        3      115     9089        0      114     9029        0
datapath         in-port  eth-dst           out-port packets  bytes
---------------- -------- ----------------- -------- -------- --------
datapath         port     rx-pkts  rx-bytes rx-error tx-pkts  tx-bytes tx-error
---------------- -------- -------- -------- -------- -------- -------- --------
0000000000000002        1        0        0        0       89     6942        0
0000000000000002        2      114     9029        0      115     9089        0
0000000000000002        3      115     9089        0      114     9029        0
datapath         in-port  eth-dst           out-port packets  bytes
---------------- -------- ----------------- -------- -------- --------
datapath         port     rx-pkts  rx-bytes rx-error tx-pkts  tx-bytes tx-error
---------------- -------- -------- -------- -------- -------- -------- --------
0000000000000003        1        0        0        0       89     6942        0
0000000000000003        2      114     9029        0      115     9089        0
0000000000000003        3      114     9029        0      115     9089        0
datapath         in-port  eth-dst           out-port packets  bytes
---------------- -------- ----------------- -------- -------- --------
discovery--->==================================== discovery ====================================
discovery---> cls: [(1, 3), (1, 2), (3, 2)]
discovery--->=============================================================================
==================================== link detector ====================================

----------------------------
src    dst :    delay
1 <---> 3 : 6.227970123291016
1 <---> 2 : 9.073257446289062
2 <---> 3 : 6.432771682739258
2 <---> 1 : 9.242534637451172
3 <---> 1 : 8.118152618408203
3 <---> 2 : 6.730794906616211
datapath         port     rx-pkts  rx-bytes rx-error tx-pkts  tx-bytes tx-error
---------------- -------- -------- -------- -------- -------- -------- --------
0000000000000001        1        0        0        0       94     7332        0
0000000000000001        2      120     9389        0      120     9389        0
0000000000000001        3      120     9389        0      120     9389        0
datapath         in-port  eth-dst           out-port packets  bytes
---------------- -------- ----------------- -------- -------- --------
datapath         port     rx-pkts  rx-bytes rx-error tx-pkts  tx-bytes tx-error
---------------- -------- -------- -------- -------- -------- -------- --------
0000000000000003        1        0        0        0       94     7332        0
0000000000000003        2      120     9389        0      120     9389        0
0000000000000003        3      119     9329        0      120     9389        0
datapath         in-port  eth-dst           out-port packets  bytes
---------------- -------- ----------------- -------- -------- --------
datapath         port     rx-pkts  rx-bytes rx-error tx-pkts  tx-bytes tx-error
---------------- -------- -------- -------- -------- -------- -------- --------
0000000000000002        1        0        0        0       94     7332        0
0000000000000002        2      120     9389        0      120     9389        0
0000000000000002        3      120     9389        0      119     9329        0
datapath         in-port  eth-dst           out-port packets  bytes
---------------- -------- ----------------- -------- -------- --------
discovery--->==================================== discovery ====================================
discovery---> cls: [(1, 3), (1, 2), (3, 2)]
discovery--->=============================================================================
==================================== link detector ====================================

----------------------------
src    dst :    delay
1 <---> 3 : 7.331609725952148
1 <---> 2 : 10.196447372436523
2 <---> 3 : 7.676839828491211
2 <---> 1 : 8.710622787475586
3 <---> 1 : 6.591796875
3 <---> 2 : 7.436990737915039
==================================== link detector ====================================

----------------------------
src    dst :    delay
1 <---> 3 : 8.153915405273438
1 <---> 2 : 10.109663009643555
2 <---> 3 : 8.143424987792969
2 <---> 1 : 9.111404418945312
3 <---> 1 : 7.932424545288086
3 <---> 2 : 7.238626480102539
datapath         port     rx-pkts  rx-bytes rx-error tx-pkts  tx-bytes tx-error
---------------- -------- -------- -------- -------- -------- -------- --------
0000000000000001        1        0        0        0      100     7800        0
0000000000000001        2      126     9749        0      125     9689        0
0000000000000001        3      126     9749        0      125     9689        0
datapath         in-port  eth-dst           out-port packets  bytes
---------------- -------- ----------------- -------- -------- --------
datapath         port     rx-pkts  rx-bytes rx-error tx-pkts  tx-bytes tx-error
---------------- -------- -------- -------- -------- -------- -------- --------
0000000000000003        1        0        0        0      100     7800        0
0000000000000003        2      125     9689        0      126     9749        0
0000000000000003        3      125     9689        0      126     9749        0
datapath         in-port  eth-dst           out-port packets  bytes
---------------- -------- ----------------- -------- -------- --------
datapath         port     rx-pkts  rx-bytes rx-error tx-pkts  tx-bytes tx-error
---------------- -------- -------- -------- -------- -------- -------- --------
0000000000000002        1        0        0        0      100     7800        0
0000000000000002        2      125     9689        0      126     9749        0
0000000000000002        3      126     9749        0      125     9689        0
datapath         in-port  eth-dst           out-port packets  bytes
---------------- -------- ----------------- -------- -------- --------
discovery--->==================================== discovery ====================================
discovery---> cls: [(1, 3), (1, 2), (3, 2)]
discovery--->=============================================================================
==================================== link detector ====================================

----------------------------
src    dst :    delay
1 <---> 3 : 6.864786148071289
1 <---> 2 : 9.739398956298828
2 <---> 3 : 8.05521011352539
2 <---> 1 : 9.635686874389648
3 <---> 1 : 7.583141326904297
3 <---> 2 : 6.594419479370117
==================================== link detector ====================================

----------------------------
src    dst :    delay
1 <---> 3 : 6.695270538330078
1 <---> 2 : 10.097742080688477
2 <---> 3 : 8.047819137573242
2 <---> 1 : 8.67915153503418
3 <---> 1 : 7.948875427246094
3 <---> 2 : 6.737709045410156
datapath         port     rx-pkts  rx-bytes rx-error tx-pkts  tx-bytes tx-error
---------------- -------- -------- -------- -------- -------- -------- --------
0000000000000003        1        0        0        0      105     8190        0
0000000000000003        2      131    10049        0      131    10049        0
0000000000000003        3      131    10049        0      131    10049        0
datapath         in-port  eth-dst           out-port packets  bytes
---------------- -------- ----------------- -------- -------- --------
datapath         port     rx-pkts  rx-bytes rx-error tx-pkts  tx-bytes tx-error
---------------- -------- -------- -------- -------- -------- -------- --------
0000000000000001        1        0        0        0      106     8268        0
0000000000000001        2      131    10049        0      131    10049        0
0000000000000001        3      131    10049        0      131    10049        0
datapath         in-port  eth-dst           out-port packets  bytes
---------------- -------- ----------------- -------- -------- --------
datapath         port     rx-pkts  rx-bytes rx-error tx-pkts  tx-bytes tx-error
---------------- -------- -------- -------- -------- -------- -------- --------
0000000000000002        1        0        0        0      105     8190        0
0000000000000002        2      131    10049        0      131    10049        0
0000000000000002        3      131    10049        0      131    10049        0
datapath         in-port  eth-dst           out-port packets  bytes
---------------- -------- ----------------- -------- -------- --------
discovery--->==================================== discovery ====================================
discovery---> cls: [(1, 3), (1, 2), (3, 2)]
discovery--->=============================================================================
==================================== link detector ====================================

----------------------------
src    dst :    delay
1 <---> 3 : 7.826328277587891
1 <---> 2 : 9.920835494995117
2 <---> 3 : 8.040904998779297
2 <---> 1 : 9.183406829833984
3 <---> 1 : 7.179498672485352
3 <---> 2 : 8.167266845703125
datapath         port     rx-pkts  rx-bytes rx-error tx-pkts  tx-bytes tx-error
---------------- -------- -------- -------- -------- -------- -------- --------
0000000000000001        1        0        0        0      111     8658        0
0000000000000001        2      137    10409        0      136    10349        0
0000000000000001        3      137    10409        0      136    10349        0
datapath         in-port  eth-dst           out-port packets  bytes
---------------- -------- ----------------- -------- -------- --------
datapath         port     rx-pkts  rx-bytes rx-error tx-pkts  tx-bytes tx-error
---------------- -------- -------- -------- -------- -------- -------- --------
0000000000000003        1        0        0        0      111     8658        0
0000000000000003        2      136    10349        0      137    10409        0
0000000000000003        3      136    10349        0      137    10409        0
datapath         in-port  eth-dst           out-port packets  bytes
---------------- -------- ----------------- -------- -------- --------
datapath         port     rx-pkts  rx-bytes rx-error tx-pkts  tx-bytes tx-error
---------------- -------- -------- -------- -------- -------- -------- --------
0000000000000002        1        0        0        0      111     8658        0
0000000000000002        2      136    10349        0      137    10409        0
0000000000000002        3      137    10409        0      136    10349        0
datapath         in-port  eth-dst           out-port packets  bytes
---------------- -------- ----------------- -------- -------- --------
discovery--->==================================== discovery ====================================
discovery---> cls: [(1, 3), (1, 2), (3, 2)]
discovery--->=============================================================================
==================================== link detector ====================================

----------------------------
src    dst :    delay
1 <---> 3 : 7.585287094116211
1 <---> 2 : 9.637594223022461
2 <---> 3 : 6.303310394287109
2 <---> 1 : 9.368658065795898
3 <---> 1 : 6.300926208496094
3 <---> 2 : 7.347345352172852
==================================== link detector ====================================

----------------------------
src    dst :    delay
1 <---> 3 : 7.578849792480469
1 <---> 2 : 9.570837020874023
2 <---> 3 : 7.515192031860352
2 <---> 1 : 8.475303649902344
3 <---> 1 : 8.140325546264648
3 <---> 2 : 6.871461868286133
datapath         port     rx-pkts  rx-bytes rx-error tx-pkts  tx-bytes tx-error
---------------- -------- -------- -------- -------- -------- -------- --------
0000000000000001        1        0        0        0      117     9126        0
0000000000000001        2      142    10709        0      142    10709        0
0000000000000001        3      142    10709        0      142    10709        0
datapath         in-port  eth-dst           out-port packets  bytes
---------------- -------- ----------------- -------- -------- --------
datapath         port     rx-pkts  rx-bytes rx-error tx-pkts  tx-bytes tx-error
---------------- -------- -------- -------- -------- -------- -------- --------
0000000000000002        1        0        0        0      117     9126        0
0000000000000002        2      142    10709        0      142    10709        0
0000000000000002        3      142    10709        0      142    10709        0
datapath         in-port  eth-dst           out-port packets  bytes
---------------- -------- ----------------- -------- -------- --------
datapath         port     rx-pkts  rx-bytes rx-error tx-pkts  tx-bytes tx-error
---------------- -------- -------- -------- -------- -------- -------- --------
0000000000000003        1        0        0        0      116     9048        0
0000000000000003        2      142    10709        0      142    10709        0
0000000000000003        3      142    10709        0      142    10709        0
datapath         in-port  eth-dst           out-port packets  bytes
---------------- -------- ----------------- -------- -------- --------
discovery--->==================================== discovery ====================================
discovery---> cls: [(1, 3), (1, 2), (3, 2)]
discovery--->=============================================================================
==================================== link detector ====================================

----------------------------
src    dst :    delay
1 <---> 3 : 7.244586944580078
1 <---> 2 : 10.106563568115234
2 <---> 3 : 6.849527359008789
2 <---> 1 : 8.666515350341797
3 <---> 1 : 6.7272186279296875
3 <---> 2 : 7.381200790405273
datapath         port     rx-pkts  rx-bytes rx-error tx-pkts  tx-bytes tx-error
---------------- -------- -------- -------- -------- -------- -------- --------
0000000000000001        1        0        0        0      122     9516        0
0000000000000001        2      148    11069        0      147    11009        0
0000000000000001        3      148    11069        0      147    11009        0
datapath         in-port  eth-dst           out-port packets  bytes
---------------- -------- ----------------- -------- -------- --------
datapath         port     rx-pkts  rx-bytes rx-error tx-pkts  tx-bytes tx-error
---------------- -------- -------- -------- -------- -------- -------- --------
0000000000000003        1        0        0        0      122     9516        0
0000000000000003        2      147    11009        0      148    11069        0
0000000000000003        3      147    11009        0      148    11069        0
datapath         port     rx-pkts  rx-bytes rx-error tx-pkts  tx-bytes tx-error
---------------- -------- -------- -------- -------- -------- -------- --------
0000000000000002        1        0        0        0      122     9516        0
0000000000000002        2      147    11009        0      148    11069        0
0000000000000002        3      148    11069        0      147    11009        0
datapath         in-port  eth-dst           out-port packets  bytes
---------------- -------- ----------------- -------- -------- --------
datapath         in-port  eth-dst           out-port packets  bytes
---------------- -------- ----------------- -------- -------- --------
discovery--->==================================== discovery ====================================
discovery---> cls: [(1, 3), (1, 2), (3, 2)]
discovery--->=============================================================================
==================================== link detector ====================================

----------------------------
src    dst :    delay
1 <---> 3 : 7.83991813659668
1 <---> 2 : 9.752988815307617
2 <---> 3 : 7.899999618530273
2 <---> 1 : 8.91733169555664
3 <---> 1 : 7.940530776977539
3 <---> 2 : 7.082223892211914
==================================== link detector ====================================

----------------------------
src    dst :    delay
1 <---> 3 : 8.047103881835938
1 <---> 2 : 9.034156799316406
2 <---> 3 : 6.759881973266602
2 <---> 1 : 9.793281555175781
3 <---> 1 : 7.333517074584961
3 <---> 2 : 7.848262786865234
datapath         port     rx-pkts  rx-bytes rx-error tx-pkts  tx-bytes tx-error
---------------- -------- -------- -------- -------- -------- -------- --------
0000000000000001        1        0        0        0      128     9984        0
0000000000000001        2      154    11429        0      153    11369        0
0000000000000001        3      153    11369        0      153    11369        0
datapath         in-port  eth-dst           out-port packets  bytes
---------------- -------- ----------------- -------- -------- --------
datapath         port     rx-pkts  rx-bytes rx-error tx-pkts  tx-bytes tx-error
---------------- -------- -------- -------- -------- -------- -------- --------
0000000000000002        1        0        0        0      128     9984        0
0000000000000002        2      153    11369        0      153    11369        0
0000000000000002        3      153    11369        0      153    11369        0
datapath         in-port  eth-dst           out-port packets  bytes
---------------- -------- ----------------- -------- -------- --------
datapath         port     rx-pkts  rx-bytes rx-error tx-pkts  tx-bytes tx-error
---------------- -------- -------- -------- -------- -------- -------- --------
0000000000000003        1        0        0        0      128     9984        0
0000000000000003        2      153    11369        0      154    11429        0
0000000000000003        3      153    11369        0      153    11369        0
datapath         in-port  eth-dst           out-port packets  bytes
---------------- -------- ----------------- -------- -------- --------
discovery--->==================================== discovery ====================================
discovery---> cls: [(1, 3), (1, 2), (3, 2)]
discovery--->=============================================================================
==================================== link detector ====================================

----------------------------
src    dst :    delay
1 <---> 3 : 8.100509643554688
1 <---> 2 : 10.215520858764648
2 <---> 3 : 8.097648620605469
2 <---> 1 : 10.548114776611328
3 <---> 1 : 7.213830947875977
3 <---> 2 : 6.201505661010742
==================================== link detector ====================================

----------------------------
src    dst :    delay
1 <---> 3 : 6.465673446655273
1 <---> 2 : 10.241031646728516
2 <---> 3 : 8.152008056640625
2 <---> 1 : 9.034395217895508
3 <---> 1 : 8.057355880737305
3 <---> 2 : 7.986307144165039
datapath         port     rx-pkts  rx-bytes rx-error tx-pkts  tx-bytes tx-error
---------------- -------- -------- -------- -------- -------- -------- --------
0000000000000001        1        0        0        0      133    10374        0
0000000000000001        2      159    11729        0      158    11669        0
0000000000000001        3      159    11729        0      159    11739        0
datapath         in-port  eth-dst           out-port packets  bytes
---------------- -------- ----------------- -------- -------- --------
datapath         port     rx-pkts  rx-bytes rx-error tx-pkts  tx-bytes tx-error
---------------- -------- -------- -------- -------- -------- -------- --------
0000000000000003        1        0        0        0      133    10374        0
0000000000000003        2      158    11669        0      159    11729        0
0000000000000003        3      158    11669        0      159    11729        0
datapath         in-port  eth-dst           out-port packets  bytes
---------------- -------- ----------------- -------- -------- --------
datapath         port     rx-pkts  rx-bytes rx-error tx-pkts  tx-bytes tx-error
---------------- -------- -------- -------- -------- -------- -------- --------
0000000000000002        1        0        0        0      133    10374        0
0000000000000002        2      159    11739        0      159    11729        0
0000000000000002        3      159    11729        0      158    11669        0
datapath         in-port  eth-dst           out-port packets  bytes
---------------- -------- ----------------- -------- -------- --------
discovery--->==================================== discovery ====================================
discovery---> cls: [(1, 3), (1, 2), (3, 2)]
discovery--->=============================================================================
==================================== link detector ====================================

----------------------------
src    dst :    delay
1 <---> 3 : 6.992340087890625
1 <---> 2 : 9.13238525390625
2 <---> 3 : 8.179187774658203
2 <---> 1 : 10.080099105834961
3 <---> 1 : 6.325006484985352
3 <---> 2 : 7.787942886352539
datapath         port     rx-pkts  rx-bytes rx-error tx-pkts  tx-bytes tx-error
---------------- -------- -------- -------- -------- -------- -------- --------
0000000000000001        1        0        0        0      139    10842        0
0000000000000001        2      167    12362        0      166    12302        0
0000000000000001        3      167    12362        0      166    12302        0
datapath         in-port  eth-dst           out-port packets  bytes
---------------- -------- ----------------- -------- -------- --------
datapath         port     rx-pkts  rx-bytes rx-error tx-pkts  tx-bytes tx-error
---------------- -------- -------- -------- -------- -------- -------- --------
0000000000000002        1        0        0        0      139    10842        0
0000000000000002        2      166    12302        0      167    12362        0
0000000000000002        3      166    12292        0      166    12302        0
datapath         in-port  eth-dst           out-port packets  bytes
---------------- -------- ----------------- -------- -------- --------
datapath         port     rx-pkts  rx-bytes rx-error tx-pkts  tx-bytes tx-error
---------------- -------- -------- -------- -------- -------- -------- --------
0000000000000003        1        0        0        0      139    10842        0
0000000000000003        2      166    12302        0      167    12362        0
0000000000000003        3      166    12302        0      166    12292        0
datapath         in-port  eth-dst           out-port packets  bytes
---------------- -------- ----------------- -------- -------- --------
discovery--->==================================== discovery ====================================
discovery---> cls: [(1, 3), (1, 2), (3, 2)]
discovery--->=============================================================================
==================================== link detector ====================================

----------------------------
src    dst :    delay
1 <---> 3 : 6.758213043212891
1 <---> 2 : 10.14089584350586
2 <---> 3 : 7.625102996826172
2 <---> 1 : 10.236024856567383
3 <---> 1 : 6.693840026855469
3 <---> 2 : 8.300304412841797
==================================== link detector ====================================

----------------------------
src    dst :    delay
1 <---> 3 : 7.515430450439453
1 <---> 2 : 8.719444274902344
2 <---> 3 : 7.042884826660156
2 <---> 1 : 9.324312210083008
3 <---> 1 : 7.764339447021484
3 <---> 2 : 7.209300994873047
datapath         port     rx-pkts  rx-bytes rx-error tx-pkts  tx-bytes tx-error
---------------- -------- -------- -------- -------- -------- -------- --------
0000000000000001        1        0        0        0      144    11232        0
0000000000000001        2      172    12662        0      171    12602        0
0000000000000001        3      172    12662        0      172    12662        0
datapath         in-port  eth-dst           out-port packets  bytes
---------------- -------- ----------------- -------- -------- --------
datapath         port     rx-pkts  rx-bytes rx-error tx-pkts  tx-bytes tx-error
---------------- -------- -------- -------- -------- -------- -------- --------
0000000000000002        1        0        0        0      144    11232        0
0000000000000002        2      172    12662        0      172    12662        0
0000000000000002        3      171    12592        0      171    12602        0
datapath         in-port  eth-dst           out-port packets  bytes
---------------- -------- ----------------- -------- -------- --------
datapath         port     rx-pkts  rx-bytes rx-error tx-pkts  tx-bytes tx-error
---------------- -------- -------- -------- -------- -------- -------- --------
0000000000000003        1        0        0        0      144    11232        0
0000000000000003        2      171    12602        0      172    12662        0
0000000000000003        3      171    12602        0      171    12592        0
datapath         in-port  eth-dst           out-port packets  bytes
---------------- -------- ----------------- -------- -------- --------
discovery--->==================================== discovery ====================================
discovery---> cls: [(1, 3), (1, 2), (3, 2)]
discovery--->=============================================================================
==================================== link detector ====================================

----------------------------
src    dst :    delay
1 <---> 3 : 6.138801574707031
1 <---> 2 : 9.399175643920898
2 <---> 3 : 6.299018859863281
2 <---> 1 : 9.645223617553711
3 <---> 1 : 7.767677307128906
3 <---> 2 : 6.808042526245117
datapath         port     rx-pkts  rx-bytes rx-error tx-pkts  tx-bytes tx-error
---------------- -------- -------- -------- -------- -------- -------- --------
0000000000000001        1        0        0        0      150    11700        0
0000000000000001        2      178    13022        0      177    12962        0
0000000000000001        3      178    13022        0      177    12962        0
datapath         in-port  eth-dst           out-port packets  bytes
---------------- -------- ----------------- -------- -------- --------
datapath         port     rx-pkts  rx-bytes rx-error tx-pkts  tx-bytes tx-error
---------------- -------- -------- -------- -------- -------- -------- --------
0000000000000002        1        0        0        0      150    11700        0
0000000000000002        2      177    12962        0      178    13022        0
0000000000000002        3      178    13022        0      177    12962        0
datapath         in-port  eth-dst           out-port packets  bytes
---------------- -------- ----------------- -------- -------- --------
datapath         port     rx-pkts  rx-bytes rx-error tx-pkts  tx-bytes tx-error
---------------- -------- -------- -------- -------- -------- -------- --------
0000000000000003        1        0        0        0      150    11700        0
0000000000000003        2      177    12962        0      178    13022        0
0000000000000003        3      177    12962        0      178    13022        0
datapath         in-port  eth-dst           out-port packets  bytes
---------------- -------- ----------------- -------- -------- --------
discovery--->==================================== discovery ====================================
discovery---> cls: [(1, 3), (1, 2), (3, 2)]
discovery--->=============================================================================
