loading app network_structure.py
loading app network_structure.py
loading app network_structure.py
Matplotlib created a temporary config/cache directory at /tmp/matplotlib-182w4rlb because the default path (/home/terry/.config/matplotlib) is not a writable directory; it is highly recommended to set the MPLCONFIGDIR environment variable to a writable directory, in particular to speed up the import of Matplotlib and to better support multiprocessing.
Generating new fontManager, this may take some time...
Matplotlib created a temporary config/cache directory at /tmp/matplotlib-ya1val2x because the default path (/home/terry/.config/matplotlib) is not a writable directory; it is highly recommended to set the MPLCONFIGDIR environment variable to a writable directory, in particular to speed up the import of Matplotlib and to better support multiprocessing.
Generating new fontManager, this may take some time...
Matplotlib created a temporary config/cache directory at /tmp/matplotlib-1dp1h8nb because the default path (/home/terry/.config/matplotlib) is not a writable directory; it is highly recommended to set the MPLCONFIGDIR environment variable to a writable directory, in particular to speed up the import of Matplotlib and to better support multiprocessing.
Generating new fontManager, this may take some time...
Failed to extract font properties from /usr/share/fonts/truetype/noto/NotoColorEmoji.ttf: In FT2Font: Can not load face.  Unknown file format.
Failed to extract font properties from /usr/share/fonts/truetype/noto/NotoColorEmoji.ttf: In FT2Font: Can not load face.  Unknown file format.
Failed to extract font properties from /usr/share/fonts/truetype/noto/NotoColorEmoji.ttf: In FT2Font: Can not load face.  Unknown file format.
loading app network_monitor.py
loading app network_delay.py
loading app network_shortest_path.py
loading app arp_handler.py
loading app ryu.controller.ofp_handler
instantiating app None of Switches
creating context switches
instantiating app network_structure.py of NetworkStructure
instantiating app network_monitor.py of NetworkMonitor
instantiating app network_delay.py of NetworkDelay
instantiating app network_shortest_path.py of NetworkShortestPath
instantiating app arp_handler.py of ArpHandler
instantiating app ryu.controller.ofp_handler of OFPHandler
loading app network_monitor.py
loading app network_delay.py
loading app network_shortest_path.py
loading app arp_handler.py
loading app ryu.controller.ofp_handler
instantiating app None of Switches
creating context switches
instantiating app network_structure.py of NetworkStructure
instantiating app network_monitor.py of NetworkMonitor
instantiating app network_delay.py of NetworkDelay
instantiating app network_shortest_path.py of NetworkShortestPath
instantiating app arp_handler.py of ArpHandler
instantiating app ryu.controller.ofp_handler of OFPHandler
loading app network_monitor.py
loading app network_delay.py
loading app network_shortest_path.py
loading app arp_handler.py
loading app ryu.controller.ofp_handler
instantiating app None of Switches
creating context switches
instantiating app network_structure.py of NetworkStructure
instantiating app network_monitor.py of NetworkMonitor
instantiating app network_delay.py of NetworkDelay
instantiating app network_shortest_path.py of NetworkShortestPath
instantiating app arp_handler.py of ArpHandler
instantiating app ryu.controller.ofp_handler of OFPHandler
discovery---> AccessPoint: 1 connected
monitor---->register datapath: 1000000000000001
discovery---> AccessPoint: 2 connected
monitor---->register datapath: 1000000000000002
discovery---> AccessPoint: 3 connected
monitor---->register datapath: 1000000000000003
discovery---> AccessPoint: 4 connected
monitor---->register datapath: 1000000000000004
hub: uncaught exception: Traceback (most recent call last):
  File "/usr/local/lib/python3.6/dist-packages/ryu/lib/hub.py", line 60, in _launch
    return func(*args, **kwargs)
  File "/home/terry/LJQ/rerouting-drl/application-model/ryu_code/network_delay.py", line 46, in scheduler
    self._send_echo_request()
  File "/home/terry/LJQ/rerouting-drl/application-model/ryu_code/network_delay.py", line 55, in _send_echo_request
    for datapath in self.network_monitor.datapaths_table.values():
RuntimeError: dictionary changed size during iteration

discovery---> AccessPoint: 5 connected
monitor---->register datapath: 1000000000000005
---> OFPPortStatus received: reason=MODIFY desc=OFPPort(port_no=4,hw_addr='56:db:af:fe:6f:e1',name=b'ap5-eth4',config=0,state=4,curr=2112,advertised=0,supported=0,peer=0,curr_speed=10000000,max_speed=0)
---> OFPPortStatus received: reason=MODIFY desc=OFPPort(port_no=5,hw_addr='02:0d:07:61:03:17',name=b'ap5-eth5',config=0,state=4,curr=2112,advertised=0,supported=0,peer=0,curr_speed=10000000,max_speed=0)
---> OFPPortStatus received: reason=MODIFY desc=OFPPort(port_no=2,hw_addr='12:2b:ba:1f:2c:6f',name=b'ap5-eth2',config=0,state=4,curr=2112,advertised=0,supported=0,peer=0,curr_speed=10000000,max_speed=0)
---> OFPPortStatus received: reason=MODIFY desc=OFPPort(port_no=4294967294,hw_addr='50:00:00:00:00:00',name=b'ap5',config=1,state=1,curr=0,advertised=0,supported=0,peer=0,curr_speed=0,max_speed=0)
---> OFPPortStatus received: reason=MODIFY desc=OFPPort(port_no=3,hw_addr='32:ce:ec:a3:e6:d4',name=b'ap5-eth3',config=0,state=4,curr=2112,advertised=0,supported=0,peer=0,curr_speed=10000000,max_speed=0)
---> OFPPortStatus received: reason=MODIFY desc=OFPPort(port_no=1,hw_addr='50:00:00:00:00:00',name=b'ap5-wlan1',config=0,state=4,curr=0,advertised=0,supported=0,peer=0,curr_speed=0,max_speed=0)
discovery---> AccessPoint: 6 connected
monitor---->register datapath: 1000000000000006
---> OFPPortStatus received: reason=MODIFY desc=OFPPort(port_no=4294967294,hw_addr='60:00:00:00:00:00',name=b'ap6',config=1,state=1,curr=0,advertised=0,supported=0,peer=0,curr_speed=0,max_speed=0)
---> OFPPortStatus received: reason=MODIFY desc=OFPPort(port_no=1,hw_addr='60:00:00:00:00:00',name=b'ap6-wlan1',config=0,state=4,curr=0,advertised=0,supported=0,peer=0,curr_speed=0,max_speed=0)
---> OFPPortStatus received: reason=MODIFY desc=OFPPort(port_no=3,hw_addr='4a:f4:36:33:8d:b3',name=b'ap6-eth3',config=0,state=4,curr=2112,advertised=0,supported=0,peer=0,curr_speed=10000000,max_speed=0)
---> OFPPortStatus received: reason=MODIFY desc=OFPPort(port_no=2,hw_addr='e6:f0:ac:c5:0d:50',name=b'ap6-eth2',config=0,state=4,curr=2112,advertised=0,supported=0,peer=0,curr_speed=10000000,max_speed=0)
discovery---> AccessPoint: 7 connected
monitor---->register datapath: 1000000000000007
discovery---> AccessPoint: 8 connected
monitor---->register datapath: 1000000000000008
discovery---> AccessPoint: 9 connected
monitor---->register datapath: 1000000000000009
discovery---> AccessPoint: 10 connected
monitor---->register datapath: 100000000000000a
discovery---> AccessPoint: 11 connected
monitor---->register datapath: 100000000000000b
discovery---> AccessPoint: 12 connected
monitor---->register datapath: 100000000000000c
---> OFPPortStatus received: reason=MODIFY desc=OFPPort(port_no=3,hw_addr='d2:03:f9:99:1e:8a',name=b'ap12-eth3',config=0,state=4,curr=2112,advertised=0,supported=0,peer=0,curr_speed=10000000,max_speed=0)
---> OFPPortStatus received: reason=MODIFY desc=OFPPort(port_no=2,hw_addr='d6:57:be:9d:54:06',name=b'ap12-eth2',config=0,state=4,curr=2112,advertised=0,supported=0,peer=0,curr_speed=10000000,max_speed=0)
---> OFPPortStatus received: reason=MODIFY desc=OFPPort(port_no=1,hw_addr='02:00:00:00:38:00',name=b'ap12-wlan1',config=0,state=4,curr=0,advertised=0,supported=0,peer=0,curr_speed=0,max_speed=0)
---> OFPPortStatus received: reason=MODIFY desc=OFPPort(port_no=4294967294,hw_addr='fa:f6:d3:41:dc:40',name=b'ap12',config=1,state=1,curr=0,advertised=0,supported=0,peer=0,curr_speed=0,max_speed=0)
---> OFPPortStatus received: reason=MODIFY desc=OFPPort(port_no=4,hw_addr='4a:a7:ee:8c:82:1f',name=b'ap12-eth4',config=0,state=4,curr=2112,advertised=0,supported=0,peer=0,curr_speed=10000000,max_speed=0)
discovery---> AccessPoint: 13 connected
monitor---->register datapath: 100000000000000d
discovery---> AccessPoint: 14 connected
monitor---->register datapath: 100000000000000e
discovery---> AccessPoint: 15 connected
monitor---->register datapath: 100000000000000f
discovery---> AccessPoint: 16 connected
monitor---->register datapath: 1000000000000010
discovery---> AccessPoint: 17 connected
monitor---->register datapath: 1000000000000011
discovery---> AccessPoint: 18 connected
monitor---->register datapath: 1000000000000012
discovery---> AccessPoint: 19 connected
monitor---->register datapath: 1000000000000013
---> OFPPortStatus received: reason=MODIFY desc=OFPPort(port_no=1,hw_addr='02:00:00:00:3f:00',name=b'ap19-wlan1',config=0,state=4,curr=0,advertised=0,supported=0,peer=0,curr_speed=0,max_speed=0)
---> OFPPortStatus received: reason=MODIFY desc=OFPPort(port_no=4294967294,hw_addr='7a:e9:7d:08:85:4c',name=b'ap19',config=1,state=1,curr=0,advertised=0,supported=0,peer=0,curr_speed=0,max_speed=0)
---> OFPPortStatus received: reason=MODIFY desc=OFPPort(port_no=5,hw_addr='3a:58:74:16:8a:1b',name=b'ap19-eth5',config=0,state=4,curr=2112,advertised=0,supported=0,peer=0,curr_speed=10000000,max_speed=0)
---> OFPPortStatus received: reason=MODIFY desc=OFPPort(port_no=6,hw_addr='a2:47:64:81:4a:46',name=b'ap19-eth6',config=0,state=4,curr=2112,advertised=0,supported=0,peer=0,curr_speed=10000000,max_speed=0)
---> OFPPortStatus received: reason=MODIFY desc=OFPPort(port_no=3,hw_addr='86:2e:f2:0e:b2:e7',name=b'ap19-eth3',config=0,state=4,curr=2112,advertised=0,supported=0,peer=0,curr_speed=10000000,max_speed=0)
---> OFPPortStatus received: reason=MODIFY desc=OFPPort(port_no=2,hw_addr='b6:02:35:2a:a0:f2',name=b'ap19-eth2',config=0,state=4,curr=2112,advertised=0,supported=0,peer=0,curr_speed=10000000,max_speed=0)
---> OFPPortStatus received: reason=MODIFY desc=OFPPort(port_no=4,hw_addr='aa:d2:99:55:07:f3',name=b'ap19-eth4',config=0,state=4,curr=2112,advertised=0,supported=0,peer=0,curr_speed=10000000,max_speed=0)
discovery---> AccessPoint: 20 connected
monitor---->register datapath: 1000000000000014
discovery---> AccessPoint: 21 connected
monitor---->register datapath: 1000000000000015
discovery---> AccessPoint: 22 connected
monitor---->register datapath: 1000000000000016
discovery---> AccessPoint: 23 connected
monitor---->register datapath: 1000000000000017
discovery---> AccessPoint: 24 connected
monitor---->register datapath: 1000000000000018
discovery---> AccessPoint: 25 connected
monitor---->register datapath: 1000000000000019
discovery---> AccessPoint: 26 connected
monitor---->register datapath: 100000000000001a
discovery---> AccessPoint: 27 connected
monitor---->register datapath: 100000000000001b
discovery---> AccessPoint: 28 connected
monitor---->register datapath: 100000000000001c
discovery---> AccessPoint: 29 connected
monitor---->register datapath: 100000000000001d
discovery---> AccessPoint: 30 connected
monitor---->register datapath: 100000000000001e
discovery---> AccessPoint: 31 connected
monitor---->register datapath: 100000000000001f
discovery---> AccessPoint: 32 connected
monitor---->register datapath: 1000000000000020
discovery---> AccessPoint: 33 connected
monitor---->register datapath: 1000000000000021
discovery---> AccessPoint: 34 connected
monitor---->register datapath: 1000000000000022
discovery---> AccessPoint: 35 connected
monitor---->register datapath: 1000000000000023
discovery---> AccessPoint: 36 connected
monitor---->register datapath: 1000000000000024
---> OFPPortStatus received: reason=MODIFY desc=OFPPort(port_no=2,hw_addr='32:8d:2f:fd:29:cb',name=b'ap36-eth2',config=0,state=4,curr=2112,advertised=0,supported=0,peer=0,curr_speed=10000000,max_speed=0)
---> OFPPortStatus received: reason=MODIFY desc=OFPPort(port_no=3,hw_addr='de:28:19:1b:d4:4f',name=b'ap36-eth3',config=0,state=4,curr=2112,advertised=0,supported=0,peer=0,curr_speed=10000000,max_speed=0)
---> OFPPortStatus received: reason=MODIFY desc=OFPPort(port_no=1,hw_addr='02:00:00:00:50:00',name=b'ap36-wlan1',config=0,state=4,curr=0,advertised=0,supported=0,peer=0,curr_speed=0,max_speed=0)
---> OFPPortStatus received: reason=MODIFY desc=OFPPort(port_no=4294967294,hw_addr='a6:6d:56:f6:30:49',name=b'ap36',config=1,state=1,curr=0,advertised=0,supported=0,peer=0,curr_speed=0,max_speed=0)
discovery---> AccessPoint: 37 connected
monitor---->register datapath: 1000000000000025
discovery---> AccessPoint: 38 connected
monitor---->register datapath: 1000000000000026
discovery---> AccessPoint: 39 connected
monitor---->register datapath: 1000000000000027
discovery---> AccessPoint: 40 connected
monitor---->register datapath: 1000000000000028
discovery---> AccessPoint: 41 connected
monitor---->register datapath: 1000000000000029
discovery---> AccessPoint: 42 connected
monitor---->register datapath: 100000000000002a
discovery---> AccessPoint: 43 connected
monitor---->register datapath: 100000000000002b
discovery---> AccessPoint: 44 connected
monitor---->register datapath: 100000000000002c
discovery---> AccessPoint: 45 connected
monitor---->register datapath: 100000000000002d
