loading app simple_switch_stp_13.py
loading app ryu.controller.ofp_handler
instantiating app None of Stp
creating context stplib
instantiating app simple_switch_stp_13.py of SimpleSwitch13
instantiating app ryu.controller.ofp_handler of OFPHandler
stplib: Exception occurred during handler processing. Backtrace from offending handler [port_status_handler] servicing event [EventOFPPortStatus] follows.
Traceback (most recent call last):
  File "/usr/local/lib/python3.6/dist-packages/ryu/base/app_manager.py", line 290, in _event_loop
    handler(ev)
  File "/usr/local/lib/python3.6/dist-packages/ryu/lib/stplib.py", line 301, in port_status_handler
    if bridge.ports_state[port.port_no] == port.state:
KeyError: 4294967294
packet in 1152921504606846986 ca:47:be:ca:36:5a 33:33:00:00:00:02 4
packet in 1152921504606846984 ca:47:be:ca:36:5a 33:33:00:00:00:02 5
packet in 1152921504606846983 ca:47:be:ca:36:5a 33:33:00:00:00:02 3
packet in 1152921504606846978 ca:47:be:ca:36:5a 33:33:00:00:00:02 4
packet in 1152921504606846985 ca:47:be:ca:36:5a 33:33:00:00:00:02 3
packet in 1152921504606846979 ca:47:be:ca:36:5a 33:33:00:00:00:02 2
packet in 1152921504606846977 ca:47:be:ca:36:5a 33:33:00:00:00:02 2
packet in 1152921504606846980 ca:47:be:ca:36:5a 33:33:00:00:00:02 2
packet in 1152921504606846981 ca:47:be:ca:36:5a 33:33:00:00:00:02 2
packet in 1152921504606846982 ca:47:be:ca:36:5a 33:33:00:00:00:02 2
packet in 1152921504606846979 6e:45:9d:a2:3b:5c 33:33:00:00:00:02 2
packet in 1152921504606846979 a6:7d:bf:d9:b4:97 33:33:00:00:00:02 3
packet in 1152921504606846981 b2:fe:42:0e:96:73 33:33:00:00:00:02 4
packet in 1152921504606846982 da:7e:68:6d:14:2c 33:33:00:00:00:02 2
packet in 1152921504606846979 b2:fe:42:0e:96:73 33:33:00:00:00:02 4
packet in 1152921504606846980 6e:45:9d:a2:3b:5c 33:33:00:00:00:02 2
packet in 1152921504606846980 1a:09:ec:f5:68:2b 33:33:00:00:00:02 3
packet in 1152921504606846978 a6:7d:bf:d9:b4:97 33:33:00:00:00:02 3
packet in 1152921504606846981 6e:45:9d:a2:3b:5c 33:33:00:00:00:02 2
packet in 1152921504606846981 a6:7d:bf:d9:b4:97 33:33:00:00:00:02 2
packet in 1152921504606846980 b2:fe:42:0e:96:73 33:33:00:00:00:02 2
packet in 1152921504606846982 6e:45:9d:a2:3b:5c 33:33:00:00:00:02 2
packet in 1152921504606846978 b2:fe:42:0e:96:73 33:33:00:00:00:02 3
packet in 1152921504606846979 1a:09:ec:f5:68:2b 33:33:00:00:00:02 3
packet in 1152921504606846982 1a:09:ec:f5:68:2b 33:33:00:00:00:02 2
packet in 1152921504606846985 a6:7d:bf:d9:b4:97 33:33:00:00:00:02 3
packet in 1152921504606846977 a6:7d:bf:d9:b4:97 33:33:00:00:00:02 2
packet in 1152921504606846984 a6:7d:bf:d9:b4:97 33:33:00:00:00:02 2
packet in 1152921504606846984 b2:fe:42:0e:96:73 33:33:00:00:00:02 2
packet in 1152921504606846985 b2:fe:42:0e:96:73 33:33:00:00:00:02 3
packet in 1152921504606846977 b2:fe:42:0e:96:73 33:33:00:00:00:02 2
packet in 1152921504606846978 1a:09:ec:f5:68:2b 33:33:00:00:00:02 3
packet in 1152921504606846981 1a:09:ec:f5:68:2b 33:33:00:00:00:02 2
packet in 1152921504606846983 a6:7d:bf:d9:b4:97 33:33:00:00:00:02 3
packet in 1152921504606846986 a6:7d:bf:d9:b4:97 33:33:00:00:00:02 2
packet in 1152921504606846986 b2:fe:42:0e:96:73 33:33:00:00:00:02 2
packet in 1152921504606846983 b2:fe:42:0e:96:73 33:33:00:00:00:02 3
packet in 1152921504606846977 1a:09:ec:f5:68:2b 33:33:00:00:00:02 2
packet in 1152921504606846985 1a:09:ec:f5:68:2b 33:33:00:00:00:02 3
packet in 1152921504606846984 1a:09:ec:f5:68:2b 33:33:00:00:00:02 2
packet in 1152921504606846986 1a:09:ec:f5:68:2b 33:33:00:00:00:02 2
packet in 1152921504606846983 1a:09:ec:f5:68:2b 33:33:00:00:00:02 3
packet in 1152921504606846984 76:d1:35:d8:a5:d8 33:33:00:00:00:02 4
packet in 1152921504606846981 b6:89:8c:00:7e:fc 33:33:00:00:00:02 2
packet in 1152921504606846979 d2:cf:db:d6:7f:f6 33:33:00:00:00:02 4
packet in 1152921504606846978 76:d1:35:d8:a5:d8 33:33:00:00:00:02 4
packet in 1152921504606846986 76:d1:35:d8:a5:d8 33:33:00:00:00:02 2
packet in 1152921504606846980 d2:cf:db:d6:7f:f6 33:33:00:00:00:02 2
packet in 1152921504606846978 d2:cf:db:d6:7f:f6 33:33:00:00:00:02 3
packet in 1152921504606846985 76:d1:35:d8:a5:d8 33:33:00:00:00:02 3
packet in 1152921504606846977 76:d1:35:d8:a5:d8 33:33:00:00:00:02 2
packet in 1152921504606846979 76:d1:35:d8:a5:d8 33:33:00:00:00:02 2
packet in 1152921504606846984 d2:cf:db:d6:7f:f6 33:33:00:00:00:02 2
packet in 1152921504606846985 d2:cf:db:d6:7f:f6 33:33:00:00:00:02 3
packet in 1152921504606846982 d2:cf:db:d6:7f:f6 33:33:00:00:00:02 2
packet in 1152921504606846977 d2:cf:db:d6:7f:f6 33:33:00:00:00:02 2
packet in 1152921504606846980 76:d1:35:d8:a5:d8 33:33:00:00:00:02 2
packet in 1152921504606846981 76:d1:35:d8:a5:d8 33:33:00:00:00:02 2
packet in 1152921504606846983 d2:cf:db:d6:7f:f6 33:33:00:00:00:02 3
packet in 1152921504606846986 d2:cf:db:d6:7f:f6 33:33:00:00:00:02 2
packet in 1152921504606846982 76:d1:35:d8:a5:d8 33:33:00:00:00:02 2
packet in 1152921504606846985 b6:2b:8b:01:ac:3e 33:33:00:00:00:02 3
packet in 1152921504606846978 c6:88:17:c0:c3:83 33:33:00:00:00:02 2
packet in 1152921504606846978 22:81:77:40:a2:17 33:33:00:00:00:02 4
packet in 1152921504606846984 12:64:f5:1f:d9:c4 33:33:00:00:00:02 2
packet in 1152921504606846984 a6:56:38:2d:54:ed 33:33:00:00:00:02 3
packet in 1152921504606846983 e2:e6:ef:c7:0d:0b 33:33:00:00:00:02 2
packet in 1152921504606846983 a6:bb:04:49:bc:c5 33:33:00:00:00:02 4
packet in 1152921504606846985 c6:88:17:c0:c3:83 33:33:00:00:00:02 3
packet in 1152921504606846985 22:81:77:40:a2:17 33:33:00:00:00:02 3
packet in 1152921504606846984 c6:88:17:c0:c3:83 33:33:00:00:00:02 2
packet in 1152921504606846977 22:81:77:40:a2:17 33:33:00:00:00:02 2
packet in 1152921504606846979 c6:88:17:c0:c3:83 33:33:00:00:00:02 2
packet in 1152921504606846979 22:81:77:40:a2:17 33:33:00:00:00:02 2
packet in 1152921504606846978 a6:56:38:2d:54:ed 33:33:00:00:00:02 4
packet in 1152921504606846983 12:64:f5:1f:d9:c4 33:33:00:00:00:02 3
packet in 1152921504606846983 a6:56:38:2d:54:ed 33:33:00:00:00:02 3
packet in 1152921504606846984 e2:e6:ef:c7:0d:0b 33:33:00:00:00:02 4
packet in 1152921504606846984 a6:bb:04:49:bc:c5 33:33:00:00:00:02 4
packet in 1152921504606846986 12:64:f5:1f:d9:c4 33:33:00:00:00:02 2
packet in 1152921504606846986 a6:56:38:2d:54:ed 33:33:00:00:00:02 2
packet in 1152921504606846986 c6:88:17:c0:c3:83 33:33:00:00:00:02 2
packet in 1152921504606846980 c6:88:17:c0:c3:83 33:33:00:00:00:02 2
packet in 1152921504606846980 22:81:77:40:a2:17 33:33:00:00:00:02 2
packet in 1152921504606846983 c6:88:17:c0:c3:83 33:33:00:00:00:02 3
packet in 1152921504606846981 c6:88:17:c0:c3:83 33:33:00:00:00:02 2
packet in 1152921504606846981 22:81:77:40:a2:17 33:33:00:00:00:02 2
packet in 1152921504606846985 a6:56:38:2d:54:ed 33:33:00:00:00:02 3
packet in 1152921504606846979 a6:56:38:2d:54:ed 33:33:00:00:00:02 2
packet in 1152921504606846986 e2:e6:ef:c7:0d:0b 33:33:00:00:00:02 2
packet in 1152921504606846986 a6:bb:04:49:bc:c5 33:33:00:00:00:02 2
packet in 1152921504606846978 e2:e6:ef:c7:0d:0b 33:33:00:00:00:02 4
packet in 1152921504606846978 a6:bb:04:49:bc:c5 33:33:00:00:00:02 4
packet in 1152921504606846977 a6:56:38:2d:54:ed 33:33:00:00:00:02 2
packet in 1152921504606846982 c6:88:17:c0:c3:83 33:33:00:00:00:02 2
packet in 1152921504606846982 22:81:77:40:a2:17 33:33:00:00:00:02 2
packet in 1152921504606846985 e2:e6:ef:c7:0d:0b 33:33:00:00:00:02 3
packet in 1152921504606846985 a6:bb:04:49:bc:c5 33:33:00:00:00:02 3
packet in 1152921504606846981 a6:56:38:2d:54:ed 33:33:00:00:00:02 2
packet in 1152921504606846977 e2:e6:ef:c7:0d:0b 33:33:00:00:00:02 2
packet in 1152921504606846977 a6:bb:04:49:bc:c5 33:33:00:00:00:02 2
packet in 1152921504606846979 e2:e6:ef:c7:0d:0b 33:33:00:00:00:02 2
packet in 1152921504606846979 a6:bb:04:49:bc:c5 33:33:00:00:00:02 2
packet in 1152921504606846980 a6:56:38:2d:54:ed 33:33:00:00:00:02 2
packet in 1152921504606846982 a6:56:38:2d:54:ed 33:33:00:00:00:02 2
packet in 1152921504606846981 e2:e6:ef:c7:0d:0b 33:33:00:00:00:02 2
packet in 1152921504606846981 a6:bb:04:49:bc:c5 33:33:00:00:00:02 2
packet in 1152921504606846980 e2:e6:ef:c7:0d:0b 33:33:00:00:00:02 2
packet in 1152921504606846980 a6:bb:04:49:bc:c5 33:33:00:00:00:02 2
packet in 1152921504606846982 e2:e6:ef:c7:0d:0b 33:33:00:00:00:02 2
packet in 1152921504606846982 a6:bb:04:49:bc:c5 33:33:00:00:00:02 2
packet in 1152921504606846977 92:58:1b:44:7e:32 33:33:00:00:00:fb 2
packet in 1152921504606846979 6e:45:9d:a2:3b:5c 33:33:00:00:00:fb 2
packet in 1152921504606846980 6e:45:9d:a2:3b:5c 33:33:00:00:00:fb 2
packet in 1152921504606846981 6e:45:9d:a2:3b:5c 33:33:00:00:00:fb 2
packet in 1152921504606846982 6e:45:9d:a2:3b:5c 33:33:00:00:00:fb 2
packet in 1152921504606846982 da:7e:68:6d:14:2c 33:33:00:00:00:fb 2
packet in 1152921504606846978 fe:c8:ea:e0:28:f4 33:33:00:00:00:fb 5
packet in 1152921504606846984 fe:c8:ea:e0:28:f4 33:33:00:00:00:fb 2
packet in 1152921504606846979 fe:c8:ea:e0:28:f4 33:33:00:00:00:fb 2
packet in 1152921504606846977 fe:c8:ea:e0:28:f4 33:33:00:00:00:fb 2
packet in 1152921504606846983 fe:c8:ea:e0:28:f4 33:33:00:00:00:fb 3
packet in 1152921504606846986 fe:c8:ea:e0:28:f4 33:33:00:00:00:fb 2
packet in 1152921504606846980 fe:c8:ea:e0:28:f4 33:33:00:00:00:fb 2
packet in 1152921504606846981 fe:c8:ea:e0:28:f4 33:33:00:00:00:fb 2
packet in 1152921504606846982 fe:c8:ea:e0:28:f4 33:33:00:00:00:fb 2
packet in 1152921504606846979 a6:7d:bf:d9:b4:97 33:33:00:00:00:fb 3
packet in 1152921504606846978 a6:7d:bf:d9:b4:97 33:33:00:00:00:fb 3
packet in 1152921504606846981 a6:7d:bf:d9:b4:97 33:33:00:00:00:fb 2
packet in 1152921504606846985 a6:7d:bf:d9:b4:97 33:33:00:00:00:fb 3
packet in 1152921504606846984 a6:7d:bf:d9:b4:97 33:33:00:00:00:fb 2
packet in 1152921504606846977 a6:7d:bf:d9:b4:97 33:33:00:00:00:fb 2
packet in 1152921504606846986 a6:7d:bf:d9:b4:97 33:33:00:00:00:fb 2
packet in 1152921504606846983 a6:7d:bf:d9:b4:97 33:33:00:00:00:fb 3
packet in 1152921504606846980 a2:5f:63:48:bd:b7 33:33:00:00:00:fb 4
packet in 1152921504606846978 c6:88:17:c0:c3:83 33:33:00:00:00:fb 2
packet in 1152921504606846979 a2:5f:63:48:bd:b7 33:33:00:00:00:fb 3
packet in 1152921504606846979 c6:88:17:c0:c3:83 33:33:00:00:00:fb 2
packet in 1152921504606846984 c6:88:17:c0:c3:83 33:33:00:00:00:fb 2
packet in 1152921504606846985 c6:88:17:c0:c3:83 33:33:00:00:00:fb 3
packet in 1152921504606846980 c6:88:17:c0:c3:83 33:33:00:00:00:fb 2
packet in 1152921504606846986 c6:88:17:c0:c3:83 33:33:00:00:00:fb 2
packet in 1152921504606846983 c6:88:17:c0:c3:83 33:33:00:00:00:fb 3
packet in 1152921504606846981 a2:5f:63:48:bd:b7 33:33:00:00:00:fb 2
packet in 1152921504606846981 c6:88:17:c0:c3:83 33:33:00:00:00:fb 2
packet in 1152921504606846978 a2:5f:63:48:bd:b7 33:33:00:00:00:fb 3
packet in 1152921504606846985 a2:5f:63:48:bd:b7 33:33:00:00:00:fb 3
packet in 1152921504606846984 a2:5f:63:48:bd:b7 33:33:00:00:00:fb 2
packet in 1152921504606846982 c6:88:17:c0:c3:83 33:33:00:00:00:fb 2
packet in 1152921504606846977 a2:5f:63:48:bd:b7 33:33:00:00:00:fb 2
packet in 1152921504606846986 a2:5f:63:48:bd:b7 33:33:00:00:00:fb 2
packet in 1152921504606846983 a2:5f:63:48:bd:b7 33:33:00:00:00:fb 3
packet in 1152921504606846980 be:7f:ce:e7:79:ba 33:33:00:00:00:fb 2
packet in 1152921504606846982 be:7f:ce:e7:79:ba 33:33:00:00:00:fb 2
packet in 1152921504606846981 b6:89:8c:00:7e:fc 33:33:00:00:00:fb 2
packet in 1152921504606846984 76:d1:35:d8:a5:d8 33:33:00:00:00:fb 4
packet in 1152921504606846983 e6:f0:ac:c5:0d:50 33:33:00:00:00:fb 3
packet in 1152921504606846978 76:d1:35:d8:a5:d8 33:33:00:00:00:fb 4
packet in 1152921504606846986 76:d1:35:d8:a5:d8 33:33:00:00:00:fb 2
packet in 1152921504606846985 76:d1:35:d8:a5:d8 33:33:00:00:00:fb 3
packet in 1152921504606846979 76:d1:35:d8:a5:d8 33:33:00:00:00:fb 2
packet in 1152921504606846977 76:d1:35:d8:a5:d8 33:33:00:00:00:fb 2
packet in 1152921504606846980 76:d1:35:d8:a5:d8 33:33:00:00:00:fb 2
packet in 1152921504606846981 76:d1:35:d8:a5:d8 33:33:00:00:00:fb 2
packet in 1152921504606846982 76:d1:35:d8:a5:d8 33:33:00:00:00:fb 2
packet in 1152921504606846978 2a:db:c3:db:c1:42 33:33:00:00:00:fb 3
packet in 1152921504606846985 2a:db:c3:db:c1:42 33:33:00:00:00:fb 3
packet in 1152921504606846984 2a:db:c3:db:c1:42 33:33:00:00:00:fb 2
packet in 1152921504606846977 2a:db:c3:db:c1:42 33:33:00:00:00:fb 2
packet in 1152921504606846986 2a:db:c3:db:c1:42 33:33:00:00:00:fb 2
packet in 1152921504606846983 2a:db:c3:db:c1:42 33:33:00:00:00:fb 3
packet in 1152921504606846986 b2:14:ae:fd:23:69 33:33:00:00:00:fb 2
packet in 1152921504606846985 b6:2b:8b:01:ac:3e 33:33:00:00:00:fb 3
packet in 1152921504606846984 12:64:f5:1f:d9:c4 33:33:00:00:00:fb 2
packet in 1152921504606846986 12:64:f5:1f:d9:c4 33:33:00:00:00:fb 2
packet in 1152921504606846983 12:64:f5:1f:d9:c4 33:33:00:00:00:fb 3
packet in 1152921504606846977 f6:41:fc:2d:59:d6 33:33:00:00:00:fb 3
packet in 1152921504606846978 f6:41:fc:2d:59:d6 33:33:00:00:00:fb 2
packet in 1152921504606846979 f6:41:fc:2d:59:d6 33:33:00:00:00:fb 2
packet in 1152921504606846985 f6:41:fc:2d:59:d6 33:33:00:00:00:fb 3
packet in 1152921504606846984 f6:41:fc:2d:59:d6 33:33:00:00:00:fb 2
packet in 1152921504606846980 f6:41:fc:2d:59:d6 33:33:00:00:00:fb 2
packet in 1152921504606846981 f6:41:fc:2d:59:d6 33:33:00:00:00:fb 2
packet in 1152921504606846986 f6:41:fc:2d:59:d6 33:33:00:00:00:fb 2
packet in 1152921504606846983 f6:41:fc:2d:59:d6 33:33:00:00:00:fb 3
packet in 1152921504606846982 f6:41:fc:2d:59:d6 33:33:00:00:00:fb 2
packet in 1152921504606846979 d2:cf:db:d6:7f:f6 33:33:00:00:00:fb 4
packet in 1152921504606846983 e2:e6:ef:c7:0d:0b 33:33:00:00:00:fb 2
packet in 1152921504606846980 d2:cf:db:d6:7f:f6 33:33:00:00:00:fb 2
packet in 1152921504606846978 d2:cf:db:d6:7f:f6 33:33:00:00:00:fb 3
packet in 1152921504606846984 e2:e6:ef:c7:0d:0b 33:33:00:00:00:fb 4
packet in 1152921504606846982 d2:cf:db:d6:7f:f6 33:33:00:00:00:fb 2
packet in 1152921504606846984 d2:cf:db:d6:7f:f6 33:33:00:00:00:fb 2
packet in 1152921504606846985 d2:cf:db:d6:7f:f6 33:33:00:00:00:fb 3
packet in 1152921504606846978 e2:e6:ef:c7:0d:0b 33:33:00:00:00:fb 4
packet in 1152921504606846977 d2:cf:db:d6:7f:f6 33:33:00:00:00:fb 2
packet in 1152921504606846986 e2:e6:ef:c7:0d:0b 33:33:00:00:00:fb 2
packet in 1152921504606846986 d2:cf:db:d6:7f:f6 33:33:00:00:00:fb 2
packet in 1152921504606846983 d2:cf:db:d6:7f:f6 33:33:00:00:00:fb 3
packet in 1152921504606846979 e2:e6:ef:c7:0d:0b 33:33:00:00:00:fb 2
packet in 1152921504606846977 e2:e6:ef:c7:0d:0b 33:33:00:00:00:fb 2
packet in 1152921504606846985 e2:e6:ef:c7:0d:0b 33:33:00:00:00:fb 3
packet in 1152921504606846980 e2:e6:ef:c7:0d:0b 33:33:00:00:00:fb 2
packet in 1152921504606846984 a6:56:38:2d:54:ed 33:33:00:00:00:fb 3
packet in 1152921504606846981 e2:e6:ef:c7:0d:0b 33:33:00:00:00:fb 2
packet in 1152921504606846978 22:81:77:40:a2:17 33:33:00:00:00:fb 4
packet in 1152921504606846982 e2:e6:ef:c7:0d:0b 33:33:00:00:00:fb 2
packet in 1152921504606846978 a6:56:38:2d:54:ed 33:33:00:00:00:fb 4
packet in 1152921504606846979 22:81:77:40:a2:17 33:33:00:00:00:fb 2
packet in 1152921504606846977 22:81:77:40:a2:17 33:33:00:00:00:fb 2
packet in 1152921504606846983 a6:56:38:2d:54:ed 33:33:00:00:00:fb 3
packet in 1152921504606846986 a6:56:38:2d:54:ed 33:33:00:00:00:fb 2
packet in 1152921504606846985 22:81:77:40:a2:17 33:33:00:00:00:fb 3
packet in 1152921504606846985 a6:56:38:2d:54:ed 33:33:00:00:00:fb 3
packet in 1152921504606846977 a6:56:38:2d:54:ed 33:33:00:00:00:fb 2
packet in 1152921504606846981 22:81:77:40:a2:17 33:33:00:00:00:fb 2
packet in 1152921504606846979 a6:56:38:2d:54:ed 33:33:00:00:00:fb 2
packet in 1152921504606846980 22:81:77:40:a2:17 33:33:00:00:00:fb 2
packet in 1152921504606846982 22:81:77:40:a2:17 33:33:00:00:00:fb 2
packet in 1152921504606846980 a6:56:38:2d:54:ed 33:33:00:00:00:fb 2
packet in 1152921504606846981 a6:56:38:2d:54:ed 33:33:00:00:00:fb 2
packet in 1152921504606846982 a6:56:38:2d:54:ed 33:33:00:00:00:fb 2
packet in 1152921504606846983 a6:bb:04:49:bc:c5 33:33:00:00:00:fb 4
packet in 1152921504606846981 b2:fe:42:0e:96:73 33:33:00:00:00:fb 4
packet in 1152921504606846984 a6:bb:04:49:bc:c5 33:33:00:00:00:fb 4
packet in 1152921504606846979 b2:fe:42:0e:96:73 33:33:00:00:00:fb 4
packet in 1152921504606846986 a6:bb:04:49:bc:c5 33:33:00:00:00:fb 2
packet in 1152921504606846978 a6:bb:04:49:bc:c5 33:33:00:00:00:fb 4
packet in 1152921504606846980 b2:fe:42:0e:96:73 33:33:00:00:00:fb 2
packet in 1152921504606846978 b2:fe:42:0e:96:73 33:33:00:00:00:fb 3
packet in 1152921504606846985 a6:bb:04:49:bc:c5 33:33:00:00:00:fb 3
packet in 1152921504606846979 a6:bb:04:49:bc:c5 33:33:00:00:00:fb 2
packet in 1152921504606846977 a6:bb:04:49:bc:c5 33:33:00:00:00:fb 2
packet in 1152921504606846982 b2:fe:42:0e:96:73 33:33:00:00:00:fb 2
packet in 1152921504606846977 b2:fe:42:0e:96:73 33:33:00:00:00:fb 2
packet in 1152921504606846984 b2:fe:42:0e:96:73 33:33:00:00:00:fb 2
packet in 1152921504606846985 b2:fe:42:0e:96:73 33:33:00:00:00:fb 3
packet in 1152921504606846980 a6:bb:04:49:bc:c5 33:33:00:00:00:fb 2
packet in 1152921504606846981 a6:bb:04:49:bc:c5 33:33:00:00:00:fb 2
packet in 1152921504606846986 b2:fe:42:0e:96:73 33:33:00:00:00:fb 2
packet in 1152921504606846982 a6:bb:04:49:bc:c5 33:33:00:00:00:fb 2
packet in 1152921504606846983 b2:fe:42:0e:96:73 33:33:00:00:00:fb 3
packet in 1152921504606846980 1a:09:ec:f5:68:2b 33:33:00:00:00:fb 3
packet in 1152921504606846979 1a:09:ec:f5:68:2b 33:33:00:00:00:fb 3
packet in 1152921504606846982 1a:09:ec:f5:68:2b 33:33:00:00:00:fb 2
packet in 1152921504606846978 1a:09:ec:f5:68:2b 33:33:00:00:00:fb 3
packet in 1152921504606846981 1a:09:ec:f5:68:2b 33:33:00:00:00:fb 2
packet in 1152921504606846977 1a:09:ec:f5:68:2b 33:33:00:00:00:fb 2
packet in 1152921504606846984 1a:09:ec:f5:68:2b 33:33:00:00:00:fb 2
packet in 1152921504606846985 1a:09:ec:f5:68:2b 33:33:00:00:00:fb 3
packet in 1152921504606846986 1a:09:ec:f5:68:2b 33:33:00:00:00:fb 2
packet in 1152921504606846983 1a:09:ec:f5:68:2b 33:33:00:00:00:fb 3
packet in 1152921504606846984 36:ba:af:8b:f7:ee 33:33:00:00:00:fb 6
packet in 1152921504606846978 36:ba:af:8b:f7:ee 33:33:00:00:00:fb 4
packet in 1152921504606846986 36:ba:af:8b:f7:ee 33:33:00:00:00:fb 2
packet in 1152921504606846983 36:ba:af:8b:f7:ee 33:33:00:00:00:fb 3
packet in 1152921504606846985 36:ba:af:8b:f7:ee 33:33:00:00:00:fb 3
packet in 1152921504606846977 36:ba:af:8b:f7:ee 33:33:00:00:00:fb 2
packet in 1152921504606846979 36:ba:af:8b:f7:ee 33:33:00:00:00:fb 2
packet in 1152921504606846980 36:ba:af:8b:f7:ee 33:33:00:00:00:fb 2
packet in 1152921504606846981 36:ba:af:8b:f7:ee 33:33:00:00:00:fb 2
packet in 1152921504606846982 36:ba:af:8b:f7:ee 33:33:00:00:00:fb 2
packet in 1152921504606846984 ee:98:ab:99:db:3e 33:33:00:00:00:fb 5
packet in 1152921504606846986 ca:47:be:ca:36:5a 33:33:00:00:00:fb 4
packet in 1152921504606846983 ee:98:ab:99:db:3e 33:33:00:00:00:fb 3
packet in 1152921504606846978 ee:98:ab:99:db:3e 33:33:00:00:00:fb 4
packet in 1152921504606846984 ca:47:be:ca:36:5a 33:33:00:00:00:fb 5
packet in 1152921504606846977 ee:98:ab:99:db:3e 33:33:00:00:00:fb 2
packet in 1152921504606846985 ee:98:ab:99:db:3e 33:33:00:00:00:fb 3
packet in 1152921504606846979 ee:98:ab:99:db:3e 33:33:00:00:00:fb 2
packet in 1152921504606846978 ca:47:be:ca:36:5a 33:33:00:00:00:fb 4
packet in 1152921504606846983 ca:47:be:ca:36:5a 33:33:00:00:00:fb 3
packet in 1152921504606846981 ee:98:ab:99:db:3e 33:33:00:00:00:fb 2
packet in 1152921504606846980 ee:98:ab:99:db:3e 33:33:00:00:00:fb 2
packet in 1152921504606846979 ca:47:be:ca:36:5a 33:33:00:00:00:fb 2
packet in 1152921504606846985 ca:47:be:ca:36:5a 33:33:00:00:00:fb 3
packet in 1152921504606846977 ca:47:be:ca:36:5a 33:33:00:00:00:fb 2
packet in 1152921504606846982 ee:98:ab:99:db:3e 33:33:00:00:00:fb 2
packet in 1152921504606846980 ca:47:be:ca:36:5a 33:33:00:00:00:fb 2
packet in 1152921504606846981 ca:47:be:ca:36:5a 33:33:00:00:00:fb 2
packet in 1152921504606846982 ca:47:be:ca:36:5a 33:33:00:00:00:fb 2
packet in 1152921504606846985 7a:d7:d8:48:8e:46 33:33:00:00:00:fb 4
packet in 1152921504606846978 7a:d7:d8:48:8e:46 33:33:00:00:00:fb 5
packet in 1152921504606846977 7a:d7:d8:48:8e:46 33:33:00:00:00:fb 2
packet in 1152921504606846979 7a:d7:d8:48:8e:46 33:33:00:00:00:fb 2
packet in 1152921504606846984 7a:d7:d8:48:8e:46 33:33:00:00:00:fb 2
packet in 1152921504606846981 7a:d7:d8:48:8e:46 33:33:00:00:00:fb 2
packet in 1152921504606846980 7a:d7:d8:48:8e:46 33:33:00:00:00:fb 2
packet in 1152921504606846986 7a:d7:d8:48:8e:46 33:33:00:00:00:fb 2
packet in 1152921504606846983 7a:d7:d8:48:8e:46 33:33:00:00:00:fb 3
packet in 1152921504606846982 7a:d7:d8:48:8e:46 33:33:00:00:00:fb 2
packet in 1152921504606846980 be:7f:ce:e7:79:ba 33:33:00:00:00:02 2
packet in 1152921504606846978 2a:db:c3:db:c1:42 33:33:00:00:00:02 3
packet in 1152921504606846982 be:7f:ce:e7:79:ba 33:33:00:00:00:02 2
packet in 1152921504606846977 2a:db:c3:db:c1:42 33:33:00:00:00:02 2
packet in 1152921504606846985 2a:db:c3:db:c1:42 33:33:00:00:00:02 3
packet in 1152921504606846980 a2:5f:63:48:bd:b7 33:33:00:00:00:02 4
packet in 1152921504606846984 2a:db:c3:db:c1:42 33:33:00:00:00:02 2
packet in 1152921504606846979 a2:5f:63:48:bd:b7 33:33:00:00:00:02 3
packet in 1152921504606846983 2a:db:c3:db:c1:42 33:33:00:00:00:02 3
packet in 1152921504606846986 2a:db:c3:db:c1:42 33:33:00:00:00:02 2
packet in 1152921504606846981 a2:5f:63:48:bd:b7 33:33:00:00:00:02 2
packet in 1152921504606846978 a2:5f:63:48:bd:b7 33:33:00:00:00:02 3
packet in 1152921504606846977 a2:5f:63:48:bd:b7 33:33:00:00:00:02 2
packet in 1152921504606846984 a2:5f:63:48:bd:b7 33:33:00:00:00:02 2
packet in 1152921504606846985 a2:5f:63:48:bd:b7 33:33:00:00:00:02 3
packet in 1152921504606846983 a2:5f:63:48:bd:b7 33:33:00:00:00:02 3
packet in 1152921504606846986 a2:5f:63:48:bd:b7 33:33:00:00:00:02 2
packet in 1152921504606846977 00:00:00:00:00:02 ff:ff:ff:ff:ff:ff 1
packet in 1152921504606846978 00:00:00:00:00:02 ff:ff:ff:ff:ff:ff 2
packet in 1152921504606846984 00:00:00:00:00:02 ff:ff:ff:ff:ff:ff 2
packet in 1152921504606846979 00:00:00:00:00:02 ff:ff:ff:ff:ff:ff 2
packet in 1152921504606846985 00:00:00:00:00:02 ff:ff:ff:ff:ff:ff 3
packet in 1152921504606846978 00:00:00:00:00:03 00:00:00:00:00:02 1
packet in 1152921504606846981 00:00:00:00:00:02 ff:ff:ff:ff:ff:ff 2
packet in 1152921504606846986 00:00:00:00:00:02 ff:ff:ff:ff:ff:ff 2
packet in 1152921504606846983 00:00:00:00:00:02 ff:ff:ff:ff:ff:ff 3
packet in 1152921504606846980 00:00:00:00:00:02 ff:ff:ff:ff:ff:ff 2
packet in 1152921504606846977 00:00:00:00:00:03 00:00:00:00:00:02 2
packet in 1152921504606846982 00:00:00:00:00:02 ff:ff:ff:ff:ff:ff 2
packet in 1152921504606846977 00:00:00:00:00:02 00:00:00:00:00:03 1
packet in 1152921504606846978 00:00:00:00:00:02 00:00:00:00:00:03 2
packet in 1152921504606846977 00:00:00:00:00:02 ff:ff:ff:ff:ff:ff 1
packet in 1152921504606846978 00:00:00:00:00:02 ff:ff:ff:ff:ff:ff 2
packet in 1152921504606846984 00:00:00:00:00:02 ff:ff:ff:ff:ff:ff 2
packet in 1152921504606846979 00:00:00:00:00:02 ff:ff:ff:ff:ff:ff 2
packet in 1152921504606846985 00:00:00:00:00:02 ff:ff:ff:ff:ff:ff 3
packet in 1152921504606846981 00:00:00:00:00:02 ff:ff:ff:ff:ff:ff 2
packet in 1152921504606846983 00:00:00:00:00:02 ff:ff:ff:ff:ff:ff 3
packet in 1152921504606846986 00:00:00:00:00:02 ff:ff:ff:ff:ff:ff 2
packet in 1152921504606846980 00:00:00:00:00:02 ff:ff:ff:ff:ff:ff 2
packet in 1152921504606846982 00:00:00:00:00:02 ff:ff:ff:ff:ff:ff 2
packet in 1152921504606846981 00:00:00:00:00:04 00:00:00:00:00:02 1
packet in 1152921504606846979 00:00:00:00:00:04 00:00:00:00:00:02 4
packet in 1152921504606846978 00:00:00:00:00:04 00:00:00:00:00:02 3
packet in 1152921504606846977 00:00:00:00:00:02 00:00:00:00:00:04 1
packet in 1152921504606846978 00:00:00:00:00:02 00:00:00:00:00:04 2
packet in 1152921504606846979 00:00:00:00:00:02 00:00:00:00:00:04 2
packet in 1152921504606846981 00:00:00:00:00:02 00:00:00:00:00:04 2
packet in 1152921504606846978 fe:c8:ea:e0:28:f4 33:33:00:00:00:02 5
packet in 1152921504606846986 b2:14:ae:fd:23:69 33:33:00:00:00:02 2
packet in 1152921504606846977 f6:41:fc:2d:59:d6 33:33:00:00:00:02 3
packet in 1152921504606846985 7a:d7:d8:48:8e:46 33:33:00:00:00:02 4
packet in 1152921504606846983 e6:f0:ac:c5:0d:50 33:33:00:00:00:02 3
packet in 1152921504606846984 36:ba:af:8b:f7:ee 33:33:00:00:00:02 6
packet in 1152921504606846984 ee:98:ab:99:db:3e 33:33:00:00:00:02 5
packet in 1152921504606846979 fe:c8:ea:e0:28:f4 33:33:00:00:00:02 2
packet in 1152921504606846978 7a:d7:d8:48:8e:46 33:33:00:00:00:02 5
packet in 1152921504606846978 36:ba:af:8b:f7:ee 33:33:00:00:00:02 4
packet in 1152921504606846978 ee:98:ab:99:db:3e 33:33:00:00:00:02 4
packet in 1152921504606846978 f6:41:fc:2d:59:d6 33:33:00:00:00:02 2
packet in 1152921504606846977 fe:c8:ea:e0:28:f4 33:33:00:00:00:02 2
packet in 1152921504606846984 fe:c8:ea:e0:28:f4 33:33:00:00:00:02 2
packet in 1152921504606846983 36:ba:af:8b:f7:ee 33:33:00:00:00:02 3
packet in 1152921504606846983 ee:98:ab:99:db:3e 33:33:00:00:00:02 3
packet in 1152921504606846986 36:ba:af:8b:f7:ee 33:33:00:00:00:02 2
packet in 1152921504606846981 fe:c8:ea:e0:28:f4 33:33:00:00:00:02 2
packet in 1152921504606846980 fe:c8:ea:e0:28:f4 33:33:00:00:00:02 2
packet in 1152921504606846979 7a:d7:d8:48:8e:46 33:33:00:00:00:02 2
packet in 1152921504606846979 36:ba:af:8b:f7:ee 33:33:00:00:00:02 2
packet in 1152921504606846979 ee:98:ab:99:db:3e 33:33:00:00:00:02 2
packet in 1152921504606846979 f6:41:fc:2d:59:d6 33:33:00:00:00:02 2
packet in 1152921504606846983 fe:c8:ea:e0:28:f4 33:33:00:00:00:02 3
packet in 1152921504606846985 36:ba:af:8b:f7:ee 33:33:00:00:00:02 3
packet in 1152921504606846985 ee:98:ab:99:db:3e 33:33:00:00:00:02 3
packet in 1152921504606846985 f6:41:fc:2d:59:d6 33:33:00:00:00:02 3
packet in 1152921504606846977 7a:d7:d8:48:8e:46 33:33:00:00:00:02 2
packet in 1152921504606846977 36:ba:af:8b:f7:ee 33:33:00:00:00:02 2
packet in 1152921504606846977 ee:98:ab:99:db:3e 33:33:00:00:00:02 2
packet in 1152921504606846986 fe:c8:ea:e0:28:f4 33:33:00:00:00:02 2
packet in 1152921504606846984 7a:d7:d8:48:8e:46 33:33:00:00:00:02 2
packet in 1152921504606846984 f6:41:fc:2d:59:d6 33:33:00:00:00:02 2
packet in 1152921504606846982 fe:c8:ea:e0:28:f4 33:33:00:00:00:02 2
packet in 1152921504606846980 7a:d7:d8:48:8e:46 33:33:00:00:00:02 2
packet in 1152921504606846980 36:ba:af:8b:f7:ee 33:33:00:00:00:02 2
packet in 1152921504606846980 ee:98:ab:99:db:3e 33:33:00:00:00:02 2
packet in 1152921504606846980 f6:41:fc:2d:59:d6 33:33:00:00:00:02 2
packet in 1152921504606846981 7a:d7:d8:48:8e:46 33:33:00:00:00:02 2
packet in 1152921504606846981 36:ba:af:8b:f7:ee 33:33:00:00:00:02 2
packet in 1152921504606846981 ee:98:ab:99:db:3e 33:33:00:00:00:02 2
packet in 1152921504606846981 f6:41:fc:2d:59:d6 33:33:00:00:00:02 2
packet in 1152921504606846983 7a:d7:d8:48:8e:46 33:33:00:00:00:02 3
packet in 1152921504606846983 f6:41:fc:2d:59:d6 33:33:00:00:00:02 3
packet in 1152921504606846986 7a:d7:d8:48:8e:46 33:33:00:00:00:02 2
packet in 1152921504606846986 f6:41:fc:2d:59:d6 33:33:00:00:00:02 2
packet in 1152921504606846982 7a:d7:d8:48:8e:46 33:33:00:00:00:02 2
packet in 1152921504606846982 36:ba:af:8b:f7:ee 33:33:00:00:00:02 2
packet in 1152921504606846982 ee:98:ab:99:db:3e 33:33:00:00:00:02 2
packet in 1152921504606846982 f6:41:fc:2d:59:d6 33:33:00:00:00:02 2
packet in 1152921504606846982 00:00:00:00:00:17 ff:ff:ff:ff:ff:ff 1
packet in 1152921504606846980 00:00:00:00:00:17 ff:ff:ff:ff:ff:ff 4
packet in 1152921504606846979 00:00:00:00:00:17 ff:ff:ff:ff:ff:ff 3
packet in 1152921504606846978 00:00:00:00:00:17 ff:ff:ff:ff:ff:ff 3
packet in 1152921504606846981 00:00:00:00:00:17 ff:ff:ff:ff:ff:ff 2
packet in 1152921504606846985 00:00:00:00:00:17 ff:ff:ff:ff:ff:ff 3
packet in 1152921504606846984 00:00:00:00:00:17 ff:ff:ff:ff:ff:ff 2
packet in 1152921504606846977 00:00:00:00:00:17 ff:ff:ff:ff:ff:ff 2
packet in 1152921504606846986 00:00:00:00:00:17 ff:ff:ff:ff:ff:ff 2
packet in 1152921504606846983 00:00:00:00:00:17 ff:ff:ff:ff:ff:ff 3
packet in 1152921504606846983 00:00:00:00:00:14 ff:ff:ff:ff:ff:ff 1
packet in 1152921504606846984 00:00:00:00:00:14 ff:ff:ff:ff:ff:ff 4
packet in 1152921504606846978 00:00:00:00:00:14 ff:ff:ff:ff:ff:ff 4
packet in 1152921504606846986 00:00:00:00:00:14 ff:ff:ff:ff:ff:ff 2
packet in 1152921504606846985 00:00:00:00:00:14 ff:ff:ff:ff:ff:ff 3
packet in 1152921504606846977 00:00:00:00:00:14 ff:ff:ff:ff:ff:ff 2
packet in 1152921504606846979 00:00:00:00:00:14 ff:ff:ff:ff:ff:ff 2
packet in 1152921504606846980 00:00:00:00:00:14 ff:ff:ff:ff:ff:ff 2
packet in 1152921504606846981 00:00:00:00:00:14 ff:ff:ff:ff:ff:ff 2
packet in 1152921504606846982 00:00:00:00:00:14 ff:ff:ff:ff:ff:ff 2
packet in 1152921504606846983 00:00:00:00:00:11 ff:ff:ff:ff:ff:ff 1
packet in 1152921504606846984 00:00:00:00:00:11 ff:ff:ff:ff:ff:ff 4
packet in 1152921504606846978 00:00:00:00:00:11 ff:ff:ff:ff:ff:ff 4
packet in 1152921504606846986 00:00:00:00:00:11 ff:ff:ff:ff:ff:ff 2
packet in 1152921504606846985 00:00:00:00:00:11 ff:ff:ff:ff:ff:ff 3
packet in 1152921504606846977 00:00:00:00:00:11 ff:ff:ff:ff:ff:ff 2
packet in 1152921504606846979 00:00:00:00:00:11 ff:ff:ff:ff:ff:ff 2
packet in 1152921504606846980 00:00:00:00:00:11 ff:ff:ff:ff:ff:ff 2
packet in 1152921504606846981 00:00:00:00:00:11 ff:ff:ff:ff:ff:ff 2
packet in 1152921504606846982 00:00:00:00:00:11 ff:ff:ff:ff:ff:ff 2
packet in 1152921504606846977 92:58:1b:44:7e:32 33:33:00:00:00:02 2
packet in 1152921504606846977 00:00:00:00:00:03 00:00:00:00:00:02 2
packet in 1152921504606846977 00:00:00:00:00:02 00:00:00:00:00:03 1
packet in 1152921504606846981 00:00:00:00:00:04 00:00:00:00:00:02 1
packet in 1152921504606846979 00:00:00:00:00:04 00:00:00:00:00:02 4
packet in 1152921504606846980 00:00:00:00:00:04 00:00:00:00:00:02 2
packet in 1152921504606846977 00:00:00:00:00:04 00:00:00:00:00:02 2
packet in 1152921504606846982 00:00:00:00:00:04 00:00:00:00:00:02 2
packet in 1152921504606846977 00:00:00:00:00:02 00:00:00:00:00:04 1
packet in 1152921504606846979 00:00:00:00:00:02 00:00:00:00:00:04 2
packet in 1152921504606846981 00:00:00:00:00:02 00:00:00:00:00:04 2
packet in 1152921504606846977 00:00:00:00:00:02 ff:ff:ff:ff:ff:ff 1
packet in 1152921504606846978 00:00:00:00:00:02 ff:ff:ff:ff:ff:ff 2
packet in 1152921504606846979 00:00:00:00:00:02 ff:ff:ff:ff:ff:ff 2
packet in 1152921504606846984 00:00:00:00:00:02 ff:ff:ff:ff:ff:ff 2
packet in 1152921504606846985 00:00:00:00:00:02 ff:ff:ff:ff:ff:ff 3
packet in 1152921504606846980 00:00:00:00:00:02 ff:ff:ff:ff:ff:ff 2
packet in 1152921504606846981 00:00:00:00:00:02 ff:ff:ff:ff:ff:ff 2
packet in 1152921504606846986 00:00:00:00:00:02 ff:ff:ff:ff:ff:ff 2
packet in 1152921504606846983 00:00:00:00:00:02 ff:ff:ff:ff:ff:ff 3
packet in 1152921504606846982 00:00:00:00:00:02 ff:ff:ff:ff:ff:ff 2
packet in 1152921504606846977 00:00:00:00:00:02 ff:ff:ff:ff:ff:ff 1
packet in 1152921504606846978 00:00:00:00:00:02 ff:ff:ff:ff:ff:ff 2
packet in 1152921504606846984 00:00:00:00:00:02 ff:ff:ff:ff:ff:ff 2
packet in 1152921504606846979 00:00:00:00:00:02 ff:ff:ff:ff:ff:ff 2
packet in 1152921504606846985 00:00:00:00:00:02 ff:ff:ff:ff:ff:ff 3
packet in 1152921504606846980 00:00:00:00:00:02 ff:ff:ff:ff:ff:ff 2
packet in 1152921504606846986 00:00:00:00:00:02 ff:ff:ff:ff:ff:ff 2
packet in 1152921504606846983 00:00:00:00:00:02 ff:ff:ff:ff:ff:ff 3
packet in 1152921504606846981 00:00:00:00:00:02 ff:ff:ff:ff:ff:ff 2
packet in 1152921504606846982 00:00:00:00:00:02 ff:ff:ff:ff:ff:ff 2
packet in 1152921504606846977 00:00:00:00:00:02 ff:ff:ff:ff:ff:ff 1
packet in 1152921504606846978 00:00:00:00:00:02 ff:ff:ff:ff:ff:ff 2
packet in 1152921504606846985 00:00:00:00:00:02 ff:ff:ff:ff:ff:ff 3
packet in 1152921504606846984 00:00:00:00:00:02 ff:ff:ff:ff:ff:ff 2
packet in 1152921504606846979 00:00:00:00:00:02 ff:ff:ff:ff:ff:ff 2
packet in 1152921504606846981 00:00:00:00:00:02 ff:ff:ff:ff:ff:ff 2
packet in 1152921504606846983 00:00:00:00:00:02 ff:ff:ff:ff:ff:ff 3
packet in 1152921504606846980 00:00:00:00:00:02 ff:ff:ff:ff:ff:ff 2
packet in 1152921504606846986 00:00:00:00:00:02 ff:ff:ff:ff:ff:ff 2
packet in 1152921504606846982 00:00:00:00:00:02 ff:ff:ff:ff:ff:ff 2
packet in 1152921504606846977 00:00:00:00:00:02 ff:ff:ff:ff:ff:ff 1
packet in 1152921504606846978 00:00:00:00:00:02 ff:ff:ff:ff:ff:ff 2
packet in 1152921504606846985 00:00:00:00:00:02 ff:ff:ff:ff:ff:ff 3
packet in 1152921504606846979 00:00:00:00:00:02 ff:ff:ff:ff:ff:ff 2
packet in 1152921504606846984 00:00:00:00:00:02 ff:ff:ff:ff:ff:ff 2
packet in 1152921504606846981 00:00:00:00:00:02 ff:ff:ff:ff:ff:ff 2
packet in 1152921504606846983 00:00:00:00:00:02 ff:ff:ff:ff:ff:ff 3
packet in 1152921504606846980 00:00:00:00:00:02 ff:ff:ff:ff:ff:ff 2
packet in 1152921504606846986 00:00:00:00:00:02 ff:ff:ff:ff:ff:ff 2
packet in 1152921504606846982 00:00:00:00:00:02 ff:ff:ff:ff:ff:ff 2
packet in 1152921504606846981 00:00:00:00:00:06 00:00:00:00:00:02 1
packet in 1152921504606846979 00:00:00:00:00:06 00:00:00:00:00:02 4
packet in 1152921504606846977 00:00:00:00:00:06 00:00:00:00:00:02 2
packet in 1152921504606846977 00:00:00:00:00:02 00:00:00:00:00:06 1
packet in 1152921504606846978 00:00:00:00:00:02 00:00:00:00:00:06 2
packet in 1152921504606846985 00:00:00:00:00:02 00:00:00:00:00:06 3
packet in 1152921504606846984 00:00:00:00:00:02 00:00:00:00:00:06 2
packet in 1152921504606846979 00:00:00:00:00:02 00:00:00:00:00:06 2
packet in 1152921504606846981 00:00:00:00:00:02 00:00:00:00:00:06 2
packet in 1152921504606846983 00:00:00:00:00:02 00:00:00:00:00:06 3
packet in 1152921504606846986 00:00:00:00:00:02 00:00:00:00:00:06 2
packet in 1152921504606846977 00:00:00:00:00:02 ff:ff:ff:ff:ff:ff 1
packet in 1152921504606846978 00:00:00:00:00:02 ff:ff:ff:ff:ff:ff 2
packet in 1152921504606846979 00:00:00:00:00:02 ff:ff:ff:ff:ff:ff 2
packet in 1152921504606846985 00:00:00:00:00:02 ff:ff:ff:ff:ff:ff 3
packet in 1152921504606846984 00:00:00:00:00:02 ff:ff:ff:ff:ff:ff 2
packet in 1152921504606846980 00:00:00:00:00:02 ff:ff:ff:ff:ff:ff 2
packet in 1152921504606846986 00:00:00:00:00:02 ff:ff:ff:ff:ff:ff 2
packet in 1152921504606846983 00:00:00:00:00:02 ff:ff:ff:ff:ff:ff 3
packet in 1152921504606846981 00:00:00:00:00:02 ff:ff:ff:ff:ff:ff 2
packet in 1152921504606846982 00:00:00:00:00:02 ff:ff:ff:ff:ff:ff 2
packet in 1152921504606846980 00:00:00:00:00:07 00:00:00:00:00:02 1
packet in 1152921504606846979 00:00:00:00:00:07 00:00:00:00:00:02 3
packet in 1152921504606846977 00:00:00:00:00:02 00:00:00:00:00:07 1
packet in 1152921504606846978 00:00:00:00:00:02 00:00:00:00:00:07 2
packet in 1152921504606846985 00:00:00:00:00:02 00:00:00:00:00:07 3
packet in 1152921504606846984 00:00:00:00:00:02 00:00:00:00:00:07 2
packet in 1152921504606846979 00:00:00:00:00:02 00:00:00:00:00:07 2
packet in 1152921504606846980 00:00:00:00:00:02 00:00:00:00:00:07 2
packet in 1152921504606846986 00:00:00:00:00:02 00:00:00:00:00:07 2
packet in 1152921504606846983 00:00:00:00:00:02 00:00:00:00:00:07 3
packet in 1152921504606846977 00:00:00:00:00:02 00:00:00:00:00:07 1
packet in 1152921504606846978 00:00:00:00:00:02 00:00:00:00:00:07 2
packet in 1152921504606846985 00:00:00:00:00:02 00:00:00:00:00:07 3
packet in 1152921504606846984 00:00:00:00:00:02 00:00:00:00:00:07 2
packet in 1152921504606846986 00:00:00:00:00:02 00:00:00:00:00:07 2
packet in 1152921504606846983 00:00:00:00:00:02 00:00:00:00:00:07 3
packet in 1152921504606846978 00:00:00:00:00:02 00:00:00:00:00:06 2
packet in 1152921504606846985 00:00:00:00:00:02 00:00:00:00:00:06 3
packet in 1152921504606846984 00:00:00:00:00:02 00:00:00:00:00:06 2
packet in 1152921504606846986 00:00:00:00:00:02 00:00:00:00:00:06 2
packet in 1152921504606846983 00:00:00:00:00:02 00:00:00:00:00:06 3
packet in 1152921504606846977 00:00:00:00:00:02 ff:ff:ff:ff:ff:ff 1
packet in 1152921504606846978 00:00:00:00:00:02 ff:ff:ff:ff:ff:ff 2
packet in 1152921504606846985 00:00:00:00:00:02 ff:ff:ff:ff:ff:ff 3
packet in 1152921504606846984 00:00:00:00:00:02 ff:ff:ff:ff:ff:ff 2
packet in 1152921504606846979 00:00:00:00:00:02 ff:ff:ff:ff:ff:ff 2
packet in 1152921504606846986 00:00:00:00:00:02 ff:ff:ff:ff:ff:ff 2
packet in 1152921504606846981 00:00:00:00:00:02 ff:ff:ff:ff:ff:ff 2
packet in 1152921504606846980 00:00:00:00:00:02 ff:ff:ff:ff:ff:ff 2
packet in 1152921504606846983 00:00:00:00:00:02 ff:ff:ff:ff:ff:ff 3
packet in 1152921504606846982 00:00:00:00:00:02 ff:ff:ff:ff:ff:ff 2
packet in 1152921504606846977 00:00:00:00:00:02 ff:ff:ff:ff:ff:ff 1
packet in 1152921504606846978 00:00:00:00:00:02 ff:ff:ff:ff:ff:ff 2
packet in 1152921504606846985 00:00:00:00:00:02 ff:ff:ff:ff:ff:ff 3
packet in 1152921504606846979 00:00:00:00:00:02 ff:ff:ff:ff:ff:ff 2
packet in 1152921504606846984 00:00:00:00:00:02 ff:ff:ff:ff:ff:ff 2
packet in 1152921504606846980 00:00:00:00:00:02 ff:ff:ff:ff:ff:ff 2
packet in 1152921504606846983 00:00:00:00:00:02 ff:ff:ff:ff:ff:ff 3
packet in 1152921504606846986 00:00:00:00:00:02 ff:ff:ff:ff:ff:ff 2
packet in 1152921504606846981 00:00:00:00:00:02 ff:ff:ff:ff:ff:ff 2
packet in 1152921504606846982 00:00:00:00:00:02 ff:ff:ff:ff:ff:ff 2
packet in 1152921504606846977 00:00:00:00:00:02 ff:ff:ff:ff:ff:ff 1
packet in 1152921504606846978 00:00:00:00:00:02 ff:ff:ff:ff:ff:ff 2
packet in 1152921504606846984 00:00:00:00:00:02 ff:ff:ff:ff:ff:ff 2
packet in 1152921504606846985 00:00:00:00:00:02 ff:ff:ff:ff:ff:ff 3
packet in 1152921504606846979 00:00:00:00:00:02 ff:ff:ff:ff:ff:ff 2
packet in 1152921504606846980 00:00:00:00:00:02 ff:ff:ff:ff:ff:ff 2
packet in 1152921504606846983 00:00:00:00:00:02 ff:ff:ff:ff:ff:ff 3
packet in 1152921504606846981 00:00:00:00:00:02 ff:ff:ff:ff:ff:ff 2
packet in 1152921504606846986 00:00:00:00:00:02 ff:ff:ff:ff:ff:ff 2
packet in 1152921504606846982 00:00:00:00:00:02 ff:ff:ff:ff:ff:ff 2
packet in 1152921504606846977 00:00:00:00:00:02 ff:ff:ff:ff:ff:ff 1
packet in 1152921504606846978 00:00:00:00:00:02 ff:ff:ff:ff:ff:ff 2
packet in 1152921504606846985 00:00:00:00:00:02 ff:ff:ff:ff:ff:ff 3
packet in 1152921504606846984 00:00:00:00:00:02 ff:ff:ff:ff:ff:ff 2
packet in 1152921504606846979 00:00:00:00:00:02 ff:ff:ff:ff:ff:ff 2
packet in 1152921504606846983 00:00:00:00:00:02 ff:ff:ff:ff:ff:ff 3
packet in 1152921504606846986 00:00:00:00:00:02 ff:ff:ff:ff:ff:ff 2
packet in 1152921504606846981 00:00:00:00:00:02 ff:ff:ff:ff:ff:ff 2
packet in 1152921504606846980 00:00:00:00:00:02 ff:ff:ff:ff:ff:ff 2
packet in 1152921504606846983 00:00:00:00:00:09 00:00:00:00:00:02 1
packet in 1152921504606846982 00:00:00:00:00:02 ff:ff:ff:ff:ff:ff 2
packet in 1152921504606846984 00:00:00:00:00:09 00:00:00:00:00:02 4
packet in 1152921504606846978 00:00:00:00:00:09 00:00:00:00:00:02 4
packet in 1152921504606846977 00:00:00:00:00:02 00:00:00:00:00:09 1
packet in 1152921504606846978 00:00:00:00:00:02 00:00:00:00:00:09 2
packet in 1152921504606846984 00:00:00:00:00:02 00:00:00:00:00:09 2
packet in 1152921504606846983 00:00:00:00:00:02 00:00:00:00:00:09 3
packet in 1152921504606846977 00:00:00:00:00:02 ff:ff:ff:ff:ff:ff 1
packet in 1152921504606846978 00:00:00:00:00:02 ff:ff:ff:ff:ff:ff 2
packet in 1152921504606846985 00:00:00:00:00:02 ff:ff:ff:ff:ff:ff 3
packet in 1152921504606846984 00:00:00:00:00:02 ff:ff:ff:ff:ff:ff 2
packet in 1152921504606846979 00:00:00:00:00:02 ff:ff:ff:ff:ff:ff 2
packet in 1152921504606846986 00:00:00:00:00:02 ff:ff:ff:ff:ff:ff 2
packet in 1152921504606846983 00:00:00:00:00:02 ff:ff:ff:ff:ff:ff 3
packet in 1152921504606846980 00:00:00:00:00:02 ff:ff:ff:ff:ff:ff 2
packet in 1152921504606846981 00:00:00:00:00:02 ff:ff:ff:ff:ff:ff 2
packet in 1152921504606846985 00:00:00:00:00:10 00:00:00:00:00:02 1
packet in 1152921504606846982 00:00:00:00:00:02 ff:ff:ff:ff:ff:ff 2
packet in 1152921504606846978 00:00:00:00:00:10 00:00:00:00:00:02 5
packet in 1152921504606846977 00:00:00:00:00:02 00:00:00:00:00:10 1
packet in 1152921504606846978 00:00:00:00:00:02 00:00:00:00:00:10 2
packet in 1152921504606846985 00:00:00:00:00:02 00:00:00:00:00:10 3
packet in 1152921504606846977 00:00:00:00:00:02 ff:ff:ff:ff:ff:ff 1
packet in 1152921504606846978 00:00:00:00:00:02 ff:ff:ff:ff:ff:ff 2
packet in 1152921504606846985 00:00:00:00:00:02 ff:ff:ff:ff:ff:ff 3
packet in 1152921504606846979 00:00:00:00:00:02 ff:ff:ff:ff:ff:ff 2
packet in 1152921504606846984 00:00:00:00:00:02 ff:ff:ff:ff:ff:ff 2
packet in 1152921504606846980 00:00:00:00:00:02 ff:ff:ff:ff:ff:ff 2
packet in 1152921504606846983 00:00:00:00:00:02 ff:ff:ff:ff:ff:ff 3
packet in 1152921504606846981 00:00:00:00:00:02 ff:ff:ff:ff:ff:ff 2
packet in 1152921504606846986 00:00:00:00:00:02 ff:ff:ff:ff:ff:ff 2
packet in 1152921504606846982 00:00:00:00:00:02 ff:ff:ff:ff:ff:ff 2
packet in 1152921504606846977 00:00:00:00:00:02 ff:ff:ff:ff:ff:ff 1
packet in 1152921504606846978 00:00:00:00:00:02 ff:ff:ff:ff:ff:ff 2
packet in 1152921504606846984 00:00:00:00:00:02 ff:ff:ff:ff:ff:ff 2
packet in 1152921504606846985 00:00:00:00:00:02 ff:ff:ff:ff:ff:ff 3
packet in 1152921504606846979 00:00:00:00:00:02 ff:ff:ff:ff:ff:ff 2
packet in 1152921504606846986 00:00:00:00:00:02 ff:ff:ff:ff:ff:ff 2
packet in 1152921504606846983 00:00:00:00:00:02 ff:ff:ff:ff:ff:ff 3
packet in 1152921504606846980 00:00:00:00:00:02 ff:ff:ff:ff:ff:ff 2
packet in 1152921504606846981 00:00:00:00:00:02 ff:ff:ff:ff:ff:ff 2
packet in 1152921504606846982 00:00:00:00:00:02 ff:ff:ff:ff:ff:ff 2
packet in 1152921504606846977 00:00:00:00:00:02 ff:ff:ff:ff:ff:ff 1
packet in 1152921504606846978 00:00:00:00:00:02 ff:ff:ff:ff:ff:ff 2
packet in 1152921504606846984 00:00:00:00:00:02 ff:ff:ff:ff:ff:ff 2
packet in 1152921504606846985 00:00:00:00:00:02 ff:ff:ff:ff:ff:ff 3
packet in 1152921504606846979 00:00:00:00:00:02 ff:ff:ff:ff:ff:ff 2
packet in 1152921504606846986 00:00:00:00:00:02 ff:ff:ff:ff:ff:ff 2
packet in 1152921504606846983 00:00:00:00:00:02 ff:ff:ff:ff:ff:ff 3
packet in 1152921504606846981 00:00:00:00:00:02 ff:ff:ff:ff:ff:ff 2
packet in 1152921504606846980 00:00:00:00:00:02 ff:ff:ff:ff:ff:ff 2
packet in 1152921504606846982 00:00:00:00:00:02 ff:ff:ff:ff:ff:ff 2
packet in 1152921504606846977 00:00:00:00:00:02 ff:ff:ff:ff:ff:ff 1
packet in 1152921504606846978 00:00:00:00:00:02 ff:ff:ff:ff:ff:ff 2
packet in 1152921504606846985 00:00:00:00:00:02 ff:ff:ff:ff:ff:ff 3
packet in 1152921504606846979 00:00:00:00:00:02 ff:ff:ff:ff:ff:ff 2
packet in 1152921504606846984 00:00:00:00:00:02 ff:ff:ff:ff:ff:ff 2
packet in 1152921504606846980 00:00:00:00:00:02 ff:ff:ff:ff:ff:ff 2
packet in 1152921504606846986 00:00:00:00:00:02 ff:ff:ff:ff:ff:ff 2
packet in 1152921504606846981 00:00:00:00:00:02 ff:ff:ff:ff:ff:ff 2
packet in 1152921504606846983 00:00:00:00:00:02 ff:ff:ff:ff:ff:ff 3
packet in 1152921504606846982 00:00:00:00:00:02 ff:ff:ff:ff:ff:ff 2
packet in 1152921504606846977 00:00:00:00:00:02 ff:ff:ff:ff:ff:ff 1
packet in 1152921504606846978 00:00:00:00:00:02 ff:ff:ff:ff:ff:ff 2
packet in 1152921504606846985 00:00:00:00:00:02 ff:ff:ff:ff:ff:ff 3
packet in 1152921504606846979 00:00:00:00:00:02 ff:ff:ff:ff:ff:ff 2
packet in 1152921504606846984 00:00:00:00:00:02 ff:ff:ff:ff:ff:ff 2
packet in 1152921504606846980 00:00:00:00:00:02 ff:ff:ff:ff:ff:ff 2
packet in 1152921504606846983 00:00:00:00:00:02 ff:ff:ff:ff:ff:ff 3
packet in 1152921504606846986 00:00:00:00:00:02 ff:ff:ff:ff:ff:ff 2
packet in 1152921504606846981 00:00:00:00:00:02 ff:ff:ff:ff:ff:ff 2
packet in 1152921504606846982 00:00:00:00:00:02 ff:ff:ff:ff:ff:ff 2
packet in 1152921504606846977 00:00:00:00:00:02 ff:ff:ff:ff:ff:ff 1
packet in 1152921504606846978 00:00:00:00:00:02 ff:ff:ff:ff:ff:ff 2
packet in 1152921504606846979 00:00:00:00:00:02 ff:ff:ff:ff:ff:ff 2
packet in 1152921504606846984 00:00:00:00:00:02 ff:ff:ff:ff:ff:ff 2
packet in 1152921504606846985 00:00:00:00:00:02 ff:ff:ff:ff:ff:ff 3
packet in 1152921504606846980 00:00:00:00:00:02 ff:ff:ff:ff:ff:ff 2
packet in 1152921504606846981 00:00:00:00:00:02 ff:ff:ff:ff:ff:ff 2
packet in 1152921504606846986 00:00:00:00:00:02 ff:ff:ff:ff:ff:ff 2
packet in 1152921504606846983 00:00:00:00:00:02 ff:ff:ff:ff:ff:ff 3
packet in 1152921504606846982 00:00:00:00:00:02 ff:ff:ff:ff:ff:ff 2
packet in 1152921504606846977 00:00:00:00:00:02 00:00:00:00:00:10 1
packet in 1152921504606846977 00:00:00:00:00:02 00:00:00:00:00:09 1
packet in 1152921504606846977 00:00:00:00:00:02 ff:ff:ff:ff:ff:ff 1
packet in 1152921504606846978 00:00:00:00:00:02 ff:ff:ff:ff:ff:ff 2
packet in 1152921504606846985 00:00:00:00:00:02 ff:ff:ff:ff:ff:ff 3
packet in 1152921504606846984 00:00:00:00:00:02 ff:ff:ff:ff:ff:ff 2
packet in 1152921504606846979 00:00:00:00:00:02 ff:ff:ff:ff:ff:ff 2
packet in 1152921504606846983 00:00:00:00:00:02 ff:ff:ff:ff:ff:ff 3
packet in 1152921504606846986 00:00:00:00:00:02 ff:ff:ff:ff:ff:ff 2
packet in 1152921504606846981 00:00:00:00:00:02 ff:ff:ff:ff:ff:ff 2
packet in 1152921504606846980 00:00:00:00:00:02 ff:ff:ff:ff:ff:ff 2
packet in 1152921504606846982 00:00:00:00:00:02 ff:ff:ff:ff:ff:ff 2
packet in 1152921504606846977 00:00:00:00:00:02 ff:ff:ff:ff:ff:ff 1
packet in 1152921504606846978 00:00:00:00:00:02 ff:ff:ff:ff:ff:ff 2
packet in 1152921504606846985 00:00:00:00:00:02 ff:ff:ff:ff:ff:ff 3
packet in 1152921504606846979 00:00:00:00:00:02 ff:ff:ff:ff:ff:ff 2
packet in 1152921504606846984 00:00:00:00:00:02 ff:ff:ff:ff:ff:ff 2
packet in 1152921504606846980 00:00:00:00:00:02 ff:ff:ff:ff:ff:ff 2
packet in 1152921504606846986 00:00:00:00:00:02 ff:ff:ff:ff:ff:ff 2
packet in 1152921504606846983 00:00:00:00:00:02 ff:ff:ff:ff:ff:ff 3
packet in 1152921504606846981 00:00:00:00:00:02 ff:ff:ff:ff:ff:ff 2
packet in 1152921504606846982 00:00:00:00:00:02 ff:ff:ff:ff:ff:ff 2
packet in 1152921504606846977 00:00:00:00:00:02 ff:ff:ff:ff:ff:ff 1
packet in 1152921504606846978 00:00:00:00:00:02 ff:ff:ff:ff:ff:ff 2
packet in 1152921504606846979 00:00:00:00:00:02 ff:ff:ff:ff:ff:ff 2
packet in 1152921504606846985 00:00:00:00:00:02 ff:ff:ff:ff:ff:ff 3
packet in 1152921504606846984 00:00:00:00:00:02 ff:ff:ff:ff:ff:ff 2
packet in 1152921504606846980 00:00:00:00:00:02 ff:ff:ff:ff:ff:ff 2
packet in 1152921504606846986 00:00:00:00:00:02 ff:ff:ff:ff:ff:ff 2
packet in 1152921504606846981 00:00:00:00:00:02 ff:ff:ff:ff:ff:ff 2
packet in 1152921504606846983 00:00:00:00:00:02 ff:ff:ff:ff:ff:ff 3
packet in 1152921504606846982 00:00:00:00:00:02 ff:ff:ff:ff:ff:ff 2
packet in 1152921504606846977 00:00:00:00:00:02 ff:ff:ff:ff:ff:ff 1
packet in 1152921504606846978 00:00:00:00:00:02 ff:ff:ff:ff:ff:ff 2
packet in 1152921504606846984 00:00:00:00:00:02 ff:ff:ff:ff:ff:ff 2
packet in 1152921504606846979 00:00:00:00:00:02 ff:ff:ff:ff:ff:ff 2
packet in 1152921504606846985 00:00:00:00:00:02 ff:ff:ff:ff:ff:ff 3
packet in 1152921504606846980 00:00:00:00:00:02 ff:ff:ff:ff:ff:ff 2
packet in 1152921504606846981 00:00:00:00:00:02 ff:ff:ff:ff:ff:ff 2
packet in 1152921504606846986 00:00:00:00:00:02 ff:ff:ff:ff:ff:ff 2
packet in 1152921504606846983 00:00:00:00:00:02 ff:ff:ff:ff:ff:ff 3
packet in 1152921504606846982 00:00:00:00:00:02 ff:ff:ff:ff:ff:ff 2
packet in 1152921504606846977 00:00:00:00:00:02 ff:ff:ff:ff:ff:ff 1
packet in 1152921504606846978 00:00:00:00:00:02 ff:ff:ff:ff:ff:ff 2
packet in 1152921504606846985 00:00:00:00:00:02 ff:ff:ff:ff:ff:ff 3
packet in 1152921504606846984 00:00:00:00:00:02 ff:ff:ff:ff:ff:ff 2
packet in 1152921504606846979 00:00:00:00:00:02 ff:ff:ff:ff:ff:ff 2
packet in 1152921504606846980 00:00:00:00:00:02 ff:ff:ff:ff:ff:ff 2
packet in 1152921504606846983 00:00:00:00:00:02 ff:ff:ff:ff:ff:ff 3
packet in 1152921504606846981 00:00:00:00:00:02 ff:ff:ff:ff:ff:ff 2
packet in 1152921504606846986 00:00:00:00:00:02 ff:ff:ff:ff:ff:ff 2
packet in 1152921504606846982 00:00:00:00:00:02 ff:ff:ff:ff:ff:ff 2
packet in 1152921504606846977 00:00:00:00:00:02 ff:ff:ff:ff:ff:ff 1
packet in 1152921504606846978 00:00:00:00:00:02 ff:ff:ff:ff:ff:ff 2
packet in 1152921504606846985 00:00:00:00:00:02 ff:ff:ff:ff:ff:ff 3
packet in 1152921504606846984 00:00:00:00:00:02 ff:ff:ff:ff:ff:ff 2
packet in 1152921504606846979 00:00:00:00:00:02 ff:ff:ff:ff:ff:ff 2
packet in 1152921504606846986 00:00:00:00:00:02 ff:ff:ff:ff:ff:ff 2
packet in 1152921504606846983 00:00:00:00:00:02 ff:ff:ff:ff:ff:ff 3
packet in 1152921504606846980 00:00:00:00:00:02 ff:ff:ff:ff:ff:ff 2
packet in 1152921504606846981 00:00:00:00:00:02 ff:ff:ff:ff:ff:ff 2
packet in 1152921504606846982 00:00:00:00:00:02 ff:ff:ff:ff:ff:ff 2
packet in 1152921504606846977 00:00:00:00:00:02 ff:ff:ff:ff:ff:ff 1
packet in 1152921504606846978 00:00:00:00:00:02 ff:ff:ff:ff:ff:ff 2
packet in 1152921504606846985 00:00:00:00:00:02 ff:ff:ff:ff:ff:ff 3
packet in 1152921504606846984 00:00:00:00:00:02 ff:ff:ff:ff:ff:ff 2
packet in 1152921504606846979 00:00:00:00:00:02 ff:ff:ff:ff:ff:ff 2
packet in 1152921504606846980 00:00:00:00:00:02 ff:ff:ff:ff:ff:ff 2
packet in 1152921504606846986 00:00:00:00:00:02 ff:ff:ff:ff:ff:ff 2
packet in 1152921504606846981 00:00:00:00:00:02 ff:ff:ff:ff:ff:ff 2
packet in 1152921504606846983 00:00:00:00:00:02 ff:ff:ff:ff:ff:ff 3
packet in 1152921504606846982 00:00:00:00:00:02 ff:ff:ff:ff:ff:ff 2
packet in 1152921504606846977 00:00:00:00:00:02 ff:ff:ff:ff:ff:ff 1
packet in 1152921504606846978 00:00:00:00:00:02 ff:ff:ff:ff:ff:ff 2
packet in 1152921504606846985 00:00:00:00:00:02 ff:ff:ff:ff:ff:ff 3
packet in 1152921504606846984 00:00:00:00:00:02 ff:ff:ff:ff:ff:ff 2
packet in 1152921504606846979 00:00:00:00:00:02 ff:ff:ff:ff:ff:ff 2
packet in 1152921504606846980 00:00:00:00:00:02 ff:ff:ff:ff:ff:ff 2
packet in 1152921504606846981 00:00:00:00:00:02 ff:ff:ff:ff:ff:ff 2
packet in 1152921504606846983 00:00:00:00:00:02 ff:ff:ff:ff:ff:ff 3
packet in 1152921504606846986 00:00:00:00:00:02 ff:ff:ff:ff:ff:ff 2
packet in 1152921504606846982 00:00:00:00:00:02 ff:ff:ff:ff:ff:ff 2
packet in 1152921504606846977 00:00:00:00:00:02 ff:ff:ff:ff:ff:ff 1
packet in 1152921504606846978 00:00:00:00:00:02 ff:ff:ff:ff:ff:ff 2
packet in 1152921504606846985 00:00:00:00:00:02 ff:ff:ff:ff:ff:ff 3
packet in 1152921504606846984 00:00:00:00:00:02 ff:ff:ff:ff:ff:ff 2
packet in 1152921504606846979 00:00:00:00:00:02 ff:ff:ff:ff:ff:ff 2
packet in 1152921504606846986 00:00:00:00:00:02 ff:ff:ff:ff:ff:ff 2
packet in 1152921504606846980 00:00:00:00:00:02 ff:ff:ff:ff:ff:ff 2
packet in 1152921504606846981 00:00:00:00:00:02 ff:ff:ff:ff:ff:ff 2
packet in 1152921504606846983 00:00:00:00:00:02 ff:ff:ff:ff:ff:ff 3
packet in 1152921504606846982 00:00:00:00:00:02 ff:ff:ff:ff:ff:ff 2
packet in 1152921504606846986 ca:47:be:ca:36:5a 33:33:00:00:00:02 4
packet in 1152921504606846984 ca:47:be:ca:36:5a 33:33:00:00:00:02 5
packet in 1152921504606846978 ca:47:be:ca:36:5a 33:33:00:00:00:02 4
packet in 1152921504606846983 ca:47:be:ca:36:5a 33:33:00:00:00:02 3
packet in 1152921504606846985 ca:47:be:ca:36:5a 33:33:00:00:00:02 3
packet in 1152921504606846979 ca:47:be:ca:36:5a 33:33:00:00:00:02 2
packet in 1152921504606846977 ca:47:be:ca:36:5a 33:33:00:00:00:02 2
packet in 1152921504606846980 ca:47:be:ca:36:5a 33:33:00:00:00:02 2
packet in 1152921504606846981 ca:47:be:ca:36:5a 33:33:00:00:00:02 2
packet in 1152921504606846982 ca:47:be:ca:36:5a 33:33:00:00:00:02 2
packet in 1152921504606846977 00:00:00:00:00:02 00:00:00:00:00:03 1
packet in 1152921504606846977 00:00:00:00:00:02 00:00:00:00:00:04 1
packet in 1152921504606846979 00:00:00:00:00:02 00:00:00:00:00:04 2
packet in 1152921504606846980 00:00:00:00:00:02 00:00:00:00:00:04 2
packet in 1152921504606846981 00:00:00:00:00:02 00:00:00:00:00:04 2
packet in 1152921504606846982 00:00:00:00:00:02 00:00:00:00:00:04 2
packet in 1152921504606846977 00:00:00:00:00:02 ff:ff:ff:ff:ff:ff 1
packet in 1152921504606846978 00:00:00:00:00:02 ff:ff:ff:ff:ff:ff 2
packet in 1152921504606846985 00:00:00:00:00:02 ff:ff:ff:ff:ff:ff 3
packet in 1152921504606846984 00:00:00:00:00:02 ff:ff:ff:ff:ff:ff 2
packet in 1152921504606846979 00:00:00:00:00:02 ff:ff:ff:ff:ff:ff 2
packet in 1152921504606846986 00:00:00:00:00:02 ff:ff:ff:ff:ff:ff 2
packet in 1152921504606846983 00:00:00:00:00:02 ff:ff:ff:ff:ff:ff 3
packet in 1152921504606846981 00:00:00:00:00:02 ff:ff:ff:ff:ff:ff 2
packet in 1152921504606846980 00:00:00:00:00:02 ff:ff:ff:ff:ff:ff 2
packet in 1152921504606846982 00:00:00:00:00:02 ff:ff:ff:ff:ff:ff 2
packet in 1152921504606846977 00:00:00:00:00:02 ff:ff:ff:ff:ff:ff 1
packet in 1152921504606846978 00:00:00:00:00:02 ff:ff:ff:ff:ff:ff 2
packet in 1152921504606846985 00:00:00:00:00:02 ff:ff:ff:ff:ff:ff 3
packet in 1152921504606846979 00:00:00:00:00:02 ff:ff:ff:ff:ff:ff 2
packet in 1152921504606846984 00:00:00:00:00:02 ff:ff:ff:ff:ff:ff 2
packet in 1152921504606846980 00:00:00:00:00:02 ff:ff:ff:ff:ff:ff 2
packet in 1152921504606846983 00:00:00:00:00:02 ff:ff:ff:ff:ff:ff 3
packet in 1152921504606846986 00:00:00:00:00:02 ff:ff:ff:ff:ff:ff 2
packet in 1152921504606846981 00:00:00:00:00:02 ff:ff:ff:ff:ff:ff 2
packet in 1152921504606846982 00:00:00:00:00:02 ff:ff:ff:ff:ff:ff 2
packet in 1152921504606846977 00:00:00:00:00:02 ff:ff:ff:ff:ff:ff 1
packet in 1152921504606846978 00:00:00:00:00:02 ff:ff:ff:ff:ff:ff 2
packet in 1152921504606846985 00:00:00:00:00:02 ff:ff:ff:ff:ff:ff 3
packet in 1152921504606846984 00:00:00:00:00:02 ff:ff:ff:ff:ff:ff 2
packet in 1152921504606846979 00:00:00:00:00:02 ff:ff:ff:ff:ff:ff 2
packet in 1152921504606846980 00:00:00:00:00:02 ff:ff:ff:ff:ff:ff 2
packet in 1152921504606846986 00:00:00:00:00:02 ff:ff:ff:ff:ff:ff 2
packet in 1152921504606846981 00:00:00:00:00:02 ff:ff:ff:ff:ff:ff 2
packet in 1152921504606846983 00:00:00:00:00:02 ff:ff:ff:ff:ff:ff 3
packet in 1152921504606846982 00:00:00:00:00:02 ff:ff:ff:ff:ff:ff 2
packet in 1152921504606846978 00:00:00:00:00:02 00:00:00:00:00:06 2
packet in 1152921504606846985 00:00:00:00:00:02 00:00:00:00:00:06 3
packet in 1152921504606846984 00:00:00:00:00:02 00:00:00:00:00:06 2
packet in 1152921504606846986 00:00:00:00:00:02 00:00:00:00:00:06 2
packet in 1152921504606846983 00:00:00:00:00:02 00:00:00:00:00:06 3
packet in 1152921504606846977 00:00:00:00:00:02 00:00:00:00:00:07 1
packet in 1152921504606846978 00:00:00:00:00:02 00:00:00:00:00:07 2
packet in 1152921504606846984 00:00:00:00:00:02 00:00:00:00:00:07 2
packet in 1152921504606846985 00:00:00:00:00:02 00:00:00:00:00:07 3
packet in 1152921504606846986 00:00:00:00:00:02 00:00:00:00:00:07 2
packet in 1152921504606846983 00:00:00:00:00:02 00:00:00:00:00:07 3
packet in 1152921504606846977 00:00:00:00:00:02 ff:ff:ff:ff:ff:ff 1
packet in 1152921504606846978 00:00:00:00:00:02 ff:ff:ff:ff:ff:ff 2
packet in 1152921504606846985 00:00:00:00:00:02 ff:ff:ff:ff:ff:ff 3
packet in 1152921504606846984 00:00:00:00:00:02 ff:ff:ff:ff:ff:ff 2
packet in 1152921504606846979 00:00:00:00:00:02 ff:ff:ff:ff:ff:ff 2
packet in 1152921504606846986 00:00:00:00:00:02 ff:ff:ff:ff:ff:ff 2
packet in 1152921504606846980 00:00:00:00:00:02 ff:ff:ff:ff:ff:ff 2
packet in 1152921504606846983 00:00:00:00:00:02 ff:ff:ff:ff:ff:ff 3
packet in 1152921504606846981 00:00:00:00:00:02 ff:ff:ff:ff:ff:ff 2
packet in 1152921504606846982 00:00:00:00:00:02 ff:ff:ff:ff:ff:ff 2
packet in 1152921504606846977 00:00:00:00:00:02 ff:ff:ff:ff:ff:ff 1
packet in 1152921504606846978 00:00:00:00:00:02 ff:ff:ff:ff:ff:ff 2
packet in 1152921504606846985 00:00:00:00:00:02 ff:ff:ff:ff:ff:ff 3
packet in 1152921504606846984 00:00:00:00:00:02 ff:ff:ff:ff:ff:ff 2
packet in 1152921504606846979 00:00:00:00:00:02 ff:ff:ff:ff:ff:ff 2
packet in 1152921504606846986 00:00:00:00:00:02 ff:ff:ff:ff:ff:ff 2
packet in 1152921504606846981 00:00:00:00:00:02 ff:ff:ff:ff:ff:ff 2
packet in 1152921504606846980 00:00:00:00:00:02 ff:ff:ff:ff:ff:ff 2
packet in 1152921504606846983 00:00:00:00:00:02 ff:ff:ff:ff:ff:ff 3
packet in 1152921504606846982 00:00:00:00:00:02 ff:ff:ff:ff:ff:ff 2
packet in 1152921504606846980 1a:09:ec:f5:68:2b 33:33:00:00:00:02 3
packet in 1152921504606846981 b2:fe:42:0e:96:73 33:33:00:00:00:02 4
packet in 1152921504606846979 1a:09:ec:f5:68:2b 33:33:00:00:00:02 3
packet in 1152921504606846979 b2:fe:42:0e:96:73 33:33:00:00:00:02 4
packet in 1152921504606846978 1a:09:ec:f5:68:2b 33:33:00:00:00:02 3
packet in 1152921504606846978 b2:fe:42:0e:96:73 33:33:00:00:00:02 3
packet in 1152921504606846980 b2:fe:42:0e:96:73 33:33:00:00:00:02 2
packet in 1152921504606846981 1a:09:ec:f5:68:2b 33:33:00:00:00:02 2
packet in 1152921504606846985 1a:09:ec:f5:68:2b 33:33:00:00:00:02 3
packet in 1152921504606846984 1a:09:ec:f5:68:2b 33:33:00:00:00:02 2
packet in 1152921504606846977 1a:09:ec:f5:68:2b 33:33:00:00:00:02 2
packet in 1152921504606846984 b2:fe:42:0e:96:73 33:33:00:00:00:02 2
packet in 1152921504606846982 b2:fe:42:0e:96:73 33:33:00:00:00:02 2
packet in 1152921504606846977 b2:fe:42:0e:96:73 33:33:00:00:00:02 2
packet in 1152921504606846985 b2:fe:42:0e:96:73 33:33:00:00:00:02 3
packet in 1152921504606846983 1a:09:ec:f5:68:2b 33:33:00:00:00:02 3
packet in 1152921504606846986 1a:09:ec:f5:68:2b 33:33:00:00:00:02 2
packet in 1152921504606846983 b2:fe:42:0e:96:73 33:33:00:00:00:02 3
packet in 1152921504606846986 b2:fe:42:0e:96:73 33:33:00:00:00:02 2
packet in 1152921504606846977 00:00:00:00:00:02 00:00:00:00:00:03 1
packet in 1152921504606846977 00:00:00:00:00:02 00:00:00:00:00:04 1
packet in 1152921504606846977 00:00:00:00:00:02 00:00:00:00:00:03 1
packet in 1152921504606846977 00:00:00:00:00:02 00:00:00:00:00:04 1
packet in 1152921504606846979 00:00:00:00:00:02 00:00:00:00:00:04 2
packet in 1152921504606846980 00:00:00:00:00:02 00:00:00:00:00:04 2
packet in 1152921504606846981 00:00:00:00:00:02 00:00:00:00:00:04 2
packet in 1152921504606846979 00:00:00:00:00:02 00:00:00:00:00:04 2
packet in 1152921504606846982 00:00:00:00:00:02 00:00:00:00:00:04 2
packet in 1152921504606846980 00:00:00:00:00:02 00:00:00:00:00:04 2
packet in 1152921504606846981 00:00:00:00:00:02 00:00:00:00:00:04 2
packet in 1152921504606846982 00:00:00:00:00:02 00:00:00:00:00:04 2
packet in 1152921504606846977 00:00:00:00:00:02 ff:ff:ff:ff:ff:ff 1
packet in 1152921504606846978 00:00:00:00:00:02 ff:ff:ff:ff:ff:ff 2
packet in 1152921504606846985 00:00:00:00:00:02 ff:ff:ff:ff:ff:ff 3
packet in 1152921504606846984 00:00:00:00:00:02 ff:ff:ff:ff:ff:ff 2
packet in 1152921504606846979 00:00:00:00:00:02 ff:ff:ff:ff:ff:ff 2
packet in 1152921504606846980 00:00:00:00:00:02 ff:ff:ff:ff:ff:ff 2
packet in 1152921504606846983 00:00:00:00:00:02 ff:ff:ff:ff:ff:ff 3
packet in 1152921504606846981 00:00:00:00:00:02 ff:ff:ff:ff:ff:ff 2
packet in 1152921504606846986 00:00:00:00:00:02 ff:ff:ff:ff:ff:ff 2
packet in 1152921504606846982 00:00:00:00:00:02 ff:ff:ff:ff:ff:ff 2
packet in 1152921504606846977 00:00:00:00:00:02 00:00:00:00:00:09 1
packet in 1152921504606846977 00:00:00:00:00:02 00:00:00:00:00:10 1
packet in 1152921504606846977 00:00:00:00:00:02 ff:ff:ff:ff:ff:ff 1
packet in 1152921504606846978 00:00:00:00:00:02 ff:ff:ff:ff:ff:ff 2
packet in 1152921504606846985 00:00:00:00:00:02 ff:ff:ff:ff:ff:ff 3
packet in 1152921504606846984 00:00:00:00:00:02 ff:ff:ff:ff:ff:ff 2
packet in 1152921504606846979 00:00:00:00:00:02 ff:ff:ff:ff:ff:ff 2
packet in 1152921504606846986 00:00:00:00:00:02 ff:ff:ff:ff:ff:ff 2
packet in 1152921504606846983 00:00:00:00:00:02 ff:ff:ff:ff:ff:ff 3
packet in 1152921504606846980 00:00:00:00:00:02 ff:ff:ff:ff:ff:ff 2
packet in 1152921504606846981 00:00:00:00:00:02 ff:ff:ff:ff:ff:ff 2
packet in 1152921504606846982 00:00:00:00:00:02 ff:ff:ff:ff:ff:ff 2
packet in 1152921504606846979 6e:45:9d:a2:3b:5c 33:33:00:00:00:02 2
packet in 1152921504606846981 6e:45:9d:a2:3b:5c 33:33:00:00:00:02 2
packet in 1152921504606846980 6e:45:9d:a2:3b:5c 33:33:00:00:00:02 2
packet in 1152921504606846982 6e:45:9d:a2:3b:5c 33:33:00:00:00:02 2
packet in 1152921504606846977 00:00:00:00:00:02 ff:ff:ff:ff:ff:ff 1
packet in 1152921504606846978 00:00:00:00:00:02 ff:ff:ff:ff:ff:ff 2
packet in 1152921504606846985 00:00:00:00:00:02 ff:ff:ff:ff:ff:ff 3
packet in 1152921504606846979 00:00:00:00:00:02 ff:ff:ff:ff:ff:ff 2
packet in 1152921504606846984 00:00:00:00:00:02 ff:ff:ff:ff:ff:ff 2
packet in 1152921504606846981 00:00:00:00:00:02 ff:ff:ff:ff:ff:ff 2
packet in 1152921504606846986 00:00:00:00:00:02 ff:ff:ff:ff:ff:ff 2
packet in 1152921504606846983 00:00:00:00:00:02 ff:ff:ff:ff:ff:ff 3
packet in 1152921504606846980 00:00:00:00:00:02 ff:ff:ff:ff:ff:ff 2
packet in 1152921504606846982 00:00:00:00:00:02 ff:ff:ff:ff:ff:ff 2
packet in 1152921504606846978 00:00:00:00:00:02 00:00:00:00:00:06 2
packet in 1152921504606846985 00:00:00:00:00:02 00:00:00:00:00:06 3
packet in 1152921504606846984 00:00:00:00:00:02 00:00:00:00:00:06 2
packet in 1152921504606846986 00:00:00:00:00:02 00:00:00:00:00:06 2
packet in 1152921504606846983 00:00:00:00:00:02 00:00:00:00:00:06 3
packet in 1152921504606846977 00:00:00:00:00:02 ff:ff:ff:ff:ff:ff 1
packet in 1152921504606846978 00:00:00:00:00:02 ff:ff:ff:ff:ff:ff 2
packet in 1152921504606846985 00:00:00:00:00:02 ff:ff:ff:ff:ff:ff 3
packet in 1152921504606846979 00:00:00:00:00:02 ff:ff:ff:ff:ff:ff 2
packet in 1152921504606846984 00:00:00:00:00:02 ff:ff:ff:ff:ff:ff 2
packet in 1152921504606846980 00:00:00:00:00:02 ff:ff:ff:ff:ff:ff 2
packet in 1152921504606846981 00:00:00:00:00:02 ff:ff:ff:ff:ff:ff 2
packet in 1152921504606846986 00:00:00:00:00:02 ff:ff:ff:ff:ff:ff 2
packet in 1152921504606846983 00:00:00:00:00:02 ff:ff:ff:ff:ff:ff 3
packet in 1152921504606846982 00:00:00:00:00:02 ff:ff:ff:ff:ff:ff 2
packet in 1152921504606846977 00:00:00:00:00:02 00:00:00:00:00:07 1
packet in 1152921504606846978 00:00:00:00:00:02 00:00:00:00:00:07 2
packet in 1152921504606846977 00:00:00:00:00:02 00:00:00:00:00:07 1
packet in 1152921504606846985 00:00:00:00:00:02 00:00:00:00:00:07 3
packet in 1152921504606846984 00:00:00:00:00:02 00:00:00:00:00:07 2
packet in 1152921504606846978 00:00:00:00:00:02 00:00:00:00:00:07 2
packet in 1152921504606846983 00:00:00:00:00:02 00:00:00:00:00:07 3
packet in 1152921504606846986 00:00:00:00:00:02 00:00:00:00:00:07 2
packet in 1152921504606846984 00:00:00:00:00:02 00:00:00:00:00:07 2
packet in 1152921504606846985 00:00:00:00:00:02 00:00:00:00:00:07 3
packet in 1152921504606846983 00:00:00:00:00:02 00:00:00:00:00:07 3
packet in 1152921504606846986 00:00:00:00:00:02 00:00:00:00:00:07 2
packet in 1152921504606846982 da:7e:68:6d:14:2c 33:33:00:00:00:02 2
packet in 1152921504606846979 a6:7d:bf:d9:b4:97 33:33:00:00:00:02 3
packet in 1152921504606846978 a6:7d:bf:d9:b4:97 33:33:00:00:00:02 3
packet in 1152921504606846981 a6:7d:bf:d9:b4:97 33:33:00:00:00:02 2
packet in 1152921504606846984 76:d1:35:d8:a5:d8 33:33:00:00:00:02 4
packet in 1152921504606846984 a6:7d:bf:d9:b4:97 33:33:00:00:00:02 2
packet in 1152921504606846985 a6:7d:bf:d9:b4:97 33:33:00:00:00:02 3
packet in 1152921504606846977 a6:7d:bf:d9:b4:97 33:33:00:00:00:02 2
packet in 1152921504606846986 76:d1:35:d8:a5:d8 33:33:00:00:00:02 2
packet in 1152921504606846978 76:d1:35:d8:a5:d8 33:33:00:00:00:02 4
packet in 1152921504606846977 76:d1:35:d8:a5:d8 33:33:00:00:00:02 2
packet in 1152921504606846983 a6:7d:bf:d9:b4:97 33:33:00:00:00:02 3
packet in 1152921504606846985 76:d1:35:d8:a5:d8 33:33:00:00:00:02 3
packet in 1152921504606846979 76:d1:35:d8:a5:d8 33:33:00:00:00:02 2
packet in 1152921504606846986 a6:7d:bf:d9:b4:97 33:33:00:00:00:02 2
packet in 1152921504606846980 76:d1:35:d8:a5:d8 33:33:00:00:00:02 2
packet in 1152921504606846981 76:d1:35:d8:a5:d8 33:33:00:00:00:02 2
packet in 1152921504606846977 00:00:00:00:00:02 ff:ff:ff:ff:ff:ff 1
packet in 1152921504606846978 00:00:00:00:00:02 ff:ff:ff:ff:ff:ff 2
packet in 1152921504606846985 00:00:00:00:00:02 ff:ff:ff:ff:ff:ff 3
packet in 1152921504606846984 00:00:00:00:00:02 ff:ff:ff:ff:ff:ff 2
packet in 1152921504606846979 00:00:00:00:00:02 ff:ff:ff:ff:ff:ff 2
packet in 1152921504606846980 00:00:00:00:00:02 ff:ff:ff:ff:ff:ff 2
packet in 1152921504606846986 00:00:00:00:00:02 ff:ff:ff:ff:ff:ff 2
packet in 1152921504606846983 00:00:00:00:00:02 ff:ff:ff:ff:ff:ff 3
packet in 1152921504606846981 00:00:00:00:00:02 ff:ff:ff:ff:ff:ff 2
packet in 1152921504606846982 00:00:00:00:00:02 ff:ff:ff:ff:ff:ff 2
packet in 1152921504606846977 00:00:00:00:00:02 ff:ff:ff:ff:ff:ff 1
packet in 1152921504606846978 00:00:00:00:00:02 ff:ff:ff:ff:ff:ff 2
packet in 1152921504606846985 00:00:00:00:00:02 ff:ff:ff:ff:ff:ff 3
packet in 1152921504606846984 00:00:00:00:00:02 ff:ff:ff:ff:ff:ff 2
packet in 1152921504606846979 00:00:00:00:00:02 ff:ff:ff:ff:ff:ff 2
packet in 1152921504606846980 00:00:00:00:00:02 ff:ff:ff:ff:ff:ff 2
packet in 1152921504606846986 00:00:00:00:00:02 ff:ff:ff:ff:ff:ff 2
packet in 1152921504606846981 00:00:00:00:00:02 ff:ff:ff:ff:ff:ff 2
packet in 1152921504606846983 00:00:00:00:00:02 ff:ff:ff:ff:ff:ff 3
packet in 1152921504606846982 00:00:00:00:00:02 ff:ff:ff:ff:ff:ff 2
packet in 1152921504606846978 22:81:77:40:a2:17 33:33:00:00:00:02 4
packet in 1152921504606846979 d2:cf:db:d6:7f:f6 33:33:00:00:00:02 4
packet in 1152921504606846985 22:81:77:40:a2:17 33:33:00:00:00:02 3
packet in 1152921504606846980 d2:cf:db:d6:7f:f6 33:33:00:00:00:02 2
packet in 1152921504606846977 22:81:77:40:a2:17 33:33:00:00:00:02 2
packet in 1152921504606846979 22:81:77:40:a2:17 33:33:00:00:00:02 2
packet in 1152921504606846978 d2:cf:db:d6:7f:f6 33:33:00:00:00:02 3
packet in 1152921504606846982 d2:cf:db:d6:7f:f6 33:33:00:00:00:02 2
packet in 1152921504606846980 22:81:77:40:a2:17 33:33:00:00:00:02 2
packet in 1152921504606846985 d2:cf:db:d6:7f:f6 33:33:00:00:00:02 3
packet in 1152921504606846984 d2:cf:db:d6:7f:f6 33:33:00:00:00:02 2
packet in 1152921504606846977 d2:cf:db:d6:7f:f6 33:33:00:00:00:02 2
packet in 1152921504606846981 22:81:77:40:a2:17 33:33:00:00:00:02 2
packet in 1152921504606846982 22:81:77:40:a2:17 33:33:00:00:00:02 2
packet in 1152921504606846986 d2:cf:db:d6:7f:f6 33:33:00:00:00:02 2
packet in 1152921504606846983 d2:cf:db:d6:7f:f6 33:33:00:00:00:02 3
packet in 1152921504606846977 00:00:00:00:00:02 ff:ff:ff:ff:ff:ff 1
packet in 1152921504606846978 00:00:00:00:00:02 ff:ff:ff:ff:ff:ff 2
packet in 1152921504606846984 00:00:00:00:00:02 ff:ff:ff:ff:ff:ff 2
packet in 1152921504606846985 00:00:00:00:00:02 ff:ff:ff:ff:ff:ff 3
packet in 1152921504606846979 00:00:00:00:00:02 ff:ff:ff:ff:ff:ff 2
packet in 1152921504606846986 00:00:00:00:00:02 ff:ff:ff:ff:ff:ff 2
packet in 1152921504606846980 00:00:00:00:00:02 ff:ff:ff:ff:ff:ff 2
packet in 1152921504606846983 00:00:00:00:00:02 ff:ff:ff:ff:ff:ff 3
packet in 1152921504606846981 00:00:00:00:00:02 ff:ff:ff:ff:ff:ff 2
packet in 1152921504606846982 00:00:00:00:00:02 ff:ff:ff:ff:ff:ff 2
packet in 1152921504606846983 e2:e6:ef:c7:0d:0b 33:33:00:00:00:02 2
packet in 1152921504606846981 b6:89:8c:00:7e:fc 33:33:00:00:00:02 2
packet in 1152921504606846984 e2:e6:ef:c7:0d:0b 33:33:00:00:00:02 4
packet in 1152921504606846985 b6:2b:8b:01:ac:3e 33:33:00:00:00:02 3
packet in 1152921504606846978 c6:88:17:c0:c3:83 33:33:00:00:00:02 2
packet in 1152921504606846978 e2:e6:ef:c7:0d:0b 33:33:00:00:00:02 4
packet in 1152921504606846986 e2:e6:ef:c7:0d:0b 33:33:00:00:00:02 2
packet in 1152921504606846985 c6:88:17:c0:c3:83 33:33:00:00:00:02 3
packet in 1152921504606846979 c6:88:17:c0:c3:83 33:33:00:00:00:02 2
packet in 1152921504606846984 c6:88:17:c0:c3:83 33:33:00:00:00:02 2
packet in 1152921504606846985 e2:e6:ef:c7:0d:0b 33:33:00:00:00:02 3
packet in 1152921504606846977 e2:e6:ef:c7:0d:0b 33:33:00:00:00:02 2
packet in 1152921504606846979 e2:e6:ef:c7:0d:0b 33:33:00:00:00:02 2
packet in 1152921504606846981 c6:88:17:c0:c3:83 33:33:00:00:00:02 2
packet in 1152921504606846986 c6:88:17:c0:c3:83 33:33:00:00:00:02 2
packet in 1152921504606846980 c6:88:17:c0:c3:83 33:33:00:00:00:02 2
packet in 1152921504606846983 c6:88:17:c0:c3:83 33:33:00:00:00:02 3
packet in 1152921504606846980 e2:e6:ef:c7:0d:0b 33:33:00:00:00:02 2
packet in 1152921504606846981 e2:e6:ef:c7:0d:0b 33:33:00:00:00:02 2
packet in 1152921504606846982 c6:88:17:c0:c3:83 33:33:00:00:00:02 2
packet in 1152921504606846982 e2:e6:ef:c7:0d:0b 33:33:00:00:00:02 2
packet in 1152921504606846977 92:58:1b:44:7e:32 33:33:00:00:00:fb 2
packet in 1152921504606846979 6e:45:9d:a2:3b:5c 33:33:00:00:00:fb 2
packet in 1152921504606846980 6e:45:9d:a2:3b:5c 33:33:00:00:00:fb 2
packet in 1152921504606846981 6e:45:9d:a2:3b:5c 33:33:00:00:00:fb 2
packet in 1152921504606846982 6e:45:9d:a2:3b:5c 33:33:00:00:00:fb 2
packet in 1152921504606846982 da:7e:68:6d:14:2c 33:33:00:00:00:fb 2
packet in 1152921504606846978 fe:c8:ea:e0:28:f4 33:33:00:00:00:fb 5
packet in 1152921504606846984 fe:c8:ea:e0:28:f4 33:33:00:00:00:fb 2
packet in 1152921504606846977 fe:c8:ea:e0:28:f4 33:33:00:00:00:fb 2
packet in 1152921504606846979 fe:c8:ea:e0:28:f4 33:33:00:00:00:fb 2
packet in 1152921504606846986 fe:c8:ea:e0:28:f4 33:33:00:00:00:fb 2
packet in 1152921504606846983 fe:c8:ea:e0:28:f4 33:33:00:00:00:fb 3
packet in 1152921504606846981 fe:c8:ea:e0:28:f4 33:33:00:00:00:fb 2
packet in 1152921504606846980 fe:c8:ea:e0:28:f4 33:33:00:00:00:fb 2
packet in 1152921504606846982 fe:c8:ea:e0:28:f4 33:33:00:00:00:fb 2
packet in 1152921504606846979 a6:7d:bf:d9:b4:97 33:33:00:00:00:fb 3
packet in 1152921504606846978 a6:7d:bf:d9:b4:97 33:33:00:00:00:fb 3
packet in 1152921504606846981 a6:7d:bf:d9:b4:97 33:33:00:00:00:fb 2
packet in 1152921504606846985 a6:7d:bf:d9:b4:97 33:33:00:00:00:fb 3
packet in 1152921504606846984 a6:7d:bf:d9:b4:97 33:33:00:00:00:fb 2
packet in 1152921504606846977 a6:7d:bf:d9:b4:97 33:33:00:00:00:fb 2
packet in 1152921504606846986 a6:7d:bf:d9:b4:97 33:33:00:00:00:fb 2
packet in 1152921504606846983 a6:7d:bf:d9:b4:97 33:33:00:00:00:fb 3
packet in 1152921504606846980 a2:5f:63:48:bd:b7 33:33:00:00:00:fb 4
packet in 1152921504606846978 c6:88:17:c0:c3:83 33:33:00:00:00:fb 2
packet in 1152921504606846985 c6:88:17:c0:c3:83 33:33:00:00:00:fb 3
packet in 1152921504606846984 c6:88:17:c0:c3:83 33:33:00:00:00:fb 2
packet in 1152921504606846979 a2:5f:63:48:bd:b7 33:33:00:00:00:fb 3
packet in 1152921504606846979 c6:88:17:c0:c3:83 33:33:00:00:00:fb 2
packet in 1152921504606846983 c6:88:17:c0:c3:83 33:33:00:00:00:fb 3
packet in 1152921504606846986 c6:88:17:c0:c3:83 33:33:00:00:00:fb 2
packet in 1152921504606846980 c6:88:17:c0:c3:83 33:33:00:00:00:fb 2
packet in 1152921504606846978 a2:5f:63:48:bd:b7 33:33:00:00:00:fb 3
packet in 1152921504606846981 a2:5f:63:48:bd:b7 33:33:00:00:00:fb 2
packet in 1152921504606846981 c6:88:17:c0:c3:83 33:33:00:00:00:fb 2
packet in 1152921504606846984 a2:5f:63:48:bd:b7 33:33:00:00:00:fb 2
packet in 1152921504606846977 a2:5f:63:48:bd:b7 33:33:00:00:00:fb 2
packet in 1152921504606846985 a2:5f:63:48:bd:b7 33:33:00:00:00:fb 3
packet in 1152921504606846982 c6:88:17:c0:c3:83 33:33:00:00:00:fb 2
packet in 1152921504606846983 a2:5f:63:48:bd:b7 33:33:00:00:00:fb 3
packet in 1152921504606846986 a2:5f:63:48:bd:b7 33:33:00:00:00:fb 2
packet in 1152921504606846980 be:7f:ce:e7:79:ba 33:33:00:00:00:fb 2
packet in 1152921504606846982 be:7f:ce:e7:79:ba 33:33:00:00:00:fb 2
packet in 1152921504606846981 b6:89:8c:00:7e:fc 33:33:00:00:00:fb 2
packet in 1152921504606846984 76:d1:35:d8:a5:d8 33:33:00:00:00:fb 4
packet in 1152921504606846983 e6:f0:ac:c5:0d:50 33:33:00:00:00:fb 3
packet in 1152921504606846978 76:d1:35:d8:a5:d8 33:33:00:00:00:fb 4
packet in 1152921504606846986 76:d1:35:d8:a5:d8 33:33:00:00:00:fb 2
packet in 1152921504606846979 76:d1:35:d8:a5:d8 33:33:00:00:00:fb 2
packet in 1152921504606846977 76:d1:35:d8:a5:d8 33:33:00:00:00:fb 2
packet in 1152921504606846985 76:d1:35:d8:a5:d8 33:33:00:00:00:fb 3
packet in 1152921504606846981 76:d1:35:d8:a5:d8 33:33:00:00:00:fb 2
packet in 1152921504606846980 76:d1:35:d8:a5:d8 33:33:00:00:00:fb 2
packet in 1152921504606846982 76:d1:35:d8:a5:d8 33:33:00:00:00:fb 2
packet in 1152921504606846978 2a:db:c3:db:c1:42 33:33:00:00:00:fb 3
packet in 1152921504606846977 2a:db:c3:db:c1:42 33:33:00:00:00:fb 2
packet in 1152921504606846984 2a:db:c3:db:c1:42 33:33:00:00:00:fb 2
packet in 1152921504606846985 2a:db:c3:db:c1:42 33:33:00:00:00:fb 3
packet in 1152921504606846986 2a:db:c3:db:c1:42 33:33:00:00:00:fb 2
packet in 1152921504606846983 2a:db:c3:db:c1:42 33:33:00:00:00:fb 3
packet in 1152921504606846986 b2:14:ae:fd:23:69 33:33:00:00:00:fb 2
packet in 1152921504606846985 b6:2b:8b:01:ac:3e 33:33:00:00:00:fb 3
packet in 1152921504606846984 12:64:f5:1f:d9:c4 33:33:00:00:00:fb 2
packet in 1152921504606846986 12:64:f5:1f:d9:c4 33:33:00:00:00:fb 2
packet in 1152921504606846983 12:64:f5:1f:d9:c4 33:33:00:00:00:fb 3
packet in 1152921504606846977 f6:41:fc:2d:59:d6 33:33:00:00:00:fb 3
packet in 1152921504606846978 f6:41:fc:2d:59:d6 33:33:00:00:00:fb 2
packet in 1152921504606846985 f6:41:fc:2d:59:d6 33:33:00:00:00:fb 3
packet in 1152921504606846984 f6:41:fc:2d:59:d6 33:33:00:00:00:fb 2
packet in 1152921504606846979 f6:41:fc:2d:59:d6 33:33:00:00:00:fb 2
packet in 1152921504606846983 f6:41:fc:2d:59:d6 33:33:00:00:00:fb 3
packet in 1152921504606846986 f6:41:fc:2d:59:d6 33:33:00:00:00:fb 2
packet in 1152921504606846981 f6:41:fc:2d:59:d6 33:33:00:00:00:fb 2
packet in 1152921504606846980 f6:41:fc:2d:59:d6 33:33:00:00:00:fb 2
packet in 1152921504606846982 f6:41:fc:2d:59:d6 33:33:00:00:00:fb 2
packet in 1152921504606846979 d2:cf:db:d6:7f:f6 33:33:00:00:00:fb 4
packet in 1152921504606846983 e2:e6:ef:c7:0d:0b 33:33:00:00:00:fb 2
packet in 1152921504606846978 d2:cf:db:d6:7f:f6 33:33:00:00:00:fb 3
packet in 1152921504606846980 d2:cf:db:d6:7f:f6 33:33:00:00:00:fb 2
packet in 1152921504606846984 e2:e6:ef:c7:0d:0b 33:33:00:00:00:fb 4
packet in 1152921504606846986 e2:e6:ef:c7:0d:0b 33:33:00:00:00:fb 2
packet in 1152921504606846978 e2:e6:ef:c7:0d:0b 33:33:00:00:00:fb 4
packet in 1152921504606846984 d2:cf:db:d6:7f:f6 33:33:00:00:00:fb 2
packet in 1152921504606846977 d2:cf:db:d6:7f:f6 33:33:00:00:00:fb 2
packet in 1152921504606846985 d2:cf:db:d6:7f:f6 33:33:00:00:00:fb 3
packet in 1152921504606846982 d2:cf:db:d6:7f:f6 33:33:00:00:00:fb 2
packet in 1152921504606846979 e2:e6:ef:c7:0d:0b 33:33:00:00:00:fb 2
packet in 1152921504606846977 e2:e6:ef:c7:0d:0b 33:33:00:00:00:fb 2
packet in 1152921504606846985 e2:e6:ef:c7:0d:0b 33:33:00:00:00:fb 3
packet in 1152921504606846986 d2:cf:db:d6:7f:f6 33:33:00:00:00:fb 2
packet in 1152921504606846983 d2:cf:db:d6:7f:f6 33:33:00:00:00:fb 3
packet in 1152921504606846984 a6:56:38:2d:54:ed 33:33:00:00:00:fb 3
packet in 1152921504606846978 22:81:77:40:a2:17 33:33:00:00:00:fb 4
packet in 1152921504606846980 e2:e6:ef:c7:0d:0b 33:33:00:00:00:fb 2
packet in 1152921504606846981 e2:e6:ef:c7:0d:0b 33:33:00:00:00:fb 2
packet in 1152921504606846983 a6:56:38:2d:54:ed 33:33:00:00:00:fb 3
packet in 1152921504606846978 a6:56:38:2d:54:ed 33:33:00:00:00:fb 4
packet in 1152921504606846986 a6:56:38:2d:54:ed 33:33:00:00:00:fb 2
packet in 1152921504606846985 22:81:77:40:a2:17 33:33:00:00:00:fb 3
packet in 1152921504606846977 22:81:77:40:a2:17 33:33:00:00:00:fb 2
packet in 1152921504606846979 22:81:77:40:a2:17 33:33:00:00:00:fb 2
packet in 1152921504606846982 e2:e6:ef:c7:0d:0b 33:33:00:00:00:fb 2
packet in 1152921504606846981 22:81:77:40:a2:17 33:33:00:00:00:fb 2
packet in 1152921504606846985 a6:56:38:2d:54:ed 33:33:00:00:00:fb 3
packet in 1152921504606846977 a6:56:38:2d:54:ed 33:33:00:00:00:fb 2
packet in 1152921504606846980 22:81:77:40:a2:17 33:33:00:00:00:fb 2
packet in 1152921504606846979 a6:56:38:2d:54:ed 33:33:00:00:00:fb 2
packet in 1152921504606846983 a6:bb:04:49:bc:c5 33:33:00:00:00:fb 4
packet in 1152921504606846982 22:81:77:40:a2:17 33:33:00:00:00:fb 2
packet in 1152921504606846981 a6:56:38:2d:54:ed 33:33:00:00:00:fb 2
packet in 1152921504606846980 a6:56:38:2d:54:ed 33:33:00:00:00:fb 2
packet in 1152921504606846981 b2:fe:42:0e:96:73 33:33:00:00:00:fb 4
packet in 1152921504606846984 a6:bb:04:49:bc:c5 33:33:00:00:00:fb 4
packet in 1152921504606846982 a6:56:38:2d:54:ed 33:33:00:00:00:fb 2
packet in 1152921504606846986 a6:bb:04:49:bc:c5 33:33:00:00:00:fb 2
packet in 1152921504606846978 a6:bb:04:49:bc:c5 33:33:00:00:00:fb 4
packet in 1152921504606846979 b2:fe:42:0e:96:73 33:33:00:00:00:fb 4
packet in 1152921504606846977 a6:bb:04:49:bc:c5 33:33:00:00:00:fb 2
packet in 1152921504606846979 a6:bb:04:49:bc:c5 33:33:00:00:00:fb 2
packet in 1152921504606846978 b2:fe:42:0e:96:73 33:33:00:00:00:fb 3
packet in 1152921504606846985 a6:bb:04:49:bc:c5 33:33:00:00:00:fb 3
packet in 1152921504606846980 b2:fe:42:0e:96:73 33:33:00:00:00:fb 2
packet in 1152921504606846985 b2:fe:42:0e:96:73 33:33:00:00:00:fb 3
packet in 1152921504606846981 a6:bb:04:49:bc:c5 33:33:00:00:00:fb 2
packet in 1152921504606846984 b2:fe:42:0e:96:73 33:33:00:00:00:fb 2
packet in 1152921504606846982 b2:fe:42:0e:96:73 33:33:00:00:00:fb 2
packet in 1152921504606846980 a6:bb:04:49:bc:c5 33:33:00:00:00:fb 2
packet in 1152921504606846977 b2:fe:42:0e:96:73 33:33:00:00:00:fb 2
packet in 1152921504606846982 a6:bb:04:49:bc:c5 33:33:00:00:00:fb 2
packet in 1152921504606846986 b2:fe:42:0e:96:73 33:33:00:00:00:fb 2
packet in 1152921504606846983 b2:fe:42:0e:96:73 33:33:00:00:00:fb 3
packet in 1152921504606846980 1a:09:ec:f5:68:2b 33:33:00:00:00:fb 3
packet in 1152921504606846982 1a:09:ec:f5:68:2b 33:33:00:00:00:fb 2
packet in 1152921504606846979 1a:09:ec:f5:68:2b 33:33:00:00:00:fb 3
packet in 1152921504606846978 1a:09:ec:f5:68:2b 33:33:00:00:00:fb 3
packet in 1152921504606846981 1a:09:ec:f5:68:2b 33:33:00:00:00:fb 2
packet in 1152921504606846985 1a:09:ec:f5:68:2b 33:33:00:00:00:fb 3
packet in 1152921504606846977 1a:09:ec:f5:68:2b 33:33:00:00:00:fb 2
packet in 1152921504606846984 1a:09:ec:f5:68:2b 33:33:00:00:00:fb 2
packet in 1152921504606846986 1a:09:ec:f5:68:2b 33:33:00:00:00:fb 2
packet in 1152921504606846983 1a:09:ec:f5:68:2b 33:33:00:00:00:fb 3
packet in 1152921504606846984 a6:56:38:2d:54:ed 33:33:00:00:00:02 3
packet in 1152921504606846978 2a:db:c3:db:c1:42 33:33:00:00:00:02 3
packet in 1152921504606846983 a6:bb:04:49:bc:c5 33:33:00:00:00:02 4
packet in 1152921504606846978 a6:56:38:2d:54:ed 33:33:00:00:00:02 4
packet in 1152921504606846983 a6:56:38:2d:54:ed 33:33:00:00:00:02 3
packet in 1152921504606846986 a6:56:38:2d:54:ed 33:33:00:00:00:02 2
packet in 1152921504606846977 2a:db:c3:db:c1:42 33:33:00:00:00:02 2
packet in 1152921504606846985 2a:db:c3:db:c1:42 33:33:00:00:00:02 3
packet in 1152921504606846984 2a:db:c3:db:c1:42 33:33:00:00:00:02 2
packet in 1152921504606846984 a6:bb:04:49:bc:c5 33:33:00:00:00:02 4
packet in 1152921504606846977 a6:56:38:2d:54:ed 33:33:00:00:00:02 2
packet in 1152921504606846985 a6:56:38:2d:54:ed 33:33:00:00:00:02 3
packet in 1152921504606846979 a6:56:38:2d:54:ed 33:33:00:00:00:02 2
packet in 1152921504606846978 a6:bb:04:49:bc:c5 33:33:00:00:00:02 4
packet in 1152921504606846986 2a:db:c3:db:c1:42 33:33:00:00:00:02 2
packet in 1152921504606846986 a6:bb:04:49:bc:c5 33:33:00:00:00:02 2
packet in 1152921504606846983 2a:db:c3:db:c1:42 33:33:00:00:00:02 3
packet in 1152921504606846980 a6:56:38:2d:54:ed 33:33:00:00:00:02 2
packet in 1152921504606846981 a6:56:38:2d:54:ed 33:33:00:00:00:02 2
packet in 1152921504606846979 a6:bb:04:49:bc:c5 33:33:00:00:00:02 2
packet in 1152921504606846977 a6:bb:04:49:bc:c5 33:33:00:00:00:02 2
packet in 1152921504606846985 a6:bb:04:49:bc:c5 33:33:00:00:00:02 3
packet in 1152921504606846982 a6:56:38:2d:54:ed 33:33:00:00:00:02 2
packet in 1152921504606846980 a6:bb:04:49:bc:c5 33:33:00:00:00:02 2
packet in 1152921504606846981 a6:bb:04:49:bc:c5 33:33:00:00:00:02 2
packet in 1152921504606846982 a6:bb:04:49:bc:c5 33:33:00:00:00:02 2
packet in 1152921504606846984 36:ba:af:8b:f7:ee 33:33:00:00:00:fb 6
packet in 1152921504606846978 36:ba:af:8b:f7:ee 33:33:00:00:00:fb 4
packet in 1152921504606846983 36:ba:af:8b:f7:ee 33:33:00:00:00:fb 3
packet in 1152921504606846986 36:ba:af:8b:f7:ee 33:33:00:00:00:fb 2
packet in 1152921504606846979 36:ba:af:8b:f7:ee 33:33:00:00:00:fb 2
packet in 1152921504606846985 36:ba:af:8b:f7:ee 33:33:00:00:00:fb 3
packet in 1152921504606846977 36:ba:af:8b:f7:ee 33:33:00:00:00:fb 2
packet in 1152921504606846980 36:ba:af:8b:f7:ee 33:33:00:00:00:fb 2
packet in 1152921504606846982 36:ba:af:8b:f7:ee 33:33:00:00:00:fb 2
packet in 1152921504606846984 ee:98:ab:99:db:3e 33:33:00:00:00:fb 5
packet in 1152921504606846986 ca:47:be:ca:36:5a 33:33:00:00:00:fb 4
packet in 1152921504606846983 ee:98:ab:99:db:3e 33:33:00:00:00:fb 3
packet in 1152921504606846978 ee:98:ab:99:db:3e 33:33:00:00:00:fb 4
packet in 1152921504606846984 ca:47:be:ca:36:5a 33:33:00:00:00:fb 5
packet in 1152921504606846985 ee:98:ab:99:db:3e 33:33:00:00:00:fb 3
packet in 1152921504606846977 ee:98:ab:99:db:3e 33:33:00:00:00:fb 2
packet in 1152921504606846978 ca:47:be:ca:36:5a 33:33:00:00:00:fb 4
packet in 1152921504606846983 ca:47:be:ca:36:5a 33:33:00:00:00:fb 3
packet in 1152921504606846985 ca:47:be:ca:36:5a 33:33:00:00:00:fb 3
packet in 1152921504606846977 ca:47:be:ca:36:5a 33:33:00:00:00:fb 2
packet in 1152921504606846985 7a:d7:d8:48:8e:46 33:33:00:00:00:fb 4
packet in 1152921504606846978 7a:d7:d8:48:8e:46 33:33:00:00:00:fb 5
packet in 1152921504606846984 7a:d7:d8:48:8e:46 33:33:00:00:00:fb 2
packet in 1152921504606846979 7a:d7:d8:48:8e:46 33:33:00:00:00:fb 2
packet in 1152921504606846977 7a:d7:d8:48:8e:46 33:33:00:00:00:fb 2
packet in 1152921504606846986 7a:d7:d8:48:8e:46 33:33:00:00:00:fb 2
packet in 1152921504606846983 7a:d7:d8:48:8e:46 33:33:00:00:00:fb 3
packet in 1152921504606846981 7a:d7:d8:48:8e:46 33:33:00:00:00:fb 2
packet in 1152921504606846980 7a:d7:d8:48:8e:46 33:33:00:00:00:fb 2
packet in 1152921504606846982 7a:d7:d8:48:8e:46 33:33:00:00:00:fb 2
packet in 1152921504606846977 00:00:00:00:00:02 ff:ff:ff:ff:ff:ff 1
packet in 1152921504606846978 00:00:00:00:00:02 ff:ff:ff:ff:ff:ff 2
packet in 1152921504606846985 00:00:00:00:00:02 ff:ff:ff:ff:ff:ff 3
packet in 1152921504606846984 00:00:00:00:00:02 ff:ff:ff:ff:ff:ff 2
packet in 1152921504606846979 00:00:00:00:00:02 ff:ff:ff:ff:ff:ff 2
packet in 1152921504606846981 00:00:00:00:00:02 ff:ff:ff:ff:ff:ff 2
packet in 1152921504606846986 00:00:00:00:00:02 ff:ff:ff:ff:ff:ff 2
packet in 1152921504606846980 00:00:00:00:00:02 ff:ff:ff:ff:ff:ff 2
packet in 1152921504606846983 00:00:00:00:00:02 ff:ff:ff:ff:ff:ff 3
packet in 1152921504606846982 00:00:00:00:00:02 ff:ff:ff:ff:ff:ff 2
packet in 1152921504606846984 12:64:f5:1f:d9:c4 33:33:00:00:00:02 2
packet in 1152921504606846984 36:ba:af:8b:f7:ee 33:33:00:00:00:02 6
packet in 1152921504606846983 e6:f0:ac:c5:0d:50 33:33:00:00:00:02 3
packet in 1152921504606846980 be:7f:ce:e7:79:ba 33:33:00:00:00:02 2
packet in 1152921504606846986 12:64:f5:1f:d9:c4 33:33:00:00:00:02 2
packet in 1152921504606846986 36:ba:af:8b:f7:ee 33:33:00:00:00:02 2
packet in 1152921504606846978 36:ba:af:8b:f7:ee 33:33:00:00:00:02 4
packet in 1152921504606846982 be:7f:ce:e7:79:ba 33:33:00:00:00:02 2
packet in 1152921504606846983 12:64:f5:1f:d9:c4 33:33:00:00:00:02 3
packet in 1152921504606846983 36:ba:af:8b:f7:ee 33:33:00:00:00:02 3
packet in 1152921504606846977 36:ba:af:8b:f7:ee 33:33:00:00:00:02 2
packet in 1152921504606846985 36:ba:af:8b:f7:ee 33:33:00:00:00:02 3
packet in 1152921504606846979 36:ba:af:8b:f7:ee 33:33:00:00:00:02 2
packet in 1152921504606846981 36:ba:af:8b:f7:ee 33:33:00:00:00:02 2
packet in 1152921504606846980 36:ba:af:8b:f7:ee 33:33:00:00:00:02 2
packet in 1152921504606846982 36:ba:af:8b:f7:ee 33:33:00:00:00:02 2
packet in 1152921504606846977 00:00:00:00:00:02 ff:ff:ff:ff:ff:ff 1
packet in 1152921504606846978 00:00:00:00:00:02 ff:ff:ff:ff:ff:ff 2
packet in 1152921504606846985 00:00:00:00:00:02 ff:ff:ff:ff:ff:ff 3
packet in 1152921504606846984 00:00:00:00:00:02 ff:ff:ff:ff:ff:ff 2
packet in 1152921504606846979 00:00:00:00:00:02 ff:ff:ff:ff:ff:ff 2
packet in 1152921504606846980 00:00:00:00:00:02 ff:ff:ff:ff:ff:ff 2
packet in 1152921504606846986 00:00:00:00:00:02 ff:ff:ff:ff:ff:ff 2
packet in 1152921504606846981 00:00:00:00:00:02 ff:ff:ff:ff:ff:ff 2
packet in 1152921504606846983 00:00:00:00:00:02 ff:ff:ff:ff:ff:ff 3
packet in 1152921504606846982 00:00:00:00:00:02 ff:ff:ff:ff:ff:ff 2
packet in 1152921504606846977 00:00:00:00:00:02 ff:ff:ff:ff:ff:ff 1
packet in 1152921504606846978 00:00:00:00:00:02 ff:ff:ff:ff:ff:ff 2
packet in 1152921504606846985 00:00:00:00:00:02 ff:ff:ff:ff:ff:ff 3
packet in 1152921504606846979 00:00:00:00:00:02 ff:ff:ff:ff:ff:ff 2
packet in 1152921504606846984 00:00:00:00:00:02 ff:ff:ff:ff:ff:ff 2
packet in 1152921504606846980 00:00:00:00:00:02 ff:ff:ff:ff:ff:ff 2
packet in 1152921504606846983 00:00:00:00:00:02 ff:ff:ff:ff:ff:ff 3
packet in 1152921504606846986 00:00:00:00:00:02 ff:ff:ff:ff:ff:ff 2
packet in 1152921504606846981 00:00:00:00:00:02 ff:ff:ff:ff:ff:ff 2
packet in 1152921504606846982 00:00:00:00:00:02 ff:ff:ff:ff:ff:ff 2
packet in 1152921504606846984 ee:98:ab:99:db:3e 33:33:00:00:00:02 5
packet in 1152921504606846978 ee:98:ab:99:db:3e 33:33:00:00:00:02 4
packet in 1152921504606846983 ee:98:ab:99:db:3e 33:33:00:00:00:02 3
packet in 1152921504606846985 ee:98:ab:99:db:3e 33:33:00:00:00:02 3
packet in 1152921504606846979 ee:98:ab:99:db:3e 33:33:00:00:00:02 2
packet in 1152921504606846977 ee:98:ab:99:db:3e 33:33:00:00:00:02 2
packet in 1152921504606846980 ee:98:ab:99:db:3e 33:33:00:00:00:02 2
packet in 1152921504606846981 ee:98:ab:99:db:3e 33:33:00:00:00:02 2
packet in 1152921504606846982 ee:98:ab:99:db:3e 33:33:00:00:00:02 2
packet in 1152921504606846977 00:00:00:00:00:02 ff:ff:ff:ff:ff:ff 1
packet in 1152921504606846978 00:00:00:00:00:02 ff:ff:ff:ff:ff:ff 2
packet in 1152921504606846985 00:00:00:00:00:02 ff:ff:ff:ff:ff:ff 3
packet in 1152921504606846984 00:00:00:00:00:02 ff:ff:ff:ff:ff:ff 2
packet in 1152921504606846979 00:00:00:00:00:02 ff:ff:ff:ff:ff:ff 2
packet in 1152921504606846980 00:00:00:00:00:02 ff:ff:ff:ff:ff:ff 2
packet in 1152921504606846986 00:00:00:00:00:02 ff:ff:ff:ff:ff:ff 2
packet in 1152921504606846981 00:00:00:00:00:02 ff:ff:ff:ff:ff:ff 2
packet in 1152921504606846983 00:00:00:00:00:02 ff:ff:ff:ff:ff:ff 3
packet in 1152921504606846982 00:00:00:00:00:02 ff:ff:ff:ff:ff:ff 2
packet in 1152921504606846977 00:00:00:00:00:02 ff:ff:ff:ff:ff:ff 1
packet in 1152921504606846978 00:00:00:00:00:02 ff:ff:ff:ff:ff:ff 2
packet in 1152921504606846984 00:00:00:00:00:02 ff:ff:ff:ff:ff:ff 2
packet in 1152921504606846985 00:00:00:00:00:02 ff:ff:ff:ff:ff:ff 3
packet in 1152921504606846979 00:00:00:00:00:02 ff:ff:ff:ff:ff:ff 2
packet in 1152921504606846986 00:00:00:00:00:02 ff:ff:ff:ff:ff:ff 2
packet in 1152921504606846983 00:00:00:00:00:02 ff:ff:ff:ff:ff:ff 3
packet in 1152921504606846981 00:00:00:00:00:02 ff:ff:ff:ff:ff:ff 2
packet in 1152921504606846980 00:00:00:00:00:02 ff:ff:ff:ff:ff:ff 2
packet in 1152921504606846982 00:00:00:00:00:02 ff:ff:ff:ff:ff:ff 2
packet in 1152921504606846980 a2:5f:63:48:bd:b7 33:33:00:00:00:02 4
packet in 1152921504606846979 a2:5f:63:48:bd:b7 33:33:00:00:00:02 3
packet in 1152921504606846985 7a:d7:d8:48:8e:46 33:33:00:00:00:02 4
packet in 1152921504606846978 fe:c8:ea:e0:28:f4 33:33:00:00:00:02 5
packet in 1152921504606846977 f6:41:fc:2d:59:d6 33:33:00:00:00:02 3
packet in 1152921504606846984 fe:c8:ea:e0:28:f4 33:33:00:00:00:02 2
packet in 1152921504606846978 7a:d7:d8:48:8e:46 33:33:00:00:00:02 5
packet in 1152921504606846978 a2:5f:63:48:bd:b7 33:33:00:00:00:02 3
packet in 1152921504606846978 f6:41:fc:2d:59:d6 33:33:00:00:00:02 2
packet in 1152921504606846981 a2:5f:63:48:bd:b7 33:33:00:00:00:02 2
packet in 1152921504606846977 fe:c8:ea:e0:28:f4 33:33:00:00:00:02 2
packet in 1152921504606846979 fe:c8:ea:e0:28:f4 33:33:00:00:00:02 2
packet in 1152921504606846983 fe:c8:ea:e0:28:f4 33:33:00:00:00:02 3
packet in 1152921504606846986 fe:c8:ea:e0:28:f4 33:33:00:00:00:02 2
packet in 1152921504606846984 7a:d7:d8:48:8e:46 33:33:00:00:00:02 2
packet in 1152921504606846984 a2:5f:63:48:bd:b7 33:33:00:00:00:02 2
packet in 1152921504606846984 f6:41:fc:2d:59:d6 33:33:00:00:00:02 2
packet in 1152921504606846980 fe:c8:ea:e0:28:f4 33:33:00:00:00:02 2
packet in 1152921504606846985 a2:5f:63:48:bd:b7 33:33:00:00:00:02 3
packet in 1152921504606846985 f6:41:fc:2d:59:d6 33:33:00:00:00:02 3
packet in 1152921504606846977 7a:d7:d8:48:8e:46 33:33:00:00:00:02 2
packet in 1152921504606846977 a2:5f:63:48:bd:b7 33:33:00:00:00:02 2
packet in 1152921504606846979 7a:d7:d8:48:8e:46 33:33:00:00:00:02 2
packet in 1152921504606846979 f6:41:fc:2d:59:d6 33:33:00:00:00:02 2
packet in 1152921504606846981 fe:c8:ea:e0:28:f4 33:33:00:00:00:02 2
packet in 1152921504606846982 fe:c8:ea:e0:28:f4 33:33:00:00:00:02 2
packet in 1152921504606846986 7a:d7:d8:48:8e:46 33:33:00:00:00:02 2
packet in 1152921504606846986 a2:5f:63:48:bd:b7 33:33:00:00:00:02 2
packet in 1152921504606846986 f6:41:fc:2d:59:d6 33:33:00:00:00:02 2
packet in 1152921504606846983 7a:d7:d8:48:8e:46 33:33:00:00:00:02 3
packet in 1152921504606846983 a2:5f:63:48:bd:b7 33:33:00:00:00:02 3
packet in 1152921504606846983 f6:41:fc:2d:59:d6 33:33:00:00:00:02 3
packet in 1152921504606846981 7a:d7:d8:48:8e:46 33:33:00:00:00:02 2
packet in 1152921504606846981 f6:41:fc:2d:59:d6 33:33:00:00:00:02 2
packet in 1152921504606846980 7a:d7:d8:48:8e:46 33:33:00:00:00:02 2
packet in 1152921504606846980 f6:41:fc:2d:59:d6 33:33:00:00:00:02 2
packet in 1152921504606846982 7a:d7:d8:48:8e:46 33:33:00:00:00:02 2
packet in 1152921504606846982 f6:41:fc:2d:59:d6 33:33:00:00:00:02 2
packet in 1152921504606846977 00:00:00:00:00:02 ff:ff:ff:ff:ff:ff 1
packet in 1152921504606846978 00:00:00:00:00:02 ff:ff:ff:ff:ff:ff 2
packet in 1152921504606846985 00:00:00:00:00:02 ff:ff:ff:ff:ff:ff 3
packet in 1152921504606846984 00:00:00:00:00:02 ff:ff:ff:ff:ff:ff 2
packet in 1152921504606846979 00:00:00:00:00:02 ff:ff:ff:ff:ff:ff 2
packet in 1152921504606846980 00:00:00:00:00:02 ff:ff:ff:ff:ff:ff 2
packet in 1152921504606846986 00:00:00:00:00:02 ff:ff:ff:ff:ff:ff 2
packet in 1152921504606846981 00:00:00:00:00:02 ff:ff:ff:ff:ff:ff 2
packet in 1152921504606846983 00:00:00:00:00:02 ff:ff:ff:ff:ff:ff 3
packet in 1152921504606846982 00:00:00:00:00:02 ff:ff:ff:ff:ff:ff 2
packet in 1152921504606846977 00:00:00:00:00:02 ff:ff:ff:ff:ff:ff 1
packet in 1152921504606846978 00:00:00:00:00:02 ff:ff:ff:ff:ff:ff 2
packet in 1152921504606846985 00:00:00:00:00:02 ff:ff:ff:ff:ff:ff 3
packet in 1152921504606846984 00:00:00:00:00:02 ff:ff:ff:ff:ff:ff 2
packet in 1152921504606846979 00:00:00:00:00:02 ff:ff:ff:ff:ff:ff 2
packet in 1152921504606846980 00:00:00:00:00:02 ff:ff:ff:ff:ff:ff 2
packet in 1152921504606846983 00:00:00:00:00:02 ff:ff:ff:ff:ff:ff 3
packet in 1152921504606846981 00:00:00:00:00:02 ff:ff:ff:ff:ff:ff 2
packet in 1152921504606846986 00:00:00:00:00:02 ff:ff:ff:ff:ff:ff 2
packet in 1152921504606846982 00:00:00:00:00:02 ff:ff:ff:ff:ff:ff 2
packet in 1152921504606846986 b2:14:ae:fd:23:69 33:33:00:00:00:02 2
packet in 1152921504606846977 00:00:00:00:00:02 ff:ff:ff:ff:ff:ff 1
packet in 1152921504606846978 00:00:00:00:00:02 ff:ff:ff:ff:ff:ff 2
packet in 1152921504606846979 00:00:00:00:00:02 ff:ff:ff:ff:ff:ff 2
packet in 1152921504606846985 00:00:00:00:00:02 ff:ff:ff:ff:ff:ff 3
packet in 1152921504606846984 00:00:00:00:00:02 ff:ff:ff:ff:ff:ff 2
packet in 1152921504606846980 00:00:00:00:00:02 ff:ff:ff:ff:ff:ff 2
packet in 1152921504606846981 00:00:00:00:00:02 ff:ff:ff:ff:ff:ff 2
packet in 1152921504606846983 00:00:00:00:00:02 ff:ff:ff:ff:ff:ff 3
packet in 1152921504606846986 00:00:00:00:00:02 ff:ff:ff:ff:ff:ff 2
packet in 1152921504606846982 00:00:00:00:00:02 ff:ff:ff:ff:ff:ff 2
packet in 1152921504606846977 00:00:00:00:00:02 ff:ff:ff:ff:ff:ff 1
packet in 1152921504606846978 00:00:00:00:00:02 ff:ff:ff:ff:ff:ff 2
packet in 1152921504606846984 00:00:00:00:00:02 ff:ff:ff:ff:ff:ff 2
packet in 1152921504606846985 00:00:00:00:00:02 ff:ff:ff:ff:ff:ff 3
packet in 1152921504606846979 00:00:00:00:00:02 ff:ff:ff:ff:ff:ff 2
packet in 1152921504606846986 00:00:00:00:00:02 ff:ff:ff:ff:ff:ff 2
packet in 1152921504606846983 00:00:00:00:00:02 ff:ff:ff:ff:ff:ff 3
packet in 1152921504606846981 00:00:00:00:00:02 ff:ff:ff:ff:ff:ff 2
packet in 1152921504606846980 00:00:00:00:00:02 ff:ff:ff:ff:ff:ff 2
packet in 1152921504606846982 00:00:00:00:00:02 ff:ff:ff:ff:ff:ff 2
packet in 1152921504606846977 92:58:1b:44:7e:32 33:33:00:00:00:02 2
