loading app network_structure.py
Matplotlib created a temporary config/cache directory at /tmp/matplotlib-edr5_pz9 because the default path (/home/terry/.config/matplotlib) is not a writable directory; it is highly recommended to set the MPLCONFIGDIR environment variable to a writable directory, in particular to speed up the import of Matplotlib and to better support multiprocessing.
Generating new fontManager, this may take some time...
Failed to extract font properties from /usr/share/fonts/truetype/noto/NotoColorEmoji.ttf: In FT2Font: Can not load face.  Unknown file format.
loading app network_monitor.py
loading app network_delay.py
loading app ryu.controller.ofp_handler
instantiating app None of Switches
creating context switches
instantiating app network_structure.py of NetworkStructure
instantiating app network_monitor.py of NetworkMonitor
instantiating app network_delay.py of NetworkDelay
instantiating app ryu.controller.ofp_handler of OFPHandler
discovery--->==================================== discovery ====================================
discovery---> cls: []
discovery---> access_table: {}
discovery--->=============================================================================
discovery--->==================================== discovery ====================================
discovery---> cls: []
discovery---> access_table: {}
discovery--->=============================================================================
discovery--->==================================== discovery ====================================
discovery---> cls: []
discovery---> access_table: {}
discovery--->=============================================================================
discovery--->==================================== discovery ====================================
discovery---> cls: []
discovery---> access_table: {}
discovery--->=============================================================================
==================================== link detector ====================================

----------------------------
src    dst :    delay
==================================== link detector ====================================

----------------------------
src    dst :    delay
discovery--->==================================== discovery ====================================
discovery---> cls: []
discovery---> access_table: {}
discovery--->=============================================================================
==================================== link detector ====================================

----------------------------
src    dst :    delay
==================================== link detector ====================================

----------------------------
src    dst :    delay
discovery--->==================================== discovery ====================================
discovery---> cls: []
discovery---> access_table: {}
discovery--->=============================================================================
==================================== link detector ====================================

----------------------------
src    dst :    delay
==================================== link detector ====================================

----------------------------
src    dst :    delay
discovery---> AccessPoint: 1 connected
monitor---->register datapath: 1000000000000001
discovery---> AccessPoint: 2 connected
monitor---->register datapath: 1000000000000002
discovery---> AccessPoint: 3 connected
monitor---->register datapath: 1000000000000003
discovery---> AccessPoint: 4 connected
monitor---->register datapath: 1000000000000004
---> OFPPortStatus received: reason=MODIFY desc=OFPPort(port_no=4294967294,hw_addr='40:00:00:00:00:00',name=b'ap4',config=1,state=1,curr=0,advertised=0,supported=0,peer=0,curr_speed=0,max_speed=0)
---> OFPPortStatus received: reason=MODIFY desc=OFPPort(port_no=1,hw_addr='40:00:00:00:00:00',name=b'ap4-wlan1',config=0,state=4,curr=0,advertised=0,supported=0,peer=0,curr_speed=0,max_speed=0)
---> OFPPortStatus received: reason=MODIFY desc=OFPPort(port_no=2,hw_addr='a2:f8:b3:fe:84:5e',name=b'ap4-eth2',config=0,state=4,curr=2112,advertised=0,supported=0,peer=0,curr_speed=10000000,max_speed=0)
---> OFPPortStatus received: reason=MODIFY desc=OFPPort(port_no=3,hw_addr='56:68:d2:15:a8:36',name=b'ap4-eth3',config=0,state=4,curr=2112,advertised=0,supported=0,peer=0,curr_speed=10000000,max_speed=0)
discovery---> AccessPoint: 5 connected
monitor---->register datapath: 1000000000000005
discovery---> AccessPoint: 6 connected
monitor---->register datapath: 1000000000000006
==================================== link detector ====================================

----------------------------
src    dst :    delay
3 <---> 1 : 5.503654479980469
1 <---> 3 : 3.631114959716797
1 <---> 4 : 2.4437904357910156
1 <---> 5 : 3.1464099884033203
4 <---> 1 : 15.608549118041992
5 <---> 1 : 2.900838851928711
discovery---> AccessPoint: 7 connected
monitor---->register datapath: 1000000000000007
discovery---> AccessPoint: 8 connected
monitor---->register datapath: 1000000000000008
discovery--->==================================== discovery ====================================
discovery---> cls: [(3, 1), (1, 4), (1, 5), (1, 6), (5, 7), (5, 8), (7, 2), (2, 8)]
discovery---> access_table: {}
discovery--->=============================================================================
datapath         port     rx-pkts  rx-bytes rx-error tx-pkts  tx-bytes tx-error
---------------- -------- -------- -------- -------- -------- -------- --------
0000000000000008        1        0        0        0        1       78        0
0000000000000008        2       22     3050        0       20     2930        0
0000000000000008        3       21     2990        0       20     2930        0
0000000000000008        4       19     2870        0       20     2930        0
datapath         in-port  eth-dst           out-port packets  bytes
---------------- -------- ----------------- -------- -------- --------
datapath         port     rx-pkts  rx-bytes rx-error tx-pkts  tx-bytes tx-error
---------------- -------- -------- -------- -------- -------- -------- --------
0000000000000007        1        0        0        0        1       78        0
0000000000000007        2       18     2238        0       20     2930        0
0000000000000007        3       21     2990        0       20     2930        0
0000000000000007        4       19     2870        0       21     2889        0
datapath         in-port  eth-dst           out-port packets  bytes
---------------- -------- ----------------- -------- -------- --------
datapath         port     rx-pkts  rx-bytes rx-error tx-pkts  tx-bytes tx-error
---------------- -------- -------- -------- -------- -------- -------- --------
0000000000000002        1        0        0        0        2      156        0
0000000000000002        2       20     2930        0       18     2238        0
0000000000000002        3       20     2930        0       22     3050        0
datapath         in-port  eth-dst           out-port packets  bytes
---------------- -------- ----------------- -------- -------- --------
datapath         port     rx-pkts  rx-bytes rx-error tx-pkts  tx-bytes tx-error
---------------- -------- -------- -------- -------- -------- -------- --------
0000000000000003        1        0        0        0        2      156        0
0000000000000003        2       23     3120        0       18     2381        0
0000000000000003        3       16     2261        0       21     2990        0
datapath         in-port  eth-dst           out-port packets  bytes
---------------- -------- ----------------- -------- -------- --------
datapath         port     rx-pkts  rx-bytes rx-error tx-pkts  tx-bytes tx-error
---------------- -------- -------- -------- -------- -------- -------- --------
0000000000000004        1        0        0        0        3      234        0
0000000000000004        2       20     2501        0       22     3050        0
0000000000000004        3       19     2870        0       21     2960        0
datapath         in-port  eth-dst           out-port packets  bytes
---------------- -------- ----------------- -------- -------- --------
datapath         port     rx-pkts  rx-bytes rx-error tx-pkts  tx-bytes tx-error
---------------- -------- -------- -------- -------- -------- -------- --------
0000000000000001        1        0        0        0        3      234        0
0000000000000001        2       18     2381        0       23     3120        0
0000000000000001        3       22     3050        0       20     2501        0
0000000000000001        4       18     2381        0       22     3050        0
0000000000000001        5       20     2930        0       22     3050        0
datapath         in-port  eth-dst           out-port packets  bytes
---------------- -------- ----------------- -------- -------- --------
datapath         port     rx-pkts  rx-bytes rx-error tx-pkts  tx-bytes tx-error
---------------- -------- -------- -------- -------- -------- -------- --------
0000000000000006        1        0        0        0        1       78        0
0000000000000006        2       22     3050        0       20     2930        0
0000000000000006        3       16     2261        0       20     2930        0
datapath         in-port  eth-dst           out-port packets  bytes
---------------- -------- ----------------- -------- -------- --------
datapath         port     rx-pkts  rx-bytes rx-error tx-pkts  tx-bytes tx-error
---------------- -------- -------- -------- -------- -------- -------- --------
0000000000000005        1        0        0        0        1       78        0
0000000000000005        2       22     3050        0       18     2381        0
0000000000000005        3       20     2930        0       21     2990        0
0000000000000005        4       20     2930        0       21     2990        0
0000000000000005        5       19     2787        0       21     2990        0
datapath         in-port  eth-dst           out-port packets  bytes
---------------- -------- ----------------- -------- -------- --------
discovery---> AccessPoint: 9 connected
monitor---->register datapath: 1000000000000009
discovery---> AccessPoint: 10 connected
monitor---->register datapath: 100000000000000a
==================================== link detector ====================================

----------------------------
src    dst :    delay
3 <---> 1 : 2.866506576538086
3 <---> 9 : 3.695249557495117
1 <---> 3 : 2.412557601928711
1 <---> 4 : 6.09135627746582
1 <---> 5 : 4.861116409301758
1 <---> 6 : 16.054630279541016
4 <---> 1 : 3.0908584594726562
4 <---> 10 : 3.545045852661133
5 <---> 1 : 4.239559173583984
5 <---> 7 : 2.392292022705078
5 <---> 8 : 48.57039451599121
5 <---> 9 : 6.14619255065918
6 <---> 1 : 2.4001598358154297
6 <---> 9 : 4.829168319702148
7 <---> 2 : 69.29206848144531
7 <---> 5 : 5.351781845092773
7 <---> 10 : 2.866029739379883
2 <---> 7 : 3.052949905395508
2 <---> 8 : 13.71145248413086
8 <---> 2 : 3.550291061401367
8 <---> 5 : 3.1354427337646484
8 <---> 10 : 3.4089088439941406
9 <---> 3 : 51.51724815368652
9 <---> 5 : 107.3613166809082
9 <---> 6 : 2.496957778930664
10 <---> 8 : 2.93731689453125
10 <---> 4 : 3.082275390625
10 <---> 7 : 3.933429718017578
==================================== link detector ====================================

----------------------------
src    dst :    delay
3 <---> 1 : 5.864858627319336
3 <---> 9 : 4.782915115356445
1 <---> 3 : 4.871606826782227
1 <---> 4 : 66.49541854858398
1 <---> 5 : 82.25560188293457
1 <---> 6 : 6.4792633056640625
4 <---> 1 : 21.08144760131836
4 <---> 10 : 4.205942153930664
5 <---> 1 : 5.398273468017578
5 <---> 7 : 5.9108734130859375
5 <---> 8 : 18.41878890991211
5 <---> 9 : 40.85040092468262
6 <---> 1 : 3.9975643157958984
6 <---> 9 : 86.86041831970215
7 <---> 2 : 2.892732620239258
7 <---> 5 : 31.342506408691406
7 <---> 10 : 5.280733108520508
2 <---> 7 : 70.97411155700684
2 <---> 8 : 3.127574920654297
8 <---> 2 : 4.573822021484375
8 <---> 5 : 3.4058094024658203
8 <---> 10 : 5.675077438354492
9 <---> 3 : 2.891063690185547
9 <---> 5 : 33.76173973083496
9 <---> 6 : 4.483699798583984
10 <---> 8 : 2.6121139526367188
10 <---> 4 : 37.30487823486328
10 <---> 7 : 90.8205509185791
discovery--->==================================== discovery ====================================
discovery---> cls: [(3, 1), (3, 9), (1, 4), (1, 5), (1, 6), (4, 10), (5, 7), (5, 8), (5, 9), (6, 9), (7, 2), (7, 10), (2, 8), (8, 10)]
discovery---> access_table: {}
discovery--->=============================================================================
datapath         port     rx-pkts  rx-bytes rx-error tx-pkts  tx-bytes tx-error
---------------- -------- -------- -------- -------- -------- -------- --------
0000000000000009        1        0        0        0        3      234        0
0000000000000009        2       26     3443        0       21     2714        0
0000000000000009        3       26     3443        0       24     3240        0
0000000000000009        4       25     3383        0       21     2714        0
datapath         in-port  eth-dst           out-port packets  bytes
---------------- -------- ----------------- -------- -------- --------
datapath         port     rx-pkts  rx-bytes rx-error tx-pkts  tx-bytes tx-error
---------------- -------- -------- -------- -------- -------- -------- --------
0000000000000005        1        0        0        0        4      312        0
0000000000000005        2       27     3503        0       22     2774        0
0000000000000005        3       25     3383        0       26     3443        0
0000000000000005        4       25     3383        0       26     3443        0
0000000000000005        5       24     3240        0       26     3443        0
datapath         in-port  eth-dst           out-port packets  bytes
---------------- -------- ----------------- -------- -------- --------
datapath         port     rx-pkts  rx-bytes rx-error tx-pkts  tx-bytes tx-error
---------------- -------- -------- -------- -------- -------- -------- --------
0000000000000007        1        0        0        0        4      312        0
0000000000000007        2       23     2691        0       25     3383        0
0000000000000007        3       26     3443        0       25     3383        0
0000000000000007        4       24     3323        0       25     3272        0
datapath         in-port  eth-dst           out-port packets  bytes
---------------- -------- ----------------- -------- -------- --------
datapath         port     rx-pkts  rx-bytes rx-error tx-pkts  tx-bytes tx-error
---------------- -------- -------- -------- -------- -------- -------- --------
000000000000000a        1        0        0        0        3      234        0
000000000000000a        2       26     3413        0       24     3323        0
000000000000000a        3       25     3272        0       24     3323        0
000000000000000a        4       25     3383        0       24     3323        0
datapath         in-port  eth-dst           out-port packets  bytes
---------------- -------- ----------------- -------- -------- --------
datapath         port     rx-pkts  rx-bytes rx-error tx-pkts  tx-bytes tx-error
---------------- -------- -------- -------- -------- -------- -------- --------
0000000000000004        1        0        0        0        6      468        0
0000000000000004        2       25     2954        0       27     3503        0
0000000000000004        3       24     3323        0       26     3413        0
datapath         in-port  eth-dst           out-port packets  bytes
---------------- -------- ----------------- -------- -------- --------
datapath         port     rx-pkts  rx-bytes rx-error tx-pkts  tx-bytes tx-error
---------------- -------- -------- -------- -------- -------- -------- --------
0000000000000002        1        0        0        0        5      390        0
0000000000000002        2       25     3383        0       23     2691        0
0000000000000002        3       25     3383        0       26     3443        0
datapath         in-port  eth-dst           out-port packets  bytes
---------------- -------- ----------------- -------- -------- --------
datapath         port     rx-pkts  rx-bytes rx-error tx-pkts  tx-bytes tx-error
---------------- -------- -------- -------- -------- -------- -------- --------
0000000000000006        1        0        0        0        4      312        0
0000000000000006        2       27     3503        0       25     3383        0
0000000000000006        3       21     2714        0       25     3383        0
datapath         in-port  eth-dst           out-port packets  bytes
---------------- -------- ----------------- -------- -------- --------
datapath         port     rx-pkts  rx-bytes rx-error tx-pkts  tx-bytes tx-error
---------------- -------- -------- -------- -------- -------- -------- --------
0000000000000003        1        0        0        0        5      390        0
0000000000000003        2       27     3503        0       23     2834        0
0000000000000003        3       21     2714        0       26     3443        0
datapath         in-port  eth-dst           out-port packets  bytes
---------------- -------- ----------------- -------- -------- --------
datapath         port     rx-pkts  rx-bytes rx-error tx-pkts  tx-bytes tx-error
---------------- -------- -------- -------- -------- -------- -------- --------
0000000000000001        1        0        0        0        5      390        0
0000000000000001        2       23     2834        0       27     3503        0
0000000000000001        3       27     3503        0       25     2954        0
0000000000000001        4       22     2774        0       27     3503        0
0000000000000001        5       25     3383        0       27     3503        0
datapath         in-port  eth-dst           out-port packets  bytes
---------------- -------- ----------------- -------- -------- --------
datapath         port     rx-pkts  rx-bytes rx-error tx-pkts  tx-bytes tx-error
---------------- -------- -------- -------- -------- -------- -------- --------
0000000000000008        1        0        0        0        4      312        0
0000000000000008        2       26     3443        0       25     3383        0
0000000000000008        3       26     3443        0       25     3383        0
0000000000000008        4       24     3323        0       25     3383        0
datapath         in-port  eth-dst           out-port packets  bytes
---------------- -------- ----------------- -------- -------- --------
==================================== link detector ====================================

----------------------------
src    dst :    delay
3 <---> 1 : 5.8422088623046875
3 <---> 9 : 4.722356796264648
1 <---> 3 : 6.188869476318359
1 <---> 4 : 145.78533172607422
1 <---> 5 : 12.074708938598633
1 <---> 6 : 6.005764007568359
4 <---> 1 : 59.5700740814209
4 <---> 10 : 2.5467872619628906
5 <---> 1 : 3.3409595489501953
5 <---> 7 : 6.699800491333008
5 <---> 8 : 95.16572952270508
5 <---> 9 : 72.74556159973145
6 <---> 1 : 2.6559829711914062
6 <---> 9 : 5.478620529174805
7 <---> 2 : 2.7561187744140625
7 <---> 5 : 38.06447982788086
7 <---> 10 : 5.16200065612793
2 <---> 7 : 105.36432266235352
2 <---> 8 : 44.20137405395508
8 <---> 2 : 3.2825469970703125
8 <---> 5 : 3.000974655151367
8 <---> 10 : 3.1311511993408203
9 <---> 3 : 4.630088806152344
9 <---> 5 : 24.251699447631836
9 <---> 6 : 4.014730453491211
10 <---> 8 : 26.857614517211914
10 <---> 4 : 7.029056549072266
10 <---> 7 : 5.249500274658203
==================================== link detector ====================================

----------------------------
src    dst :    delay
3 <---> 1 : 5.267620086669922
3 <---> 9 : 5.211353302001953
1 <---> 3 : 5.299568176269531
1 <---> 4 : 5.222797393798828
1 <---> 5 : 6.076812744140625
1 <---> 6 : 6.224393844604492
4 <---> 1 : 50.62460899353027
4 <---> 10 : 3.4432411193847656
5 <---> 1 : 4.282712936401367
5 <---> 7 : 5.806684494018555
5 <---> 8 : 69.84686851501465
5 <---> 9 : 50.314903259277344
6 <---> 1 : 2.9959678649902344
6 <---> 9 : 56.9615364074707
7 <---> 2 : 2.8371810913085938
7 <---> 5 : 28.95522117614746
7 <---> 10 : 5.290746688842773
2 <---> 7 : 91.35007858276367
2 <---> 8 : 23.290634155273438
8 <---> 2 : 4.4879913330078125
8 <---> 5 : 2.838611602783203
8 <---> 10 : 4.970312118530273
9 <---> 3 : 70.28579711914062
9 <---> 5 : 8.327245712280273
9 <---> 6 : 2.9425621032714844
10 <---> 8 : 8.622884750366211
10 <---> 4 : 79.74123954772949
10 <---> 7 : 5.8307647705078125
datapath         port     rx-pkts  rx-bytes rx-error tx-pkts  tx-bytes tx-error
---------------- -------- -------- -------- -------- -------- -------- --------
0000000000000003        1        0        0        0        7      546        0
0000000000000003        2       29     3623        0       25     2954        0
0000000000000003        3       24     2894        0       29     3623        0
datapath         in-port  eth-dst           out-port packets  bytes
---------------- -------- ----------------- -------- -------- --------
discovery--->==================================== discovery ====================================
discovery---> cls: [(3, 1), (3, 9), (1, 4), (1, 5), (1, 6), (4, 10), (5, 7), (5, 8), (5, 9), (6, 9), (7, 2), (7, 10), (2, 8), (8, 10)]
discovery---> access_table: {}
discovery--->=============================================================================
datapath         port     rx-pkts  rx-bytes rx-error tx-pkts  tx-bytes tx-error
---------------- -------- -------- -------- -------- -------- -------- --------
0000000000000001        1        0        0        0        8      624        0
0000000000000001        2       25     2954        0       29     3623        0
0000000000000001        3       29     3623        0       27     3074        0
0000000000000001        4       25     2954        0       30     3683        0
0000000000000001        5       28     3563        0       30     3683        0
datapath         in-port  eth-dst           out-port packets  bytes
---------------- -------- ----------------- -------- -------- --------
datapath         port     rx-pkts  rx-bytes rx-error tx-pkts  tx-bytes tx-error
---------------- -------- -------- -------- -------- -------- -------- --------
0000000000000009        1        0        0        0        6      468        0
0000000000000009        2       29     3623        0       24     2894        0
0000000000000009        3       29     3623        0       27     3420        0
0000000000000009        4       28     3563        0       24     2894        0
datapath         in-port  eth-dst           out-port packets  bytes
---------------- -------- ----------------- -------- -------- --------
datapath         port     rx-pkts  rx-bytes rx-error tx-pkts  tx-bytes tx-error
---------------- -------- -------- -------- -------- -------- -------- --------
0000000000000008        1        0        0        0        6      468        0
0000000000000008        2       29     3623        0       27     3503        0
0000000000000008        3       28     3563        0       27     3503        0
0000000000000008        4       27     3503        0       28     3563        0
datapath         in-port  eth-dst           out-port packets  bytes
---------------- -------- ----------------- -------- -------- --------
datapath         port     rx-pkts  rx-bytes rx-error tx-pkts  tx-bytes tx-error
---------------- -------- -------- -------- -------- -------- -------- --------
0000000000000002        1        0        0        0        8      624        0
0000000000000002        2       27     3503        0       25     2811        0
0000000000000002        3       27     3503        0       29     3623        0
datapath         in-port  eth-dst           out-port packets  bytes
---------------- -------- ----------------- -------- -------- --------
datapath         port     rx-pkts  rx-bytes rx-error tx-pkts  tx-bytes tx-error
---------------- -------- -------- -------- -------- -------- -------- --------
0000000000000007        1        0        0        0        6      468        0
0000000000000007        2       25     2811        0       27     3503        0
0000000000000007        3       28     3563        0       27     3503        0
0000000000000007        4       27     3503        0       27     3392        0
datapath         in-port  eth-dst           out-port packets  bytes
---------------- -------- ----------------- -------- -------- --------
datapath         port     rx-pkts  rx-bytes rx-error tx-pkts  tx-bytes tx-error
---------------- -------- -------- -------- -------- -------- -------- --------
0000000000000006        1        0        0        0        7      546        0
0000000000000006        2       30     3683        0       28     3563        0
0000000000000006        3       24     2894        0       28     3563        0
datapath         in-port  eth-dst           out-port packets  bytes
---------------- -------- ----------------- -------- -------- --------
datapath         port     rx-pkts  rx-bytes rx-error tx-pkts  tx-bytes tx-error
---------------- -------- -------- -------- -------- -------- -------- --------
0000000000000005        1        0        0        0        7      546        0
0000000000000005        2       30     3683        0       25     2954        0
0000000000000005        3       27     3503        0       28     3563        0
0000000000000005        4       27     3503        0       28     3563        0
0000000000000005        5       27     3420        0       29     3623        0
datapath         in-port  eth-dst           out-port packets  bytes
---------------- -------- ----------------- -------- -------- --------
datapath         port     rx-pkts  rx-bytes rx-error tx-pkts  tx-bytes tx-error
---------------- -------- -------- -------- -------- -------- -------- --------
0000000000000004        1        0        0        0        8      624        0
0000000000000004        2       27     3074        0       29     3623        0
0000000000000004        3       27     3503        0       29     3593        0
datapath         in-port  eth-dst           out-port packets  bytes
---------------- -------- ----------------- -------- -------- --------
datapath         port     rx-pkts  rx-bytes rx-error tx-pkts  tx-bytes tx-error
---------------- -------- -------- -------- -------- -------- -------- --------
000000000000000a        1        0        0        0        6      468        0
000000000000000a        2       29     3593        0       27     3503        0
000000000000000a        3       27     3392        0       27     3503        0
000000000000000a        4       28     3563        0       27     3503        0
datapath         in-port  eth-dst           out-port packets  bytes
---------------- -------- ----------------- -------- -------- --------
==================================== link detector ====================================

----------------------------
src    dst :    delay
3 <---> 1 : 4.020214080810547
3 <---> 9 : 2.635955810546875
1 <---> 3 : 4.1942596435546875
1 <---> 4 : 8.651971817016602
1 <---> 5 : 6.726264953613281
1 <---> 6 : 10.48421859741211
4 <---> 1 : 65.45591354370117
4 <---> 10 : 20.93672752380371
5 <---> 1 : 3.1807422637939453
5 <---> 7 : 7.7877044677734375
5 <---> 8 : 8.984804153442383
5 <---> 9 : 5.641698837280273
6 <---> 1 : 105.53407669067383
6 <---> 9 : 3.6580562591552734
7 <---> 2 : 7.289409637451172
7 <---> 5 : 46.884775161743164
7 <---> 10 : 6.065845489501953
2 <---> 7 : 6.589174270629883
2 <---> 8 : 72.81208038330078
8 <---> 2 : 4.141092300415039
8 <---> 5 : 2.9523372650146484
8 <---> 10 : 2.5043487548828125
9 <---> 3 : 6.737947463989258
9 <---> 5 : 6.930351257324219
9 <---> 6 : 22.98593521118164
10 <---> 8 : 5.599260330200195
10 <---> 4 : 3.584623336791992
10 <---> 7 : 2.8963088989257812
==================================== link detector ====================================

----------------------------
src    dst :    delay
3 <---> 1 : 5.244731903076172
3 <---> 9 : 5.072116851806641
1 <---> 3 : 5.266904830932617
1 <---> 4 : 5.926847457885742
1 <---> 5 : 6.317853927612305
1 <---> 6 : 6.87408447265625
4 <---> 1 : 5.526542663574219
4 <---> 10 : 7.421255111694336
5 <---> 1 : 7.191896438598633
5 <---> 7 : 6.055593490600586
5 <---> 8 : 5.700588226318359
5 <---> 9 : 5.785942077636719
6 <---> 1 : 6.264209747314453
6 <---> 9 : 5.527734756469727
7 <---> 2 : 5.501508712768555
7 <---> 5 : 5.868196487426758
7 <---> 10 : 6.090641021728516
2 <---> 7 : 5.718231201171875
2 <---> 8 : 10.324239730834961
8 <---> 2 : 7.6847076416015625
8 <---> 5 : 6.610870361328125
8 <---> 10 : 6.703376770019531
9 <---> 3 : 5.202531814575195
9 <---> 5 : 6.64973258972168
9 <---> 6 : 5.734682083129883
10 <---> 8 : 5.053997039794922
10 <---> 4 : 5.249977111816406
10 <---> 7 : 5.876779556274414
datapath         port     rx-pkts  rx-bytes rx-error tx-pkts  tx-bytes tx-error
---------------- -------- -------- -------- -------- -------- -------- --------
0000000000000002        1        0        0        0       10      780        0
0000000000000002        2       30     3683        0       28     2991        0
0000000000000002        3       30     3683        0       32     3803        0
datapath         in-port  eth-dst           out-port packets  bytes
---------------- -------- ----------------- -------- -------- --------
datapath         port     rx-pkts  rx-bytes rx-error tx-pkts  tx-bytes tx-error
---------------- -------- -------- -------- -------- -------- -------- --------
0000000000000003        1        0        0        0       10      780        0
0000000000000003        2       33     3873        0       28     3134        0
0000000000000003        3       26     3014        0       31     3743        0
datapath         in-port  eth-dst           out-port packets  bytes
---------------- -------- ----------------- -------- -------- --------
datapath         port     rx-pkts  rx-bytes rx-error tx-pkts  tx-bytes tx-error
---------------- -------- -------- -------- -------- -------- -------- --------
0000000000000005        1        0        0        0       10      780        0
0000000000000005        2       33     3863        0       28     3134        0
0000000000000005        3       30     3683        0       31     3743        0
0000000000000005        4       30     3683        0       31     3743        0
0000000000000005        5       29     3540        0       31     3743        0
datapath         in-port  eth-dst           out-port packets  bytes
---------------- -------- ----------------- -------- -------- --------
datapath         port     rx-pkts  rx-bytes rx-error tx-pkts  tx-bytes tx-error
---------------- -------- -------- -------- -------- -------- -------- --------
000000000000000a        1        0        0        0        8      624        0
000000000000000a        2       31     3713        0       29     3623        0
000000000000000a        3       30     3572        0       29     3623        0
000000000000000a        4       30     3683        0       29     3623        0
datapath         in-port  eth-dst           out-port packets  bytes
---------------- -------- ----------------- -------- -------- --------
datapath         port     rx-pkts  rx-bytes rx-error tx-pkts  tx-bytes tx-error
---------------- -------- -------- -------- -------- -------- -------- --------
0000000000000004        1        0        0        0       11      858        0
0000000000000004        2       30     3254        0       32     3803        0
0000000000000004        3       29     3623        0       31     3713        0
datapath         in-port  eth-dst           out-port packets  bytes
---------------- -------- ----------------- -------- -------- --------
datapath         port     rx-pkts  rx-bytes rx-error tx-pkts  tx-bytes tx-error
---------------- -------- -------- -------- -------- -------- -------- --------
0000000000000007        1        0        0        0        9      702        0
0000000000000007        2       28     2991        0       30     3683        0
0000000000000007        3       31     3743        0       30     3683        0
0000000000000007        4       29     3623        0       30     3572        0
datapath         in-port  eth-dst           out-port packets  bytes
---------------- -------- ----------------- -------- -------- --------
datapath         port     rx-pkts  rx-bytes rx-error tx-pkts  tx-bytes tx-error
---------------- -------- -------- -------- -------- -------- -------- --------
0000000000000009        1        0        0        0        8      624        0
0000000000000009        2       31     3743        0       26     3014        0
0000000000000009        3       31     3743        0       29     3540        0
0000000000000009        4       30     3683        0       26     3014        0
datapath         in-port  eth-dst           out-port packets  bytes
---------------- -------- ----------------- -------- -------- --------
datapath         port     rx-pkts  rx-bytes rx-error tx-pkts  tx-bytes tx-error
---------------- -------- -------- -------- -------- -------- -------- --------
0000000000000006        1        0        0        0        9      702        0
0000000000000006        2       32     3803        0       30     3683        0
0000000000000006        3       26     3014        0       30     3683        0
datapath         in-port  eth-dst           out-port packets  bytes
---------------- -------- ----------------- -------- -------- --------
datapath         port     rx-pkts  rx-bytes rx-error tx-pkts  tx-bytes tx-error
---------------- -------- -------- -------- -------- -------- -------- --------
0000000000000001        1        0        0        0       11      858        0
0000000000000001        2       28     3134        0       33     3873        0
0000000000000001        3       32     3803        0       30     3254        0
0000000000000001        4       28     3134        0       33     3863        0
0000000000000001        5       30     3683        0       32     3803        0
datapath         in-port  eth-dst           out-port packets  bytes
---------------- -------- ----------------- -------- -------- --------
datapath         port     rx-pkts  rx-bytes rx-error tx-pkts  tx-bytes tx-error
---------------- -------- -------- -------- -------- -------- -------- --------
0000000000000008        1        0        0        0        9      702        0
0000000000000008        2       32     3803        0       30     3683        0
0000000000000008        3       31     3743        0       30     3683        0
0000000000000008        4       29     3623        0       30     3683        0
datapath         in-port  eth-dst           out-port packets  bytes
---------------- -------- ----------------- -------- -------- --------
discovery--->==================================== discovery ====================================
discovery---> cls: [(3, 1), (3, 9), (1, 4), (1, 5), (1, 6), (4, 10), (5, 7), (5, 8), (5, 9), (6, 9), (7, 2), (7, 10), (2, 8), (8, 10)]
discovery---> access_table: {}
discovery--->=============================================================================
==================================== link detector ====================================

----------------------------
src    dst :    delay
3 <---> 1 : 5.404472351074219
3 <---> 9 : 2.3851394653320312
1 <---> 3 : 5.664587020874023
1 <---> 4 : 5.179166793823242
1 <---> 5 : 6.428956985473633
1 <---> 6 : 5.465984344482422
4 <---> 1 : 5.414724349975586
4 <---> 10 : 4.968881607055664
5 <---> 1 : 8.809089660644531
5 <---> 7 : 6.907224655151367
5 <---> 8 : 7.66754150390625
5 <---> 9 : 3.9174556732177734
6 <---> 1 : 5.934000015258789
6 <---> 9 : 2.719402313232422
7 <---> 2 : 5.226373672485352
7 <---> 5 : 8.036375045776367
7 <---> 10 : 5.480766296386719
2 <---> 7 : 6.218671798706055
2 <---> 8 : 7.384300231933594
8 <---> 2 : 5.190610885620117
8 <---> 5 : 5.519628524780273
8 <---> 10 : 5.130767822265625
9 <---> 3 : 2.7213096618652344
9 <---> 5 : 5.084753036499023
9 <---> 6 : 4.619121551513672
10 <---> 8 : 4.91023063659668
10 <---> 4 : 5.208492279052734
10 <---> 7 : 5.327939987182617
==================================== link detector ====================================

----------------------------
src    dst :    delay
3 <---> 1 : 5.817413330078125
3 <---> 9 : 4.914999008178711
1 <---> 3 : 5.625486373901367
1 <---> 4 : 5.865335464477539
1 <---> 5 : 18.643617630004883
1 <---> 6 : 5.76019287109375
4 <---> 1 : 5.096912384033203
4 <---> 10 : 4.966974258422852
5 <---> 1 : 6.467580795288086
5 <---> 7 : 6.125211715698242
5 <---> 8 : 5.897283554077148
5 <---> 9 : 6.483316421508789
6 <---> 1 : 6.515264511108398
6 <---> 9 : 5.403757095336914
7 <---> 2 : 5.362272262573242
7 <---> 5 : 6.384849548339844
7 <---> 10 : 7.390022277832031
2 <---> 7 : 5.522012710571289
2 <---> 8 : 5.508661270141602
8 <---> 2 : 4.98652458190918
8 <---> 5 : 5.503177642822266
8 <---> 10 : 5.203723907470703
9 <---> 3 : 4.698276519775391
9 <---> 5 : 5.434989929199219
9 <---> 6 : 5.807638168334961
10 <---> 8 : 4.802227020263672
10 <---> 4 : 6.200551986694336
10 <---> 7 : 6.9370269775390625
datapath         port     rx-pkts  rx-bytes rx-error tx-pkts  tx-bytes tx-error
---------------- -------- -------- -------- -------- -------- -------- --------
000000000000000a        1        0        0        0       11      858        0
000000000000000a        2       36     4166        0       33     3873        0
000000000000000a        3       35     4025        0       32     3803        0
000000000000000a        4       34     3933        0       33     3873        0
datapath         in-port  eth-dst           out-port packets  bytes
---------------- -------- ----------------- -------- -------- --------
datapath         port     rx-pkts  rx-bytes rx-error tx-pkts  tx-bytes tx-error
---------------- -------- -------- -------- -------- -------- -------- --------
0000000000000005        1        0        0        0       12      936        0
0000000000000005        2       36     4186        0       32     3527        0
0000000000000005        3       35     4136        0       35     4136        0
0000000000000005        4       34     4076        0       33     3863        0
0000000000000005        5       34     3993        0       35     3993        0
datapath         in-port  eth-dst           out-port packets  bytes
---------------- -------- ----------------- -------- -------- --------
datapath         port     rx-pkts  rx-bytes rx-error tx-pkts  tx-bytes tx-error
---------------- -------- -------- -------- -------- -------- -------- --------
0000000000000002        1        0        0        0       13     1014        0
0000000000000002        2       35     4136        0       31     3181        0
0000000000000002        3       34     4076        0       36     4196        0
datapath         in-port  eth-dst           out-port packets  bytes
---------------- -------- ----------------- -------- -------- --------
datapath         port     rx-pkts  rx-bytes rx-error tx-pkts  tx-bytes tx-error
---------------- -------- -------- -------- -------- -------- -------- --------
0000000000000007        1        0        0        0       11      858        0
0000000000000007        2       31     3181        0       35     4136        0
0000000000000007        3       35     4136        0       35     4136        0
0000000000000007        4       32     3803        0       35     4025        0
datapath         in-port  eth-dst           out-port packets  bytes
---------------- -------- ----------------- -------- -------- --------
datapath         port     rx-pkts  rx-bytes rx-error tx-pkts  tx-bytes tx-error
---------------- -------- -------- -------- -------- -------- -------- --------
0000000000000001        1        0        0        0       13     1014        0
0000000000000001        2       33     3587        0       36     4196        0
0000000000000001        3       36     4196        0       34     3647        0
0000000000000001        4       32     3527        0       36     4186        0
0000000000000001        5       35     4136        0       37     4256        0
datapath         in-port  eth-dst           out-port packets  bytes
---------------- -------- ----------------- -------- -------- --------
datapath         port     rx-pkts  rx-bytes rx-error tx-pkts  tx-bytes tx-error
---------------- -------- -------- -------- -------- -------- -------- --------
0000000000000006        1        0        0        0       12      936        0
0000000000000006        2       37     4256        0       35     4136        0
0000000000000006        3       29     3194        0       34     3933        0
datapath         in-port  eth-dst           out-port packets  bytes
---------------- -------- ----------------- -------- -------- --------
datapath         port     rx-pkts  rx-bytes rx-error tx-pkts  tx-bytes tx-error
---------------- -------- -------- -------- -------- -------- -------- --------
0000000000000003        1        0        0        0       13     1014        0
0000000000000003        2       36     4196        0       33     3587        0
0000000000000003        3       30     3264        0       36     4196        0
datapath         in-port  eth-dst           out-port packets  bytes
---------------- -------- ----------------- -------- -------- --------
datapath         port     rx-pkts  rx-bytes rx-error tx-pkts  tx-bytes tx-error
---------------- -------- -------- -------- -------- -------- -------- --------
0000000000000004        1        0        0        0       13     1014        0
0000000000000004        2       34     3647        0       36     4196        0
0000000000000004        3       33     3873        0       36     4166        0
datapath         in-port  eth-dst           out-port packets  bytes
---------------- -------- ----------------- -------- -------- --------
datapath         port     rx-pkts  rx-bytes rx-error tx-pkts  tx-bytes tx-error
---------------- -------- -------- -------- -------- -------- -------- --------
0000000000000009        1        0        0        0       11      858        0
0000000000000009        2       36     4196        0       30     3264        0
0000000000000009        3       35     3993        0       34     3993        0
0000000000000009        4       34     3933        0       29     3194        0
datapath         in-port  eth-dst           out-port packets  bytes
---------------- -------- ----------------- -------- -------- --------
datapath         port     rx-pkts  rx-bytes rx-error tx-pkts  tx-bytes tx-error
---------------- -------- -------- -------- -------- -------- -------- --------
0000000000000008        1        0        0        0       11      858        0
0000000000000008        2       36     4196        0       34     4076        0
0000000000000008        3       33     3863        0       34     4076        0
0000000000000008        4       33     3873        0       34     3933        0
datapath         in-port  eth-dst           out-port packets  bytes
---------------- -------- ----------------- -------- -------- --------
discovery--->==================================== discovery ====================================
discovery---> cls: [(3, 1), (3, 9), (1, 4), (1, 5), (1, 6), (4, 10), (5, 7), (5, 8), (5, 9), (6, 9), (7, 2), (7, 10), (2, 8), (8, 10)]
discovery---> access_table: {}
discovery--->=============================================================================
==================================== link detector ====================================

----------------------------
src    dst :    delay
3 <---> 1 : 5.23686408996582
3 <---> 9 : 4.490375518798828
1 <---> 3 : 3.329753875732422
1 <---> 4 : 5.454778671264648
1 <---> 5 : 6.174802780151367
1 <---> 6 : 6.793498992919922
4 <---> 1 : 3.469228744506836
4 <---> 10 : 2.577066421508789
5 <---> 1 : 5.3997039794921875
5 <---> 7 : 5.888700485229492
5 <---> 8 : 5.515575408935547
5 <---> 9 : 5.590677261352539
6 <---> 1 : 7.279157638549805
6 <---> 9 : 5.133867263793945
7 <---> 2 : 6.207466125488281
7 <---> 5 : 5.9604644775390625
7 <---> 10 : 5.955219268798828
2 <---> 7 : 9.42540168762207
2 <---> 8 : 7.646083831787109
8 <---> 2 : 3.7698745727539062
8 <---> 5 : 2.6445388793945312
8 <---> 10 : 6.049156188964844
9 <---> 3 : 7.297515869140625
9 <---> 5 : 5.860567092895508
9 <---> 6 : 6.280660629272461
10 <---> 8 : 5.010128021240234
10 <---> 4 : 4.901647567749023
10 <---> 7 : 5.850791931152344
==================================== link detector ====================================

----------------------------
src    dst :    delay
3 <---> 1 : 5.115747451782227
3 <---> 9 : 5.0029754638671875
1 <---> 3 : 6.288766860961914
1 <---> 4 : 5.95402717590332
1 <---> 5 : 6.41632080078125
1 <---> 6 : 5.961894989013672
4 <---> 1 : 5.932092666625977
4 <---> 10 : 5.439043045043945
5 <---> 1 : 6.314992904663086
5 <---> 7 : 6.384611129760742
5 <---> 8 : 5.591630935668945
5 <---> 9 : 5.460500717163086
6 <---> 1 : 5.54347038269043
6 <---> 9 : 5.817174911499023
7 <---> 2 : 5.26881217956543
7 <---> 5 : 8.160591125488281
7 <---> 10 : 5.955696105957031
2 <---> 7 : 5.431175231933594
2 <---> 8 : 5.015134811401367
8 <---> 2 : 4.794597625732422
8 <---> 5 : 4.79578971862793
8 <---> 10 : 5.033016204833984
9 <---> 3 : 5.077600479125977
9 <---> 5 : 4.49824333190918
9 <---> 6 : 17.35210418701172
10 <---> 8 : 5.9261322021484375
10 <---> 4 : 5.709171295166016
10 <---> 7 : 5.621194839477539
datapath         port     rx-pkts  rx-bytes rx-error tx-pkts  tx-bytes tx-error
---------------- -------- -------- -------- -------- -------- -------- --------
0000000000000003        1        0        0        0       15     1170        0
0000000000000003        2       39     4376        0       35     3707        0
0000000000000003        3       34     3647        0       39     4376        0
datapath         in-port  eth-dst           out-port packets  bytes
---------------- -------- ----------------- -------- -------- --------
datapath         port     rx-pkts  rx-bytes rx-error tx-pkts  tx-bytes tx-error
---------------- -------- -------- -------- -------- -------- -------- --------
0000000000000004        1        0        0        0       16     1248        0
0000000000000004        2       37     3827        0       39     4376        0
0000000000000004        3       36     4196        0       37     4226        0
datapath         in-port  eth-dst           out-port packets  bytes
---------------- -------- ----------------- -------- -------- --------
datapath         port     rx-pkts  rx-bytes rx-error tx-pkts  tx-bytes tx-error
---------------- -------- -------- -------- -------- -------- -------- --------
0000000000000007        1        0        0        0       14     1092        0
0000000000000007        2       35     3564        0       37     4256        0
0000000000000007        3       38     4316        0       37     4256        0
0000000000000007        4       36     4196        0       37     4145        0
datapath         in-port  eth-dst           out-port packets  bytes
---------------- -------- ----------------- -------- -------- --------
datapath         port     rx-pkts  rx-bytes rx-error tx-pkts  tx-bytes tx-error
---------------- -------- -------- -------- -------- -------- -------- --------
0000000000000001        1        0        0        0       16     1248        0
0000000000000001        2       35     3707        0       39     4376        0
0000000000000001        3       39     4376        0       37     3827        0
0000000000000001        4       35     3707        0       40     4436        0
0000000000000001        5       37     4256        0       39     4376        0
datapath         in-port  eth-dst           out-port packets  bytes
---------------- -------- ----------------- -------- -------- --------
datapath         port     rx-pkts  rx-bytes rx-error tx-pkts  tx-bytes tx-error
---------------- -------- -------- -------- -------- -------- -------- --------
0000000000000009        1        0        0        0       14     1092        0
0000000000000009        2       39     4376        0       34     3647        0
0000000000000009        3       38     4316        0       37     4173        0
0000000000000009        4       37     4256        0       34     3647        0
datapath         in-port  eth-dst           out-port packets  bytes
---------------- -------- ----------------- -------- -------- --------
datapath         port     rx-pkts  rx-bytes rx-error tx-pkts  tx-bytes tx-error
---------------- -------- -------- -------- -------- -------- -------- --------
0000000000000006        1        0        0        0       14     1092        0
0000000000000006        2       39     4376        0       37     4256        0
0000000000000006        3       34     3647        0       37     4256        0
datapath         in-port  eth-dst           out-port packets  bytes
---------------- -------- ----------------- -------- -------- --------
datapath         port     rx-pkts  rx-bytes rx-error tx-pkts  tx-bytes tx-error
---------------- -------- -------- -------- -------- -------- -------- --------
0000000000000005        1        0        0        0       15     1170        0
0000000000000005        2       40     4436        0       35     3707        0
0000000000000005        3       37     4256        0       38     4316        0
0000000000000005        4       37     4256        0       38     4316        0
0000000000000005        5       37     4173        0       38     4316        0
datapath         in-port  eth-dst           out-port packets  bytes
---------------- -------- ----------------- -------- -------- --------
datapath         port     rx-pkts  rx-bytes rx-error tx-pkts  tx-bytes tx-error
---------------- -------- -------- -------- -------- -------- -------- --------
000000000000000a        1        0        0        0       13     1014        0
000000000000000a        2       37     4226        0       36     4196        0
000000000000000a        3       37     4145        0       36     4196        0
000000000000000a        4       37     4256        0       36     4196        0
datapath         in-port  eth-dst           out-port packets  bytes
---------------- -------- ----------------- -------- -------- --------
datapath         port     rx-pkts  rx-bytes rx-error tx-pkts  tx-bytes tx-error
---------------- -------- -------- -------- -------- -------- -------- --------
0000000000000008        1        0        0        0       14     1092        0
0000000000000008        2       39     4376        0       37     4256        0
0000000000000008        3       38     4316        0       37     4256        0
0000000000000008        4       36     4196        0       37     4256        0
datapath         in-port  eth-dst           out-port packets  bytes
---------------- -------- ----------------- -------- -------- --------
datapath         port     rx-pkts  rx-bytes rx-error tx-pkts  tx-bytes tx-error
---------------- -------- -------- -------- -------- -------- -------- --------
0000000000000002        1        0        0        0       15     1170        0
0000000000000002        2       37     4256        0       35     3564        0
0000000000000002        3       37     4256        0       39     4376        0
datapath         in-port  eth-dst           out-port packets  bytes
---------------- -------- ----------------- -------- -------- --------
discovery--->==================================== discovery ====================================
discovery---> cls: [(3, 1), (3, 9), (1, 4), (1, 5), (1, 6), (4, 10), (5, 7), (5, 8), (5, 9), (6, 9), (7, 2), (7, 10), (2, 8), (8, 10)]
discovery---> access_table: {}
discovery--->=============================================================================
==================================== link detector ====================================

----------------------------
src    dst :    delay
3 <---> 1 : 5.87773323059082
3 <---> 9 : 4.445314407348633
1 <---> 3 : 5.357503890991211
1 <---> 4 : 6.550788879394531
1 <---> 5 : 6.48808479309082
1 <---> 6 : 3.192901611328125
4 <---> 1 : 5.0296783447265625
4 <---> 10 : 6.164789199829102
5 <---> 1 : 7.07554817199707
5 <---> 7 : 6.205320358276367
5 <---> 8 : 5.587577819824219
5 <---> 9 : 5.5408477783203125
6 <---> 1 : 5.864858627319336
6 <---> 9 : 5.496978759765625
7 <---> 2 : 6.859540939331055
7 <---> 5 : 6.011247634887695
7 <---> 10 : 5.962610244750977
2 <---> 7 : 5.5179595947265625
2 <---> 8 : 5.555868148803711
8 <---> 2 : 4.759550094604492
8 <---> 5 : 6.6890716552734375
8 <---> 10 : 5.027532577514648
9 <---> 3 : 5.621910095214844
9 <---> 5 : 5.110979080200195
9 <---> 6 : 5.936861038208008
10 <---> 8 : 5.855798721313477
10 <---> 4 : 2.708911895751953
10 <---> 7 : 3.192424774169922
==================================== link detector ====================================

----------------------------
src    dst :    delay
3 <---> 1 : 5.073070526123047
3 <---> 9 : 5.074739456176758
1 <---> 3 : 5.130290985107422
1 <---> 4 : 5.202293395996094
1 <---> 5 : 6.2427520751953125
1 <---> 6 : 6.245136260986328
4 <---> 1 : 5.282163619995117
4 <---> 10 : 6.097555160522461
5 <---> 1 : 6.056547164916992
5 <---> 7 : 6.064176559448242
5 <---> 8 : 5.475521087646484
5 <---> 9 : 6.646394729614258
6 <---> 1 : 5.737066268920898
6 <---> 9 : 5.660057067871094
7 <---> 2 : 5.583047866821289
7 <---> 5 : 6.279230117797852
7 <---> 10 : 6.480693817138672
2 <---> 7 : 5.705356597900391
2 <---> 8 : 4.795074462890625
8 <---> 2 : 4.727602005004883
8 <---> 5 : 5.83648681640625
8 <---> 10 : 6.278038024902344
9 <---> 3 : 7.450342178344727
9 <---> 5 : 5.488157272338867
9 <---> 6 : 5.545854568481445
10 <---> 8 : 5.732059478759766
10 <---> 4 : 4.924535751342773
10 <---> 7 : 5.578756332397461
datapath         port     rx-pkts  rx-bytes rx-error tx-pkts  tx-bytes tx-error
---------------- -------- -------- -------- -------- -------- -------- --------
0000000000000009        1        0        0        0       16     1248        0
0000000000000009        2       41     4496        0       36     3767        0
0000000000000009        3       41     4496        0       39     4293        0
0000000000000009        4       40     4436        0       36     3767        0
datapath         in-port  eth-dst           out-port packets  bytes
---------------- -------- ----------------- -------- -------- --------
datapath         port     rx-pkts  rx-bytes rx-error tx-pkts  tx-bytes tx-error
---------------- -------- -------- -------- -------- -------- -------- --------
000000000000000a        1        0        0        0       16     1248        0
000000000000000a        2       40     4406        0       39     4376        0
000000000000000a        3       40     4325        0       39     4376        0
000000000000000a        4       40     4436        0       39     4376        0
datapath         in-port  eth-dst           out-port packets  bytes
---------------- -------- ----------------- -------- -------- --------
datapath         port     rx-pkts  rx-bytes rx-error tx-pkts  tx-bytes tx-error
---------------- -------- -------- -------- -------- -------- -------- --------
0000000000000002        1        0        0        0       18     1404        0
0000000000000002        2       40     4436        0       38     3744        0
0000000000000002        3       39     4376        0       41     4496        0
datapath         in-port  eth-dst           out-port packets  bytes
---------------- -------- ----------------- -------- -------- --------
datapath         port     rx-pkts  rx-bytes rx-error tx-pkts  tx-bytes tx-error
---------------- -------- -------- -------- -------- -------- -------- --------
0000000000000007        1        0        0        0       17     1326        0
0000000000000007        2       38     3744        0       40     4436        0
0000000000000007        3       41     4496        0       40     4436        0
0000000000000007        4       39     4376        0       40     4325        0
datapath         in-port  eth-dst           out-port packets  bytes
---------------- -------- ----------------- -------- -------- --------
datapath         port     rx-pkts  rx-bytes rx-error tx-pkts  tx-bytes tx-error
---------------- -------- -------- -------- -------- -------- -------- --------
0000000000000005        1        0        0        0       17     1326        0
0000000000000005        2       42     4556        0       37     3827        0
0000000000000005        3       40     4436        0       41     4496        0
0000000000000005        4       39     4376        0       40     4436        0
0000000000000005        5       39     4293        0       41     4496        0
datapath         in-port  eth-dst           out-port packets  bytes
---------------- -------- ----------------- -------- -------- --------
datapath         port     rx-pkts  rx-bytes rx-error tx-pkts  tx-bytes tx-error
---------------- -------- -------- -------- -------- -------- -------- --------
0000000000000003        1        0        0        0       18     1404        0
0000000000000003        2       42     4556        0       38     3887        0
0000000000000003        3       36     3767        0       41     4496        0
datapath         in-port  eth-dst           out-port packets  bytes
---------------- -------- ----------------- -------- -------- --------
datapath         port     rx-pkts  rx-bytes rx-error tx-pkts  tx-bytes tx-error
---------------- -------- -------- -------- -------- -------- -------- --------
0000000000000006        1        0        0        0       17     1326        0
0000000000000006        2       42     4556        0       40     4436        0
0000000000000006        3       36     3767        0       40     4436        0
datapath         in-port  eth-dst           out-port packets  bytes
---------------- -------- ----------------- -------- -------- --------
datapath         port     rx-pkts  rx-bytes rx-error tx-pkts  tx-bytes tx-error
---------------- -------- -------- -------- -------- -------- -------- --------
0000000000000004        1        0        0        0       18     1404        0
0000000000000004        2       39     3947        0       42     4556        0
0000000000000004        3       39     4376        0       40     4406        0
datapath         in-port  eth-dst           out-port packets  bytes
---------------- -------- ----------------- -------- -------- --------
datapath         port     rx-pkts  rx-bytes rx-error tx-pkts  tx-bytes tx-error
---------------- -------- -------- -------- -------- -------- -------- --------
0000000000000001        1        0        0        0       18     1404        0
0000000000000001        2       38     3887        0       42     4556        0
0000000000000001        3       42     4556        0       39     3947        0
0000000000000001        4       37     3827        0       42     4556        0
0000000000000001        5       40     4436        0       42     4556        0
datapath         in-port  eth-dst           out-port packets  bytes
---------------- -------- ----------------- -------- -------- --------
datapath         port     rx-pkts  rx-bytes rx-error tx-pkts  tx-bytes tx-error
---------------- -------- -------- -------- -------- -------- -------- --------
0000000000000008        1        0        0        0       16     1248        0
0000000000000008        2       41     4496        0       39     4376        0
0000000000000008        3       40     4436        0       39     4376        0
0000000000000008        4       39     4376        0       40     4436        0
datapath         in-port  eth-dst           out-port packets  bytes
---------------- -------- ----------------- -------- -------- --------
discovery--->==================================== discovery ====================================
discovery---> cls: [(3, 1), (3, 9), (1, 4), (1, 5), (1, 6), (4, 10), (5, 7), (5, 8), (5, 9), (6, 9), (7, 2), (7, 10), (2, 8), (8, 10)]
discovery---> access_table: {}
discovery--->=============================================================================
==================================== link detector ====================================

----------------------------
src    dst :    delay
3 <---> 1 : 5.678415298461914
3 <---> 9 : 2.805948257446289
1 <---> 3 : 5.744695663452148
1 <---> 4 : 3.8084983825683594
1 <---> 5 : 7.735013961791992
1 <---> 6 : 5.094051361083984
4 <---> 1 : 5.283832550048828
4 <---> 10 : 6.244659423828125
5 <---> 1 : 5.688667297363281
5 <---> 7 : 8.79359245300293
5 <---> 8 : 3.1113624572753906
5 <---> 9 : 2.8755664825439453
6 <---> 1 : 4.490852355957031
6 <---> 9 : 2.814769744873047
7 <---> 2 : 5.76019287109375
7 <---> 5 : 7.370233535766602
7 <---> 10 : 6.506919860839844
2 <---> 7 : 5.476236343383789
2 <---> 8 : 3.1371116638183594
8 <---> 2 : 3.698587417602539
8 <---> 5 : 5.554676055908203
8 <---> 10 : 5.628108978271484
9 <---> 3 : 6.374359130859375
9 <---> 5 : 6.12187385559082
9 <---> 6 : 5.8116912841796875
10 <---> 8 : 7.8525543212890625
10 <---> 4 : 5.4454803466796875
10 <---> 7 : 4.940032958984375
==================================== link detector ====================================

----------------------------
src    dst :    delay
3 <---> 1 : 6.314754486083984
3 <---> 9 : 4.74095344543457
1 <---> 3 : 5.2814483642578125
1 <---> 4 : 4.683971405029297
1 <---> 5 : 7.512569427490234
1 <---> 6 : 5.776882171630859
4 <---> 1 : 5.016803741455078
4 <---> 10 : 5.394697189331055
5 <---> 1 : 10.580778121948242
5 <---> 7 : 7.1163177490234375
5 <---> 8 : 5.189418792724609
5 <---> 9 : 6.047248840332031
6 <---> 1 : 7.036924362182617
6 <---> 9 : 5.667209625244141
7 <---> 2 : 5.2890777587890625
7 <---> 5 : 5.964756011962891
7 <---> 10 : 5.711793899536133
2 <---> 7 : 5.542755126953125
2 <---> 8 : 5.939006805419922
8 <---> 2 : 2.727985382080078
8 <---> 5 : 3.078460693359375
8 <---> 10 : 5.486965179443359
9 <---> 3 : 4.708766937255859
9 <---> 5 : 5.517721176147461
9 <---> 6 : 5.456686019897461
10 <---> 8 : 4.855871200561523
10 <---> 4 : 4.904747009277344
10 <---> 7 : 6.546497344970703
---> OFPPortStatus received: reason=DELETE desc=OFPPort(port_no=2,hw_addr='76:54:b7:87:5d:01',name=b'ap3-eth2',config=0,state=4,curr=2112,advertised=0,supported=0,peer=0,curr_speed=10000000,max_speed=0)
---> OFPPortStatus received: reason=DELETE desc=OFPPort(port_no=2,hw_addr='ae:10:26:0f:52:a7',name=b'ap1-eth2',config=0,state=4,curr=2112,advertised=0,supported=0,peer=0,curr_speed=10000000,max_speed=0)
---> OFPPortStatus received: reason=DELETE desc=OFPPort(port_no=2,hw_addr='a2:f8:b3:fe:84:5e',name=b'ap4-eth2',config=0,state=4,curr=2112,advertised=0,supported=0,peer=0,curr_speed=10000000,max_speed=0)
---> OFPPortStatus received: reason=DELETE desc=OFPPort(port_no=3,hw_addr='42:0e:3d:97:69:92',name=b'ap1-eth3',config=0,state=4,curr=2112,advertised=0,supported=0,peer=0,curr_speed=10000000,max_speed=0)
---> OFPPortStatus received: reason=MODIFY desc=OFPPort(port_no=4,hw_addr='e2:e6:ef:c7:0d:0b',name=b'ap1-eth4',config=0,state=0,curr=2112,advertised=0,supported=0,peer=0,curr_speed=10000000,max_speed=0)
---> OFPPortStatus received: reason=DELETE desc=OFPPort(port_no=4,hw_addr='e2:e6:ef:c7:0d:0b',name=b'ap1-eth4',config=0,state=0,curr=2112,advertised=0,supported=0,peer=0,curr_speed=10000000,max_speed=0)
---> OFPPortStatus received: reason=MODIFY desc=OFPPort(port_no=2,hw_addr='12:2b:ba:1f:2c:6f',name=b'ap5-eth2',config=0,state=0,curr=2112,advertised=0,supported=0,peer=0,curr_speed=10000000,max_speed=0)
---> OFPPortStatus received: reason=DELETE desc=OFPPort(port_no=2,hw_addr='12:2b:ba:1f:2c:6f',name=b'ap5-eth2',config=0,state=0,curr=2112,advertised=0,supported=0,peer=0,curr_speed=10000000,max_speed=0)
datapath         port     rx-pkts  rx-bytes rx-error tx-pkts  tx-bytes tx-error
---------------- -------- -------- -------- -------- -------- -------- --------
0000000000000004        1        0        0        0       21     1638        0
0000000000000004        3       41     4496        0       42     4526        0
datapath         in-port  eth-dst           out-port packets  bytes
---------------- -------- ----------------- -------- -------- --------
datapath         port     rx-pkts  rx-bytes rx-error tx-pkts  tx-bytes tx-error
---------------- -------- -------- -------- -------- -------- -------- --------
0000000000000003        1        0        0        0       20     1560        0
0000000000000003        3       39     3947        0       44     4676        0
datapath         in-port  eth-dst           out-port packets  bytes
---------------- -------- ----------------- -------- -------- --------
datapath         port     rx-pkts  rx-bytes rx-error tx-pkts  tx-bytes tx-error
---------------- -------- -------- -------- -------- -------- -------- --------
0000000000000005        1        0        0        0       20     1560        0
0000000000000005        3       42     4556        0       43     4616        0
0000000000000005        4       42     4556        0       43     4616        0
0000000000000005        5       42     4473        0       44     4676        0
datapath         in-port  eth-dst           out-port packets  bytes
---------------- -------- ----------------- -------- -------- --------
datapath         port     rx-pkts  rx-bytes rx-error tx-pkts  tx-bytes tx-error
---------------- -------- -------- -------- -------- -------- -------- --------
000000000000000a        1        0        0        0       18     1404        0
000000000000000a        2       42     4526        0       41     4496        0
000000000000000a        3       42     4445        0       41     4496        0
000000000000000a        4       42     4556        0       41     4496        0
datapath         in-port  eth-dst           out-port packets  bytes
---------------- -------- ----------------- -------- -------- --------
datapath         port     rx-pkts  rx-bytes rx-error tx-pkts  tx-bytes tx-error
---------------- -------- -------- -------- -------- -------- -------- --------
0000000000000008        1        0        0        0       19     1482        0
0000000000000008        2       44     4676        0       42     4556        0
0000000000000008        3       43     4616        0       42     4556        0
0000000000000008        4       41     4496        0       42     4556        0
datapath         in-port  eth-dst           out-port packets  bytes
---------------- -------- ----------------- -------- -------- --------
datapath         port     rx-pkts  rx-bytes rx-error tx-pkts  tx-bytes tx-error
---------------- -------- -------- -------- -------- -------- -------- --------
0000000000000002        1        0        0        0       21     1638        0
0000000000000002        2       42     4556        0       40     3864        0
0000000000000002        3       42     4556        0       44     4676        0
datapath         in-port  eth-dst           out-port packets  bytes
---------------- -------- ----------------- -------- -------- --------
datapath         port     rx-pkts  rx-bytes rx-error tx-pkts  tx-bytes tx-error
---------------- -------- -------- -------- -------- -------- -------- --------
0000000000000001        1        0        0        0       21     1638        0
0000000000000001        5       43     4616        0       45     4736        0
datapath         in-port  eth-dst           out-port packets  bytes
---------------- -------- ----------------- -------- -------- --------
datapath         port     rx-pkts  rx-bytes rx-error tx-pkts  tx-bytes tx-error
---------------- -------- -------- -------- -------- -------- -------- --------
0000000000000006        1        0        0        0       20     1560        0
0000000000000006        2       45     4736        0       43     4616        0
0000000000000006        3       39     3947        0       43     4616        0
datapath         in-port  eth-dst           out-port packets  bytes
---------------- -------- ----------------- -------- -------- --------
datapath         port     rx-pkts  rx-bytes rx-error tx-pkts  tx-bytes tx-error
---------------- -------- -------- -------- -------- -------- -------- --------
0000000000000009        1        0        0        0       19     1482        0
0000000000000009        2       44     4676        0       39     3947        0
0000000000000009        3       44     4676        0       42     4473        0
0000000000000009        4       43     4616        0       39     3947        0
datapath         in-port  eth-dst           out-port packets  bytes
---------------- -------- ----------------- -------- -------- --------
datapath         port     rx-pkts  rx-bytes rx-error tx-pkts  tx-bytes tx-error
---------------- -------- -------- -------- -------- -------- -------- --------
0000000000000007        1        0        0        0       19     1482        0
0000000000000007        2       40     3864        0       42     4556        0
0000000000000007        3       43     4616        0       42     4556        0
0000000000000007        4       41     4496        0       42     4445        0
datapath         in-port  eth-dst           out-port packets  bytes
---------------- -------- ----------------- -------- -------- --------
discovery--->==================================== discovery ====================================
discovery---> cls: [(6, 1), (6, 9), (7, 2), (7, 5), (7, 10), (2, 8), (5, 8), (5, 9), (8, 10), (9, 3), (10, 4)]
discovery---> access_table: {}
discovery--->=============================================================================
---> OFPPortStatus received: reason=DELETE desc=OFPPort(port_no=5,hw_addr='76:d1:35:d8:a5:d8',name=b'ap1-eth5',config=0,state=4,curr=2112,advertised=0,supported=0,peer=0,curr_speed=10000000,max_speed=0)
---> OFPPortStatus received: reason=DELETE desc=OFPPort(port_no=2,hw_addr='e6:f0:ac:c5:0d:50',name=b'ap6-eth2',config=0,state=4,curr=2112,advertised=0,supported=0,peer=0,curr_speed=10000000,max_speed=0)
---> OFPPortStatus received: reason=DELETE desc=OFPPort(port_no=2,hw_addr='a6:bb:04:49:bc:c5',name=b'ap7-eth2',config=0,state=4,curr=2112,advertised=0,supported=0,peer=0,curr_speed=10000000,max_speed=0)
---> OFPPortStatus received: reason=DELETE desc=OFPPort(port_no=2,hw_addr='ee:98:ab:99:db:3e',name=b'ap8-eth2',config=0,state=4,curr=2112,advertised=0,supported=0,peer=0,curr_speed=10000000,max_speed=0)
---> OFPPortStatus received: reason=DELETE desc=OFPPort(port_no=2,hw_addr='52:e4:27:06:47:9d',name=b'ap2-eth2',config=0,state=4,curr=2112,advertised=0,supported=0,peer=0,curr_speed=10000000,max_speed=0)
---> OFPPortStatus received: reason=DELETE desc=OFPPort(port_no=3,hw_addr='b2:14:ae:fd:23:69',name=b'ap2-eth3',config=0,state=4,curr=2112,advertised=0,supported=0,peer=0,curr_speed=10000000,max_speed=0)
---> OFPPortStatus received: reason=DELETE desc=OFPPort(port_no=2,hw_addr='36:ba:af:8b:f7:ee',name=b'ap9-eth2',config=0,state=4,curr=2112,advertised=0,supported=0,peer=0,curr_speed=10000000,max_speed=0)
---> OFPPortStatus received: reason=DELETE desc=OFPPort(port_no=3,hw_addr='56:68:d2:15:a8:36',name=b'ap4-eth3',config=0,state=4,curr=2112,advertised=0,supported=0,peer=0,curr_speed=10000000,max_speed=0)
---> OFPPortStatus received: reason=DELETE desc=OFPPort(port_no=3,hw_addr='d6:cc:6e:56:6a:9b',name=b'ap3-eth3',config=0,state=4,curr=2112,advertised=0,supported=0,peer=0,curr_speed=10000000,max_speed=0)
---> OFPPortStatus received: reason=DELETE desc=OFPPort(port_no=2,hw_addr='7a:d7:d8:48:8e:46',name=b'ap10-eth2',config=0,state=4,curr=2112,advertised=0,supported=0,peer=0,curr_speed=10000000,max_speed=0)
---> OFPPortStatus received: reason=DELETE desc=OFPPort(port_no=3,hw_addr='3e:0c:e5:92:c2:a7',name=b'ap8-eth3',config=0,state=4,curr=2112,advertised=0,supported=0,peer=0,curr_speed=10000000,max_speed=0)
---> OFPPortStatus received: reason=DELETE desc=OFPPort(port_no=3,hw_addr='ca:47:be:ca:36:5a',name=b'ap7-eth3',config=0,state=4,curr=2112,advertised=0,supported=0,peer=0,curr_speed=10000000,max_speed=0)
---> OFPPortStatus received: reason=DELETE desc=OFPPort(port_no=4,hw_addr='56:db:af:fe:6f:e1',name=b'ap5-eth4',config=0,state=4,curr=2112,advertised=0,supported=0,peer=0,curr_speed=10000000,max_speed=0)
---> OFPPortStatus received: reason=DELETE desc=OFPPort(port_no=3,hw_addr='32:ce:ec:a3:e6:d4',name=b'ap5-eth3',config=0,state=4,curr=2112,advertised=0,supported=0,peer=0,curr_speed=10000000,max_speed=0)
---> OFPPortStatus received: reason=DELETE desc=OFPPort(port_no=3,hw_addr='56:fc:7a:99:c9:db',name=b'ap9-eth3',config=0,state=4,curr=2112,advertised=0,supported=0,peer=0,curr_speed=10000000,max_speed=0)
---> OFPPortStatus received: reason=DELETE desc=OFPPort(port_no=4,hw_addr='82:ec:f3:7d:97:e1',name=b'ap9-eth4',config=0,state=4,curr=2112,advertised=0,supported=0,peer=0,curr_speed=10000000,max_speed=0)
---> OFPPortStatus received: reason=DELETE desc=OFPPort(port_no=3,hw_addr='ca:dd:60:8c:4b:ac',name=b'ap10-eth3',config=0,state=4,curr=2112,advertised=0,supported=0,peer=0,curr_speed=10000000,max_speed=0)
---> OFPPortStatus received: reason=DELETE desc=OFPPort(port_no=3,hw_addr='4a:f4:36:33:8d:b3',name=b'ap6-eth3',config=0,state=4,curr=2112,advertised=0,supported=0,peer=0,curr_speed=10000000,max_speed=0)
---> OFPPortStatus received: reason=DELETE desc=OFPPort(port_no=4,hw_addr='b6:03:78:6a:0c:5b',name=b'ap7-eth4',config=0,state=4,curr=2112,advertised=0,supported=0,peer=0,curr_speed=10000000,max_speed=0)
---> OFPPortStatus received: reason=DELETE desc=OFPPort(port_no=5,hw_addr='02:0d:07:61:03:17',name=b'ap5-eth5',config=0,state=4,curr=2112,advertised=0,supported=0,peer=0,curr_speed=10000000,max_speed=0)
---> OFPPortStatus received: reason=DELETE desc=OFPPort(port_no=4,hw_addr='fa:78:4c:69:65:19',name=b'ap8-eth4',config=0,state=4,curr=2112,advertised=0,supported=0,peer=0,curr_speed=10000000,max_speed=0)
---> OFPPortStatus received: reason=DELETE desc=OFPPort(port_no=4,hw_addr='d2:29:f7:7c:aa:50',name=b'ap10-eth4',config=0,state=4,curr=2112,advertised=0,supported=0,peer=0,curr_speed=10000000,max_speed=0)
==================================== link detector ====================================

----------------------------
src    dst :    delay
3 <---> 1 : 6.314754486083984
3 <---> 9 : 4.6176910400390625
1 <---> 3 : 5.2814483642578125
1 <---> 4 : 4.683971405029297
1 <---> 5 : 7.512569427490234
1 <---> 6 : 12.143850326538086
4 <---> 1 : 5.016803741455078
4 <---> 10 : 2.706766128540039
5 <---> 1 : 10.580778121948242
5 <---> 7 : 59.906721115112305
5 <---> 8 : 5.189418792724609
5 <---> 9 : 3.6058425903320312
6 <---> 1 : 72.85833358764648
6 <---> 9 : 5.307912826538086
7 <---> 2 : 3.1986236572265625
7 <---> 5 : 2.974271774291992
7 <---> 10 : 10.861873626708984
2 <---> 7 : 5.542755126953125
2 <---> 8 : 5.939006805419922
8 <---> 2 : 2.727985382080078
8 <---> 5 : 3.078460693359375
8 <---> 10 : 50.21095275878906
9 <---> 3 : 4.708766937255859
9 <---> 5 : 4.726886749267578
9 <---> 6 : 6.112337112426758
10 <---> 8 : 3.7453174591064453
10 <---> 4 : 2.496004104614258
10 <---> 7 : 2.4881362915039062
==================================== link detector ====================================

----------------------------
src    dst :    delay
3 <---> 1 : 6.314754486083984
3 <---> 9 : 4.6176910400390625
1 <---> 3 : 5.2814483642578125
1 <---> 4 : 4.683971405029297
1 <---> 5 : 7.512569427490234
1 <---> 6 : 12.143850326538086
4 <---> 1 : 5.016803741455078
4 <---> 10 : 2.706766128540039
5 <---> 1 : 10.580778121948242
5 <---> 7 : 59.906721115112305
5 <---> 8 : 5.189418792724609
5 <---> 9 : 3.6058425903320312
6 <---> 1 : 72.85833358764648
6 <---> 9 : 5.307912826538086
7 <---> 2 : 3.1986236572265625
7 <---> 5 : 2.974271774291992
7 <---> 10 : 10.861873626708984
2 <---> 7 : 5.542755126953125
2 <---> 8 : 5.939006805419922
8 <---> 2 : 2.727985382080078
8 <---> 5 : 3.078460693359375
8 <---> 10 : 50.21095275878906
9 <---> 3 : 4.708766937255859
9 <---> 5 : 4.726886749267578
9 <---> 6 : 6.112337112426758
10 <---> 8 : 3.7453174591064453
10 <---> 4 : 2.496004104614258
10 <---> 7 : 2.4881362915039062
discovery--->==================================== discovery ====================================
discovery---> cls: []
discovery---> access_table: {}
discovery--->=============================================================================
datapath         port     rx-pkts  rx-bytes rx-error tx-pkts  tx-bytes tx-error
---------------- -------- -------- -------- -------- -------- -------- --------
0000000000000009        1        0        0        0       24     1872        0
datapath         in-port  eth-dst           out-port packets  bytes
---------------- -------- ----------------- -------- -------- --------
datapath         port     rx-pkts  rx-bytes rx-error tx-pkts  tx-bytes tx-error
---------------- -------- -------- -------- -------- -------- -------- --------
0000000000000007        1        0        0        0       24     1872        0
datapath         in-port  eth-dst           out-port packets  bytes
---------------- -------- ----------------- -------- -------- --------
datapath         port     rx-pkts  rx-bytes rx-error tx-pkts  tx-bytes tx-error
---------------- -------- -------- -------- -------- -------- -------- --------
0000000000000008        1        0        0        0       24     1872        0
datapath         in-port  eth-dst           out-port packets  bytes
---------------- -------- ----------------- -------- -------- --------
datapath         port     rx-pkts  rx-bytes rx-error tx-pkts  tx-bytes tx-error
---------------- -------- -------- -------- -------- -------- -------- --------
0000000000000003        1        0        0        0       25     1950        0
datapath         in-port  eth-dst           out-port packets  bytes
---------------- -------- ----------------- -------- -------- --------
datapath         port     rx-pkts  rx-bytes rx-error tx-pkts  tx-bytes tx-error
---------------- -------- -------- -------- -------- -------- -------- --------
0000000000000001        1        0        0        0       26     2028        0
datapath         in-port  eth-dst           out-port packets  bytes
---------------- -------- ----------------- -------- -------- --------
datapath         port     rx-pkts  rx-bytes rx-error tx-pkts  tx-bytes tx-error
---------------- -------- -------- -------- -------- -------- -------- --------
000000000000000a        1        0        0        0       23     1794        0
datapath         in-port  eth-dst           out-port packets  bytes
---------------- -------- ----------------- -------- -------- --------
datapath         port     rx-pkts  rx-bytes rx-error tx-pkts  tx-bytes tx-error
---------------- -------- -------- -------- -------- -------- -------- --------
0000000000000004        1        0        0        0       26     2028        0
datapath         in-port  eth-dst           out-port packets  bytes
---------------- -------- ----------------- -------- -------- --------
datapath         port     rx-pkts  rx-bytes rx-error tx-pkts  tx-bytes tx-error
---------------- -------- -------- -------- -------- -------- -------- --------
0000000000000002        1        0        0        0       25     1950        0
datapath         in-port  eth-dst           out-port packets  bytes
---------------- -------- ----------------- -------- -------- --------
datapath         port     rx-pkts  rx-bytes rx-error tx-pkts  tx-bytes tx-error
---------------- -------- -------- -------- -------- -------- -------- --------
0000000000000006        1        0        0        0       24     1872        0
datapath         in-port  eth-dst           out-port packets  bytes
---------------- -------- ----------------- -------- -------- --------
datapath         port     rx-pkts  rx-bytes rx-error tx-pkts  tx-bytes tx-error
---------------- -------- -------- -------- -------- -------- -------- --------
0000000000000005        1        0        0        0       25     1950        0
datapath         in-port  eth-dst           out-port packets  bytes
---------------- -------- ----------------- -------- -------- --------
==================================== link detector ====================================

----------------------------
src    dst :    delay
3 <---> 1 : 6.314754486083984
3 <---> 9 : 4.6176910400390625
1 <---> 3 : 5.2814483642578125
1 <---> 4 : 4.683971405029297
1 <---> 5 : 7.512569427490234
1 <---> 6 : 12.143850326538086
4 <---> 1 : 5.016803741455078
4 <---> 10 : 2.706766128540039
5 <---> 1 : 10.580778121948242
5 <---> 7 : 59.906721115112305
5 <---> 8 : 5.189418792724609
5 <---> 9 : 3.6058425903320312
6 <---> 1 : 72.85833358764648
6 <---> 9 : 5.307912826538086
7 <---> 2 : 3.1986236572265625
7 <---> 5 : 2.974271774291992
7 <---> 10 : 10.861873626708984
2 <---> 7 : 5.542755126953125
2 <---> 8 : 5.939006805419922
8 <---> 2 : 2.727985382080078
8 <---> 5 : 3.078460693359375
8 <---> 10 : 50.21095275878906
9 <---> 3 : 4.708766937255859
9 <---> 5 : 4.726886749267578
9 <---> 6 : 6.112337112426758
10 <---> 8 : 3.7453174591064453
10 <---> 4 : 2.496004104614258
10 <---> 7 : 2.4881362915039062
==================================== link detector ====================================

----------------------------
src    dst :    delay
3 <---> 1 : 6.314754486083984
3 <---> 9 : 4.6176910400390625
1 <---> 3 : 5.2814483642578125
1 <---> 4 : 4.683971405029297
1 <---> 5 : 7.512569427490234
1 <---> 6 : 12.143850326538086
4 <---> 1 : 5.016803741455078
4 <---> 10 : 2.706766128540039
5 <---> 1 : 10.580778121948242
5 <---> 7 : 59.906721115112305
5 <---> 8 : 5.189418792724609
5 <---> 9 : 3.6058425903320312
6 <---> 1 : 72.85833358764648
6 <---> 9 : 5.307912826538086
7 <---> 2 : 3.1986236572265625
7 <---> 5 : 2.974271774291992
7 <---> 10 : 10.861873626708984
2 <---> 7 : 5.542755126953125
2 <---> 8 : 5.939006805419922
8 <---> 2 : 2.727985382080078
8 <---> 5 : 3.078460693359375
8 <---> 10 : 50.21095275878906
9 <---> 3 : 4.708766937255859
9 <---> 5 : 4.726886749267578
9 <---> 6 : 6.112337112426758
10 <---> 8 : 3.7453174591064453
10 <---> 4 : 2.496004104614258
10 <---> 7 : 2.4881362915039062
discovery--->==================================== discovery ====================================
discovery---> cls: []
discovery---> access_table: {}
discovery--->=============================================================================
==================================== link detector ====================================

----------------------------
src    dst :    delay
3 <---> 1 : 6.314754486083984
3 <---> 9 : 4.6176910400390625
1 <---> 3 : 5.2814483642578125
1 <---> 4 : 4.683971405029297
1 <---> 5 : 7.512569427490234
1 <---> 6 : 12.143850326538086
4 <---> 1 : 5.016803741455078
4 <---> 10 : 2.706766128540039
5 <---> 1 : 10.580778121948242
5 <---> 7 : 59.906721115112305
5 <---> 8 : 5.189418792724609
5 <---> 9 : 3.6058425903320312
6 <---> 1 : 72.85833358764648
6 <---> 9 : 5.307912826538086
7 <---> 2 : 3.1986236572265625
7 <---> 5 : 2.974271774291992
7 <---> 10 : 10.861873626708984
2 <---> 7 : 5.542755126953125
2 <---> 8 : 5.939006805419922
8 <---> 2 : 2.727985382080078
8 <---> 5 : 3.078460693359375
8 <---> 10 : 50.21095275878906
9 <---> 3 : 4.708766937255859
9 <---> 5 : 4.726886749267578
9 <---> 6 : 6.112337112426758
10 <---> 8 : 3.7453174591064453
10 <---> 4 : 2.496004104614258
10 <---> 7 : 2.4881362915039062
==================================== link detector ====================================

----------------------------
src    dst :    delay
3 <---> 1 : 6.314754486083984
3 <---> 9 : 4.6176910400390625
1 <---> 3 : 5.2814483642578125
1 <---> 4 : 4.683971405029297
1 <---> 5 : 7.512569427490234
1 <---> 6 : 12.143850326538086
4 <---> 1 : 5.016803741455078
4 <---> 10 : 2.706766128540039
5 <---> 1 : 10.580778121948242
5 <---> 7 : 59.906721115112305
5 <---> 8 : 5.189418792724609
5 <---> 9 : 3.6058425903320312
6 <---> 1 : 72.85833358764648
6 <---> 9 : 5.307912826538086
7 <---> 2 : 3.1986236572265625
7 <---> 5 : 2.974271774291992
7 <---> 10 : 10.861873626708984
2 <---> 7 : 5.542755126953125
2 <---> 8 : 5.939006805419922
8 <---> 2 : 2.727985382080078
8 <---> 5 : 3.078460693359375
8 <---> 10 : 50.21095275878906
9 <---> 3 : 4.708766937255859
9 <---> 5 : 4.726886749267578
9 <---> 6 : 6.112337112426758
10 <---> 8 : 3.7453174591064453
10 <---> 4 : 2.496004104614258
10 <---> 7 : 2.4881362915039062
discovery--->==================================== discovery ====================================
discovery---> cls: []
discovery---> access_table: {}
discovery--->=============================================================================
==================================== link detector ====================================

----------------------------
src    dst :    delay
3 <---> 1 : 6.314754486083984
3 <---> 9 : 4.6176910400390625
1 <---> 3 : 5.2814483642578125
1 <---> 4 : 4.683971405029297
1 <---> 5 : 7.512569427490234
1 <---> 6 : 12.143850326538086
4 <---> 1 : 5.016803741455078
4 <---> 10 : 2.706766128540039
5 <---> 1 : 10.580778121948242
5 <---> 7 : 59.906721115112305
5 <---> 8 : 5.189418792724609
5 <---> 9 : 3.6058425903320312
6 <---> 1 : 72.85833358764648
6 <---> 9 : 5.307912826538086
7 <---> 2 : 3.1986236572265625
7 <---> 5 : 2.974271774291992
7 <---> 10 : 10.861873626708984
2 <---> 7 : 5.542755126953125
2 <---> 8 : 5.939006805419922
8 <---> 2 : 2.727985382080078
8 <---> 5 : 3.078460693359375
8 <---> 10 : 50.21095275878906
9 <---> 3 : 4.708766937255859
9 <---> 5 : 4.726886749267578
9 <---> 6 : 6.112337112426758
10 <---> 8 : 3.7453174591064453
10 <---> 4 : 2.496004104614258
10 <---> 7 : 2.4881362915039062
==================================== link detector ====================================

----------------------------
src    dst :    delay
3 <---> 1 : 6.314754486083984
3 <---> 9 : 4.6176910400390625
1 <---> 3 : 5.2814483642578125
1 <---> 4 : 4.683971405029297
1 <---> 5 : 7.512569427490234
1 <---> 6 : 12.143850326538086
4 <---> 1 : 5.016803741455078
4 <---> 10 : 2.706766128540039
5 <---> 1 : 10.580778121948242
5 <---> 7 : 59.906721115112305
5 <---> 8 : 5.189418792724609
5 <---> 9 : 3.6058425903320312
6 <---> 1 : 72.85833358764648
6 <---> 9 : 5.307912826538086
7 <---> 2 : 3.1986236572265625
7 <---> 5 : 2.974271774291992
7 <---> 10 : 10.861873626708984
2 <---> 7 : 5.542755126953125
2 <---> 8 : 5.939006805419922
8 <---> 2 : 2.727985382080078
8 <---> 5 : 3.078460693359375
8 <---> 10 : 50.21095275878906
9 <---> 3 : 4.708766937255859
9 <---> 5 : 4.726886749267578
9 <---> 6 : 6.112337112426758
10 <---> 8 : 3.7453174591064453
10 <---> 4 : 2.496004104614258
10 <---> 7 : 2.4881362915039062
discovery--->==================================== discovery ====================================
discovery---> cls: []
discovery---> access_table: {}
discovery--->=============================================================================
==================================== link detector ====================================

----------------------------
src    dst :    delay
3 <---> 1 : 6.314754486083984
3 <---> 9 : 4.6176910400390625
1 <---> 3 : 5.2814483642578125
1 <---> 4 : 4.683971405029297
1 <---> 5 : 7.512569427490234
1 <---> 6 : 12.143850326538086
4 <---> 1 : 5.016803741455078
4 <---> 10 : 2.706766128540039
5 <---> 1 : 10.580778121948242
5 <---> 7 : 59.906721115112305
5 <---> 8 : 5.189418792724609
5 <---> 9 : 3.6058425903320312
6 <---> 1 : 72.85833358764648
6 <---> 9 : 5.307912826538086
7 <---> 2 : 3.1986236572265625
7 <---> 5 : 2.974271774291992
7 <---> 10 : 10.861873626708984
2 <---> 7 : 5.542755126953125
2 <---> 8 : 5.939006805419922
8 <---> 2 : 2.727985382080078
8 <---> 5 : 3.078460693359375
8 <---> 10 : 50.21095275878906
9 <---> 3 : 4.708766937255859
9 <---> 5 : 4.726886749267578
9 <---> 6 : 6.112337112426758
10 <---> 8 : 3.7453174591064453
10 <---> 4 : 2.496004104614258
10 <---> 7 : 2.4881362915039062
==================================== link detector ====================================

----------------------------
src    dst :    delay
3 <---> 1 : 6.314754486083984
3 <---> 9 : 4.6176910400390625
1 <---> 3 : 5.2814483642578125
1 <---> 4 : 4.683971405029297
1 <---> 5 : 7.512569427490234
1 <---> 6 : 12.143850326538086
4 <---> 1 : 5.016803741455078
4 <---> 10 : 2.706766128540039
5 <---> 1 : 10.580778121948242
5 <---> 7 : 59.906721115112305
5 <---> 8 : 5.189418792724609
5 <---> 9 : 3.6058425903320312
6 <---> 1 : 72.85833358764648
6 <---> 9 : 5.307912826538086
7 <---> 2 : 3.1986236572265625
7 <---> 5 : 2.974271774291992
7 <---> 10 : 10.861873626708984
2 <---> 7 : 5.542755126953125
2 <---> 8 : 5.939006805419922
8 <---> 2 : 2.727985382080078
8 <---> 5 : 3.078460693359375
8 <---> 10 : 50.21095275878906
9 <---> 3 : 4.708766937255859
9 <---> 5 : 4.726886749267578
9 <---> 6 : 6.112337112426758
10 <---> 8 : 3.7453174591064453
10 <---> 4 : 2.496004104614258
10 <---> 7 : 2.4881362915039062
discovery--->==================================== discovery ====================================
discovery---> cls: []
discovery---> access_table: {}
discovery--->=============================================================================
