loading app network_structure.py
Matplotlib created a temporary config/cache directory at /tmp/matplotlib-_005nui5 because the default path (/home/terry/.config/matplotlib) is not a writable directory; it is highly recommended to set the MPLCONFIGDIR environment variable to a writable directory, in particular to speed up the import of Matplotlib and to better support multiprocessing.
Generating new fontManager, this may take some time...
Failed to extract font properties from /usr/share/fonts/truetype/noto/NotoColorEmoji.ttf: In FT2Font: Can not load face.  Unknown file format.
loading app network_monitor.py
loading app network_delay.py
loading app network_shortest_path.py
loading app arp_handler.py
loading app ryu.controller.ofp_handler
instantiating app None of Switches
creating context switches
instantiating app network_structure.py of NetworkStructure
instantiating app network_monitor.py of NetworkMonitor
instantiating app network_delay.py of NetworkDelay
instantiating app network_shortest_path.py of NetworkShortestPath
instantiating app arp_handler.py of ArpHandler
instantiating app ryu.controller.ofp_handler of OFPHandler
discovery---> AccessPoint: 1152921504606846977 connected
discovery---> AccessPoint: 1152921504606846978 connected
discovery---> AccessPoint: 1152921504606846979 connected
monitor---->register datapath: 1000000000000001
monitor---->register datapath: 1000000000000003
monitor---->register datapath: 1000000000000002
==================================== link detector ====================================

----------------------------
src    dst :    delay
1152921504606846977 <---> 1152921504606846979 : 1.8227100372314453
1152921504606846977 <---> 1152921504606846978 : 3.0503273010253906
1152921504606846978 <---> 1152921504606846979 : 3.1900405883789062
1152921504606846978 <---> 1152921504606846977 : 1.596689224243164
1152921504606846979 <---> 1152921504606846977 : 2.947568893432617
1152921504606846979 <---> 1152921504606846978 : 2.875804901123047
discovery--->==================================== discovery ====================================
discovery---> cls: [(1152921504606846977, 1152921504606846979), (1152921504606846977, 1152921504606846978), (1152921504606846979, 1152921504606846978)]
discovery--->==============================
datapath         port     rx-pkts  rx-bytes rx-error tx-pkts  tx-bytes tx-error
---------------- -------- -------- -------- -------- -------- -------- --------
1000000000000001        1        0        0        0 67605482 6646682297        0
1000000000000001        2 182718642 15127209042        0 251100717 23745529366        0
1000000000000001        3 251100720 23745529546        0 182718635 15127208471        0
datapath         in-port  eth-dst           out-port packets  bytes
---------------- -------- ----------------- -------- -------- --------
datapath         port     rx-pkts  rx-bytes rx-error tx-pkts  tx-bytes tx-error
---------------- -------- -------- -------- -------- -------- -------- --------
1000000000000002        1        0        0        0 67520682 6645153661        0
1000000000000002        2 251100717 23745529366        0 182718642 15127209042        0
1000000000000002        3 182718644 15127209239        0 251100715 23745529132        0
datapath         in-port  eth-dst           out-port packets  bytes
---------------- -------- ----------------- -------- -------- --------
datapath         port     rx-pkts  rx-bytes rx-error tx-pkts  tx-bytes tx-error
---------------- -------- -------- -------- -------- -------- -------- --------
1000000000000003        1        0        0        0 67911269 6652182872        0
1000000000000003        2 182718635 15127208471        0 251100720 23745529546        0
1000000000000003        3 251100715 23745529132        0 182718644 15127209239        0
datapath         in-port  eth-dst           out-port packets  bytes
---------------- -------- ----------------- -------- -------- --------
==================================== link detector ====================================

----------------------------
src    dst :    delay
1152921504606846977 <---> 1152921504606846979 : 3.2393932342529297
1152921504606846977 <---> 1152921504606846978 : 1.302957534790039
1152921504606846978 <---> 1152921504606846979 : 2.840280532836914
1152921504606846978 <---> 1152921504606846977 : 2.866029739379883
1152921504606846979 <---> 1152921504606846977 : 1.8892288208007812
1152921504606846979 <---> 1152921504606846978 : 1.8503665924072266
==================================== link detector ====================================

----------------------------
src    dst :    delay
1152921504606846977 <---> 1152921504606846979 : 2.4454593658447266
1152921504606846977 <---> 1152921504606846978 : 3.0062198638916016
1152921504606846978 <---> 1152921504606846979 : 3.1316280364990234
1152921504606846978 <---> 1152921504606846977 : 2.9218196868896484
1152921504606846979 <---> 1152921504606846977 : 3.0279159545898438
1152921504606846979 <---> 1152921504606846978 : 2.1643638610839844
discovery--->==================================== discovery ====================================
discovery---> cls: [(1152921504606846977, 1152921504606846979), (1152921504606846977, 1152921504606846978), (1152921504606846979, 1152921504606846978)]
discovery--->==============================
hub: uncaught exception: Traceback (most recent call last):
  File "/usr/local/lib/python3.6/dist-packages/ryu/lib/hub.py", line 60, in _launch
    return func(*args, **kwargs)
  File "/home/terry/LJQ/Task/ryu/network_monitor.py", line 59, in scheduler
    self.create_bandwidth_graph()
  File "/home/terry/LJQ/Task/ryu/network_monitor.py", line 316, in create_bandwidth_graph
    capacity = self.network_structure.m_graph[src_dpid][dst_dpid]['bw']
  File "/home/terry/.local/lib/python3.6/site-packages/networkx/classes/cls.py", line 465, in __getitem__
    return self.adj[n]
  File "/home/terry/.local/lib/python3.6/site-packages/networkx/classes/coreviews.py", line 79, in __getitem__
    return AtlasView(self._atlas[name])
KeyError: 1152921504606846977

datapath         port     rx-pkts  rx-bytes rx-error tx-pkts  tx-bytes tx-error
---------------- -------- -------- -------- -------- -------- -------- --------
1000000000000001        1        0        0        0 67605488 6646682765        0
1000000000000001        2 182718647 15127209342        0 251100723 23745529726        0
1000000000000001        3 251100725 23745529846        0 182718641 15127208831        0
datapath         in-port  eth-dst           out-port packets  bytes
---------------- -------- ----------------- -------- -------- --------
datapath         port     rx-pkts  rx-bytes rx-error tx-pkts  tx-bytes tx-error
---------------- -------- -------- -------- -------- -------- -------- --------
1000000000000002        1        0        0        0 67520688 6645154129        0
1000000000000002        2 251100723 23745529726        0 182718647 15127209342        0
1000000000000002        3 182718649 15127209539        0 251100721 23745529492        0
datapath         in-port  eth-dst           out-port packets  bytes
---------------- -------- ----------------- -------- -------- --------
datapath         port     rx-pkts  rx-bytes rx-error tx-pkts  tx-bytes tx-error
---------------- -------- -------- -------- -------- -------- -------- --------
1000000000000003        1        0        0        0 67911275 6652183340        0
1000000000000003        2 182718641 15127208831        0 251100725 23745529846        0
1000000000000003        3 251100721 23745529492        0 182718649 15127209539        0
datapath         in-port  eth-dst           out-port packets  bytes
---------------- -------- ----------------- -------- -------- --------
==================================== link detector ====================================

----------------------------
src    dst :    delay
1152921504606846977 <---> 1152921504606846979 : 3.0350685119628906
1152921504606846977 <---> 1152921504606846978 : 2.801656723022461
1152921504606846978 <---> 1152921504606846979 : 2.8913021087646484
1152921504606846978 <---> 1152921504606846977 : 2.1016597747802734
1152921504606846979 <---> 1152921504606846977 : 2.0911693572998047
1152921504606846979 <---> 1152921504606846978 : 2.6111602783203125
discovery--->==================================== discovery ====================================
discovery---> cls: [(1152921504606846977, 1152921504606846979), (1152921504606846977, 1152921504606846978), (1152921504606846979, 1152921504606846978)]
discovery--->==============================
==================================== link detector ====================================

----------------------------
src    dst :    delay
1152921504606846977 <---> 1152921504606846979 : 1.117706298828125
1152921504606846977 <---> 1152921504606846978 : 1.0869503021240234
1152921504606846978 <---> 1152921504606846979 : 2.266407012939453
1152921504606846978 <---> 1152921504606846977 : 2.0751953125
1152921504606846979 <---> 1152921504606846977 : 2.0613670349121094
1152921504606846979 <---> 1152921504606846978 : 2.162456512451172
==================================== link detector ====================================

----------------------------
src    dst :    delay
1152921504606846977 <---> 1152921504606846979 : 2.9442310333251953
1152921504606846977 <---> 1152921504606846978 : 3.0896663665771484
1152921504606846978 <---> 1152921504606846979 : 2.2954940795898438
1152921504606846978 <---> 1152921504606846977 : 2.979755401611328
1152921504606846979 <---> 1152921504606846977 : 2.8533935546875
1152921504606846979 <---> 1152921504606846978 : 2.9535293579101562
discovery--->==================================== discovery ====================================
discovery---> cls: [(1152921504606846977, 1152921504606846979), (1152921504606846977, 1152921504606846978), (1152921504606846979, 1152921504606846978)]
discovery--->==============================
==================================== link detector ====================================

----------------------------
src    dst :    delay
1152921504606846977 <---> 1152921504606846979 : 2.1457672119140625
1152921504606846977 <---> 1152921504606846978 : 2.9115676879882812
1152921504606846978 <---> 1152921504606846979 : 2.140045166015625
1152921504606846978 <---> 1152921504606846977 : 3.0629634857177734
1152921504606846979 <---> 1152921504606846977 : 1.626729965209961
1152921504606846979 <---> 1152921504606846978 : 2.9222965240478516
discovery--->==================================== discovery ====================================
discovery---> cls: [(1152921504606846977, 1152921504606846979), (1152921504606846977, 1152921504606846978), (1152921504606846979, 1152921504606846978)]
discovery--->==============================
==================================== link detector ====================================

----------------------------
src    dst :    delay
1152921504606846977 <---> 1152921504606846979 : 2.3784637451171875
1152921504606846977 <---> 1152921504606846978 : 1.806497573852539
1152921504606846978 <---> 1152921504606846979 : 3.12042236328125
1152921504606846978 <---> 1152921504606846977 : 2.0034313201904297
1152921504606846979 <---> 1152921504606846977 : 2.027273178100586
1152921504606846979 <---> 1152921504606846978 : 2.9954910278320312
==================================== link detector ====================================

----------------------------
src    dst :    delay
1152921504606846977 <---> 1152921504606846979 : 2.4566650390625
1152921504606846977 <---> 1152921504606846978 : 2.6743412017822266
1152921504606846978 <---> 1152921504606846979 : 2.910614013671875
1152921504606846978 <---> 1152921504606846977 : 3.075838088989258
1152921504606846979 <---> 1152921504606846977 : 1.959085464477539
1152921504606846979 <---> 1152921504606846978 : 3.0040740966796875
discovery--->==================================== discovery ====================================
discovery---> cls: [(1152921504606846977, 1152921504606846979), (1152921504606846977, 1152921504606846978), (1152921504606846979, 1152921504606846978)]
discovery--->==============================
==================================== link detector ====================================

----------------------------
src    dst :    delay
1152921504606846977 <---> 1152921504606846979 : 2.0220279693603516
1152921504606846977 <---> 1152921504606846978 : 2.6597976684570312
1152921504606846978 <---> 1152921504606846979 : 2.7446746826171875
1152921504606846978 <---> 1152921504606846977 : 2.9337406158447266
1152921504606846979 <---> 1152921504606846977 : 2.096414566040039
1152921504606846979 <---> 1152921504606846978 : 2.6738643646240234
==================================== link detector ====================================

----------------------------
src    dst :    delay
1152921504606846977 <---> 1152921504606846979 : 3.119945526123047
1152921504606846977 <---> 1152921504606846978 : 1.5473365783691406
1152921504606846978 <---> 1152921504606846979 : 3.041982650756836
1152921504606846978 <---> 1152921504606846977 : 1.1401176452636719
1152921504606846979 <---> 1152921504606846977 : 1.2011528015136719
1152921504606846979 <---> 1152921504606846978 : 1.051187515258789
discovery--->==================================== discovery ====================================
discovery---> cls: [(1152921504606846977, 1152921504606846979), (1152921504606846977, 1152921504606846978), (1152921504606846979, 1152921504606846978)]
discovery--->==============================
==================================== link detector ====================================

----------------------------
src    dst :    delay
1152921504606846977 <---> 1152921504606846979 : 3.2052993774414062
1152921504606846977 <---> 1152921504606846978 : 1.9745826721191406
1152921504606846978 <---> 1152921504606846979 : 1.9860267639160156
1152921504606846978 <---> 1152921504606846977 : 3.5665035247802734
1152921504606846979 <---> 1152921504606846977 : 3.0286312103271484
1152921504606846979 <---> 1152921504606846978 : 2.146005630493164
discovery--->==================================== discovery ====================================
discovery---> cls: [(1152921504606846977, 1152921504606846979), (1152921504606846977, 1152921504606846978), (1152921504606846979, 1152921504606846978)]
discovery--->==============================
==================================== link detector ====================================

----------------------------
src    dst :    delay
1152921504606846977 <---> 1152921504606846979 : 1.0881423950195312
1152921504606846977 <---> 1152921504606846978 : 1.1239051818847656
1152921504606846978 <---> 1152921504606846979 : 1.1110305786132812
1152921504606846978 <---> 1152921504606846977 : 2.0132064819335938
1152921504606846979 <---> 1152921504606846977 : 1.6014575958251953
1152921504606846979 <---> 1152921504606846978 : 2.0689964294433594
==================================== link detector ====================================

----------------------------
src    dst :    delay
1152921504606846977 <---> 1152921504606846979 : 3.0269622802734375
1152921504606846977 <---> 1152921504606846978 : 1.9690990447998047
1152921504606846978 <---> 1152921504606846979 : 3.0012130737304688
1152921504606846978 <---> 1152921504606846977 : 2.8290748596191406
1152921504606846979 <---> 1152921504606846977 : 2.126932144165039
1152921504606846979 <---> 1152921504606846978 : 3.0126571655273438
discovery--->==================================== discovery ====================================
discovery---> cls: [(1152921504606846977, 1152921504606846979), (1152921504606846977, 1152921504606846978), (1152921504606846979, 1152921504606846978)]
discovery--->==============================
==================================== link detector ====================================

----------------------------
src    dst :    delay
1152921504606846977 <---> 1152921504606846979 : 1.5418529510498047
1152921504606846977 <---> 1152921504606846978 : 1.2080669403076172
1152921504606846978 <---> 1152921504606846979 : 3.0672550201416016
1152921504606846978 <---> 1152921504606846977 : 2.8295516967773438
1152921504606846979 <---> 1152921504606846977 : 2.038240432739258
1152921504606846979 <---> 1152921504606846978 : 2.852916717529297
discovery--->==================================== discovery ====================================
discovery---> cls: [(1152921504606846977, 1152921504606846979), (1152921504606846977, 1152921504606846978), (1152921504606846979, 1152921504606846978)]
discovery--->==============================
==================================== link detector ====================================

----------------------------
src    dst :    delay
1152921504606846977 <---> 1152921504606846979 : 1.2521743774414062
1152921504606846977 <---> 1152921504606846978 : 1.0750293731689453
1152921504606846978 <---> 1152921504606846979 : 2.168893814086914
1152921504606846978 <---> 1152921504606846977 : 2.9573440551757812
1152921504606846979 <---> 1152921504606846977 : 3.011465072631836
1152921504606846979 <---> 1152921504606846978 : 3.005504608154297
==================================== link detector ====================================

----------------------------
src    dst :    delay
1152921504606846977 <---> 1152921504606846979 : 2.9413700103759766
1152921504606846977 <---> 1152921504606846978 : 2.9823780059814453
1152921504606846978 <---> 1152921504606846979 : 2.9637813568115234
1152921504606846978 <---> 1152921504606846977 : 2.928018569946289
1152921504606846979 <---> 1152921504606846977 : 2.961397171020508
1152921504606846979 <---> 1152921504606846978 : 3.003358840942383
discovery--->==================================== discovery ====================================
discovery---> cls: [(1152921504606846977, 1152921504606846979), (1152921504606846977, 1152921504606846978), (1152921504606846979, 1152921504606846978)]
discovery--->==============================
==================================== link detector ====================================

----------------------------
src    dst :    delay
1152921504606846977 <---> 1152921504606846979 : 2.110719680786133
1152921504606846977 <---> 1152921504606846978 : 1.9674301147460938
1152921504606846978 <---> 1152921504606846979 : 2.2077560424804688
1152921504606846978 <---> 1152921504606846977 : 3.2088756561279297
1152921504606846979 <---> 1152921504606846977 : 2.8595924377441406
1152921504606846979 <---> 1152921504606846978 : 2.0606517791748047
==================================== link detector ====================================

----------------------------
src    dst :    delay
1152921504606846977 <---> 1152921504606846979 : 2.478361129760742
1152921504606846977 <---> 1152921504606846978 : 2.4509429931640625
1152921504606846978 <---> 1152921504606846979 : 2.413511276245117
1152921504606846978 <---> 1152921504606846977 : 2.3529529571533203
1152921504606846979 <---> 1152921504606846977 : 2.349853515625
1152921504606846979 <---> 1152921504606846978 : 2.941131591796875
discovery--->==================================== discovery ====================================
discovery---> cls: [(1152921504606846977, 1152921504606846979), (1152921504606846977, 1152921504606846978), (1152921504606846979, 1152921504606846978)]
discovery--->==============================
==================================== link detector ====================================

----------------------------
src    dst :    delay
1152921504606846977 <---> 1152921504606846979 : 2.9859542846679688
1152921504606846977 <---> 1152921504606846978 : 2.76947021484375
1152921504606846978 <---> 1152921504606846979 : 3.063201904296875
1152921504606846978 <---> 1152921504606846977 : 1.9903182983398438
1152921504606846979 <---> 1152921504606846977 : 2.629995346069336
1152921504606846979 <---> 1152921504606846978 : 2.961874008178711
discovery--->==================================== discovery ====================================
discovery---> cls: [(1152921504606846977, 1152921504606846979), (1152921504606846977, 1152921504606846978), (1152921504606846979, 1152921504606846978)]
discovery--->==============================
==================================== link detector ====================================

----------------------------
src    dst :    delay
1152921504606846977 <---> 1152921504606846979 : 3.0324459075927734
1152921504606846977 <---> 1152921504606846978 : 1.8546581268310547
1152921504606846978 <---> 1152921504606846979 : 2.6869773864746094
1152921504606846978 <---> 1152921504606846977 : 2.7511119842529297
1152921504606846979 <---> 1152921504606846977 : 2.606630325317383
1152921504606846979 <---> 1152921504606846978 : 1.9381046295166016
==================================== link detector ====================================

----------------------------
src    dst :    delay
1152921504606846977 <---> 1152921504606846979 : 2.151012420654297
1152921504606846977 <---> 1152921504606846978 : 2.745389938354492
1152921504606846978 <---> 1152921504606846979 : 2.063274383544922
1152921504606846978 <---> 1152921504606846977 : 2.523183822631836
1152921504606846979 <---> 1152921504606846977 : 2.712249755859375
1152921504606846979 <---> 1152921504606846978 : 2.9671192169189453
discovery--->==================================== discovery ====================================
discovery---> cls: [(1152921504606846977, 1152921504606846979), (1152921504606846977, 1152921504606846978), (1152921504606846979, 1152921504606846978)]
discovery--->==============================
==================================== link detector ====================================

----------------------------
src    dst :    delay
1152921504606846977 <---> 1152921504606846979 : 2.8412342071533203
1152921504606846977 <---> 1152921504606846978 : 3.0198097229003906
1152921504606846978 <---> 1152921504606846979 : 2.9811859130859375
1152921504606846978 <---> 1152921504606846977 : 2.0258426666259766
1152921504606846979 <---> 1152921504606846977 : 2.6938915252685547
1152921504606846979 <---> 1152921504606846978 : 2.6597976684570312
discovery--->==================================== discovery ====================================
discovery---> cls: [(1152921504606846977, 1152921504606846979), (1152921504606846977, 1152921504606846978), (1152921504606846979, 1152921504606846978)]
discovery--->==============================
==================================== link detector ====================================

----------------------------
src    dst :    delay
1152921504606846977 <---> 1152921504606846979 : 3.076314926147461
1152921504606846977 <---> 1152921504606846978 : 2.783536911010742
1152921504606846978 <---> 1152921504606846979 : 1.985788345336914
1152921504606846978 <---> 1152921504606846977 : 2.0804405212402344
1152921504606846979 <---> 1152921504606846977 : 2.635955810546875
1152921504606846979 <---> 1152921504606846978 : 2.0160675048828125
==================================== link detector ====================================

----------------------------
src    dst :    delay
1152921504606846977 <---> 1152921504606846979 : 2.9332637786865234
1152921504606846977 <---> 1152921504606846978 : 2.8257369995117188
1152921504606846978 <---> 1152921504606846979 : 2.96783447265625
1152921504606846978 <---> 1152921504606846977 : 2.065896987915039
1152921504606846979 <---> 1152921504606846977 : 2.6595592498779297
1152921504606846979 <---> 1152921504606846978 : 3.0753612518310547
discovery--->==================================== discovery ====================================
discovery---> cls: [(1152921504606846977, 1152921504606846979), (1152921504606846977, 1152921504606846978), (1152921504606846979, 1152921504606846978)]
discovery--->==============================
==================================== link detector ====================================

----------------------------
src    dst :    delay
1152921504606846977 <---> 1152921504606846979 : 3.002643585205078
1152921504606846977 <---> 1152921504606846978 : 2.034425735473633
1152921504606846978 <---> 1152921504606846979 : 2.0020008087158203
1152921504606846978 <---> 1152921504606846977 : 2.3970603942871094
1152921504606846979 <---> 1152921504606846977 : 2.962827682495117
1152921504606846979 <---> 1152921504606846978 : 2.9075145721435547
discovery--->==================================== discovery ====================================
discovery---> cls: [(1152921504606846977, 1152921504606846979), (1152921504606846977, 1152921504606846978), (1152921504606846979, 1152921504606846978)]
discovery--->==============================
==================================== link detector ====================================

----------------------------
src    dst :    delay
1152921504606846977 <---> 1152921504606846979 : 2.047300338745117
1152921504606846977 <---> 1152921504606846978 : 1.9259452819824219
1152921504606846978 <---> 1152921504606846979 : 2.0029544830322266
1152921504606846978 <---> 1152921504606846977 : 2.918243408203125
1152921504606846979 <---> 1152921504606846977 : 2.8731822967529297
1152921504606846979 <---> 1152921504606846978 : 2.949953079223633
==================================== link detector ====================================

----------------------------
src    dst :    delay
1152921504606846977 <---> 1152921504606846979 : 2.990245819091797
1152921504606846977 <---> 1152921504606846978 : 2.8467178344726562
1152921504606846978 <---> 1152921504606846979 : 3.016233444213867
1152921504606846978 <---> 1152921504606846977 : 1.956939697265625
1152921504606846979 <---> 1152921504606846977 : 2.893209457397461
1152921504606846979 <---> 1152921504606846978 : 3.022909164428711
discovery--->==================================== discovery ====================================
discovery---> cls: [(1152921504606846977, 1152921504606846979), (1152921504606846977, 1152921504606846978), (1152921504606846979, 1152921504606846978)]
discovery--->==============================
==================================== link detector ====================================

----------------------------
src    dst :    delay
1152921504606846977 <---> 1152921504606846979 : 2.840757369995117
1152921504606846977 <---> 1152921504606846978 : 2.889871597290039
1152921504606846978 <---> 1152921504606846979 : 3.1232833862304688
1152921504606846978 <---> 1152921504606846977 : 2.9747486114501953
1152921504606846979 <---> 1152921504606846977 : 2.177715301513672
1152921504606846979 <---> 1152921504606846978 : 2.946615219116211
==================================== link detector ====================================

----------------------------
src    dst :    delay
1152921504606846977 <---> 1152921504606846979 : 2.9611587524414062
1152921504606846977 <---> 1152921504606846978 : 2.95257568359375
1152921504606846978 <---> 1152921504606846979 : 2.0246505737304688
1152921504606846978 <---> 1152921504606846977 : 2.903461456298828
1152921504606846979 <---> 1152921504606846977 : 3.0202865600585938
1152921504606846979 <---> 1152921504606846978 : 2.9578208923339844
discovery--->==================================== discovery ====================================
discovery---> cls: [(1152921504606846977, 1152921504606846979), (1152921504606846977, 1152921504606846978), (1152921504606846979, 1152921504606846978)]
discovery--->==============================
==================================== link detector ====================================

----------------------------
src    dst :    delay
1152921504606846977 <---> 1152921504606846979 : 2.028226852416992
1152921504606846977 <---> 1152921504606846978 : 1.833200454711914
1152921504606846978 <---> 1152921504606846979 : 2.9468536376953125
1152921504606846978 <---> 1152921504606846977 : 2.9096603393554688
1152921504606846979 <---> 1152921504606846977 : 2.861499786376953
1152921504606846979 <---> 1152921504606846978 : 2.8696060180664062
discovery--->==================================== discovery ====================================
discovery---> cls: [(1152921504606846977, 1152921504606846979), (1152921504606846977, 1152921504606846978), (1152921504606846979, 1152921504606846978)]
discovery--->==============================
==================================== link detector ====================================

----------------------------
src    dst :    delay
1152921504606846977 <---> 1152921504606846979 : 2.0673274993896484
1152921504606846977 <---> 1152921504606846978 : 2.590179443359375
1152921504606846978 <---> 1152921504606846979 : 2.835512161254883
1152921504606846978 <---> 1152921504606846977 : 3.0100345611572266
1152921504606846979 <---> 1152921504606846977 : 3.0519962310791016
1152921504606846979 <---> 1152921504606846978 : 1.9216537475585938
==================================== link detector ====================================

----------------------------
src    dst :    delay
1152921504606846977 <---> 1152921504606846979 : 3.0317306518554688
1152921504606846977 <---> 1152921504606846978 : 1.9114017486572266
1152921504606846978 <---> 1152921504606846979 : 3.040313720703125
1152921504606846978 <---> 1152921504606846977 : 2.1681785583496094
1152921504606846979 <---> 1152921504606846977 : 3.027200698852539
1152921504606846979 <---> 1152921504606846978 : 2.925872802734375
discovery--->==================================== discovery ====================================
discovery---> cls: [(1152921504606846977, 1152921504606846979), (1152921504606846977, 1152921504606846978), (1152921504606846979, 1152921504606846978)]
discovery--->==============================
==================================== link detector ====================================

----------------------------
src    dst :    delay
1152921504606846977 <---> 1152921504606846979 : 2.9332637786865234
1152921504606846977 <---> 1152921504606846978 : 1.886606216430664
1152921504606846978 <---> 1152921504606846979 : 3.1952857971191406
1152921504606846978 <---> 1152921504606846977 : 2.042531967163086
1152921504606846979 <---> 1152921504606846977 : 2.4619102478027344
1152921504606846979 <---> 1152921504606846978 : 3.040313720703125
discovery--->==================================== discovery ====================================
discovery---> cls: [(1152921504606846977, 1152921504606846979), (1152921504606846977, 1152921504606846978), (1152921504606846979, 1152921504606846978)]
discovery--->==============================
==================================== link detector ====================================

----------------------------
src    dst :    delay
1152921504606846977 <---> 1152921504606846979 : 2.069711685180664
1152921504606846977 <---> 1152921504606846978 : 2.8574466705322266
1152921504606846978 <---> 1152921504606846979 : 2.034425735473633
1152921504606846978 <---> 1152921504606846977 : 2.0439624786376953
1152921504606846979 <---> 1152921504606846977 : 2.910614013671875
1152921504606846979 <---> 1152921504606846978 : 2.051830291748047
==================================== link detector ====================================

----------------------------
src    dst :    delay
1152921504606846977 <---> 1152921504606846979 : 2.9485225677490234
1152921504606846977 <---> 1152921504606846978 : 2.0096302032470703
1152921504606846978 <---> 1152921504606846979 : 2.107858657836914
1152921504606846978 <---> 1152921504606846977 : 2.972126007080078
1152921504606846979 <---> 1152921504606846977 : 2.166748046875
1152921504606846979 <---> 1152921504606846978 : 1.9931793212890625
discovery--->==================================== discovery ====================================
discovery---> cls: [(1152921504606846977, 1152921504606846979), (1152921504606846977, 1152921504606846978), (1152921504606846979, 1152921504606846978)]
discovery--->==============================
==================================== link detector ====================================

----------------------------
src    dst :    delay
1152921504606846977 <---> 1152921504606846979 : 2.111196517944336
1152921504606846977 <---> 1152921504606846978 : 2.9206275939941406
1152921504606846978 <---> 1152921504606846979 : 3.0558109283447266
1152921504606846978 <---> 1152921504606846977 : 2.9773712158203125
1152921504606846979 <---> 1152921504606846977 : 2.1190643310546875
1152921504606846979 <---> 1152921504606846978 : 2.9582977294921875
==================================== link detector ====================================

----------------------------
src    dst :    delay
1152921504606846977 <---> 1152921504606846979 : 3.345966339111328
1152921504606846977 <---> 1152921504606846978 : 2.0742416381835938
1152921504606846978 <---> 1152921504606846979 : 2.0661354064941406
1152921504606846978 <---> 1152921504606846977 : 1.8935203552246094
1152921504606846979 <---> 1152921504606846977 : 2.9528141021728516
1152921504606846979 <---> 1152921504606846978 : 3.0412673950195312
discovery--->==================================== discovery ====================================
discovery---> cls: [(1152921504606846977, 1152921504606846979), (1152921504606846977, 1152921504606846978), (1152921504606846979, 1152921504606846978)]
discovery--->==============================
==================================== link detector ====================================

----------------------------
src    dst :    delay
1152921504606846977 <---> 1152921504606846979 : 1.096963882446289
1152921504606846977 <---> 1152921504606846978 : 1.0249614715576172
1152921504606846978 <---> 1152921504606846979 : 1.0900497436523438
1152921504606846978 <---> 1152921504606846977 : 2.9251575469970703
1152921504606846979 <---> 1152921504606846977 : 3.0007362365722656
1152921504606846979 <---> 1152921504606846978 : 1.3480186462402344
discovery--->==================================== discovery ====================================
discovery---> cls: [(1152921504606846977, 1152921504606846979), (1152921504606846977, 1152921504606846978), (1152921504606846979, 1152921504606846978)]
discovery--->==============================
==================================== link detector ====================================

----------------------------
src    dst :    delay
1152921504606846977 <---> 1152921504606846979 : 1.9996166229248047
1152921504606846977 <---> 1152921504606846978 : 2.9599666595458984
1152921504606846978 <---> 1152921504606846979 : 2.112865447998047
1152921504606846978 <---> 1152921504606846977 : 1.2993812561035156
1152921504606846979 <---> 1152921504606846977 : 2.195596694946289
1152921504606846979 <---> 1152921504606846978 : 2.901315689086914
