loading app network_structure.py
loading app network_monitor.py
loading app network_delay.py
loading app network_shortest_path.py
loading app arp_handler.py
loading app ryu.controller.ofp_handler
instantiating app None of Switches
creating context switches
instantiating app network_structure.py of NetworkStructure
instantiating app network_monitor.py of NetworkMonitor
instantiating app network_delay.py of NetworkDelay
instantiating app network_shortest_path.py of NetworkShortestPath
instantiating app arp_handler.py of ArpHandler
instantiating app ryu.controller.ofp_handler of OFPHandler
discovery---> switch: 4 connected
discovery---> switch: 2 connected
discovery---> switch: 1 connected
discovery---> switch: 3 connected
discovery---> switch: 5 connected
monitor---->register datapath: 0000000000000004
monitor---->register datapath: 0000000000000003
monitor---->register datapath: 0000000000000002
monitor---->register datapath: 0000000000000001
monitor---->register datapath: 0000000000000005
discovery--->==================================== discovery ====================================
discovery---> cls: [(4, 5), (4, 1), (5, 2), (5, 3), (2, 1), (1, 3)]
discovery--->==============================
datapath         port     rx-pkts  rx-bytes rx-error tx-pkts  tx-bytes tx-error
---------------- -------- -------- -------- -------- -------- -------- --------
0000000000000004        1       12      720        0       11      660        0
0000000000000004        2       12      720        0       11      660        0
datapath         in-port  eth-dst           out-port packets  bytes
---------------- -------- ----------------- -------- -------- --------
datapath         port     rx-pkts  rx-bytes rx-error tx-pkts  tx-bytes tx-error
---------------- -------- -------- -------- -------- -------- -------- --------
0000000000000001        1       11      660        0       12      720        0
0000000000000001        2       11      660        0       11      660        0
0000000000000001        3       11      660        0       12      720        0
0000000000000001        4        9      746        0       11      660        0
0000000000000001        5        9      746        0       11      660        0
0000000000000001        6        9      746        0       11      660        0
datapath         in-port  eth-dst           out-port packets  bytes
---------------- -------- ----------------- -------- -------- --------
discovery--->==================================== discovery ====================================
discovery---> cls: [(4, 5), (4, 1), (5, 2), (5, 3), (2, 1), (1, 3)]
discovery--->==============================
datapath         port     rx-pkts  rx-bytes rx-error tx-pkts  tx-bytes tx-error
---------------- -------- -------- -------- -------- -------- -------- --------
0000000000000002        1       12      720        0       11      660        0
0000000000000002        2       12      720        0       11      660        0
datapath         in-port  eth-dst           out-port packets  bytes
---------------- -------- ----------------- -------- -------- --------
datapath         port     rx-pkts  rx-bytes rx-error tx-pkts  tx-bytes tx-error
---------------- -------- -------- -------- -------- -------- -------- --------
0000000000000005        1       11      660        0       12      720        0
0000000000000005        2       11      660        0       11      660        0
0000000000000005        3       11      660        0       12      720        0
0000000000000005        4        8      676        0       11      660        0
datapath         in-port  eth-dst           out-port packets  bytes
---------------- -------- ----------------- -------- -------- --------
datapath         port     rx-pkts  rx-bytes rx-error tx-pkts  tx-bytes tx-error
---------------- -------- -------- -------- -------- -------- -------- --------
0000000000000003        1       11      660        0       11      660        0
0000000000000003        2       11      660        0       11      660        0
datapath         in-port  eth-dst           out-port packets  bytes
---------------- -------- ----------------- -------- -------- --------
discovery--->==================================== discovery ====================================
discovery---> cls: [(4, 5), (4, 1), (5, 2), (5, 3), (2, 1), (1, 3)]
discovery--->==============================
datapath         port     rx-pkts  rx-bytes rx-error tx-pkts  tx-bytes tx-error
---------------- -------- -------- -------- -------- -------- -------- --------
0000000000000003        1       22     1320        0       23     1380        0
0000000000000003        2       23     1380        0       22     1320        0
datapath         in-port  eth-dst           out-port packets  bytes
---------------- -------- ----------------- -------- -------- --------
datapath         port     rx-pkts  rx-bytes rx-error tx-pkts  tx-bytes tx-error
---------------- -------- -------- -------- -------- -------- -------- --------
0000000000000004        1       23     1380        0       22     1320        0
0000000000000004        2       23     1380        0       22     1320        0
datapath         in-port  eth-dst           out-port packets  bytes
---------------- -------- ----------------- -------- -------- --------
datapath         port     rx-pkts  rx-bytes rx-error tx-pkts  tx-bytes tx-error
---------------- -------- -------- -------- -------- -------- -------- --------
0000000000000001        1       22     1320        0       23     1380        0
0000000000000001        2       23     1380        0       22     1320        0
0000000000000001        3       22     1320        0       23     1380        0
0000000000000001        4        9      746        0       22     1320        0
0000000000000001        5        9      746        0       22     1320        0
0000000000000001        6        9      746        0       22     1320        0
datapath         in-port  eth-dst           out-port packets  bytes
---------------- -------- ----------------- -------- -------- --------
datapath         port     rx-pkts  rx-bytes rx-error tx-pkts  tx-bytes tx-error
---------------- -------- -------- -------- -------- -------- -------- --------
0000000000000002        1       23     1380        0       22     1320        0
0000000000000002        2       23     1380        0       22     1320        0
datapath         in-port  eth-dst           out-port packets  bytes
---------------- -------- ----------------- -------- -------- --------
datapath         port     rx-pkts  rx-bytes rx-error tx-pkts  tx-bytes tx-error
---------------- -------- -------- -------- -------- -------- -------- --------
0000000000000005        1       22     1320        0       23     1380        0
0000000000000005        2       22     1320        0       23     1380        0
0000000000000005        3       22     1320        0       23     1380        0
0000000000000005        4        9      746        0       22     1320        0
datapath         in-port  eth-dst           out-port packets  bytes
---------------- -------- ----------------- -------- -------- --------
discovery--->==================================== discovery ====================================
discovery---> cls: [(4, 5), (4, 1), (5, 2), (5, 3), (2, 1), (1, 3)]
discovery--->==============================
discovery--->==================================== discovery ====================================
discovery---> cls: [(4, 5), (4, 1), (5, 2), (5, 3), (2, 1), (1, 3)]
discovery--->==============================
datapath         port     rx-pkts  rx-bytes rx-error tx-pkts  tx-bytes tx-error
---------------- -------- -------- -------- -------- -------- -------- --------
0000000000000003        1       33     1980        0       34     2040        0
0000000000000003        2       34     2040        0       33     1980        0
datapath         in-port  eth-dst           out-port packets  bytes
---------------- -------- ----------------- -------- -------- --------
datapath         port     rx-pkts  rx-bytes rx-error tx-pkts  tx-bytes tx-error
---------------- -------- -------- -------- -------- -------- -------- --------
0000000000000004        1       34     2040        0       33     1980        0
0000000000000004        2       34     2040        0       33     1980        0
datapath         in-port  eth-dst           out-port packets  bytes
---------------- -------- ----------------- -------- -------- --------
datapath         port     rx-pkts  rx-bytes rx-error tx-pkts  tx-bytes tx-error
---------------- -------- -------- -------- -------- -------- -------- --------
0000000000000002        1       34     2040        0       33     1980        0
0000000000000002        2       34     2040        0       33     1980        0
datapath         in-port  eth-dst           out-port packets  bytes
---------------- -------- ----------------- -------- -------- --------
datapath         port     rx-pkts  rx-bytes rx-error tx-pkts  tx-bytes tx-error
---------------- -------- -------- -------- -------- -------- -------- --------
0000000000000005        1       33     1980        0       34     2040        0
0000000000000005        2       33     1980        0       34     2040        0
0000000000000005        3       33     1980        0       34     2040        0
0000000000000005        4       10      816        0       33     1980        0
datapath         in-port  eth-dst           out-port packets  bytes
---------------- -------- ----------------- -------- -------- --------
datapath         port     rx-pkts  rx-bytes rx-error tx-pkts  tx-bytes tx-error
---------------- -------- -------- -------- -------- -------- -------- --------
0000000000000001        1       33     1980        0       34     2040        0
0000000000000001        2       34     2040        0       33     1980        0
0000000000000001        3       33     1980        0       34     2040        0
0000000000000001        4       10      816        0       33     1980        0
0000000000000001        5       10      816        0       33     1980        0
0000000000000001        6       10      816        0       33     1980        0
datapath         in-port  eth-dst           out-port packets  bytes
---------------- -------- ----------------- -------- -------- --------
discovery--->==================================== discovery ====================================
discovery---> cls: [(4, 5), (4, 1), (5, 2), (5, 3), (2, 1), (1, 3)]
discovery--->==============================
discovery--->==================================== discovery ====================================
discovery---> cls: [(4, 5), (4, 1), (5, 2), (5, 3), (2, 1), (1, 3)]
discovery--->==============================
