loading app network_structure.py
loading app network_monitor.py
loading app network_delay.py
loading app network_shortest_path.py
loading app arp_handler.py
loading app ryu.controller.ofp_handler
instantiating app None of Switches
creating context switches
instantiating app network_structure.py of NetworkStructure
instantiating app network_monitor.py of NetworkMonitor
instantiating app network_delay.py of NetworkDelay
instantiating app network_shortest_path.py of NetworkShortestPath
instantiating app arp_handler.py of ArpHandler
instantiating app ryu.controller.ofp_handler of OFPHandler
==================================== link detector ====================================

----------------------------
src    dst :    delay
discovery--->==================================== discovery ====================================
discovery---> cls: []
discovery--->==============================
==================================== link detector ====================================

----------------------------
src    dst :    delay
discovery---> switch: 1152921504606846977 connected
discovery---> switch: 1152921504606846978 connected
discovery---> switch: 1152921504606846979 connected
monitor---->register datapath: 1000000000000001
monitor---->register datapath: 1000000000000002
monitor---->register datapath: 1000000000000003
==================================== link detector ====================================

----------------------------
src    dst :    delay
1152921504606846979 <---> 1152921504606846977 : 3.3483505249023438
1152921504606846977 <---> 1152921504606846979 : 3.6420822143554688
discovery--->==================================== discovery ====================================
discovery---> cls: [(1152921504606846979, 1152921504606846977)]
discovery--->==============================
datapath         port     rx-pkts  rx-bytes rx-error tx-pkts  tx-bytes tx-error
---------------- -------- -------- -------- -------- -------- -------- --------
1000000000000001        1        0        0        0       23     3214        0
1000000000000001        2       27     3080        0       28     3812        0
datapath         in-port  eth-dst           out-port packets  bytes
---------------- -------- ----------------- -------- -------- --------
datapath         port     rx-pkts  rx-bytes rx-error tx-pkts  tx-bytes tx-error
---------------- -------- -------- -------- -------- -------- -------- --------
1000000000000002        1        0        0        0       23     3214        0
1000000000000002        2        0        0        0        0        0        0
datapath         in-port  eth-dst           out-port packets  bytes
---------------- -------- ----------------- -------- -------- --------
datapath         port     rx-pkts  rx-bytes rx-error tx-pkts  tx-bytes tx-error
---------------- -------- -------- -------- -------- -------- -------- --------
1000000000000003        1        0        0        0       23     3214        0
1000000000000003        3       28     3140        0       27     3728        0
datapath         in-port  eth-dst           out-port packets  bytes
---------------- -------- ----------------- -------- -------- --------
==================================== link detector ====================================

----------------------------
src    dst :    delay
1152921504606846979 <---> 1152921504606846977 : 3.2358169555664062
1152921504606846977 <---> 1152921504606846979 : 3.276348114013672
discovery--->==================================== discovery ====================================
discovery---> cls: [(1152921504606846979, 1152921504606846977)]
discovery--->==============================
hub: uncaught exception: Traceback (most recent call last):
  File "/usr/local/lib/python3.8/dist-packages/ryu/lib/hub.py", line 60, in _launch
    return func(*args, **kwargs)
  File "/home/terry/LJQ/Task/ryu/network_monitor.py", line 59, in scheduler
    self.create_bandwidth_graph()
  File "/home/terry/LJQ/Task/ryu/network_monitor.py", line 316, in create_bandwidth_graph
    capacity = self.network_structure.m_graph[src_dpid][dst_dpid]['bw']
  File "/usr/local/lib/python3.8/dist-packages/networkx/classes/cls.py", line 517, in __getitem__
    return self.adj[n]
  File "/usr/local/lib/python3.8/dist-packages/networkx/classes/coreviews.py", line 82, in __getitem__
    return AtlasView(self._atlas[name])
KeyError: 1152921504606846979

datapath         port     rx-pkts  rx-bytes rx-error tx-pkts  tx-bytes tx-error
---------------- -------- -------- -------- -------- -------- -------- --------
1000000000000001        1        0        0        0       29     3682        0
1000000000000001        2       33     3440        0       34     4316        0
datapath         in-port  eth-dst           out-port packets  bytes
---------------- -------- ----------------- -------- -------- --------
datapath         port     rx-pkts  rx-bytes rx-error tx-pkts  tx-bytes tx-error
---------------- -------- -------- -------- -------- -------- -------- --------
1000000000000003        1        0        0        0       29     3682        0
1000000000000003        3       34     3500        0       33     4232        0
datapath         in-port  eth-dst           out-port packets  bytes
---------------- -------- ----------------- -------- -------- --------
datapath         port     rx-pkts  rx-bytes rx-error tx-pkts  tx-bytes tx-error
---------------- -------- -------- -------- -------- -------- -------- --------
1000000000000002        1        0        0        0       29     3682        0
1000000000000002        2        0        0        0        0        0        0
datapath         in-port  eth-dst           out-port packets  bytes
---------------- -------- ----------------- -------- -------- --------
==================================== link detector ====================================

----------------------------
src    dst :    delay
1152921504606846979 <---> 1152921504606846977 : 3.670215606689453
1152921504606846977 <---> 1152921504606846979 : 3.5393238067626953
==================================== link detector ====================================

----------------------------
src    dst :    delay
1152921504606846979 <---> 1152921504606846977 : 3.3707618713378906
1152921504606846977 <---> 1152921504606846979 : 3.412961959838867
discovery--->==================================== discovery ====================================
discovery---> cls: [(1152921504606846979, 1152921504606846977)]
discovery--->==============================
==================================== link detector ====================================

----------------------------
src    dst :    delay
1152921504606846979 <---> 1152921504606846977 : 3.3063888549804688
1152921504606846977 <---> 1152921504606846979 : 3.3524036407470703
==================================== link detector ====================================

----------------------------
src    dst :    delay
1152921504606846979 <---> 1152921504606846977 : 3.2434463500976562
1152921504606846977 <---> 1152921504606846979 : 3.290414810180664
discovery--->==================================== discovery ====================================
discovery---> cls: [(1152921504606846979, 1152921504606846977)]
discovery--->==============================
==================================== link detector ====================================

----------------------------
src    dst :    delay
1152921504606846979 <---> 1152921504606846977 : 3.585338592529297
1152921504606846977 <---> 1152921504606846979 : 3.5414695739746094
discovery--->==================================== discovery ====================================
discovery---> cls: [(1152921504606846979, 1152921504606846977)]
discovery--->==============================
==================================== link detector ====================================

----------------------------
src    dst :    delay
1152921504606846979 <---> 1152921504606846977 : 3.328561782836914
1152921504606846977 <---> 1152921504606846979 : 3.9060115814208984
==================================== link detector ====================================

----------------------------
src    dst :    delay
1152921504606846979 <---> 1152921504606846977 : 3.307342529296875
1152921504606846977 <---> 1152921504606846979 : 3.5648345947265625
discovery--->==================================== discovery ====================================
discovery---> cls: [(1152921504606846979, 1152921504606846977)]
discovery--->==============================
==================================== link detector ====================================

----------------------------
src    dst :    delay
1152921504606846979 <---> 1152921504606846977 : 3.301858901977539
1152921504606846977 <---> 1152921504606846979 : 3.242969512939453
discovery--->==================================== discovery ====================================
discovery---> cls: [(1152921504606846979, 1152921504606846977)]
discovery--->==============================
==================================== link detector ====================================

----------------------------
src    dst :    delay
1152921504606846979 <---> 1152921504606846977 : 3.6160945892333984
1152921504606846977 <---> 1152921504606846979 : 3.5469532012939453
==================================== link detector ====================================

----------------------------
src    dst :    delay
1152921504606846979 <---> 1152921504606846977 : 3.324270248413086
1152921504606846977 <---> 1152921504606846979 : 3.5147666931152344
discovery--->==================================== discovery ====================================
discovery---> cls: [(1152921504606846979, 1152921504606846977)]
discovery--->==============================
==================================== link detector ====================================

----------------------------
src    dst :    delay
1152921504606846979 <---> 1152921504606846977 : 3.8683414459228516
1152921504606846977 <---> 1152921504606846979 : 3.626585006713867
discovery--->==================================== discovery ====================================
discovery---> cls: [(1152921504606846979, 1152921504606846977)]
discovery--->==============================
==================================== link detector ====================================

----------------------------
src    dst :    delay
1152921504606846979 <---> 1152921504606846977 : 3.554821014404297
1152921504606846977 <---> 1152921504606846979 : 3.1664371490478516
==================================== link detector ====================================

----------------------------
src    dst :    delay
1152921504606846979 <---> 1152921504606846977 : 3.232240676879883
1152921504606846977 <---> 1152921504606846979 : 3.2651424407958984
discovery--->==================================== discovery ====================================
discovery---> cls: [(1152921504606846979, 1152921504606846977)]
discovery--->==============================
==================================== link detector ====================================

----------------------------
src    dst :    delay
1152921504606846979 <---> 1152921504606846977 : 3.7436485290527344
1152921504606846977 <---> 1152921504606846979 : 3.468036651611328
==================================== link detector ====================================

----------------------------
src    dst :    delay
1152921504606846979 <---> 1152921504606846977 : 3.5431385040283203
1152921504606846977 <---> 1152921504606846979 : 3.0291080474853516
discovery--->==================================== discovery ====================================
discovery---> cls: [(1152921504606846979, 1152921504606846977)]
discovery--->==============================
==================================== link detector ====================================

----------------------------
src    dst :    delay
1152921504606846979 <---> 1152921504606846977 : 3.278970718383789
1152921504606846977 <---> 1152921504606846979 : 3.3004283905029297
discovery--->==================================== discovery ====================================
discovery---> cls: [(1152921504606846979, 1152921504606846977)]
discovery--->==============================
==================================== link detector ====================================

----------------------------
src    dst :    delay
1152921504606846979 <---> 1152921504606846977 : 3.213644027709961
1152921504606846977 <---> 1152921504606846979 : 3.6039352416992188
==================================== link detector ====================================

----------------------------
src    dst :    delay
1152921504606846979 <---> 1152921504606846977 : 3.2606124877929688
1152921504606846977 <---> 1152921504606846979 : 3.60870361328125
discovery--->==================================== discovery ====================================
discovery---> cls: [(1152921504606846979, 1152921504606846977)]
discovery--->==============================
==================================== link detector ====================================

----------------------------
src    dst :    delay
1152921504606846979 <---> 1152921504606846977 : 3.360748291015625
1152921504606846977 <---> 1152921504606846979 : 3.33404541015625
discovery--->==================================== discovery ====================================
discovery---> cls: [(1152921504606846979, 1152921504606846977)]
discovery--->==============================
==================================== link detector ====================================

----------------------------
src    dst :    delay
1152921504606846979 <---> 1152921504606846977 : 3.605365753173828
1152921504606846977 <---> 1152921504606846979 : 3.3490657806396484
==================================== link detector ====================================

----------------------------
src    dst :    delay
1152921504606846979 <---> 1152921504606846977 : 3.336668014526367
1152921504606846977 <---> 1152921504606846979 : 3.324270248413086
discovery--->==================================== discovery ====================================
discovery---> cls: [(1152921504606846979, 1152921504606846977)]
discovery--->==============================
==================================== link detector ====================================

----------------------------
src    dst :    delay
1152921504606846979 <---> 1152921504606846977 : 4.913330078125
1152921504606846977 <---> 1152921504606846979 : 3.7584304809570312
==================================== link detector ====================================

----------------------------
src    dst :    delay
1152921504606846979 <---> 1152921504606846977 : 3.6695003509521484
1152921504606846977 <---> 1152921504606846979 : 3.2286643981933594
discovery--->==================================== discovery ====================================
discovery---> cls: [(1152921504606846979, 1152921504606846977)]
discovery--->==============================
==================================== link detector ====================================

----------------------------
src    dst :    delay
1152921504606846979 <---> 1152921504606846977 : 3.344297409057617
1152921504606846977 <---> 1152921504606846979 : 3.248929977416992
discovery--->==================================== discovery ====================================
discovery---> cls: [(1152921504606846979, 1152921504606846977)]
discovery--->==============================
==================================== link detector ====================================

----------------------------
src    dst :    delay
1152921504606846979 <---> 1152921504606846977 : 3.4227371215820312
1152921504606846977 <---> 1152921504606846979 : 5.059003829956055
==================================== link detector ====================================

----------------------------
src    dst :    delay
1152921504606846979 <---> 1152921504606846977 : 3.660440444946289
1152921504606846977 <---> 1152921504606846979 : 3.3354759216308594
discovery--->==================================== discovery ====================================
discovery---> cls: [(1152921504606846979, 1152921504606846977)]
discovery--->==============================
==================================== link detector ====================================

----------------------------
src    dst :    delay
1152921504606846979 <---> 1152921504606846977 : 3.4508705139160156
1152921504606846977 <---> 1152921504606846979 : 3.3016204833984375
discovery--->==================================== discovery ====================================
discovery---> cls: [(1152921504606846979, 1152921504606846977)]
discovery--->==============================
==================================== link detector ====================================

----------------------------
src    dst :    delay
1152921504606846979 <---> 1152921504606846977 : 3.2987594604492188
1152921504606846977 <---> 1152921504606846979 : 3.5812854766845703
==================================== link detector ====================================

----------------------------
src    dst :    delay
1152921504606846979 <---> 1152921504606846977 : 3.322601318359375
1152921504606846977 <---> 1152921504606846979 : 3.2579898834228516
discovery--->==================================== discovery ====================================
discovery---> cls: [(1152921504606846979, 1152921504606846977)]
discovery--->==============================
==================================== link detector ====================================

----------------------------
src    dst :    delay
1152921504606846979 <---> 1152921504606846977 : 3.2777786254882812
1152921504606846977 <---> 1152921504606846979 : 3.585338592529297
==================================== link detector ====================================

----------------------------
src    dst :    delay
1152921504606846979 <---> 1152921504606846977 : 3.159761428833008
1152921504606846977 <---> 1152921504606846979 : 3.341197967529297
discovery--->==================================== discovery ====================================
discovery---> cls: [(1152921504606846979, 1152921504606846977)]
discovery--->==============================
==================================== link detector ====================================

----------------------------
src    dst :    delay
1152921504606846979 <---> 1152921504606846977 : 3.2465457916259766
1152921504606846977 <---> 1152921504606846979 : 3.2994747161865234
discovery--->==================================== discovery ====================================
discovery---> cls: [(1152921504606846979, 1152921504606846977)]
discovery--->==============================
==================================== link detector ====================================

----------------------------
src    dst :    delay
1152921504606846979 <---> 1152921504606846977 : 3.2885074615478516
1152921504606846977 <---> 1152921504606846979 : 3.644704818725586
==================================== link detector ====================================

----------------------------
src    dst :    delay
1152921504606846979 <---> 1152921504606846977 : 3.2813549041748047
1152921504606846977 <---> 1152921504606846979 : 3.712177276611328
discovery--->==================================== discovery ====================================
discovery---> cls: [(1152921504606846979, 1152921504606846977)]
discovery--->==============================
==================================== link detector ====================================

----------------------------
src    dst :    delay
1152921504606846979 <---> 1152921504606846977 : 3.5293102264404297
1152921504606846977 <---> 1152921504606846979 : 3.316164016723633
discovery--->==================================== discovery ====================================
discovery---> cls: [(1152921504606846979, 1152921504606846977)]
discovery--->==============================
==================================== link detector ====================================

----------------------------
src    dst :    delay
1152921504606846979 <---> 1152921504606846977 : 3.3140182495117188
1152921504606846977 <---> 1152921504606846979 : 3.3032894134521484
==================================== link detector ====================================

----------------------------
src    dst :    delay
1152921504606846979 <---> 1152921504606846977 : 3.3919811248779297
1152921504606846977 <---> 1152921504606846979 : 3.510713577270508
discovery--->==================================== discovery ====================================
discovery---> cls: [(1152921504606846979, 1152921504606846977)]
discovery--->==============================
==================================== link detector ====================================

----------------------------
src    dst :    delay
1152921504606846979 <---> 1152921504606846977 : 3.3309459686279297
1152921504606846977 <---> 1152921504606846979 : 3.660440444946289
discovery--->==================================== discovery ====================================
discovery---> cls: [(1152921504606846979, 1152921504606846977)]
discovery--->==============================
==================================== link detector ====================================

----------------------------
src    dst :    delay
1152921504606846979 <---> 1152921504606846977 : 3.346681594848633
1152921504606846977 <---> 1152921504606846979 : 4.05573844909668
==================================== link detector ====================================

----------------------------
src    dst :    delay
1152921504606846979 <---> 1152921504606846977 : 3.7610530853271484
1152921504606846977 <---> 1152921504606846979 : 3.2663345336914062
discovery--->==================================== discovery ====================================
discovery---> cls: [(1152921504606846979, 1152921504606846977)]
discovery--->==============================
==================================== link detector ====================================

----------------------------
src    dst :    delay
1152921504606846979 <---> 1152921504606846977 : 3.3550262451171875
1152921504606846977 <---> 1152921504606846979 : 3.283262252807617
==================================== link detector ====================================

----------------------------
src    dst :    delay
1152921504606846979 <---> 1152921504606846977 : 3.5233497619628906
1152921504606846977 <---> 1152921504606846979 : 3.671884536743164
discovery--->==================================== discovery ====================================
discovery---> cls: [(1152921504606846979, 1152921504606846977)]
discovery--->==============================
==================================== link detector ====================================

----------------------------
src    dst :    delay
1152921504606846979 <---> 1152921504606846977 : 3.268003463745117
1152921504606846977 <---> 1152921504606846979 : 3.618478775024414
discovery--->==================================== discovery ====================================
discovery---> cls: [(1152921504606846979, 1152921504606846977)]
discovery--->==============================
==================================== link detector ====================================

----------------------------
src    dst :    delay
1152921504606846979 <---> 1152921504606846977 : 3.317594528198242
1152921504606846977 <---> 1152921504606846979 : 3.3228397369384766
==================================== link detector ====================================

----------------------------
src    dst :    delay
1152921504606846979 <---> 1152921504606846977 : 3.765583038330078
1152921504606846977 <---> 1152921504606846979 : 3.6580562591552734
discovery--->==================================== discovery ====================================
discovery---> cls: [(1152921504606846979, 1152921504606846977)]
discovery--->==============================
==================================== link detector ====================================

----------------------------
src    dst :    delay
1152921504606846979 <---> 1152921504606846977 : 3.31878662109375
1152921504606846977 <---> 1152921504606846979 : 3.165721893310547
discovery--->==================================== discovery ====================================
discovery---> cls: [(1152921504606846979, 1152921504606846977)]
discovery--->==============================
==================================== link detector ====================================

----------------------------
src    dst :    delay
1152921504606846979 <---> 1152921504606846977 : 3.6203861236572266
1152921504606846977 <---> 1152921504606846979 : 3.7293434143066406
==================================== link detector ====================================

----------------------------
src    dst :    delay
1152921504606846979 <---> 1152921504606846977 : 3.6971569061279297
1152921504606846977 <---> 1152921504606846979 : 3.261566162109375
discovery--->==================================== discovery ====================================
discovery---> cls: [(1152921504606846979, 1152921504606846977)]
discovery--->==============================
==================================== link detector ====================================

----------------------------
src    dst :    delay
1152921504606846979 <---> 1152921504606846977 : 3.165006637573242
1152921504606846977 <---> 1152921504606846979 : 3.6356449127197266
==================================== link detector ====================================

----------------------------
src    dst :    delay
1152921504606846979 <---> 1152921504606846977 : 3.269672393798828
1152921504606846977 <---> 1152921504606846979 : 3.60870361328125
discovery--->==================================== discovery ====================================
discovery---> cls: [(1152921504606846979, 1152921504606846977)]
discovery--->==============================
==================================== link detector ====================================

----------------------------
src    dst :    delay
1152921504606846979 <---> 1152921504606846977 : 3.2775402069091797
1152921504606846977 <---> 1152921504606846979 : 3.3011436462402344
discovery--->==================================== discovery ====================================
discovery---> cls: [(1152921504606846979, 1152921504606846977)]
discovery--->==============================
==================================== link detector ====================================

----------------------------
src    dst :    delay
1152921504606846979 <---> 1152921504606846977 : 3.6923885345458984
1152921504606846977 <---> 1152921504606846979 : 3.186464309692383
==================================== link detector ====================================

----------------------------
src    dst :    delay
1152921504606846979 <---> 1152921504606846977 : 4.121065139770508
1152921504606846977 <---> 1152921504606846979 : 3.3185482025146484
discovery--->==================================== discovery ====================================
discovery---> cls: [(1152921504606846979, 1152921504606846977)]
discovery--->==============================
==================================== link detector ====================================

----------------------------
src    dst :    delay
1152921504606846979 <---> 1152921504606846977 : 3.391742706298828
1152921504606846977 <---> 1152921504606846979 : 3.683805465698242
discovery--->==================================== discovery ====================================
discovery---> cls: [(1152921504606846979, 1152921504606846977)]
discovery--->==============================
==================================== link detector ====================================

----------------------------
src    dst :    delay
1152921504606846979 <---> 1152921504606846977 : 3.53240966796875
1152921504606846977 <---> 1152921504606846979 : 3.3593177795410156
==================================== link detector ====================================

----------------------------
src    dst :    delay
1152921504606846979 <---> 1152921504606846977 : 4.091501235961914
1152921504606846977 <---> 1152921504606846979 : 3.2432079315185547
discovery--->==================================== discovery ====================================
discovery---> cls: [(1152921504606846979, 1152921504606846977)]
discovery--->==============================
==================================== link detector ====================================

----------------------------
src    dst :    delay
1152921504606846979 <---> 1152921504606846977 : 3.2346248626708984
1152921504606846977 <---> 1152921504606846979 : 3.266572952270508
discovery--->==================================== discovery ====================================
discovery---> cls: [(1152921504606846979, 1152921504606846977)]
discovery--->==============================
==================================== link detector ====================================

----------------------------
src    dst :    delay
1152921504606846979 <---> 1152921504606846977 : 3.353595733642578
1152921504606846977 <---> 1152921504606846979 : 3.2973289489746094
==================================== link detector ====================================

----------------------------
src    dst :    delay
1152921504606846979 <---> 1152921504606846977 : 3.236532211303711
1152921504606846977 <---> 1152921504606846979 : 3.275632858276367
discovery--->==================================== discovery ====================================
discovery---> cls: [(1152921504606846979, 1152921504606846977)]
discovery--->==============================
==================================== link detector ====================================

----------------------------
src    dst :    delay
1152921504606846979 <---> 1152921504606846977 : 3.6487579345703125
1152921504606846977 <---> 1152921504606846979 : 1.6520023345947266
==================================== link detector ====================================

----------------------------
src    dst :    delay
1152921504606846979 <---> 1152921504606846977 : 3.332376480102539
1152921504606846977 <---> 1152921504606846979 : 3.541707992553711
discovery--->==================================== discovery ====================================
discovery---> cls: [(1152921504606846979, 1152921504606846977)]
discovery--->==============================
==================================== link detector ====================================

----------------------------
src    dst :    delay
1152921504606846979 <---> 1152921504606846977 : 3.301382064819336
1152921504606846977 <---> 1152921504606846979 : 3.6253929138183594
discovery--->==================================== discovery ====================================
discovery---> cls: [(1152921504606846979, 1152921504606846977)]
discovery--->==============================
==================================== link detector ====================================

----------------------------
src    dst :    delay
1152921504606846979 <---> 1152921504606846977 : 3.1540393829345703
1152921504606846977 <---> 1152921504606846979 : 3.2880306243896484
==================================== link detector ====================================

----------------------------
src    dst :    delay
1152921504606846979 <---> 1152921504606846977 : 3.2858848571777344
1152921504606846977 <---> 1152921504606846979 : 3.308534622192383
discovery--->==================================== discovery ====================================
discovery---> cls: [(1152921504606846979, 1152921504606846977)]
discovery--->==============================
==================================== link detector ====================================

----------------------------
src    dst :    delay
1152921504606846979 <---> 1152921504606846977 : 3.744840621948242
1152921504606846977 <---> 1152921504606846979 : 3.374814987182617
discovery--->==================================== discovery ====================================
discovery---> cls: [(1152921504606846979, 1152921504606846977)]
discovery--->==============================
==================================== link detector ====================================

----------------------------
src    dst :    delay
1152921504606846979 <---> 1152921504606846977 : 4.114389419555664
1152921504606846977 <---> 1152921504606846979 : 3.651142120361328
==================================== link detector ====================================

----------------------------
src    dst :    delay
1152921504606846979 <---> 1152921504606846977 : 3.6208629608154297
1152921504606846977 <---> 1152921504606846979 : 3.364086151123047
discovery--->==================================== discovery ====================================
discovery---> cls: [(1152921504606846979, 1152921504606846977)]
discovery--->==============================
==================================== link detector ====================================

----------------------------
src    dst :    delay
1152921504606846979 <---> 1152921504606846977 : 3.820180892944336
1152921504606846977 <---> 1152921504606846979 : 3.665924072265625
==================================== link detector ====================================

----------------------------
src    dst :    delay
1152921504606846979 <---> 1152921504606846977 : 3.354787826538086
1152921504606846977 <---> 1152921504606846979 : 3.570556640625
discovery--->==================================== discovery ====================================
discovery---> cls: [(1152921504606846979, 1152921504606846977)]
discovery--->==============================
==================================== link detector ====================================

----------------------------
src    dst :    delay
1152921504606846979 <---> 1152921504606846977 : 3.2668113708496094
1152921504606846977 <---> 1152921504606846979 : 3.2978057861328125
discovery--->==================================== discovery ====================================
discovery---> cls: [(1152921504606846979, 1152921504606846977)]
discovery--->==============================
==================================== link detector ====================================

----------------------------
src    dst :    delay
1152921504606846979 <---> 1152921504606846977 : 3.545522689819336
1152921504606846977 <---> 1152921504606846979 : 3.325223922729492
==================================== link detector ====================================

----------------------------
src    dst :    delay
1152921504606846979 <---> 1152921504606846977 : 3.2613277435302734
1152921504606846977 <---> 1152921504606846979 : 3.811359405517578
discovery--->==================================== discovery ====================================
discovery---> cls: [(1152921504606846979, 1152921504606846977)]
discovery--->==============================
==================================== link detector ====================================

----------------------------
src    dst :    delay
1152921504606846979 <---> 1152921504606846977 : 3.5157203674316406
1152921504606846977 <---> 1152921504606846979 : 3.329753875732422
discovery--->==================================== discovery ====================================
discovery---> cls: [(1152921504606846979, 1152921504606846977)]
discovery--->==============================
==================================== link detector ====================================

----------------------------
src    dst :    delay
1152921504606846979 <---> 1152921504606846977 : 3.617525100708008
1152921504606846977 <---> 1152921504606846979 : 3.261566162109375
==================================== link detector ====================================

----------------------------
src    dst :    delay
1152921504606846979 <---> 1152921504606846977 : 3.3211708068847656
1152921504606846977 <---> 1152921504606846979 : 3.2618045806884766
discovery--->==================================== discovery ====================================
discovery---> cls: [(1152921504606846979, 1152921504606846977)]
discovery--->==============================
==================================== link detector ====================================

----------------------------
src    dst :    delay
1152921504606846979 <---> 1152921504606846977 : 3.4852027893066406
1152921504606846977 <---> 1152921504606846979 : 4.655599594116211
==================================== link detector ====================================

----------------------------
src    dst :    delay
1152921504606846979 <---> 1152921504606846977 : 3.6046504974365234
1152921504606846977 <---> 1152921504606846979 : 3.561735153198242
discovery--->==================================== discovery ====================================
discovery---> cls: [(1152921504606846979, 1152921504606846977)]
discovery--->==============================
==================================== link detector ====================================

----------------------------
src    dst :    delay
1152921504606846979 <---> 1152921504606846977 : 3.245115280151367
1152921504606846977 <---> 1152921504606846979 : 3.3407211303710938
discovery--->==================================== discovery ====================================
discovery---> cls: [(1152921504606846979, 1152921504606846977)]
discovery--->==============================
==================================== link detector ====================================

----------------------------
src    dst :    delay
1152921504606846979 <---> 1152921504606846977 : 3.2274723052978516
1152921504606846977 <---> 1152921504606846979 : 4.021406173706055
==================================== link detector ====================================

----------------------------
src    dst :    delay
1152921504606846979 <---> 1152921504606846977 : 3.597736358642578
1152921504606846977 <---> 1152921504606846979 : 3.324270248413086
discovery--->==================================== discovery ====================================
discovery---> cls: [(1152921504606846979, 1152921504606846977)]
discovery--->==============================
==================================== link detector ====================================

----------------------------
src    dst :    delay
1152921504606846979 <---> 1152921504606846977 : 3.139495849609375
1152921504606846977 <---> 1152921504606846979 : 3.606081008911133
discovery--->==================================== discovery ====================================
discovery---> cls: [(1152921504606846979, 1152921504606846977)]
discovery--->==============================
==================================== link detector ====================================

----------------------------
src    dst :    delay
1152921504606846979 <---> 1152921504606846977 : 3.3333301544189453
1152921504606846977 <---> 1152921504606846979 : 3.618955612182617
==================================== link detector ====================================

----------------------------
src    dst :    delay
1152921504606846979 <---> 1152921504606846977 : 3.542184829711914
1152921504606846977 <---> 1152921504606846979 : 3.60107421875
discovery--->==================================== discovery ====================================
discovery---> cls: [(1152921504606846979, 1152921504606846977)]
discovery--->==============================
==================================== link detector ====================================

----------------------------
src    dst :    delay
1152921504606846979 <---> 1152921504606846977 : 3.5600662231445312
1152921504606846977 <---> 1152921504606846979 : 3.2663345336914062
discovery--->==================================== discovery ====================================
discovery---> cls: [(1152921504606846979, 1152921504606846977)]
discovery--->==============================
==================================== link detector ====================================

----------------------------
src    dst :    delay
1152921504606846979 <---> 1152921504606846977 : 3.652811050415039
1152921504606846977 <---> 1152921504606846979 : 3.2625198364257812
==================================== link detector ====================================

----------------------------
src    dst :    delay
1152921504606846979 <---> 1152921504606846977 : 3.331899642944336
1152921504606846977 <---> 1152921504606846979 : 3.643512725830078
discovery--->==================================== discovery ====================================
discovery---> cls: [(1152921504606846979, 1152921504606846977)]
discovery--->==============================
==================================== link detector ====================================

----------------------------
src    dst :    delay
1152921504606846979 <---> 1152921504606846977 : 3.3087730407714844
1152921504606846977 <---> 1152921504606846979 : 3.3197402954101562
==================================== link detector ====================================

----------------------------
src    dst :    delay
1152921504606846979 <---> 1152921504606846977 : 3.324270248413086
1152921504606846977 <---> 1152921504606846979 : 3.268003463745117
discovery--->==================================== discovery ====================================
discovery---> cls: [(1152921504606846979, 1152921504606846977)]
discovery--->==============================
==================================== link detector ====================================

----------------------------
src    dst :    delay
1152921504606846979 <---> 1152921504606846977 : 3.3388137817382812
1152921504606846977 <---> 1152921504606846979 : 3.5822391510009766
discovery--->==================================== discovery ====================================
discovery---> cls: [(1152921504606846979, 1152921504606846977)]
discovery--->==============================
==================================== link detector ====================================

----------------------------
src    dst :    delay
1152921504606846979 <---> 1152921504606846977 : 3.3075809478759766
1152921504606846977 <---> 1152921504606846979 : 3.2989978790283203
==================================== link detector ====================================

----------------------------
src    dst :    delay
1152921504606846979 <---> 1152921504606846977 : 3.3445358276367188
1152921504606846977 <---> 1152921504606846979 : 3.309965133666992
discovery--->==================================== discovery ====================================
discovery---> cls: [(1152921504606846979, 1152921504606846977)]
discovery--->==============================
==================================== link detector ====================================

----------------------------
src    dst :    delay
1152921504606846979 <---> 1152921504606846977 : 3.5305023193359375
1152921504606846977 <---> 1152921504606846979 : 3.324747085571289
discovery--->==================================== discovery ====================================
discovery---> cls: [(1152921504606846979, 1152921504606846977)]
discovery--->==============================
==================================== link detector ====================================

----------------------------
src    dst :    delay
1152921504606846979 <---> 1152921504606846977 : 3.3254623413085938
1152921504606846977 <---> 1152921504606846979 : 3.6013126373291016
==================================== link detector ====================================

----------------------------
src    dst :    delay
1152921504606846979 <---> 1152921504606846977 : 3.459930419921875
1152921504606846977 <---> 1152921504606846979 : 3.233671188354492
discovery--->==================================== discovery ====================================
discovery---> cls: [(1152921504606846979, 1152921504606846977)]
discovery--->==============================
