loading app network_structure.py
Matplotlib created a temporary config/cache directory at /tmp/matplotlib-dzkff3e1 because the default path (/home/terry/.config/matplotlib) is not a writable directory; it is highly recommended to set the MPLCONFIGDIR environment variable to a writable directory, in particular to speed up the import of Matplotlib and to better support multiprocessing.
Generating new fontManager, this may take some time...
Failed to extract font properties from /usr/share/fonts/truetype/noto/NotoColorEmoji.ttf: In FT2Font: Can not load face.  Unknown file format.
loading app network_monitor.py
loading app network_delay.py
loading app network_shortest_path.py
loading app arp_handler.py
loading app ryu.controller.ofp_handler
instantiating app None of Switches
creating context switches
instantiating app network_structure.py of NetworkStructure
instantiating app network_monitor.py of NetworkMonitor
instantiating app network_delay.py of NetworkDelay
instantiating app network_shortest_path.py of NetworkShortestPath
instantiating app arp_handler.py of ArpHandler
instantiating app ryu.controller.ofp_handler of OFPHandler
==================================== link detector ====================================

----------------------------
src    dst :    delay
discovery--->==================================== discovery ====================================
discovery---> cls: []
discovery--->==============================
==================================== link detector ====================================

----------------------------
src    dst :    delay
discovery---> switch: 1152921504606846978 connected
monitor---->register datapath: 1000000000000002
---> OFPPortStatus received: reason=MODIFY desc=OFPPort(port_no=2,hw_addr='aa:6a:e1:cf:f3:20',name=b'ap2-eth2',config=0,state=4,curr=2112,advertised=0,supported=0,peer=0,curr_speed=10000000,max_speed=0)
---> OFPPortStatus received: reason=MODIFY desc=OFPPort(port_no=3,hw_addr='3e:bb:43:81:31:42',name=b'ap2-eth3',config=0,state=4,curr=2112,advertised=0,supported=0,peer=0,curr_speed=10000000,max_speed=0)
==================================== link detector ====================================

----------------------------
src    dst :    delay
discovery--->==================================== discovery ====================================
discovery---> cls: []
discovery--->==============================
datapath         port     rx-pkts  rx-bytes rx-error tx-pkts  tx-bytes tx-error
---------------- -------- -------- -------- -------- -------- -------- --------
1000000000000002        1        0        0        0        3      234        0
1000000000000002        2       14     1790        0       18     2030        0
1000000000000002        3       14     1790        0       18     2030        0
datapath         in-port  eth-dst           out-port packets  bytes
---------------- -------- ----------------- -------- -------- --------
==================================== link detector ====================================

----------------------------
src    dst :    delay
discovery--->==================================== discovery ====================================
discovery---> cls: []
discovery--->==============================
datapath         port     rx-pkts  rx-bytes rx-error tx-pkts  tx-bytes tx-error
---------------- -------- -------- -------- -------- -------- -------- --------
1000000000000002        1        0        0        0        9      702        0
1000000000000002        2       18     2379        0       27     2919        0
1000000000000002        3       18     2379        0       27     2919        0
datapath         in-port  eth-dst           out-port packets  bytes
---------------- -------- ----------------- -------- -------- --------
==================================== link detector ====================================

----------------------------
src    dst :    delay
==================================== link detector ====================================

----------------------------
src    dst :    delay
discovery--->==================================== discovery ====================================
discovery---> cls: []
discovery--->==============================
datapath         port     rx-pkts  rx-bytes rx-error tx-pkts  tx-bytes tx-error
---------------- -------- -------- -------- -------- -------- -------- --------
1000000000000002        1        0        0        0       14     1092        0
1000000000000002        2       19     2486        0       34     3386        0
1000000000000002        3       19     2486        0       34     3386        0
datapath         in-port  eth-dst           out-port packets  bytes
---------------- -------- ----------------- -------- -------- --------
==================================== link detector ====================================

----------------------------
src    dst :    delay
==================================== link detector ====================================

----------------------------
src    dst :    delay
discovery--->==================================== discovery ====================================
discovery---> cls: []
discovery--->==============================
datapath         port     rx-pkts  rx-bytes rx-error tx-pkts  tx-bytes tx-error
---------------- -------- -------- -------- -------- -------- -------- --------
1000000000000002        1        0        0        0       20     1560        0
1000000000000002        2       21     2663        0       41     3863        0
1000000000000002        3       21     2663        0       42     3923        0
datapath         in-port  eth-dst           out-port packets  bytes
---------------- -------- ----------------- -------- -------- --------
==================================== link detector ====================================

----------------------------
src    dst :    delay
datapath         port     rx-pkts  rx-bytes rx-error tx-pkts  tx-bytes tx-error
---------------- -------- -------- -------- -------- -------- -------- --------
1000000000000002        1        0        0        0       26     2028        0
1000000000000002        2       21     2663        0       47     4223        0
1000000000000002        3       21     2663        0       47     4223        0
datapath         in-port  eth-dst           out-port packets  bytes
---------------- -------- ----------------- -------- -------- --------
discovery--->==================================== discovery ====================================
discovery---> cls: []
discovery--->==============================
==================================== link detector ====================================

----------------------------
src    dst :    delay
==================================== link detector ====================================

----------------------------
src    dst :    delay
datapath         port     rx-pkts  rx-bytes rx-error tx-pkts  tx-bytes tx-error
---------------- -------- -------- -------- -------- -------- -------- --------
1000000000000002        1        0        0        0       31     2418        0
1000000000000002        2       21     2663        0       52     4523        0
1000000000000002        3       21     2663        0       53     4583        0
datapath         in-port  eth-dst           out-port packets  bytes
---------------- -------- ----------------- -------- -------- --------
discovery--->==================================== discovery ====================================
discovery---> cls: []
discovery--->==============================
==================================== link detector ====================================

----------------------------
src    dst :    delay
==================================== link detector ====================================

----------------------------
src    dst :    delay
datapath         port     rx-pkts  rx-bytes rx-error tx-pkts  tx-bytes tx-error
---------------- -------- -------- -------- -------- -------- -------- --------
1000000000000002        1        0        0        0       37     2886        0
1000000000000002        2       23     2840        0       60     5060        0
1000000000000002        3       23     2840        0       60     5060        0
datapath         in-port  eth-dst           out-port packets  bytes
---------------- -------- ----------------- -------- -------- --------
discovery--->==================================== discovery ====================================
discovery---> cls: []
discovery--->==============================
==================================== link detector ====================================

----------------------------
src    dst :    delay
datapath         port     rx-pkts  rx-bytes rx-error tx-pkts  tx-bytes tx-error
---------------- -------- -------- -------- -------- -------- -------- --------
1000000000000002        1        0        0        0       42     3276        0
1000000000000002        2       23     2840        0       65     5360        0
1000000000000002        3       23     2840        0       66     5420        0
datapath         in-port  eth-dst           out-port packets  bytes
---------------- -------- ----------------- -------- -------- --------
discovery--->==================================== discovery ====================================
discovery---> cls: []
discovery--->==============================
==================================== link detector ====================================

----------------------------
src    dst :    delay
==================================== link detector ====================================

----------------------------
src    dst :    delay
datapath         port     rx-pkts  rx-bytes rx-error tx-pkts  tx-bytes tx-error
---------------- -------- -------- -------- -------- -------- -------- --------
1000000000000002        1        0        0        0       48     3744        0
1000000000000002        2       23     2840        0       71     5720        0
1000000000000002        3       23     2840        0       71     5720        0
datapath         in-port  eth-dst           out-port packets  bytes
---------------- -------- ----------------- -------- -------- --------
discovery--->==================================== discovery ====================================
discovery---> cls: []
discovery--->==============================
==================================== link detector ====================================

----------------------------
src    dst :    delay
==================================== link detector ====================================

----------------------------
src    dst :    delay
datapath         port     rx-pkts  rx-bytes rx-error tx-pkts  tx-bytes tx-error
---------------- -------- -------- -------- -------- -------- -------- --------
1000000000000002        1        0        0        0       53     4134        0
1000000000000002        2       23     2840        0       77     6080        0
1000000000000002        3       23     2840        0       77     6080        0
datapath         in-port  eth-dst           out-port packets  bytes
---------------- -------- ----------------- -------- -------- --------
discovery--->==================================== discovery ====================================
discovery---> cls: []
discovery--->==============================
==================================== link detector ====================================

----------------------------
src    dst :    delay
datapath         port     rx-pkts  rx-bytes rx-error tx-pkts  tx-bytes tx-error
---------------- -------- -------- -------- -------- -------- -------- --------
1000000000000002        1        0        0        0       59     4602        0
1000000000000002        2       23     2840        0       82     6380        0
1000000000000002        3       23     2840        0       82     6380        0
datapath         in-port  eth-dst           out-port packets  bytes
---------------- -------- ----------------- -------- -------- --------
discovery--->==================================== discovery ====================================
discovery---> cls: []
discovery--->==============================
==================================== link detector ====================================

----------------------------
src    dst :    delay
==================================== link detector ====================================

----------------------------
src    dst :    delay
datapath         port     rx-pkts  rx-bytes rx-error tx-pkts  tx-bytes tx-error
---------------- -------- -------- -------- -------- -------- -------- --------
1000000000000002        1        0        0        0       64     4992        0
1000000000000002        2       23     2840        0       88     6740        0
1000000000000002        3       23     2840        0       88     6740        0
datapath         in-port  eth-dst           out-port packets  bytes
---------------- -------- ----------------- -------- -------- --------
discovery--->==================================== discovery ====================================
discovery---> cls: []
discovery--->==============================
==================================== link detector ====================================

----------------------------
src    dst :    delay
datapath         port     rx-pkts  rx-bytes rx-error tx-pkts  tx-bytes tx-error
---------------- -------- -------- -------- -------- -------- -------- --------
1000000000000002        1        1       42        0       71     5520        0
1000000000000002        2       23     2840        0       94     7082        0
1000000000000002        3       23     2840        0       95     7142        0
datapath         in-port  eth-dst           out-port packets  bytes
---------------- -------- ----------------- -------- -------- --------
discovery--->==================================== discovery ====================================
discovery---> cls: []
discovery--->==============================
==================================== link detector ====================================

----------------------------
src    dst :    delay
==================================== link detector ====================================

----------------------------
src    dst :    delay
datapath         port     rx-pkts  rx-bytes rx-error tx-pkts  tx-bytes tx-error
---------------- -------- -------- -------- -------- -------- -------- --------
1000000000000002        1        6      252        0       82     6288        0
1000000000000002        2       25     3017        0      102     7591        0
1000000000000002        3       25     3017        0      103     7661        0
datapath         in-port  eth-dst           out-port packets  bytes
---------------- -------- ----------------- -------- -------- --------
discovery--->==================================== discovery ====================================
discovery---> cls: []
discovery--->==============================
==================================== link detector ====================================

----------------------------
src    dst :    delay
==================================== link detector ====================================

----------------------------
src    dst :    delay
datapath         port     rx-pkts  rx-bytes rx-error tx-pkts  tx-bytes tx-error
---------------- -------- -------- -------- -------- -------- -------- --------
1000000000000002        1        6      252        0       87     6678        0
1000000000000002        2       25     3017        0      108     7961        0
1000000000000002        3       25     3017        0      109     8021        0
datapath         in-port  eth-dst           out-port packets  bytes
---------------- -------- ----------------- -------- -------- --------
discovery--->==================================== discovery ====================================
discovery---> cls: []
discovery--->==============================
==================================== link detector ====================================

----------------------------
src    dst :    delay
datapath         port     rx-pkts  rx-bytes rx-error tx-pkts  tx-bytes tx-error
---------------- -------- -------- -------- -------- -------- -------- --------
1000000000000002        1        6      252        0       93     7146        0
1000000000000002        2       25     3017        0      114     8321        0
1000000000000002        3       25     3017        0      114     8321        0
datapath         in-port  eth-dst           out-port packets  bytes
---------------- -------- ----------------- -------- -------- --------
discovery--->==================================== discovery ====================================
discovery---> cls: []
discovery--->==============================
==================================== link detector ====================================

----------------------------
src    dst :    delay
==================================== link detector ====================================

----------------------------
src    dst :    delay
datapath         port     rx-pkts  rx-bytes rx-error tx-pkts  tx-bytes tx-error
---------------- -------- -------- -------- -------- -------- -------- --------
1000000000000002        1        6      252        0       98     7536        0
1000000000000002        2       25     3017        0      119     8621        0
1000000000000002        3       25     3017        0      120     8681        0
datapath         in-port  eth-dst           out-port packets  bytes
---------------- -------- ----------------- -------- -------- --------
discovery--->==================================== discovery ====================================
discovery---> cls: []
discovery--->==============================
==================================== link detector ====================================

----------------------------
src    dst :    delay
==================================== link detector ====================================

----------------------------
src    dst :    delay
datapath         port     rx-pkts  rx-bytes rx-error tx-pkts  tx-bytes tx-error
---------------- -------- -------- -------- -------- -------- -------- --------
1000000000000002        1        6      252        0      104     8004        0
1000000000000002        2       25     3017        0      125     8981        0
1000000000000002        3       25     3017        0      125     8981        0
datapath         in-port  eth-dst           out-port packets  bytes
---------------- -------- ----------------- -------- -------- --------
discovery--->==================================== discovery ====================================
discovery---> cls: []
discovery--->==============================
==================================== link detector ====================================

----------------------------
src    dst :    delay
datapath         port     rx-pkts  rx-bytes rx-error tx-pkts  tx-bytes tx-error
---------------- -------- -------- -------- -------- -------- -------- --------
1000000000000002        1        6      252        0      109     8394        0
1000000000000002        2       25     3017        0      130     9281        0
1000000000000002        3       25     3017        0      131     9341        0
datapath         in-port  eth-dst           out-port packets  bytes
---------------- -------- ----------------- -------- -------- --------
discovery--->==================================== discovery ====================================
discovery---> cls: []
discovery--->==============================
==================================== link detector ====================================

----------------------------
src    dst :    delay
==================================== link detector ====================================

----------------------------
src    dst :    delay
datapath         port     rx-pkts  rx-bytes rx-error tx-pkts  tx-bytes tx-error
---------------- -------- -------- -------- -------- -------- -------- --------
1000000000000002        1        6      252        0      115     8862        0
1000000000000002        2       25     3017        0      136     9641        0
1000000000000002        3       25     3017        0      136     9641        0
datapath         in-port  eth-dst           out-port packets  bytes
---------------- -------- ----------------- -------- -------- --------
discovery--->==================================== discovery ====================================
discovery---> cls: []
discovery--->==============================
==================================== link detector ====================================

----------------------------
src    dst :    delay
==================================== link detector ====================================

----------------------------
src    dst :    delay
datapath         port     rx-pkts  rx-bytes rx-error tx-pkts  tx-bytes tx-error
---------------- -------- -------- -------- -------- -------- -------- --------
1000000000000002        1        6      252        0      120     9252        0
1000000000000002        2       25     3017        0      142    10001        0
1000000000000002        3       25     3017        0      142    10001        0
datapath         in-port  eth-dst           out-port packets  bytes
---------------- -------- ----------------- -------- -------- --------
discovery--->==================================== discovery ====================================
discovery---> cls: []
discovery--->==============================
==================================== link detector ====================================

----------------------------
src    dst :    delay
datapath         port     rx-pkts  rx-bytes rx-error tx-pkts  tx-bytes tx-error
---------------- -------- -------- -------- -------- -------- -------- --------
1000000000000002        1        6      252        0      126     9720        0
1000000000000002        2       25     3017        0      147    10301        0
1000000000000002        3       25     3017        0      147    10301        0
datapath         in-port  eth-dst           out-port packets  bytes
---------------- -------- ----------------- -------- -------- --------
discovery--->==================================== discovery ====================================
discovery---> cls: []
discovery--->==============================
==================================== link detector ====================================

----------------------------
src    dst :    delay
==================================== link detector ====================================

----------------------------
src    dst :    delay
datapath         port     rx-pkts  rx-bytes rx-error tx-pkts  tx-bytes tx-error
---------------- -------- -------- -------- -------- -------- -------- --------
1000000000000002        1        6      252        0      132    10188        0
1000000000000002        2       25     3017        0      153    10661        0
1000000000000002        3       25     3017        0      153    10661        0
datapath         in-port  eth-dst           out-port packets  bytes
---------------- -------- ----------------- -------- -------- --------
discovery--->==================================== discovery ====================================
discovery---> cls: []
discovery--->==============================
==================================== link detector ====================================

----------------------------
src    dst :    delay
datapath         port     rx-pkts  rx-bytes rx-error tx-pkts  tx-bytes tx-error
---------------- -------- -------- -------- -------- -------- -------- --------
1000000000000002        1        6      252        0      137    10578        0
1000000000000002        2       25     3017        0      158    10961        0
1000000000000002        3       25     3017        0      159    11021        0
datapath         in-port  eth-dst           out-port packets  bytes
---------------- -------- ----------------- -------- -------- --------
discovery--->==================================== discovery ====================================
discovery---> cls: []
discovery--->==============================
==================================== link detector ====================================

----------------------------
src    dst :    delay
==================================== link detector ====================================

----------------------------
src    dst :    delay
datapath         port     rx-pkts  rx-bytes rx-error tx-pkts  tx-bytes tx-error
---------------- -------- -------- -------- -------- -------- -------- --------
1000000000000002        1        6      252        0      143    11046        0
1000000000000002        2       25     3017        0      164    11321        0
1000000000000002        3       25     3017        0      164    11321        0
datapath         in-port  eth-dst           out-port packets  bytes
---------------- -------- ----------------- -------- -------- --------
discovery--->==================================== discovery ====================================
discovery---> cls: []
discovery--->==============================
==================================== link detector ====================================

----------------------------
src    dst :    delay
==================================== link detector ====================================

----------------------------
src    dst :    delay
datapath         port     rx-pkts  rx-bytes rx-error tx-pkts  tx-bytes tx-error
---------------- -------- -------- -------- -------- -------- -------- --------
1000000000000002        1        6      252        0      148    11436        0
1000000000000002        2       25     3017        0      169    11621        0
1000000000000002        3       26     3087        0      170    11681        0
datapath         in-port  eth-dst           out-port packets  bytes
---------------- -------- ----------------- -------- -------- --------
discovery--->==================================== discovery ====================================
discovery---> cls: []
discovery--->==============================
==================================== link detector ====================================

----------------------------
src    dst :    delay
datapath         port     rx-pkts  rx-bytes rx-error tx-pkts  tx-bytes tx-error
---------------- -------- -------- -------- -------- -------- -------- --------
1000000000000002        1        6      252        0      154    11904        0
1000000000000002        2       26     3124        0      176    12088        0
1000000000000002        3       27     3194        0      176    12088        0
datapath         in-port  eth-dst           out-port packets  bytes
---------------- -------- ----------------- -------- -------- --------
discovery--->==================================== discovery ====================================
discovery---> cls: []
discovery--->==============================
==================================== link detector ====================================

----------------------------
src    dst :    delay
==================================== link detector ====================================

----------------------------
src    dst :    delay
datapath         port     rx-pkts  rx-bytes rx-error tx-pkts  tx-bytes tx-error
---------------- -------- -------- -------- -------- -------- -------- --------
1000000000000002        1        6      252        0      159    12294        0
1000000000000002        2       27     3194        0      181    12388        0
1000000000000002        3       27     3194        0      183    12518        0
datapath         in-port  eth-dst           out-port packets  bytes
---------------- -------- ----------------- -------- -------- --------
discovery--->==================================== discovery ====================================
discovery---> cls: []
discovery--->==============================
==================================== link detector ====================================

----------------------------
src    dst :    delay
==================================== link detector ====================================

----------------------------
src    dst :    delay
datapath         port     rx-pkts  rx-bytes rx-error tx-pkts  tx-bytes tx-error
---------------- -------- -------- -------- -------- -------- -------- --------
1000000000000002        1        6      252        0      165    12762        0
1000000000000002        2       27     3194        0      187    12748        0
1000000000000002        3       27     3194        0      188    12818        0
datapath         in-port  eth-dst           out-port packets  bytes
---------------- -------- ----------------- -------- -------- --------
discovery--->==================================== discovery ====================================
discovery---> cls: []
discovery--->==============================
==================================== link detector ====================================

----------------------------
src    dst :    delay
datapath         port     rx-pkts  rx-bytes rx-error tx-pkts  tx-bytes tx-error
---------------- -------- -------- -------- -------- -------- -------- --------
1000000000000002        1        6      252        0      170    13152        0
1000000000000002        2       27     3194        0      194    13178        0
1000000000000002        3       27     3194        0      194    13178        0
datapath         in-port  eth-dst           out-port packets  bytes
---------------- -------- ----------------- -------- -------- --------
discovery--->==================================== discovery ====================================
discovery---> cls: []
discovery--->==============================
==================================== link detector ====================================

----------------------------
src    dst :    delay
==================================== link detector ====================================

----------------------------
src    dst :    delay
datapath         port     rx-pkts  rx-bytes rx-error tx-pkts  tx-bytes tx-error
---------------- -------- -------- -------- -------- -------- -------- --------
1000000000000002        1        6      252        0      176    13620        0
1000000000000002        2       27     3194        0      199    13478        0
1000000000000002        3       27     3194        0      199    13478        0
datapath         in-port  eth-dst           out-port packets  bytes
---------------- -------- ----------------- -------- -------- --------
discovery--->==================================== discovery ====================================
discovery---> cls: []
discovery--->==============================
==================================== link detector ====================================

----------------------------
src    dst :    delay
==================================== link detector ====================================

----------------------------
src    dst :    delay
datapath         port     rx-pkts  rx-bytes rx-error tx-pkts  tx-bytes tx-error
---------------- -------- -------- -------- -------- -------- -------- --------
1000000000000002        1        6      252        0      181    14010        0
1000000000000002        2       27     3194        0      205    13838        0
1000000000000002        3       27     3194        0      205    13838        0
datapath         in-port  eth-dst           out-port packets  bytes
---------------- -------- ----------------- -------- -------- --------
discovery--->==================================== discovery ====================================
discovery---> cls: []
discovery--->==============================
==================================== link detector ====================================

----------------------------
src    dst :    delay
datapath         port     rx-pkts  rx-bytes rx-error tx-pkts  tx-bytes tx-error
---------------- -------- -------- -------- -------- -------- -------- --------
1000000000000002        1        6      252        0      187    14478        0
1000000000000002        2       27     3194        0      210    14138        0
1000000000000002        3       27     3194        0      211    14198        0
datapath         in-port  eth-dst           out-port packets  bytes
---------------- -------- ----------------- -------- -------- --------
discovery--->==================================== discovery ====================================
discovery---> cls: []
discovery--->==============================
==================================== link detector ====================================

----------------------------
src    dst :    delay
==================================== link detector ====================================

----------------------------
src    dst :    delay
datapath         port     rx-pkts  rx-bytes rx-error tx-pkts  tx-bytes tx-error
---------------- -------- -------- -------- -------- -------- -------- --------
1000000000000002        1       10      420        0      197    15186        0
1000000000000002        2       27     3194        0      216    14498        0
1000000000000002        3       27     3194        0      216    14498        0
datapath         in-port  eth-dst           out-port packets  bytes
---------------- -------- ----------------- -------- -------- --------
discovery--->==================================== discovery ====================================
discovery---> cls: []
discovery--->==============================
==================================== link detector ====================================

----------------------------
src    dst :    delay
==================================== link detector ====================================

----------------------------
src    dst :    delay
datapath         port     rx-pkts  rx-bytes rx-error tx-pkts  tx-bytes tx-error
---------------- -------- -------- -------- -------- -------- -------- --------
1000000000000002        1       12      504        0      204    15696        0
1000000000000002        2       27     3194        0      221    14798        0
1000000000000002        3       27     3194        0      222    14858        0
datapath         in-port  eth-dst           out-port packets  bytes
---------------- -------- ----------------- -------- -------- --------
discovery--->==================================== discovery ====================================
discovery---> cls: []
discovery--->==============================
==================================== link detector ====================================

----------------------------
src    dst :    delay
datapath         port     rx-pkts  rx-bytes rx-error tx-pkts  tx-bytes tx-error
---------------- -------- -------- -------- -------- -------- -------- --------
1000000000000002        1       12      504        0      210    16164        0
1000000000000002        2       27     3194        0      227    15158        0
1000000000000002        3       27     3194        0      227    15158        0
datapath         in-port  eth-dst           out-port packets  bytes
---------------- -------- ----------------- -------- -------- --------
discovery--->==================================== discovery ====================================
discovery---> cls: []
discovery--->==============================
==================================== link detector ====================================

----------------------------
src    dst :    delay
==================================== link detector ====================================

----------------------------
src    dst :    delay
datapath         port     rx-pkts  rx-bytes rx-error tx-pkts  tx-bytes tx-error
---------------- -------- -------- -------- -------- -------- -------- --------
1000000000000002        1       12      504        0      215    16554        0
1000000000000002        2       27     3194        0      232    15458        0
1000000000000002        3       27     3194        0      233    15518        0
datapath         in-port  eth-dst           out-port packets  bytes
---------------- -------- ----------------- -------- -------- --------
discovery--->==================================== discovery ====================================
discovery---> cls: []
discovery--->==============================
==================================== link detector ====================================

----------------------------
src    dst :    delay
datapath         port     rx-pkts  rx-bytes rx-error tx-pkts  tx-bytes tx-error
---------------- -------- -------- -------- -------- -------- -------- --------
1000000000000002        1       12      504        0      221    17022        0
1000000000000002        2       27     3194        0      238    15818        0
1000000000000002        3       27     3194        0      238    15818        0
datapath         in-port  eth-dst           out-port packets  bytes
---------------- -------- ----------------- -------- -------- --------
discovery--->==================================== discovery ====================================
discovery---> cls: []
discovery--->==============================
==================================== link detector ====================================

----------------------------
src    dst :    delay
==================================== link detector ====================================

----------------------------
src    dst :    delay
datapath         port     rx-pkts  rx-bytes rx-error tx-pkts  tx-bytes tx-error
---------------- -------- -------- -------- -------- -------- -------- --------
1000000000000002        1       12      504        0      226    17412        0
1000000000000002        2       27     3194        0      244    16178        0
1000000000000002        3       27     3194        0      244    16178        0
datapath         in-port  eth-dst           out-port packets  bytes
---------------- -------- ----------------- -------- -------- --------
discovery--->==================================== discovery ====================================
discovery---> cls: []
discovery--->==============================
==================================== link detector ====================================

----------------------------
src    dst :    delay
==================================== link detector ====================================

----------------------------
src    dst :    delay
datapath         port     rx-pkts  rx-bytes rx-error tx-pkts  tx-bytes tx-error
---------------- -------- -------- -------- -------- -------- -------- --------
1000000000000002        1       12      504        0      232    17880        0
1000000000000002        2       27     3194        0      249    16478        0
1000000000000002        3       27     3194        0      249    16478        0
datapath         in-port  eth-dst           out-port packets  bytes
---------------- -------- ----------------- -------- -------- --------
discovery--->==================================== discovery ====================================
discovery---> cls: []
discovery--->==============================
==================================== link detector ====================================

----------------------------
src    dst :    delay
datapath         port     rx-pkts  rx-bytes rx-error tx-pkts  tx-bytes tx-error
---------------- -------- -------- -------- -------- -------- -------- --------
1000000000000002        1       12      504        0      237    18270        0
1000000000000002        2       27     3194        0      255    16838        0
1000000000000002        3       27     3194        0      255    16838        0
datapath         in-port  eth-dst           out-port packets  bytes
---------------- -------- ----------------- -------- -------- --------
discovery--->==================================== discovery ====================================
discovery---> cls: []
discovery--->==============================
==================================== link detector ====================================

----------------------------
src    dst :    delay
==================================== link detector ====================================

----------------------------
src    dst :    delay
datapath         port     rx-pkts  rx-bytes rx-error tx-pkts  tx-bytes tx-error
---------------- -------- -------- -------- -------- -------- -------- --------
1000000000000002        1       12      504        0      243    18738        0
1000000000000002        2       27     3194        0      260    17138        0
1000000000000002        3       27     3194        0      261    17198        0
datapath         in-port  eth-dst           out-port packets  bytes
---------------- -------- ----------------- -------- -------- --------
discovery--->==================================== discovery ====================================
discovery---> cls: []
discovery--->==============================
==================================== link detector ====================================

----------------------------
src    dst :    delay
==================================== link detector ====================================

----------------------------
src    dst :    delay
datapath         port     rx-pkts  rx-bytes rx-error tx-pkts  tx-bytes tx-error
---------------- -------- -------- -------- -------- -------- -------- --------
1000000000000002        1       12      504        0      249    19206        0
1000000000000002        2       27     3194        0      266    17498        0
1000000000000002        3       27     3194        0      266    17498        0
datapath         in-port  eth-dst           out-port packets  bytes
---------------- -------- ----------------- -------- -------- --------
discovery--->==================================== discovery ====================================
discovery---> cls: []
discovery--->==============================
==================================== link detector ====================================

----------------------------
src    dst :    delay
datapath         port     rx-pkts  rx-bytes rx-error tx-pkts  tx-bytes tx-error
---------------- -------- -------- -------- -------- -------- -------- --------
1000000000000002        1       12      504        0      254    19596        0
1000000000000002        2       27     3194        0      271    17798        0
1000000000000002        3       27     3194        0      272    17858        0
datapath         in-port  eth-dst           out-port packets  bytes
---------------- -------- ----------------- -------- -------- --------
discovery--->==================================== discovery ====================================
discovery---> cls: []
discovery--->==============================
==================================== link detector ====================================

----------------------------
src    dst :    delay
==================================== link detector ====================================

----------------------------
src    dst :    delay
datapath         port     rx-pkts  rx-bytes rx-error tx-pkts  tx-bytes tx-error
---------------- -------- -------- -------- -------- -------- -------- --------
1000000000000002        1       12      504        0      260    20064        0
1000000000000002        2       27     3194        0      277    18158        0
1000000000000002        3       27     3194        0      277    18158        0
datapath         in-port  eth-dst           out-port packets  bytes
---------------- -------- ----------------- -------- -------- --------
discovery--->==================================== discovery ====================================
discovery---> cls: []
discovery--->==============================
==================================== link detector ====================================

----------------------------
src    dst :    delay
==================================== link detector ====================================

----------------------------
src    dst :    delay
datapath         port     rx-pkts  rx-bytes rx-error tx-pkts  tx-bytes tx-error
---------------- -------- -------- -------- -------- -------- -------- --------
1000000000000002        1       12      504        0      265    20454        0
1000000000000002        2       27     3194        0      282    18458        0
1000000000000002        3       27     3194        0      283    18518        0
datapath         in-port  eth-dst           out-port packets  bytes
---------------- -------- ----------------- -------- -------- --------
discovery--->==================================== discovery ====================================
discovery---> cls: []
discovery--->==============================
==================================== link detector ====================================

----------------------------
src    dst :    delay
datapath         port     rx-pkts  rx-bytes rx-error tx-pkts  tx-bytes tx-error
---------------- -------- -------- -------- -------- -------- -------- --------
1000000000000002        1       12      504        0      271    20922        0
1000000000000002        2       27     3194        0      288    18818        0
1000000000000002        3       27     3194        0      288    18818        0
datapath         in-port  eth-dst           out-port packets  bytes
---------------- -------- ----------------- -------- -------- --------
discovery--->==================================== discovery ====================================
discovery---> cls: []
discovery--->==============================
==================================== link detector ====================================

----------------------------
src    dst :    delay
==================================== link detector ====================================

----------------------------
src    dst :    delay
datapath         port     rx-pkts  rx-bytes rx-error tx-pkts  tx-bytes tx-error
---------------- -------- -------- -------- -------- -------- -------- --------
1000000000000002        1       12      504        0      276    21312        0
1000000000000002        2       27     3194        0      293    19118        0
1000000000000002        3       27     3194        0      294    19178        0
datapath         in-port  eth-dst           out-port packets  bytes
---------------- -------- ----------------- -------- -------- --------
discovery--->==================================== discovery ====================================
discovery---> cls: []
discovery--->==============================
==================================== link detector ====================================

----------------------------
src    dst :    delay
datapath         port     rx-pkts  rx-bytes rx-error tx-pkts  tx-bytes tx-error
---------------- -------- -------- -------- -------- -------- -------- --------
1000000000000002        1       12      504        0      282    21780        0
1000000000000002        2       27     3194        0      299    19478        0
1000000000000002        3       27     3194        0      299    19478        0
datapath         in-port  eth-dst           out-port packets  bytes
---------------- -------- ----------------- -------- -------- --------
discovery--->==================================== discovery ====================================
discovery---> cls: []
discovery--->==============================
==================================== link detector ====================================

----------------------------
src    dst :    delay
==================================== link detector ====================================

----------------------------
src    dst :    delay
datapath         port     rx-pkts  rx-bytes rx-error tx-pkts  tx-bytes tx-error
---------------- -------- -------- -------- -------- -------- -------- --------
1000000000000002        1       12      504        0      287    22170        0
1000000000000002        2       27     3194        0      305    19838        0
1000000000000002        3       27     3194        0      305    19838        0
datapath         in-port  eth-dst           out-port packets  bytes
---------------- -------- ----------------- -------- -------- --------
discovery--->==================================== discovery ====================================
discovery---> cls: []
discovery--->==============================
==================================== link detector ====================================

----------------------------
src    dst :    delay
==================================== link detector ====================================

----------------------------
src    dst :    delay
datapath         port     rx-pkts  rx-bytes rx-error tx-pkts  tx-bytes tx-error
---------------- -------- -------- -------- -------- -------- -------- --------
1000000000000002        1       12      504        0      293    22638        0
1000000000000002        2       27     3194        0      310    20138        0
1000000000000002        3       28     3264        0      310    20138        0
datapath         in-port  eth-dst           out-port packets  bytes
---------------- -------- ----------------- -------- -------- --------
discovery--->==================================== discovery ====================================
discovery---> cls: []
discovery--->==============================
==================================== link detector ====================================

----------------------------
src    dst :    delay
datapath         port     rx-pkts  rx-bytes rx-error tx-pkts  tx-bytes tx-error
---------------- -------- -------- -------- -------- -------- -------- --------
1000000000000002        1       12      504        0      299    23106        0
1000000000000002        2       28     3301        0      317    20605        0
1000000000000002        3       29     3371        0      317    20605        0
datapath         in-port  eth-dst           out-port packets  bytes
---------------- -------- ----------------- -------- -------- --------
discovery--->==================================== discovery ====================================
discovery---> cls: []
discovery--->==============================
==================================== link detector ====================================

----------------------------
src    dst :    delay
==================================== link detector ====================================

----------------------------
src    dst :    delay
datapath         port     rx-pkts  rx-bytes rx-error tx-pkts  tx-bytes tx-error
---------------- -------- -------- -------- -------- -------- -------- --------
1000000000000002        1       12      504        0      304    23496        0
1000000000000002        2       28     3301        0      322    20905        0
1000000000000002        3       29     3371        0      323    20965        0
datapath         in-port  eth-dst           out-port packets  bytes
---------------- -------- ----------------- -------- -------- --------
discovery--->==================================== discovery ====================================
discovery---> cls: []
discovery--->==============================
==================================== link detector ====================================

----------------------------
src    dst :    delay
==================================== link detector ====================================

----------------------------
src    dst :    delay
datapath         port     rx-pkts  rx-bytes rx-error tx-pkts  tx-bytes tx-error
---------------- -------- -------- -------- -------- -------- -------- --------
1000000000000002        1       12      504        0      310    23964        0
1000000000000002        2       28     3301        0      328    21265        0
1000000000000002        3       29     3371        0      328    21265        0
datapath         in-port  eth-dst           out-port packets  bytes
---------------- -------- ----------------- -------- -------- --------
discovery--->==================================== discovery ====================================
discovery---> cls: []
discovery--->==============================
==================================== link detector ====================================

----------------------------
src    dst :    delay
datapath         port     rx-pkts  rx-bytes rx-error tx-pkts  tx-bytes tx-error
---------------- -------- -------- -------- -------- -------- -------- --------
1000000000000002        1       12      504        0      315    24354        0
1000000000000002        2       29     3371        0      333    21565        0
1000000000000002        3       29     3371        0      335    21695        0
datapath         in-port  eth-dst           out-port packets  bytes
---------------- -------- ----------------- -------- -------- --------
discovery--->==================================== discovery ====================================
discovery---> cls: []
discovery--->==============================
==================================== link detector ====================================

----------------------------
src    dst :    delay
==================================== link detector ====================================

----------------------------
src    dst :    delay
datapath         port     rx-pkts  rx-bytes rx-error tx-pkts  tx-bytes tx-error
---------------- -------- -------- -------- -------- -------- -------- --------
1000000000000002        1       12      504        0      321    24822        0
1000000000000002        2       29     3371        0      339    21925        0
1000000000000002        3       29     3371        0      340    21995        0
datapath         in-port  eth-dst           out-port packets  bytes
---------------- -------- ----------------- -------- -------- --------
discovery--->==================================== discovery ====================================
discovery---> cls: []
discovery--->==============================
==================================== link detector ====================================

----------------------------
src    dst :    delay
==================================== link detector ====================================

----------------------------
src    dst :    delay
datapath         port     rx-pkts  rx-bytes rx-error tx-pkts  tx-bytes tx-error
---------------- -------- -------- -------- -------- -------- -------- --------
1000000000000002        1       12      504        0      326    25212        0
1000000000000002        2       29     3371        0      344    22225        0
1000000000000002        3       29     3371        0      346    22355        0
datapath         in-port  eth-dst           out-port packets  bytes
---------------- -------- ----------------- -------- -------- --------
discovery--->==================================== discovery ====================================
discovery---> cls: []
discovery--->==============================
==================================== link detector ====================================

----------------------------
src    dst :    delay
datapath         port     rx-pkts  rx-bytes rx-error tx-pkts  tx-bytes tx-error
---------------- -------- -------- -------- -------- -------- -------- --------
1000000000000002        1       12      504        0      332    25680        0
1000000000000002        2       29     3371        0      350    22585        0
1000000000000002        3       29     3371        0      351    22655        0
datapath         in-port  eth-dst           out-port packets  bytes
---------------- -------- ----------------- -------- -------- --------
discovery--->==================================== discovery ====================================
discovery---> cls: []
discovery--->==============================
==================================== link detector ====================================

----------------------------
src    dst :    delay
==================================== link detector ====================================

----------------------------
src    dst :    delay
datapath         port     rx-pkts  rx-bytes rx-error tx-pkts  tx-bytes tx-error
---------------- -------- -------- -------- -------- -------- -------- --------
1000000000000002        1       12      504        0      337    26070        0
1000000000000002        2       29     3371        0      356    22945        0
1000000000000002        3       29     3371        0      357    23015        0
datapath         in-port  eth-dst           out-port packets  bytes
---------------- -------- ----------------- -------- -------- --------
discovery--->==================================== discovery ====================================
discovery---> cls: []
discovery--->==============================
==================================== link detector ====================================

----------------------------
src    dst :    delay
datapath         port     rx-pkts  rx-bytes rx-error tx-pkts  tx-bytes tx-error
---------------- -------- -------- -------- -------- -------- -------- --------
1000000000000002        1       12      504        0      343    26538        0
1000000000000002        2       29     3371        0      361    23245        0
1000000000000002        3       29     3371        0      362    23315        0
datapath         in-port  eth-dst           out-port packets  bytes
---------------- -------- ----------------- -------- -------- --------
discovery--->==================================== discovery ====================================
discovery---> cls: []
discovery--->==============================
==================================== link detector ====================================

----------------------------
src    dst :    delay
==================================== link detector ====================================

----------------------------
src    dst :    delay
datapath         port     rx-pkts  rx-bytes rx-error tx-pkts  tx-bytes tx-error
---------------- -------- -------- -------- -------- -------- -------- --------
1000000000000002        1       12      504        0      348    26928        0
1000000000000002        2       29     3371        0      367    23605        0
1000000000000002        3       29     3371        0      368    23675        0
datapath         in-port  eth-dst           out-port packets  bytes
---------------- -------- ----------------- -------- -------- --------
discovery--->==================================== discovery ====================================
discovery---> cls: []
discovery--->==============================
==================================== link detector ====================================

----------------------------
src    dst :    delay
==================================== link detector ====================================

----------------------------
src    dst :    delay
datapath         port     rx-pkts  rx-bytes rx-error tx-pkts  tx-bytes tx-error
---------------- -------- -------- -------- -------- -------- -------- --------
1000000000000002        1       12      504        0      354    27396        0
1000000000000002        2       29     3371        0      373    23975        0
1000000000000002        3       29     3371        0      374    24035        0
datapath         in-port  eth-dst           out-port packets  bytes
---------------- -------- ----------------- -------- -------- --------
discovery--->==================================== discovery ====================================
discovery---> cls: []
discovery--->==============================
==================================== link detector ====================================

----------------------------
src    dst :    delay
datapath         port     rx-pkts  rx-bytes rx-error tx-pkts  tx-bytes tx-error
---------------- -------- -------- -------- -------- -------- -------- --------
1000000000000002        1       12      504        0      360    27864        0
1000000000000002        2       29     3371        0      379    24335        0
1000000000000002        3       29     3371        0      379    24335        0
datapath         in-port  eth-dst           out-port packets  bytes
---------------- -------- ----------------- -------- -------- --------
discovery--->==================================== discovery ====================================
discovery---> cls: []
discovery--->==============================
==================================== link detector ====================================

----------------------------
src    dst :    delay
==================================== link detector ====================================

----------------------------
src    dst :    delay
datapath         port     rx-pkts  rx-bytes rx-error tx-pkts  tx-bytes tx-error
---------------- -------- -------- -------- -------- -------- -------- --------
1000000000000002        1       12      504        0      365    28254        0
1000000000000002        2       29     3371        0      384    24635        0
1000000000000002        3       29     3371        0      385    24695        0
datapath         in-port  eth-dst           out-port packets  bytes
---------------- -------- ----------------- -------- -------- --------
discovery--->==================================== discovery ====================================
discovery---> cls: []
discovery--->==============================
==================================== link detector ====================================

----------------------------
src    dst :    delay
==================================== link detector ====================================

----------------------------
src    dst :    delay
datapath         port     rx-pkts  rx-bytes rx-error tx-pkts  tx-bytes tx-error
---------------- -------- -------- -------- -------- -------- -------- --------
1000000000000002        1       12      504        0      371    28722        0
1000000000000002        2       29     3371        0      390    24995        0
1000000000000002        3       29     3371        0      390    24995        0
datapath         in-port  eth-dst           out-port packets  bytes
---------------- -------- ----------------- -------- -------- --------
discovery--->==================================== discovery ====================================
discovery---> cls: []
discovery--->==============================
==================================== link detector ====================================

----------------------------
src    dst :    delay
datapath         port     rx-pkts  rx-bytes rx-error tx-pkts  tx-bytes tx-error
---------------- -------- -------- -------- -------- -------- -------- --------
1000000000000002        1       12      504        0      376    29112        0
1000000000000002        2       29     3371        0      395    25295        0
1000000000000002        3       29     3371        0      396    25355        0
datapath         in-port  eth-dst           out-port packets  bytes
---------------- -------- ----------------- -------- -------- --------
discovery--->==================================== discovery ====================================
discovery---> cls: []
discovery--->==============================
==================================== link detector ====================================

----------------------------
src    dst :    delay
==================================== link detector ====================================

----------------------------
src    dst :    delay
datapath         port     rx-pkts  rx-bytes rx-error tx-pkts  tx-bytes tx-error
---------------- -------- -------- -------- -------- -------- -------- --------
1000000000000002        1       12      504        0      382    29580        0
1000000000000002        2       29     3371        0      401    25655        0
1000000000000002        3       29     3371        0      401    25655        0
datapath         in-port  eth-dst           out-port packets  bytes
---------------- -------- ----------------- -------- -------- --------
discovery--->==================================== discovery ====================================
discovery---> cls: []
discovery--->==============================
==================================== link detector ====================================

----------------------------
src    dst :    delay
==================================== link detector ====================================

----------------------------
src    dst :    delay
datapath         port     rx-pkts  rx-bytes rx-error tx-pkts  tx-bytes tx-error
---------------- -------- -------- -------- -------- -------- -------- --------
1000000000000002        1       12      504        0      387    29970        0
1000000000000002        2       29     3371        0      406    25955        0
1000000000000002        3       29     3371        0      407    26015        0
datapath         in-port  eth-dst           out-port packets  bytes
---------------- -------- ----------------- -------- -------- --------
discovery--->==================================== discovery ====================================
discovery---> cls: []
discovery--->==============================
==================================== link detector ====================================

----------------------------
src    dst :    delay
datapath         port     rx-pkts  rx-bytes rx-error tx-pkts  tx-bytes tx-error
---------------- -------- -------- -------- -------- -------- -------- --------
1000000000000002        1       12      504        0      393    30438        0
1000000000000002        2       29     3371        0      412    26315        0
1000000000000002        3       29     3371        0      412    26315        0
datapath         in-port  eth-dst           out-port packets  bytes
---------------- -------- ----------------- -------- -------- --------
discovery--->==================================== discovery ====================================
discovery---> cls: []
discovery--->==============================
==================================== link detector ====================================

----------------------------
src    dst :    delay
==================================== link detector ====================================

----------------------------
src    dst :    delay
datapath         port     rx-pkts  rx-bytes rx-error tx-pkts  tx-bytes tx-error
---------------- -------- -------- -------- -------- -------- -------- --------
1000000000000002        1       12      504        0      398    30828        0
1000000000000002        2       29     3371        0      418    26675        0
1000000000000002        3       29     3371        0      418    26675        0
datapath         in-port  eth-dst           out-port packets  bytes
---------------- -------- ----------------- -------- -------- --------
discovery--->==================================== discovery ====================================
discovery---> cls: []
discovery--->==============================
==================================== link detector ====================================

----------------------------
src    dst :    delay
datapath         port     rx-pkts  rx-bytes rx-error tx-pkts  tx-bytes tx-error
---------------- -------- -------- -------- -------- -------- -------- --------
1000000000000002        1       12      504        0      404    31296        0
1000000000000002        2       29     3371        0      423    26975        0
1000000000000002        3       29     3371        0      423    26975        0
datapath         in-port  eth-dst           out-port packets  bytes
---------------- -------- ----------------- -------- -------- --------
==================================== link detector ====================================

----------------------------
src    dst :    delay
discovery--->==================================== discovery ====================================
discovery---> cls: []
discovery--->==============================
==================================== link detector ====================================

----------------------------
src    dst :    delay
datapath         port     rx-pkts  rx-bytes rx-error tx-pkts  tx-bytes tx-error
---------------- -------- -------- -------- -------- -------- -------- --------
1000000000000002        1       12      504        0      410    31764        0
1000000000000002        2       29     3371        0      429    27335        0
1000000000000002        3       29     3371        0      429    27335        0
datapath         in-port  eth-dst           out-port packets  bytes
---------------- -------- ----------------- -------- -------- --------
discovery--->==================================== discovery ====================================
discovery---> cls: []
discovery--->==============================
==================================== link detector ====================================

----------------------------
src    dst :    delay
==================================== link detector ====================================

----------------------------
src    dst :    delay
datapath         port     rx-pkts  rx-bytes rx-error tx-pkts  tx-bytes tx-error
---------------- -------- -------- -------- -------- -------- -------- --------
1000000000000002        1       12      504        0      415    32154        0
1000000000000002        2       29     3371        0      434    27635        0
1000000000000002        3       29     3371        0      435    27695        0
datapath         in-port  eth-dst           out-port packets  bytes
---------------- -------- ----------------- -------- -------- --------
discovery--->==================================== discovery ====================================
discovery---> cls: []
discovery--->==============================
==================================== link detector ====================================

----------------------------
src    dst :    delay
datapath         port     rx-pkts  rx-bytes rx-error tx-pkts  tx-bytes tx-error
---------------- -------- -------- -------- -------- -------- -------- --------
1000000000000002        1       12      504        0      421    32622        0
1000000000000002        2       29     3371        0      440    27995        0
1000000000000002        3       29     3371        0      440    27995        0
datapath         in-port  eth-dst           out-port packets  bytes
---------------- -------- ----------------- -------- -------- --------
discovery--->==================================== discovery ====================================
discovery---> cls: []
discovery--->==============================
==================================== link detector ====================================

----------------------------
src    dst :    delay
==================================== link detector ====================================

----------------------------
src    dst :    delay
datapath         port     rx-pkts  rx-bytes rx-error tx-pkts  tx-bytes tx-error
---------------- -------- -------- -------- -------- -------- -------- --------
1000000000000002        1       12      504        0      426    33012        0
1000000000000002        2       29     3371        0      445    28295        0
1000000000000002        3       29     3371        0      446    28355        0
datapath         in-port  eth-dst           out-port packets  bytes
---------------- -------- ----------------- -------- -------- --------
discovery--->==================================== discovery ====================================
discovery---> cls: []
discovery--->==============================
==================================== link detector ====================================

----------------------------
src    dst :    delay
==================================== link detector ====================================

----------------------------
src    dst :    delay
datapath         port     rx-pkts  rx-bytes rx-error tx-pkts  tx-bytes tx-error
---------------- -------- -------- -------- -------- -------- -------- --------
1000000000000002        1       12      504        0      432    33480        0
1000000000000002        2       29     3371        0      451    28655        0
1000000000000002        3       29     3371        0      451    28655        0
datapath         in-port  eth-dst           out-port packets  bytes
---------------- -------- ----------------- -------- -------- --------
discovery--->==================================== discovery ====================================
discovery---> cls: []
discovery--->==============================
==================================== link detector ====================================

----------------------------
src    dst :    delay
datapath         port     rx-pkts  rx-bytes rx-error tx-pkts  tx-bytes tx-error
---------------- -------- -------- -------- -------- -------- -------- --------
1000000000000002        1       12      504        0      437    33870        0
1000000000000002        2       29     3371        0      456    28955        0
1000000000000002        3       29     3371        0      457    29015        0
datapath         in-port  eth-dst           out-port packets  bytes
---------------- -------- ----------------- -------- -------- --------
discovery--->==================================== discovery ====================================
discovery---> cls: []
discovery--->==============================
==================================== link detector ====================================

----------------------------
src    dst :    delay
==================================== link detector ====================================

----------------------------
src    dst :    delay
datapath         port     rx-pkts  rx-bytes rx-error tx-pkts  tx-bytes tx-error
---------------- -------- -------- -------- -------- -------- -------- --------
1000000000000002        1       12      504        0      443    34338        0
1000000000000002        2       29     3371        0      462    29315        0
1000000000000002        3       29     3371        0      462    29315        0
datapath         in-port  eth-dst           out-port packets  bytes
---------------- -------- ----------------- -------- -------- --------
discovery--->==================================== discovery ====================================
discovery---> cls: []
discovery--->==============================
==================================== link detector ====================================

----------------------------
src    dst :    delay
==================================== link detector ====================================

----------------------------
src    dst :    delay
datapath         port     rx-pkts  rx-bytes rx-error tx-pkts  tx-bytes tx-error
---------------- -------- -------- -------- -------- -------- -------- --------
1000000000000002        1       12      504        0      448    34728        0
1000000000000002        2       29     3371        0      468    29675        0
1000000000000002        3       29     3371        0      468    29675        0
datapath         in-port  eth-dst           out-port packets  bytes
---------------- -------- ----------------- -------- -------- --------
discovery--->==================================== discovery ====================================
discovery---> cls: []
discovery--->==============================
==================================== link detector ====================================

----------------------------
src    dst :    delay
datapath         port     rx-pkts  rx-bytes rx-error tx-pkts  tx-bytes tx-error
---------------- -------- -------- -------- -------- -------- -------- --------
1000000000000002        1       12      504        0      454    35196        0
1000000000000002        2       29     3371        0      473    29975        0
1000000000000002        3       29     3371        0      473    29975        0
datapath         in-port  eth-dst           out-port packets  bytes
---------------- -------- ----------------- -------- -------- --------
discovery--->==================================== discovery ====================================
discovery---> cls: []
discovery--->==============================
==================================== link detector ====================================

----------------------------
src    dst :    delay
==================================== link detector ====================================

----------------------------
src    dst :    delay
datapath         port     rx-pkts  rx-bytes rx-error tx-pkts  tx-bytes tx-error
---------------- -------- -------- -------- -------- -------- -------- --------
1000000000000002        1       12      504        0      459    35586        0
1000000000000002        2       29     3371        0      479    30335        0
1000000000000002        3       29     3371        0      479    30335        0
datapath         in-port  eth-dst           out-port packets  bytes
---------------- -------- ----------------- -------- -------- --------
discovery--->==================================== discovery ====================================
discovery---> cls: []
discovery--->==============================
==================================== link detector ====================================

----------------------------
src    dst :    delay
==================================== link detector ====================================

----------------------------
src    dst :    delay
datapath         port     rx-pkts  rx-bytes rx-error tx-pkts  tx-bytes tx-error
---------------- -------- -------- -------- -------- -------- -------- --------
1000000000000002        1       12      504        0      465    36054        0
1000000000000002        2       29     3371        0      484    30635        0
1000000000000002        3       29     3371        0      485    30695        0
datapath         in-port  eth-dst           out-port packets  bytes
---------------- -------- ----------------- -------- -------- --------
discovery--->==================================== discovery ====================================
discovery---> cls: []
discovery--->==============================
