loading app network_structure.py
loading app network_monitor.py
loading app network_delay.py
loading app network_shortest_path.py
loading app arp_handler.py
loading app ryu.controller.ofp_handler
instantiating app None of Switches
creating context switches
instantiating app network_structure.py of NetworkStructure
instantiating app network_monitor.py of NetworkMonitor
instantiating app network_delay.py of NetworkDelay
instantiating app network_shortest_path.py of NetworkShortestPath
instantiating app arp_handler.py of ArpHandler
instantiating app ryu.controller.ofp_handler of OFPHandler
discovery---> switch: 1 connected
discovery---> switch: 4 connected
discovery---> switch: 5 connected
discovery---> switch: 2 connected
discovery---> switch: 3 connected
monitor---->register datapath: 0000000000000004
monitor---->register datapath: 0000000000000002
monitor---->register datapath: 0000000000000001
monitor---->register datapath: 0000000000000003
monitor---->register datapath: 0000000000000005
discovery--->==================================== discovery ====================================
discovery---> cls: [(2, 1), (2, 5), (1, 4), (1, 3), (4, 5), (3, 5)]
discovery--->==============================
hub: uncaught exception: Traceback (most recent call last):
  File "/usr/local/lib/python3.6/dist-packages/ryu/lib/hub.py", line 60, in _launch
    return func(*args, **kwargs)
  File "/home/terry/LJQ/LJQ_CORE_CODE/LJQ_Project/Task/ryu/network_shortest_path.py", line 71, in super_schedule
    self.create_weight_graph()
  File "/home/terry/LJQ/LJQ_CORE_CODE/LJQ_Project/Task/ryu/network_shortest_path.py", line 42, in create_weight_graph
    self.network_monitor.create_bandwidth_graph()  # 调用monitor更新链路的带宽
  File "/home/terry/LJQ/LJQ_CORE_CODE/LJQ_Project/Task/ryu/network_monitor.py", line 321, in create_bandwidth_graph
    self.network_structure.cls[src_dpid][dst_dpid]['bw'] = max(capacity - src_dst_bandwidth, 0)
NameError: name 'src_dst_bandwidth' is not defined

