loading app network_structure.py
Matplotlib created a temporary config/cache directory at /tmp/matplotlib-fhjcund7 because the default path (/home/terry/.config/matplotlib) is not a writable directory; it is highly recommended to set the MPLCONFIGDIR environment variable to a writable directory, in particular to speed up the import of Matplotlib and to better support multiprocessing.
Generating new fontManager, this may take some time...
Failed to extract font properties from /usr/share/fonts/truetype/noto/NotoColorEmoji.ttf: In FT2Font: Can not load face.  Unknown file format.
loading app network_monitor.py
loading app network_delay.py
loading app network_shortest_path.py
loading app arp_handler.py
loading app ryu.controller.ofp_handler
instantiating app None of Switches
creating context switches
instantiating app network_structure.py of NetworkStructure
instantiating app network_monitor.py of NetworkMonitor
instantiating app network_delay.py of NetworkDelay
instantiating app network_shortest_path.py of NetworkShortestPath
instantiating app arp_handler.py of ArpHandler
instantiating app ryu.controller.ofp_handler of OFPHandler
discovery---> AccessPoint: 1 connected
discovery---> AccessPoint: 2 connected
discovery---> AccessPoint: 3 connected
monitor---->register datapath: 1000000000000002
monitor---->register datapath: 1000000000000001
monitor---->register datapath: 1000000000000003
==================================== link detector ====================================

----------------------------
src    dst :    delay
1 <---> 2 : 7.367610931396484
1 <---> 3 : 10.211706161499023
3 <---> 2 : 8.301496505737305
3 <---> 1 : 8.457660675048828
2 <---> 1 : 8.040428161621094
2 <---> 3 : 6.391048431396484
discovery--->==================================== discovery ====================================
discovery---> cls: [(1, 2), (1, 3), (2, 3)]
discovery--->=============================================================================
datapath         port     rx-pkts  rx-bytes rx-error tx-pkts  tx-bytes tx-error
---------------- -------- -------- -------- -------- -------- -------- --------
0000000000000001        1        0        0        0        6      468        0
0000000000000001        2       24     3027        0       24     3027        0
0000000000000001        3       23     2967        0       24     3027        0
datapath         in-port  eth-dst           out-port packets  bytes
---------------- -------- ----------------- -------- -------- --------
datapath         port     rx-pkts  rx-bytes rx-error tx-pkts  tx-bytes tx-error
---------------- -------- -------- -------- -------- -------- -------- --------
0000000000000002        1        0        0        0        5      390        0
0000000000000002        2       24     3027        0       24     3027        0
0000000000000002        3       23     2967        0       24     3027        0
datapath         in-port  eth-dst           out-port packets  bytes
---------------- -------- ----------------- -------- -------- --------
datapath         port     rx-pkts  rx-bytes rx-error tx-pkts  tx-bytes tx-error
---------------- -------- -------- -------- -------- -------- -------- --------
0000000000000003        1        0        0        0        5      390        0
0000000000000003        2       24     3027        0       23     2967        0
0000000000000003        3       24     3027        0       23     2967        0
datapath         in-port  eth-dst           out-port packets  bytes
---------------- -------- ----------------- -------- -------- --------
==================================== link detector ====================================

----------------------------
src    dst :    delay
1 <---> 2 : 6.624937057495117
1 <---> 3 : 9.540319442749023
3 <---> 2 : 7.8105926513671875
3 <---> 1 : 8.99815559387207
2 <---> 1 : 7.721424102783203
2 <---> 3 : 8.043766021728516
==================================== link detector ====================================

----------------------------
src    dst :    delay
1 <---> 2 : 7.885932922363281
1 <---> 3 : 9.276390075683594
3 <---> 2 : 6.536006927490234
3 <---> 1 : 10.226964950561523
2 <---> 1 : 8.198976516723633
2 <---> 3 : 6.371498107910156
discovery--->==================================== discovery ====================================
discovery---> cls: [(1, 2), (1, 3), (2, 3)]
discovery--->=============================================================================
datapath         port     rx-pkts  rx-bytes rx-error tx-pkts  tx-bytes tx-error
---------------- -------- -------- -------- -------- -------- -------- --------
0000000000000002        1        0        0        0       11      858        0
0000000000000002        2       30     3530        0       31     3590        0
0000000000000002        3       30     3530        0       31     3590        0
datapath         in-port  eth-dst           out-port packets  bytes
---------------- -------- ----------------- -------- -------- --------
datapath         port     rx-pkts  rx-bytes rx-error tx-pkts  tx-bytes tx-error
---------------- -------- -------- -------- -------- -------- -------- --------
0000000000000003        1        0        0        0       11      858        0
0000000000000003        2       31     3590        0       30     3530        0
0000000000000003        3       31     3590        0       30     3530        0
datapath         in-port  eth-dst           out-port packets  bytes
---------------- -------- ----------------- -------- -------- --------
datapath         port     rx-pkts  rx-bytes rx-error tx-pkts  tx-bytes tx-error
---------------- -------- -------- -------- -------- -------- -------- --------
0000000000000001        1        0        0        0       11      858        0
0000000000000001        2       31     3590        0       30     3530        0
0000000000000001        3       30     3530        0       31     3590        0
datapath         in-port  eth-dst           out-port packets  bytes
---------------- -------- ----------------- -------- -------- --------
==================================== link detector ====================================

----------------------------
src    dst :    delay
1 <---> 2 : 6.951808929443359
1 <---> 3 : 9.83572006225586
3 <---> 2 : 6.508350372314453
3 <---> 1 : 9.964942932128906
2 <---> 1 : 6.668806076049805
2 <---> 3 : 6.400108337402344
discovery--->==================================== discovery ====================================
discovery---> cls: [(1, 2), (1, 3), (2, 3)]
discovery--->=============================================================================
datapath         port     rx-pkts  rx-bytes rx-error tx-pkts  tx-bytes tx-error
---------------- -------- -------- -------- -------- -------- -------- --------
0000000000000001        1        0        0        0       17     1326        0
0000000000000001        2       38     4163        0       38     4163        0
0000000000000001        3       37     4103        0       38     4163        0
datapath         in-port  eth-dst           out-port packets  bytes
---------------- -------- ----------------- -------- -------- --------
datapath         port     rx-pkts  rx-bytes rx-error tx-pkts  tx-bytes tx-error
---------------- -------- -------- -------- -------- -------- -------- --------
0000000000000003        1        0        0        0       16     1248        0
0000000000000003        2       38     4163        0       37     4103        0
0000000000000003        3       38     4163        0       38     4163        0
datapath         in-port  eth-dst           out-port packets  bytes
---------------- -------- ----------------- -------- -------- --------
datapath         port     rx-pkts  rx-bytes rx-error tx-pkts  tx-bytes tx-error
---------------- -------- -------- -------- -------- -------- -------- --------
0000000000000002        1        0        0        0       17     1326        0
0000000000000002        2       38     4163        0       38     4163        0
0000000000000002        3       38     4163        0       38     4163        0
datapath         in-port  eth-dst           out-port packets  bytes
---------------- -------- ----------------- -------- -------- --------
==================================== link detector ====================================

----------------------------
src    dst :    delay
1 <---> 2 : 7.276296615600586
1 <---> 3 : 9.826421737670898
3 <---> 2 : 8.16202163696289
3 <---> 1 : 8.624076843261719
2 <---> 1 : 6.371021270751953
2 <---> 3 : 7.547616958618164
==================================== link detector ====================================

----------------------------
src    dst :    delay
1 <---> 2 : 7.64012336730957
1 <---> 3 : 8.783578872680664
3 <---> 2 : 7.462263107299805
3 <---> 1 : 9.74273681640625
2 <---> 1 : 6.868124008178711
2 <---> 3 : 7.037878036499023
datapath         port     rx-pkts  rx-bytes rx-error tx-pkts  tx-bytes tx-error
---------------- -------- -------- -------- -------- -------- -------- --------
0000000000000002        1        0        0        0       22     1716        0
0000000000000002        2       43     4463        0       44     4523        0
0000000000000002        3       43     4463        0       44     4523        0
datapath         in-port  eth-dst           out-port packets  bytes
---------------- -------- ----------------- -------- -------- --------
datapath         port     rx-pkts  rx-bytes rx-error tx-pkts  tx-bytes tx-error
---------------- -------- -------- -------- -------- -------- -------- --------
0000000000000001        1        0        0        0       22     1716        0
0000000000000001        2       44     4523        0       43     4463        0
0000000000000001        3       43     4463        0       44     4523        0
datapath         in-port  eth-dst           out-port packets  bytes
---------------- -------- ----------------- -------- -------- --------
datapath         port     rx-pkts  rx-bytes rx-error tx-pkts  tx-bytes tx-error
---------------- -------- -------- -------- -------- -------- -------- --------
0000000000000003        1        0        0        0       22     1716        0
0000000000000003        2       44     4523        0       43     4463        0
0000000000000003        3       44     4523        0       43     4463        0
datapath         in-port  eth-dst           out-port packets  bytes
---------------- -------- ----------------- -------- -------- --------
discovery--->==================================== discovery ====================================
discovery---> cls: [(1, 2), (1, 3), (2, 3)]
discovery--->=============================================================================
shortest=====>[PATH] [192.168.0.1 <----> 192.168.0.2]: [1, 2]
shortest=====>[PATH] [192.168.0.1 <----> 192.168.0.3]: [1, 3]
shortest=====>[PATH] [192.168.0.2 <----> 192.168.0.3]: [2, 3]
==================================== link detector ====================================

----------------------------
src    dst :    delay
1 <---> 2 : 6.6890716552734375
1 <---> 3 : 8.629083633422852
3 <---> 2 : 6.309032440185547
3 <---> 1 : 8.489131927490234
2 <---> 1 : 7.185459136962891
2 <---> 3 : 6.855249404907227
datapath         port     rx-pkts  rx-bytes rx-error tx-pkts  tx-bytes tx-error
---------------- -------- -------- -------- -------- -------- -------- --------
0000000000000001        1        6      476        0       40     3200        0
0000000000000001        2       55     5223        0       53     5103        0
0000000000000001        3       53     5103        0       53     5103        0
datapath         in-port  eth-dst           out-port packets  bytes
---------------- -------- ----------------- -------- -------- --------
0000000000000001        1       192.168.0.2        2        1       98
0000000000000001        1       192.168.0.3        3        1       98
0000000000000001        2       192.168.0.1        1        2      196
0000000000000001        3       192.168.0.1        1        2      196
discovery--->==================================== discovery ====================================
discovery---> cls: [(1, 2), (1, 3), (2, 3)]
discovery--->=============================================================================
datapath         port     rx-pkts  rx-bytes rx-error tx-pkts  tx-bytes tx-error
---------------- -------- -------- -------- -------- -------- -------- --------
0000000000000002        1        6      476        0       35     2846        0
0000000000000002        2       53     5103        0       55     5223        0
0000000000000002        3       55     5223        0       53     5103        0
datapath         in-port  eth-dst           out-port packets  bytes
---------------- -------- ----------------- -------- -------- --------
0000000000000002        1       192.168.0.1        2        2      196
0000000000000002        1       192.168.0.3        3        1       98
0000000000000002        2       192.168.0.2        1        2      196
0000000000000002        3       192.168.0.2        1        2      196
datapath         port     rx-pkts  rx-bytes rx-error tx-pkts  tx-bytes tx-error
---------------- -------- -------- -------- -------- -------- -------- --------
0000000000000003        1        6      476        0       36     2906        0
0000000000000003        2       53     5103        0       53     5103        0
0000000000000003        3       53     5103        0       55     5223        0
datapath         in-port  eth-dst           out-port packets  bytes
---------------- -------- ----------------- -------- -------- --------
0000000000000003        1       192.168.0.1        2        2      196
0000000000000003        1       192.168.0.2        3        2      196
0000000000000003        2       192.168.0.3        1        2      196
0000000000000003        3       192.168.0.3        1        2      196
==================================== link detector ====================================

----------------------------
src    dst :    delay
1 <---> 2 : 7.595300674438477
1 <---> 3 : 8.475780487060547
3 <---> 2 : 6.791830062866211
3 <---> 1 : 9.591102600097656
2 <---> 1 : 8.178949356079102
2 <---> 3 : 6.720066070556641
==================================== link detector ====================================

----------------------------
src    dst :    delay
1 <---> 2 : 8.222341537475586
1 <---> 3 : 9.242773056030273
3 <---> 2 : 8.139848709106445
3 <---> 1 : 9.325265884399414
2 <---> 1 : 8.015155792236328
2 <---> 3 : 8.0718994140625
datapath         port     rx-pkts  rx-bytes rx-error tx-pkts  tx-bytes tx-error
---------------- -------- -------- -------- -------- -------- -------- --------
0000000000000002        1        7      518        0       41     3314        0
0000000000000002        2       58     5403        0       62     5653        0
0000000000000002        3       61     5593        0       60     5533        0
datapath         in-port  eth-dst           out-port packets  bytes
---------------- -------- ----------------- -------- -------- --------
0000000000000002        1       192.168.0.1        2        2      196
0000000000000002        1       192.168.0.3        3        1       98
0000000000000002        2       192.168.0.2        1        2      196
0000000000000002        3       192.168.0.2        1        2      196
datapath         port     rx-pkts  rx-bytes rx-error tx-pkts  tx-bytes tx-error
---------------- -------- -------- -------- -------- -------- -------- --------
0000000000000003        1        7      518        0       42     3374        0
0000000000000003        2       61     5736        0       59     5473        0
0000000000000003        3       60     5533        0       61     5593        0
datapath         in-port  eth-dst           out-port packets  bytes
---------------- -------- ----------------- -------- -------- --------
0000000000000003        1       192.168.0.1        2        2      196
0000000000000003        1       192.168.0.2        3        2      196
0000000000000003        2       192.168.0.3        1        2      196
0000000000000003        3       192.168.0.3        1        2      196
datapath         port     rx-pkts  rx-bytes rx-error tx-pkts  tx-bytes tx-error
---------------- -------- -------- -------- -------- -------- -------- --------
0000000000000001        1        6      476        0       45     3590        0
0000000000000001        2       62     5653        0       58     5403        0
0000000000000001        3       59     5473        0       61     5736        0
datapath         in-port  eth-dst           out-port packets  bytes
---------------- -------- ----------------- -------- -------- --------
0000000000000001        1       192.168.0.2        2        1       98
0000000000000001        1       192.168.0.3        3        1       98
0000000000000001        2       192.168.0.1        1        2      196
0000000000000001        3       192.168.0.1        1        2      196
discovery--->==================================== discovery ====================================
discovery---> cls: [(1, 2), (1, 3), (2, 3)]
discovery--->=============================================================================
==================================== link detector ====================================

----------------------------
src    dst :    delay
1 <---> 2 : 8.452653884887695
1 <---> 3 : 10.041236877441406
3 <---> 2 : 7.277011871337891
3 <---> 1 : 9.403467178344727
2 <---> 1 : 7.773160934448242
2 <---> 3 : 7.73930549621582
==================================== link detector ====================================

----------------------------
src    dst :    delay
1 <---> 2 : 6.991147994995117
1 <---> 3 : 10.216712951660156
3 <---> 2 : 7.888317108154297
3 <---> 1 : 8.975028991699219
2 <---> 1 : 7.256746292114258
2 <---> 3 : 7.507085800170898
datapath         port     rx-pkts  rx-bytes rx-error tx-pkts  tx-bytes tx-error
---------------- -------- -------- -------- -------- -------- -------- --------
0000000000000002        1        9      714        0       49     4014        0
0000000000000002        2       68     6232        0       71     6412        0
0000000000000002        3       68     6156        0       66     6036        0
datapath         in-port  eth-dst           out-port packets  bytes
---------------- -------- ----------------- -------- -------- --------
0000000000000002        1       192.168.0.1        2        4      392
0000000000000002        1       192.168.0.3        3        1       98
0000000000000002        2       192.168.0.2        1        4      392
0000000000000002        3       192.168.0.2        1        2      196
datapath         port     rx-pkts  rx-bytes rx-error tx-pkts  tx-bytes tx-error
---------------- -------- -------- -------- -------- -------- -------- --------
0000000000000001        1       10      868        0       55     4522        0
0000000000000001        2       71     6412        0       68     6232        0
0000000000000001        3       68     6232        0       69     6292        0
datapath         in-port  eth-dst           out-port packets  bytes
---------------- -------- ----------------- -------- -------- --------
0000000000000001        1       192.168.0.2        2        3      294
0000000000000001        1       192.168.0.3        3        3      294
0000000000000001        2       192.168.0.1        1        4      392
0000000000000001        3       192.168.0.1        1        4      392
datapath         port     rx-pkts  rx-bytes rx-error tx-pkts  tx-bytes tx-error
---------------- -------- -------- -------- -------- -------- -------- --------
0000000000000003        1        9      714        0       50     4074        0
0000000000000003        2       69     6292        0       68     6232        0
0000000000000003        3       66     6036        0       68     6156        0
datapath         in-port  eth-dst           out-port packets  bytes
---------------- -------- ----------------- -------- -------- --------
0000000000000003        1       192.168.0.1        2        4      392
0000000000000003        1       192.168.0.2        3        2      196
0000000000000003        2       192.168.0.3        1        4      392
0000000000000003        3       192.168.0.3        1        2      196
discovery--->==================================== discovery ====================================
discovery---> cls: [(1, 2), (1, 3), (2, 3)]
discovery--->=============================================================================
==================================== link detector ====================================

----------------------------
src    dst :    delay
1 <---> 2 : 7.697105407714844
1 <---> 3 : 8.486509323120117
3 <---> 2 : 8.47482681274414
3 <---> 1 : 10.296821594238281
2 <---> 1 : 6.566762924194336
2 <---> 3 : 6.605863571166992
datapath         port     rx-pkts  rx-bytes rx-error tx-pkts  tx-bytes tx-error
---------------- -------- -------- -------- -------- -------- -------- --------
0000000000000002        1        9      714        0       54     4404        0
0000000000000002        2       73     6532        0       76     6712        0
0000000000000002        3       73     6456        0       72     6396        0
datapath         in-port  eth-dst           out-port packets  bytes
---------------- -------- ----------------- -------- -------- --------
0000000000000002        1       192.168.0.1        2        4      392
0000000000000002        1       192.168.0.3        3        1       98
0000000000000002        2       192.168.0.2        1        4      392
0000000000000002        3       192.168.0.2        1        2      196
datapath         port     rx-pkts  rx-bytes rx-error tx-pkts  tx-bytes tx-error
---------------- -------- -------- -------- -------- -------- -------- --------
0000000000000003        1        9      714        0       55     4464        0
0000000000000003        2       74     6592        0       73     6532        0
0000000000000003        3       72     6396        0       73     6456        0
datapath         in-port  eth-dst           out-port packets  bytes
---------------- -------- ----------------- -------- -------- --------
0000000000000003        1       192.168.0.1        2        4      392
0000000000000003        1       192.168.0.2        3        2      196
0000000000000003        2       192.168.0.3        1        4      392
0000000000000003        3       192.168.0.3        1        2      196
datapath         port     rx-pkts  rx-bytes rx-error tx-pkts  tx-bytes tx-error
---------------- -------- -------- -------- -------- -------- -------- --------
0000000000000001        1       10      868        0       60     4912        0
0000000000000001        2       76     6712        0       73     6532        0
0000000000000001        3       73     6532        0       74     6592        0
datapath         in-port  eth-dst           out-port packets  bytes
---------------- -------- ----------------- -------- -------- --------
0000000000000001        1       192.168.0.2        2        3      294
0000000000000001        1       192.168.0.3        3        3      294
0000000000000001        2       192.168.0.1        1        4      392
0000000000000001        3       192.168.0.1        1        4      392
discovery--->==================================== discovery ====================================
discovery---> cls: [(1, 2), (1, 3), (2, 3)]
discovery--->=============================================================================
==================================== link detector ====================================

----------------------------
src    dst :    delay
1 <---> 2 : 6.325721740722656
1 <---> 3 : 9.13858413696289
3 <---> 2 : 7.852792739868164
3 <---> 1 : 9.011030197143555
2 <---> 1 : 8.471012115478516
2 <---> 3 : 8.18181037902832
==================================== link detector ====================================

----------------------------
src    dst :    delay
1 <---> 2 : 7.061004638671875
1 <---> 3 : 8.566617965698242
3 <---> 2 : 8.12077522277832
3 <---> 1 : 10.054826736450195
2 <---> 1 : 8.026361465454102
2 <---> 3 : 6.1931610107421875
datapath         port     rx-pkts  rx-bytes rx-error tx-pkts  tx-bytes tx-error
---------------- -------- -------- -------- -------- -------- -------- --------
0000000000000002        1        9      714        0       60     4872        0
0000000000000002        2       79     6892        0       82     7072        0
0000000000000002        3       79     6816        0       78     6756        0
datapath         in-port  eth-dst           out-port packets  bytes
---------------- -------- ----------------- -------- -------- --------
0000000000000002        1       192.168.0.1        2        4      392
0000000000000002        1       192.168.0.3        3        1       98
0000000000000002        2       192.168.0.2        1        4      392
0000000000000002        3       192.168.0.2        1        2      196
datapath         port     rx-pkts  rx-bytes rx-error tx-pkts  tx-bytes tx-error
---------------- -------- -------- -------- -------- -------- -------- --------
0000000000000001        1       10      868        0       66     5380        0
0000000000000001        2       82     7072        0       79     6892        0
0000000000000001        3       79     6892        0       80     6952        0
datapath         in-port  eth-dst           out-port packets  bytes
---------------- -------- ----------------- -------- -------- --------
0000000000000001        1       192.168.0.2        2        3      294
0000000000000001        1       192.168.0.3        3        3      294
0000000000000001        2       192.168.0.1        1        4      392
0000000000000001        3       192.168.0.1        1        4      392
datapath         port     rx-pkts  rx-bytes rx-error tx-pkts  tx-bytes tx-error
---------------- -------- -------- -------- -------- -------- -------- --------
0000000000000003        1        9      714        0       61     4932        0
0000000000000003        2       80     6952        0       79     6892        0
0000000000000003        3       78     6756        0       79     6816        0
datapath         in-port  eth-dst           out-port packets  bytes
---------------- -------- ----------------- -------- -------- --------
0000000000000003        1       192.168.0.1        2        4      392
0000000000000003        1       192.168.0.2        3        2      196
0000000000000003        2       192.168.0.3        1        4      392
0000000000000003        3       192.168.0.3        1        2      196
discovery--->==================================== discovery ====================================
discovery---> cls: [(1, 2), (1, 3), (2, 3)]
discovery--->=============================================================================
==================================== link detector ====================================

----------------------------
src    dst :    delay
1 <---> 2 : 7.821559906005859
1 <---> 3 : 9.119987487792969
3 <---> 2 : 8.388042449951172
3 <---> 1 : 8.743524551391602
2 <---> 1 : 6.707906723022461
2 <---> 3 : 7.105112075805664
datapath         port     rx-pkts  rx-bytes rx-error tx-pkts  tx-bytes tx-error
---------------- -------- -------- -------- -------- -------- -------- --------
0000000000000002        1        9      714        0       65     5262        0
0000000000000002        2       85     7252        0       87     7372        0
0000000000000002        3       84     7116        0       83     7056        0
datapath         in-port  eth-dst           out-port packets  bytes
---------------- -------- ----------------- -------- -------- --------
0000000000000002        1       192.168.0.1        2        4      392
0000000000000002        1       192.168.0.3        3        1       98
0000000000000002        2       192.168.0.2        1        4      392
0000000000000002        3       192.168.0.2        1        2      196
datapath         port     rx-pkts  rx-bytes rx-error tx-pkts  tx-bytes tx-error
---------------- -------- -------- -------- -------- -------- -------- --------
0000000000000003        1        9      714        0       66     5322        0
0000000000000003        2       85     7252        0       84     7192        0
0000000000000003        3       83     7056        0       84     7116        0
datapath         in-port  eth-dst           out-port packets  bytes
---------------- -------- ----------------- -------- -------- --------
0000000000000003        1       192.168.0.1        2        4      392
0000000000000003        1       192.168.0.2        3        2      196
0000000000000003        2       192.168.0.3        1        4      392
0000000000000003        3       192.168.0.3        1        2      196
datapath         port     rx-pkts  rx-bytes rx-error tx-pkts  tx-bytes tx-error
---------------- -------- -------- -------- -------- -------- -------- --------
0000000000000001        1       10      868        0       72     5848        0
0000000000000001        2       87     7372        0       85     7252        0
0000000000000001        3       84     7192        0       85     7252        0
datapath         in-port  eth-dst           out-port packets  bytes
---------------- -------- ----------------- -------- -------- --------
0000000000000001        1       192.168.0.2        2        3      294
0000000000000001        1       192.168.0.3        3        3      294
0000000000000001        2       192.168.0.1        1        4      392
0000000000000001        3       192.168.0.1        1        4      392
discovery--->==================================== discovery ====================================
discovery---> cls: [(1, 2), (1, 3), (2, 3)]
discovery--->=============================================================================
==================================== link detector ====================================

----------------------------
src    dst :    delay
1 <---> 2 : 8.19849967956543
1 <---> 3 : 9.853839874267578
3 <---> 2 : 6.676912307739258
3 <---> 1 : 10.12110710144043
2 <---> 1 : 6.169319152832031
2 <---> 3 : 7.859468460083008
==================================== link detector ====================================

----------------------------
src    dst :    delay
1 <---> 2 : 7.085323333740234
1 <---> 3 : 8.982658386230469
3 <---> 2 : 6.826162338256836
3 <---> 1 : 8.91423225402832
2 <---> 1 : 7.07554817199707
2 <---> 3 : 7.102489471435547
datapath         port     rx-pkts  rx-bytes rx-error tx-pkts  tx-bytes tx-error
---------------- -------- -------- -------- -------- -------- -------- --------
0000000000000002        1        9      714        0       71     5730        0
0000000000000002        2       90     7552        0       93     7732        0
0000000000000002        3       90     7476        0       89     7416        0
datapath         in-port  eth-dst           out-port packets  bytes
---------------- -------- ----------------- -------- -------- --------
0000000000000002        1       192.168.0.1        2        4      392
0000000000000002        1       192.168.0.3        3        1       98
0000000000000002        2       192.168.0.2        1        4      392
0000000000000002        3       192.168.0.2        1        2      196
datapath         port     rx-pkts  rx-bytes rx-error tx-pkts  tx-bytes tx-error
---------------- -------- -------- -------- -------- -------- -------- --------
0000000000000003        1        9      714        0       72     5790        0
0000000000000003        2       91     7612        0       90     7552        0
0000000000000003        3       89     7416        0       90     7476        0
datapath         in-port  eth-dst           out-port packets  bytes
---------------- -------- ----------------- -------- -------- --------
0000000000000003        1       192.168.0.1        2        4      392
0000000000000003        1       192.168.0.2        3        2      196
0000000000000003        2       192.168.0.3        1        4      392
0000000000000003        3       192.168.0.3        1        2      196
datapath         port     rx-pkts  rx-bytes rx-error tx-pkts  tx-bytes tx-error
---------------- -------- -------- -------- -------- -------- -------- --------
0000000000000001        1       10      868        0       77     6238        0
0000000000000001        2       93     7732        0       90     7552        0
0000000000000001        3       90     7552        0       91     7612        0
datapath         in-port  eth-dst           out-port packets  bytes
---------------- -------- ----------------- -------- -------- --------
0000000000000001        1       192.168.0.2        2        3      294
0000000000000001        1       192.168.0.3        3        3      294
0000000000000001        2       192.168.0.1        1        4      392
0000000000000001        3       192.168.0.1        1        4      392
discovery--->==================================== discovery ====================================
discovery---> cls: [(1, 2), (1, 3), (2, 3)]
discovery--->=============================================================================
==================================== link detector ====================================

----------------------------
src    dst :    delay
1 <---> 2 : 8.29625129699707
1 <---> 3 : 9.104251861572266
3 <---> 2 : 7.216930389404297
3 <---> 1 : 8.36324691772461
2 <---> 1 : 7.834911346435547
2 <---> 3 : 8.718252182006836
==================================== link detector ====================================

----------------------------
src    dst :    delay
1 <---> 2 : 8.672952651977539
1 <---> 3 : 9.59157943725586
3 <---> 2 : 7.746458053588867
3 <---> 1 : 9.518623352050781
2 <---> 1 : 7.549762725830078
2 <---> 3 : 8.103609085083008
datapath         port     rx-pkts  rx-bytes rx-error tx-pkts  tx-bytes tx-error
---------------- -------- -------- -------- -------- -------- -------- --------
0000000000000002        1        9      714        0       77     6198        0
0000000000000002        2       96     7912        0       98     8032        0
0000000000000002        3       97     7906        0       94     7716        0
datapath         in-port  eth-dst           out-port packets  bytes
---------------- -------- ----------------- -------- -------- --------
0000000000000002        1       192.168.0.1        2        4      392
0000000000000002        1       192.168.0.3        3        1       98
0000000000000002        2       192.168.0.2        1        4      392
0000000000000002        3       192.168.0.2        1        2      196
datapath         port     rx-pkts  rx-bytes rx-error tx-pkts  tx-bytes tx-error
---------------- -------- -------- -------- -------- -------- -------- --------
0000000000000003        1        9      714        0       77     6180        0
0000000000000003        2       97     7982        0       95     7852        0
0000000000000003        3       94     7716        0       97     7906        0
datapath         in-port  eth-dst           out-port packets  bytes
---------------- -------- ----------------- -------- -------- --------
0000000000000003        1       192.168.0.1        2        4      392
0000000000000003        1       192.168.0.2        3        2      196
0000000000000003        2       192.168.0.3        1        4      392
0000000000000003        3       192.168.0.3        1        2      196
datapath         port     rx-pkts  rx-bytes rx-error tx-pkts  tx-bytes tx-error
---------------- -------- -------- -------- -------- -------- -------- --------
0000000000000001        1       10      868        0       83     6706        0
0000000000000001        2       98     8032        0       96     7912        0
0000000000000001        3       95     7852        0       97     7982        0
datapath         in-port  eth-dst           out-port packets  bytes
---------------- -------- ----------------- -------- -------- --------
0000000000000001        1       192.168.0.2        2        3      294
0000000000000001        1       192.168.0.3        3        3      294
0000000000000001        2       192.168.0.1        1        4      392
0000000000000001        3       192.168.0.1        1        4      392
discovery--->==================================== discovery ====================================
discovery---> cls: [(1, 2), (1, 3), (2, 3)]
discovery--->=============================================================================
==================================== link detector ====================================

----------------------------
src    dst :    delay
1 <---> 2 : 8.039712905883789
1 <---> 3 : 10.099411010742188
3 <---> 2 : 7.792472839355469
3 <---> 1 : 10.303258895874023
2 <---> 1 : 6.827592849731445
2 <---> 3 : 8.199691772460938
datapath         port     rx-pkts  rx-bytes rx-error tx-pkts  tx-bytes tx-error
---------------- -------- -------- -------- -------- -------- -------- --------
0000000000000002        1        9      714        0       82     6588        0
0000000000000002        2      103     8485        0      106     8665        0
0000000000000002        3      103     8409        0      101     8279        0
datapath         in-port  eth-dst           out-port packets  bytes
---------------- -------- ----------------- -------- -------- --------
0000000000000002        1       192.168.0.1        2        4      392
0000000000000002        1       192.168.0.3        3        1       98
0000000000000002        2       192.168.0.2        1        4      392
0000000000000002        3       192.168.0.2        1        2      196
datapath         port     rx-pkts  rx-bytes rx-error tx-pkts  tx-bytes tx-error
---------------- -------- -------- -------- -------- -------- -------- --------
0000000000000003        1        9      714        0       83     6648        0
0000000000000003        2      104     8545        0      103     8485        0
0000000000000003        3      101     8279        0      103     8409        0
datapath         in-port  eth-dst           out-port packets  bytes
---------------- -------- ----------------- -------- -------- --------
0000000000000003        1       192.168.0.1        2        4      392
0000000000000003        1       192.168.0.2        3        2      196
0000000000000003        2       192.168.0.3        1        4      392
0000000000000003        3       192.168.0.3        1        2      196
datapath         port     rx-pkts  rx-bytes rx-error tx-pkts  tx-bytes tx-error
---------------- -------- -------- -------- -------- -------- -------- --------
0000000000000001        1       10      868        0       88     7096        0
0000000000000001        2      106     8665        0      103     8485        0
0000000000000001        3      103     8485        0      104     8545        0
datapath         in-port  eth-dst           out-port packets  bytes
---------------- -------- ----------------- -------- -------- --------
0000000000000001        1       192.168.0.2        2        3      294
0000000000000001        1       192.168.0.3        3        3      294
0000000000000001        2       192.168.0.1        1        4      392
0000000000000001        3       192.168.0.1        1        4      392
discovery--->==================================== discovery ====================================
discovery---> cls: [(1, 2), (1, 3), (2, 3)]
discovery--->=============================================================================
==================================== link detector ====================================

----------------------------
src    dst :    delay
1 <---> 2 : 7.002353668212891
1 <---> 3 : 10.081291198730469
3 <---> 2 : 8.227348327636719
3 <---> 1 : 8.805513381958008
2 <---> 1 : 6.677865982055664
2 <---> 3 : 8.097648620605469
==================================== link detector ====================================

----------------------------
src    dst :    delay
1 <---> 2 : 6.607532501220703
1 <---> 3 : 8.785486221313477
3 <---> 2 : 8.784770965576172
3 <---> 1 : 8.729934692382812
2 <---> 1 : 7.976770401000977
2 <---> 3 : 8.25047492980957
datapath         port     rx-pkts  rx-bytes rx-error tx-pkts  tx-bytes tx-error
---------------- -------- -------- -------- -------- -------- -------- --------
0000000000000002        1        9      714        0       88     7056        0
0000000000000002        2      109     8845        0      111     8965        0
0000000000000002        3      109     8769        0      107     8649        0
datapath         in-port  eth-dst           out-port packets  bytes
---------------- -------- ----------------- -------- -------- --------
0000000000000002        1       192.168.0.1        2        4      392
0000000000000002        1       192.168.0.3        3        1       98
0000000000000002        2       192.168.0.2        1        4      392
0000000000000002        3       192.168.0.2        1        2      196
datapath         port     rx-pkts  rx-bytes rx-error tx-pkts  tx-bytes tx-error
---------------- -------- -------- -------- -------- -------- -------- --------
0000000000000001        1       10      868        0       94     7564        0
0000000000000001        2      111     8965        0      109     8845        0
0000000000000001        3      109     8845        0      109     8845        0
datapath         in-port  eth-dst           out-port packets  bytes
---------------- -------- ----------------- -------- -------- --------
0000000000000001        1       192.168.0.2        2        3      294
0000000000000001        1       192.168.0.3        3        3      294
0000000000000001        2       192.168.0.1        1        4      392
0000000000000001        3       192.168.0.1        1        4      392
datapath         port     rx-pkts  rx-bytes rx-error tx-pkts  tx-bytes tx-error
---------------- -------- -------- -------- -------- -------- -------- --------
0000000000000003        1        9      714        0       89     7116        0
0000000000000003        2      109     8845        0      109     8845        0
0000000000000003        3      107     8649        0      109     8769        0
datapath         in-port  eth-dst           out-port packets  bytes
---------------- -------- ----------------- -------- -------- --------
0000000000000003        1       192.168.0.1        2        4      392
0000000000000003        1       192.168.0.2        3        2      196
0000000000000003        2       192.168.0.3        1        4      392
0000000000000003        3       192.168.0.3        1        2      196
discovery--->==================================== discovery ====================================
discovery---> cls: [(1, 2), (1, 3), (2, 3)]
discovery--->=============================================================================
==================================== link detector ====================================

----------------------------
src    dst :    delay
1 <---> 2 : 7.590293884277344
1 <---> 3 : 9.631156921386719
3 <---> 2 : 7.4520111083984375
3 <---> 1 : 9.165525436401367
2 <---> 1 : 7.158517837524414
2 <---> 3 : 6.50477409362793
datapath         port     rx-pkts  rx-bytes rx-error tx-pkts  tx-bytes tx-error
---------------- -------- -------- -------- -------- -------- -------- --------
0000000000000002        1        9      714        0       93     7446        0
0000000000000002        2      114     9145        0      117     9325        0
0000000000000002        3      114     9069        0      113     9009        0
datapath         in-port  eth-dst           out-port packets  bytes
---------------- -------- ----------------- -------- -------- --------
0000000000000002        1       192.168.0.1        2        4      392
0000000000000002        1       192.168.0.3        3        1       98
0000000000000002        2       192.168.0.2        1        4      392
0000000000000002        3       192.168.0.2        1        2      196
datapath         port     rx-pkts  rx-bytes rx-error tx-pkts  tx-bytes tx-error
---------------- -------- -------- -------- -------- -------- -------- --------
0000000000000003        1        9      714        0       94     7506        0
0000000000000003        2      115     9205        0      114     9145        0
0000000000000003        3      113     9009        0      114     9069        0
datapath         in-port  eth-dst           out-port packets  bytes
---------------- -------- ----------------- -------- -------- --------
0000000000000003        1       192.168.0.1        2        4      392
0000000000000003        1       192.168.0.2        3        2      196
0000000000000003        2       192.168.0.3        1        4      392
0000000000000003        3       192.168.0.3        1        2      196
datapath         port     rx-pkts  rx-bytes rx-error tx-pkts  tx-bytes tx-error
---------------- -------- -------- -------- -------- -------- -------- --------
0000000000000001        1       10      868        0       99     7954        0
0000000000000001        2      117     9325        0      114     9145        0
0000000000000001        3      114     9145        0      115     9205        0
datapath         in-port  eth-dst           out-port packets  bytes
---------------- -------- ----------------- -------- -------- --------
0000000000000001        1       192.168.0.2        2        3      294
0000000000000001        1       192.168.0.3        3        3      294
0000000000000001        2       192.168.0.1        1        4      392
0000000000000001        3       192.168.0.1        1        4      392
discovery--->==================================== discovery ====================================
discovery---> cls: [(1, 2), (1, 3), (2, 3)]
discovery--->=============================================================================
==================================== link detector ====================================

----------------------------
src    dst :    delay
1 <---> 2 : 6.645917892456055
1 <---> 3 : 9.24229621887207
3 <---> 2 : 6.67119026184082
3 <---> 1 : 9.214162826538086
2 <---> 1 : 8.283138275146484
2 <---> 3 : 6.780862808227539
==================================== link detector ====================================

----------------------------
src    dst :    delay
1 <---> 2 : 7.838010787963867
1 <---> 3 : 9.98377799987793
3 <---> 2 : 8.151531219482422
3 <---> 1 : 9.209394454956055
2 <---> 1 : 6.382942199707031
2 <---> 3 : 8.086681365966797
datapath         port     rx-pkts  rx-bytes rx-error tx-pkts  tx-bytes tx-error
---------------- -------- -------- -------- -------- -------- -------- --------
0000000000000002        1        9      714        0       99     7914        0
0000000000000002        2      120     9505        0      123     9685        0
0000000000000002        3      120     9429        0      118     9309        0
datapath         in-port  eth-dst           out-port packets  bytes
---------------- -------- ----------------- -------- -------- --------
0000000000000002        1       192.168.0.1        2        4      392
0000000000000002        1       192.168.0.3        3        1       98
0000000000000002        2       192.168.0.2        1        4      392
0000000000000002        3       192.168.0.2        1        2      196
datapath         port     rx-pkts  rx-bytes rx-error tx-pkts  tx-bytes tx-error
---------------- -------- -------- -------- -------- -------- -------- --------
0000000000000003        1        9      714        0      100     7974        0
0000000000000003        2      120     9505        0      120     9505        0
0000000000000003        3      118     9309        0      120     9429        0
datapath         in-port  eth-dst           out-port packets  bytes
---------------- -------- ----------------- -------- -------- --------
0000000000000003        1       192.168.0.1        2        4      392
0000000000000003        1       192.168.0.2        3        2      196
0000000000000003        2       192.168.0.3        1        4      392
0000000000000003        3       192.168.0.3        1        2      196
datapath         port     rx-pkts  rx-bytes rx-error tx-pkts  tx-bytes tx-error
---------------- -------- -------- -------- -------- -------- -------- --------
0000000000000001        1       10      868        0      105     8422        0
0000000000000001        2      123     9685        0      120     9505        0
0000000000000001        3      120     9505        0      120     9505        0
datapath         in-port  eth-dst           out-port packets  bytes
---------------- -------- ----------------- -------- -------- --------
0000000000000001        1       192.168.0.2        2        3      294
0000000000000001        1       192.168.0.3        3        3      294
0000000000000001        2       192.168.0.1        1        4      392
0000000000000001        3       192.168.0.1        1        4      392
discovery--->==================================== discovery ====================================
discovery---> cls: [(1, 2), (1, 3), (2, 3)]
discovery--->=============================================================================
==================================== link detector ====================================

----------------------------
src    dst :    delay
1 <---> 2 : 7.074832916259766
1 <---> 3 : 10.266780853271484
3 <---> 2 : 8.288145065307617
3 <---> 1 : 9.610891342163086
2 <---> 1 : 7.44318962097168
2 <---> 3 : 8.131980895996094
datapath         port     rx-pkts  rx-bytes rx-error tx-pkts  tx-bytes tx-error
---------------- -------- -------- -------- -------- -------- -------- --------
0000000000000002        1        9      714        0      104     8304        0
0000000000000002        2      125     9805        0      128     9985        0
0000000000000002        3      125     9729        0      124     9669        0
datapath         in-port  eth-dst           out-port packets  bytes
---------------- -------- ----------------- -------- -------- --------
0000000000000002        1       192.168.0.1        2        4      392
0000000000000002        1       192.168.0.3        3        1       98
0000000000000002        2       192.168.0.2        1        4      392
0000000000000002        3       192.168.0.2        1        2      196
datapath         port     rx-pkts  rx-bytes rx-error tx-pkts  tx-bytes tx-error
---------------- -------- -------- -------- -------- -------- -------- --------
0000000000000001        1       10      868        0      110     8812        0
0000000000000001        2      128     9985        0      125     9805        0
0000000000000001        3      125     9805        0      126     9865        0
datapath         in-port  eth-dst           out-port packets  bytes
---------------- -------- ----------------- -------- -------- --------
0000000000000001        1       192.168.0.2        2        3      294
0000000000000001        1       192.168.0.3        3        3      294
0000000000000001        2       192.168.0.1        1        4      392
0000000000000001        3       192.168.0.1        1        4      392
datapath         port     rx-pkts  rx-bytes rx-error tx-pkts  tx-bytes tx-error
---------------- -------- -------- -------- -------- -------- -------- --------
0000000000000003        1        9      714        0      105     8364        0
0000000000000003        2      126     9865        0      125     9805        0
0000000000000003        3      124     9669        0      125     9729        0
datapath         in-port  eth-dst           out-port packets  bytes
---------------- -------- ----------------- -------- -------- --------
0000000000000003        1       192.168.0.1        2        4      392
0000000000000003        1       192.168.0.2        3        2      196
0000000000000003        2       192.168.0.3        1        4      392
0000000000000003        3       192.168.0.3        1        2      196
discovery--->==================================== discovery ====================================
discovery---> cls: [(1, 2), (1, 3), (2, 3)]
discovery--->=============================================================================
==================================== link detector ====================================

----------------------------
src    dst :    delay
1 <---> 2 : 8.228778839111328
1 <---> 3 : 8.816003799438477
3 <---> 2 : 8.405685424804688
3 <---> 1 : 8.208036422729492
2 <---> 1 : 8.02159309387207
2 <---> 3 : 7.0705413818359375
==================================== link detector ====================================

----------------------------
src    dst :    delay
1 <---> 2 : 6.840705871582031
1 <---> 3 : 10.268688201904297
3 <---> 2 : 7.297277450561523
3 <---> 1 : 9.853601455688477
2 <---> 1 : 7.083415985107422
2 <---> 3 : 8.218050003051758
datapath         port     rx-pkts  rx-bytes rx-error tx-pkts  tx-bytes tx-error
---------------- -------- -------- -------- -------- -------- -------- --------
0000000000000002        1        9      714        0      110     8772        0
0000000000000002        2      131    10165        0      134    10345        0
0000000000000002        3      131    10089        0      130    10029        0
datapath         in-port  eth-dst           out-port packets  bytes
---------------- -------- ----------------- -------- -------- --------
0000000000000002        1       192.168.0.1        2        4      392
0000000000000002        1       192.168.0.3        3        1       98
0000000000000002        2       192.168.0.2        1        4      392
0000000000000002        3       192.168.0.2        1        2      196
datapath         port     rx-pkts  rx-bytes rx-error tx-pkts  tx-bytes tx-error
---------------- -------- -------- -------- -------- -------- -------- --------
0000000000000001        1       10      868        0      116     9280        0
0000000000000001        2      134    10345        0      131    10165        0
0000000000000001        3      131    10165        0      132    10225        0
datapath         in-port  eth-dst           out-port packets  bytes
---------------- -------- ----------------- -------- -------- --------
0000000000000001        1       192.168.0.2        2        3      294
0000000000000001        1       192.168.0.3        3        3      294
0000000000000001        2       192.168.0.1        1        4      392
0000000000000001        3       192.168.0.1        1        4      392
datapath         port     rx-pkts  rx-bytes rx-error tx-pkts  tx-bytes tx-error
---------------- -------- -------- -------- -------- -------- -------- --------
0000000000000003        1        9      714        0      111     8832        0
0000000000000003        2      132    10225        0      131    10165        0
0000000000000003        3      130    10029        0      131    10089        0
datapath         in-port  eth-dst           out-port packets  bytes
---------------- -------- ----------------- -------- -------- --------
0000000000000003        1       192.168.0.1        2        4      392
0000000000000003        1       192.168.0.2        3        2      196
0000000000000003        2       192.168.0.3        1        4      392
0000000000000003        3       192.168.0.3        1        2      196
discovery--->==================================== discovery ====================================
discovery---> cls: [(1, 2), (1, 3), (2, 3)]
discovery--->=============================================================================
==================================== link detector ====================================

----------------------------
src    dst :    delay
1 <---> 2 : 8.022308349609375
1 <---> 3 : 9.672403335571289
3 <---> 2 : 8.211612701416016
3 <---> 1 : 9.073495864868164
2 <---> 1 : 7.034063339233398
2 <---> 3 : 7.598161697387695
==================================== link detector ====================================

----------------------------
src    dst :    delay
1 <---> 2 : 7.651329040527344
1 <---> 3 : 9.197235107421875
3 <---> 2 : 7.12895393371582
3 <---> 1 : 9.622335433959961
2 <---> 1 : 6.5460205078125
2 <---> 3 : 6.814241409301758
datapath         port     rx-pkts  rx-bytes rx-error tx-pkts  tx-bytes tx-error
---------------- -------- -------- -------- -------- -------- -------- --------
0000000000000002        1        9      714        0      115     9162        0
0000000000000002        2      137    10525        0      139    10645        0
0000000000000002        3      136    10389        0      135    10329        0
datapath         in-port  eth-dst           out-port packets  bytes
---------------- -------- ----------------- -------- -------- --------
0000000000000002        1       192.168.0.1        2        4      392
0000000000000002        1       192.168.0.3        3        1       98
0000000000000002        2       192.168.0.2        1        4      392
0000000000000002        3       192.168.0.2        1        2      196
datapath         port     rx-pkts  rx-bytes rx-error tx-pkts  tx-bytes tx-error
---------------- -------- -------- -------- -------- -------- -------- --------
0000000000000003        1        9      714        0      116     9222        0
0000000000000003        2      137    10525        0      136    10465        0
0000000000000003        3      135    10329        0      136    10389        0
datapath         in-port  eth-dst           out-port packets  bytes
---------------- -------- ----------------- -------- -------- --------
0000000000000003        1       192.168.0.1        2        4      392
0000000000000003        1       192.168.0.2        3        2      196
0000000000000003        2       192.168.0.3        1        4      392
0000000000000003        3       192.168.0.3        1        2      196
datapath         port     rx-pkts  rx-bytes rx-error tx-pkts  tx-bytes tx-error
---------------- -------- -------- -------- -------- -------- -------- --------
0000000000000001        1       10      868        0      121     9670        0
0000000000000001        2      139    10645        0      137    10525        0
0000000000000001        3      136    10465        0      137    10525        0
datapath         in-port  eth-dst           out-port packets  bytes
---------------- -------- ----------------- -------- -------- --------
0000000000000001        1       192.168.0.2        2        3      294
0000000000000001        1       192.168.0.3        3        3      294
0000000000000001        2       192.168.0.1        1        4      392
0000000000000001        3       192.168.0.1        1        4      392
discovery--->==================================== discovery ====================================
discovery---> cls: [(1, 2), (1, 3), (2, 3)]
discovery--->=============================================================================
==================================== link detector ====================================

----------------------------
src    dst :    delay
1 <---> 2 : 6.697177886962891
1 <---> 3 : 9.155988693237305
3 <---> 2 : 7.189273834228516
3 <---> 1 : 10.048389434814453
2 <---> 1 : 7.081270217895508
2 <---> 3 : 7.22956657409668
datapath         port     rx-pkts  rx-bytes rx-error tx-pkts  tx-bytes tx-error
---------------- -------- -------- -------- -------- -------- -------- --------
0000000000000002        1        9      714        0      121     9630        0
0000000000000002        2      142    10825        0      145    11005        0
0000000000000002        3      142    10749        0      141    10689        0
datapath         in-port  eth-dst           out-port packets  bytes
---------------- -------- ----------------- -------- -------- --------
0000000000000002        1       192.168.0.1        2        4      392
0000000000000002        1       192.168.0.3        3        1       98
0000000000000002        2       192.168.0.2        1        4      392
0000000000000002        3       192.168.0.2        1        2      196
datapath         port     rx-pkts  rx-bytes rx-error tx-pkts  tx-bytes tx-error
---------------- -------- -------- -------- -------- -------- -------- --------
0000000000000001        1       10      868        0      127    10138        0
0000000000000001        2      145    11005        0      142    10825        0
0000000000000001        3      142    10825        0      143    10885        0
datapath         in-port  eth-dst           out-port packets  bytes
---------------- -------- ----------------- -------- -------- --------
0000000000000001        1       192.168.0.2        2        3      294
0000000000000001        1       192.168.0.3        3        3      294
0000000000000001        2       192.168.0.1        1        4      392
0000000000000001        3       192.168.0.1        1        4      392
datapath         port     rx-pkts  rx-bytes rx-error tx-pkts  tx-bytes tx-error
---------------- -------- -------- -------- -------- -------- -------- --------
0000000000000003        1        9      714        0      122     9690        0
0000000000000003        2      143    10885        0      142    10825        0
0000000000000003        3      141    10689        0      142    10749        0
datapath         in-port  eth-dst           out-port packets  bytes
---------------- -------- ----------------- -------- -------- --------
0000000000000003        1       192.168.0.1        2        4      392
0000000000000003        1       192.168.0.2        3        2      196
0000000000000003        2       192.168.0.3        1        4      392
0000000000000003        3       192.168.0.3        1        2      196
discovery--->==================================== discovery ====================================
discovery---> cls: [(1, 2), (1, 3), (2, 3)]
discovery--->=============================================================================
==================================== link detector ====================================

----------------------------
src    dst :    delay
1 <---> 2 : 7.346868515014648
1 <---> 3 : 8.897542953491211
3 <---> 2 : 8.286714553833008
3 <---> 1 : 9.212255477905273
2 <---> 1 : 6.754875183105469
2 <---> 3 : 7.250785827636719
==================================== link detector ====================================

----------------------------
src    dst :    delay
1 <---> 2 : 6.699562072753906
1 <---> 3 : 10.174036026000977
3 <---> 2 : 6.718158721923828
3 <---> 1 : 10.091066360473633
2 <---> 1 : 8.087635040283203
2 <---> 3 : 8.156538009643555
datapath         port     rx-pkts  rx-bytes rx-error tx-pkts  tx-bytes tx-error
---------------- -------- -------- -------- -------- -------- -------- --------
0000000000000002        1        9      714        0      127    10098        0
0000000000000002        2      148    11185        0      150    11305        0
0000000000000002        3      147    11049        0      146    10989        0
datapath         in-port  eth-dst           out-port packets  bytes
---------------- -------- ----------------- -------- -------- --------
0000000000000002        1       192.168.0.1        2        4      392
0000000000000002        1       192.168.0.3        3        1       98
0000000000000002        2       192.168.0.2        1        4      392
0000000000000002        3       192.168.0.2        1        2      196
datapath         port     rx-pkts  rx-bytes rx-error tx-pkts  tx-bytes tx-error
---------------- -------- -------- -------- -------- -------- -------- --------
0000000000000003        1        9      714        0      127    10080        0
0000000000000003        2      148    11185        0      147    11125        0
0000000000000003        3      146    10989        0      147    11049        0
datapath         in-port  eth-dst           out-port packets  bytes
---------------- -------- ----------------- -------- -------- --------
0000000000000003        1       192.168.0.1        2        4      392
0000000000000003        1       192.168.0.2        3        2      196
0000000000000003        2       192.168.0.3        1        4      392
0000000000000003        3       192.168.0.3        1        2      196
datapath         port     rx-pkts  rx-bytes rx-error tx-pkts  tx-bytes tx-error
---------------- -------- -------- -------- -------- -------- -------- --------
0000000000000001        1       10      868        0      133    10606        0
0000000000000001        2      150    11305        0      148    11185        0
0000000000000001        3      147    11125        0      148    11185        0
datapath         in-port  eth-dst           out-port packets  bytes
---------------- -------- ----------------- -------- -------- --------
0000000000000001        1       192.168.0.2        2        3      294
0000000000000001        1       192.168.0.3        3        3      294
0000000000000001        2       192.168.0.1        1        4      392
0000000000000001        3       192.168.0.1        1        4      392
discovery--->==================================== discovery ====================================
discovery---> cls: [(1, 2), (1, 3), (2, 3)]
discovery--->=============================================================================
==================================== link detector ====================================

----------------------------
src    dst :    delay
1 <---> 2 : 8.184432983398438
1 <---> 3 : 8.308172225952148
3 <---> 2 : 7.618904113769531
3 <---> 1 : 9.573221206665039
2 <---> 1 : 7.209300994873047
2 <---> 3 : 8.436918258666992
datapath         port     rx-pkts  rx-bytes rx-error tx-pkts  tx-bytes tx-error
---------------- -------- -------- -------- -------- -------- -------- --------
0000000000000002        1        9      714        0      132    10488        0
0000000000000002        2      153    11485        0      156    11665        0
0000000000000002        3      153    11409        0      152    11349        0
datapath         in-port  eth-dst           out-port packets  bytes
---------------- -------- ----------------- -------- -------- --------
0000000000000002        1       192.168.0.1        2        4      392
0000000000000002        1       192.168.0.3        3        1       98
0000000000000002        2       192.168.0.2        1        4      392
0000000000000002        3       192.168.0.2        1        2      196
datapath         port     rx-pkts  rx-bytes rx-error tx-pkts  tx-bytes tx-error
---------------- -------- -------- -------- -------- -------- -------- --------
0000000000000001        1       10      868        0      138    10996        0
0000000000000001        2      156    11665        0      153    11485        0
0000000000000001        3      153    11485        0      154    11545        0
datapath         in-port  eth-dst           out-port packets  bytes
---------------- -------- ----------------- -------- -------- --------
0000000000000001        1       192.168.0.2        2        3      294
0000000000000001        1       192.168.0.3        3        3      294
0000000000000001        2       192.168.0.1        1        4      392
0000000000000001        3       192.168.0.1        1        4      392
datapath         port     rx-pkts  rx-bytes rx-error tx-pkts  tx-bytes tx-error
---------------- -------- -------- -------- -------- -------- -------- --------
0000000000000003        1        9      714        0      133    10548        0
0000000000000003        2      154    11545        0      153    11485        0
0000000000000003        3      152    11349        0      153    11409        0
datapath         in-port  eth-dst           out-port packets  bytes
---------------- -------- ----------------- -------- -------- --------
0000000000000003        1       192.168.0.1        2        4      392
0000000000000003        1       192.168.0.2        3        2      196
0000000000000003        2       192.168.0.3        1        4      392
0000000000000003        3       192.168.0.3        1        2      196
discovery--->==================================== discovery ====================================
discovery---> cls: [(1, 2), (1, 3), (2, 3)]
discovery--->=============================================================================
==================================== link detector ====================================

----------------------------
src    dst :    delay
1 <---> 2 : 6.768941879272461
1 <---> 3 : 9.532928466796875
3 <---> 2 : 7.460117340087891
3 <---> 1 : 9.60230827331543
2 <---> 1 : 7.503032684326172
2 <---> 3 : 7.616758346557617
==================================== link detector ====================================

----------------------------
src    dst :    delay
1 <---> 2 : 7.073879241943359
1 <---> 3 : 8.940696716308594
3 <---> 2 : 6.526470184326172
3 <---> 1 : 8.514165878295898
2 <---> 1 : 7.592439651489258
2 <---> 3 : 7.53331184387207
datapath         port     rx-pkts  rx-bytes rx-error tx-pkts  tx-bytes tx-error
---------------- -------- -------- -------- -------- -------- -------- --------
0000000000000002        1        9      714        0      138    10956        0
0000000000000002        2      159    11845        0      161    11965        0
0000000000000002        3      159    11769        0      157    11649        0
datapath         in-port  eth-dst           out-port packets  bytes
---------------- -------- ----------------- -------- -------- --------
0000000000000002        1       192.168.0.1        2        4      392
0000000000000002        1       192.168.0.3        3        1       98
0000000000000002        2       192.168.0.2        1        4      392
0000000000000002        3       192.168.0.2        1        2      196
datapath         port     rx-pkts  rx-bytes rx-error tx-pkts  tx-bytes tx-error
---------------- -------- -------- -------- -------- -------- -------- --------
0000000000000001        1       10      868        0      144    11464        0
0000000000000001        2      161    11965        0      159    11845        0
0000000000000001        3      159    11845        0      159    11845        0
datapath         in-port  eth-dst           out-port packets  bytes
---------------- -------- ----------------- -------- -------- --------
0000000000000001        1       192.168.0.2        2        3      294
0000000000000001        1       192.168.0.3        3        3      294
0000000000000001        2       192.168.0.1        1        4      392
0000000000000001        3       192.168.0.1        1        4      392
datapath         port     rx-pkts  rx-bytes rx-error tx-pkts  tx-bytes tx-error
---------------- -------- -------- -------- -------- -------- -------- --------
0000000000000003        1        9      714        0      138    10938        0
0000000000000003        2      159    11845        0      159    11845        0
0000000000000003        3      157    11649        0      159    11769        0
datapath         in-port  eth-dst           out-port packets  bytes
---------------- -------- ----------------- -------- -------- --------
0000000000000003        1       192.168.0.1        2        4      392
0000000000000003        1       192.168.0.2        3        2      196
0000000000000003        2       192.168.0.3        1        4      392
0000000000000003        3       192.168.0.3        1        2      196
discovery--->==================================== discovery ====================================
discovery---> cls: [(1, 2), (1, 3), (2, 3)]
discovery--->=============================================================================
==================================== link detector ====================================

----------------------------
src    dst :    delay
1 <---> 2 : 6.737709045410156
1 <---> 3 : 10.122537612915039
3 <---> 2 : 8.110761642456055
3 <---> 1 : 8.781671524047852
2 <---> 1 : 7.918596267700195
2 <---> 3 : 6.668329238891602
==================================== link detector ====================================

----------------------------
src    dst :    delay
1 <---> 2 : 7.74693489074707
1 <---> 3 : 8.674383163452148
3 <---> 2 : 6.21485710144043
3 <---> 1 : 8.381843566894531
2 <---> 1 : 8.050203323364258
2 <---> 3 : 7.415533065795898
datapath         port     rx-pkts  rx-bytes rx-error tx-pkts  tx-bytes tx-error
---------------- -------- -------- -------- -------- -------- -------- --------
0000000000000002        1        9      714        0      143    11346        0
0000000000000002        2      164    12145        0      167    12325        0
0000000000000002        3      165    12139        0      163    12009        0
datapath         in-port  eth-dst           out-port packets  bytes
---------------- -------- ----------------- -------- -------- --------
0000000000000002        1       192.168.0.1        2        4      392
0000000000000002        1       192.168.0.3        3        1       98
0000000000000002        2       192.168.0.2        1        4      392
0000000000000002        3       192.168.0.2        1        2      196
datapath         port     rx-pkts  rx-bytes rx-error tx-pkts  tx-bytes tx-error
---------------- -------- -------- -------- -------- -------- -------- --------
0000000000000001        1       10      868        0      149    11854        0
0000000000000001        2      167    12325        0      164    12145        0
0000000000000001        3      164    12145        0      165    12205        0
datapath         in-port  eth-dst           out-port packets  bytes
---------------- -------- ----------------- -------- -------- --------
0000000000000001        1       192.168.0.2        2        3      294
0000000000000001        1       192.168.0.3        3        3      294
0000000000000001        2       192.168.0.1        1        4      392
0000000000000001        3       192.168.0.1        1        4      392
datapath         port     rx-pkts  rx-bytes rx-error tx-pkts  tx-bytes tx-error
---------------- -------- -------- -------- -------- -------- -------- --------
0000000000000003        1        9      714        0      144    11406        0
0000000000000003        2      165    12205        0      164    12145        0
0000000000000003        3      163    12009        0      165    12139        0
datapath         in-port  eth-dst           out-port packets  bytes
---------------- -------- ----------------- -------- -------- --------
0000000000000003        1       192.168.0.1        2        4      392
0000000000000003        1       192.168.0.2        3        2      196
0000000000000003        2       192.168.0.3        1        4      392
0000000000000003        3       192.168.0.3        1        2      196
discovery--->==================================== discovery ====================================
discovery---> cls: [(1, 2), (1, 3), (2, 3)]
discovery--->=============================================================================
==================================== link detector ====================================

----------------------------
src    dst :    delay
1 <---> 2 : 6.3114166259765625
1 <---> 3 : 9.313106536865234
3 <---> 2 : 8.221864700317383
3 <---> 1 : 8.731603622436523
2 <---> 1 : 7.442951202392578
2 <---> 3 : 7.328510284423828
datapath         port     rx-pkts  rx-bytes rx-error tx-pkts  tx-bytes tx-error
---------------- -------- -------- -------- -------- -------- -------- --------
0000000000000002        1        9      714        0      149    11814        0
0000000000000002        2      170    12505        0      173    12685        0
0000000000000002        3      171    12499        0      168    12309        0
datapath         in-port  eth-dst           out-port packets  bytes
---------------- -------- ----------------- -------- -------- --------
0000000000000002        1       192.168.0.1        2        4      392
0000000000000002        1       192.168.0.3        3        1       98
0000000000000002        2       192.168.0.2        1        4      392
0000000000000002        3       192.168.0.2        1        2      196
datapath         port     rx-pkts  rx-bytes rx-error tx-pkts  tx-bytes tx-error
---------------- -------- -------- -------- -------- -------- -------- --------
0000000000000001        1       10      868        0      155    12322        0
0000000000000001        2      173    12685        0      170    12505        0
0000000000000001        3      170    12505        0      171    12575        0
datapath         in-port  eth-dst           out-port packets  bytes
---------------- -------- ----------------- -------- -------- --------
0000000000000001        1       192.168.0.2        2        3      294
0000000000000001        1       192.168.0.3        3        3      294
0000000000000001        2       192.168.0.1        1        4      392
0000000000000001        3       192.168.0.1        1        4      392
datapath         port     rx-pkts  rx-bytes rx-error tx-pkts  tx-bytes tx-error
---------------- -------- -------- -------- -------- -------- -------- --------
0000000000000003        1        9      714        0      150    11874        0
0000000000000003        2      171    12575        0      170    12505        0
0000000000000003        3      168    12309        0      171    12499        0
datapath         in-port  eth-dst           out-port packets  bytes
---------------- -------- ----------------- -------- -------- --------
0000000000000003        1       192.168.0.1        2        4      392
0000000000000003        1       192.168.0.2        3        2      196
0000000000000003        2       192.168.0.3        1        4      392
0000000000000003        3       192.168.0.3        1        2      196
discovery--->==================================== discovery ====================================
discovery---> cls: [(1, 2), (1, 3), (2, 3)]
discovery--->=============================================================================
