loading app network_structure.py
Matplotlib created a temporary config/cache directory at /tmp/matplotlib-q7hxxqk5 because the default path (/home/terry/.config/matplotlib) is not a writable directory; it is highly recommended to set the MPLCONFIGDIR environment variable to a writable directory, in particular to speed up the import of Matplotlib and to better support multiprocessing.
Generating new fontManager, this may take some time...
Failed to extract font properties from /usr/share/fonts/truetype/noto/NotoColorEmoji.ttf: In FT2Font: Can not load face.  Unknown file format.
loading app network_monitor.py
loading app network_delay.py
loading app network_shortest_path.py
loading app arp_handler.py
loading app ryu.controller.ofp_handler
instantiating app None of Switches
creating context switches
instantiating app network_structure.py of NetworkStructure
instantiating app network_monitor.py of NetworkMonitor
instantiating app network_delay.py of NetworkDelay
instantiating app network_shortest_path.py of NetworkShortestPath
instantiating app arp_handler.py of ArpHandler
instantiating app ryu.controller.ofp_handler of OFPHandler
discovery---> AccessPoint: 1 connected
discovery---> AccessPoint: 2 connected
discovery---> AccessPoint: 3 connected
monitor---->register datapath: 1000000000000002
monitor---->register datapath: 1000000000000001
monitor---->register datapath: 1000000000000003
==================================== link detector ====================================

----------------------------
src    dst :    delay
1 <---> 2 : 6.72459602355957
1 <---> 3 : 8.893489837646484
2 <---> 1 : 7.408857345581055
2 <---> 3 : 8.059024810791016
3 <---> 1 : 8.634805679321289
3 <---> 2 : 6.964921951293945
discovery--->==================================== discovery ====================================
discovery---> cls: [(1, 2), (1, 3), (2, 3)]
discovery--->=============================================================================
datapath         port     rx-pkts  rx-bytes rx-error tx-pkts  tx-bytes tx-error
---------------- -------- -------- -------- -------- -------- -------- --------
0000000000000002        1        0        0        0        5      390        0
0000000000000002        2       23     2967        0       24     3027        0
0000000000000002        3       24     3027        0       23     2967        0
datapath         in-port  eth-dst           out-port packets  bytes
---------------- -------- ----------------- -------- -------- --------
datapath         port     rx-pkts  rx-bytes rx-error tx-pkts  tx-bytes tx-error
---------------- -------- -------- -------- -------- -------- -------- --------
0000000000000003        1        0        0        0        5      390        0
0000000000000003        2       24     3027        0       23     2967        0
0000000000000003        3       23     2967        0       24     3027        0
datapath         in-port  eth-dst           out-port packets  bytes
---------------- -------- ----------------- -------- -------- --------
datapath         port     rx-pkts  rx-bytes rx-error tx-pkts  tx-bytes tx-error
---------------- -------- -------- -------- -------- -------- -------- --------
0000000000000001        1        0        0        0        5      390        0
0000000000000001        2       24     3027        0       23     2967        0
0000000000000001        3       23     2967        0       24     3027        0
datapath         in-port  eth-dst           out-port packets  bytes
---------------- -------- ----------------- -------- -------- --------
==================================== link detector ====================================

----------------------------
src    dst :    delay
1 <---> 2 : 7.088661193847656
1 <---> 3 : 8.704423904418945
2 <---> 1 : 7.33637809753418
2 <---> 3 : 8.03232192993164
3 <---> 1 : 9.958028793334961
3 <---> 2 : 8.103132247924805
==================================== link detector ====================================

----------------------------
src    dst :    delay
1 <---> 2 : 6.719827651977539
1 <---> 3 : 8.894205093383789
2 <---> 1 : 8.22138786315918
2 <---> 3 : 8.31294059753418
3 <---> 1 : 8.583784103393555
3 <---> 2 : 6.474494934082031
discovery--->==================================== discovery ====================================
discovery---> cls: [(1, 2), (1, 3), (2, 3)]
discovery--->=============================================================================
hub: uncaught exception: Traceback (most recent call last):
  File "/usr/local/lib/python3.6/dist-packages/ryu/lib/hub.py", line 60, in _launch
    return func(*args, **kwargs)
  File "/home/terry/LJQ/Task/ryu/network_monitor.py", line 62, in scheduler
    self.create_loss_graph()
  File "/home/terry/LJQ/Task/ryu/network_monitor.py", line 386, in create_loss_graph
    self.calculate_loss_of_link()
  File "/home/terry/LJQ/Task/ryu/network_monitor.py", line 351, in calculate_loss_of_link
    self._save_stats(self.port_loss, link, loss_ratio, 5)
AttributeError: 'NetworkMonitor' object has no attribute 'port_loss'

==================================== link detector ====================================

----------------------------
src    dst :    delay
1 <---> 2 : 7.022857666015625
1 <---> 3 : 8.985280990600586
2 <---> 1 : 8.146524429321289
2 <---> 3 : 6.577253341674805
3 <---> 1 : 10.048866271972656
3 <---> 2 : 6.774425506591797
discovery--->==================================== discovery ====================================
discovery---> cls: [(1, 2), (1, 3), (2, 3)]
discovery--->=============================================================================
==================================== link detector ====================================

----------------------------
src    dst :    delay
1 <---> 2 : 7.514238357543945
1 <---> 3 : 9.224414825439453
2 <---> 1 : 8.096456527709961
2 <---> 3 : 7.933378219604492
3 <---> 1 : 8.173227310180664
3 <---> 2 : 8.347749710083008
==================================== link detector ====================================

----------------------------
src    dst :    delay
1 <---> 2 : 8.10551643371582
1 <---> 3 : 8.78453254699707
2 <---> 1 : 8.000612258911133
2 <---> 3 : 7.385015487670898
3 <---> 1 : 8.84866714477539
3 <---> 2 : 8.098363876342773
shortest=====>[PATH] [192.168.0.1 <----> 192.168.0.2]: [1, 2]
shortest=====>[PATH] [192.168.0.1 <----> 192.168.0.3]: [1, 3]
discovery--->==================================== discovery ====================================
discovery---> cls: [(1, 2), (1, 3), (2, 3)]
discovery--->=============================================================================
shortest=====>[PATH] [192.168.0.2 <----> 192.168.0.3]: [2, 3]
==================================== link detector ====================================

----------------------------
src    dst :    delay
1 <---> 2 : 8.082866668701172
1 <---> 3 : 9.1552734375
2 <---> 1 : 6.649255752563477
2 <---> 3 : 7.463216781616211
3 <---> 1 : 10.092735290527344
3 <---> 2 : 8.118152618408203
discovery--->==================================== discovery ====================================
discovery---> cls: [(1, 2), (1, 3), (2, 3)]
discovery--->=============================================================================
==================================== link detector ====================================

----------------------------
src    dst :    delay
1 <---> 2 : 8.32223892211914
1 <---> 3 : 9.446859359741211
2 <---> 1 : 8.115530014038086
2 <---> 3 : 6.6204071044921875
3 <---> 1 : 10.31494140625
3 <---> 2 : 6.574869155883789
==================================== link detector ====================================

----------------------------
src    dst :    delay
1 <---> 2 : 7.372140884399414
1 <---> 3 : 9.064912796020508
2 <---> 1 : 8.005142211914062
2 <---> 3 : 7.396936416625977
3 <---> 1 : 10.103464126586914
3 <---> 2 : 7.158041000366211
discovery--->==================================== discovery ====================================
discovery---> cls: [(1, 2), (1, 3), (2, 3)]
discovery--->=============================================================================
==================================== link detector ====================================

----------------------------
src    dst :    delay
1 <---> 2 : 6.361246109008789
1 <---> 3 : 8.54349136352539
2 <---> 1 : 6.3018798828125
2 <---> 3 : 8.105278015136719
3 <---> 1 : 8.774042129516602
3 <---> 2 : 6.537675857543945
==================================== link detector ====================================

----------------------------
src    dst :    delay
1 <---> 2 : 7.617712020874023
1 <---> 3 : 9.238481521606445
2 <---> 1 : 6.768465042114258
2 <---> 3 : 8.219480514526367
3 <---> 1 : 8.939266204833984
3 <---> 2 : 8.092403411865234
discovery--->==================================== discovery ====================================
discovery---> cls: [(1, 2), (1, 3), (2, 3)]
discovery--->=============================================================================
==================================== link detector ====================================

----------------------------
src    dst :    delay
1 <---> 2 : 6.7882537841796875
1 <---> 3 : 10.138273239135742
2 <---> 1 : 7.058143615722656
2 <---> 3 : 7.006406784057617
3 <---> 1 : 8.786201477050781
3 <---> 2 : 8.091926574707031
discovery--->==================================== discovery ====================================
discovery---> cls: [(1, 2), (1, 3), (2, 3)]
discovery--->=============================================================================
==================================== link detector ====================================

----------------------------
src    dst :    delay
1 <---> 2 : 7.016658782958984
1 <---> 3 : 10.007858276367188
2 <---> 1 : 6.74891471862793
2 <---> 3 : 7.610559463500977
3 <---> 1 : 10.171890258789062
3 <---> 2 : 8.100271224975586
==================================== link detector ====================================

----------------------------
src    dst :    delay
1 <---> 2 : 7.590293884277344
1 <---> 3 : 8.385419845581055
2 <---> 1 : 6.479740142822266
2 <---> 3 : 6.687402725219727
3 <---> 1 : 9.800195693969727
3 <---> 2 : 6.407737731933594
discovery--->==================================== discovery ====================================
discovery---> cls: [(1, 2), (1, 3), (2, 3)]
discovery--->=============================================================================
==================================== link detector ====================================

----------------------------
src    dst :    delay
1 <---> 2 : 7.569789886474609
1 <---> 3 : 8.891105651855469
2 <---> 1 : 8.074760437011719
2 <---> 3 : 8.117198944091797
3 <---> 1 : 8.808135986328125
3 <---> 2 : 8.095026016235352
discovery--->==================================== discovery ====================================
discovery---> cls: [(1, 2), (1, 3), (2, 3)]
discovery--->=============================================================================
==================================== link detector ====================================

----------------------------
src    dst :    delay
1 <---> 2 : 8.142948150634766
1 <---> 3 : 10.133504867553711
2 <---> 1 : 6.6661834716796875
2 <---> 3 : 8.220672607421875
3 <---> 1 : 10.09368896484375
3 <---> 2 : 8.163928985595703
==================================== link detector ====================================

----------------------------
src    dst :    delay
1 <---> 2 : 6.966590881347656
1 <---> 3 : 8.697509765625
2 <---> 1 : 6.932258605957031
2 <---> 3 : 8.155584335327148
3 <---> 1 : 8.687257766723633
3 <---> 2 : 8.264541625976562
discovery--->==================================== discovery ====================================
discovery---> cls: [(1, 2), (1, 3), (2, 3)]
discovery--->=============================================================================
==================================== link detector ====================================

----------------------------
src    dst :    delay
1 <---> 2 : 8.04901123046875
1 <---> 3 : 8.54039192199707
2 <---> 1 : 7.431268692016602
2 <---> 3 : 8.10694694519043
3 <---> 1 : 8.664608001708984
3 <---> 2 : 6.684541702270508
==================================== link detector ====================================

----------------------------
src    dst :    delay
1 <---> 2 : 8.177995681762695
1 <---> 3 : 10.059595108032227
2 <---> 1 : 6.705999374389648
2 <---> 3 : 7.576942443847656
3 <---> 1 : 10.060787200927734
3 <---> 2 : 8.217811584472656
discovery--->==================================== discovery ====================================
discovery---> cls: [(1, 2), (1, 3), (2, 3)]
discovery--->=============================================================================
==================================== link detector ====================================

----------------------------
src    dst :    delay
1 <---> 2 : 6.816625595092773
1 <---> 3 : 10.467290878295898
2 <---> 1 : 6.873607635498047
2 <---> 3 : 7.437944412231445
3 <---> 1 : 10.16378402709961
3 <---> 2 : 8.092880249023438
discovery--->==================================== discovery ====================================
discovery---> cls: [(1, 2), (1, 3), (2, 3)]
discovery--->=============================================================================
==================================== link detector ====================================

----------------------------
src    dst :    delay
1 <---> 2 : 6.552457809448242
1 <---> 3 : 8.929967880249023
2 <---> 1 : 7.993936538696289
2 <---> 3 : 7.20524787902832
3 <---> 1 : 10.156869888305664
3 <---> 2 : 8.360147476196289
==================================== link detector ====================================

----------------------------
src    dst :    delay
1 <---> 2 : 8.069753646850586
1 <---> 3 : 8.395671844482422
2 <---> 1 : 6.643772125244141
2 <---> 3 : 7.003307342529297
3 <---> 1 : 9.543895721435547
3 <---> 2 : 7.318258285522461
discovery--->==================================== discovery ====================================
discovery---> cls: [(1, 2), (1, 3), (2, 3)]
discovery--->=============================================================================
==================================== link detector ====================================

----------------------------
src    dst :    delay
1 <---> 2 : 6.988763809204102
1 <---> 3 : 8.960485458374023
2 <---> 1 : 7.433176040649414
2 <---> 3 : 7.197856903076172
3 <---> 1 : 9.266376495361328
3 <---> 2 : 6.193637847900391
discovery--->==================================== discovery ====================================
discovery---> cls: [(1, 2), (1, 3), (2, 3)]
discovery--->=============================================================================
==================================== link detector ====================================

----------------------------
src    dst :    delay
1 <---> 2 : 6.736040115356445
1 <---> 3 : 9.211540222167969
2 <---> 1 : 7.328987121582031
2 <---> 3 : 7.169961929321289
3 <---> 1 : 9.120702743530273
3 <---> 2 : 7.309198379516602
==================================== link detector ====================================

----------------------------
src    dst :    delay
1 <---> 2 : 7.275819778442383
1 <---> 3 : 9.590387344360352
2 <---> 1 : 7.114887237548828
2 <---> 3 : 6.984710693359375
3 <---> 1 : 9.125947952270508
3 <---> 2 : 7.191896438598633
discovery--->==================================== discovery ====================================
discovery---> cls: [(1, 2), (1, 3), (2, 3)]
discovery--->=============================================================================
==================================== link detector ====================================

----------------------------
src    dst :    delay
1 <---> 2 : 8.076906204223633
1 <---> 3 : 10.299921035766602
2 <---> 1 : 6.473064422607422
2 <---> 3 : 8.053779602050781
3 <---> 1 : 8.92186164855957
3 <---> 2 : 8.166074752807617
discovery--->==================================== discovery ====================================
discovery---> cls: [(1, 2), (1, 3), (2, 3)]
discovery--->=============================================================================
==================================== link detector ====================================

----------------------------
src    dst :    delay
1 <---> 2 : 6.663322448730469
1 <---> 3 : 9.168624877929688
2 <---> 1 : 7.99870491027832
2 <---> 3 : 8.157014846801758
3 <---> 1 : 8.652687072753906
3 <---> 2 : 6.73985481262207
==================================== link detector ====================================

----------------------------
src    dst :    delay
1 <---> 2 : 7.69352912902832
1 <---> 3 : 10.085821151733398
2 <---> 1 : 7.814168930053711
2 <---> 3 : 6.907224655151367
3 <---> 1 : 8.90803337097168
3 <---> 2 : 6.593465805053711
discovery--->==================================== discovery ====================================
discovery---> cls: [(1, 2), (1, 3), (2, 3)]
discovery--->=============================================================================
==================================== link detector ====================================

----------------------------
src    dst :    delay
1 <---> 2 : 8.341073989868164
1 <---> 3 : 8.43358039855957
2 <---> 1 : 7.995128631591797
2 <---> 3 : 7.1582794189453125
3 <---> 1 : 10.071039199829102
3 <---> 2 : 8.080005645751953
==================================== link detector ====================================

----------------------------
src    dst :    delay
1 <---> 2 : 8.21232795715332
1 <---> 3 : 9.295463562011719
2 <---> 1 : 8.106231689453125
2 <---> 3 : 6.57200813293457
3 <---> 1 : 9.000062942504883
3 <---> 2 : 8.102893829345703
discovery--->==================================== discovery ====================================
discovery---> cls: [(1, 2), (1, 3), (2, 3)]
discovery--->=============================================================================
==================================== link detector ====================================

----------------------------
src    dst :    delay
1 <---> 2 : 7.708072662353516
1 <---> 3 : 10.122299194335938
2 <---> 1 : 6.327390670776367
2 <---> 3 : 8.05211067199707
3 <---> 1 : 8.802413940429688
3 <---> 2 : 6.837368011474609
discovery--->==================================== discovery ====================================
discovery---> cls: [(1, 2), (1, 3), (2, 3)]
discovery--->=============================================================================
==================================== link detector ====================================

----------------------------
src    dst :    delay
1 <---> 2 : 7.727861404418945
1 <---> 3 : 10.103225708007812
2 <---> 1 : 8.029937744140625
2 <---> 3 : 6.625890731811523
3 <---> 1 : 9.045124053955078
3 <---> 2 : 7.095813751220703
==================================== link detector ====================================

----------------------------
src    dst :    delay
1 <---> 2 : 8.196115493774414
1 <---> 3 : 10.174274444580078
2 <---> 1 : 6.959676742553711
2 <---> 3 : 7.643222808837891
3 <---> 1 : 9.736299514770508
3 <---> 2 : 8.158206939697266
discovery--->==================================== discovery ====================================
discovery---> cls: [(1, 2), (1, 3), (2, 3)]
discovery--->=============================================================================
==================================== link detector ====================================

----------------------------
src    dst :    delay
1 <---> 2 : 6.997585296630859
1 <---> 3 : 9.743213653564453
2 <---> 1 : 8.12840461730957
2 <---> 3 : 7.283687591552734
3 <---> 1 : 9.893417358398438
3 <---> 2 : 7.218599319458008
discovery--->==================================== discovery ====================================
discovery---> cls: [(1, 2), (1, 3), (2, 3)]
discovery--->=============================================================================
==================================== link detector ====================================

----------------------------
src    dst :    delay
1 <---> 2 : 6.264925003051758
1 <---> 3 : 9.450674057006836
2 <---> 1 : 6.722927093505859
2 <---> 3 : 7.348775863647461
3 <---> 1 : 9.332418441772461
3 <---> 2 : 8.406400680541992
==================================== link detector ====================================

----------------------------
src    dst :    delay
1 <---> 2 : 6.894588470458984
1 <---> 3 : 10.174989700317383
2 <---> 1 : 6.923198699951172
2 <---> 3 : 7.396936416625977
3 <---> 1 : 9.567975997924805
3 <---> 2 : 6.318092346191406
discovery--->==================================== discovery ====================================
discovery---> cls: [(1, 2), (1, 3), (2, 3)]
discovery--->=============================================================================
==================================== link detector ====================================

----------------------------
src    dst :    delay
1 <---> 2 : 7.4176788330078125
1 <---> 3 : 9.848833084106445
2 <---> 1 : 8.07952880859375
2 <---> 3 : 8.22901725769043
3 <---> 1 : 8.71729850769043
3 <---> 2 : 7.266759872436523
==================================== link detector ====================================

----------------------------
src    dst :    delay
1 <---> 2 : 7.16400146484375
1 <---> 3 : 8.79359245300293
2 <---> 1 : 8.227825164794922
2 <---> 3 : 7.648468017578125
3 <---> 1 : 9.711980819702148
3 <---> 2 : 8.150815963745117
discovery--->==================================== discovery ====================================
discovery---> cls: [(1, 2), (1, 3), (2, 3)]
discovery--->=============================================================================
==================================== link detector ====================================

----------------------------
src    dst :    delay
1 <---> 2 : 8.024930953979492
1 <---> 3 : 8.759021759033203
2 <---> 1 : 8.022546768188477
2 <---> 3 : 7.171392440795898
3 <---> 1 : 9.225606918334961
3 <---> 2 : 8.238554000854492
discovery--->==================================== discovery ====================================
discovery---> cls: [(1, 2), (1, 3), (2, 3)]
discovery--->=============================================================================
==================================== link detector ====================================

----------------------------
src    dst :    delay
1 <---> 2 : 6.963014602661133
1 <---> 3 : 9.999275207519531
2 <---> 1 : 7.60340690612793
2 <---> 3 : 6.697893142700195
3 <---> 1 : 8.490562438964844
3 <---> 2 : 6.978750228881836
==================================== link detector ====================================

----------------------------
src    dst :    delay
1 <---> 2 : 6.9217681884765625
1 <---> 3 : 9.181022644042969
2 <---> 1 : 7.613897323608398
2 <---> 3 : 6.694555282592773
3 <---> 1 : 9.531021118164062
3 <---> 2 : 7.551431655883789
discovery--->==================================== discovery ====================================
discovery---> cls: [(1, 2), (1, 3), (2, 3)]
discovery--->=============================================================================
==================================== link detector ====================================

----------------------------
src    dst :    delay
1 <---> 2 : 8.043766021728516
1 <---> 3 : 10.104179382324219
2 <---> 1 : 8.0108642578125
2 <---> 3 : 7.769584655761719
3 <---> 1 : 9.516000747680664
3 <---> 2 : 8.184194564819336
discovery--->==================================== discovery ====================================
discovery---> cls: [(1, 2), (1, 3), (2, 3)]
discovery--->=============================================================================
==================================== link detector ====================================

----------------------------
src    dst :    delay
1 <---> 2 : 8.137941360473633
1 <---> 3 : 8.136987686157227
2 <---> 1 : 8.03828239440918
2 <---> 3 : 6.761789321899414
3 <---> 1 : 10.125398635864258
3 <---> 2 : 8.083820343017578
==================================== link detector ====================================

----------------------------
src    dst :    delay
1 <---> 2 : 8.217811584472656
1 <---> 3 : 9.377479553222656
2 <---> 1 : 6.896018981933594
2 <---> 3 : 8.228302001953125
3 <---> 1 : 10.159730911254883
3 <---> 2 : 7.215738296508789
discovery--->==================================== discovery ====================================
discovery---> cls: [(1, 2), (1, 3), (2, 3)]
discovery--->=============================================================================
==================================== link detector ====================================

----------------------------
src    dst :    delay
1 <---> 2 : 7.099151611328125
1 <---> 3 : 8.607625961303711
2 <---> 1 : 8.110284805297852
2 <---> 3 : 8.320331573486328
3 <---> 1 : 8.698463439941406
3 <---> 2 : 8.173227310180664
discovery--->==================================== discovery ====================================
discovery---> cls: [(1, 2), (1, 3), (2, 3)]
discovery--->=============================================================================
==================================== link detector ====================================

----------------------------
src    dst :    delay
1 <---> 2 : 8.12077522277832
1 <---> 3 : 10.060787200927734
2 <---> 1 : 6.886005401611328
2 <---> 3 : 8.233070373535156
3 <---> 1 : 8.723735809326172
3 <---> 2 : 8.181095123291016
==================================== link detector ====================================

----------------------------
src    dst :    delay
1 <---> 2 : 6.772041320800781
1 <---> 3 : 8.887767791748047
2 <---> 1 : 7.574558258056641
2 <---> 3 : 6.695032119750977
3 <---> 1 : 10.151147842407227
3 <---> 2 : 7.096529006958008
discovery--->==================================== discovery ====================================
discovery---> cls: [(1, 2), (1, 3), (2, 3)]
discovery--->=============================================================================
==================================== link detector ====================================

----------------------------
src    dst :    delay
1 <---> 2 : 6.9408416748046875
1 <---> 3 : 10.079383850097656
2 <---> 1 : 6.713151931762695
2 <---> 3 : 6.874799728393555
3 <---> 1 : 8.58926773071289
3 <---> 2 : 8.051633834838867
==================================== link detector ====================================

----------------------------
src    dst :    delay
1 <---> 2 : 7.071256637573242
1 <---> 3 : 10.134220123291016
2 <---> 1 : 8.001327514648438
2 <---> 3 : 7.289886474609375
3 <---> 1 : 9.338140487670898
3 <---> 2 : 8.188962936401367
discovery--->==================================== discovery ====================================
discovery---> cls: [(1, 2), (1, 3), (2, 3)]
discovery--->=============================================================================
==================================== link detector ====================================

----------------------------
src    dst :    delay
1 <---> 2 : 6.758928298950195
1 <---> 3 : 8.093118667602539
2 <---> 1 : 8.183717727661133
2 <---> 3 : 8.199691772460938
3 <---> 1 : 8.650064468383789
3 <---> 2 : 8.240461349487305
discovery--->==================================== discovery ====================================
discovery---> cls: [(1, 2), (1, 3), (2, 3)]
discovery--->=============================================================================
==================================== link detector ====================================

----------------------------
src    dst :    delay
1 <---> 2 : 9.248971939086914
1 <---> 3 : 10.05697250366211
2 <---> 1 : 6.576061248779297
2 <---> 3 : 7.346153259277344
3 <---> 1 : 9.20724868774414
3 <---> 2 : 7.385730743408203
==================================== link detector ====================================

----------------------------
src    dst :    delay
1 <---> 2 : 7.848262786865234
1 <---> 3 : 10.118961334228516
2 <---> 1 : 6.289243698120117
2 <---> 3 : 6.639957427978516
3 <---> 1 : 8.526802062988281
3 <---> 2 : 8.096456527709961
discovery--->==================================== discovery ====================================
discovery---> cls: [(1, 2), (1, 3), (2, 3)]
discovery--->=============================================================================
==================================== link detector ====================================

----------------------------
src    dst :    delay
1 <---> 2 : 7.048130035400391
1 <---> 3 : 8.572816848754883
2 <---> 1 : 6.895542144775391
2 <---> 3 : 8.029699325561523
3 <---> 1 : 10.137081146240234
3 <---> 2 : 8.15272331237793
discovery--->==================================== discovery ====================================
discovery---> cls: [(1, 2), (1, 3), (2, 3)]
discovery--->=============================================================================
==================================== link detector ====================================

----------------------------
src    dst :    delay
1 <---> 2 : 8.252620697021484
1 <---> 3 : 9.690523147583008
2 <---> 1 : 7.067203521728516
2 <---> 3 : 6.792306900024414
3 <---> 1 : 9.963512420654297
3 <---> 2 : 7.5511932373046875
==================================== link detector ====================================

----------------------------
src    dst :    delay
1 <---> 2 : 7.6084136962890625
1 <---> 3 : 10.211944580078125
2 <---> 1 : 6.632804870605469
2 <---> 3 : 6.926774978637695
3 <---> 1 : 9.984493255615234
3 <---> 2 : 6.67119026184082
discovery--->==================================== discovery ====================================
discovery---> cls: [(1, 2), (1, 3), (2, 3)]
discovery--->=============================================================================
==================================== link detector ====================================

----------------------------
src    dst :    delay
1 <---> 2 : 7.505655288696289
1 <---> 3 : 9.3994140625
2 <---> 1 : 7.269620895385742
2 <---> 3 : 7.202386856079102
3 <---> 1 : 9.482383728027344
3 <---> 2 : 7.233619689941406
==================================== link detector ====================================

----------------------------
src    dst :    delay
1 <---> 2 : 8.395671844482422
1 <---> 3 : 9.224176406860352
2 <---> 1 : 6.3323974609375
2 <---> 3 : 6.82520866394043
3 <---> 1 : 8.394002914428711
3 <---> 2 : 6.824731826782227
discovery--->==================================== discovery ====================================
discovery---> cls: [(1, 2), (1, 3), (2, 3)]
discovery--->=============================================================================
==================================== link detector ====================================

----------------------------
src    dst :    delay
1 <---> 2 : 7.0343017578125
1 <---> 3 : 9.963512420654297
2 <---> 1 : 6.744861602783203
2 <---> 3 : 6.393909454345703
3 <---> 1 : 10.147809982299805
3 <---> 2 : 7.517099380493164
discovery--->==================================== discovery ====================================
discovery---> cls: [(1, 2), (1, 3), (2, 3)]
discovery--->=============================================================================
==================================== link detector ====================================

----------------------------
src    dst :    delay
1 <---> 2 : 8.174657821655273
1 <---> 3 : 10.080099105834961
2 <---> 1 : 6.252765655517578
2 <---> 3 : 7.875680923461914
3 <---> 1 : 10.121345520019531
3 <---> 2 : 6.499052047729492
==================================== link detector ====================================

----------------------------
src    dst :    delay
1 <---> 2 : 8.174657821655273
1 <---> 3 : 10.080099105834961
2 <---> 1 : 6.252765655517578
2 <---> 3 : 7.875680923461914
3 <---> 1 : 10.121345520019531
3 <---> 2 : 6.499052047729492
