loading app network_structure.py
Matplotlib created a temporary config/cache directory at /tmp/matplotlib-bnps4x2r because the default path (/home/terry/.config/matplotlib) is not a writable directory; it is highly recommended to set the MPLCONFIGDIR environment variable to a writable directory, in particular to speed up the import of Matplotlib and to better support multiprocessing.
Generating new fontManager, this may take some time...
Failed to extract font properties from /usr/share/fonts/truetype/noto/NotoColorEmoji.ttf: In FT2Font: Can not load face.  Unknown file format.
loading app network_monitor.py
loading app network_delay.py
loading app network_shortest_path.py
loading app arp_handler.py
loading app ryu.controller.ofp_handler
instantiating app None of Switches
creating context switches
instantiating app network_structure.py of NetworkStructure
instantiating app network_monitor.py of NetworkMonitor
instantiating app network_delay.py of NetworkDelay
instantiating app network_shortest_path.py of NetworkShortestPath
instantiating app arp_handler.py of ArpHandler
instantiating app ryu.controller.ofp_handler of OFPHandler
==================================== link detector ====================================

----------------------------
src    dst :    delay
discovery--->==================================== discovery ====================================
discovery---> cls: []
discovery--->==============================
==================================== link detector ====================================

----------------------------
src    dst :    delay
==================================== link detector ====================================

----------------------------
src    dst :    delay
discovery--->==================================== discovery ====================================
discovery---> cls: []
discovery--->==============================
==================================== link detector ====================================

----------------------------
src    dst :    delay
discovery--->==================================== discovery ====================================
discovery---> cls: []
discovery--->==============================
==================================== link detector ====================================

----------------------------
src    dst :    delay
==================================== link detector ====================================

----------------------------
src    dst :    delay
discovery--->==================================== discovery ====================================
discovery---> cls: []
discovery--->==============================
==================================== link detector ====================================

----------------------------
src    dst :    delay
==================================== link detector ====================================

----------------------------
src    dst :    delay
discovery--->==================================== discovery ====================================
discovery---> cls: []
discovery--->==============================
==================================== link detector ====================================

----------------------------
src    dst :    delay
discovery--->==================================== discovery ====================================
discovery---> cls: []
discovery--->==============================
==================================== link detector ====================================

----------------------------
src    dst :    delay
==================================== link detector ====================================

----------------------------
src    dst :    delay
discovery--->==================================== discovery ====================================
discovery---> cls: []
discovery--->==============================
discovery---> AccessPoint: 1152921504606846977 connected
monitor---->register datapath: 1000000000000001
discovery---> AccessPoint: 1152921504606846978 connected
monitor---->register datapath: 1000000000000002
discovery---> AccessPoint: 1152921504606846979 connected
monitor---->register datapath: 1000000000000003
==================================== link detector ====================================

----------------------------
src    dst :    delay
1152921504606846978 <---> 1152921504606846977 : 5.017518997192383
1152921504606846978 <---> 1152921504606846979 : 6.016016006469727
1152921504606846977 <---> 1152921504606846978 : 14.171123504638672
1152921504606846977 <---> 1152921504606846979 : 6.952524185180664
1152921504606846979 <---> 1152921504606846977 : 1.239776611328125
1152921504606846979 <---> 1152921504606846978 : 2.3965835571289062
---> OFPPortStatus received: reason=MODIFY desc=OFPPort(port_no=2,hw_addr='4e:24:75:17:1c:d0',name=b'ap1-eth2',config=0,state=4,curr=2112,advertised=0,supported=0,peer=0,curr_speed=10000000,max_speed=0)
---> OFPPortStatus received: reason=MODIFY desc=OFPPort(port_no=3,hw_addr='76:eb:71:8c:d7:f3',name=b'ap2-eth3',config=0,state=4,curr=2112,advertised=0,supported=0,peer=0,curr_speed=10000000,max_speed=0)
---> OFPPortStatus received: reason=MODIFY desc=OFPPort(port_no=2,hw_addr='f6:55:b5:29:74:2d',name=b'ap2-eth2',config=0,state=4,curr=2112,advertised=0,supported=0,peer=0,curr_speed=10000000,max_speed=0)
---> OFPPortStatus received: reason=MODIFY desc=OFPPort(port_no=3,hw_addr='82:0c:fc:d0:8e:75',name=b'ap1-eth3',config=0,state=4,curr=2112,advertised=0,supported=0,peer=0,curr_speed=10000000,max_speed=0)
---> OFPPortStatus received: reason=MODIFY desc=OFPPort(port_no=2,hw_addr='76:a5:d3:4b:03:84',name=b'ap3-eth2',config=0,state=4,curr=2112,advertised=0,supported=0,peer=0,curr_speed=10000000,max_speed=0)
---> OFPPortStatus received: reason=MODIFY desc=OFPPort(port_no=3,hw_addr='42:8e:a1:d3:d4:68',name=b'ap3-eth3',config=0,state=4,curr=2112,advertised=0,supported=0,peer=0,curr_speed=10000000,max_speed=0)
==================================== link detector ====================================

----------------------------
src    dst :    delay
1152921504606846978 <---> 1152921504606846977 : 1.1854171752929688
1152921504606846978 <---> 1152921504606846979 : 1.5480518341064453
1152921504606846977 <---> 1152921504606846978 : 1.6586780548095703
1152921504606846977 <---> 1152921504606846979 : 2.73895263671875
1152921504606846979 <---> 1152921504606846977 : 1.1341571807861328
1152921504606846979 <---> 1152921504606846978 : 2.7136802673339844
datapath         port     rx-pkts  rx-bytes rx-error tx-pkts  tx-bytes tx-error
---------------- -------- -------- -------- -------- -------- -------- --------
1000000000000001        1        0        0        0        6      468        0
1000000000000001        2       22     2463        0       22     2463        0
1000000000000001        3       22     2463        0       23     2523        0
datapath         in-port  eth-dst           out-port packets  bytes
---------------- -------- ----------------- -------- -------- --------
datapath         port     rx-pkts  rx-bytes rx-error tx-pkts  tx-bytes tx-error
---------------- -------- -------- -------- -------- -------- -------- --------
1000000000000002        1        0        0        0        5      390        0
1000000000000002        2       22     2463        0       22     2463        0
1000000000000002        3       21     2356        0       22     2463        0
datapath         in-port  eth-dst           out-port packets  bytes
---------------- -------- ----------------- -------- -------- --------
datapath         port     rx-pkts  rx-bytes rx-error tx-pkts  tx-bytes tx-error
---------------- -------- -------- -------- -------- -------- -------- --------
1000000000000003        1        0        0        0        5      390        0
1000000000000003        2       23     2523        0       22     2463        0
1000000000000003        3       22     2463        0       21     2356        0
datapath         in-port  eth-dst           out-port packets  bytes
---------------- -------- ----------------- -------- -------- --------
discovery--->==================================== discovery ====================================
discovery---> cls: [(1152921504606846978, 1152921504606846977), (1152921504606846978, 1152921504606846979), (1152921504606846977, 1152921504606846979)]
discovery--->==============================
==================================== link detector ====================================

----------------------------
src    dst :    delay
1152921504606846978 <---> 1152921504606846977 : 2.9702186584472656
1152921504606846978 <---> 1152921504606846979 : 2.248048782348633
1152921504606846977 <---> 1152921504606846978 : 2.760648727416992
1152921504606846977 <---> 1152921504606846979 : 1.5645027160644531
1152921504606846979 <---> 1152921504606846977 : 2.000093460083008
1152921504606846979 <---> 1152921504606846978 : 1.6520023345947266
hub: uncaught exception: Traceback (most recent call last):
  File "/usr/local/lib/python3.6/dist-packages/ryu/lib/hub.py", line 60, in _launch
    return func(*args, **kwargs)
  File "/home/terry/LJQ/Task/ryu/network_monitor.py", line 59, in scheduler
    self.create_bandwidth_graph()
  File "/home/terry/LJQ/Task/ryu/network_monitor.py", line 316, in create_bandwidth_graph
    capacity = self.network_structure.m_graph[src_dpid][dst_dpid]['bw']
  File "/home/terry/.local/lib/python3.6/site-packages/networkx/classes/cls.py", line 465, in __getitem__
    return self.adj[n]
  File "/home/terry/.local/lib/python3.6/site-packages/networkx/classes/coreviews.py", line 79, in __getitem__
    return AtlasView(self._atlas[name])
KeyError: 1152921504606846978

datapath         port     rx-pkts  rx-bytes rx-error tx-pkts  tx-bytes tx-error
---------------- -------- -------- -------- -------- -------- -------- --------
1000000000000001        1        0        0        0       11      858        0
1000000000000001        2       31     3206        0       31     3206        0
1000000000000001        3       31     3206        0       32     3266        0
datapath         in-port  eth-dst           out-port packets  bytes
---------------- -------- ----------------- -------- -------- --------
discovery--->==================================== discovery ====================================
discovery---> cls: [(1152921504606846978, 1152921504606846977), (1152921504606846978, 1152921504606846979), (1152921504606846977, 1152921504606846979)]
discovery--->==============================
datapath         port     rx-pkts  rx-bytes rx-error tx-pkts  tx-bytes tx-error
---------------- -------- -------- -------- -------- -------- -------- --------
1000000000000003        1        0        0        0       11      858        0
1000000000000003        2       32     3266        0       31     3206        0
1000000000000003        3       31     3206        0       30     3146        0
datapath         in-port  eth-dst           out-port packets  bytes
---------------- -------- ----------------- -------- -------- --------
datapath         port     rx-pkts  rx-bytes rx-error tx-pkts  tx-bytes tx-error
---------------- -------- -------- -------- -------- -------- -------- --------
1000000000000002        1        0        0        0       11      858        0
1000000000000002        2       31     3206        0       31     3206        0
1000000000000002        3       30     3146        0       31     3206        0
datapath         in-port  eth-dst           out-port packets  bytes
---------------- -------- ----------------- -------- -------- --------
==================================== link detector ====================================

----------------------------
src    dst :    delay
1152921504606846978 <---> 1152921504606846977 : 1.7428398132324219
1152921504606846978 <---> 1152921504606846979 : 3.010988235473633
1152921504606846977 <---> 1152921504606846978 : 1.8672943115234375
1152921504606846977 <---> 1152921504606846979 : 2.9087066650390625
1152921504606846979 <---> 1152921504606846977 : 2.3779869079589844
1152921504606846979 <---> 1152921504606846978 : 1.2218952178955078
==================================== link detector ====================================

----------------------------
src    dst :    delay
1152921504606846978 <---> 1152921504606846977 : 3.3533573150634766
1152921504606846978 <---> 1152921504606846979 : 2.139568328857422
1152921504606846977 <---> 1152921504606846978 : 2.7954578399658203
1152921504606846977 <---> 1152921504606846979 : 1.3477802276611328
1152921504606846979 <---> 1152921504606846977 : 1.4858245849609375
1152921504606846979 <---> 1152921504606846978 : 1.4891624450683594
discovery--->==================================== discovery ====================================
discovery---> cls: [(1152921504606846978, 1152921504606846977), (1152921504606846978, 1152921504606846979), (1152921504606846977, 1152921504606846979)]
discovery--->==============================
==================================== link detector ====================================

----------------------------
src    dst :    delay
1152921504606846978 <---> 1152921504606846977 : 1.4612674713134766
1152921504606846978 <---> 1152921504606846979 : 1.6524791717529297
1152921504606846977 <---> 1152921504606846978 : 1.8627643585205078
1152921504606846977 <---> 1152921504606846979 : 2.450704574584961
1152921504606846979 <---> 1152921504606846977 : 1.4450550079345703
1152921504606846979 <---> 1152921504606846978 : 3.020763397216797
discovery--->==================================== discovery ====================================
discovery---> cls: [(1152921504606846978, 1152921504606846977), (1152921504606846978, 1152921504606846979), (1152921504606846977, 1152921504606846979)]
discovery--->==============================
==================================== link detector ====================================

----------------------------
src    dst :    delay
1152921504606846978 <---> 1152921504606846977 : 2.6531219482421875
1152921504606846978 <---> 1152921504606846979 : 1.3091564178466797
1152921504606846977 <---> 1152921504606846978 : 1.9075870513916016
1152921504606846977 <---> 1152921504606846979 : 1.48773193359375
1152921504606846979 <---> 1152921504606846977 : 2.612590789794922
1152921504606846979 <---> 1152921504606846978 : 1.1203289031982422
==================================== link detector ====================================

----------------------------
src    dst :    delay
1152921504606846978 <---> 1152921504606846977 : 2.1626949310302734
1152921504606846978 <---> 1152921504606846979 : 3.0150413513183594
1152921504606846977 <---> 1152921504606846978 : 1.1284351348876953
1152921504606846977 <---> 1152921504606846979 : 1.2764930725097656
1152921504606846979 <---> 1152921504606846977 : 2.2220611572265625
1152921504606846979 <---> 1152921504606846978 : 2.0346641540527344
discovery--->==================================== discovery ====================================
discovery---> cls: [(1152921504606846978, 1152921504606846977), (1152921504606846978, 1152921504606846979), (1152921504606846977, 1152921504606846979)]
discovery--->==============================
==================================== link detector ====================================

----------------------------
src    dst :    delay
1152921504606846978 <---> 1152921504606846977 : 1.8181800842285156
1152921504606846978 <---> 1152921504606846979 : 1.6732215881347656
1152921504606846977 <---> 1152921504606846978 : 2.101421356201172
1152921504606846977 <---> 1152921504606846979 : 1.2593269348144531
1152921504606846979 <---> 1152921504606846977 : 2.154111862182617
1152921504606846979 <---> 1152921504606846978 : 1.6164779663085938
==================================== link detector ====================================

----------------------------
src    dst :    delay
1152921504606846978 <---> 1152921504606846977 : 2.1042823791503906
1152921504606846978 <---> 1152921504606846979 : 2.9206275939941406
1152921504606846977 <---> 1152921504606846978 : 1.9304752349853516
1152921504606846977 <---> 1152921504606846979 : 1.9974708557128906
1152921504606846979 <---> 1152921504606846977 : 2.9649734497070312
1152921504606846979 <---> 1152921504606846978 : 2.9020309448242188
discovery--->==================================== discovery ====================================
discovery---> cls: [(1152921504606846978, 1152921504606846977), (1152921504606846978, 1152921504606846979), (1152921504606846977, 1152921504606846979)]
discovery--->==============================
==================================== link detector ====================================

----------------------------
src    dst :    delay
1152921504606846978 <---> 1152921504606846977 : 2.9485225677490234
1152921504606846978 <---> 1152921504606846979 : 2.9175281524658203
1152921504606846977 <---> 1152921504606846978 : 1.9307136535644531
1152921504606846977 <---> 1152921504606846979 : 3.014802932739258
1152921504606846979 <---> 1152921504606846977 : 3.0024051666259766
1152921504606846979 <---> 1152921504606846978 : 2.4406909942626953
discovery--->==================================== discovery ====================================
discovery---> cls: [(1152921504606846978, 1152921504606846977), (1152921504606846978, 1152921504606846979), (1152921504606846977, 1152921504606846979)]
discovery--->==============================
==================================== link detector ====================================

----------------------------
src    dst :    delay
1152921504606846978 <---> 1152921504606846977 : 2.0859241485595703
1152921504606846978 <---> 1152921504606846979 : 3.051280975341797
1152921504606846977 <---> 1152921504606846978 : 2.7952194213867188
1152921504606846977 <---> 1152921504606846979 : 2.9761791229248047
1152921504606846979 <---> 1152921504606846977 : 3.327608108520508
1152921504606846979 <---> 1152921504606846978 : 2.9287338256835938
==================================== link detector ====================================

----------------------------
src    dst :    delay
1152921504606846978 <---> 1152921504606846977 : 3.066539764404297
1152921504606846978 <---> 1152921504606846979 : 2.945423126220703
1152921504606846977 <---> 1152921504606846978 : 1.0378360748291016
1152921504606846977 <---> 1152921504606846979 : 2.9354095458984375
1152921504606846979 <---> 1152921504606846977 : 2.0797252655029297
1152921504606846979 <---> 1152921504606846978 : 3.056049346923828
discovery--->==================================== discovery ====================================
discovery---> cls: [(1152921504606846978, 1152921504606846977), (1152921504606846978, 1152921504606846979), (1152921504606846977, 1152921504606846979)]
discovery--->==============================
==================================== link detector ====================================

----------------------------
src    dst :    delay
1152921504606846978 <---> 1152921504606846977 : 2.8934478759765625
1152921504606846978 <---> 1152921504606846979 : 2.986907958984375
1152921504606846977 <---> 1152921504606846978 : 2.818584442138672
1152921504606846977 <---> 1152921504606846979 : 3.0078887939453125
1152921504606846979 <---> 1152921504606846977 : 2.0418167114257812
1152921504606846979 <---> 1152921504606846978 : 2.9833316802978516
discovery--->==================================== discovery ====================================
discovery---> cls: [(1152921504606846978, 1152921504606846977), (1152921504606846978, 1152921504606846979), (1152921504606846977, 1152921504606846979)]
discovery--->==============================
==================================== link detector ====================================

----------------------------
src    dst :    delay
1152921504606846978 <---> 1152921504606846977 : 3.0524730682373047
1152921504606846978 <---> 1152921504606846979 : 2.992391586303711
1152921504606846977 <---> 1152921504606846978 : 2.8040409088134766
1152921504606846977 <---> 1152921504606846979 : 2.8963088989257812
1152921504606846979 <---> 1152921504606846977 : 2.238035202026367
1152921504606846979 <---> 1152921504606846978 : 1.9724369049072266
==================================== link detector ====================================

----------------------------
src    dst :    delay
1152921504606846978 <---> 1152921504606846977 : 2.9380321502685547
1152921504606846978 <---> 1152921504606846979 : 3.020048141479492
1152921504606846977 <---> 1152921504606846978 : 1.1820793151855469
1152921504606846977 <---> 1152921504606846979 : 2.8302669525146484
1152921504606846979 <---> 1152921504606846977 : 2.8853416442871094
1152921504606846979 <---> 1152921504606846978 : 3.0477046966552734
discovery--->==================================== discovery ====================================
discovery---> cls: [(1152921504606846978, 1152921504606846977), (1152921504606846978, 1152921504606846979), (1152921504606846977, 1152921504606846979)]
discovery--->==============================
==================================== link detector ====================================

----------------------------
src    dst :    delay
1152921504606846978 <---> 1152921504606846977 : 2.8488636016845703
1152921504606846978 <---> 1152921504606846979 : 1.8587112426757812
1152921504606846977 <---> 1152921504606846978 : 2.9828548431396484
1152921504606846977 <---> 1152921504606846979 : 2.151012420654297
1152921504606846979 <---> 1152921504606846977 : 1.2996196746826172
1152921504606846979 <---> 1152921504606846978 : 1.6658306121826172
==================================== link detector ====================================

----------------------------
src    dst :    delay
1152921504606846978 <---> 1152921504606846977 : 2.8412342071533203
1152921504606846978 <---> 1152921504606846979 : 2.1467208862304688
1152921504606846977 <---> 1152921504606846978 : 1.8000602722167969
1152921504606846977 <---> 1152921504606846979 : 2.726316452026367
1152921504606846979 <---> 1152921504606846977 : 2.029895782470703
1152921504606846979 <---> 1152921504606846978 : 1.9958019256591797
discovery--->==================================== discovery ====================================
discovery---> cls: [(1152921504606846978, 1152921504606846977), (1152921504606846978, 1152921504606846979), (1152921504606846977, 1152921504606846979)]
discovery--->==============================
==================================== link detector ====================================

----------------------------
src    dst :    delay
1152921504606846978 <---> 1152921504606846977 : 2.049684524536133
1152921504606846978 <---> 1152921504606846979 : 2.9022693634033203
1152921504606846977 <---> 1152921504606846978 : 1.9483566284179688
1152921504606846977 <---> 1152921504606846979 : 2.8846263885498047
1152921504606846979 <---> 1152921504606846977 : 3.000974655151367
1152921504606846979 <---> 1152921504606846978 : 1.3790130615234375
discovery--->==================================== discovery ====================================
discovery---> cls: [(1152921504606846978, 1152921504606846977), (1152921504606846978, 1152921504606846979), (1152921504606846977, 1152921504606846979)]
discovery--->==============================
==================================== link detector ====================================

----------------------------
src    dst :    delay
1152921504606846978 <---> 1152921504606846977 : 2.1924972534179688
1152921504606846978 <---> 1152921504606846979 : 1.9612312316894531
1152921504606846977 <---> 1152921504606846978 : 1.280069351196289
1152921504606846977 <---> 1152921504606846979 : 1.4986991882324219
1152921504606846979 <---> 1152921504606846977 : 1.5871524810791016
1152921504606846979 <---> 1152921504606846978 : 2.1200180053710938
==================================== link detector ====================================

----------------------------
src    dst :    delay
1152921504606846978 <---> 1152921504606846977 : 1.321554183959961
1152921504606846978 <---> 1152921504606846979 : 1.53350830078125
1152921504606846977 <---> 1152921504606846978 : 1.432657241821289
1152921504606846977 <---> 1152921504606846979 : 2.079486846923828
1152921504606846979 <---> 1152921504606846977 : 2.8977394104003906
1152921504606846979 <---> 1152921504606846978 : 2.848386764526367
discovery--->==================================== discovery ====================================
discovery---> cls: [(1152921504606846978, 1152921504606846977), (1152921504606846978, 1152921504606846979), (1152921504606846977, 1152921504606846979)]
discovery--->==============================
==================================== link detector ====================================

----------------------------
src    dst :    delay
1152921504606846978 <---> 1152921504606846977 : 2.939462661743164
1152921504606846978 <---> 1152921504606846979 : 2.0356178283691406
1152921504606846977 <---> 1152921504606846978 : 1.8901824951171875
1152921504606846977 <---> 1152921504606846979 : 2.0363330841064453
1152921504606846979 <---> 1152921504606846977 : 1.2972354888916016
1152921504606846979 <---> 1152921504606846978 : 2.8433799743652344
discovery--->==================================== discovery ====================================
discovery---> cls: [(1152921504606846978, 1152921504606846977), (1152921504606846978, 1152921504606846979), (1152921504606846977, 1152921504606846979)]
discovery--->==============================
==================================== link detector ====================================

----------------------------
src    dst :    delay
1152921504606846978 <---> 1152921504606846977 : 2.9401779174804688
1152921504606846978 <---> 1152921504606846979 : 2.9494762420654297
1152921504606846977 <---> 1152921504606846978 : 1.735687255859375
1152921504606846977 <---> 1152921504606846979 : 1.3744831085205078
1152921504606846979 <---> 1152921504606846977 : 3.3016204833984375
1152921504606846979 <---> 1152921504606846978 : 2.5937557220458984
==================================== link detector ====================================

----------------------------
src    dst :    delay
1152921504606846978 <---> 1152921504606846977 : 1.550912857055664
1152921504606846978 <---> 1152921504606846979 : 2.9795169830322266
1152921504606846977 <---> 1152921504606846978 : 1.6934871673583984
1152921504606846977 <---> 1152921504606846979 : 1.3353824615478516
1152921504606846979 <---> 1152921504606846977 : 2.98309326171875
1152921504606846979 <---> 1152921504606846978 : 3.0188560485839844
discovery--->==================================== discovery ====================================
discovery---> cls: [(1152921504606846978, 1152921504606846977), (1152921504606846978, 1152921504606846979), (1152921504606846977, 1152921504606846979)]
discovery--->==============================
