loading app network_structure.py
Matplotlib created a temporary config/cache directory at /tmp/matplotlib-co98knhw because the default path (/home/terry/.config/matplotlib) is not a writable directory; it is highly recommended to set the MPLCONFIGDIR environment variable to a writable directory, in particular to speed up the import of Matplotlib and to better support multiprocessing.
Generating new fontManager, this may take some time...
Failed to extract font properties from /usr/share/fonts/truetype/noto/NotoColorEmoji.ttf: In FT2Font: Can not load face.  Unknown file format.
loading app network_monitor.py
loading app network_delay.py
loading app network_shortest_path.py
loading app arp_handler.py
loading app ryu.controller.ofp_handler
instantiating app None of Switches
creating context switches
instantiating app network_structure.py of NetworkStructure
instantiating app network_monitor.py of NetworkMonitor
instantiating app network_delay.py of NetworkDelay
instantiating app network_shortest_path.py of NetworkShortestPath
instantiating app arp_handler.py of ArpHandler
instantiating app ryu.controller.ofp_handler of OFPHandler
discovery---> AccessPoint: 1 connected
discovery---> AccessPoint: 2 connected
discovery---> AccessPoint: 3 connected
monitor---->register datapath: 1000000000000001
monitor---->register datapath: 1000000000000002
monitor---->register datapath: 1000000000000003
==================================== link detector ====================================

----------------------------
src    dst :    delay
1 <---> 3 : 3.1239986419677734
1 <---> 2 : 3.142118453979492
2 <---> 3 : 3.2563209533691406
2 <---> 1 : 3.0939579010009766
3 <---> 2 : 3.875255584716797
3 <---> 1 : 3.668546676635742
discovery--->==================================== discovery ====================================
discovery---> cls: [(1, 3), (1, 2), (3, 2)]
discovery--->=============================================================================
datapath         port     rx-pkts  rx-bytes rx-error tx-pkts  tx-bytes tx-error
---------------- -------- -------- -------- -------- -------- -------- --------
0000000000000001        1        0        0        0        5      390        0
0000000000000001        2       24     3027        0       23     2967        0
0000000000000001        3       24     3027        0       23     2967        0
datapath         in-port  eth-dst           out-port packets  bytes
---------------- -------- ----------------- -------- -------- --------
datapath         port     rx-pkts  rx-bytes rx-error tx-pkts  tx-bytes tx-error
---------------- -------- -------- -------- -------- -------- -------- --------
0000000000000003        1        0        0        0        5      390        0
0000000000000003        2       23     2967        0       24     3027        0
0000000000000003        3       23     2967        0       24     3027        0
datapath         in-port  eth-dst           out-port packets  bytes
---------------- -------- ----------------- -------- -------- --------
datapath         port     rx-pkts  rx-bytes rx-error tx-pkts  tx-bytes tx-error
---------------- -------- -------- -------- -------- -------- -------- --------
0000000000000002        1        0        0        0        5      390        0
0000000000000002        2       23     2967        0       24     3027        0
0000000000000002        3       24     3027        0       23     2967        0
datapath         in-port  eth-dst           out-port packets  bytes
---------------- -------- ----------------- -------- -------- --------
==================================== link detector ====================================

----------------------------
src    dst :    delay
1 <---> 3 : 2.4323463439941406
1 <---> 2 : 2.4514198303222656
2 <---> 3 : 2.2592544555664062
2 <---> 1 : 2.5908946990966797
3 <---> 2 : 2.1932125091552734
3 <---> 1 : 2.5811195373535156
---> OFPPortStatus received: reason=MODIFY desc=OFPPort(port_no=1,hw_addr='10:00:00:00:00:00',name=b'ap1-wlan1',config=0,state=0,curr=0,advertised=0,supported=0,peer=0,curr_speed=0,max_speed=0)
---> OFPPortStatus received: reason=MODIFY desc=OFPPort(port_no=1,hw_addr='10:00:00:00:00:00',name=b'ap1-wlan1',config=0,state=1,curr=0,advertised=0,supported=0,peer=0,curr_speed=0,max_speed=0)
---> OFPPortStatus received: reason=MODIFY desc=OFPPort(port_no=1,hw_addr='30:00:00:00:00:00',name=b'ap3-wlan1',config=0,state=0,curr=0,advertised=0,supported=0,peer=0,curr_speed=0,max_speed=0)
---> OFPPortStatus received: reason=MODIFY desc=OFPPort(port_no=1,hw_addr='30:00:00:00:00:00',name=b'ap3-wlan1',config=0,state=1,curr=0,advertised=0,supported=0,peer=0,curr_speed=0,max_speed=0)
==================================== link detector ====================================

----------------------------
src    dst :    delay
1 <---> 3 : 3.026723861694336
1 <---> 2 : 3.0417442321777344
2 <---> 3 : 2.7937889099121094
2 <---> 1 : 2.3152828216552734
3 <---> 2 : 4.111289978027344
3 <---> 1 : 2.2759437561035156
discovery--->==================================== discovery ====================================
discovery---> cls: [(1, 3), (1, 2), (3, 2)]
discovery--->=============================================================================
datapath         port     rx-pkts  rx-bytes rx-error tx-pkts  tx-bytes tx-error
---------------- -------- -------- -------- -------- -------- -------- --------
0000000000000001        1        0        0        0        8      624        0
0000000000000001        2       30     3530        0       29     3470        0
0000000000000001        3       30     3530        0       30     3530        0
datapath         in-port  eth-dst           out-port packets  bytes
---------------- -------- ----------------- -------- -------- --------
datapath         port     rx-pkts  rx-bytes rx-error tx-pkts  tx-bytes tx-error
---------------- -------- -------- -------- -------- -------- -------- --------
0000000000000002        1        0        0        0       10      780        0
0000000000000002        2       29     3470        0       30     3530        0
0000000000000002        3       30     3530        0       29     3470        0
datapath         in-port  eth-dst           out-port packets  bytes
---------------- -------- ----------------- -------- -------- --------
datapath         port     rx-pkts  rx-bytes rx-error tx-pkts  tx-bytes tx-error
---------------- -------- -------- -------- -------- -------- -------- --------
0000000000000003        1        0        0        0        8      624        0
0000000000000003        2       30     3530        0       30     3530        0
0000000000000003        3       29     3470        0       30     3530        0
datapath         in-port  eth-dst           out-port packets  bytes
---------------- -------- ----------------- -------- -------- --------
==================================== link detector ====================================

----------------------------
src    dst :    delay
1 <---> 3 : 3.057241439819336
1 <---> 2 : 3.9420127868652344
2 <---> 3 : 2.6345252990722656
2 <---> 1 : 3.1621456146240234
3 <---> 2 : 3.509044647216797
3 <---> 1 : 3.57818603515625
discovery--->==================================== discovery ====================================
discovery---> cls: [(1, 3), (1, 2), (3, 2)]
discovery--->=============================================================================
datapath         port     rx-pkts  rx-bytes rx-error tx-pkts  tx-bytes tx-error
---------------- -------- -------- -------- -------- -------- -------- --------
0000000000000001        1        0        0        0        8      624        0
0000000000000001        2       38     4163        0       37     4103        0
0000000000000001        3       37     3960        0       36     3900        0
datapath         in-port  eth-dst           out-port packets  bytes
---------------- -------- ----------------- -------- -------- --------
datapath         port     rx-pkts  rx-bytes rx-error tx-pkts  tx-bytes tx-error
---------------- -------- -------- -------- -------- -------- -------- --------
0000000000000003        1        0        0        0        8      624        0
0000000000000003        2       36     3900        0       37     3960        0
0000000000000003        3       36     3900        0       38     4163        0
datapath         in-port  eth-dst           out-port packets  bytes
---------------- -------- ----------------- -------- -------- --------
datapath         port     rx-pkts  rx-bytes rx-error tx-pkts  tx-bytes tx-error
---------------- -------- -------- -------- -------- -------- -------- --------
0000000000000002        1        0        0        0       16     1248        0
0000000000000002        2       37     4103        0       38     4163        0
0000000000000002        3       38     4163        0       36     3900        0
datapath         in-port  eth-dst           out-port packets  bytes
---------------- -------- ----------------- -------- -------- --------
==================================== link detector ====================================

----------------------------
src    dst :    delay
1 <---> 3 : 4.055500030517578
1 <---> 2 : 3.926515579223633
2 <---> 3 : 3.10516357421875
2 <---> 1 : 4.160404205322266
3 <---> 2 : 2.6907920837402344
3 <---> 1 : 3.6821365356445312
==================================== link detector ====================================

----------------------------
src    dst :    delay
1 <---> 3 : 4.039764404296875
1 <---> 2 : 3.9949417114257812
2 <---> 3 : 4.157781600952148
2 <---> 1 : 2.760171890258789
3 <---> 2 : 2.3605823516845703
3 <---> 1 : 2.2649765014648438
datapath         port     rx-pkts  rx-bytes rx-error tx-pkts  tx-bytes tx-error
---------------- -------- -------- -------- -------- -------- -------- --------
0000000000000001        1        0        0        0        8      624        0
0000000000000001        2       43     4463        0       43     4463        0
0000000000000001        3       43     4463        0       43     4463        0
datapath         in-port  eth-dst           out-port packets  bytes
---------------- -------- ----------------- -------- -------- --------
datapath         port     rx-pkts  rx-bytes rx-error tx-pkts  tx-bytes tx-error
---------------- -------- -------- -------- -------- -------- -------- --------
0000000000000003        1        0        0        0        8      624        0
0000000000000003        2       43     4463        0       43     4463        0
0000000000000003        3       42     4403        0       43     4463        0
datapath         in-port  eth-dst           out-port packets  bytes
---------------- -------- ----------------- -------- -------- --------
datapath         port     rx-pkts  rx-bytes rx-error tx-pkts  tx-bytes tx-error
---------------- -------- -------- -------- -------- -------- -------- --------
0000000000000002        1        0        0        0       21     1638        0
0000000000000002        2       43     4463        0       43     4463        0
0000000000000002        3       43     4463        0       42     4403        0
datapath         in-port  eth-dst           out-port packets  bytes
---------------- -------- ----------------- -------- -------- --------
discovery--->==================================== discovery ====================================
discovery---> cls: [(1, 3), (1, 2), (3, 2)]
discovery--->=============================================================================
==================================== link detector ====================================

----------------------------
src    dst :    delay
1 <---> 3 : 3.3245086669921875
1 <---> 2 : 2.9418468475341797
2 <---> 3 : 2.6917457580566406
2 <---> 1 : 2.8531551361083984
3 <---> 2 : 2.989530563354492
3 <---> 1 : 2.070903778076172
datapath         port     rx-pkts  rx-bytes rx-error tx-pkts  tx-bytes tx-error
---------------- -------- -------- -------- -------- -------- -------- --------
0000000000000001        1        0        0        0        8      624        0
0000000000000001        2       49     4823        0       48     4763        0
0000000000000001        3       49     4823        0       48     4763        0
datapath         in-port  eth-dst           out-port packets  bytes
---------------- -------- ----------------- -------- -------- --------
datapath         port     rx-pkts  rx-bytes rx-error tx-pkts  tx-bytes tx-error
---------------- -------- -------- -------- -------- -------- -------- --------
0000000000000002        1        0        0        0       27     2106        0
0000000000000002        2       48     4763        0       49     4823        0
0000000000000002        3       49     4823        0       48     4763        0
datapath         in-port  eth-dst           out-port packets  bytes
---------------- -------- ----------------- -------- -------- --------
datapath         port     rx-pkts  rx-bytes rx-error tx-pkts  tx-bytes tx-error
---------------- -------- -------- -------- -------- -------- -------- --------
0000000000000003        1        0        0        0        8      624        0
0000000000000003        2       48     4763        0       49     4823        0
0000000000000003        3       48     4763        0       49     4823        0
datapath         in-port  eth-dst           out-port packets  bytes
---------------- -------- ----------------- -------- -------- --------
discovery--->==================================== discovery ====================================
discovery---> cls: [(1, 3), (1, 2), (3, 2)]
discovery--->=============================================================================
==================================== link detector ====================================

----------------------------
src    dst :    delay
1 <---> 3 : 2.653360366821289
1 <---> 2 : 3.4780502319335938
2 <---> 3 : 4.103422164916992
2 <---> 1 : 2.491474151611328
3 <---> 2 : 3.9148330688476562
3 <---> 1 : 2.0856857299804688
==================================== link detector ====================================

----------------------------
src    dst :    delay
1 <---> 3 : 4.079103469848633
1 <---> 2 : 10.214090347290039
2 <---> 3 : 2.2237300872802734
2 <---> 1 : 3.7140846252441406
3 <---> 2 : 4.086732864379883
3 <---> 1 : 3.697633743286133
datapath         port     rx-pkts  rx-bytes rx-error tx-pkts  tx-bytes tx-error
---------------- -------- -------- -------- -------- -------- -------- --------
0000000000000001        1        0        0        0        8      624        0
0000000000000001        2       58     5319        0       58     5319        0
0000000000000001        3       58     5319        0       58     5319        0
datapath         in-port  eth-dst           out-port packets  bytes
---------------- -------- ----------------- -------- -------- --------
datapath         port     rx-pkts  rx-bytes rx-error tx-pkts  tx-bytes tx-error
---------------- -------- -------- -------- -------- -------- -------- --------
0000000000000003        1        0        0        0        8      624        0
0000000000000003        2       58     5319        0       58     5319        0
0000000000000003        3       58     5319        0       58     5319        0
datapath         in-port  eth-dst           out-port packets  bytes
---------------- -------- ----------------- -------- -------- --------
datapath         port     rx-pkts  rx-bytes rx-error tx-pkts  tx-bytes tx-error
---------------- -------- -------- -------- -------- -------- -------- --------
0000000000000002        1        2       84        0       34     2616        0
0000000000000002        2       58     5319        0       58     5319        0
0000000000000002        3       58     5319        0       58     5319        0
datapath         in-port  eth-dst           out-port packets  bytes
---------------- -------- ----------------- -------- -------- --------
discovery--->==================================== discovery ====================================
discovery---> cls: [(1, 3), (1, 2), (3, 2)]
discovery--->=============================================================================
==================================== link detector ====================================

----------------------------
src    dst :    delay
1 <---> 3 : 4.439592361450195
1 <---> 2 : 3.1735897064208984
2 <---> 3 : 3.064870834350586
2 <---> 1 : 4.00090217590332
3 <---> 2 : 3.0303001403808594
3 <---> 1 : 2.5758743286132812
==================================== link detector ====================================

----------------------------
src    dst :    delay
1 <---> 3 : 3.5543441772460938
1 <---> 2 : 3.420591354370117
2 <---> 3 : 3.543376922607422
2 <---> 1 : 4.210948944091797
3 <---> 2 : 4.358768463134766
3 <---> 1 : 4.390239715576172
datapath         port     rx-pkts  rx-bytes rx-error tx-pkts  tx-bytes tx-error
---------------- -------- -------- -------- -------- -------- -------- --------
0000000000000001        1        0        0        0        8      624        0
0000000000000001        2       68     6008        0       67     5948        0
0000000000000001        3       68     6008        0       67     5948        0
datapath         in-port  eth-dst           out-port packets  bytes
---------------- -------- ----------------- -------- -------- --------
datapath         port     rx-pkts  rx-bytes rx-error tx-pkts  tx-bytes tx-error
---------------- -------- -------- -------- -------- -------- -------- --------
0000000000000003        1        0        0        0        8      624        0
0000000000000003        2       67     5948        0       68     6008        0
0000000000000003        3       67     5948        0       68     6008        0
datapath         in-port  eth-dst           out-port packets  bytes
---------------- -------- ----------------- -------- -------- --------
datapath         port     rx-pkts  rx-bytes rx-error tx-pkts  tx-bytes tx-error
---------------- -------- -------- -------- -------- -------- -------- --------
0000000000000002        1        6      252        0       44     3324        0
0000000000000002        2       67     5948        0       68     6008        0
0000000000000002        3       68     6008        0       67     5948        0
datapath         in-port  eth-dst           out-port packets  bytes
---------------- -------- ----------------- -------- -------- --------
discovery--->==================================== discovery ====================================
discovery---> cls: [(1, 3), (1, 2), (3, 2)]
discovery--->=============================================================================
==================================== link detector ====================================

----------------------------
src    dst :    delay
1 <---> 3 : 2.4566650390625
1 <---> 2 : 2.2253990173339844
2 <---> 3 : 2.2194385528564453
2 <---> 1 : 2.2668838500976562
3 <---> 2 : 6.094932556152344
3 <---> 1 : 2.219676971435547
datapath         port     rx-pkts  rx-bytes rx-error tx-pkts  tx-bytes tx-error
---------------- -------- -------- -------- -------- -------- -------- --------
0000000000000001        1        0        0        0        8      624        0
0000000000000001        2       73     6308        0       73     6308        0
0000000000000001        3       73     6308        0       73     6308        0
datapath         in-port  eth-dst           out-port packets  bytes
---------------- -------- ----------------- -------- -------- --------
datapath         port     rx-pkts  rx-bytes rx-error tx-pkts  tx-bytes tx-error
---------------- -------- -------- -------- -------- -------- -------- --------
0000000000000003        1        0        0        0        8      624        0
0000000000000003        2       73     6308        0       73     6308        0
0000000000000003        3       73     6308        0       73     6308        0
datapath         in-port  eth-dst           out-port packets  bytes
---------------- -------- ----------------- -------- -------- --------
datapath         port     rx-pkts  rx-bytes rx-error tx-pkts  tx-bytes tx-error
---------------- -------- -------- -------- -------- -------- -------- --------
0000000000000002        1        6      252        0       50     3792        0
0000000000000002        2       73     6308        0       73     6308        0
0000000000000002        3       73     6308        0       73     6308        0
datapath         in-port  eth-dst           out-port packets  bytes
---------------- -------- ----------------- -------- -------- --------
discovery--->==================================== discovery ====================================
discovery---> cls: [(1, 3), (1, 2), (3, 2)]
discovery--->=============================================================================
==================================== link detector ====================================

----------------------------
src    dst :    delay
1 <---> 3 : 4.185676574707031
1 <---> 2 : 3.0791759490966797
2 <---> 3 : 3.1614303588867188
2 <---> 1 : 3.7550926208496094
3 <---> 2 : 3.434419631958008
3 <---> 1 : 4.288196563720703
==================================== link detector ====================================

----------------------------
src    dst :    delay
1 <---> 3 : 3.1385421752929688
1 <---> 2 : 2.6116371154785156
2 <---> 3 : 4.145145416259766
2 <---> 1 : 3.125905990600586
3 <---> 2 : 2.4688243865966797
3 <---> 1 : 3.2613277435302734
datapath         port     rx-pkts  rx-bytes rx-error tx-pkts  tx-bytes tx-error
---------------- -------- -------- -------- -------- -------- -------- --------
0000000000000001        1        0        0        0        8      624        0
0000000000000001        2       79     6668        0       78     6608        0
0000000000000001        3       79     6668        0       78     6608        0
datapath         in-port  eth-dst           out-port packets  bytes
---------------- -------- ----------------- -------- -------- --------
datapath         port     rx-pkts  rx-bytes rx-error tx-pkts  tx-bytes tx-error
---------------- -------- -------- -------- -------- -------- -------- --------
0000000000000002        1        8      336        0       57     4302        0
0000000000000002        2       78     6608        0       79     6668        0
0000000000000002        3       79     6668        0       78     6608        0
datapath         in-port  eth-dst           out-port packets  bytes
---------------- -------- ----------------- -------- -------- --------
datapath         port     rx-pkts  rx-bytes rx-error tx-pkts  tx-bytes tx-error
---------------- -------- -------- -------- -------- -------- -------- --------
0000000000000003        1        0        0        0        8      624        0
0000000000000003        2       78     6608        0       79     6668        0
0000000000000003        3       78     6608        0       79     6668        0
datapath         in-port  eth-dst           out-port packets  bytes
---------------- -------- ----------------- -------- -------- --------
discovery--->==================================== discovery ====================================
discovery---> cls: [(1, 3), (1, 2), (3, 2)]
discovery--->=============================================================================
==================================== link detector ====================================

----------------------------
src    dst :    delay
1 <---> 3 : 2.142667770385742
1 <---> 2 : 3.3817291259765625
2 <---> 3 : 4.06956672668457
2 <---> 1 : 2.282381057739258
3 <---> 2 : 4.074335098266602
3 <---> 1 : 2.43377685546875
datapath         port     rx-pkts  rx-bytes rx-error tx-pkts  tx-bytes tx-error
---------------- -------- -------- -------- -------- -------- -------- --------
0000000000000001        1        0        0        0        8      624        0
0000000000000001        2       85     7028        0       84     6968        0
0000000000000001        3       85     7028        0       84     6968        0
datapath         in-port  eth-dst           out-port packets  bytes
---------------- -------- ----------------- -------- -------- --------
datapath         port     rx-pkts  rx-bytes rx-error tx-pkts  tx-bytes tx-error
---------------- -------- -------- -------- -------- -------- -------- --------
0000000000000002        1        9      378        0       64     4830        0
0000000000000002        2       84     6968        0       85     7028        0
0000000000000002        3       84     6968        0       84     6968        0
datapath         in-port  eth-dst           out-port packets  bytes
---------------- -------- ----------------- -------- -------- --------
datapath         port     rx-pkts  rx-bytes rx-error tx-pkts  tx-bytes tx-error
---------------- -------- -------- -------- -------- -------- -------- --------
0000000000000003        1        0        0        0        8      624        0
0000000000000003        2       84     6968        0       85     7028        0
0000000000000003        3       84     6968        0       84     6968        0
datapath         in-port  eth-dst           out-port packets  bytes
---------------- -------- ----------------- -------- -------- --------
discovery--->==================================== discovery ====================================
discovery---> cls: [(1, 3), (1, 2), (3, 2)]
discovery--->=============================================================================
==================================== link detector ====================================

----------------------------
src    dst :    delay
1 <---> 3 : 2.722501754760742
1 <---> 2 : 2.769947052001953
2 <---> 3 : 3.5064220428466797
2 <---> 1 : 4.089832305908203
3 <---> 2 : 2.273082733154297
3 <---> 1 : 2.4404525756835938
==================================== link detector ====================================

----------------------------
src    dst :    delay
1 <---> 3 : 3.9916038513183594
1 <---> 2 : 2.710580825805664
2 <---> 3 : 3.827810287475586
2 <---> 1 : 3.6437511444091797
3 <---> 2 : 2.25830078125
3 <---> 1 : 2.5250911712646484
datapath         port     rx-pkts  rx-bytes rx-error tx-pkts  tx-bytes tx-error
---------------- -------- -------- -------- -------- -------- -------- --------
0000000000000001        1        0        0        0        8      624        0
0000000000000001        2       90     7328        0       89     7268        0
0000000000000001        3       90     7328        0       89     7268        0
datapath         in-port  eth-dst           out-port packets  bytes
---------------- -------- ----------------- -------- -------- --------
datapath         port     rx-pkts  rx-bytes rx-error tx-pkts  tx-bytes tx-error
---------------- -------- -------- -------- -------- -------- -------- --------
0000000000000002        1        9      378        0       69     5220        0
0000000000000002        2       89     7268        0       90     7328        0
0000000000000002        3       90     7328        0       89     7268        0
datapath         in-port  eth-dst           out-port packets  bytes
---------------- -------- ----------------- -------- -------- --------
datapath         port     rx-pkts  rx-bytes rx-error tx-pkts  tx-bytes tx-error
---------------- -------- -------- -------- -------- -------- -------- --------
0000000000000003        1        0        0        0        8      624        0
0000000000000003        2       89     7268        0       90     7328        0
0000000000000003        3       89     7268        0       90     7328        0
datapath         in-port  eth-dst           out-port packets  bytes
---------------- -------- ----------------- -------- -------- --------
discovery--->==================================== discovery ====================================
discovery---> cls: [(1, 3), (1, 2), (3, 2)]
discovery--->=============================================================================
==================================== link detector ====================================

----------------------------
src    dst :    delay
1 <---> 3 : 2.6929378509521484
1 <---> 2 : 4.100561141967773
2 <---> 3 : 3.065347671508789
2 <---> 1 : 3.5834312438964844
3 <---> 2 : 2.870798110961914
3 <---> 1 : 3.402233123779297
==================================== link detector ====================================

----------------------------
src    dst :    delay
1 <---> 3 : 4.180431365966797
1 <---> 2 : 2.4712085723876953
2 <---> 3 : 4.100799560546875
2 <---> 1 : 3.9708614349365234
3 <---> 2 : 4.103660583496094
3 <---> 1 : 2.536773681640625
datapath         port     rx-pkts  rx-bytes rx-error tx-pkts  tx-bytes tx-error
---------------- -------- -------- -------- -------- -------- -------- --------
0000000000000001        1        0        0        0        8      624        0
0000000000000001        2       97     7758        0       96     7698        0
0000000000000001        3       96     7688        0       96     7698        0
datapath         in-port  eth-dst           out-port packets  bytes
---------------- -------- ----------------- -------- -------- --------
datapath         port     rx-pkts  rx-bytes rx-error tx-pkts  tx-bytes tx-error
---------------- -------- -------- -------- -------- -------- -------- --------
0000000000000003        1        0        0        0        8      624        0
0000000000000003        2       96     7698        0       96     7688        0
0000000000000003        3       96     7698        0       96     7688        0
datapath         in-port  eth-dst           out-port packets  bytes
---------------- -------- ----------------- -------- -------- --------
datapath         port     rx-pkts  rx-bytes rx-error tx-pkts  tx-bytes tx-error
---------------- -------- -------- -------- -------- -------- -------- --------
0000000000000002        1        9      378        0       75     5688        0
0000000000000002        2       96     7698        0       97     7758        0
0000000000000002        3       96     7688        0       96     7698        0
datapath         in-port  eth-dst           out-port packets  bytes
---------------- -------- ----------------- -------- -------- --------
discovery--->==================================== discovery ====================================
discovery---> cls: [(1, 3), (1, 2), (3, 2)]
discovery--->=============================================================================
==================================== link detector ====================================

----------------------------
src    dst :    delay
1 <---> 3 : 4.075765609741211
1 <---> 2 : 2.633333206176758
2 <---> 3 : 3.4732818603515625
2 <---> 1 : 3.506183624267578
3 <---> 2 : 2.860546112060547
3 <---> 1 : 2.7549266815185547
datapath         port     rx-pkts  rx-bytes rx-error tx-pkts  tx-bytes tx-error
---------------- -------- -------- -------- -------- -------- -------- --------
0000000000000001        1        0        0        0        8      624        0
0000000000000001        2      103     8261        0      103     8261        0
0000000000000001        3      103     8261        0      103     8261        0
datapath         in-port  eth-dst           out-port packets  bytes
---------------- -------- ----------------- -------- -------- --------
datapath         port     rx-pkts  rx-bytes rx-error tx-pkts  tx-bytes tx-error
---------------- -------- -------- -------- -------- -------- -------- --------
0000000000000002        1        9      378        0       80     6078        0
0000000000000002        2      103     8261        0      103     8261        0
0000000000000002        3      103     8261        0      102     8201        0
datapath         in-port  eth-dst           out-port packets  bytes
---------------- -------- ----------------- -------- -------- --------
datapath         port     rx-pkts  rx-bytes rx-error tx-pkts  tx-bytes tx-error
---------------- -------- -------- -------- -------- -------- -------- --------
0000000000000003        1        0        0        0        8      624        0
0000000000000003        2      103     8261        0      103     8261        0
0000000000000003        3      102     8201        0      103     8261        0
datapath         in-port  eth-dst           out-port packets  bytes
---------------- -------- ----------------- -------- -------- --------
discovery--->==================================== discovery ====================================
discovery---> cls: [(1, 3), (1, 2), (3, 2)]
discovery--->=============================================================================
==================================== link detector ====================================

----------------------------
src    dst :    delay
1 <---> 3 : 2.325296401977539
1 <---> 2 : 2.468585968017578
2 <---> 3 : 2.3152828216552734
2 <---> 1 : 2.270221710205078
3 <---> 2 : 2.13623046875
3 <---> 1 : 2.184629440307617
==================================== link detector ====================================

----------------------------
src    dst :    delay
1 <---> 3 : 3.5021305084228516
1 <---> 2 : 4.052162170410156
2 <---> 3 : 2.737760543823242
2 <---> 1 : 3.5834312438964844
3 <---> 2 : 3.9281845092773438
3 <---> 1 : 4.0493011474609375
datapath         port     rx-pkts  rx-bytes rx-error tx-pkts  tx-bytes tx-error
---------------- -------- -------- -------- -------- -------- -------- --------
0000000000000001        1        0        0        0        8      624        0
0000000000000001        2      109     8621        0      108     8561        0
0000000000000001        3      109     8621        0      108     8561        0
datapath         in-port  eth-dst           out-port packets  bytes
---------------- -------- ----------------- -------- -------- --------
datapath         port     rx-pkts  rx-bytes rx-error tx-pkts  tx-bytes tx-error
---------------- -------- -------- -------- -------- -------- -------- --------
0000000000000003        1        0        0        0        8      624        0
0000000000000003        2      108     8561        0      109     8621        0
0000000000000003        3      108     8561        0      109     8621        0
datapath         in-port  eth-dst           out-port packets  bytes
---------------- -------- ----------------- -------- -------- --------
datapath         port     rx-pkts  rx-bytes rx-error tx-pkts  tx-bytes tx-error
---------------- -------- -------- -------- -------- -------- -------- --------
0000000000000002        1       11      462        0       88     6666        0
0000000000000002        2      108     8561        0      109     8621        0
0000000000000002        3      109     8621        0      108     8561        0
datapath         in-port  eth-dst           out-port packets  bytes
---------------- -------- ----------------- -------- -------- --------
discovery--->==================================== discovery ====================================
discovery---> cls: [(1, 3), (1, 2), (3, 2)]
discovery--->=============================================================================
==================================== link detector ====================================

----------------------------
src    dst :    delay
1 <---> 3 : 3.0870437622070312
1 <---> 2 : 3.0634403228759766
2 <---> 3 : 4.152059555053711
2 <---> 1 : 3.9217472076416016
3 <---> 2 : 3.738880157470703
3 <---> 1 : 2.514362335205078
datapath         port     rx-pkts  rx-bytes rx-error tx-pkts  tx-bytes tx-error
---------------- -------- -------- -------- -------- -------- -------- --------
0000000000000001        1        0        0        0        8      624        0
0000000000000001        2      114     8921        0      114     8921        0
0000000000000001        3      114     8921        0      114     8921        0
datapath         in-port  eth-dst           out-port packets  bytes
---------------- -------- ----------------- -------- -------- --------
datapath         port     rx-pkts  rx-bytes rx-error tx-pkts  tx-bytes tx-error
---------------- -------- -------- -------- -------- -------- -------- --------
0000000000000002        1       15      630        0       97     7296        0
0000000000000002        2      114     8921        0      114     8921        0
0000000000000002        3      114     8921        0      114     8921        0
datapath         in-port  eth-dst           out-port packets  bytes
---------------- -------- ----------------- -------- -------- --------
datapath         port     rx-pkts  rx-bytes rx-error tx-pkts  tx-bytes tx-error
---------------- -------- -------- -------- -------- -------- -------- --------
0000000000000003        1        0        0        0        8      624        0
0000000000000003        2      114     8921        0      114     8921        0
0000000000000003        3      114     8921        0      114     8921        0
datapath         in-port  eth-dst           out-port packets  bytes
---------------- -------- ----------------- -------- -------- --------
discovery--->==================================== discovery ====================================
discovery---> cls: [(1, 3), (1, 2), (3, 2)]
discovery--->=============================================================================
==================================== link detector ====================================

----------------------------
src    dst :    delay
1 <---> 3 : 3.938436508178711
1 <---> 2 : 3.963947296142578
2 <---> 3 : 3.1261444091796875
2 <---> 1 : 4.040718078613281
3 <---> 2 : 3.1626224517822266
3 <---> 1 : 3.9277076721191406
---> OFPPortStatus received: reason=MODIFY desc=OFPPort(port_no=2,hw_addr='4e:5f:8b:b6:f1:4b',name=b'ap1-eth2',config=0,state=0,curr=2112,advertised=0,supported=0,peer=0,curr_speed=10000000,max_speed=0)
---> OFPPortStatus received: reason=DELETE desc=OFPPort(port_no=2,hw_addr='4e:5f:8b:b6:f1:4b',name=b'ap1-eth2',config=0,state=0,curr=2112,advertised=0,supported=0,peer=0,curr_speed=10000000,max_speed=0)
---> OFPPortStatus received: reason=MODIFY desc=OFPPort(port_no=2,hw_addr='0e:8f:95:fb:3a:b9',name=b'ap2-eth2',config=0,state=0,curr=2112,advertised=0,supported=0,peer=0,curr_speed=10000000,max_speed=0)
---> OFPPortStatus received: reason=DELETE desc=OFPPort(port_no=2,hw_addr='0e:8f:95:fb:3a:b9',name=b'ap2-eth2',config=0,state=0,curr=2112,advertised=0,supported=0,peer=0,curr_speed=10000000,max_speed=0)
---> OFPPortStatus received: reason=DELETE desc=OFPPort(port_no=3,hw_addr='02:23:cf:95:c7:a2',name=b'ap1-eth3',config=0,state=4,curr=2112,advertised=0,supported=0,peer=0,curr_speed=10000000,max_speed=0)
---> OFPPortStatus received: reason=DELETE desc=OFPPort(port_no=2,hw_addr='e2:b7:dc:6f:e5:3e',name=b'ap3-eth2',config=0,state=4,curr=2112,advertised=0,supported=0,peer=0,curr_speed=10000000,max_speed=0)
---> OFPPortStatus received: reason=DELETE desc=OFPPort(port_no=3,hw_addr='92:23:85:00:aa:8d',name=b'ap3-eth3',config=0,state=4,curr=2112,advertised=0,supported=0,peer=0,curr_speed=10000000,max_speed=0)
---> OFPPortStatus received: reason=DELETE desc=OFPPort(port_no=3,hw_addr='d2:38:8c:b5:af:e7',name=b'ap2-eth3',config=0,state=4,curr=2112,advertised=0,supported=0,peer=0,curr_speed=10000000,max_speed=0)
==================================== link detector ====================================

----------------------------
src    dst :    delay
1 <---> 3 : 2.28118896484375
1 <---> 2 : 2.2749900817871094
2 <---> 3 : 2.355813980102539
2 <---> 1 : 2.1746158599853516
3 <---> 2 : 2.147674560546875
3 <---> 1 : 2.8269290924072266
discovery--->==================================== discovery ====================================
discovery---> cls: []
discovery--->=============================================================================
==================================== link detector ====================================

----------------------------
src    dst :    delay
1 <---> 3 : 2.28118896484375
1 <---> 2 : 2.2749900817871094
2 <---> 3 : 2.355813980102539
2 <---> 1 : 2.1746158599853516
3 <---> 2 : 2.147674560546875
3 <---> 1 : 2.8269290924072266
