loading app network_structure.py
loading app network_monitor.py
loading app network_delay.py
loading app network_shortest_path.py
loading app arp_handler.py
loading app ryu.controller.ofp_handler
instantiating app None of Switches
creating context switches
instantiating app network_structure.py of NetworkStructure
instantiating app network_monitor.py of NetworkMonitor
instantiating app network_delay.py of NetworkDelay
instantiating app network_shortest_path.py of NetworkShortestPath
instantiating app arp_handler.py of ArpHandler
instantiating app ryu.controller.ofp_handler of OFPHandler
discovery--->==================================== discovery ====================================
discovery---> cls: []
discovery--->==============================
loading app network_structure.py
loading app network_monitor.py
loading app network_delay.py
loading app network_shortest_path.py
loading app arp_handler.py
loading app ryu.controller.ofp_handler
instantiating app None of Switches
creating context switches
instantiating app network_structure.py of NetworkStructure
instantiating app network_monitor.py of NetworkMonitor
instantiating app network_delay.py of NetworkDelay
instantiating app network_shortest_path.py of NetworkShortestPath
instantiating app arp_handler.py of ArpHandler
instantiating app ryu.controller.ofp_handler of OFPHandler
discovery---> switch: 4 connected
discovery---> switch: 3 connected
discovery---> switch: 5 connected
discovery---> switch: 2 connected
discovery---> switch: 1 connected
monitor---->register datapath: 0000000000000004
monitor---->register datapath: 0000000000000002
monitor---->register datapath: 0000000000000001
monitor---->register datapath: 0000000000000005
monitor---->register datapath: 0000000000000003
discovery--->==================================== discovery ====================================
discovery---> cls: [(4, 5), (4, 1), (5, 3), (5, 2), (3, 1), (2, 1)]
discovery--->==============================
Encountered an error while parsing OpenFlow packet from switch. This implies the switch sent a malformed OpenFlow packet. version 0x04 msg_type 19 msg_len 800 xid 2306003406 buf 0x04 0x13 0x03 0x20 0x89 0x72 0xd1 0xce 0x00 0x04 0x00 0x00 0x00 0x00 0x00 0x00 0xff 0xff 0xff 0xfe 0x00 0x00 0x00 0x00 0x00 0x00 0x00 0x00 0x00 0x00 0x00 0x00 0x00 0x00 0x00 0x00 0x00 0x00 0x00 0x00 0x00 0x00 0x00 0x00 0x00 0x00 0x00 0x00 0x00 0x00 0x00 0x00 0x00 0x00 0x00 0x00 0x00 0x00 0x00 0x00 0x00 0x00 0x00 0x00 0x00 0x00 0x00 0x00 0x00 0x00 0x00 0x00 0x00 0x00 0x00 0x00 0x00 0x00 0x00 0x00 0x00 0x00 0x00 0x00 0x00 0x00 0x00 0x00 0x00 0x00 0x00 0x00 0x00 0x00 0x00 0x00 0x00 0x00 0x00 0x00 0x00 0x00 0x00 0x00 0x00 0x00 0x00 0x00 0x00 0x00 0x00 0x00 0x00 0x00 0x00 0x00 0x00 0x00 0x00 0x00 0x00 0x00 0x01 0x10 0x13 0x9c 0x24 0x40 0x00 0x00 0x00 0x04 0x00 0x00 0x00 0x00 0x00 0x00 0x00 0x00 0x00 0x00 0x00 0x0b 0x00 0x00 0x00 0x00 0x00 0x00 0x01 0x22 0x00 0x00 0x00 0x00 0x00 0x00 0x03 0x62 0x00 0x00 0x00 0x00 0x00 0x00 0x43 0xf8 0x00 0x00 0x00 0x00 0x00 0x00 0x00 0x00 0x00 0x00 0x00 0x00 0x00 0x00 0x00 0x00 0x00 0x00 0x00 0x00 0x00 0x00 0x00 0x00 0x00 0x00 0x00 0x00 0x00 0x00 0x00 0x00 0x00 0x00 0x00 0x00 0x00 0x00 0x00 0x00 0x00 0x00 0x00 0x00 0x00 0x00 0x00 0x00 0x00 0x00 0x00 0x00 0x00 0x00 0x00 0x00 0x00 0x00 0x00 0x00 0x00 0x00 0x00 0x00 0x00 0x00 0x01 0x10 0x13 0xba 0xa8 0xc0 0x00 0x00 0x00 0x01 0x00 0x00 0x00 0x00 0x00 0x00 0x00 0x00 0x00 0x00 0x01 0x23 0x00 0x00 0x00 0x00 0x00 0x00 0x01 0x22 0x00 0x00 0x00 0x00 0x00 0x00 0x44 0x34 0x00 0x00 0x00 0x00 0x00 0x00 0x43 0xf8 0x00 0x00 0x00 0x00 0x00 0x00 0x00 0x00 0x00 0x00 0x00 0x00 0x00 0x00 0x00 0x00 0x00 0x00 0x00 0x00 0x00 0x00 0x00 0x00 0x00 0x00 0x00 0x00 0x00 0x00 0x00 0x00 0x00 0x00 0x00 0x00 0x00 0x00 0x00 0x00 0x00 0x00 0x00 0x00 0x00 0x00 0x00 0x00 0x00 0x00 0x00 0x00 0x00 0x00 0x00 0x00 0x00 0x00 0x00 0x00 0x00 0x00 0x00 0x00 0x00 0x00 0x01 0x10 0x13 0xba 0xa8 0xc0 0x00 0x00 0x00 0x06 0x00 0x00 0x00 0x00 0x00 0x00 0x00 0x00 0x00 0x00 0x00 0x0c 0x00 0x00 0x00 0x00 0x00 0x00 0x01 0x22 0x00 0x00 0x00 0x00 0x00 0x00 0x03 0xa8 0x00 0x00 0x00 0x00 0x00 0x00 0x43 0xf8 0x00 0x00 0x00 0x00 0x00 0x00 0x00 0x00 0x00 0x00 0x00 0x00 0x00 0x00 0x00 0x00 0x00 0x00 0x00 0x00 0x00 0x00 0x00 0x00 0x00 0x00 0x00 0x00 0x00 0x00 0x00 0x00 0x00 0x00 0x00 0x00 0x00 0x00 0x00 0x00 0x00 0x00 0x00 0x00 0x00 0x00 0x00 0x00 0x00 0x00 0x00 0x00 0x00 0x00 0x00 0x00 0x00 0x00 0x00 0x00 0x00 0x00 0x00 0x00 0x00 0x00 0x01 0x10 0x13 0xba 0xa8 0xc0 0x00 0x00 0x00 0x02 0x00 0x00 0x00 0x00 0x00 0x00 0x00 0x00 0x00 0x00 0x01 0x22 0x00 0x00 0x00 0x00 0x00 0x00 0x01 0x23 0x00 0x00 0x00 0x00 0x00 0x00 0x43 0xf8 0x00 0x00 0x00 0x00 0x00 0x00 0x44 0x34 0x00 0x00 0x00 0x00 0x00 0x00 0x00 0x00 0x00 0x00 0x00 0x00 0x00 0x00 0x00 0x00 0x00 0x00 0x00 0x00 0x00 0x00 0x00 0x00 0x00 0x00 0x00 0x00 0x00 0x00 0x00 0x00 0x00 0x00 0x00 0x00 0x00 0x00 0x00 0x00 0x00 0x00 0x00 0x00 0x00 0x00 0x00 0x00 0x00 0x00 0x00 0x00 0x00 0x00 0x00 0x00 0x00 0x00 0x00 0x00 0x00 0x00 0x00 0x00 0x00 0x00 0x01 0x10 0x13 0xba 0xa8 0xc0 0x00 0x00 0x00 0x05 0x00 0x00 0x00 0x00 0x00 0x00 0x00 0x00 0x00 0x00 0x00 0x0c 0x00 0x00 0x00 0x00 0x00 0x00 0x01 0x22 0x00 0x00 0x00 0x00 0x00 0x00 0x03 0xa8 0x00 0x00 0x00 0x00 0x00 0x00 0x43 0xf8 0x00 0x00 0x00 0x00 0x00 0x00 0x00 0x00 0x00 0x00 0x00 0x00 0x00 0x00 0x00 0x00 0x00 0x00 0x00 0x00 0x00 0x00 0x00 0x00 0x00 0x00 0x00 0x00 0x00 0x00 0x00 0x00 0x00 0x00 0x00 0x00 0x00 0x00 0x00 0x00 0x00 0x00 0x00 0x00 0x00 0x00 0x00 0x00 0x00 0x00 0x00 0x00 0x00 0x00 0x00 0x00 0x00 0x00 0x00 0x00 0x00 0x00 0x00 0x00 0x00 0x00 0x01 0x10 0x13 0xba 0xa8 0xc0 0x00 0x00 0x00 0x03 0x00 0x00 0x00 0x00 0x00 0x00 0x00 0x00 0x00 0x00 0x01 0x23 0x00 0x00 0x00 0x00 0x00 0x00 0x01 0x22 0x00 0x00 0x00 0x00 0x00 0x00 0x44 0x34 0x00 0x00 0x00 0x00 0x00 0x00 0x43 0xf8 0x00 0x00 0x00 0x00 0x00 0x00 0x00 0x00 0x00 0x00 0x00 0x00 0x00 0x00 0x00 0x00 0x00 0x00 0x00 0x00 0x00 0x00 0x00 0x00 0x00 0x00 0x00 0x00 0x00 0x00 0x00 0x00 0x00 0x00 0x00 0x00 0x00 0x00 0x00 0x00 0x00 0x00 0x00 0x00 0x00 0x00 0x00 0x00 0x00 0x00 0x00 0x00 0x00 0x00 0x00 0x00 0x00 0x00 0x00 0x00 0x00 0x00 0x00 0x00 0x00 0x00 0x01 0x10 0x13 0xba 0xa8 0xc0
Traceback (most recent call last):
  File "/usr/local/lib/python3.6/dist-packages/ryu/ofproto/ofproto_parser.py", line 67, in msg
    msg = msg_parser(datapath, version, msg_type, msg_len, xid, buf)
  File "/usr/local/lib/python3.6/dist-packages/ryu/ofproto/ofproto_v1_3_parser.py", line 94, in msg_parser
    return parser(datapath, version, msg_type, msg_len, xid, buf)
  File "/usr/local/lib/python3.6/dist-packages/ryu/ofproto/ofproto_v1_3_parser.py", line 3947, in parser
    b = stats_type_cls.cls_stats_body_cls.parser(msg.buf, offset)
  File "/usr/local/lib/python3.6/dist-packages/ryu/ofproto/ofproto_v1_3_parser.py", line 4378, in parser
    stats.length = ofproto.OFP_PORT_STATS_SIZE
KeyboardInterrupt
Encountered an error while parsing OpenFlow packet from switch. This implies the switch sent a malformed OpenFlow packet. version 0x04 msg_type 19 msg_len 464 xid 2306003582 buf 0x04 0x13 0x01 0xd0 0x89 0x72 0xd2 0x7e 0x00 0x0d 0x00 0x00 0x00 0x00 0x00 0x00 0xff 0xff 0xff 0xfe 0x00 0x00 0x00 0x00 0xce 0x9f 0xc1 0x8a 0x37 0x4b 0x00 0x00 0x73 0x31 0x00 0x00 0x00 0x00 0x00 0x00 0x00 0x00 0x00 0x00 0x00 0x00 0x00 0x00 0x00 0x00 0x00 0x01 0x00 0x00 0x00 0x01 0x00 0x00 0x00 0x00 0x00 0x00 0x00 0x00 0x00 0x00 0x00 0x00 0x00 0x00 0x00 0x00 0x00 0x00 0x00 0x00 0x00 0x00 0x00 0x00 0x00 0x00 0x00 0x04 0x00 0x00 0x00 0x00 0xca 0x19 0xd1 0x6e 0x19 0x18 0x00 0x00 0x73 0x31 0x2d 0x65 0x74 0x68 0x34 0x00 0x00 0x00 0x00 0x00 0x00 0x00 0x00 0x00 0x00 0x00 0x00 0x00 0x00 0x00 0x00 0x04 0x00 0x00 0x08 0x40 0x00 0x00 0x00 0x00 0x00 0x00 0x00 0x00 0x00 0x00 0x00 0x00 0x00 0x98 0x96 0x80 0x00 0x00 0x00 0x00 0x00 0x00 0x00 0x01 0x00 0x00 0x00 0x00 0x72 0x63 0x50 0xae 0x1e 0xe7 0x00 0x00 0x73 0x31 0x2d 0x65 0x74 0x68 0x31 0x00 0x00 0x00 0x00 0x00 0x00 0x00 0x00 0x00 0x00 0x00 0x00 0x00 0x00 0x00 0x00 0x04 0x00 0x00 0x08 0x40 0x00 0x00 0x00 0x00 0x00 0x00 0x00 0x00 0x00 0x00 0x00 0x00 0x00 0x98 0x96 0x80 0x00 0x00 0x00 0x00 0x00 0x00 0x00 0x06 0x00 0x00 0x00 0x00 0xba 0xeb 0x45 0x7f 0xdf 0xf3 0x00 0x00 0x73 0x31 0x2d 0x65 0x74 0x68 0x36 0x00 0x00 0x00 0x00 0x00 0x00 0x00 0x00 0x00 0x00 0x00 0x00 0x00 0x00 0x00 0x00 0x04 0x00 0x00 0x08 0x40 0x00 0x00 0x00 0x00 0x00 0x00 0x00 0x00 0x00 0x00 0x00 0x00 0x00 0x98 0x96 0x80 0x00 0x00 0x00 0x00 0x00 0x00 0x00 0x02 0x00 0x00 0x00 0x00 0x5a 0xd5 0x9f 0x06 0x03 0xe1 0x00 0x00 0x73 0x31 0x2d 0x65 0x74 0x68 0x32 0x00 0x00 0x00 0x00 0x00 0x00 0x00 0x00 0x00 0x00 0x00 0x00 0x00 0x00 0x00 0x00 0x04 0x00 0x00 0x08 0x40 0x00 0x00 0x00 0x00 0x00 0x00 0x00 0x00 0x00 0x00 0x00 0x00 0x00 0x98 0x96 0x80 0x00 0x00 0x00 0x00 0x00 0x00 0x00 0x05 0x00 0x00 0x00 0x00 0x52 0x60 0x87 0xec 0x04 0x79 0x00 0x00 0x73 0x31 0x2d 0x65 0x74 0x68 0x35 0x00 0x00 0x00 0x00 0x00 0x00 0x00 0x00 0x00 0x00 0x00 0x00 0x00 0x00 0x00 0x00 0x04 0x00 0x00 0x08 0x40 0x00 0x00 0x00 0x00 0x00 0x00 0x00 0x00 0x00 0x00 0x00 0x00 0x00 0x98 0x96 0x80 0x00 0x00 0x00 0x00 0x00 0x00 0x00 0x03 0x00 0x00 0x00 0x00 0x9a 0x7e 0xbf 0xf4 0x47 0x27 0x00 0x00 0x73 0x31 0x2d 0x65 0x74 0x68 0x33 0x00 0x00 0x00 0x00 0x00 0x00 0x00 0x00 0x00 0x00 0x00 0x00 0x00 0x00 0x00 0x00 0x04 0x00 0x00 0x08 0x40 0x00 0x00 0x00 0x00 0x00 0x00 0x00 0x00 0x00 0x00 0x00 0x00 0x00 0x98 0x96 0x80 0x00 0x00 0x00 0x00
Traceback (most recent call last):
  File "/usr/local/lib/python3.6/dist-packages/ryu/ofproto/ofproto_parser.py", line 67, in msg
    msg = msg_parser(datapath, version, msg_type, msg_len, xid, buf)
  File "/usr/local/lib/python3.6/dist-packages/ryu/ofproto/ofproto_v1_3_parser.py", line 94, in msg_parser
    return parser(datapath, version, msg_type, msg_len, xid, buf)
  File "/usr/local/lib/python3.6/dist-packages/ryu/ofproto/ofproto_v1_3_parser.py", line 3947, in parser
    b = stats_type_cls.cls_stats_body_cls.parser(msg.buf, offset)
  File "/usr/local/lib/python3.6/dist-packages/ryu/ofproto/ofproto_v1_3_parser.py", line 2492, in parser
    port[i] = addrconv.mac.bin_to_text(port[i])
  File "/usr/local/lib/python3.6/dist-packages/ryu/lib/addrconv.py", line 41, in bin_to_text
    **self._addr_kwargs))
  File "/usr/local/lib/python3.6/dist-packages/netaddr/eui/__init__.py", line 389, in __init__
    self.value = addr
  File "/usr/local/lib/python3.6/dist-packages/netaddr/eui/__init__.py", line 450, in _set_value
    self._value = int(value)
KeyboardInterrupt
Encountered an error while parsing OpenFlow packet from switch. This implies the switch sent a malformed OpenFlow packet. version 0x04 msg_type 19 msg_len 464 xid 2306006428 buf 0x04 0x13 0x01 0xd0 0x89 0x72 0xdd 0x9c 0x00 0x0d 0x00 0x00 0x00 0x00 0x00 0x00 0xff 0xff 0xff 0xfe 0x00 0x00 0x00 0x00 0xce 0x9f 0xc1 0x8a 0x37 0x4b 0x00 0x00 0x73 0x31 0x00 0x00 0x00 0x00 0x00 0x00 0x00 0x00 0x00 0x00 0x00 0x00 0x00 0x00 0x00 0x00 0x00 0x01 0x00 0x00 0x00 0x01 0x00 0x00 0x00 0x00 0x00 0x00 0x00 0x00 0x00 0x00 0x00 0x00 0x00 0x00 0x00 0x00 0x00 0x00 0x00 0x00 0x00 0x00 0x00 0x00 0x00 0x00 0x00 0x04 0x00 0x00 0x00 0x00 0xca 0x19 0xd1 0x6e 0x19 0x18 0x00 0x00 0x73 0x31 0x2d 0x65 0x74 0x68 0x34 0x00 0x00 0x00 0x00 0x00 0x00 0x00 0x00 0x00 0x00 0x00 0x00 0x00 0x00 0x00 0x00 0x04 0x00 0x00 0x08 0x40 0x00 0x00 0x00 0x00 0x00 0x00 0x00 0x00 0x00 0x00 0x00 0x00 0x00 0x98 0x96 0x80 0x00 0x00 0x00 0x00 0x00 0x00 0x00 0x01 0x00 0x00 0x00 0x00 0x72 0x63 0x50 0xae 0x1e 0xe7 0x00 0x00 0x73 0x31 0x2d 0x65 0x74 0x68 0x31 0x00 0x00 0x00 0x00 0x00 0x00 0x00 0x00 0x00 0x00 0x00 0x00 0x00 0x00 0x00 0x00 0x04 0x00 0x00 0x08 0x40 0x00 0x00 0x00 0x00 0x00 0x00 0x00 0x00 0x00 0x00 0x00 0x00 0x00 0x98 0x96 0x80 0x00 0x00 0x00 0x00 0x00 0x00 0x00 0x06 0x00 0x00 0x00 0x00 0xba 0xeb 0x45 0x7f 0xdf 0xf3 0x00 0x00 0x73 0x31 0x2d 0x65 0x74 0x68 0x36 0x00 0x00 0x00 0x00 0x00 0x00 0x00 0x00 0x00 0x00 0x00 0x00 0x00 0x00 0x00 0x00 0x04 0x00 0x00 0x08 0x40 0x00 0x00 0x00 0x00 0x00 0x00 0x00 0x00 0x00 0x00 0x00 0x00 0x00 0x98 0x96 0x80 0x00 0x00 0x00 0x00 0x00 0x00 0x00 0x02 0x00 0x00 0x00 0x00 0x5a 0xd5 0x9f 0x06 0x03 0xe1 0x00 0x00 0x73 0x31 0x2d 0x65 0x74 0x68 0x32 0x00 0x00 0x00 0x00 0x00 0x00 0x00 0x00 0x00 0x00 0x00 0x00 0x00 0x00 0x00 0x00 0x04 0x00 0x00 0x08 0x40 0x00 0x00 0x00 0x00 0x00 0x00 0x00 0x00 0x00 0x00 0x00 0x00 0x00 0x98 0x96 0x80 0x00 0x00 0x00 0x00 0x00 0x00 0x00 0x05 0x00 0x00 0x00 0x00 0x52 0x60 0x87 0xec 0x04 0x79 0x00 0x00 0x73 0x31 0x2d 0x65 0x74 0x68 0x35 0x00 0x00 0x00 0x00 0x00 0x00 0x00 0x00 0x00 0x00 0x00 0x00 0x00 0x00 0x00 0x00 0x04 0x00 0x00 0x08 0x40 0x00 0x00 0x00 0x00 0x00 0x00 0x00 0x00 0x00 0x00 0x00 0x00 0x00 0x98 0x96 0x80 0x00 0x00 0x00 0x00 0x00 0x00 0x00 0x03 0x00 0x00 0x00 0x00 0x9a 0x7e 0xbf 0xf4 0x47 0x27 0x00 0x00 0x73 0x31 0x2d 0x65 0x74 0x68 0x33 0x00 0x00 0x00 0x00 0x00 0x00 0x00 0x00 0x00 0x00 0x00 0x00 0x00 0x00 0x00 0x00 0x04 0x00 0x00 0x08 0x40 0x00 0x00 0x00 0x00 0x00 0x00 0x00 0x00 0x00 0x00 0x00 0x00 0x00 0x98 0x96 0x80 0x00 0x00 0x00 0x00
Traceback (most recent call last):
  File "/usr/local/lib/python3.6/dist-packages/ryu/ofproto/ofproto_parser.py", line 67, in msg
    msg = msg_parser(datapath, version, msg_type, msg_len, xid, buf)
  File "/usr/local/lib/python3.6/dist-packages/ryu/ofproto/ofproto_v1_3_parser.py", line 94, in msg_parser
    return parser(datapath, version, msg_type, msg_len, xid, buf)
  File "/usr/local/lib/python3.6/dist-packages/ryu/ofproto/ofproto_v1_3_parser.py", line 3947, in parser
    b = stats_type_cls.cls_stats_body_cls.parser(msg.buf, offset)
  File "/usr/local/lib/python3.6/dist-packages/ryu/ofproto/ofproto_v1_3_parser.py", line 2492, in parser
    port[i] = addrconv.mac.bin_to_text(port[i])
  File "/usr/local/lib/python3.6/dist-packages/ryu/lib/addrconv.py", line 41, in bin_to_text
    **self._addr_kwargs))
  File "/usr/local/lib/python3.6/dist-packages/netaddr/eui/__init__.py", line 744, in __str__
    return self._module.int_to_str(self._value, self._dialect)
  File "/usr/local/lib/python3.6/dist-packages/netaddr/strategy/eui48.py", line 212, in int_to_str
    words = int_to_words(int_val, dialect)
  File "/usr/local/lib/python3.6/dist-packages/netaddr/strategy/eui48.py", line 257, in int_to_words
    return _int_to_words(int_val, dialect.word_size, dialect.num_words)
  File "/usr/local/lib/python3.6/dist-packages/netaddr/strategy/__init__.py", line 75, in int_to_words
    max_word = 2 ** word_size - 1
KeyboardInterrupt
Encountered an error while parsing OpenFlow packet from switch. This implies the switch sent a malformed OpenFlow packet. version 0x04 msg_type 19 msg_len 464 xid 2306006699 buf 0x04 0x13 0x01 0xd0 0x89 0x72 0xde 0xab 0x00 0x0d 0x00 0x00 0x00 0x00 0x00 0x00 0xff 0xff 0xff 0xfe 0x00 0x00 0x00 0x00 0xce 0x9f 0xc1 0x8a 0x37 0x4b 0x00 0x00 0x73 0x31 0x00 0x00 0x00 0x00 0x00 0x00 0x00 0x00 0x00 0x00 0x00 0x00 0x00 0x00 0x00 0x00 0x00 0x01 0x00 0x00 0x00 0x01 0x00 0x00 0x00 0x00 0x00 0x00 0x00 0x00 0x00 0x00 0x00 0x00 0x00 0x00 0x00 0x00 0x00 0x00 0x00 0x00 0x00 0x00 0x00 0x00 0x00 0x00 0x00 0x04 0x00 0x00 0x00 0x00 0xca 0x19 0xd1 0x6e 0x19 0x18 0x00 0x00 0x73 0x31 0x2d 0x65 0x74 0x68 0x34 0x00 0x00 0x00 0x00 0x00 0x00 0x00 0x00 0x00 0x00 0x00 0x00 0x00 0x00 0x00 0x00 0x04 0x00 0x00 0x08 0x40 0x00 0x00 0x00 0x00 0x00 0x00 0x00 0x00 0x00 0x00 0x00 0x00 0x00 0x98 0x96 0x80 0x00 0x00 0x00 0x00 0x00 0x00 0x00 0x01 0x00 0x00 0x00 0x00 0x72 0x63 0x50 0xae 0x1e 0xe7 0x00 0x00 0x73 0x31 0x2d 0x65 0x74 0x68 0x31 0x00 0x00 0x00 0x00 0x00 0x00 0x00 0x00 0x00 0x00 0x00 0x00 0x00 0x00 0x00 0x00 0x04 0x00 0x00 0x08 0x40 0x00 0x00 0x00 0x00 0x00 0x00 0x00 0x00 0x00 0x00 0x00 0x00 0x00 0x98 0x96 0x80 0x00 0x00 0x00 0x00 0x00 0x00 0x00 0x06 0x00 0x00 0x00 0x00 0xba 0xeb 0x45 0x7f 0xdf 0xf3 0x00 0x00 0x73 0x31 0x2d 0x65 0x74 0x68 0x36 0x00 0x00 0x00 0x00 0x00 0x00 0x00 0x00 0x00 0x00 0x00 0x00 0x00 0x00 0x00 0x00 0x04 0x00 0x00 0x08 0x40 0x00 0x00 0x00 0x00 0x00 0x00 0x00 0x00 0x00 0x00 0x00 0x00 0x00 0x98 0x96 0x80 0x00 0x00 0x00 0x00 0x00 0x00 0x00 0x02 0x00 0x00 0x00 0x00 0x5a 0xd5 0x9f 0x06 0x03 0xe1 0x00 0x00 0x73 0x31 0x2d 0x65 0x74 0x68 0x32 0x00 0x00 0x00 0x00 0x00 0x00 0x00 0x00 0x00 0x00 0x00 0x00 0x00 0x00 0x00 0x00 0x04 0x00 0x00 0x08 0x40 0x00 0x00 0x00 0x00 0x00 0x00 0x00 0x00 0x00 0x00 0x00 0x00 0x00 0x98 0x96 0x80 0x00 0x00 0x00 0x00 0x00 0x00 0x00 0x05 0x00 0x00 0x00 0x00 0x52 0x60 0x87 0xec 0x04 0x79 0x00 0x00 0x73 0x31 0x2d 0x65 0x74 0x68 0x35 0x00 0x00 0x00 0x00 0x00 0x00 0x00 0x00 0x00 0x00 0x00 0x00 0x00 0x00 0x00 0x00 0x04 0x00 0x00 0x08 0x40 0x00 0x00 0x00 0x00 0x00 0x00 0x00 0x00 0x00 0x00 0x00 0x00 0x00 0x98 0x96 0x80 0x00 0x00 0x00 0x00 0x00 0x00 0x00 0x03 0x00 0x00 0x00 0x00 0x9a 0x7e 0xbf 0xf4 0x47 0x27 0x00 0x00 0x73 0x31 0x2d 0x65 0x74 0x68 0x33 0x00 0x00 0x00 0x00 0x00 0x00 0x00 0x00 0x00 0x00 0x00 0x00 0x00 0x00 0x00 0x00 0x04 0x00 0x00 0x08 0x40 0x00 0x00 0x00 0x00 0x00 0x00 0x00 0x00 0x00 0x00 0x00 0x00 0x00 0x98 0x96 0x80 0x00 0x00 0x00 0x00
Traceback (most recent call last):
  File "/usr/local/lib/python3.6/dist-packages/ryu/ofproto/ofproto_parser.py", line 67, in msg
    msg = msg_parser(datapath, version, msg_type, msg_len, xid, buf)
  File "/usr/local/lib/python3.6/dist-packages/ryu/ofproto/ofproto_v1_3_parser.py", line 94, in msg_parser
    return parser(datapath, version, msg_type, msg_len, xid, buf)
  File "/usr/local/lib/python3.6/dist-packages/ryu/ofproto/ofproto_v1_3_parser.py", line 3947, in parser
    b = stats_type_cls.cls_stats_body_cls.parser(msg.buf, offset)
  File "/usr/local/lib/python3.6/dist-packages/ryu/ofproto/ofproto_v1_3_parser.py", line 2492, in parser
    port[i] = addrconv.mac.bin_to_text(port[i])
  File "/usr/local/lib/python3.6/dist-packages/ryu/lib/addrconv.py", line 41, in bin_to_text
    **self._addr_kwargs))
  File "/usr/local/lib/python3.6/dist-packages/netaddr/eui/__init__.py", line 744, in __str__
    return self._module.int_to_str(self._value, self._dialect)
  File "/usr/local/lib/python3.6/dist-packages/netaddr/strategy/eui48.py", line 213, in int_to_str
    tokens = [dialect.word_fmt % i for i in words]
KeyboardInterrupt
Encountered an error while parsing OpenFlow packet from switch. This implies the switch sent a malformed OpenFlow packet. version 0x04 msg_type 19 msg_len 192 xid 1193558720 buf 0x04 0x13 0x00 0xc0 0x47 0x24 0x42 0xc0 0x00 0x01 0x00 0x00 0x00 0x00 0x00 0x00 0x00 0x60 0x00 0x00 0x00 0x00 0x01 0x0f 0x0b 0x25 0x64 0xc0 0xff 0xff 0x00 0x00 0x00 0x00 0x00 0x00 0x00 0x00 0x00 0x00 0x00 0x00 0x00 0x00 0x00 0x00 0x00 0x00 0x00 0x00 0x00 0x00 0x00 0x00 0x02 0x4a 0x00 0x00 0x00 0x00 0x00 0x00 0x89 0x58 0x00 0x01 0x00 0x14 0x80 0x00 0x06 0x06 0x01 0x80 0xc2 0x00 0x00 0x0e 0x80 0x00 0x0a 0x02 0x88 0xcc 0x00 0x00 0x00 0x00 0x00 0x04 0x00 0x18 0x00 0x00 0x00 0x00 0x00 0x00 0x00 0x10 0xff 0xff 0xff 0xfd 0xff 0xff 0x00 0x00 0x00 0x00 0x00 0x00 0x00 0x50 0x00 0x00 0x00 0x00 0x01 0x0f 0x0b 0xfb 0x04 0x40 0x00 0x00 0x00 0x00 0x00 0x00 0x00 0x00 0x00 0x00 0x00 0x00 0x00 0x00 0x00 0x00 0x00 0x00 0x00 0x00 0x00 0x00 0x00 0x00 0x00 0x00 0x00 0x00 0x00 0x00 0x00 0x00 0x00 0x00 0x00 0x00 0x00 0x01 0x00 0x04 0x00 0x00 0x00 0x00 0x00 0x04 0x00 0x18 0x00 0x00 0x00 0x00 0x00 0x00 0x00 0x10 0xff 0xff 0xff 0xfd 0xff 0xff 0x00 0x00 0x00 0x00 0x00 0x00
Traceback (most recent call last):
  File "/usr/local/lib/python3.6/dist-packages/ryu/ofproto/ofproto_parser.py", line 67, in msg
    msg = msg_parser(datapath, version, msg_type, msg_len, xid, buf)
  File "/usr/local/lib/python3.6/dist-packages/ryu/ofproto/ofproto_v1_3_parser.py", line 94, in msg_parser
    return parser(datapath, version, msg_type, msg_len, xid, buf)
  File "/usr/local/lib/python3.6/dist-packages/ryu/ofproto/ofproto_v1_3_parser.py", line 3947, in parser
    b = stats_type_cls.cls_stats_body_cls.parser(msg.buf, offset)
  File "/usr/local/lib/python3.6/dist-packages/ryu/ofproto/ofproto_v1_3_parser.py", line 4075, in parser
    flow_stats.match = OFPMatch.parser(buf, offset)
  File "/usr/local/lib/python3.6/dist-packages/ryu/ofproto/ofproto_v1_3_parser.py", line 1310, in parser
    match = OFPMatch()
  File "/usr/local/lib/python3.6/dist-packages/ryu/ofproto/ofproto_v1_3_parser.py", line 893, in __init__
    (k, v) in kwargs.items())
  File "/usr/local/lib/python3.6/dist-packages/ryu/ofproto/ofproto_v1_3_parser.py", line 892, in <genexpr>
    kwargs = dict(ofproto.oxm_normalize_user(k, v) for
KeyboardInterrupt
hub: uncaught exception: Traceback (most recent call last):
  File "/usr/local/lib/python3.6/dist-packages/ryu/lib/hub.py", line 60, in _launch
    return func(*args, **kwargs)
  File "/usr/local/lib/python3.6/dist-packages/ryu/topology/switches.py", line 945, in lldp_loop
    hub.sleep(self.LLDP_SEND_GUARD)      # don't burst
  File "/usr/local/lib/python3.6/dist-packages/eventlet/greenthread.py", line 36, in sleep
    hub.switch()
  File "/usr/local/lib/python3.6/dist-packages/eventlet/hubs/hub.py", line 313, in switch
    return self.greenlet.switch()
KeyboardInterrupt

---> OFPPortStatus received: reason=MODIFY desc=OFPPort(port_no=1,hw_addr='12:f0:ea:29:5b:a2',name=b's5-eth1',config=0,state=0,curr=2112,advertised=0,supported=0,peer=0,curr_speed=10000000,max_speed=0)
---> OFPPortStatus received: reason=DELETE desc=OFPPort(port_no=1,hw_addr='12:f0:ea:29:5b:a2',name=b's5-eth1',config=0,state=0,curr=2112,advertised=0,supported=0,peer=0,curr_speed=10000000,max_speed=0)
---> OFPPortStatus received: reason=MODIFY desc=OFPPort(port_no=1,hw_addr='1a:dd:6b:f6:62:58',name=b's2-eth1',config=0,state=0,curr=2112,advertised=0,supported=0,peer=0,curr_speed=10000000,max_speed=0)
---> OFPPortStatus received: reason=DELETE desc=OFPPort(port_no=1,hw_addr='1a:dd:6b:f6:62:58',name=b's2-eth1',config=0,state=0,curr=2112,advertised=0,supported=0,peer=0,curr_speed=10000000,max_speed=0)
---> OFPPortStatus received: reason=MODIFY desc=OFPPort(port_no=2,hw_addr='fa:6c:34:58:1e:2a',name=b's5-eth2',config=0,state=0,curr=2112,advertised=0,supported=0,peer=0,curr_speed=10000000,max_speed=0)
---> OFPPortStatus received: reason=DELETE desc=OFPPort(port_no=2,hw_addr='fa:6c:34:58:1e:2a',name=b's5-eth2',config=0,state=0,curr=2112,advertised=0,supported=0,peer=0,curr_speed=10000000,max_speed=0)
---> OFPPortStatus received: reason=DELETE desc=OFPPort(port_no=3,hw_addr='ba:3a:53:d1:99:e3',name=b's5-eth3',config=0,state=4,curr=2112,advertised=0,supported=0,peer=0,curr_speed=10000000,max_speed=0)
---> OFPPortStatus received: reason=DELETE desc=OFPPort(port_no=1,hw_addr='4a:a2:43:49:33:a8',name=b's3-eth1',config=0,state=4,curr=2112,advertised=0,supported=0,peer=0,curr_speed=10000000,max_speed=0)
---> OFPPortStatus received: reason=DELETE desc=OFPPort(port_no=1,hw_addr='72:63:50:ae:1e:e7',name=b's1-eth1',config=0,state=4,curr=2112,advertised=0,supported=0,peer=0,curr_speed=10000000,max_speed=0)
---> OFPPortStatus received: reason=DELETE desc=OFPPort(port_no=2,hw_addr='ea:81:0f:8e:7f:87',name=b's2-eth2',config=0,state=4,curr=2112,advertised=0,supported=0,peer=0,curr_speed=10000000,max_speed=0)
---> OFPPortStatus received: reason=DELETE desc=OFPPort(port_no=2,hw_addr='5a:d5:9f:06:03:e1',name=b's1-eth2',config=0,state=4,curr=2112,advertised=0,supported=0,peer=0,curr_speed=10000000,max_speed=0)
---> OFPPortStatus received: reason=DELETE desc=OFPPort(port_no=2,hw_addr='ae:27:d7:e0:67:bb',name=b's3-eth2',config=0,state=4,curr=2112,advertised=0,supported=0,peer=0,curr_speed=10000000,max_speed=0)
---> OFPPortStatus received: reason=DELETE desc=OFPPort(port_no=1,hw_addr='6e:36:34:86:69:e3',name=b's4-eth1',config=0,state=4,curr=2112,advertised=0,supported=0,peer=0,curr_speed=10000000,max_speed=0)
---> OFPPortStatus received: reason=DELETE desc=OFPPort(port_no=3,hw_addr='9a:7e:bf:f4:47:27',name=b's1-eth3',config=0,state=4,curr=2112,advertised=0,supported=0,peer=0,curr_speed=10000000,max_speed=0)
---> OFPPortStatus received: reason=DELETE desc=OFPPort(port_no=4,hw_addr='ca:49:ea:a1:3c:62',name=b's5-eth4',config=0,state=4,curr=2112,advertised=0,supported=0,peer=0,curr_speed=10000000,max_speed=0)
---> OFPPortStatus received: reason=DELETE desc=OFPPort(port_no=2,hw_addr='02:73:6b:bf:76:39',name=b's4-eth2',config=0,state=4,curr=2112,advertised=0,supported=0,peer=0,curr_speed=10000000,max_speed=0)
---> OFPPortStatus received: reason=DELETE desc=OFPPort(port_no=4,hw_addr='ca:19:d1:6e:19:18',name=b's1-eth4',config=0,state=4,curr=2112,advertised=0,supported=0,peer=0,curr_speed=10000000,max_speed=0)
---> OFPPortStatus received: reason=DELETE desc=OFPPort(port_no=5,hw_addr='52:60:87:ec:04:79',name=b's1-eth5',config=0,state=4,curr=2112,advertised=0,supported=0,peer=0,curr_speed=10000000,max_speed=0)
---> OFPPortStatus received: reason=DELETE desc=OFPPort(port_no=6,hw_addr='ba:eb:45:7f:df:f3',name=b's1-eth6',config=0,state=4,curr=2112,advertised=0,supported=0,peer=0,curr_speed=10000000,max_speed=0)
monitor---> unreigster datapath: 0000000000000004
hub: uncaught exception: Traceback (most recent call last):
  File "/usr/local/lib/python3.6/dist-packages/ryu/lib/hub.py", line 60, in _launch
    return func(*args, **kwargs)
  File "/home/terry/LJQ/LJQ_CORE_CODE/LJQ_Project/Task/ryu/network_shortest_path.py", line 69, in super_schedule
    self.network_delay.scheduler()
  File "/home/terry/LJQ/LJQ_CORE_CODE/LJQ_Project/Task/ryu/network_monitor.py", line 63, in scheduler
    self._request_stats()
  File "/home/terry/LJQ/LJQ_CORE_CODE/LJQ_Project/Task/ryu/network_monitor.py", line 91, in _request_stats
    for datapath in self.datapaths_table.values():
RuntimeError: dictionary changed size during iteration

monitor---> unreigster datapath: 0000000000000001
monitor---> unreigster datapath: 0000000000000003
monitor---> unreigster datapath: 0000000000000005
monitor---> unreigster datapath: 0000000000000002
