loading app network_structure.py
loading app network_monitor.py
loading app network_delay.py
loading app network_shortest_path.py
loading app arp_handler.py
loading app ryu.controller.ofp_handler
instantiating app None of Switches
creating context switches
instantiating app network_structure.py of NetworkStructure
instantiating app network_monitor.py of NetworkMonitor
instantiating app network_delay.py of NetworkDelay
instantiating app network_shortest_path.py of NetworkShortestPath
instantiating app arp_handler.py of ArpHandler
instantiating app ryu.controller.ofp_handler of OFPHandler
discovery---> switch: 4 connected
discovery---> switch: 1 connected
discovery---> switch: 5 connected
discovery---> switch: 2 connected
discovery---> switch: 3 connected
monitor---->register datapath: 0000000000000004
monitor---->register datapath: 0000000000000005
monitor---->register datapath: 0000000000000002
monitor---->register datapath: 0000000000000001
monitor---->register datapath: 0000000000000003
discovery--->==================================== discovery ====================================
discovery---> cls: [(4, 1), (4, 5), (1, 2), (1, 3), (5, 2), (5, 3)]
discovery--->==============================
discovery--->==================================== discovery ====================================
discovery---> cls: [(4, 1), (4, 5), (1, 2), (1, 3), (5, 2), (5, 3)]
discovery--->==============================
discovery--->==================================== discovery ====================================
discovery---> cls: [(4, 1), (4, 5), (1, 2), (1, 3), (5, 2), (5, 3)]
discovery--->==============================
discovery--->==================================== discovery ====================================
discovery---> cls: [(4, 1), (4, 5), (1, 2), (1, 3), (5, 2), (5, 3)]
discovery--->==============================
Encountered an error while parsing OpenFlow packet from switch. This implies the switch sent a malformed OpenFlow packet. version 0x04 msg_type 19 msg_len 192 xid 1335578301 buf 0x04 0x13 0x00 0xc0 0x4f 0x9b 0x4e 0xbd 0x00 0x01 0x00 0x00 0x00 0x00 0x00 0x00 0x00 0x60 0x00 0x00 0x00 0x00 0x00 0x15 0x3a 0x97 0x63 0xc0 0xff 0xff 0x00 0x00 0x00 0x00 0x00 0x00 0x00 0x00 0x00 0x00 0x00 0x00 0x00 0x00 0x00 0x00 0x00 0x00 0x00 0x00 0x00 0x00 0x00 0x00 0x00 0x47 0x00 0x00 0x00 0x00 0x00 0x00 0x10 0xa4 0x00 0x01 0x00 0x14 0x80 0x00 0x06 0x06 0x01 0x80 0xc2 0x00 0x00 0x0e 0x80 0x00 0x0a 0x02 0x88 0xcc 0x00 0x00 0x00 0x00 0x00 0x04 0x00 0x18 0x00 0x00 0x00 0x00 0x00 0x00 0x00 0x10 0xff 0xff 0xff 0xfd 0xff 0xff 0x00 0x00 0x00 0x00 0x00 0x00 0x00 0x50 0x00 0x00 0x00 0x00 0x00 0x15 0x3a 0xc5 0x2a 0x80 0x00 0x00 0x00 0x00 0x00 0x00 0x00 0x00 0x00 0x00 0x00 0x00 0x00 0x00 0x00 0x00 0x00 0x00 0x00 0x00 0x00 0x00 0x00 0x00 0x00 0x00 0x00 0x02 0x00 0x00 0x00 0x00 0x00 0x00 0x00 0x8c 0x00 0x01 0x00 0x04 0x00 0x00 0x00 0x00 0x00 0x04 0x00 0x18 0x00 0x00 0x00 0x00 0x00 0x00 0x00 0x10 0xff 0xff 0xff 0xfd 0xff 0xff 0x00 0x00 0x00 0x00 0x00 0x00
Traceback (most recent call last):
  File "/usr/local/lib/python3.6/dist-packages/ryu/ofproto/ofproto_parser.py", line 67, in msg
    msg = msg_parser(datapath, version, msg_type, msg_len, xid, buf)
  File "/usr/local/lib/python3.6/dist-packages/ryu/ofproto/ofproto_v1_3_parser.py", line 94, in msg_parser
    return parser(datapath, version, msg_type, msg_len, xid, buf)
  File "/usr/local/lib/python3.6/dist-packages/ryu/ofproto/ofproto_v1_3_parser.py", line 3947, in parser
    b = stats_type_cls.cls_stats_body_cls.parser(msg.buf, offset)
  File "/usr/local/lib/python3.6/dist-packages/ryu/ofproto/ofproto_v1_3_parser.py", line 4076, in parser
    match_length = utils.round_up(flow_stats.match.length, 8)
  File "/usr/local/lib/python3.6/dist-packages/ryu/utils.py", line 112, in round_up
    return ((x + y - 1) // y) * y
KeyboardInterrupt
Encountered an error while parsing OpenFlow packet from switch. This implies the switch sent a malformed OpenFlow packet. version 0x04 msg_type 19 msg_len 208 xid 744870839 buf 0x04 0x13 0x00 0xd0 0x2c 0x65 0xd3 0xb7 0x00 0x0d 0x00 0x00 0x00 0x00 0x00 0x00 0xff 0xff 0xff 0xfe 0x00 0x00 0x00 0x00 0xfa 0xbb 0xa3 0x38 0x64 0x4e 0x00 0x00 0x73 0x33 0x00 0x00 0x00 0x00 0x00 0x00 0x00 0x00 0x00 0x00 0x00 0x00 0x00 0x00 0x00 0x00 0x00 0x01 0x00 0x00 0x00 0x01 0x00 0x00 0x00 0x00 0x00 0x00 0x00 0x00 0x00 0x00 0x00 0x00 0x00 0x00 0x00 0x00 0x00 0x00 0x00 0x00 0x00 0x00 0x00 0x00 0x00 0x00 0x00 0x01 0x00 0x00 0x00 0x00 0x1e 0xfc 0xd7 0x11 0x0b 0x3c 0x00 0x00 0x73 0x33 0x2d 0x65 0x74 0x68 0x31 0x00 0x00 0x00 0x00 0x00 0x00 0x00 0x00 0x00 0x00 0x00 0x00 0x00 0x00 0x00 0x00 0x04 0x00 0x00 0x08 0x40 0x00 0x00 0x00 0x00 0x00 0x00 0x00 0x00 0x00 0x00 0x00 0x00 0x00 0x98 0x96 0x80 0x00 0x00 0x00 0x00 0x00 0x00 0x00 0x02 0x00 0x00 0x00 0x00 0x36 0xbd 0x5b 0x56 0x1a 0xe9 0x00 0x00 0x73 0x33 0x2d 0x65 0x74 0x68 0x32 0x00 0x00 0x00 0x00 0x00 0x00 0x00 0x00 0x00 0x00 0x00 0x00 0x00 0x00 0x00 0x00 0x04 0x00 0x00 0x08 0x40 0x00 0x00 0x00 0x00 0x00 0x00 0x00 0x00 0x00 0x00 0x00 0x00 0x00 0x98 0x96 0x80 0x00 0x00 0x00 0x00
Traceback (most recent call last):
  File "/usr/local/lib/python3.6/dist-packages/ryu/ofproto/ofproto_parser.py", line 67, in msg
    msg = msg_parser(datapath, version, msg_type, msg_len, xid, buf)
  File "/usr/local/lib/python3.6/dist-packages/ryu/ofproto/ofproto_v1_3_parser.py", line 94, in msg_parser
    return parser(datapath, version, msg_type, msg_len, xid, buf)
  File "/usr/local/lib/python3.6/dist-packages/ryu/ofproto/ofproto_v1_3_parser.py", line 3947, in parser
    b = stats_type_cls.cls_stats_body_cls.parser(msg.buf, offset)
  File "/usr/local/lib/python3.6/dist-packages/ryu/ofproto/ofproto_v1_3_parser.py", line 2492, in parser
    port[i] = addrconv.mac.bin_to_text(port[i])
  File "/usr/local/lib/python3.6/dist-packages/ryu/lib/addrconv.py", line 41, in bin_to_text
    **self._addr_kwargs))
  File "/usr/local/lib/python3.6/dist-packages/netaddr/eui/__init__.py", line 359, in __init__
    super(EUI, self).__init__()
  File "/usr/local/lib/python3.6/dist-packages/netaddr/eui/__init__.py", line 23, in __init__
    def __init__(self):
KeyboardInterrupt
discovery--->==================================== discovery ====================================
discovery---> cls: [(4, 1), (4, 5), (1, 2), (1, 3), (5, 2), (5, 3)]
discovery--->==============================
---> OFPPortStatus received: reason=MODIFY desc=OFPPort(port_no=1,hw_addr='86:f9:95:2a:10:32',name=b's5-eth1',config=0,state=0,curr=2112,advertised=0,supported=0,peer=0,curr_speed=10000000,max_speed=0)
---> OFPPortStatus received: reason=DELETE desc=OFPPort(port_no=1,hw_addr='86:f9:95:2a:10:32',name=b's5-eth1',config=0,state=0,curr=2112,advertised=0,supported=0,peer=0,curr_speed=10000000,max_speed=0)
---> OFPPortStatus received: reason=DELETE desc=OFPPort(port_no=2,hw_addr='6a:c5:15:e7:72:4b',name=b's5-eth2',config=0,state=4,curr=2112,advertised=0,supported=0,peer=0,curr_speed=10000000,max_speed=0)
---> OFPPortStatus received: reason=DELETE desc=OFPPort(port_no=1,hw_addr='42:48:b2:38:1f:79',name=b's2-eth1',config=0,state=4,curr=2112,advertised=0,supported=0,peer=0,curr_speed=10000000,max_speed=0)
---> OFPPortStatus received: reason=DELETE desc=OFPPort(port_no=1,hw_addr='1e:fc:d7:11:0b:3c',name=b's3-eth1',config=0,state=4,curr=2112,advertised=0,supported=0,peer=0,curr_speed=10000000,max_speed=0)
---> OFPPortStatus received: reason=DELETE desc=OFPPort(port_no=3,hw_addr='5a:2b:cc:72:db:4c',name=b's5-eth3',config=0,state=4,curr=2112,advertised=0,supported=0,peer=0,curr_speed=10000000,max_speed=0)
---> OFPPortStatus received: reason=DELETE desc=OFPPort(port_no=1,hw_addr='2e:ce:12:4b:7d:fe',name=b's1-eth1',config=0,state=4,curr=2112,advertised=0,supported=0,peer=0,curr_speed=10000000,max_speed=0)
---> OFPPortStatus received: reason=DELETE desc=OFPPort(port_no=2,hw_addr='62:15:30:77:2b:4f',name=b's2-eth2',config=0,state=4,curr=2112,advertised=0,supported=0,peer=0,curr_speed=10000000,max_speed=0)
---> OFPPortStatus received: reason=DELETE desc=OFPPort(port_no=2,hw_addr='da:d3:7b:0f:98:a4',name=b's1-eth2',config=0,state=4,curr=2112,advertised=0,supported=0,peer=0,curr_speed=10000000,max_speed=0)
---> OFPPortStatus received: reason=DELETE desc=OFPPort(port_no=2,hw_addr='36:bd:5b:56:1a:e9',name=b's3-eth2',config=0,state=4,curr=2112,advertised=0,supported=0,peer=0,curr_speed=10000000,max_speed=0)
---> OFPPortStatus received: reason=DELETE desc=OFPPort(port_no=1,hw_addr='ca:be:ab:fe:75:14',name=b's4-eth1',config=0,state=4,curr=2112,advertised=0,supported=0,peer=0,curr_speed=10000000,max_speed=0)
---> OFPPortStatus received: reason=DELETE desc=OFPPort(port_no=3,hw_addr='9e:85:3d:a3:be:5f',name=b's1-eth3',config=0,state=4,curr=2112,advertised=0,supported=0,peer=0,curr_speed=10000000,max_speed=0)
---> OFPPortStatus received: reason=DELETE desc=OFPPort(port_no=2,hw_addr='0e:61:43:c5:af:0b',name=b's4-eth2',config=0,state=4,curr=2112,advertised=0,supported=0,peer=0,curr_speed=10000000,max_speed=0)
---> OFPPortStatus received: reason=DELETE desc=OFPPort(port_no=4,hw_addr='26:c7:86:78:be:55',name=b's5-eth4',config=0,state=4,curr=2112,advertised=0,supported=0,peer=0,curr_speed=10000000,max_speed=0)
---> OFPPortStatus received: reason=MODIFY desc=OFPPort(port_no=4,hw_addr='b6:c6:b0:50:a1:cb',name=b's1-eth4',config=0,state=0,curr=2112,advertised=0,supported=0,peer=0,curr_speed=10000000,max_speed=0)
---> OFPPortStatus received: reason=DELETE desc=OFPPort(port_no=4,hw_addr='b6:c6:b0:50:a1:cb',name=b's1-eth4',config=0,state=0,curr=2112,advertised=0,supported=0,peer=0,curr_speed=10000000,max_speed=0)
---> OFPPortStatus received: reason=DELETE desc=OFPPort(port_no=5,hw_addr='c2:7c:dc:66:40:52',name=b's1-eth5',config=0,state=4,curr=2112,advertised=0,supported=0,peer=0,curr_speed=10000000,max_speed=0)
---> OFPPortStatus received: reason=DELETE desc=OFPPort(port_no=6,hw_addr='aa:56:41:41:9c:5a',name=b's1-eth6',config=0,state=4,curr=2112,advertised=0,supported=0,peer=0,curr_speed=10000000,max_speed=0)
monitor---> unreigster datapath: 0000000000000004
hub: uncaught exception: Traceback (most recent call last):
  File "/usr/local/lib/python3.6/dist-packages/ryu/lib/hub.py", line 60, in _launch
    return func(*args, **kwargs)
  File "/home/terry/LJQ/LJQ_CORE_CODE/LJQ_Project/Task/ryu/network_shortest_path.py", line 69, in super_schedule
    self.network_monitor.scheduler()
  File "/home/terry/LJQ/LJQ_CORE_CODE/LJQ_Project/Task/ryu/network_monitor.py", line 63, in scheduler
    self._request_stats()
  File "/home/terry/LJQ/LJQ_CORE_CODE/LJQ_Project/Task/ryu/network_monitor.py", line 91, in _request_stats
    for datapath in self.datapaths_table.values():
RuntimeError: dictionary changed size during iteration

monitor---> unreigster datapath: 0000000000000001
monitor---> unreigster datapath: 0000000000000003
monitor---> unreigster datapath: 0000000000000005
monitor---> unreigster datapath: 0000000000000002
