loading app network_structure.py
loading app network_monitor.py
loading app network_delay.py
loading app network_shortest_path.py
loading app arp_handler.py
loading app ryu.controller.ofp_handler
instantiating app None of Switches
creating context switches
instantiating app network_structure.py of NetworkStructure
instantiating app network_monitor.py of NetworkMonitor
instantiating app network_delay.py of NetworkDelay
instantiating app network_shortest_path.py of NetworkShortestPath
instantiating app arp_handler.py of ArpHandler
instantiating app ryu.controller.ofp_handler of OFPHandler
discovery---> switch: 1 connected
discovery---> switch: 3 connected
discovery---> switch: 5 connected
discovery---> switch: 2 connected
discovery---> switch: 4 connected
monitor---->register datapath: 0000000000000002
monitor---->register datapath: 0000000000000003
monitor---->register datapath: 0000000000000001
monitor---->register datapath: 0000000000000005
monitor---->register datapath: 0000000000000004
discovery--->==================================== discovery ====================================
discovery---> cls: [(1, 4), (1, 3), (1, 2), (4, 5), (5, 3), (5, 2)]
discovery--->==============================
datapath         port     rx-pkts  rx-bytes rx-error tx-pkts  tx-bytes tx-error
---------------- -------- -------- -------- -------- -------- -------- --------
0000000000000002        1        6      360        0        5      300        0
0000000000000002        2        6      360        0        6      360        0
datapath         in-port  eth-dst           out-port packets  bytes
---------------- -------- ----------------- -------- -------- --------
datapath         port     rx-pkts  rx-bytes rx-error tx-pkts  tx-bytes tx-error
---------------- -------- -------- -------- -------- -------- -------- --------
0000000000000005        1        6      360        0        6      360        0
0000000000000005        2        5      300        0        6      360        0
0000000000000005        3        6      360        0        6      360        0
0000000000000005        4        9      766        0        6      360        0
datapath         in-port  eth-dst           out-port packets  bytes
---------------- -------- ----------------- -------- -------- --------
datapath         port     rx-pkts  rx-bytes rx-error tx-pkts  tx-bytes tx-error
---------------- -------- -------- -------- -------- -------- -------- --------
0000000000000004        1        6      360        0        6      360        0
0000000000000004        2        6      360        0        6      360        0
datapath         in-port  eth-dst           out-port packets  bytes
---------------- -------- ----------------- -------- -------- --------
datapath         port     rx-pkts  rx-bytes rx-error tx-pkts  tx-bytes tx-error
---------------- -------- -------- -------- -------- -------- -------- --------
0000000000000003        1        6      360        0        5      300        0
0000000000000003        2        6      360        0        5      300        0
datapath         in-port  eth-dst           out-port packets  bytes
---------------- -------- ----------------- -------- -------- --------
datapath         port     rx-pkts  rx-bytes rx-error tx-pkts  tx-bytes tx-error
---------------- -------- -------- -------- -------- -------- -------- --------
0000000000000001        1        5      300        0        6      360        0
0000000000000001        2        5      300        0        6      360        0
0000000000000001        3        6      360        0        6      360        0
0000000000000001        4        8      676        0        5      300        0
0000000000000001        5        8      676        0        6      360        0
0000000000000001        6        8      676        0        6      360        0
datapath         in-port  eth-dst           out-port packets  bytes
---------------- -------- ----------------- -------- -------- --------
==================================== link detector ====================================

----------------------------
src    dst :    delay
1 <---> 4 : 0.003519296646118164
1 <---> 3 : 0.003626108169555664
1 <---> 2 : 0.003533601760864258
5 <---> 4 : 0.00360107421875
5 <---> 3 : 0.0035283565521240234
5 <---> 2 : 0.0035507678985595703
3 <---> 1 : 0.003555774688720703
3 <---> 5 : 0.00376129150390625
2 <---> 1 : 0.0035834312438964844
2 <---> 5 : 0.0035643577575683594
4 <---> 1 : 0.003534078598022461
4 <---> 5 : 0.0036346912384033203
discovery--->==================================== discovery ====================================
discovery---> cls: [(1, 4), (1, 3), (1, 2), (4, 5), (5, 3), (5, 2)]
discovery--->==============================
datapath         port     rx-pkts  rx-bytes rx-error tx-pkts  tx-bytes tx-error
---------------- -------- -------- -------- -------- -------- -------- --------
0000000000000001        1       11      660        0       12      720        0
0000000000000001        2       11      660        0       12      720        0
0000000000000001        3       12      720        0       11      660        0
0000000000000001        4        9      746        0       11      660        0
0000000000000001        5        9      746        0       11      660        0
0000000000000001        6        9      746        0       11      660        0
datapath         in-port  eth-dst           out-port packets  bytes
---------------- -------- ----------------- -------- -------- --------
datapath         port     rx-pkts  rx-bytes rx-error tx-pkts  tx-bytes tx-error
---------------- -------- -------- -------- -------- -------- -------- --------
0000000000000002        1       12      720        0       11      660        0
0000000000000002        2       12      720        0       12      720        0
datapath         in-port  eth-dst           out-port packets  bytes
---------------- -------- ----------------- -------- -------- --------
datapath         port     rx-pkts  rx-bytes rx-error tx-pkts  tx-bytes tx-error
---------------- -------- -------- -------- -------- -------- -------- --------
0000000000000005        1       12      720        0       12      720        0
0000000000000005        2       11      660        0       12      720        0
0000000000000005        3       12      720        0       12      720        0
0000000000000005        4       10      836        0       12      720        0
datapath         in-port  eth-dst           out-port packets  bytes
---------------- -------- ----------------- -------- -------- --------
datapath         port     rx-pkts  rx-bytes rx-error tx-pkts  tx-bytes tx-error
---------------- -------- -------- -------- -------- -------- -------- --------
0000000000000003        1       12      720        0       11      660        0
0000000000000003        2       12      720        0       11      660        0
datapath         in-port  eth-dst           out-port packets  bytes
---------------- -------- ----------------- -------- -------- --------
datapath         port     rx-pkts  rx-bytes rx-error tx-pkts  tx-bytes tx-error
---------------- -------- -------- -------- -------- -------- -------- --------
0000000000000004        1       11      660        0       12      720        0
0000000000000004        2       12      720        0       12      720        0
datapath         in-port  eth-dst           out-port packets  bytes
---------------- -------- ----------------- -------- -------- --------
==================================== link detector ====================================

----------------------------
src    dst :    delay
1 <---> 4 : 0.002680540084838867
1 <---> 3 : 0.0035469532012939453
1 <---> 2 : 0.0035953521728515625
5 <---> 4 : 0.0035033226013183594
5 <---> 3 : 0.003612041473388672
5 <---> 2 : 0.0034012794494628906
3 <---> 1 : 0.003658294677734375
3 <---> 5 : 0.0038280487060546875
2 <---> 1 : 0.0034570693969726562
2 <---> 5 : 0.004060268402099609
4 <---> 1 : 0.0040705204010009766
4 <---> 5 : 0.003609895706176758
discovery--->==================================== discovery ====================================
discovery---> cls: [(1, 4), (1, 3), (1, 2), (4, 5), (5, 3), (5, 2)]
discovery--->==============================
datapath         port     rx-pkts  rx-bytes rx-error tx-pkts  tx-bytes tx-error
---------------- -------- -------- -------- -------- -------- -------- --------
0000000000000005        1       18     1080        0       17     1020        0
0000000000000005        2       17     1020        0       18     1080        0
0000000000000005        3       18     1080        0       17     1020        0
0000000000000005        4       10      836        0       17     1020        0
datapath         in-port  eth-dst           out-port packets  bytes
---------------- -------- ----------------- -------- -------- --------
datapath         port     rx-pkts  rx-bytes rx-error tx-pkts  tx-bytes tx-error
---------------- -------- -------- -------- -------- -------- -------- --------
0000000000000002        1       18     1080        0       17     1020        0
0000000000000002        2       17     1020        0       18     1080        0
datapath         in-port  eth-dst           out-port packets  bytes
---------------- -------- ----------------- -------- -------- --------
datapath         port     rx-pkts  rx-bytes rx-error tx-pkts  tx-bytes tx-error
---------------- -------- -------- -------- -------- -------- -------- --------
0000000000000003        1       18     1080        0       17     1020        0
0000000000000003        2       18     1080        0       17     1020        0
datapath         in-port  eth-dst           out-port packets  bytes
---------------- -------- ----------------- -------- -------- --------
datapath         port     rx-pkts  rx-bytes rx-error tx-pkts  tx-bytes tx-error
---------------- -------- -------- -------- -------- -------- -------- --------
0000000000000004        1       17     1020        0       18     1080        0
0000000000000004        2       17     1020        0       18     1080        0
datapath         in-port  eth-dst           out-port packets  bytes
---------------- -------- ----------------- -------- -------- --------
datapath         port     rx-pkts  rx-bytes rx-error tx-pkts  tx-bytes tx-error
---------------- -------- -------- -------- -------- -------- -------- --------
0000000000000001        1       17     1020        0       18     1080        0
0000000000000001        2       17     1020        0       18     1080        0
0000000000000001        3       18     1080        0       17     1020        0
0000000000000001        4        9      746        0       17     1020        0
0000000000000001        5        9      746        0       17     1020        0
0000000000000001        6        9      746        0       17     1020        0
datapath         in-port  eth-dst           out-port packets  bytes
---------------- -------- ----------------- -------- -------- --------
==================================== link detector ====================================

----------------------------
src    dst :    delay
1 <---> 4 : 0.0037717819213867188
1 <---> 3 : 0.0037949085235595703
1 <---> 2 : 0.003518342971801758
5 <---> 4 : 0.001959562301635742
5 <---> 3 : 0.0036225318908691406
5 <---> 2 : 0.003545999526977539
3 <---> 1 : 0.0036771297454833984
3 <---> 5 : 0.0038805007934570312
2 <---> 1 : 0.003801584243774414
2 <---> 5 : 0.0038492679595947266
4 <---> 1 : 0.003879070281982422
4 <---> 5 : 0.0038177967071533203
discovery--->==================================== discovery ====================================
discovery---> cls: [(1, 4), (1, 3), (1, 2), (4, 5), (5, 3), (5, 2)]
discovery--->==============================
datapath         port     rx-pkts  rx-bytes rx-error tx-pkts  tx-bytes tx-error
---------------- -------- -------- -------- -------- -------- -------- --------
0000000000000002        1       23     1380        0       23     1380        0
0000000000000002        2       23     1380        0       24     1440        0
datapath         in-port  eth-dst           out-port packets  bytes
---------------- -------- ----------------- -------- -------- --------
datapath         port     rx-pkts  rx-bytes rx-error tx-pkts  tx-bytes tx-error
---------------- -------- -------- -------- -------- -------- -------- --------
0000000000000005        1       24     1440        0       23     1380        0
0000000000000005        2       23     1380        0       24     1440        0
0000000000000005        3       24     1440        0       23     1380        0
0000000000000005        4       10      836        0       23     1380        0
datapath         in-port  eth-dst           out-port packets  bytes
---------------- -------- ----------------- -------- -------- --------
datapath         port     rx-pkts  rx-bytes rx-error tx-pkts  tx-bytes tx-error
---------------- -------- -------- -------- -------- -------- -------- --------
0000000000000004        1       23     1380        0       24     1440        0
0000000000000004        2       23     1380        0       24     1440        0
datapath         in-port  eth-dst           out-port packets  bytes
---------------- -------- ----------------- -------- -------- --------
datapath         port     rx-pkts  rx-bytes rx-error tx-pkts  tx-bytes tx-error
---------------- -------- -------- -------- -------- -------- -------- --------
0000000000000001        1       23     1380        0       23     1380        0
0000000000000001        2       23     1380        0       24     1440        0
0000000000000001        3       24     1440        0       23     1380        0
0000000000000001        4        9      746        0       23     1380        0
0000000000000001        5        9      746        0       23     1380        0
0000000000000001        6        9      746        0       23     1380        0
datapath         in-port  eth-dst           out-port packets  bytes
---------------- -------- ----------------- -------- -------- --------
datapath         port     rx-pkts  rx-bytes rx-error tx-pkts  tx-bytes tx-error
---------------- -------- -------- -------- -------- -------- -------- --------
0000000000000003        1       24     1440        0       23     1380        0
0000000000000003        2       24     1440        0       23     1380        0
datapath         in-port  eth-dst           out-port packets  bytes
---------------- -------- ----------------- -------- -------- --------
==================================== link detector ====================================

----------------------------
src    dst :    delay
1 <---> 4 : 0.0036911964416503906
1 <---> 3 : 0.004036903381347656
1 <---> 2 : 0.0038633346557617188
5 <---> 4 : 0.0036818981170654297
5 <---> 3 : 0.003961086273193359
5 <---> 2 : 0.003660917282104492
3 <---> 1 : 0.0035626888275146484
3 <---> 5 : 0.0041217803955078125
2 <---> 1 : 0.003835916519165039
2 <---> 5 : 0.003809690475463867
4 <---> 1 : 0.004258155822753906
4 <---> 5 : 0.003908872604370117
discovery--->==================================== discovery ====================================
discovery---> cls: [(1, 4), (1, 3), (1, 2), (4, 5), (5, 3), (5, 2)]
discovery--->==============================
datapath         port     rx-pkts  rx-bytes rx-error tx-pkts  tx-bytes tx-error
---------------- -------- -------- -------- -------- -------- -------- --------
0000000000000002        1       29     1740        0       29     1740        0
0000000000000002        2       29     1740        0       29     1740        0
datapath         in-port  eth-dst           out-port packets  bytes
---------------- -------- ----------------- -------- -------- --------
datapath         port     rx-pkts  rx-bytes rx-error tx-pkts  tx-bytes tx-error
---------------- -------- -------- -------- -------- -------- -------- --------
0000000000000003        1       30     1800        0       29     1740        0
0000000000000003        2       30     1800        0       29     1740        0
datapath         in-port  eth-dst           out-port packets  bytes
---------------- -------- ----------------- -------- -------- --------
datapath         port     rx-pkts  rx-bytes rx-error tx-pkts  tx-bytes tx-error
---------------- -------- -------- -------- -------- -------- -------- --------
0000000000000005        1       29     1740        0       29     1740        0
0000000000000005        2       29     1740        0       30     1800        0
0000000000000005        3       29     1740        0       29     1740        0
0000000000000005        4       10      836        0       29     1740        0
datapath         in-port  eth-dst           out-port packets  bytes
---------------- -------- ----------------- -------- -------- --------
datapath         port     rx-pkts  rx-bytes rx-error tx-pkts  tx-bytes tx-error
---------------- -------- -------- -------- -------- -------- -------- --------
0000000000000001        1       29     1740        0       29     1740        0
0000000000000001        2       29     1740        0       30     1800        0
0000000000000001        3       29     1740        0       29     1740        0
0000000000000001        4       10      816        0       29     1740        0
0000000000000001        5       10      816        0       29     1740        0
0000000000000001        6        9      746        0       29     1740        0
datapath         in-port  eth-dst           out-port packets  bytes
---------------- -------- ----------------- -------- -------- --------
datapath         port     rx-pkts  rx-bytes rx-error tx-pkts  tx-bytes tx-error
---------------- -------- -------- -------- -------- -------- -------- --------
0000000000000004        1       29     1740        0       29     1740        0
0000000000000004        2       29     1740        0       29     1740        0
datapath         in-port  eth-dst           out-port packets  bytes
---------------- -------- ----------------- -------- -------- --------
==================================== link detector ====================================

----------------------------
src    dst :    delay
1 <---> 4 : 0.0034246444702148438
1 <---> 3 : 0.003892660140991211
1 <---> 2 : 0.003955841064453125
5 <---> 4 : 0.0036470890045166016
5 <---> 3 : 0.004533529281616211
5 <---> 2 : 0.0044977664947509766
3 <---> 1 : 0.0038805007934570312
3 <---> 5 : 0.004073381423950195
2 <---> 1 : 0.003927946090698242
2 <---> 5 : 0.004044055938720703
4 <---> 1 : 0.003759145736694336
4 <---> 5 : 0.0037670135498046875
---> OFPPortStatus received: reason=DELETE desc=OFPPort(port_no=4,hw_addr='e2:b7:dc:6f:e5:3e',name=b's1-eth4',config=0,state=4,curr=2112,advertised=0,supported=0,peer=0,curr_speed=10000000,max_speed=0)
---> OFPPortStatus received: reason=DELETE desc=OFPPort(port_no=5,hw_addr='a6:6d:4f:00:66:c5',name=b's1-eth5',config=0,state=4,curr=2112,advertised=0,supported=0,peer=0,curr_speed=10000000,max_speed=0)
---> OFPPortStatus received: reason=DELETE desc=OFPPort(port_no=6,hw_addr='d2:38:8c:b5:af:e7',name=b's1-eth6',config=0,state=4,curr=2112,advertised=0,supported=0,peer=0,curr_speed=10000000,max_speed=0)
---> OFPPortStatus received: reason=DELETE desc=OFPPort(port_no=4,hw_addr='d2:45:09:ba:2d:69',name=b's5-eth4',config=0,state=4,curr=2112,advertised=0,supported=0,peer=0,curr_speed=10000000,max_speed=0)
---> OFPPortStatus received: reason=DELETE desc=OFPPort(port_no=1,hw_addr='fa:b6:be:ba:01:9c',name=b's1-eth1',config=0,state=4,curr=2112,advertised=0,supported=0,peer=0,curr_speed=10000000,max_speed=0)
---> OFPPortStatus received: reason=DELETE desc=OFPPort(port_no=1,hw_addr='0a:24:43:d3:ee:64',name=b's2-eth1',config=0,state=4,curr=2112,advertised=0,supported=0,peer=0,curr_speed=10000000,max_speed=0)
---> OFPPortStatus received: reason=DELETE desc=OFPPort(port_no=2,hw_addr='c6:80:e7:d8:b7:c0',name=b's1-eth2',config=0,state=4,curr=2112,advertised=0,supported=0,peer=0,curr_speed=10000000,max_speed=0)
---> OFPPortStatus received: reason=DELETE desc=OFPPort(port_no=1,hw_addr='e2:97:e0:31:07:71',name=b's3-eth1',config=0,state=4,curr=2112,advertised=0,supported=0,peer=0,curr_speed=10000000,max_speed=0)
---> OFPPortStatus received: reason=DELETE desc=OFPPort(port_no=3,hw_addr='4a:cd:5e:31:0d:6c',name=b's1-eth3',config=0,state=4,curr=2112,advertised=0,supported=0,peer=0,curr_speed=10000000,max_speed=0)
---> OFPPortStatus received: reason=DELETE desc=OFPPort(port_no=1,hw_addr='f6:a5:67:cf:b4:28',name=b's4-eth1',config=0,state=4,curr=2112,advertised=0,supported=0,peer=0,curr_speed=10000000,max_speed=0)
---> OFPPortStatus received: reason=DELETE desc=OFPPort(port_no=2,hw_addr='ee:fa:11:18:62:a4',name=b's2-eth2',config=0,state=4,curr=2112,advertised=0,supported=0,peer=0,curr_speed=10000000,max_speed=0)
---> OFPPortStatus received: reason=DELETE desc=OFPPort(port_no=1,hw_addr='42:f3:6a:c1:3a:cc',name=b's5-eth1',config=0,state=4,curr=2112,advertised=0,supported=0,peer=0,curr_speed=10000000,max_speed=0)
---> OFPPortStatus received: reason=DELETE desc=OFPPort(port_no=2,hw_addr='2a:f1:71:03:cf:0d',name=b's3-eth2',config=0,state=4,curr=2112,advertised=0,supported=0,peer=0,curr_speed=10000000,max_speed=0)
---> OFPPortStatus received: reason=DELETE desc=OFPPort(port_no=2,hw_addr='0e:25:03:94:42:d0',name=b's5-eth2',config=0,state=4,curr=2112,advertised=0,supported=0,peer=0,curr_speed=10000000,max_speed=0)
---> OFPPortStatus received: reason=DELETE desc=OFPPort(port_no=2,hw_addr='ae:4a:3a:ab:b0:0d',name=b's4-eth2',config=0,state=4,curr=2112,advertised=0,supported=0,peer=0,curr_speed=10000000,max_speed=0)
---> OFPPortStatus received: reason=DELETE desc=OFPPort(port_no=3,hw_addr='6a:ac:7b:aa:c8:99',name=b's5-eth3',config=0,state=4,curr=2112,advertised=0,supported=0,peer=0,curr_speed=10000000,max_speed=0)
monitor---> unreigster datapath: 0000000000000001
monitor---> unreigster datapath: 0000000000000004
monitor---> unreigster datapath: 0000000000000003
monitor---> unreigster datapath: 0000000000000002
monitor---> unreigster datapath: 0000000000000005
discovery--->==================================== discovery ====================================
discovery---> cls: []
discovery--->==============================
==================================== link detector ====================================

----------------------------
src    dst :    delay
1 <---> 4 : 0.0031337738037109375
1 <---> 3 : 0.004052400588989258
1 <---> 2 : 0.005082607269287109
5 <---> 4 : 0.0038602352142333984
5 <---> 3 : 0.001995563507080078
5 <---> 2 : 0.007356166839599609
3 <---> 1 : 0.017922163009643555
3 <---> 5 : 0.0037589073181152344
2 <---> 1 : 0.01185917854309082
2 <---> 5 : 0.005409955978393555
4 <---> 1 : 0.0019927024841308594
4 <---> 5 : 0.021939516067504883
discovery--->==================================== discovery ====================================
discovery---> cls: []
discovery--->==============================
==================================== link detector ====================================

----------------------------
src    dst :    delay
1 <---> 4 : 0.0031337738037109375
1 <---> 3 : 0.004052400588989258
1 <---> 2 : 0.005082607269287109
5 <---> 4 : 0.0038602352142333984
5 <---> 3 : 0.001995563507080078
5 <---> 2 : 0.007356166839599609
3 <---> 1 : 0.017922163009643555
3 <---> 5 : 0.0037589073181152344
2 <---> 1 : 0.01185917854309082
2 <---> 5 : 0.005409955978393555
4 <---> 1 : 0.0019927024841308594
4 <---> 5 : 0.021939516067504883
discovery--->==================================== discovery ====================================
discovery---> cls: []
discovery--->==============================
==================================== link detector ====================================

----------------------------
src    dst :    delay
1 <---> 4 : 0.0031337738037109375
1 <---> 3 : 0.004052400588989258
1 <---> 2 : 0.005082607269287109
5 <---> 4 : 0.0038602352142333984
5 <---> 3 : 0.001995563507080078
5 <---> 2 : 0.007356166839599609
3 <---> 1 : 0.017922163009643555
3 <---> 5 : 0.0037589073181152344
2 <---> 1 : 0.01185917854309082
2 <---> 5 : 0.005409955978393555
4 <---> 1 : 0.0019927024841308594
4 <---> 5 : 0.021939516067504883
discovery--->==================================== discovery ====================================
discovery---> cls: []
discovery--->==============================
==================================== link detector ====================================

----------------------------
src    dst :    delay
1 <---> 4 : 0.0031337738037109375
1 <---> 3 : 0.004052400588989258
1 <---> 2 : 0.005082607269287109
5 <---> 4 : 0.0038602352142333984
5 <---> 3 : 0.001995563507080078
5 <---> 2 : 0.007356166839599609
3 <---> 1 : 0.017922163009643555
3 <---> 5 : 0.0037589073181152344
2 <---> 1 : 0.01185917854309082
2 <---> 5 : 0.005409955978393555
4 <---> 1 : 0.0019927024841308594
4 <---> 5 : 0.021939516067504883
