loading app network_structure.py
Matplotlib created a temporary config/cache directory at /tmp/matplotlib-pf06wa9n because the default path (/home/terry/.config/matplotlib) is not a writable directory; it is highly recommended to set the MPLCONFIGDIR environment variable to a writable directory, in particular to speed up the import of Matplotlib and to better support multiprocessing.
Generating new fontManager, this may take some time...
Failed to extract font properties from /usr/share/fonts/truetype/noto/NotoColorEmoji.ttf: In FT2Font: Can not load face.  Unknown file format.
loading app network_monitor.py
loading app network_delay.py
loading app network_shortest_path.py
loading app arp_handler.py
loading app ryu.controller.ofp_handler
instantiating app None of Switches
creating context switches
instantiating app network_structure.py of NetworkStructure
instantiating app network_monitor.py of NetworkMonitor
instantiating app network_delay.py of NetworkDelay
instantiating app network_shortest_path.py of NetworkShortestPath
instantiating app arp_handler.py of ArpHandler
instantiating app ryu.controller.ofp_handler of OFPHandler
discovery---> AccessPoint: 1 connected
discovery---> AccessPoint: 2 connected
discovery---> AccessPoint: 3 connected
monitor---->register datapath: 1000000000000003
monitor---->register datapath: 1000000000000001
monitor---->register datapath: 1000000000000002
==================================== link detector ====================================

----------------------------
src    dst :    delay
1 <---> 2 : 8.10384750366211
1 <---> 3 : 8.846282958984375
2 <---> 1 : 8.016824722290039
2 <---> 3 : 8.039474487304688
3 <---> 2 : 7.786750793457031
3 <---> 1 : 8.594751358032227
discovery--->==================================== discovery ====================================
discovery---> cls: [(1, 2), (1, 3), (2, 3)]
discovery--->=============================================================================
datapath         port     rx-pkts  rx-bytes rx-error tx-pkts  tx-bytes tx-error
---------------- -------- -------- -------- -------- -------- -------- --------
0000000000000003        1        0        0        0        5      390        0
0000000000000003        2       23     2967        0       24     3027        0
0000000000000003        3       24     3027        0       23     2967        0
datapath         in-port  eth-dst           out-port packets  bytes
---------------- -------- ----------------- -------- -------- --------
datapath         port     rx-pkts  rx-bytes rx-error tx-pkts  tx-bytes tx-error
---------------- -------- -------- -------- -------- -------- -------- --------
0000000000000002        1        0        0        0        5      390        0
0000000000000002        2       23     2967        0       24     3027        0
0000000000000002        3       23     2967        0       24     3027        0
datapath         in-port  eth-dst           out-port packets  bytes
---------------- -------- ----------------- -------- -------- --------
datapath         port     rx-pkts  rx-bytes rx-error tx-pkts  tx-bytes tx-error
---------------- -------- -------- -------- -------- -------- -------- --------
0000000000000001        1        0        0        0        5      390        0
0000000000000001        2       24     3027        0       23     2967        0
0000000000000001        3       24     3027        0       23     2967        0
datapath         in-port  eth-dst           out-port packets  bytes
---------------- -------- ----------------- -------- -------- --------
==================================== link detector ====================================

----------------------------
src    dst :    delay
1 <---> 2 : 7.313966751098633
1 <---> 3 : 8.785486221313477
2 <---> 1 : 7.3394775390625
2 <---> 3 : 7.139921188354492
3 <---> 2 : 7.280588150024414
3 <---> 1 : 9.659767150878906
==================================== link detector ====================================

----------------------------
src    dst :    delay
1 <---> 2 : 8.102893829345703
1 <---> 3 : 9.116411209106445
2 <---> 1 : 6.557941436767578
2 <---> 3 : 7.33184814453125
3 <---> 2 : 8.079767227172852
3 <---> 1 : 9.352922439575195
discovery--->==================================== discovery ====================================
discovery---> cls: [(1, 2), (1, 3), (2, 3)]
discovery--->=============================================================================
datapath         port     rx-pkts  rx-bytes rx-error tx-pkts  tx-bytes tx-error
---------------- -------- -------- -------- -------- -------- -------- --------
0000000000000003        1        0        0        0       11      858        0
0000000000000003        2       30     3530        0       30     3530        0
0000000000000003        3       30     3530        0       30     3530        0
datapath         in-port  eth-dst           out-port packets  bytes
---------------- -------- ----------------- -------- -------- --------
datapath         port     rx-pkts  rx-bytes rx-error tx-pkts  tx-bytes tx-error
---------------- -------- -------- -------- -------- -------- -------- --------
0000000000000002        1        0        0        0       11      858        0
0000000000000002        2       30     3530        0       31     3590        0
0000000000000002        3       30     3530        0       30     3530        0
datapath         in-port  eth-dst           out-port packets  bytes
---------------- -------- ----------------- -------- -------- --------
datapath         port     rx-pkts  rx-bytes rx-error tx-pkts  tx-bytes tx-error
---------------- -------- -------- -------- -------- -------- -------- --------
0000000000000001        1        0        0        0       11      858        0
0000000000000001        2       31     3590        0       30     3530        0
0000000000000001        3       30     3530        0       30     3530        0
datapath         in-port  eth-dst           out-port packets  bytes
---------------- -------- ----------------- -------- -------- --------
==================================== link detector ====================================

----------------------------
src    dst :    delay
1 <---> 2 : 7.195472717285156
1 <---> 3 : 9.358406066894531
2 <---> 1 : 7.486820220947266
2 <---> 3 : 6.915569305419922
3 <---> 2 : 6.421804428100586
3 <---> 1 : 9.424448013305664
discovery--->==================================== discovery ====================================
discovery---> cls: [(1, 2), (1, 3), (2, 3)]
discovery--->=============================================================================
datapath         port     rx-pkts  rx-bytes rx-error tx-pkts  tx-bytes tx-error
---------------- -------- -------- -------- -------- -------- -------- --------
0000000000000003        1        0        0        0       16     1248        0
0000000000000003        2       37     4103        0       38     4163        0
0000000000000003        3       38     4163        0       36     3900        0
datapath         in-port  eth-dst           out-port packets  bytes
---------------- -------- ----------------- -------- -------- --------
datapath         port     rx-pkts  rx-bytes rx-error tx-pkts  tx-bytes tx-error
---------------- -------- -------- -------- -------- -------- -------- --------
0000000000000001        1        0        0        0       16     1248        0
0000000000000001        2       38     4163        0       37     4103        0
0000000000000001        3       38     4163        0       37     4103        0
datapath         in-port  eth-dst           out-port packets  bytes
---------------- -------- ----------------- -------- -------- --------
datapath         port     rx-pkts  rx-bytes rx-error tx-pkts  tx-bytes tx-error
---------------- -------- -------- -------- -------- -------- -------- --------
0000000000000002        1        0        0        0       16     1248        0
0000000000000002        2       37     4103        0       38     4163        0
0000000000000002        3       36     3900        0       38     4163        0
datapath         in-port  eth-dst           out-port packets  bytes
---------------- -------- ----------------- -------- -------- --------
==================================== link detector ====================================

----------------------------
src    dst :    delay
1 <---> 2 : 8.124351501464844
1 <---> 3 : 9.207487106323242
2 <---> 1 : 8.164167404174805
2 <---> 3 : 7.242441177368164
3 <---> 2 : 6.851434707641602
3 <---> 1 : 10.090112686157227
==================================== link detector ====================================

----------------------------
src    dst :    delay
1 <---> 2 : 7.882356643676758
1 <---> 3 : 9.281158447265625
2 <---> 1 : 8.281469345092773
2 <---> 3 : 8.151769638061523
3 <---> 2 : 7.679462432861328
3 <---> 1 : 10.155200958251953
datapath         port     rx-pkts  rx-bytes rx-error tx-pkts  tx-bytes tx-error
---------------- -------- -------- -------- -------- -------- -------- --------
0000000000000003        1        0        0        0       22     1716        0
0000000000000003        2       43     4463        0       44     4523        0
0000000000000003        3       44     4523        0       43     4463        0
datapath         in-port  eth-dst           out-port packets  bytes
---------------- -------- ----------------- -------- -------- --------
datapath         port     rx-pkts  rx-bytes rx-error tx-pkts  tx-bytes tx-error
---------------- -------- -------- -------- -------- -------- -------- --------
0000000000000001        1        0        0        0       22     1716        0
0000000000000001        2       44     4523        0       43     4463        0
0000000000000001        3       44     4523        0       43     4463        0
datapath         in-port  eth-dst           out-port packets  bytes
---------------- -------- ----------------- -------- -------- --------
datapath         port     rx-pkts  rx-bytes rx-error tx-pkts  tx-bytes tx-error
---------------- -------- -------- -------- -------- -------- -------- --------
0000000000000002        1        0        0        0       22     1716        0
0000000000000002        2       43     4463        0       44     4523        0
0000000000000002        3       43     4463        0       44     4523        0
datapath         in-port  eth-dst           out-port packets  bytes
---------------- -------- ----------------- -------- -------- --------
discovery--->==================================== discovery ====================================
discovery---> cls: [(1, 2), (1, 3), (2, 3)]
discovery--->=============================================================================
==================================== link detector ====================================

----------------------------
src    dst :    delay
1 <---> 2 : 7.316112518310547
1 <---> 3 : 8.47172737121582
2 <---> 1 : 8.191108703613281
2 <---> 3 : 8.504152297973633
3 <---> 2 : 8.362531661987305
3 <---> 1 : 8.802175521850586
datapath         port     rx-pkts  rx-bytes rx-error tx-pkts  tx-bytes tx-error
---------------- -------- -------- -------- -------- -------- -------- --------
0000000000000002        1        0        0        0       27     2106        0
0000000000000002        2       48     4763        0       49     4823        0
0000000000000002        3       48     4763        0       49     4823        0
datapath         in-port  eth-dst           out-port packets  bytes
---------------- -------- ----------------- -------- -------- --------
datapath         port     rx-pkts  rx-bytes rx-error tx-pkts  tx-bytes tx-error
---------------- -------- -------- -------- -------- -------- -------- --------
0000000000000003        1        0        0        0       27     2106        0
0000000000000003        2       49     4823        0       49     4823        0
0000000000000003        3       49     4823        0       48     4763        0
datapath         in-port  eth-dst           out-port packets  bytes
---------------- -------- ----------------- -------- -------- --------
datapath         port     rx-pkts  rx-bytes rx-error tx-pkts  tx-bytes tx-error
---------------- -------- -------- -------- -------- -------- -------- --------
0000000000000001        1        0        0        0       27     2106        0
0000000000000001        2       49     4823        0       48     4763        0
0000000000000001        3       49     4823        0       49     4823        0
datapath         in-port  eth-dst           out-port packets  bytes
---------------- -------- ----------------- -------- -------- --------
discovery--->==================================== discovery ====================================
discovery---> cls: [(1, 2), (1, 3), (2, 3)]
discovery--->=============================================================================
==================================== link detector ====================================

----------------------------
src    dst :    delay
1 <---> 2 : 10.467052459716797
1 <---> 3 : 9.1705322265625
2 <---> 1 : 8.183956146240234
2 <---> 3 : 6.282567977905273
3 <---> 2 : 7.217168807983398
3 <---> 1 : 8.535623550415039
==================================== link detector ====================================

----------------------------
src    dst :    delay
1 <---> 2 : 6.762266159057617
1 <---> 3 : 8.969306945800781
2 <---> 1 : 8.110284805297852
2 <---> 3 : 7.298946380615234
3 <---> 2 : 6.345272064208984
3 <---> 1 : 9.818553924560547
datapath         port     rx-pkts  rx-bytes rx-error tx-pkts  tx-bytes tx-error
---------------- -------- -------- -------- -------- -------- -------- --------
0000000000000003        1        0        0        0       33     2574        0
0000000000000003        2       54     5123        0       56     5253        0
0000000000000003        3       55     5183        0       54     5123        0
datapath         in-port  eth-dst           out-port packets  bytes
---------------- -------- ----------------- -------- -------- --------
datapath         port     rx-pkts  rx-bytes rx-error tx-pkts  tx-bytes tx-error
---------------- -------- -------- -------- -------- -------- -------- --------
0000000000000002        1        0        0        0       33     2574        0
0000000000000002        2       55     5193        0       56     5253        0
0000000000000002        3       54     5123        0       55     5183        0
datapath         in-port  eth-dst           out-port packets  bytes
---------------- -------- ----------------- -------- -------- --------
datapath         port     rx-pkts  rx-bytes rx-error tx-pkts  tx-bytes tx-error
---------------- -------- -------- -------- -------- -------- -------- --------
0000000000000001        1        0        0        0       33     2574        0
0000000000000001        2       56     5253        0       55     5193        0
0000000000000001        3       56     5253        0       54     5123        0
datapath         in-port  eth-dst           out-port packets  bytes
---------------- -------- ----------------- -------- -------- --------
discovery--->==================================== discovery ====================================
discovery---> cls: [(1, 2), (1, 3), (2, 3)]
discovery--->=============================================================================
==================================== link detector ====================================

----------------------------
src    dst :    delay
1 <---> 2 : 7.258892059326172
1 <---> 3 : 10.15782356262207
2 <---> 1 : 7.9746246337890625
2 <---> 3 : 8.208751678466797
3 <---> 2 : 7.995367050170898
3 <---> 1 : 9.41014289855957
==================================== link detector ====================================

----------------------------
src    dst :    delay
1 <---> 2 : 7.045745849609375
1 <---> 3 : 9.531974792480469
2 <---> 1 : 8.190155029296875
2 <---> 3 : 7.135868072509766
3 <---> 2 : 8.141040802001953
3 <---> 1 : 9.776115417480469
datapath         port     rx-pkts  rx-bytes rx-error tx-pkts  tx-bytes tx-error
---------------- -------- -------- -------- -------- -------- -------- --------
0000000000000003        1        0        0        0       38     2964        0
0000000000000003        2       62     5756        0       62     5756        0
0000000000000003        3       62     5756        0       61     5696        0
datapath         in-port  eth-dst           out-port packets  bytes
---------------- -------- ----------------- -------- -------- --------
datapath         port     rx-pkts  rx-bytes rx-error tx-pkts  tx-bytes tx-error
---------------- -------- -------- -------- -------- -------- -------- --------
0000000000000002        1        0        0        0       38     2964        0
0000000000000002        2       62     5756        0       62     5756        0
0000000000000002        3       61     5696        0       62     5756        0
datapath         in-port  eth-dst           out-port packets  bytes
---------------- -------- ----------------- -------- -------- --------
datapath         port     rx-pkts  rx-bytes rx-error tx-pkts  tx-bytes tx-error
---------------- -------- -------- -------- -------- -------- -------- --------
0000000000000001        1        0        0        0       39     3042        0
0000000000000001        2       62     5756        0       62     5756        0
0000000000000001        3       62     5756        0       62     5756        0
datapath         in-port  eth-dst           out-port packets  bytes
---------------- -------- ----------------- -------- -------- --------
discovery--->==================================== discovery ====================================
discovery---> cls: [(1, 2), (1, 3), (2, 3)]
discovery--->=============================================================================
==================================== link detector ====================================

----------------------------
src    dst :    delay
1 <---> 2 : 8.063554763793945
1 <---> 3 : 10.021209716796875
2 <---> 1 : 7.589817047119141
2 <---> 3 : 7.779121398925781
3 <---> 2 : 8.412837982177734
3 <---> 1 : 8.779048919677734
datapath         port     rx-pkts  rx-bytes rx-error tx-pkts  tx-bytes tx-error
---------------- -------- -------- -------- -------- -------- -------- --------
0000000000000003        1        0        0        0       44     3432        0
0000000000000003        2       67     6056        0       68     6116        0
0000000000000003        3       68     6116        0       67     6056        0
datapath         in-port  eth-dst           out-port packets  bytes
---------------- -------- ----------------- -------- -------- --------
datapath         port     rx-pkts  rx-bytes rx-error tx-pkts  tx-bytes tx-error
---------------- -------- -------- -------- -------- -------- -------- --------
0000000000000001        1        0        0        0       44     3432        0
0000000000000001        2       68     6116        0       67     6056        0
0000000000000001        3       68     6116        0       67     6056        0
datapath         in-port  eth-dst           out-port packets  bytes
---------------- -------- ----------------- -------- -------- --------
datapath         port     rx-pkts  rx-bytes rx-error tx-pkts  tx-bytes tx-error
---------------- -------- -------- -------- -------- -------- -------- --------
0000000000000002        1        0        0        0       44     3432        0
0000000000000002        2       67     6056        0       68     6116        0
0000000000000002        3       67     6056        0       68     6116        0
datapath         in-port  eth-dst           out-port packets  bytes
---------------- -------- ----------------- -------- -------- --------
discovery--->==================================== discovery ====================================
discovery---> cls: [(1, 2), (1, 3), (2, 3)]
discovery--->=============================================================================
==================================== link detector ====================================

----------------------------
src    dst :    delay
1 <---> 2 : 8.144855499267578
1 <---> 3 : 10.203838348388672
2 <---> 1 : 7.993221282958984
2 <---> 3 : 8.177757263183594
3 <---> 2 : 8.068561553955078
3 <---> 1 : 10.31351089477539
==================================== link detector ====================================

----------------------------
src    dst :    delay
1 <---> 2 : 6.593465805053711
1 <---> 3 : 9.228229522705078
2 <---> 1 : 8.216142654418945
2 <---> 3 : 8.094310760498047
3 <---> 2 : 8.292675018310547
3 <---> 1 : 10.03575325012207
datapath         port     rx-pkts  rx-bytes rx-error tx-pkts  tx-bytes tx-error
---------------- -------- -------- -------- -------- -------- -------- --------
0000000000000001        1        0        0        0       50     3900        0
0000000000000001        2       73     6416        0       73     6416        0
0000000000000001        3       73     6416        0       73     6416        0
datapath         in-port  eth-dst           out-port packets  bytes
---------------- -------- ----------------- -------- -------- --------
datapath         port     rx-pkts  rx-bytes rx-error tx-pkts  tx-bytes tx-error
---------------- -------- -------- -------- -------- -------- -------- --------
0000000000000002        1        0        0        0       49     3822        0
0000000000000002        2       73     6416        0       73     6416        0
0000000000000002        3       73     6416        0       73     6416        0
datapath         in-port  eth-dst           out-port packets  bytes
---------------- -------- ----------------- -------- -------- --------
datapath         port     rx-pkts  rx-bytes rx-error tx-pkts  tx-bytes tx-error
---------------- -------- -------- -------- -------- -------- -------- --------
0000000000000003        1        0        0        0       50     3900        0
0000000000000003        2       73     6416        0       73     6416        0
0000000000000003        3       73     6416        0       73     6416        0
datapath         in-port  eth-dst           out-port packets  bytes
---------------- -------- ----------------- -------- -------- --------
discovery--->==================================== discovery ====================================
discovery---> cls: [(1, 2), (1, 3), (2, 3)]
discovery--->=============================================================================
==================================== link detector ====================================

----------------------------
src    dst :    delay
1 <---> 2 : 8.019208908081055
1 <---> 3 : 10.030031204223633
2 <---> 1 : 6.920814514160156
2 <---> 3 : 8.057117462158203
3 <---> 2 : 6.824731826782227
3 <---> 1 : 12.339353561401367
datapath         port     rx-pkts  rx-bytes rx-error tx-pkts  tx-bytes tx-error
---------------- -------- -------- -------- -------- -------- -------- --------
0000000000000003        1        0        0        0       55     4290        0
0000000000000003        2       78     6716        0       79     6776        0
0000000000000003        3       79     6776        0       78     6716        0
datapath         in-port  eth-dst           out-port packets  bytes
---------------- -------- ----------------- -------- -------- --------
datapath         port     rx-pkts  rx-bytes rx-error tx-pkts  tx-bytes tx-error
---------------- -------- -------- -------- -------- -------- -------- --------
0000000000000001        1        0        0        0       55     4290        0
0000000000000001        2       79     6776        0       78     6716        0
0000000000000001        3       79     6776        0       78     6716        0
datapath         in-port  eth-dst           out-port packets  bytes
---------------- -------- ----------------- -------- -------- --------
datapath         port     rx-pkts  rx-bytes rx-error tx-pkts  tx-bytes tx-error
---------------- -------- -------- -------- -------- -------- -------- --------
0000000000000002        1        0        0        0       55     4290        0
0000000000000002        2       78     6716        0       79     6776        0
0000000000000002        3       78     6716        0       79     6776        0
datapath         in-port  eth-dst           out-port packets  bytes
---------------- -------- ----------------- -------- -------- --------
discovery--->==================================== discovery ====================================
discovery---> cls: [(1, 2), (1, 3), (2, 3)]
discovery--->=============================================================================
==================================== link detector ====================================

----------------------------
src    dst :    delay
1 <---> 2 : 7.831096649169922
1 <---> 3 : 9.816884994506836
2 <---> 1 : 7.232666015625
2 <---> 3 : 7.089853286743164
3 <---> 2 : 6.497621536254883
3 <---> 1 : 9.621620178222656
==================================== link detector ====================================

----------------------------
src    dst :    delay
1 <---> 2 : 7.143497467041016
1 <---> 3 : 10.106325149536133
2 <---> 1 : 6.748676300048828
2 <---> 3 : 8.204460144042969
3 <---> 2 : 8.062124252319336
3 <---> 1 : 9.275436401367188
datapath         port     rx-pkts  rx-bytes rx-error tx-pkts  tx-bytes tx-error
---------------- -------- -------- -------- -------- -------- -------- --------
0000000000000003        1        0        0        0       61     4758        0
0000000000000003        2       84     7076        0       84     7076        0
0000000000000003        3       84     7076        0       84     7076        0
datapath         in-port  eth-dst           out-port packets  bytes
---------------- -------- ----------------- -------- -------- --------
datapath         port     rx-pkts  rx-bytes rx-error tx-pkts  tx-bytes tx-error
---------------- -------- -------- -------- -------- -------- -------- --------
0000000000000001        1        0        0        0       61     4758        0
0000000000000001        2       85     7136        0       84     7076        0
0000000000000001        3       84     7076        0       84     7076        0
datapath         in-port  eth-dst           out-port packets  bytes
---------------- -------- ----------------- -------- -------- --------
datapath         port     rx-pkts  rx-bytes rx-error tx-pkts  tx-bytes tx-error
---------------- -------- -------- -------- -------- -------- -------- --------
0000000000000002        1        0        0        0       61     4758        0
0000000000000002        2       84     7076        0       85     7136        0
0000000000000002        3       84     7076        0       84     7076        0
datapath         in-port  eth-dst           out-port packets  bytes
---------------- -------- ----------------- -------- -------- --------
discovery--->==================================== discovery ====================================
discovery---> cls: [(1, 2), (1, 3), (2, 3)]
discovery--->=============================================================================
==================================== link detector ====================================

----------------------------
src    dst :    delay
1 <---> 2 : 7.087945938110352
1 <---> 3 : 10.105609893798828
2 <---> 1 : 6.355762481689453
2 <---> 3 : 6.428003311157227
3 <---> 2 : 7.183551788330078
3 <---> 1 : 9.034156799316406
==================================== link detector ====================================

----------------------------
src    dst :    delay
1 <---> 2 : 7.178783416748047
1 <---> 3 : 10.243415832519531
2 <---> 1 : 7.292747497558594
2 <---> 3 : 7.161140441894531
3 <---> 2 : 6.157159805297852
3 <---> 1 : 9.20724868774414
datapath         port     rx-pkts  rx-bytes rx-error tx-pkts  tx-bytes tx-error
---------------- -------- -------- -------- -------- -------- -------- --------
0000000000000003        1        0        0        0       66     5148        0
0000000000000003        2       89     7376        0       91     7506        0
0000000000000003        3       90     7436        0       89     7376        0
datapath         in-port  eth-dst           out-port packets  bytes
---------------- -------- ----------------- -------- -------- --------
datapath         port     rx-pkts  rx-bytes rx-error tx-pkts  tx-bytes tx-error
---------------- -------- -------- -------- -------- -------- -------- --------
0000000000000002        1        0        0        0       66     5148        0
0000000000000002        2       89     7376        0       91     7506        0
0000000000000002        3       89     7376        0       90     7436        0
datapath         in-port  eth-dst           out-port packets  bytes
---------------- -------- ----------------- -------- -------- --------
datapath         port     rx-pkts  rx-bytes rx-error tx-pkts  tx-bytes tx-error
---------------- -------- -------- -------- -------- -------- -------- --------
0000000000000001        1        0        0        0       66     5148        0
0000000000000001        2       91     7506        0       89     7376        0
0000000000000001        3       91     7506        0       89     7376        0
datapath         in-port  eth-dst           out-port packets  bytes
---------------- -------- ----------------- -------- -------- --------
discovery--->==================================== discovery ====================================
discovery---> cls: [(1, 2), (1, 3), (2, 3)]
discovery--->=============================================================================
==================================== link detector ====================================

----------------------------
src    dst :    delay
1 <---> 2 : 6.831645965576172
1 <---> 3 : 10.171175003051758
2 <---> 1 : 8.187532424926758
2 <---> 3 : 6.691217422485352
3 <---> 2 : 7.10296630859375
3 <---> 1 : 9.240388870239258
datapath         port     rx-pkts  rx-bytes rx-error tx-pkts  tx-bytes tx-error
---------------- -------- -------- -------- -------- -------- -------- --------
0000000000000003        1        0        0        0       72     5616        0
0000000000000003        2       96     7939        0       98     8069        0
0000000000000003        3       97     7999        0       96     7939        0
datapath         in-port  eth-dst           out-port packets  bytes
---------------- -------- ----------------- -------- -------- --------
datapath         port     rx-pkts  rx-bytes rx-error tx-pkts  tx-bytes tx-error
---------------- -------- -------- -------- -------- -------- -------- --------
0000000000000001        1        0        0        0       72     5616        0
0000000000000001        2       98     8069        0       97     8009        0
0000000000000001        3       98     8069        0       96     7939        0
datapath         in-port  eth-dst           out-port packets  bytes
---------------- -------- ----------------- -------- -------- --------
datapath         port     rx-pkts  rx-bytes rx-error tx-pkts  tx-bytes tx-error
---------------- -------- -------- -------- -------- -------- -------- --------
0000000000000002        1        0        0        0       72     5616        0
0000000000000002        2       97     8009        0       98     8069        0
0000000000000002        3       96     7939        0       97     7999        0
datapath         in-port  eth-dst           out-port packets  bytes
---------------- -------- ----------------- -------- -------- --------
discovery--->==================================== discovery ====================================
discovery---> cls: [(1, 2), (1, 3), (2, 3)]
discovery--->=============================================================================
==================================== link detector ====================================

----------------------------
src    dst :    delay
1 <---> 2 : 6.676197052001953
1 <---> 3 : 8.852720260620117
2 <---> 1 : 6.935358047485352
2 <---> 3 : 7.5225830078125
3 <---> 2 : 8.248090744018555
3 <---> 1 : 8.871793746948242
==================================== link detector ====================================

----------------------------
src    dst :    delay
1 <---> 2 : 6.610393524169922
1 <---> 3 : 9.383916854858398
2 <---> 1 : 8.089780807495117
2 <---> 3 : 8.57090950012207
3 <---> 2 : 8.153915405273438
3 <---> 1 : 8.230447769165039
datapath         port     rx-pkts  rx-bytes rx-error tx-pkts  tx-bytes tx-error
---------------- -------- -------- -------- -------- -------- -------- --------
0000000000000003        1        0        0        0       77     6006        0
0000000000000003        2      103     8369        0      103     8369        0
0000000000000003        3      103     8369        0      102     8309        0
datapath         in-port  eth-dst           out-port packets  bytes
---------------- -------- ----------------- -------- -------- --------
datapath         port     rx-pkts  rx-bytes rx-error tx-pkts  tx-bytes tx-error
---------------- -------- -------- -------- -------- -------- -------- --------
0000000000000001        1        0        0        0       77     6006        0
0000000000000001        2      103     8369        0      102     8309        0
0000000000000001        3      103     8369        0      103     8369        0
datapath         in-port  eth-dst           out-port packets  bytes
---------------- -------- ----------------- -------- -------- --------
datapath         port     rx-pkts  rx-bytes rx-error tx-pkts  tx-bytes tx-error
---------------- -------- -------- -------- -------- -------- -------- --------
0000000000000002        1        0        0        0       77     6006        0
0000000000000002        2      102     8309        0      103     8369        0
0000000000000002        3      102     8309        0      103     8369        0
datapath         in-port  eth-dst           out-port packets  bytes
---------------- -------- ----------------- -------- -------- --------
discovery--->==================================== discovery ====================================
discovery---> cls: [(1, 2), (1, 3), (2, 3)]
discovery--->=============================================================================
==================================== link detector ====================================

----------------------------
src    dst :    delay
1 <---> 2 : 7.625818252563477
1 <---> 3 : 9.588479995727539
2 <---> 1 : 6.67572021484375
2 <---> 3 : 6.986856460571289
3 <---> 2 : 6.213665008544922
3 <---> 1 : 10.254621505737305
datapath         port     rx-pkts  rx-bytes rx-error tx-pkts  tx-bytes tx-error
---------------- -------- -------- -------- -------- -------- -------- --------
0000000000000003        1        0        0        0       83     6474        0
0000000000000003        2      108     8669        0      109     8729        0
0000000000000003        3      109     8729        0      108     8669        0
datapath         in-port  eth-dst           out-port packets  bytes
---------------- -------- ----------------- -------- -------- --------
datapath         port     rx-pkts  rx-bytes rx-error tx-pkts  tx-bytes tx-error
---------------- -------- -------- -------- -------- -------- -------- --------
0000000000000001        1        0        0        0       83     6474        0
0000000000000001        2      109     8729        0      108     8669        0
0000000000000001        3      109     8729        0      108     8669        0
datapath         in-port  eth-dst           out-port packets  bytes
---------------- -------- ----------------- -------- -------- --------
datapath         port     rx-pkts  rx-bytes rx-error tx-pkts  tx-bytes tx-error
---------------- -------- -------- -------- -------- -------- -------- --------
0000000000000002        1        0        0        0       83     6474        0
0000000000000002        2      108     8669        0      109     8729        0
0000000000000002        3      108     8669        0      109     8729        0
datapath         in-port  eth-dst           out-port packets  bytes
---------------- -------- ----------------- -------- -------- --------
discovery--->==================================== discovery ====================================
discovery---> cls: [(1, 2), (1, 3), (2, 3)]
discovery--->=============================================================================
==================================== link detector ====================================

----------------------------
src    dst :    delay
1 <---> 2 : 14.052152633666992
1 <---> 3 : 10.266780853271484
2 <---> 1 : 6.920099258422852
2 <---> 3 : 7.631063461303711
3 <---> 2 : 8.244514465332031
3 <---> 1 : 9.62686538696289
