loading app network_structure.py
Matplotlib created a temporary config/cache directory at /tmp/matplotlib-yu61luex because the default path (/home/terry/.config/matplotlib) is not a writable directory; it is highly recommended to set the MPLCONFIGDIR environment variable to a writable directory, in particular to speed up the import of Matplotlib and to better support multiprocessing.
Generating new fontManager, this may take some time...
Failed to extract font properties from /usr/share/fonts/truetype/noto/NotoColorEmoji.ttf: In FT2Font: Can not load face.  Unknown file format.
loading app network_monitor.py
loading app network_delay.py
loading app network_shortest_path.py
loading app arp_handler.py
loading app ryu.controller.ofp_handler
instantiating app None of Switches
creating context switches
instantiating app network_structure.py of NetworkStructure
instantiating app network_monitor.py of NetworkMonitor
instantiating app network_delay.py of NetworkDelay
instantiating app network_shortest_path.py of NetworkShortestPath
instantiating app arp_handler.py of ArpHandler
instantiating app ryu.controller.ofp_handler of OFPHandler
discovery---> AccessPoint: 1 connected
discovery---> AccessPoint: 2 connected
discovery---> AccessPoint: 3 connected
monitor---->register datapath: 1000000000000001
monitor---->register datapath: 1000000000000003
monitor---->register datapath: 1000000000000002
==================================== link detector ====================================

----------------------------
src    dst :    delay
2 <---> 3 : 7.117509841918945
2 <---> 1 : 9.04536247253418
3 <---> 1 : 7.924079895019531
3 <---> 2 : 7.001161575317383
1 <---> 3 : 8.15892219543457
1 <---> 2 : 8.754253387451172
discovery--->==================================== discovery ====================================
discovery---> cls: [(2, 3), (2, 1), (3, 1)]
discovery--->=============================================================================
datapath         port     rx-pkts  rx-bytes rx-error tx-pkts  tx-bytes tx-error
---------------- -------- -------- -------- -------- -------- -------- --------
0000000000000001        1        0        0        0        5      390        0
0000000000000001        2       23     2967        0       24     3027        0
0000000000000001        3       23     2967        0       24     3027        0
datapath         in-port  eth-dst           out-port packets  bytes
---------------- -------- ----------------- -------- -------- --------
datapath         port     rx-pkts  rx-bytes rx-error tx-pkts  tx-bytes tx-error
---------------- -------- -------- -------- -------- -------- -------- --------
0000000000000002        1        0        0        0        5      390        0
0000000000000002        2       24     3027        0       23     2967        0
0000000000000002        3       24     3027        0       23     2967        0
datapath         in-port  eth-dst           out-port packets  bytes
---------------- -------- ----------------- -------- -------- --------
datapath         port     rx-pkts  rx-bytes rx-error tx-pkts  tx-bytes tx-error
---------------- -------- -------- -------- -------- -------- -------- --------
0000000000000003        1        0        0        0        5      390        0
0000000000000003        2       24     3027        0       23     2967        0
0000000000000003        3       23     2967        0       24     3027        0
datapath         in-port  eth-dst           out-port packets  bytes
---------------- -------- ----------------- -------- -------- --------
==================================== link detector ====================================

----------------------------
src    dst :    delay
2 <---> 3 : 8.0718994140625
2 <---> 1 : 10.294675827026367
3 <---> 1 : 8.082151412963867
3 <---> 2 : 6.757259368896484
1 <---> 3 : 8.046388626098633
1 <---> 2 : 8.704185485839844
==================================== link detector ====================================

----------------------------
src    dst :    delay
2 <---> 3 : 8.305072784423828
2 <---> 1 : 8.704423904418945
3 <---> 1 : 6.690263748168945
3 <---> 2 : 8.193492889404297
1 <---> 3 : 6.669521331787109
1 <---> 2 : 9.528398513793945
discovery--->==================================== discovery ====================================
discovery---> cls: [(2, 3), (2, 1), (3, 1)]
discovery--->=============================================================================
hub: uncaught exception: Traceback (most recent call last):
  File "/usr/local/lib/python3.6/dist-packages/ryu/lib/hub.py", line 60, in _launch
    return func(*args, **kwargs)
  File "/home/terry/LJQ/Task/ryu/network_monitor.py", line 62, in scheduler
    self.create_loss_graph()
  File "/home/terry/LJQ/Task/ryu/network_monitor.py", line 387, in create_loss_graph
    self.update_graph_loss()
  File "/home/terry/LJQ/Task/ryu/network_monitor.py", line 372, in update_graph_loss
    if link in self.port_loss.keys() and link[::-1] in self.port_loss.keys():
AttributeError: 'NetworkMonitor' object has no attribute 'port_loss'

==================================== link detector ====================================

----------------------------
src    dst :    delay
2 <---> 3 : 8.261442184448242
2 <---> 1 : 9.951114654541016
3 <---> 1 : 8.13746452331543
3 <---> 2 : 6.70623779296875
1 <---> 3 : 6.218671798706055
1 <---> 2 : 9.996414184570312
discovery--->==================================== discovery ====================================
discovery---> cls: [(2, 3), (2, 1), (3, 1)]
discovery--->=============================================================================
==================================== link detector ====================================

----------------------------
src    dst :    delay
2 <---> 3 : 6.780385971069336
2 <---> 1 : 10.140180587768555
3 <---> 1 : 8.236169815063477
3 <---> 2 : 6.8531036376953125
1 <---> 3 : 6.705045700073242
1 <---> 2 : 10.227441787719727
==================================== link detector ====================================

----------------------------
src    dst :    delay
2 <---> 3 : 7.9288482666015625
2 <---> 1 : 9.784460067749023
3 <---> 1 : 7.107019424438477
3 <---> 2 : 6.714344024658203
1 <---> 3 : 7.329225540161133
1 <---> 2 : 9.377002716064453
discovery--->==================================== discovery ====================================
discovery---> cls: [(2, 3), (2, 1), (3, 1)]
discovery--->=============================================================================
shortest=====>[PATH] [192.168.0.1 <----> 192.168.0.2]: [1, 3]
shortest=====>[PATH] [192.168.0.1 <----> 192.168.0.3]: [1, 2]
shortest=====>[PATH] [192.168.0.2 <----> 192.168.0.3]: [3, 2]
==================================== link detector ====================================

----------------------------
src    dst :    delay
2 <---> 3 : 6.343603134155273
2 <---> 1 : 8.299827575683594
3 <---> 1 : 7.120370864868164
3 <---> 2 : 7.468938827514648
1 <---> 3 : 7.602691650390625
1 <---> 2 : 10.173797607421875
discovery--->==================================== discovery ====================================
discovery---> cls: [(2, 3), (2, 1), (3, 1)]
discovery--->=============================================================================
==================================== link detector ====================================

----------------------------
src    dst :    delay
2 <---> 3 : 6.347417831420898
2 <---> 1 : 9.224414825439453
3 <---> 1 : 6.309032440185547
3 <---> 2 : 7.219076156616211
1 <---> 3 : 6.753206253051758
1 <---> 2 : 10.12277603149414
==================================== link detector ====================================

----------------------------
src    dst :    delay
2 <---> 3 : 7.601261138916016
2 <---> 1 : 9.526729583740234
3 <---> 1 : 6.705284118652344
3 <---> 2 : 7.567644119262695
1 <---> 3 : 7.60197639465332
1 <---> 2 : 9.743452072143555
discovery--->==================================== discovery ====================================
discovery---> cls: [(2, 3), (2, 1), (3, 1)]
discovery--->=============================================================================
==================================== link detector ====================================

----------------------------
src    dst :    delay
2 <---> 3 : 7.442474365234375
2 <---> 1 : 9.093284606933594
3 <---> 1 : 7.441520690917969
3 <---> 2 : 7.901430130004883
1 <---> 3 : 7.181882858276367
1 <---> 2 : 10.171651840209961
==================================== link detector ====================================

----------------------------
src    dst :    delay
2 <---> 3 : 6.997823715209961
2 <---> 1 : 8.990049362182617
3 <---> 1 : 7.246494293212891
3 <---> 2 : 8.183002471923828
1 <---> 3 : 8.264541625976562
1 <---> 2 : 8.475065231323242
discovery--->==================================== discovery ====================================
discovery---> cls: [(2, 3), (2, 1), (3, 1)]
discovery--->=============================================================================
==================================== link detector ====================================

----------------------------
src    dst :    delay
2 <---> 3 : 8.08858871459961
2 <---> 1 : 8.753299713134766
3 <---> 1 : 7.056713104248047
3 <---> 2 : 6.676435470581055
1 <---> 3 : 6.829738616943359
1 <---> 2 : 8.777141571044922
discovery--->==================================== discovery ====================================
discovery---> cls: [(2, 3), (2, 1), (3, 1)]
discovery--->=============================================================================
==================================== link detector ====================================

----------------------------
src    dst :    delay
2 <---> 3 : 7.111787796020508
2 <---> 1 : 10.126113891601562
3 <---> 1 : 6.261587142944336
3 <---> 2 : 6.337165832519531
1 <---> 3 : 8.28695297241211
1 <---> 2 : 9.164094924926758
==================================== link detector ====================================

----------------------------
src    dst :    delay
2 <---> 3 : 8.217811584472656
2 <---> 1 : 10.311126708984375
3 <---> 1 : 8.218526840209961
3 <---> 2 : 7.203102111816406
1 <---> 3 : 8.184432983398438
1 <---> 2 : 8.438825607299805
discovery--->==================================== discovery ====================================
discovery---> cls: [(2, 3), (2, 1), (3, 1)]
discovery--->=============================================================================
==================================== link detector ====================================

----------------------------
src    dst :    delay
2 <---> 3 : 6.852865219116211
2 <---> 1 : 8.449316024780273
3 <---> 1 : 6.70170783996582
3 <---> 2 : 7.644414901733398
1 <---> 3 : 7.058620452880859
1 <---> 2 : 8.876323699951172
discovery--->==================================== discovery ====================================
discovery---> cls: [(2, 3), (2, 1), (3, 1)]
discovery--->=============================================================================
==================================== link detector ====================================

----------------------------
src    dst :    delay
2 <---> 3 : 7.726430892944336
2 <---> 1 : 8.367776870727539
3 <---> 1 : 7.943630218505859
3 <---> 2 : 7.308483123779297
1 <---> 3 : 7.193088531494141
1 <---> 2 : 8.44573974609375
==================================== link detector ====================================

----------------------------
src    dst :    delay
2 <---> 3 : 6.389141082763672
2 <---> 1 : 8.524417877197266
3 <---> 1 : 7.592916488647461
3 <---> 2 : 8.314371109008789
1 <---> 3 : 6.951332092285156
1 <---> 2 : 10.294914245605469
discovery--->==================================== discovery ====================================
discovery---> cls: [(2, 3), (2, 1), (3, 1)]
discovery--->=============================================================================
==================================== link detector ====================================

----------------------------
src    dst :    delay
2 <---> 3 : 8.242607116699219
2 <---> 1 : 8.840560913085938
3 <---> 1 : 6.600141525268555
3 <---> 2 : 8.098363876342773
1 <---> 3 : 7.073879241943359
1 <---> 2 : 8.176565170288086
==================================== link detector ====================================

----------------------------
src    dst :    delay
2 <---> 3 : 6.801605224609375
2 <---> 1 : 8.379459381103516
3 <---> 1 : 7.845401763916016
3 <---> 2 : 7.004976272583008
1 <---> 3 : 7.082223892211914
1 <---> 2 : 10.307550430297852
discovery--->==================================== discovery ====================================
discovery---> cls: [(2, 3), (2, 1), (3, 1)]
discovery--->=============================================================================
==================================== link detector ====================================

----------------------------
src    dst :    delay
2 <---> 3 : 8.154153823852539
2 <---> 1 : 9.198665618896484
3 <---> 1 : 6.99305534362793
3 <---> 2 : 7.123708724975586
1 <---> 3 : 6.910562515258789
1 <---> 2 : 8.389711380004883
discovery--->==================================== discovery ====================================
discovery---> cls: [(2, 3), (2, 1), (3, 1)]
discovery--->=============================================================================
==================================== link detector ====================================

----------------------------
src    dst :    delay
2 <---> 3 : 8.344650268554688
2 <---> 1 : 8.71586799621582
3 <---> 1 : 7.201671600341797
3 <---> 2 : 7.818698883056641
1 <---> 3 : 6.681919097900391
1 <---> 2 : 9.388923645019531
==================================== link detector ====================================

----------------------------
src    dst :    delay
2 <---> 3 : 7.868051528930664
2 <---> 1 : 10.093927383422852
3 <---> 1 : 8.024215698242188
3 <---> 2 : 8.26883316040039
1 <---> 3 : 8.20016860961914
1 <---> 2 : 10.133743286132812
discovery--->==================================== discovery ====================================
discovery---> cls: [(2, 3), (2, 1), (3, 1)]
discovery--->=============================================================================
==================================== link detector ====================================

----------------------------
src    dst :    delay
2 <---> 3 : 7.092475891113281
2 <---> 1 : 9.982109069824219
3 <---> 1 : 6.426811218261719
3 <---> 2 : 8.285760879516602
1 <---> 3 : 6.914377212524414
1 <---> 2 : 8.736371994018555
discovery--->==================================== discovery ====================================
discovery---> cls: [(2, 3), (2, 1), (3, 1)]
discovery--->=============================================================================
==================================== link detector ====================================

----------------------------
src    dst :    delay
2 <---> 3 : 7.282257080078125
2 <---> 1 : 10.063648223876953
3 <---> 1 : 6.229400634765625
3 <---> 2 : 7.529735565185547
1 <---> 3 : 7.912397384643555
1 <---> 2 : 9.783744812011719
==================================== link detector ====================================

----------------------------
src    dst :    delay
2 <---> 3 : 8.274078369140625
2 <---> 1 : 9.268999099731445
3 <---> 1 : 7.233142852783203
3 <---> 2 : 8.195638656616211
1 <---> 3 : 8.135795593261719
1 <---> 2 : 10.165214538574219
discovery--->==================================== discovery ====================================
discovery---> cls: [(2, 3), (2, 1), (3, 1)]
discovery--->=============================================================================
==================================== link detector ====================================

----------------------------
src    dst :    delay
2 <---> 3 : 7.755041122436523
2 <---> 1 : 8.898258209228516
3 <---> 1 : 7.949590682983398
3 <---> 2 : 7.210731506347656
1 <---> 3 : 7.106542587280273
1 <---> 2 : 10.46299934387207
discovery--->==================================== discovery ====================================
discovery---> cls: [(2, 3), (2, 1), (3, 1)]
discovery--->=============================================================================
==================================== link detector ====================================

----------------------------
src    dst :    delay
2 <---> 3 : 6.81304931640625
2 <---> 1 : 8.666753768920898
3 <---> 1 : 8.112907409667969
3 <---> 2 : 7.006168365478516
1 <---> 3 : 8.369207382202148
1 <---> 2 : 8.835792541503906
==================================== link detector ====================================

----------------------------
src    dst :    delay
2 <---> 3 : 8.231878280639648
2 <---> 1 : 8.769750595092773
3 <---> 1 : 6.527423858642578
3 <---> 2 : 8.383512496948242
1 <---> 3 : 6.763458251953125
1 <---> 2 : 8.476018905639648
discovery--->==================================== discovery ====================================
discovery---> cls: [(2, 3), (2, 1), (3, 1)]
discovery--->=============================================================================
==================================== link detector ====================================

----------------------------
src    dst :    delay
2 <---> 3 : 7.219076156616211
2 <---> 1 : 9.305000305175781
3 <---> 1 : 6.536006927490234
3 <---> 2 : 6.325721740722656
1 <---> 3 : 7.361412048339844
1 <---> 2 : 10.023355484008789
==================================== link detector ====================================

----------------------------
src    dst :    delay
2 <---> 3 : 8.139848709106445
2 <---> 1 : 8.614778518676758
3 <---> 1 : 7.218122482299805
3 <---> 2 : 8.075475692749023
1 <---> 3 : 6.844282150268555
1 <---> 2 : 9.053468704223633
discovery--->==================================== discovery ====================================
discovery---> cls: [(2, 3), (2, 1), (3, 1)]
discovery--->=============================================================================
==================================== link detector ====================================

----------------------------
src    dst :    delay
2 <---> 3 : 7.407665252685547
2 <---> 1 : 8.530139923095703
3 <---> 1 : 7.053613662719727
3 <---> 2 : 6.59942626953125
1 <---> 3 : 6.32166862487793
1 <---> 2 : 10.315179824829102
discovery--->==================================== discovery ====================================
discovery---> cls: [(2, 3), (2, 1), (3, 1)]
discovery--->=============================================================================
==================================== link detector ====================================

----------------------------
src    dst :    delay
2 <---> 3 : 6.872653961181641
2 <---> 1 : 8.505821228027344
3 <---> 1 : 6.866216659545898
3 <---> 2 : 8.135318756103516
1 <---> 3 : 6.695270538330078
1 <---> 2 : 8.265256881713867
==================================== link detector ====================================

----------------------------
src    dst :    delay
2 <---> 3 : 6.368398666381836
2 <---> 1 : 8.895158767700195
3 <---> 1 : 7.254362106323242
3 <---> 2 : 7.214069366455078
1 <---> 3 : 8.297443389892578
1 <---> 2 : 10.07986068725586
discovery--->==================================== discovery ====================================
discovery---> cls: [(2, 3), (2, 1), (3, 1)]
discovery--->=============================================================================
==================================== link detector ====================================

----------------------------
src    dst :    delay
2 <---> 3 : 8.210182189941406
2 <---> 1 : 10.052919387817383
3 <---> 1 : 7.826328277587891
3 <---> 2 : 7.135629653930664
1 <---> 3 : 6.988048553466797
1 <---> 2 : 8.56924057006836
---> OFPPortStatus received: reason=DELETE desc=OFPPort(port_no=2,hw_addr='4e:5f:8b:b6:f1:4b',name=b'ap1-eth2',config=0,state=4,curr=2112,advertised=0,supported=0,peer=0,curr_speed=10000000,max_speed=0)
---> OFPPortStatus received: reason=DELETE desc=OFPPort(port_no=2,hw_addr='0e:8f:95:fb:3a:b9',name=b'ap2-eth2',config=0,state=4,curr=2112,advertised=0,supported=0,peer=0,curr_speed=10000000,max_speed=0)
---> OFPPortStatus received: reason=DELETE desc=OFPPort(port_no=3,hw_addr='02:23:cf:95:c7:a2',name=b'ap1-eth3',config=0,state=4,curr=2112,advertised=0,supported=0,peer=0,curr_speed=10000000,max_speed=0)
---> OFPPortStatus received: reason=DELETE desc=OFPPort(port_no=3,hw_addr='d2:38:8c:b5:af:e7',name=b'ap2-eth3',config=0,state=4,curr=2112,advertised=0,supported=0,peer=0,curr_speed=10000000,max_speed=0)
---> OFPPortStatus received: reason=DELETE desc=OFPPort(port_no=3,hw_addr='92:23:85:00:aa:8d',name=b'ap3-eth3',config=0,state=4,curr=2112,advertised=0,supported=0,peer=0,curr_speed=10000000,max_speed=0)
---> OFPPortStatus received: reason=DELETE desc=OFPPort(port_no=2,hw_addr='e2:b7:dc:6f:e5:3e',name=b'ap3-eth2',config=0,state=4,curr=2112,advertised=0,supported=0,peer=0,curr_speed=10000000,max_speed=0)
discovery--->==================================== discovery ====================================
discovery---> cls: []
discovery--->=============================================================================
==================================== link detector ====================================

----------------------------
src    dst :    delay
2 <---> 3 : 8.126974105834961
2 <---> 1 : 31.49557113647461
3 <---> 1 : 6.61778450012207
3 <---> 2 : 8.073091506958008
1 <---> 3 : 8.62741470336914
1 <---> 2 : 10.184764862060547
==================================== link detector ====================================

----------------------------
src    dst :    delay
2 <---> 3 : 8.126974105834961
2 <---> 1 : 31.49557113647461
3 <---> 1 : 6.61778450012207
3 <---> 2 : 8.073091506958008
1 <---> 3 : 8.62741470336914
1 <---> 2 : 10.184764862060547
discovery--->==================================== discovery ====================================
discovery---> cls: []
discovery--->=============================================================================
==================================== link detector ====================================

----------------------------
src    dst :    delay
2 <---> 3 : 8.126974105834961
2 <---> 1 : 31.49557113647461
3 <---> 1 : 6.61778450012207
3 <---> 2 : 8.073091506958008
1 <---> 3 : 8.62741470336914
1 <---> 2 : 10.184764862060547
==================================== link detector ====================================

----------------------------
src    dst :    delay
2 <---> 3 : 8.126974105834961
2 <---> 1 : 31.49557113647461
3 <---> 1 : 6.61778450012207
3 <---> 2 : 8.073091506958008
1 <---> 3 : 8.62741470336914
1 <---> 2 : 10.184764862060547
discovery--->==================================== discovery ====================================
discovery---> cls: []
discovery--->=============================================================================
==================================== link detector ====================================

----------------------------
src    dst :    delay
2 <---> 3 : 8.126974105834961
2 <---> 1 : 31.49557113647461
3 <---> 1 : 6.61778450012207
3 <---> 2 : 8.073091506958008
1 <---> 3 : 8.62741470336914
1 <---> 2 : 10.184764862060547
discovery--->==================================== discovery ====================================
discovery---> cls: []
discovery--->=============================================================================
==================================== link detector ====================================

----------------------------
src    dst :    delay
2 <---> 3 : 8.126974105834961
2 <---> 1 : 31.49557113647461
3 <---> 1 : 6.61778450012207
3 <---> 2 : 8.073091506958008
1 <---> 3 : 8.62741470336914
1 <---> 2 : 10.184764862060547
==================================== link detector ====================================

----------------------------
src    dst :    delay
2 <---> 3 : 8.126974105834961
2 <---> 1 : 31.49557113647461
3 <---> 1 : 6.61778450012207
3 <---> 2 : 8.073091506958008
1 <---> 3 : 8.62741470336914
1 <---> 2 : 10.184764862060547
discovery--->==================================== discovery ====================================
discovery---> cls: []
discovery--->=============================================================================
==================================== link detector ====================================

----------------------------
src    dst :    delay
2 <---> 3 : 8.126974105834961
2 <---> 1 : 31.49557113647461
3 <---> 1 : 6.61778450012207
3 <---> 2 : 8.073091506958008
1 <---> 3 : 8.62741470336914
1 <---> 2 : 10.184764862060547
discovery--->==================================== discovery ====================================
discovery---> cls: []
discovery--->=============================================================================
==================================== link detector ====================================

----------------------------
src    dst :    delay
2 <---> 3 : 8.126974105834961
2 <---> 1 : 31.49557113647461
3 <---> 1 : 6.61778450012207
3 <---> 2 : 8.073091506958008
1 <---> 3 : 8.62741470336914
1 <---> 2 : 10.184764862060547
==================================== link detector ====================================

----------------------------
src    dst :    delay
2 <---> 3 : 8.126974105834961
2 <---> 1 : 31.49557113647461
3 <---> 1 : 6.61778450012207
3 <---> 2 : 8.073091506958008
1 <---> 3 : 8.62741470336914
1 <---> 2 : 10.184764862060547
discovery--->==================================== discovery ====================================
discovery---> cls: []
discovery--->=============================================================================
==================================== link detector ====================================

----------------------------
src    dst :    delay
2 <---> 3 : 8.126974105834961
2 <---> 1 : 31.49557113647461
3 <---> 1 : 6.61778450012207
3 <---> 2 : 8.073091506958008
1 <---> 3 : 8.62741470336914
1 <---> 2 : 10.184764862060547
discovery--->==================================== discovery ====================================
discovery---> cls: []
discovery--->=============================================================================
==================================== link detector ====================================

----------------------------
src    dst :    delay
2 <---> 3 : 8.126974105834961
2 <---> 1 : 31.49557113647461
3 <---> 1 : 6.61778450012207
3 <---> 2 : 8.073091506958008
1 <---> 3 : 8.62741470336914
1 <---> 2 : 10.184764862060547
==================================== link detector ====================================

----------------------------
src    dst :    delay
2 <---> 3 : 8.126974105834961
2 <---> 1 : 31.49557113647461
3 <---> 1 : 6.61778450012207
3 <---> 2 : 8.073091506958008
1 <---> 3 : 8.62741470336914
1 <---> 2 : 10.184764862060547
discovery--->==================================== discovery ====================================
discovery---> cls: []
discovery--->=============================================================================
==================================== link detector ====================================

----------------------------
src    dst :    delay
2 <---> 3 : 8.126974105834961
2 <---> 1 : 31.49557113647461
3 <---> 1 : 6.61778450012207
3 <---> 2 : 8.073091506958008
1 <---> 3 : 8.62741470336914
1 <---> 2 : 10.184764862060547
==================================== link detector ====================================

----------------------------
src    dst :    delay
2 <---> 3 : 8.126974105834961
2 <---> 1 : 31.49557113647461
3 <---> 1 : 6.61778450012207
3 <---> 2 : 8.073091506958008
1 <---> 3 : 8.62741470336914
1 <---> 2 : 10.184764862060547
discovery--->==================================== discovery ====================================
discovery---> cls: []
discovery--->=============================================================================
==================================== link detector ====================================

----------------------------
src    dst :    delay
2 <---> 3 : 8.126974105834961
2 <---> 1 : 31.49557113647461
3 <---> 1 : 6.61778450012207
3 <---> 2 : 8.073091506958008
1 <---> 3 : 8.62741470336914
1 <---> 2 : 10.184764862060547
discovery--->==================================== discovery ====================================
discovery---> cls: []
discovery--->=============================================================================
==================================== link detector ====================================

----------------------------
src    dst :    delay
2 <---> 3 : 8.126974105834961
2 <---> 1 : 31.49557113647461
3 <---> 1 : 6.61778450012207
3 <---> 2 : 8.073091506958008
1 <---> 3 : 8.62741470336914
1 <---> 2 : 10.184764862060547
==================================== link detector ====================================

----------------------------
src    dst :    delay
2 <---> 3 : 8.126974105834961
2 <---> 1 : 31.49557113647461
3 <---> 1 : 6.61778450012207
3 <---> 2 : 8.073091506958008
1 <---> 3 : 8.62741470336914
1 <---> 2 : 10.184764862060547
discovery--->==================================== discovery ====================================
discovery---> cls: []
discovery--->=============================================================================
==================================== link detector ====================================

----------------------------
src    dst :    delay
2 <---> 3 : 8.126974105834961
2 <---> 1 : 31.49557113647461
3 <---> 1 : 6.61778450012207
3 <---> 2 : 8.073091506958008
1 <---> 3 : 8.62741470336914
1 <---> 2 : 10.184764862060547
discovery--->==================================== discovery ====================================
discovery---> cls: []
discovery--->=============================================================================
==================================== link detector ====================================

----------------------------
src    dst :    delay
2 <---> 3 : 8.126974105834961
2 <---> 1 : 31.49557113647461
3 <---> 1 : 6.61778450012207
3 <---> 2 : 8.073091506958008
1 <---> 3 : 8.62741470336914
1 <---> 2 : 10.184764862060547
==================================== link detector ====================================

----------------------------
src    dst :    delay
2 <---> 3 : 8.126974105834961
2 <---> 1 : 31.49557113647461
3 <---> 1 : 6.61778450012207
3 <---> 2 : 8.073091506958008
1 <---> 3 : 8.62741470336914
1 <---> 2 : 10.184764862060547
discovery--->==================================== discovery ====================================
discovery---> cls: []
discovery--->=============================================================================
==================================== link detector ====================================

----------------------------
src    dst :    delay
2 <---> 3 : 8.126974105834961
2 <---> 1 : 31.49557113647461
3 <---> 1 : 6.61778450012207
3 <---> 2 : 8.073091506958008
1 <---> 3 : 8.62741470336914
1 <---> 2 : 10.184764862060547
==================================== link detector ====================================

----------------------------
src    dst :    delay
2 <---> 3 : 8.126974105834961
2 <---> 1 : 31.49557113647461
3 <---> 1 : 6.61778450012207
3 <---> 2 : 8.073091506958008
1 <---> 3 : 8.62741470336914
1 <---> 2 : 10.184764862060547
discovery--->==================================== discovery ====================================
discovery---> cls: []
discovery--->=============================================================================
==================================== link detector ====================================

----------------------------
src    dst :    delay
2 <---> 3 : 8.126974105834961
2 <---> 1 : 31.49557113647461
3 <---> 1 : 6.61778450012207
3 <---> 2 : 8.073091506958008
1 <---> 3 : 8.62741470336914
1 <---> 2 : 10.184764862060547
discovery--->==================================== discovery ====================================
discovery---> cls: []
discovery--->=============================================================================
==================================== link detector ====================================

----------------------------
src    dst :    delay
2 <---> 3 : 8.126974105834961
2 <---> 1 : 31.49557113647461
3 <---> 1 : 6.61778450012207
3 <---> 2 : 8.073091506958008
1 <---> 3 : 8.62741470336914
1 <---> 2 : 10.184764862060547
==================================== link detector ====================================

----------------------------
src    dst :    delay
2 <---> 3 : 8.126974105834961
2 <---> 1 : 31.49557113647461
3 <---> 1 : 6.61778450012207
3 <---> 2 : 8.073091506958008
1 <---> 3 : 8.62741470336914
1 <---> 2 : 10.184764862060547
discovery--->==================================== discovery ====================================
discovery---> cls: []
discovery--->=============================================================================
==================================== link detector ====================================

----------------------------
src    dst :    delay
2 <---> 3 : 8.126974105834961
2 <---> 1 : 31.49557113647461
3 <---> 1 : 6.61778450012207
3 <---> 2 : 8.073091506958008
1 <---> 3 : 8.62741470336914
1 <---> 2 : 10.184764862060547
discovery--->==================================== discovery ====================================
discovery---> cls: []
discovery--->=============================================================================
==================================== link detector ====================================

----------------------------
src    dst :    delay
2 <---> 3 : 8.126974105834961
2 <---> 1 : 31.49557113647461
3 <---> 1 : 6.61778450012207
3 <---> 2 : 8.073091506958008
1 <---> 3 : 8.62741470336914
1 <---> 2 : 10.184764862060547
