loading app network_structure.py
Matplotlib created a temporary config/cache directory at /tmp/matplotlib-5aridbbz because the default path (/home/terry/.config/matplotlib) is not a writable directory; it is highly recommended to set the MPLCONFIGDIR environment variable to a writable directory, in particular to speed up the import of Matplotlib and to better support multiprocessing.
Generating new fontManager, this may take some time...
Failed to extract font properties from /usr/share/fonts/truetype/noto/NotoColorEmoji.ttf: In FT2Font: Can not load face.  Unknown file format.
loading app network_monitor.py
loading app network_delay.py
loading app network_shortest_path.py
loading app arp_handler.py
loading app ryu.controller.ofp_handler
instantiating app None of Switches
creating context switches
instantiating app network_structure.py of NetworkStructure
instantiating app network_monitor.py of NetworkMonitor
instantiating app network_delay.py of NetworkDelay
instantiating app network_shortest_path.py of NetworkShortestPath
instantiating app arp_handler.py of ArpHandler
instantiating app ryu.controller.ofp_handler of OFPHandler
discovery---> AccessPoint: 1 connected
discovery---> AccessPoint: 2 connected
discovery---> AccessPoint: 3 connected
monitor---->register datapath: 1000000000000001
monitor---->register datapath: 1000000000000002
monitor---->register datapath: 1000000000000003
---> OFPPortStatus received: reason=MODIFY desc=OFPPort(port_no=3,hw_addr='02:23:cf:95:c7:a2',name=b'ap1-eth3',config=0,state=4,curr=2112,advertised=0,supported=0,peer=0,curr_speed=10000000,max_speed=0)
---> OFPPortStatus received: reason=MODIFY desc=OFPPort(port_no=2,hw_addr='4e:5f:8b:b6:f1:4b',name=b'ap1-eth2',config=0,state=4,curr=2112,advertised=0,supported=0,peer=0,curr_speed=10000000,max_speed=0)
==================================== link detector ====================================

----------------------------
src    dst :    delay
1 <---> 3 : 6.773710250854492
1 <---> 2 : 10.289907455444336
2 <---> 3 : 7.694244384765625
2 <---> 1 : 8.617639541625977
3 <---> 1 : 6.955862045288086
3 <---> 2 : 7.190465927124023
discovery--->==================================== discovery ====================================
discovery---> cls: [(1, 3), (1, 2), (3, 2)]
discovery--->=============================================================================
datapath         port     rx-pkts  rx-bytes rx-error tx-pkts  tx-bytes tx-error
---------------- -------- -------- -------- -------- -------- -------- --------
0000000000000001        1        0        0        0        6      468        0
0000000000000001        2       24     3027        0       24     3027        0
0000000000000001        3       24     3027        0       25     3087        0
datapath         in-port  eth-dst           out-port packets  bytes
---------------- -------- ----------------- -------- -------- --------
datapath         port     rx-pkts  rx-bytes rx-error tx-pkts  tx-bytes tx-error
---------------- -------- -------- -------- -------- -------- -------- --------
0000000000000003        1        0        0        0        6      468        0
0000000000000003        2       24     3027        0       24     3027        0
0000000000000003        3       24     3027        0       24     3027        0
datapath         in-port  eth-dst           out-port packets  bytes
---------------- -------- ----------------- -------- -------- --------
datapath         port     rx-pkts  rx-bytes rx-error tx-pkts  tx-bytes tx-error
---------------- -------- -------- -------- -------- -------- -------- --------
0000000000000002        1        0        0        0        6      468        0
0000000000000002        2       25     3087        0       24     3027        0
0000000000000002        3       24     3027        0       24     3027        0
datapath         in-port  eth-dst           out-port packets  bytes
---------------- -------- ----------------- -------- -------- --------
==================================== link detector ====================================

----------------------------
src    dst :    delay
1 <---> 3 : 8.04901123046875
1 <---> 2 : 10.09368896484375
2 <---> 3 : 8.178472518920898
2 <---> 1 : 10.089397430419922
3 <---> 1 : 7.5206756591796875
3 <---> 2 : 7.659912109375
==================================== link detector ====================================

----------------------------
src    dst :    delay
1 <---> 3 : 8.066415786743164
1 <---> 2 : 8.79359245300293
2 <---> 3 : 8.105754852294922
2 <---> 1 : 9.224414825439453
3 <---> 1 : 8.33749771118164
3 <---> 2 : 8.086919784545898
discovery--->==================================== discovery ====================================
discovery---> cls: [(1, 3), (1, 2), (3, 2)]
discovery--->=============================================================================
hub: uncaught exception: Traceback (most recent call last):
  File "/usr/local/lib/python3.6/dist-packages/ryu/lib/hub.py", line 60, in _launch
    return func(*args, **kwargs)
  File "/home/terry/LJQ/Task/ryu/network_monitor.py", line 62, in scheduler
    self.create_loss_graph()
  File "/home/terry/LJQ/Task/ryu/network_monitor.py", line 387, in create_loss_graph
    self.update_graph_loss()
  File "/home/terry/LJQ/Task/ryu/network_monitor.py", line 372, in update_graph_loss
    if link in self.port_loss.keys() and link[::-1] in self.port_loss.keys():
AttributeError: 'NetworkMonitor' object has no attribute 'port_loss'

==================================== link detector ====================================

----------------------------
src    dst :    delay
1 <---> 3 : 7.823944091796875
1 <---> 2 : 9.139776229858398
2 <---> 3 : 6.345033645629883
2 <---> 1 : 10.047197341918945
3 <---> 1 : 8.043289184570312
3 <---> 2 : 8.188009262084961
discovery--->==================================== discovery ====================================
discovery---> cls: [(1, 3), (1, 2), (3, 2)]
discovery--->=============================================================================
==================================== link detector ====================================

----------------------------
src    dst :    delay
1 <---> 3 : 6.643772125244141
1 <---> 2 : 8.856773376464844
2 <---> 3 : 8.388519287109375
2 <---> 1 : 8.873701095581055
3 <---> 1 : 9.480714797973633
3 <---> 2 : 7.514476776123047
==================================== link detector ====================================

----------------------------
src    dst :    delay
1 <---> 3 : 8.058547973632812
1 <---> 2 : 8.939027786254883
2 <---> 3 : 7.525205612182617
2 <---> 1 : 10.02645492553711
3 <---> 1 : 6.832122802734375
3 <---> 2 : 8.15439224243164
discovery--->==================================== discovery ====================================
discovery---> cls: [(1, 3), (1, 2), (3, 2)]
discovery--->=============================================================================
shortest=====>[PATH] [192.168.0.1 <----> 192.168.0.2]: [1, 3]
shortest=====>[PATH] [192.168.0.1 <----> 192.168.0.3]: [1, 2]
==================================== link detector ====================================

----------------------------
src    dst :    delay
1 <---> 3 : 7.8277587890625
1 <---> 2 : 8.328437805175781
2 <---> 3 : 7.278680801391602
2 <---> 1 : 8.762121200561523
3 <---> 1 : 8.339166641235352
3 <---> 2 : 6.855487823486328
shortest=====>[PATH] [192.168.0.2 <----> 192.168.0.3]: [3, 2]
discovery--->==================================== discovery ====================================
discovery---> cls: [(1, 3), (1, 2), (3, 2)]
discovery--->=============================================================================
==================================== link detector ====================================

----------------------------
src    dst :    delay
1 <---> 3 : 6.643772125244141
1 <---> 2 : 10.374784469604492
2 <---> 3 : 6.949901580810547
2 <---> 1 : 10.024309158325195
3 <---> 1 : 8.145809173583984
3 <---> 2 : 8.222103118896484
==================================== link detector ====================================

----------------------------
src    dst :    delay
1 <---> 3 : 6.712675094604492
1 <---> 2 : 10.271787643432617
2 <---> 3 : 6.716012954711914
2 <---> 1 : 10.229349136352539
3 <---> 1 : 7.079124450683594
3 <---> 2 : 6.763219833374023
discovery--->==================================== discovery ====================================
discovery---> cls: [(1, 3), (1, 2), (3, 2)]
discovery--->=============================================================================
==================================== link detector ====================================

----------------------------
src    dst :    delay
1 <---> 3 : 7.517814636230469
1 <---> 2 : 10.232925415039062
2 <---> 3 : 6.670713424682617
2 <---> 1 : 9.997844696044922
3 <---> 1 : 7.33637809753418
3 <---> 2 : 6.818294525146484
==================================== link detector ====================================

----------------------------
src    dst :    delay
1 <---> 3 : 7.207393646240234
1 <---> 2 : 10.123729705810547
2 <---> 3 : 8.288145065307617
2 <---> 1 : 8.645296096801758
3 <---> 1 : 8.095026016235352
3 <---> 2 : 6.505489349365234
discovery--->==================================== discovery ====================================
discovery---> cls: [(1, 3), (1, 2), (3, 2)]
discovery--->=============================================================================
==================================== link detector ====================================

----------------------------
src    dst :    delay
1 <---> 3 : 6.717681884765625
1 <---> 2 : 8.98885726928711
2 <---> 3 : 6.886005401611328
2 <---> 1 : 10.272741317749023
3 <---> 1 : 8.129358291625977
3 <---> 2 : 8.158206939697266
discovery--->==================================== discovery ====================================
discovery---> cls: [(1, 3), (1, 2), (3, 2)]
discovery--->=============================================================================
==================================== link detector ====================================

----------------------------
src    dst :    delay
1 <---> 3 : 8.191823959350586
1 <---> 2 : 9.147405624389648
2 <---> 3 : 6.527185440063477
2 <---> 1 : 9.881973266601562
3 <---> 1 : 6.951570510864258
3 <---> 2 : 6.8187713623046875
==================================== link detector ====================================

----------------------------
src    dst :    delay
1 <---> 3 : 6.383419036865234
1 <---> 2 : 10.170698165893555
2 <---> 3 : 8.173704147338867
2 <---> 1 : 9.514093399047852
3 <---> 1 : 6.727457046508789
3 <---> 2 : 8.211612701416016
discovery--->==================================== discovery ====================================
discovery---> cls: [(1, 3), (1, 2), (3, 2)]
discovery--->=============================================================================
==================================== link detector ====================================

----------------------------
src    dst :    delay
1 <---> 3 : 8.815288543701172
1 <---> 2 : 8.747339248657227
2 <---> 3 : 8.097410202026367
2 <---> 1 : 10.116100311279297
3 <---> 1 : 8.137702941894531
3 <---> 2 : 8.128166198730469
discovery--->==================================== discovery ====================================
discovery---> cls: [(1, 3), (1, 2), (3, 2)]
discovery--->=============================================================================
==================================== link detector ====================================

----------------------------
src    dst :    delay
1 <---> 3 : 8.161544799804688
1 <---> 2 : 10.180234909057617
2 <---> 3 : 8.063793182373047
2 <---> 1 : 10.253429412841797
3 <---> 1 : 6.949901580810547
3 <---> 2 : 6.537675857543945
==================================== link detector ====================================

----------------------------
src    dst :    delay
1 <---> 3 : 6.64210319519043
1 <---> 2 : 10.045051574707031
2 <---> 3 : 7.663726806640625
2 <---> 1 : 9.02867317199707
3 <---> 1 : 8.103132247924805
3 <---> 2 : 6.819009780883789
discovery--->==================================== discovery ====================================
discovery---> cls: [(1, 3), (1, 2), (3, 2)]
discovery--->=============================================================================
==================================== link detector ====================================

----------------------------
src    dst :    delay
1 <---> 3 : 8.137226104736328
1 <---> 2 : 8.737325668334961
2 <---> 3 : 7.531166076660156
2 <---> 1 : 9.706974029541016
3 <---> 1 : 8.193254470825195
3 <---> 2 : 8.107900619506836
==================================== link detector ====================================

----------------------------
src    dst :    delay
1 <---> 3 : 8.020639419555664
1 <---> 2 : 8.653640747070312
2 <---> 3 : 7.856130599975586
2 <---> 1 : 8.72349739074707
3 <---> 1 : 8.196353912353516
3 <---> 2 : 8.307456970214844
discovery--->==================================== discovery ====================================
discovery---> cls: [(1, 3), (1, 2), (3, 2)]
discovery--->=============================================================================
==================================== link detector ====================================

----------------------------
src    dst :    delay
1 <---> 3 : 7.669925689697266
1 <---> 2 : 9.774923324584961
2 <---> 3 : 6.186008453369141
2 <---> 1 : 10.106325149536133
3 <---> 1 : 7.149457931518555
3 <---> 2 : 8.041858673095703
discovery--->==================================== discovery ====================================
discovery---> cls: [(1, 3), (1, 2), (3, 2)]
discovery--->=============================================================================
==================================== link detector ====================================

----------------------------
src    dst :    delay
1 <---> 3 : 6.9522857666015625
1 <---> 2 : 9.150981903076172
2 <---> 3 : 6.682872772216797
2 <---> 1 : 9.61613655090332
3 <---> 1 : 7.193088531494141
3 <---> 2 : 7.151365280151367
==================================== link detector ====================================

----------------------------
src    dst :    delay
1 <---> 3 : 6.587743759155273
1 <---> 2 : 9.492158889770508
2 <---> 3 : 8.287191390991211
2 <---> 1 : 10.425567626953125
3 <---> 1 : 8.109331130981445
3 <---> 2 : 7.228851318359375
discovery--->==================================== discovery ====================================
discovery---> cls: [(1, 3), (1, 2), (3, 2)]
discovery--->=============================================================================
==================================== link detector ====================================

----------------------------
src    dst :    delay
1 <---> 3 : 7.622957229614258
1 <---> 2 : 9.866476058959961
2 <---> 3 : 6.997585296630859
2 <---> 1 : 10.226964950561523
3 <---> 1 : 6.478548049926758
3 <---> 2 : 6.90770149230957
