loading app network_structure.py
Matplotlib created a temporary config/cache directory at /tmp/matplotlib-hqm7k15_ because the default path (/home/terry/.config/matplotlib) is not a writable directory; it is highly recommended to set the MPLCONFIGDIR environment variable to a writable directory, in particular to speed up the import of Matplotlib and to better support multiprocessing.
Generating new fontManager, this may take some time...
Failed to extract font properties from /usr/share/fonts/truetype/noto/NotoColorEmoji.ttf: In FT2Font: Can not load face.  Unknown file format.
loading app network_monitor.py
loading app network_delay.py
loading app network_shortest_path.py
loading app arp_handler.py
loading app ryu.controller.ofp_handler
instantiating app None of Switches
creating context switches
instantiating app network_structure.py of NetworkStructure
instantiating app network_monitor.py of NetworkMonitor
instantiating app network_delay.py of NetworkDelay
instantiating app network_shortest_path.py of NetworkShortestPath
instantiating app arp_handler.py of ArpHandler
instantiating app ryu.controller.ofp_handler of OFPHandler
discovery---> AccessPoint: 1 connected
monitor---->register datapath: 1000000000000001
---> OFPPortStatus received: reason=MODIFY desc=OFPPort(port_no=5,hw_addr='c6:80:e7:d8:b7:c0',name=b'ap1-eth5',config=0,state=4,curr=2112,advertised=0,supported=0,peer=0,curr_speed=10000000,max_speed=0)
---> OFPPortStatus received: reason=MODIFY desc=OFPPort(port_no=4294967294,hw_addr='10:00:00:00:00:00',name=b'ap1',config=1,state=1,curr=0,advertised=0,supported=0,peer=0,curr_speed=0,max_speed=0)
---> OFPPortStatus received: reason=MODIFY desc=OFPPort(port_no=4,hw_addr='d2:38:8c:b5:af:e7',name=b'ap1-eth4',config=0,state=4,curr=2112,advertised=0,supported=0,peer=0,curr_speed=10000000,max_speed=0)
---> OFPPortStatus received: reason=MODIFY desc=OFPPort(port_no=1,hw_addr='10:00:00:00:00:00',name=b'ap1-wlan1',config=0,state=4,curr=0,advertised=0,supported=0,peer=0,curr_speed=0,max_speed=0)
---> OFPPortStatus received: reason=MODIFY desc=OFPPort(port_no=3,hw_addr='02:23:cf:95:c7:a2',name=b'ap1-eth3',config=0,state=4,curr=2112,advertised=0,supported=0,peer=0,curr_speed=10000000,max_speed=0)
---> OFPPortStatus received: reason=MODIFY desc=OFPPort(port_no=2,hw_addr='4e:5f:8b:b6:f1:4b',name=b'ap1-eth2',config=0,state=4,curr=2112,advertised=0,supported=0,peer=0,curr_speed=10000000,max_speed=0)
discovery---> AccessPoint: 2 connected
monitor---->register datapath: 1000000000000002
discovery---> AccessPoint: 3 connected
monitor---->register datapath: 1000000000000003
discovery---> AccessPoint: 4 connected
monitor---->register datapath: 1000000000000004
discovery---> AccessPoint: 5 connected
monitor---->register datapath: 1000000000000005
discovery---> AccessPoint: 6 connected
monitor---->register datapath: 1000000000000006
discovery---> AccessPoint: 7 connected
monitor---->register datapath: 1000000000000007
discovery---> AccessPoint: 8 connected
monitor---->register datapath: 1000000000000008
discovery---> AccessPoint: 9 connected
monitor---->register datapath: 1000000000000009
discovery---> AccessPoint: 10 connected
monitor---->register datapath: 100000000000000a
discovery---> AccessPoint: 11 connected
monitor---->register datapath: 100000000000000b
discovery---> AccessPoint: 12 connected
monitor---->register datapath: 100000000000000c
discovery---> AccessPoint: 13 connected
monitor---->register datapath: 100000000000000d
monitor---->register datapath: 100000000000000e
discovery---> AccessPoint: 14 connected
MMMM--->  calculate_loss_of_link error
MMMM--->  calculate_loss_of_link error
MMMM--->  calculate_loss_of_link error
MMMM--->  calculate_loss_of_link error
MMMM--->  calculate_loss_of_link error
MMMM--->  calculate_loss_of_link error
MMMM--->  calculate_loss_of_link error
MMMM--->  calculate_loss_of_link error
MMMM--->  calculate_loss_of_link error
MMMM--->  calculate_loss_of_link error
MMMM--->  calculate_loss_of_link error
MMMM--->  calculate_loss_of_link error
MMMM--->  calculate_loss_of_link error
MMMM--->  calculate_loss_of_link error
MMMM--->  calculate_loss_of_link error
MMMM--->  calculate_loss_of_link error
MMMM--->  calculate_loss_of_link error
MMMM--->  calculate_loss_of_link error
MMMM--->  calculate_loss_of_link error
MMMM--->  calculate_loss_of_link error
MMMM--->  calculate_loss_of_link error
MMMM--->  calculate_loss_of_link error
MMMM--->  calculate_loss_of_link error
MMMM--->  calculate_loss_of_link error
MMMM--->  calculate_loss_of_link error
MMMM--->  calculate_loss_of_link error
MMMM--->  calculate_loss_of_link error
MMMM--->  calculate_loss_of_link error
MMMM--->  calculate_loss_of_link error
MMMM--->  calculate_loss_of_link error
MMMM--->  calculate_loss_of_link error
MMMM--->  calculate_loss_of_link error
MMMM--->  calculate_loss_of_link error
MMMM--->  calculate_loss_of_link error
MMMM--->  calculate_loss_of_link error
MMMM--->  calculate_loss_of_link error
MMMM--->  calculate_loss_of_link error
MMMM--->  calculate_loss_of_link error
MMMM--->  calculate_loss_of_link error
MMMM--->  calculate_loss_of_link error
MMMM--->  calculate_loss_of_link error
MMMM--->  calculate_loss_of_link error
MMMM--->  calculate_loss_of_link error
MMMM--->  calculate_loss_of_link error
MMMM--->  calculate_loss_of_link error
MMMM--->  calculate_loss_of_link error
MMMM--->  calculate_loss_of_link error
MMMM--->  calculate_loss_of_link error
MMMM--->  calculate_loss_of_link error
MMMM--->  calculate_loss_of_link error
MMMM--->  calculate_loss_of_link error
MMMM--->  calculate_loss_of_link error
MMMM--->  calculate_loss_of_link error
MMMM--->  calculate_loss_of_link error
MMMM--->  calculate_loss_of_link error
MMMM--->  calculate_loss_of_link error
MMMM--->  calculate_loss_of_link error
MMMM--->  calculate_loss_of_link error
MMMM--->  calculate_loss_of_link error
MMMM--->  calculate_loss_of_link error
MMMM--->  calculate_loss_of_link error
MMMM--->  calculate_loss_of_link error
MMMM--->  calculate_loss_of_link error
MMMM--->  calculate_loss_of_link error
MMMM--->  calculate_loss_of_link error
MMMM--->  calculate_loss_of_link error
MMMM--->  calculate_loss_of_link error
MMMM--->  calculate_loss_of_link error
MMMM--->  calculate_loss_of_link error
MMMM--->  calculate_loss_of_link error
MMMM--->  calculate_loss_of_link error
MMMM--->  calculate_loss_of_link error
MMMM--->  calculate_loss_of_link error
MMMM--->  calculate_loss_of_link error
MMMM--->  calculate_loss_of_link error
MMMM--->  calculate_loss_of_link error
MMMM--->  calculate_loss_of_link error
MMMM--->  calculate_loss_of_link error
MMMM--->  calculate_loss_of_link error
MMMM--->  calculate_loss_of_link error
MMMM--->  calculate_loss_of_link error
MMMM--->  calculate_loss_of_link error
MMMM--->  calculate_loss_of_link error
MMMM--->  calculate_loss_of_link error
MMMM--->  calculate_loss_of_link error
MMMM--->  calculate_loss_of_link error
MMMM--->  calculate_loss_of_link error
MMMM--->  calculate_loss_of_link error
MMMM--->  calculate_loss_of_link error
MMMM--->  calculate_loss_of_link error
MMMM--->  calculate_loss_of_link error
MMMM--->  calculate_loss_of_link error
MMMM--->  calculate_loss_of_link error
MMMM--->  calculate_loss_of_link error
MMMM--->  calculate_loss_of_link error
MMMM--->  calculate_loss_of_link error
MMMM--->  calculate_loss_of_link error
MMMM--->  calculate_loss_of_link error
MMMM--->  calculate_loss_of_link error
MMMM--->  calculate_loss_of_link error
MMMM--->  calculate_loss_of_link error
MMMM--->  calculate_loss_of_link error
MMMM--->  calculate_loss_of_link error
MMMM--->  calculate_loss_of_link error
MMMM--->  calculate_loss_of_link error
MMMM--->  calculate_loss_of_link error
MMMM--->  calculate_loss_of_link error
MMMM--->  calculate_loss_of_link error
MMMM--->  calculate_loss_of_link error
MMMM--->  calculate_loss_of_link error
MMMM--->  calculate_loss_of_link error
MMMM--->  calculate_loss_of_link error
MMMM--->  calculate_loss_of_link error
MMMM--->  calculate_loss_of_link error
MMMM--->  calculate_loss_of_link error
MMMM--->  calculate_loss_of_link error
MMMM--->  calculate_loss_of_link error
MMMM--->  calculate_loss_of_link error
MMMM--->  calculate_loss_of_link error
MMMM--->  calculate_loss_of_link error
MMMM--->  calculate_loss_of_link error
MMMM--->  calculate_loss_of_link error
MMMM--->  calculate_loss_of_link error
MMMM--->  calculate_loss_of_link error
MMMM--->  calculate_loss_of_link error
MMMM--->  calculate_loss_of_link error
MMMM--->  calculate_loss_of_link error
MMMM--->  calculate_loss_of_link error
MMMM--->  calculate_loss_of_link error
MMMM--->  calculate_loss_of_link error
MMMM--->  calculate_loss_of_link error
MMMM--->  calculate_loss_of_link error
MMMM--->  calculate_loss_of_link error
MMMM--->  calculate_loss_of_link error
MMMM--->  calculate_loss_of_link error
MMMM--->  calculate_loss_of_link error
MMMM--->  calculate_loss_of_link error
MMMM--->  calculate_loss_of_link error
MMMM--->  calculate_loss_of_link error
MMMM--->  calculate_loss_of_link error
MMMM--->  calculate_loss_of_link error
MMMM--->  calculate_loss_of_link error
MMMM--->  calculate_loss_of_link error
MMMM--->  calculate_loss_of_link error
MMMM--->  calculate_loss_of_link error
MMMM--->  calculate_loss_of_link error
MMMM--->  calculate_loss_of_link error
MMMM--->  calculate_loss_of_link error
MMMM--->  calculate_loss_of_link error
MMMM--->  calculate_loss_of_link error
MMMM--->  calculate_loss_of_link error
MMMM--->  calculate_loss_of_link error
MMMM--->  calculate_loss_of_link error
MMMM--->  calculate_loss_of_link error
MMMM--->  calculate_loss_of_link error
MMMM--->  calculate_loss_of_link error
MMMM--->  calculate_loss_of_link error
MMMM--->  calculate_loss_of_link error
MMMM--->  calculate_loss_of_link error
MMMM--->  calculate_loss_of_link error
MMMM--->  calculate_loss_of_link error
MMMM--->  calculate_loss_of_link error
MMMM--->  calculate_loss_of_link error
MMMM--->  calculate_loss_of_link error
MMMM--->  calculate_loss_of_link error
MMMM--->  calculate_loss_of_link error
MMMM--->  calculate_loss_of_link error
MMMM--->  calculate_loss_of_link error
MMMM--->  calculate_loss_of_link error
MMMM--->  calculate_loss_of_link error
MMMM--->  calculate_loss_of_link error
MMMM--->  calculate_loss_of_link error
MMMM--->  calculate_loss_of_link error
MMMM--->  calculate_loss_of_link error
MMMM--->  calculate_loss_of_link error
MMMM--->  calculate_loss_of_link error
MMMM--->  calculate_loss_of_link error
MMMM--->  calculate_loss_of_link error
MMMM--->  calculate_loss_of_link error
MMMM--->  calculate_loss_of_link error
MMMM--->  calculate_loss_of_link error
MMMM--->  calculate_loss_of_link error
MMMM--->  calculate_loss_of_link error
MMMM--->  calculate_loss_of_link error
MMMM--->  calculate_loss_of_link error
MMMM--->  calculate_loss_of_link error
MMMM--->  calculate_loss_of_link error
MMMM--->  calculate_loss_of_link error
MMMM--->  calculate_loss_of_link error
MMMM--->  calculate_loss_of_link error
MMMM--->  calculate_loss_of_link error
MMMM--->  calculate_loss_of_link error
MMMM--->  calculate_loss_of_link error
MMMM--->  calculate_loss_of_link error
MMMM--->  calculate_loss_of_link error
MMMM--->  calculate_loss_of_link error
MMMM--->  calculate_loss_of_link error
MMMM--->  calculate_loss_of_link error
MMMM--->  calculate_loss_of_link error
MMMM--->  calculate_loss_of_link error
MMMM--->  calculate_loss_of_link error
MMMM--->  calculate_loss_of_link error
MMMM--->  calculate_loss_of_link error
MMMM--->  calculate_loss_of_link error
MMMM--->  calculate_loss_of_link error
MMMM--->  calculate_loss_of_link error
MMMM--->  calculate_loss_of_link error
MMMM--->  calculate_loss_of_link error
MMMM--->  calculate_loss_of_link error
MMMM--->  calculate_loss_of_link error
MMMM--->  calculate_loss_of_link error
MMMM--->  calculate_loss_of_link error
MMMM--->  calculate_loss_of_link error
MMMM--->  calculate_loss_of_link error
MMMM--->  calculate_loss_of_link error
MMMM--->  calculate_loss_of_link error
MMMM--->  calculate_loss_of_link error
MMMM--->  calculate_loss_of_link error
MMMM--->  calculate_loss_of_link error
MMMM--->  calculate_loss_of_link error
MMMM--->  calculate_loss_of_link error
MMMM--->  calculate_loss_of_link error
MMMM--->  calculate_loss_of_link error
MMMM--->  calculate_loss_of_link error
MMMM--->  calculate_loss_of_link error
MMMM--->  calculate_loss_of_link error
MMMM--->  calculate_loss_of_link error
MMMM--->  calculate_loss_of_link error
MMMM--->  calculate_loss_of_link error
MMMM--->  calculate_loss_of_link error
MMMM--->  calculate_loss_of_link error
MMMM--->  calculate_loss_of_link error
MMMM--->  calculate_loss_of_link error
MMMM--->  calculate_loss_of_link error
MMMM--->  calculate_loss_of_link error
MMMM--->  calculate_loss_of_link error
MMMM--->  calculate_loss_of_link error
MMMM--->  calculate_loss_of_link error
MMMM--->  calculate_loss_of_link error
MMMM--->  calculate_loss_of_link error
MMMM--->  calculate_loss_of_link error
MMMM--->  calculate_loss_of_link error
MMMM--->  calculate_loss_of_link error
MMMM--->  calculate_loss_of_link error
MMMM--->  calculate_loss_of_link error
MMMM--->  calculate_loss_of_link error
MMMM--->  calculate_loss_of_link error
MMMM--->  calculate_loss_of_link error
MMMM--->  calculate_loss_of_link error
MMMM--->  calculate_loss_of_link error
MMMM--->  calculate_loss_of_link error
MMMM--->  calculate_loss_of_link error
MMMM--->  calculate_loss_of_link error
MMMM--->  calculate_loss_of_link error
MMMM--->  calculate_loss_of_link error
MMMM--->  calculate_loss_of_link error
MMMM--->  calculate_loss_of_link error
MMMM--->  calculate_loss_of_link error
MMMM--->  calculate_loss_of_link error
MMMM--->  calculate_loss_of_link error
MMMM--->  calculate_loss_of_link error
MMMM--->  calculate_loss_of_link error
MMMM--->  calculate_loss_of_link error
MMMM--->  calculate_loss_of_link error
MMMM--->  calculate_loss_of_link error
MMMM--->  calculate_loss_of_link error
MMMM--->  calculate_loss_of_link error
MMMM--->  calculate_loss_of_link error
MMMM--->  calculate_loss_of_link error
MMMM--->  calculate_loss_of_link error
MMMM--->  calculate_loss_of_link error
MMMM--->  calculate_loss_of_link error
MMMM--->  calculate_loss_of_link error
MMMM--->  calculate_loss_of_link error
MMMM--->  calculate_loss_of_link error
MMMM--->  calculate_loss_of_link error
MMMM--->  calculate_loss_of_link error
MMMM--->  calculate_loss_of_link error
MMMM--->  calculate_loss_of_link error
MMMM--->  calculate_loss_of_link error
MMMM--->  calculate_loss_of_link error
MMMM--->  calculate_loss_of_link error
MMMM--->  calculate_loss_of_link error
MMMM--->  calculate_loss_of_link error
MMMM--->  calculate_loss_of_link error
MMMM--->  calculate_loss_of_link error
MMMM--->  calculate_loss_of_link error
MMMM--->  calculate_loss_of_link error
MMMM--->  calculate_loss_of_link error
MMMM--->  calculate_loss_of_link error
MMMM--->  calculate_loss_of_link error
MMMM--->  calculate_loss_of_link error
MMMM--->  calculate_loss_of_link error
MMMM--->  calculate_loss_of_link error
MMMM--->  calculate_loss_of_link error
MMMM--->  calculate_loss_of_link error
MMMM--->  calculate_loss_of_link error
MMMM--->  calculate_loss_of_link error
MMMM--->  calculate_loss_of_link error
MMMM--->  calculate_loss_of_link error
MMMM--->  calculate_loss_of_link error
MMMM--->  calculate_loss_of_link error
MMMM--->  calculate_loss_of_link error
MMMM--->  calculate_loss_of_link error
MMMM--->  calculate_loss_of_link error
MMMM--->  calculate_loss_of_link error
MMMM--->  calculate_loss_of_link error
MMMM--->  calculate_loss_of_link error
MMMM--->  calculate_loss_of_link error
MMMM--->  calculate_loss_of_link error
MMMM--->  calculate_loss_of_link error
MMMM--->  calculate_loss_of_link error
MMMM--->  calculate_loss_of_link error
MMMM--->  calculate_loss_of_link error
MMMM--->  calculate_loss_of_link error
MMMM--->  calculate_loss_of_link error
MMMM--->  calculate_loss_of_link error
MMMM--->  calculate_loss_of_link error
MMMM--->  calculate_loss_of_link error
MMMM--->  calculate_loss_of_link error
MMMM--->  calculate_loss_of_link error
MMMM--->  calculate_loss_of_link error
MMMM--->  calculate_loss_of_link error
MMMM--->  calculate_loss_of_link error
MMMM--->  calculate_loss_of_link error
MMMM--->  calculate_loss_of_link error
MMMM--->  calculate_loss_of_link error
MMMM--->  calculate_loss_of_link error
MMMM--->  calculate_loss_of_link error
MMMM--->  calculate_loss_of_link error
MMMM--->  calculate_loss_of_link error
MMMM--->  calculate_loss_of_link error
MMMM--->  calculate_loss_of_link error
MMMM--->  calculate_loss_of_link error
MMMM--->  calculate_loss_of_link error
MMMM--->  calculate_loss_of_link error
MMMM--->  calculate_loss_of_link error
MMMM--->  calculate_loss_of_link error
MMMM--->  calculate_loss_of_link error
MMMM--->  calculate_loss_of_link error
MMMM--->  calculate_loss_of_link error
MMMM--->  calculate_loss_of_link error
MMMM--->  calculate_loss_of_link error
MMMM--->  calculate_loss_of_link error
MMMM--->  calculate_loss_of_link error
MMMM--->  calculate_loss_of_link error
MMMM--->  calculate_loss_of_link error
MMMM--->  calculate_loss_of_link error
MMMM--->  calculate_loss_of_link error
MMMM--->  calculate_loss_of_link error
MMMM--->  calculate_loss_of_link error
MMMM--->  calculate_loss_of_link error
MMMM--->  calculate_loss_of_link error
MMMM--->  calculate_loss_of_link error
MMMM--->  calculate_loss_of_link error
MMMM--->  calculate_loss_of_link error
MMMM--->  calculate_loss_of_link error
MMMM--->  calculate_loss_of_link error
MMMM--->  calculate_loss_of_link error
MMMM--->  calculate_loss_of_link error
MMMM--->  calculate_loss_of_link error
MMMM--->  calculate_loss_of_link error
MMMM--->  calculate_loss_of_link error
MMMM--->  calculate_loss_of_link error
MMMM--->  calculate_loss_of_link error
MMMM--->  calculate_loss_of_link error
MMMM--->  calculate_loss_of_link error
MMMM--->  calculate_loss_of_link error
MMMM--->  calculate_loss_of_link error
MMMM--->  calculate_loss_of_link error
MMMM--->  calculate_loss_of_link error
MMMM--->  calculate_loss_of_link error
MMMM--->  calculate_loss_of_link error
MMMM--->  calculate_loss_of_link error
MMMM--->  calculate_loss_of_link error
MMMM--->  calculate_loss_of_link error
monitor: Exception occurred during handler processing. Backtrace from offending handler [port_desc_stats_reply_handler] servicing event [EventOFPPortDescStatsReply] follows.
Traceback (most recent call last):
  File "/usr/local/lib/python3.6/dist-packages/ryu/base/app_manager.py", line 290, in _event_loop
    handler(ev)
  File "/home/terry/LJQ/Task/ryu_code/network_monitor.py", line 150, in port_desc_stats_reply_handler
    self.dpid_port_fueatures_table[dpid][ofport.port_no] = port_features
KeyError: 14
MMMM--->  calculate_loss_of_link error
MMMM--->  calculate_loss_of_link error
MMMM--->  calculate_loss_of_link error
MMMM--->  calculate_loss_of_link error
MMMM--->  calculate_loss_of_link error
MMMM--->  calculate_loss_of_link error
MMMM--->  calculate_loss_of_link error
MMMM--->  calculate_loss_of_link error
MMMM--->  calculate_loss_of_link error
MMMM--->  calculate_loss_of_link error
MMMM--->  calculate_loss_of_link error
MMMM--->  calculate_loss_of_link error
MMMM--->  calculate_loss_of_link error
MMMM--->  calculate_loss_of_link error
MMMM--->  calculate_loss_of_link error
MMMM--->  calculate_loss_of_link error
MMMM--->  calculate_loss_of_link error
MMMM--->  calculate_loss_of_link error
MMMM--->  calculate_loss_of_link error
MMMM--->  calculate_loss_of_link error
MMMM--->  calculate_loss_of_link error
MMMM--->  calculate_loss_of_link error
MMMM--->  calculate_loss_of_link error
MMMM--->  calculate_loss_of_link error
MMMM--->  calculate_loss_of_link error
MMMM--->  calculate_loss_of_link error
MMMM--->  calculate_loss_of_link error
MMMM--->  calculate_loss_of_link error
MMMM--->  calculate_loss_of_link error
MMMM--->  calculate_loss_of_link error
MMMM--->  calculate_loss_of_link error
MMMM--->  calculate_loss_of_link error
MMMM--->  calculate_loss_of_link error
MMMM--->  calculate_loss_of_link error
MMMM--->  calculate_loss_of_link error
MMMM--->  calculate_loss_of_link error
MMMM--->  calculate_loss_of_link error
MMMM--->  calculate_loss_of_link error
MMMM--->  calculate_loss_of_link error
MMMM--->  calculate_loss_of_link error
MMMM--->  calculate_loss_of_link error
MMMM--->  calculate_loss_of_link error
MMMM--->  calculate_loss_of_link error
MMMM--->  calculate_loss_of_link error
MMMM--->  calculate_loss_of_link error
MMMM--->  calculate_loss_of_link error
MMMM--->  calculate_loss_of_link error
MMMM--->  calculate_loss_of_link error
MMMM--->  calculate_loss_of_link error
MMMM--->  calculate_loss_of_link error
MMMM--->  calculate_loss_of_link error
MMMM--->  calculate_loss_of_link error
MMMM--->  calculate_loss_of_link error
MMMM--->  calculate_loss_of_link error
MMMM--->  calculate_loss_of_link error
MMMM--->  calculate_loss_of_link error
MMMM--->  calculate_loss_of_link error
MMMM--->  calculate_loss_of_link error
MMMM--->  calculate_loss_of_link error
MMMM--->  calculate_loss_of_link error
MMMM--->  calculate_loss_of_link error
MMMM--->  calculate_loss_of_link error
MMMM--->  calculate_loss_of_link error
MMMM--->  calculate_loss_of_link error
MMMM--->  calculate_loss_of_link error
MMMM--->  calculate_loss_of_link error
MMMM--->  calculate_loss_of_link error
MMMM--->  calculate_loss_of_link error
MMMM--->  calculate_loss_of_link error
MMMM--->  calculate_loss_of_link error
MMMM--->  calculate_loss_of_link error
MMMM--->  calculate_loss_of_link error
MMMM--->  calculate_loss_of_link error
MMMM--->  calculate_loss_of_link error
MMMM--->  calculate_loss_of_link error
MMMM--->  calculate_loss_of_link error
MMMM--->  calculate_loss_of_link error
MMMM--->  calculate_loss_of_link error
MMMM--->  calculate_loss_of_link error
MMMM--->  calculate_loss_of_link error
MMMM--->  calculate_loss_of_link error
MMMM--->  calculate_loss_of_link error
MMMM--->  calculate_loss_of_link error
MMMM--->  calculate_loss_of_link error
MMMM--->  calculate_loss_of_link error
MMMM--->  calculate_loss_of_link error
MMMM--->  calculate_loss_of_link error
MMMM--->  calculate_loss_of_link error
MMMM--->  calculate_loss_of_link error
MMMM--->  calculate_loss_of_link error
MMMM--->  calculate_loss_of_link error
MMMM--->  calculate_loss_of_link error
MMMM--->  calculate_loss_of_link error
MMMM--->  calculate_loss_of_link error
MMMM--->  calculate_loss_of_link error
MMMM--->  calculate_loss_of_link error
MMMM--->  calculate_loss_of_link error
MMMM--->  calculate_loss_of_link error
MMMM--->  calculate_loss_of_link error
MMMM--->  calculate_loss_of_link error
MMMM--->  calculate_loss_of_link error
MMMM--->  calculate_loss_of_link error
MMMM--->  calculate_loss_of_link error
MMMM--->  calculate_loss_of_link error
MMMM--->  calculate_loss_of_link error
MMMM--->  calculate_loss_of_link error
MMMM--->  calculate_loss_of_link error
MMMM--->  calculate_loss_of_link error
MMMM--->  calculate_loss_of_link error
MMMM--->  calculate_loss_of_link error
MMMM--->  calculate_loss_of_link error
MMMM--->  calculate_loss_of_link error
MMMM--->  calculate_loss_of_link error
MMMM--->  calculate_loss_of_link error
MMMM--->  calculate_loss_of_link error
MMMM--->  calculate_loss_of_link error
MMMM--->  calculate_loss_of_link error
MMMM--->  calculate_loss_of_link error
MMMM--->  calculate_loss_of_link error
MMMM--->  calculate_loss_of_link error
MMMM--->  calculate_loss_of_link error
MMMM--->  calculate_loss_of_link error
MMMM--->  calculate_loss_of_link error
MMMM--->  calculate_loss_of_link error
MMMM--->  calculate_loss_of_link error
MMMM--->  calculate_loss_of_link error
MMMM--->  calculate_loss_of_link error
MMMM--->  calculate_loss_of_link error
MMMM--->  calculate_loss_of_link error
MMMM--->  calculate_loss_of_link error
MMMM--->  calculate_loss_of_link error
MMMM--->  calculate_loss_of_link error
MMMM--->  calculate_loss_of_link error
MMMM--->  calculate_loss_of_link error
MMMM--->  calculate_loss_of_link error
MMMM--->  calculate_loss_of_link error
MMMM--->  calculate_loss_of_link error
MMMM--->  calculate_loss_of_link error
MMMM--->  calculate_loss_of_link error
MMMM--->  calculate_loss_of_link error
MMMM--->  calculate_loss_of_link error
MMMM--->  calculate_loss_of_link error
MMMM--->  calculate_loss_of_link error
MMMM--->  calculate_loss_of_link error
MMMM--->  calculate_loss_of_link error
MMMM--->  calculate_loss_of_link error
MMMM--->  calculate_loss_of_link error
MMMM--->  calculate_loss_of_link error
MMMM--->  calculate_loss_of_link error
MMMM--->  calculate_loss_of_link error
MMMM--->  calculate_loss_of_link error
MMMM--->  calculate_loss_of_link error
MMMM--->  calculate_loss_of_link error
MMMM--->  calculate_loss_of_link error
MMMM--->  calculate_loss_of_link error
MMMM--->  calculate_loss_of_link error
MMMM--->  calculate_loss_of_link error
MMMM--->  calculate_loss_of_link error
MMMM--->  calculate_loss_of_link error
MMMM--->  calculate_loss_of_link error
MMMM--->  calculate_loss_of_link error
MMMM--->  calculate_loss_of_link error
MMMM--->  calculate_loss_of_link error
MMMM--->  calculate_loss_of_link error
MMMM--->  calculate_loss_of_link error
MMMM--->  calculate_loss_of_link error
MMMM--->  calculate_loss_of_link error
MMMM--->  calculate_loss_of_link error
MMMM--->  calculate_loss_of_link error
MMMM--->  calculate_loss_of_link error
MMMM--->  calculate_loss_of_link error
MMMM--->  calculate_loss_of_link error
MMMM--->  calculate_loss_of_link error
MMMM--->  calculate_loss_of_link error
MMMM--->  calculate_loss_of_link error
MMMM--->  calculate_loss_of_link error
MMMM--->  calculate_loss_of_link error
MMMM--->  calculate_loss_of_link error
MMMM--->  calculate_loss_of_link error
MMMM--->  calculate_loss_of_link error
MMMM--->  calculate_loss_of_link error
MMMM--->  calculate_loss_of_link error
MMMM--->  calculate_loss_of_link error
MMMM--->  calculate_loss_of_link error
MMMM--->  calculate_loss_of_link error
MMMM--->  calculate_loss_of_link error
MMMM--->  calculate_loss_of_link error
MMMM--->  calculate_loss_of_link error
MMMM--->  calculate_loss_of_link error
MMMM--->  calculate_loss_of_link error
MMMM--->  calculate_loss_of_link error
MMMM--->  calculate_loss_of_link error
MMMM--->  calculate_loss_of_link error
MMMM--->  calculate_loss_of_link error
MMMM--->  calculate_loss_of_link error
MMMM--->  calculate_loss_of_link error
MMMM--->  calculate_loss_of_link error
MMMM--->  calculate_loss_of_link error
MMMM--->  calculate_loss_of_link error
MMMM--->  calculate_loss_of_link error
MMMM--->  calculate_loss_of_link error
MMMM--->  calculate_loss_of_link error
MMMM--->  calculate_loss_of_link error
MMMM--->  calculate_loss_of_link error
MMMM--->  calculate_loss_of_link error
MMMM--->  calculate_loss_of_link error
MMMM--->  calculate_loss_of_link error
MMMM--->  calculate_loss_of_link error
MMMM--->  calculate_loss_of_link error
MMMM--->  calculate_loss_of_link error
MMMM--->  calculate_loss_of_link error
MMMM--->  calculate_loss_of_link error
MMMM--->  calculate_loss_of_link error
MMMM--->  calculate_loss_of_link error
MMMM--->  calculate_loss_of_link error
MMMM--->  calculate_loss_of_link error
MMMM--->  calculate_loss_of_link error
MMMM--->  calculate_loss_of_link error
MMMM--->  calculate_loss_of_link error
MMMM--->  calculate_loss_of_link error
MMMM--->  calculate_loss_of_link error
MMMM--->  calculate_loss_of_link error
MMMM--->  calculate_loss_of_link error
MMMM--->  calculate_loss_of_link error
MMMM--->  calculate_loss_of_link error
MMMM--->  calculate_loss_of_link error
MMMM--->  calculate_loss_of_link error
MMMM--->  calculate_loss_of_link error
MMMM--->  calculate_loss_of_link error
MMMM--->  calculate_loss_of_link error
MMMM--->  calculate_loss_of_link error
MMMM--->  calculate_loss_of_link error
MMMM--->  calculate_loss_of_link error
MMMM--->  calculate_loss_of_link error
MMMM--->  calculate_loss_of_link error
MMMM--->  calculate_loss_of_link error
MMMM--->  calculate_loss_of_link error
MMMM--->  calculate_loss_of_link error
MMMM--->  calculate_loss_of_link error
MMMM--->  calculate_loss_of_link error
MMMM--->  calculate_loss_of_link error
MMMM--->  calculate_loss_of_link error
MMMM--->  calculate_loss_of_link error
MMMM--->  calculate_loss_of_link error
MMMM--->  calculate_loss_of_link error
MMMM--->  calculate_loss_of_link error
MMMM--->  calculate_loss_of_link error
MMMM--->  calculate_loss_of_link error
MMMM--->  calculate_loss_of_link error
MMMM--->  calculate_loss_of_link error
MMMM--->  calculate_loss_of_link error
MMMM--->  calculate_loss_of_link error
MMMM--->  calculate_loss_of_link error
MMMM--->  calculate_loss_of_link error
MMMM--->  calculate_loss_of_link error
MMMM--->  calculate_loss_of_link error
MMMM--->  calculate_loss_of_link error
MMMM--->  calculate_loss_of_link error
MMMM--->  calculate_loss_of_link error
MMMM--->  calculate_loss_of_link error
MMMM--->  calculate_loss_of_link error
MMMM--->  calculate_loss_of_link error
MMMM--->  calculate_loss_of_link error
MMMM--->  calculate_loss_of_link error
MMMM--->  calculate_loss_of_link error
MMMM--->  calculate_loss_of_link error
MMMM--->  calculate_loss_of_link error
MMMM--->  calculate_loss_of_link error
MMMM--->  calculate_loss_of_link error
MMMM--->  calculate_loss_of_link error
MMMM--->  calculate_loss_of_link error
MMMM--->  calculate_loss_of_link error
MMMM--->  calculate_loss_of_link error
MMMM--->  calculate_loss_of_link error
MMMM--->  calculate_loss_of_link error
MMMM--->  calculate_loss_of_link error
MMMM--->  calculate_loss_of_link error
MMMM--->  calculate_loss_of_link error
MMMM--->  calculate_loss_of_link error
MMMM--->  calculate_loss_of_link error
MMMM--->  calculate_loss_of_link error
MMMM--->  calculate_loss_of_link error
MMMM--->  calculate_loss_of_link error
MMMM--->  calculate_loss_of_link error
MMMM--->  calculate_loss_of_link error
MMMM--->  calculate_loss_of_link error
MMMM--->  calculate_loss_of_link error
MMMM--->  calculate_loss_of_link error
MMMM--->  calculate_loss_of_link error
MMMM--->  calculate_loss_of_link error
MMMM--->  calculate_loss_of_link error
MMMM--->  calculate_loss_of_link error
MMMM--->  calculate_loss_of_link error
MMMM--->  calculate_loss_of_link error
MMMM--->  calculate_loss_of_link error
MMMM--->  calculate_loss_of_link error
MMMM--->  calculate_loss_of_link error
MMMM--->  calculate_loss_of_link error
MMMM--->  calculate_loss_of_link error
MMMM--->  calculate_loss_of_link error
MMMM--->  calculate_loss_of_link error
MMMM--->  calculate_loss_of_link error
MMMM--->  calculate_loss_of_link error
MMMM--->  calculate_loss_of_link error
MMMM--->  calculate_loss_of_link error
MMMM--->  calculate_loss_of_link error
MMMM--->  calculate_loss_of_link error
MMMM--->  calculate_loss_of_link error
MMMM--->  calculate_loss_of_link error
MMMM--->  calculate_loss_of_link error
MMMM--->  calculate_loss_of_link error
MMMM--->  calculate_loss_of_link error
MMMM--->  calculate_loss_of_link error
MMMM--->  calculate_loss_of_link error
MMMM--->  calculate_loss_of_link error
MMMM--->  calculate_loss_of_link error
MMMM--->  calculate_loss_of_link error
MMMM--->  calculate_loss_of_link error
MMMM--->  calculate_loss_of_link error
MMMM--->  calculate_loss_of_link error
MMMM--->  calculate_loss_of_link error
MMMM--->  calculate_loss_of_link error
MMMM--->  calculate_loss_of_link error
MMMM--->  calculate_loss_of_link error
MMMM--->  calculate_loss_of_link error
MMMM--->  calculate_loss_of_link error
MMMM--->  calculate_loss_of_link error
MMMM--->  calculate_loss_of_link error
MMMM--->  calculate_loss_of_link error
MMMM--->  calculate_loss_of_link error
MMMM--->  calculate_loss_of_link error
MMMM--->  calculate_loss_of_link error
MMMM--->  calculate_loss_of_link error
MMMM--->  calculate_loss_of_link error
MMMM--->  calculate_loss_of_link error
MMMM--->  calculate_loss_of_link error
MMMM--->  calculate_loss_of_link error
MMMM--->  calculate_loss_of_link error
MMMM--->  calculate_loss_of_link error
MMMM--->  calculate_loss_of_link error
MMMM--->  calculate_loss_of_link error
MMMM--->  calculate_loss_of_link error
MMMM--->  calculate_loss_of_link error
MMMM--->  calculate_loss_of_link error
MMMM--->  calculate_loss_of_link error
MMMM--->  calculate_loss_of_link error
MMMM--->  calculate_loss_of_link error
MMMM--->  calculate_loss_of_link error
MMMM--->  calculate_loss_of_link error
MMMM--->  calculate_loss_of_link error
MMMM--->  calculate_loss_of_link error
MMMM--->  calculate_loss_of_link error
MMMM--->  calculate_loss_of_link error
MMMM--->  calculate_loss_of_link error
MMMM--->  calculate_loss_of_link error
MMMM--->  calculate_loss_of_link error
MMMM--->  calculate_loss_of_link error
MMMM--->  calculate_loss_of_link error
MMMM--->  calculate_loss_of_link error
MMMM--->  calculate_loss_of_link error
MMMM--->  calculate_loss_of_link error
MMMM--->  calculate_loss_of_link error
MMMM--->  calculate_loss_of_link error
MMMM--->  calculate_loss_of_link error
MMMM--->  calculate_loss_of_link error
MMMM--->  calculate_loss_of_link error
MMMM--->  calculate_loss_of_link error
MMMM--->  calculate_loss_of_link error
MMMM--->  calculate_loss_of_link error
MMMM--->  calculate_loss_of_link error
MMMM--->  calculate_loss_of_link error
MMMM--->  calculate_loss_of_link error
MMMM--->  calculate_loss_of_link error
MMMM--->  calculate_loss_of_link error
MMMM--->  calculate_loss_of_link error
MMMM--->  calculate_loss_of_link error
MMMM--->  calculate_loss_of_link error
MMMM--->  calculate_loss_of_link error
MMMM--->  calculate_loss_of_link error
MMMM--->  calculate_loss_of_link error
MMMM--->  calculate_loss_of_link error
MMMM--->  calculate_loss_of_link error
MMMM--->  calculate_loss_of_link error
MMMM--->  calculate_loss_of_link error
MMMM--->  calculate_loss_of_link error
MMMM--->  calculate_loss_of_link error
MMMM--->  calculate_loss_of_link error
MMMM--->  calculate_loss_of_link error
MMMM--->  calculate_loss_of_link error
MMMM--->  calculate_loss_of_link error
MMMM--->  calculate_loss_of_link error
MMMM--->  calculate_loss_of_link error
MMMM--->  calculate_loss_of_link error
MMMM--->  calculate_loss_of_link error
MMMM--->  calculate_loss_of_link error
MMMM--->  calculate_loss_of_link error
MMMM--->  calculate_loss_of_link error
MMMM--->  calculate_loss_of_link error
MMMM--->  calculate_loss_of_link error
MMMM--->  calculate_loss_of_link error
MMMM--->  calculate_loss_of_link error
MMMM--->  calculate_loss_of_link error
MMMM--->  calculate_loss_of_link error
MMMM--->  calculate_loss_of_link error
MMMM--->  calculate_loss_of_link error
MMMM--->  calculate_loss_of_link error
MMMM--->  calculate_loss_of_link error
MMMM--->  calculate_loss_of_link error
MMMM--->  calculate_loss_of_link error
MMMM--->  calculate_loss_of_link error
MMMM--->  calculate_loss_of_link error
MMMM--->  calculate_loss_of_link error
MMMM--->  calculate_loss_of_link error
MMMM--->  calculate_loss_of_link error
MMMM--->  calculate_loss_of_link error
MMMM--->  calculate_loss_of_link error
MMMM--->  calculate_loss_of_link error
MMMM--->  calculate_loss_of_link error
MMMM--->  calculate_loss_of_link error
MMMM--->  calculate_loss_of_link error
MMMM--->  calculate_loss_of_link error
MMMM--->  calculate_loss_of_link error
MMMM--->  calculate_loss_of_link error
MMMM--->  calculate_loss_of_link error
MMMM--->  calculate_loss_of_link error
MMMM--->  calculate_loss_of_link error
MMMM--->  calculate_loss_of_link error
MMMM--->  calculate_loss_of_link error
MMMM--->  calculate_loss_of_link error
MMMM--->  calculate_loss_of_link error
MMMM--->  calculate_loss_of_link error
MMMM--->  calculate_loss_of_link error
MMMM--->  calculate_loss_of_link error
MMMM--->  calculate_loss_of_link error
MMMM--->  calculate_loss_of_link error
MMMM--->  calculate_loss_of_link error
MMMM--->  calculate_loss_of_link error
MMMM--->  calculate_loss_of_link error
MMMM--->  calculate_loss_of_link error
MMMM--->  calculate_loss_of_link error
MMMM--->  calculate_loss_of_link error
MMMM--->  calculate_loss_of_link error
MMMM--->  calculate_loss_of_link error
MMMM--->  calculate_loss_of_link error
MMMM--->  calculate_loss_of_link error
MMMM--->  calculate_loss_of_link error
MMMM--->  calculate_loss_of_link error
MMMM--->  calculate_loss_of_link error
MMMM--->  calculate_loss_of_link error
MMMM--->  calculate_loss_of_link error
MMMM--->  calculate_loss_of_link error
MMMM--->  calculate_loss_of_link error
MMMM--->  calculate_loss_of_link error
MMMM--->  calculate_loss_of_link error
MMMM--->  calculate_loss_of_link error
MMMM--->  calculate_loss_of_link error
MMMM--->  calculate_loss_of_link error
MMMM--->  calculate_loss_of_link error
MMMM--->  calculate_loss_of_link error
MMMM--->  calculate_loss_of_link error
MMMM--->  calculate_loss_of_link error
MMMM--->  calculate_loss_of_link error
MMMM--->  calculate_loss_of_link error
MMMM--->  calculate_loss_of_link error
MMMM--->  calculate_loss_of_link error
MMMM--->  calculate_loss_of_link error
MMMM--->  calculate_loss_of_link error
MMMM--->  calculate_loss_of_link error
MMMM--->  calculate_loss_of_link error
MMMM--->  calculate_loss_of_link error
MMMM--->  calculate_loss_of_link error
MMMM--->  calculate_loss_of_link error
MMMM--->  calculate_loss_of_link error
MMMM--->  calculate_loss_of_link error
MMMM--->  calculate_loss_of_link error
MMMM--->  calculate_loss_of_link error
MMMM--->  calculate_loss_of_link error
MMMM--->  calculate_loss_of_link error
MMMM--->  calculate_loss_of_link error
MMMM--->  calculate_loss_of_link error
MMMM--->  calculate_loss_of_link error
MMMM--->  calculate_loss_of_link error
MMMM--->  calculate_loss_of_link error
MMMM--->  calculate_loss_of_link error
ArpHandler: Exception occurred during handler processing. Backtrace from offending handler [_packet_in_handler] servicing event [EventOFPPacketIn] follows.
Traceback (most recent call last):
  File "/usr/local/lib/python3.6/dist-packages/ryu/base/app_manager.py", line 290, in _event_loop
    handler(ev)
  File "/home/terry/LJQ/Task/ryu_code/arp_handler.py", line 84, in _packet_in_handler
    datapath = self.monitor.datapaths_table[dpid]
KeyError: 14
shortest=====>[PATH] [192.168.0.1 <----> 192.168.0.2]: [1, 4, 2]
ArpHandler: Exception occurred during handler processing. Backtrace from offending handler [_packet_in_handler] servicing event [EventOFPPacketIn] follows.
Traceback (most recent call last):
  File "/usr/local/lib/python3.6/dist-packages/ryu/base/app_manager.py", line 290, in _event_loop
    handler(ev)
  File "/home/terry/LJQ/Task/ryu_code/arp_handler.py", line 84, in _packet_in_handler
    datapath = self.monitor.datapaths_table[dpid]
KeyError: 14
ArpHandler: Exception occurred during handler processing. Backtrace from offending handler [_packet_in_handler] servicing event [EventOFPPacketIn] follows.
Traceback (most recent call last):
  File "/usr/local/lib/python3.6/dist-packages/ryu/base/app_manager.py", line 290, in _event_loop
    handler(ev)
  File "/home/terry/LJQ/Task/ryu_code/arp_handler.py", line 84, in _packet_in_handler
    datapath = self.monitor.datapaths_table[dpid]
KeyError: 14
shortest=====>[PATH] [192.168.0.1 <----> 192.168.0.3]: [1, 3]
ArpHandler: Exception occurred during handler processing. Backtrace from offending handler [_packet_in_handler] servicing event [EventOFPPacketIn] follows.
Traceback (most recent call last):
  File "/usr/local/lib/python3.6/dist-packages/ryu/base/app_manager.py", line 290, in _event_loop
    handler(ev)
  File "/home/terry/LJQ/Task/ryu_code/arp_handler.py", line 84, in _packet_in_handler
    datapath = self.monitor.datapaths_table[dpid]
KeyError: 14
shortest=====>[PATH] [192.168.0.1 <----> 192.168.0.4]: [1, 4]
ArpHandler: Exception occurred during handler processing. Backtrace from offending handler [_packet_in_handler] servicing event [EventOFPPacketIn] follows.
Traceback (most recent call last):
  File "/usr/local/lib/python3.6/dist-packages/ryu/base/app_manager.py", line 290, in _event_loop
    handler(ev)
  File "/home/terry/LJQ/Task/ryu_code/arp_handler.py", line 84, in _packet_in_handler
    datapath = self.monitor.datapaths_table[dpid]
KeyError: 14
ArpHandler: Exception occurred during handler processing. Backtrace from offending handler [_packet_in_handler] servicing event [EventOFPPacketIn] follows.
Traceback (most recent call last):
  File "/usr/local/lib/python3.6/dist-packages/ryu/base/app_manager.py", line 290, in _event_loop
    handler(ev)
  File "/home/terry/LJQ/Task/ryu_code/arp_handler.py", line 84, in _packet_in_handler
    datapath = self.monitor.datapaths_table[dpid]
KeyError: 14
shortest=====>[PATH] [192.168.0.1 <----> 192.168.0.5]: [1, 5]
ArpHandler: Exception occurred during handler processing. Backtrace from offending handler [_packet_in_handler] servicing event [EventOFPPacketIn] follows.
Traceback (most recent call last):
  File "/usr/local/lib/python3.6/dist-packages/ryu/base/app_manager.py", line 290, in _event_loop
    handler(ev)
  File "/home/terry/LJQ/Task/ryu_code/arp_handler.py", line 84, in _packet_in_handler
    datapath = self.monitor.datapaths_table[dpid]
KeyError: 14
ArpHandler: Exception occurred during handler processing. Backtrace from offending handler [_packet_in_handler] servicing event [EventOFPPacketIn] follows.
Traceback (most recent call last):
  File "/usr/local/lib/python3.6/dist-packages/ryu/base/app_manager.py", line 290, in _event_loop
    handler(ev)
  File "/home/terry/LJQ/Task/ryu_code/arp_handler.py", line 84, in _packet_in_handler
    datapath = self.monitor.datapaths_table[dpid]
KeyError: 14
shortest=====>[PATH] [192.168.0.1 <----> 192.168.0.6]: [1, 3, 6]
ArpHandler: Exception occurred during handler processing. Backtrace from offending handler [_packet_in_handler] servicing event [EventOFPPacketIn] follows.
Traceback (most recent call last):
  File "/usr/local/lib/python3.6/dist-packages/ryu/base/app_manager.py", line 290, in _event_loop
    handler(ev)
  File "/home/terry/LJQ/Task/ryu_code/arp_handler.py", line 84, in _packet_in_handler
    datapath = self.monitor.datapaths_table[dpid]
KeyError: 14
ArpHandler: Exception occurred during handler processing. Backtrace from offending handler [_packet_in_handler] servicing event [EventOFPPacketIn] follows.
Traceback (most recent call last):
  File "/usr/local/lib/python3.6/dist-packages/ryu/base/app_manager.py", line 290, in _event_loop
    handler(ev)
  File "/home/terry/LJQ/Task/ryu_code/arp_handler.py", line 84, in _packet_in_handler
    datapath = self.monitor.datapaths_table[dpid]
KeyError: 14
shortest=====>[PATH] [192.168.0.1 <----> 192.168.0.7]: [1, 5, 7]
ArpHandler: Exception occurred during handler processing. Backtrace from offending handler [_packet_in_handler] servicing event [EventOFPPacketIn] follows.
Traceback (most recent call last):
  File "/usr/local/lib/python3.6/dist-packages/ryu/base/app_manager.py", line 290, in _event_loop
    handler(ev)
  File "/home/terry/LJQ/Task/ryu_code/arp_handler.py", line 84, in _packet_in_handler
    datapath = self.monitor.datapaths_table[dpid]
KeyError: 14
ArpHandler: Exception occurred during handler processing. Backtrace from offending handler [_packet_in_handler] servicing event [EventOFPPacketIn] follows.
Traceback (most recent call last):
  File "/usr/local/lib/python3.6/dist-packages/ryu/base/app_manager.py", line 290, in _event_loop
    handler(ev)
  File "/home/terry/LJQ/Task/ryu_code/arp_handler.py", line 84, in _packet_in_handler
    datapath = self.monitor.datapaths_table[dpid]
KeyError: 14
shortest=====>[PATH] [192.168.0.1 <----> 192.168.0.8]: [1, 5, 8]
monitor: Exception occurred during handler processing. Backtrace from offending handler [port_desc_stats_reply_handler] servicing event [EventOFPPortDescStatsReply] follows.
Traceback (most recent call last):
  File "/usr/local/lib/python3.6/dist-packages/ryu/base/app_manager.py", line 290, in _event_loop
    handler(ev)
  File "/home/terry/LJQ/Task/ryu_code/network_monitor.py", line 150, in port_desc_stats_reply_handler
    self.dpid_port_fueatures_table[dpid][ofport.port_no] = port_features
KeyError: 14
monitor: Exception occurred during handler processing. Backtrace from offending handler [port_desc_stats_reply_handler] servicing event [EventOFPPortDescStatsReply] follows.
Traceback (most recent call last):
  File "/usr/local/lib/python3.6/dist-packages/ryu/base/app_manager.py", line 290, in _event_loop
    handler(ev)
  File "/home/terry/LJQ/Task/ryu_code/network_monitor.py", line 150, in port_desc_stats_reply_handler
    self.dpid_port_fueatures_table[dpid][ofport.port_no] = port_features
KeyError: 14
ArpHandler: Exception occurred during handler processing. Backtrace from offending handler [_packet_in_handler] servicing event [EventOFPPacketIn] follows.
Traceback (most recent call last):
  File "/usr/local/lib/python3.6/dist-packages/ryu/base/app_manager.py", line 290, in _event_loop
    handler(ev)
  File "/home/terry/LJQ/Task/ryu_code/arp_handler.py", line 84, in _packet_in_handler
    datapath = self.monitor.datapaths_table[dpid]
KeyError: 14
ArpHandler: Exception occurred during handler processing. Backtrace from offending handler [_packet_in_handler] servicing event [EventOFPPacketIn] follows.
Traceback (most recent call last):
  File "/usr/local/lib/python3.6/dist-packages/ryu/base/app_manager.py", line 290, in _event_loop
    handler(ev)
  File "/home/terry/LJQ/Task/ryu_code/arp_handler.py", line 84, in _packet_in_handler
    datapath = self.monitor.datapaths_table[dpid]
KeyError: 14
ArpHandler: Exception occurred during handler processing. Backtrace from offending handler [_packet_in_handler] servicing event [EventOFPPacketIn] follows.
Traceback (most recent call last):
  File "/usr/local/lib/python3.6/dist-packages/ryu/base/app_manager.py", line 290, in _event_loop
    handler(ev)
  File "/home/terry/LJQ/Task/ryu_code/arp_handler.py", line 84, in _packet_in_handler
    datapath = self.monitor.datapaths_table[dpid]
KeyError: 14
shortest=====>[PATH] [192.168.0.1 <----> 192.168.0.9]: [1, 11, 4, 9]
ArpHandler: Exception occurred during handler processing. Backtrace from offending handler [_packet_in_handler] servicing event [EventOFPPacketIn] follows.
Traceback (most recent call last):
  File "/usr/local/lib/python3.6/dist-packages/ryu/base/app_manager.py", line 290, in _event_loop
    handler(ev)
  File "/home/terry/LJQ/Task/ryu_code/arp_handler.py", line 84, in _packet_in_handler
    datapath = self.monitor.datapaths_table[dpid]
KeyError: 14
ArpHandler: Exception occurred during handler processing. Backtrace from offending handler [_packet_in_handler] servicing event [EventOFPPacketIn] follows.
Traceback (most recent call last):
  File "/usr/local/lib/python3.6/dist-packages/ryu/base/app_manager.py", line 290, in _event_loop
    handler(ev)
  File "/home/terry/LJQ/Task/ryu_code/arp_handler.py", line 84, in _packet_in_handler
    datapath = self.monitor.datapaths_table[dpid]
KeyError: 14
shortest=====>[PATH] [192.168.0.1 <----> 192.168.0.10]: [1, 11, 4, 9, 10]
ArpHandler: Exception occurred during handler processing. Backtrace from offending handler [_packet_in_handler] servicing event [EventOFPPacketIn] follows.
Traceback (most recent call last):
  File "/usr/local/lib/python3.6/dist-packages/ryu/base/app_manager.py", line 290, in _event_loop
    handler(ev)
  File "/home/terry/LJQ/Task/ryu_code/arp_handler.py", line 84, in _packet_in_handler
    datapath = self.monitor.datapaths_table[dpid]
KeyError: 14
ArpHandler: Exception occurred during handler processing. Backtrace from offending handler [_packet_in_handler] servicing event [EventOFPPacketIn] follows.
Traceback (most recent call last):
  File "/usr/local/lib/python3.6/dist-packages/ryu/base/app_manager.py", line 290, in _event_loop
    handler(ev)
  File "/home/terry/LJQ/Task/ryu_code/arp_handler.py", line 84, in _packet_in_handler
    datapath = self.monitor.datapaths_table[dpid]
KeyError: 14
shortest=====>[PATH] [192.168.0.1 <----> 192.168.0.11]: [1, 11]
ArpHandler: Exception occurred during handler processing. Backtrace from offending handler [_packet_in_handler] servicing event [EventOFPPacketIn] follows.
Traceback (most recent call last):
  File "/usr/local/lib/python3.6/dist-packages/ryu/base/app_manager.py", line 290, in _event_loop
    handler(ev)
  File "/home/terry/LJQ/Task/ryu_code/arp_handler.py", line 84, in _packet_in_handler
    datapath = self.monitor.datapaths_table[dpid]
KeyError: 14
ArpHandler: Exception occurred during handler processing. Backtrace from offending handler [_packet_in_handler] servicing event [EventOFPPacketIn] follows.
Traceback (most recent call last):
  File "/usr/local/lib/python3.6/dist-packages/ryu/base/app_manager.py", line 290, in _event_loop
    handler(ev)
  File "/home/terry/LJQ/Task/ryu_code/arp_handler.py", line 84, in _packet_in_handler
    datapath = self.monitor.datapaths_table[dpid]
KeyError: 14
ArpHandler: Exception occurred during handler processing. Backtrace from offending handler [_packet_in_handler] servicing event [EventOFPPacketIn] follows.
Traceback (most recent call last):
  File "/usr/local/lib/python3.6/dist-packages/ryu/base/app_manager.py", line 290, in _event_loop
    handler(ev)
  File "/home/terry/LJQ/Task/ryu_code/arp_handler.py", line 84, in _packet_in_handler
    datapath = self.monitor.datapaths_table[dpid]
KeyError: 14
ArpHandler: Exception occurred during handler processing. Backtrace from offending handler [_packet_in_handler] servicing event [EventOFPPacketIn] follows.
Traceback (most recent call last):
  File "/usr/local/lib/python3.6/dist-packages/ryu/base/app_manager.py", line 290, in _event_loop
    handler(ev)
  File "/home/terry/LJQ/Task/ryu_code/arp_handler.py", line 84, in _packet_in_handler
    datapath = self.monitor.datapaths_table[dpid]
KeyError: 14
shortest=====>[PATH] [192.168.0.1 <----> 192.168.0.12]: [1, 11, 14, 12]
network_shorest_path: Exception occurred during handler processing. Backtrace from offending handler [_packet_in_handler] servicing event [EventOFPPacketIn] follows.
Traceback (most recent call last):
  File "/usr/local/lib/python3.6/dist-packages/ryu/base/app_manager.py", line 290, in _event_loop
    handler(ev)
  File "/home/terry/LJQ/Task/ryu_code/network_shortest_path.py", line 105, in _packet_in_handler
    self.calculate_shortest_paths(msg, eth_type, ipv4_pkt.src, ipv4_pkt.dst)
  File "/home/terry/LJQ/Task/ryu_code/network_shortest_path.py", line 124, in calculate_shortest_paths
    self.install_flow(path, eth_type, src_ip, dst_ip, in_port, msg.buffer_id, msg.data)
  File "/home/terry/LJQ/Task/ryu_code/network_shortest_path.py", line 186, in install_flow
    datapath = self.network_monitor.datapaths_table[path[i]]
KeyError: 14
monitor: Exception occurred during handler processing. Backtrace from offending handler [port_desc_stats_reply_handler] servicing event [EventOFPPortDescStatsReply] follows.
Traceback (most recent call last):
  File "/usr/local/lib/python3.6/dist-packages/ryu/base/app_manager.py", line 290, in _event_loop
    handler(ev)
  File "/home/terry/LJQ/Task/ryu_code/network_monitor.py", line 150, in port_desc_stats_reply_handler
    self.dpid_port_fueatures_table[dpid][ofport.port_no] = port_features
KeyError: 14
monitor: Exception occurred during handler processing. Backtrace from offending handler [port_desc_stats_reply_handler] servicing event [EventOFPPortDescStatsReply] follows.
Traceback (most recent call last):
  File "/usr/local/lib/python3.6/dist-packages/ryu/base/app_manager.py", line 290, in _event_loop
    handler(ev)
  File "/home/terry/LJQ/Task/ryu_code/network_monitor.py", line 150, in port_desc_stats_reply_handler
    self.dpid_port_fueatures_table[dpid][ofport.port_no] = port_features
KeyError: 14
monitor: Exception occurred during handler processing. Backtrace from offending handler [port_desc_stats_reply_handler] servicing event [EventOFPPortDescStatsReply] follows.
Traceback (most recent call last):
  File "/usr/local/lib/python3.6/dist-packages/ryu/base/app_manager.py", line 290, in _event_loop
    handler(ev)
  File "/home/terry/LJQ/Task/ryu_code/network_monitor.py", line 150, in port_desc_stats_reply_handler
    self.dpid_port_fueatures_table[dpid][ofport.port_no] = port_features
KeyError: 14
monitor: Exception occurred during handler processing. Backtrace from offending handler [port_desc_stats_reply_handler] servicing event [EventOFPPortDescStatsReply] follows.
Traceback (most recent call last):
  File "/usr/local/lib/python3.6/dist-packages/ryu/base/app_manager.py", line 290, in _event_loop
    handler(ev)
  File "/home/terry/LJQ/Task/ryu_code/network_monitor.py", line 150, in port_desc_stats_reply_handler
    self.dpid_port_fueatures_table[dpid][ofport.port_no] = port_features
KeyError: 14
monitor: Exception occurred during handler processing. Backtrace from offending handler [port_desc_stats_reply_handler] servicing event [EventOFPPortDescStatsReply] follows.
Traceback (most recent call last):
  File "/usr/local/lib/python3.6/dist-packages/ryu/base/app_manager.py", line 290, in _event_loop
    handler(ev)
  File "/home/terry/LJQ/Task/ryu_code/network_monitor.py", line 150, in port_desc_stats_reply_handler
    self.dpid_port_fueatures_table[dpid][ofport.port_no] = port_features
KeyError: 14
monitor: Exception occurred during handler processing. Backtrace from offending handler [port_desc_stats_reply_handler] servicing event [EventOFPPortDescStatsReply] follows.
Traceback (most recent call last):
  File "/usr/local/lib/python3.6/dist-packages/ryu/base/app_manager.py", line 290, in _event_loop
    handler(ev)
  File "/home/terry/LJQ/Task/ryu_code/network_monitor.py", line 150, in port_desc_stats_reply_handler
    self.dpid_port_fueatures_table[dpid][ofport.port_no] = port_features
KeyError: 14
monitor: Exception occurred during handler processing. Backtrace from offending handler [port_desc_stats_reply_handler] servicing event [EventOFPPortDescStatsReply] follows.
Traceback (most recent call last):
  File "/usr/local/lib/python3.6/dist-packages/ryu/base/app_manager.py", line 290, in _event_loop
    handler(ev)
  File "/home/terry/LJQ/Task/ryu_code/network_monitor.py", line 150, in port_desc_stats_reply_handler
    self.dpid_port_fueatures_table[dpid][ofport.port_no] = port_features
KeyError: 14
monitor: Exception occurred during handler processing. Backtrace from offending handler [port_desc_stats_reply_handler] servicing event [EventOFPPortDescStatsReply] follows.
Traceback (most recent call last):
  File "/usr/local/lib/python3.6/dist-packages/ryu/base/app_manager.py", line 290, in _event_loop
    handler(ev)
  File "/home/terry/LJQ/Task/ryu_code/network_monitor.py", line 150, in port_desc_stats_reply_handler
    self.dpid_port_fueatures_table[dpid][ofport.port_no] = port_features
KeyError: 14
monitor: Exception occurred during handler processing. Backtrace from offending handler [port_desc_stats_reply_handler] servicing event [EventOFPPortDescStatsReply] follows.
Traceback (most recent call last):
  File "/usr/local/lib/python3.6/dist-packages/ryu/base/app_manager.py", line 290, in _event_loop
    handler(ev)
  File "/home/terry/LJQ/Task/ryu_code/network_monitor.py", line 150, in port_desc_stats_reply_handler
    self.dpid_port_fueatures_table[dpid][ofport.port_no] = port_features
KeyError: 14
monitor: Exception occurred during handler processing. Backtrace from offending handler [port_desc_stats_reply_handler] servicing event [EventOFPPortDescStatsReply] follows.
Traceback (most recent call last):
  File "/usr/local/lib/python3.6/dist-packages/ryu/base/app_manager.py", line 290, in _event_loop
    handler(ev)
  File "/home/terry/LJQ/Task/ryu_code/network_monitor.py", line 150, in port_desc_stats_reply_handler
    self.dpid_port_fueatures_table[dpid][ofport.port_no] = port_features
KeyError: 14
monitor: Exception occurred during handler processing. Backtrace from offending handler [port_desc_stats_reply_handler] servicing event [EventOFPPortDescStatsReply] follows.
Traceback (most recent call last):
  File "/usr/local/lib/python3.6/dist-packages/ryu/base/app_manager.py", line 290, in _event_loop
    handler(ev)
  File "/home/terry/LJQ/Task/ryu_code/network_monitor.py", line 150, in port_desc_stats_reply_handler
    self.dpid_port_fueatures_table[dpid][ofport.port_no] = port_features
KeyError: 14
monitor: Exception occurred during handler processing. Backtrace from offending handler [port_desc_stats_reply_handler] servicing event [EventOFPPortDescStatsReply] follows.
Traceback (most recent call last):
  File "/usr/local/lib/python3.6/dist-packages/ryu/base/app_manager.py", line 290, in _event_loop
    handler(ev)
  File "/home/terry/LJQ/Task/ryu_code/network_monitor.py", line 150, in port_desc_stats_reply_handler
    self.dpid_port_fueatures_table[dpid][ofport.port_no] = port_features
KeyError: 14
monitor: Exception occurred during handler processing. Backtrace from offending handler [port_desc_stats_reply_handler] servicing event [EventOFPPortDescStatsReply] follows.
Traceback (most recent call last):
  File "/usr/local/lib/python3.6/dist-packages/ryu/base/app_manager.py", line 290, in _event_loop
    handler(ev)
  File "/home/terry/LJQ/Task/ryu_code/network_monitor.py", line 150, in port_desc_stats_reply_handler
    self.dpid_port_fueatures_table[dpid][ofport.port_no] = port_features
KeyError: 14
