loading app network_structure.py
Matplotlib created a temporary config/cache directory at /tmp/matplotlib-b_p0rts_ because the default path (/home/terry/.config/matplotlib) is not a writable directory; it is highly recommended to set the MPLCONFIGDIR environment variable to a writable directory, in particular to speed up the import of Matplotlib and to better support multiprocessing.
Generating new fontManager, this may take some time...
Failed to extract font properties from /usr/share/fonts/truetype/noto/NotoColorEmoji.ttf: In FT2Font: Can not load face.  Unknown file format.
loading app network_monitor.py
loading app network_delay.py
loading app network_shortest_path.py
loading app arp_handler_13.py
loading app ryu.controller.ofp_handler
instantiating app None of Switches
creating context switches
instantiating app network_structure.py of NetworkStructure
instantiating app network_monitor.py of NetworkMonitor
instantiating app network_delay.py of NetworkDelay
instantiating app network_shortest_path.py of NetworkShortestPath
instantiating app arp_handler_13.py of ARP_PROXY_13
instantiating app ryu.controller.ofp_handler of OFPHandler
discovery---> switch: 1152921504606846977 connected
switch: 1152921504606846977 connected
discovery---> switch: 1152921504606846979 connected
discovery---> switch: 1152921504606846978 connected
switch: 1152921504606846979 connected
switch: 1152921504606846978 connected
monitor---->register datapath: 1000000000000003
monitor---->register datapath: 1000000000000001
monitor---->register datapath: 1000000000000002
==================================== link detector ====================================

----------------------------
src    dst :    delay
discovery--->==================================== discovery ====================================
discovery---> cls: []
discovery--->==============================
datapath         port     rx-pkts  rx-bytes rx-error tx-pkts  tx-bytes tx-error
---------------- -------- -------- -------- -------- -------- -------- --------
datapath         in-port  eth-dst           out-port packets  bytes
---------------- -------- ----------------- -------- -------- --------
datapath         port     rx-pkts  rx-bytes rx-error tx-pkts  tx-bytes tx-error
---------------- -------- -------- -------- -------- -------- -------- --------
datapath         in-port  eth-dst           out-port packets  bytes
---------------- -------- ----------------- -------- -------- --------
datapath         port     rx-pkts  rx-bytes rx-error tx-pkts  tx-bytes tx-error
---------------- -------- -------- -------- -------- -------- -------- --------
datapath         in-port  eth-dst           out-port packets  bytes
---------------- -------- ----------------- -------- -------- --------
==================================== link detector ====================================

----------------------------
src    dst :    delay
==================================== link detector ====================================

----------------------------
src    dst :    delay
discovery--->==================================== discovery ====================================
discovery---> cls: []
discovery--->==============================
datapath         port     rx-pkts  rx-bytes rx-error tx-pkts  tx-bytes tx-error
---------------- -------- -------- -------- -------- -------- -------- --------
datapath         in-port  eth-dst           out-port packets  bytes
---------------- -------- ----------------- -------- -------- --------
datapath         port     rx-pkts  rx-bytes rx-error tx-pkts  tx-bytes tx-error
---------------- -------- -------- -------- -------- -------- -------- --------
datapath         in-port  eth-dst           out-port packets  bytes
---------------- -------- ----------------- -------- -------- --------
datapath         port     rx-pkts  rx-bytes rx-error tx-pkts  tx-bytes tx-error
---------------- -------- -------- -------- -------- -------- -------- --------
datapath         in-port  eth-dst           out-port packets  bytes
---------------- -------- ----------------- -------- -------- --------
==================================== link detector ====================================

----------------------------
src    dst :    delay
---> OFPPortStatus received: reason=ADD desc=OFPPort(port_no=1,hw_addr='02:00:00:00:03:00',name=b'ap1-wlan1',config=0,state=1,curr=0,advertised=0,supported=0,peer=0,curr_speed=0,max_speed=0)
---> OFPPortStatus received: reason=ADD desc=OFPPort(port_no=1,hw_addr='02:00:00:00:04:00',name=b'ap2-wlan1',config=0,state=1,curr=0,advertised=0,supported=0,peer=0,curr_speed=0,max_speed=0)
---> OFPPortStatus received: reason=ADD desc=OFPPort(port_no=1,hw_addr='02:00:00:00:05:00',name=b'ap3-wlan1',config=0,state=1,curr=0,advertised=0,supported=0,peer=0,curr_speed=0,max_speed=0)
---> OFPPortStatus received: reason=MODIFY desc=OFPPort(port_no=1,hw_addr='02:00:00:00:03:00',name=b'ap1-wlan1',config=0,state=4,curr=0,advertised=0,supported=0,peer=0,curr_speed=0,max_speed=0)
---> OFPPortStatus received: reason=MODIFY desc=OFPPort(port_no=1,hw_addr='02:00:00:00:04:00',name=b'ap2-wlan1',config=0,state=4,curr=0,advertised=0,supported=0,peer=0,curr_speed=0,max_speed=0)
---> OFPPortStatus received: reason=MODIFY desc=OFPPort(port_no=1,hw_addr='02:00:00:00:05:00',name=b'ap3-wlan1',config=1,state=1,curr=0,advertised=0,supported=0,peer=0,curr_speed=0,max_speed=0)
---> OFPPortStatus received: reason=MODIFY desc=OFPPort(port_no=1,hw_addr='02:00:00:00:05:00',name=b'ap3-wlan1',config=0,state=4,curr=0,advertised=0,supported=0,peer=0,curr_speed=0,max_speed=0)
---> OFPPortStatus received: reason=ADD desc=OFPPort(port_no=2,hw_addr='1e:37:53:32:f8:9f',name=b'ap1-eth2',config=0,state=0,curr=2112,advertised=0,supported=0,peer=0,curr_speed=10000000,max_speed=0)
---> OFPPortStatus received: reason=ADD desc=OFPPort(port_no=2,hw_addr='5e:b3:ba:94:32:a3',name=b'ap2-eth2',config=0,state=0,curr=2112,advertised=0,supported=0,peer=0,curr_speed=10000000,max_speed=0)
---> OFPPortStatus received: reason=ADD desc=OFPPort(port_no=2,hw_addr='6a:c5:cc:e4:ab:f8',name=b'ap3-eth2',config=1,state=1,curr=2112,advertised=0,supported=0,peer=0,curr_speed=10000000,max_speed=0)
---> OFPPortStatus received: reason=MODIFY desc=OFPPort(port_no=2,hw_addr='1e:37:53:32:f8:9f',name=b'ap1-eth2',config=0,state=4,curr=2112,advertised=0,supported=0,peer=0,curr_speed=10000000,max_speed=0)
---> OFPPortStatus received: reason=MODIFY desc=OFPPort(port_no=2,hw_addr='5e:b3:ba:94:32:a3',name=b'ap2-eth2',config=0,state=4,curr=2112,advertised=0,supported=0,peer=0,curr_speed=10000000,max_speed=0)
---> OFPPortStatus received: reason=MODIFY desc=OFPPort(port_no=2,hw_addr='1e:37:53:32:f8:9f',name=b'ap1-eth2',config=0,state=4,curr=2112,advertised=0,supported=0,peer=0,curr_speed=10000000,max_speed=0)
---> OFPPortStatus received: reason=ADD desc=OFPPort(port_no=3,hw_addr='02:77:f3:98:c7:50',name=b'ap1-eth3',config=0,state=0,curr=2112,advertised=0,supported=0,peer=0,curr_speed=10000000,max_speed=0)
---> OFPPortStatus received: reason=MODIFY desc=OFPPort(port_no=3,hw_addr='02:77:f3:98:c7:50',name=b'ap1-eth3',config=0,state=4,curr=2112,advertised=0,supported=0,peer=0,curr_speed=10000000,max_speed=0)
---> OFPPortStatus received: reason=MODIFY desc=OFPPort(port_no=2,hw_addr='6a:c5:cc:e4:ab:f8',name=b'ap3-eth2',config=0,state=4,curr=2112,advertised=0,supported=0,peer=0,curr_speed=10000000,max_speed=0)
---> OFPPortStatus received: reason=ADD desc=OFPPort(port_no=3,hw_addr='8a:e4:cc:a2:8b:42',name=b'ap3-eth3',config=1,state=1,curr=2112,advertised=0,supported=0,peer=0,curr_speed=10000000,max_speed=0)
---> OFPPortStatus received: reason=MODIFY desc=OFPPort(port_no=2,hw_addr='5e:b3:ba:94:32:a3',name=b'ap2-eth2',config=0,state=4,curr=2112,advertised=0,supported=0,peer=0,curr_speed=10000000,max_speed=0)
---> OFPPortStatus received: reason=ADD desc=OFPPort(port_no=3,hw_addr='ee:dd:bc:48:24:76',name=b'ap2-eth3',config=0,state=0,curr=2112,advertised=0,supported=0,peer=0,curr_speed=10000000,max_speed=0)
---> OFPPortStatus received: reason=MODIFY desc=OFPPort(port_no=3,hw_addr='ee:dd:bc:48:24:76',name=b'ap2-eth3',config=0,state=4,curr=2112,advertised=0,supported=0,peer=0,curr_speed=10000000,max_speed=0)
---> OFPPortStatus received: reason=MODIFY desc=OFPPort(port_no=3,hw_addr='8a:e4:cc:a2:8b:42',name=b'ap3-eth3',config=0,state=4,curr=2112,advertised=0,supported=0,peer=0,curr_speed=10000000,max_speed=0)
---> OFPPortStatus received: reason=MODIFY desc=OFPPort(port_no=3,hw_addr='02:77:f3:98:c7:50',name=b'ap1-eth3',config=0,state=4,curr=2112,advertised=0,supported=0,peer=0,curr_speed=10000000,max_speed=0)
---> OFPPortStatus received: reason=MODIFY desc=OFPPort(port_no=3,hw_addr='ee:dd:bc:48:24:76',name=b'ap2-eth3',config=0,state=4,curr=2112,advertised=0,supported=0,peer=0,curr_speed=10000000,max_speed=0)
discovery--->==================================== discovery ====================================
discovery---> cls: [(1152921504606846978, 1152921504606846977), (1152921504606846978, 1152921504606846979), (1152921504606846977, 1152921504606846979)]
discovery--->==============================
datapath         port     rx-pkts  rx-bytes rx-error tx-pkts  tx-bytes tx-error
---------------- -------- -------- -------- -------- -------- -------- --------
1000000000000003        1        0        0        0      196    15288        0
1000000000000003        2       97     5880        0      112     6780        0
1000000000000003        3      108     6536        0      100     6030        0
datapath         in-port  eth-dst           out-port packets  bytes
---------------- -------- ----------------- -------- -------- --------
monitor: Exception occurred during handler processing. Backtrace from offending handler [_flow_stats_reply_handler] servicing event [EventOFPFlowStatsReply] follows.
Traceback (most recent call last):
  File "/usr/local/lib/python3.6/dist-packages/ryu/base/app_manager.py", line 290, in _event_loop
    handler(ev)
  File "/home/terry/LJQ/Task/ryu/network_monitor.py", line 221, in _flow_stats_reply_handler
    stat.match['in_port'], stat.match['ipv4_dst'],
  File "/usr/local/lib/python3.6/dist-packages/ryu/ofproto/ofproto_v1_3_parser.py", line 904, in __getitem__
    return dict(self._fields2)[key]
KeyError: 'in_port'
datapath         port     rx-pkts  rx-bytes rx-error tx-pkts  tx-bytes tx-error
---------------- -------- -------- -------- -------- -------- -------- --------
1000000000000001        1        0        0        0      196    15288        0
1000000000000001        2      100     6086        0      108     6566        0
1000000000000001        3      112     6780        0       97     5880        0
datapath         in-port  eth-dst           out-port packets  bytes
---------------- -------- ----------------- -------- -------- --------
monitor: Exception occurred during handler processing. Backtrace from offending handler [_flow_stats_reply_handler] servicing event [EventOFPFlowStatsReply] follows.
Traceback (most recent call last):
  File "/usr/local/lib/python3.6/dist-packages/ryu/base/app_manager.py", line 290, in _event_loop
    handler(ev)
  File "/home/terry/LJQ/Task/ryu/network_monitor.py", line 221, in _flow_stats_reply_handler
    stat.match['in_port'], stat.match['ipv4_dst'],
  File "/usr/local/lib/python3.6/dist-packages/ryu/ofproto/ofproto_v1_3_parser.py", line 904, in __getitem__
    return dict(self._fields2)[key]
KeyError: 'in_port'
datapath         port     rx-pkts  rx-bytes rx-error tx-pkts  tx-bytes tx-error
---------------- -------- -------- -------- -------- -------- -------- --------
1000000000000002        1        0        0        0      198    15444        0
1000000000000002        2      113     6866        0      100     6086        0
1000000000000002        3      100     6030        0      108     6536        0
datapath         in-port  eth-dst           out-port packets  bytes
---------------- -------- ----------------- -------- -------- --------
monitor: Exception occurred during handler processing. Backtrace from offending handler [_flow_stats_reply_handler] servicing event [EventOFPFlowStatsReply] follows.
Traceback (most recent call last):
  File "/usr/local/lib/python3.6/dist-packages/ryu/base/app_manager.py", line 290, in _event_loop
    handler(ev)
  File "/home/terry/LJQ/Task/ryu/network_monitor.py", line 221, in _flow_stats_reply_handler
    stat.match['in_port'], stat.match['ipv4_dst'],
  File "/usr/local/lib/python3.6/dist-packages/ryu/ofproto/ofproto_v1_3_parser.py", line 904, in __getitem__
    return dict(self._fields2)[key]
KeyError: 'in_port'
---> OFPPortStatus received: reason=MODIFY desc=OFPPort(port_no=2,hw_addr='5e:b3:ba:94:32:a3',name=b'ap2-eth2',config=0,state=4,curr=2112,advertised=0,supported=0,peer=0,curr_speed=10000000,max_speed=0)
==================================== link detector ====================================

----------------------------
src    dst :    delay
1152921504606846978 <---> 1152921504606846977 : 0
1152921504606846978 <---> 1152921504606846979 : 0
1152921504606846978 <---> 1152921504606846978 : 1103.5985946655273
1152921504606846977 <---> 1152921504606846978 : 80.01708984375
1152921504606846977 <---> 1152921504606846979 : 79.88476753234863
1152921504606846977 <---> 1152921504606846977 : 80.80625534057617
1152921504606846979 <---> 1152921504606846977 : 29.37912940979004
1152921504606846979 <---> 1152921504606846978 : 1103.6908626556396
1152921504606846979 <---> 1152921504606846979 : 1097.4922180175781
---> OFPPortStatus received: reason=MODIFY desc=OFPPort(port_no=3,hw_addr='ee:dd:bc:48:24:76',name=b'ap2-eth3',config=0,state=4,curr=2112,advertised=0,supported=0,peer=0,curr_speed=10000000,max_speed=0)
---> OFPPortStatus received: reason=MODIFY desc=OFPPort(port_no=2,hw_addr='1e:37:53:32:f8:9f',name=b'ap1-eth2',config=0,state=4,curr=2112,advertised=0,supported=0,peer=0,curr_speed=10000000,max_speed=0)
---> OFPPortStatus received: reason=MODIFY desc=OFPPort(port_no=2,hw_addr='6a:c5:cc:e4:ab:f8',name=b'ap3-eth2',config=0,state=4,curr=2112,advertised=0,supported=0,peer=0,curr_speed=10000000,max_speed=0)
---> OFPPortStatus received: reason=MODIFY desc=OFPPort(port_no=3,hw_addr='02:77:f3:98:c7:50',name=b'ap1-eth3',config=0,state=4,curr=2112,advertised=0,supported=0,peer=0,curr_speed=10000000,max_speed=0)
---> OFPPortStatus received: reason=MODIFY desc=OFPPort(port_no=3,hw_addr='8a:e4:cc:a2:8b:42',name=b'ap3-eth3',config=0,state=4,curr=2112,advertised=0,supported=0,peer=0,curr_speed=10000000,max_speed=0)
==================================== link detector ====================================

----------------------------
src    dst :    delay
1152921504606846978 <---> 1152921504606846977 : 332.70740509033203
1152921504606846978 <---> 1152921504606846979 : 246.840238571167
1152921504606846978 <---> 1152921504606846978 : 332.10158348083496
1152921504606846977 <---> 1152921504606846978 : 174.9875545501709
1152921504606846977 <---> 1152921504606846979 : 478.01971435546875
1152921504606846977 <---> 1152921504606846977 : 175.65202713012695
1152921504606846979 <---> 1152921504606846977 : 607.5756549835205
1152921504606846979 <---> 1152921504606846978 : 404.42538261413574
1152921504606846979 <---> 1152921504606846979 : 392.09818840026855
hub: uncaught exception: Traceback (most recent call last):
  File "/usr/local/lib/python3.6/dist-packages/ryu/lib/hub.py", line 60, in _launch
    return func(*args, **kwargs)
  File "/home/terry/LJQ/Task/ryu/network_monitor.py", line 59, in scheduler
    self.create_bandwidth_graph()
  File "/home/terry/LJQ/Task/ryu/network_monitor.py", line 316, in create_bandwidth_graph
    capacity = self.network_structure.m_graph[src_dpid][dst_dpid]['bw']
  File "/home/terry/.local/lib/python3.6/site-packages/networkx/classes/cls.py", line 465, in __getitem__
    return self.adj[n]
  File "/home/terry/.local/lib/python3.6/site-packages/networkx/classes/coreviews.py", line 79, in __getitem__
    return AtlasView(self._atlas[name])
KeyError: 1152921504606846978

discovery--->==================================== discovery ====================================
discovery---> cls: [(1152921504606846978, 1152921504606846977), (1152921504606846978, 1152921504606846979), (1152921504606846977, 1152921504606846979)]
discovery--->==============================
datapath         port     rx-pkts  rx-bytes rx-error tx-pkts  tx-bytes tx-error
---------------- -------- -------- -------- -------- -------- -------- --------
1000000000000003        1        0        0        0     3514   265980        0
1000000000000003        2     1775   104243        0     1775   104243        0
1000000000000003        3     1766   103753        0     1786   104863        0
datapath         in-port  eth-dst           out-port packets  bytes
---------------- -------- ----------------- -------- -------- --------
monitor: Exception occurred during handler processing. Backtrace from offending handler [_flow_stats_reply_handler] servicing event [EventOFPFlowStatsReply] follows.
Traceback (most recent call last):
  File "/usr/local/lib/python3.6/dist-packages/ryu/base/app_manager.py", line 290, in _event_loop
    handler(ev)
  File "/home/terry/LJQ/Task/ryu/network_monitor.py", line 221, in _flow_stats_reply_handler
    stat.match['in_port'], stat.match['ipv4_dst'],
  File "/usr/local/lib/python3.6/dist-packages/ryu/ofproto/ofproto_v1_3_parser.py", line 904, in __getitem__
    return dict(self._fields2)[key]
KeyError: 'in_port'
datapath         port     rx-pkts  rx-bytes rx-error tx-pkts  tx-bytes tx-error
---------------- -------- -------- -------- -------- -------- -------- --------
1000000000000001        1        0        0        0     3515   266058        0
1000000000000001        2     1783   104773        0     1785   104813        0
1000000000000001        3     1775   104243        0     1775   104243        0
datapath         in-port  eth-dst           out-port packets  bytes
---------------- -------- ----------------- -------- -------- --------
monitor: Exception occurred during handler processing. Backtrace from offending handler [_flow_stats_reply_handler] servicing event [EventOFPFlowStatsReply] follows.
Traceback (most recent call last):
  File "/usr/local/lib/python3.6/dist-packages/ryu/base/app_manager.py", line 290, in _event_loop
    handler(ev)
  File "/home/terry/LJQ/Task/ryu/network_monitor.py", line 221, in _flow_stats_reply_handler
    stat.match['in_port'], stat.match['ipv4_dst'],
  File "/usr/local/lib/python3.6/dist-packages/ryu/ofproto/ofproto_v1_3_parser.py", line 904, in __getitem__
    return dict(self._fields2)[key]
KeyError: 'in_port'
datapath         port     rx-pkts  rx-bytes rx-error tx-pkts  tx-bytes tx-error
---------------- -------- -------- -------- -------- -------- -------- --------
1000000000000002        1        0        0        0     3502   265188        0
1000000000000002        2     1785   104813        0     1785   104853        0
1000000000000002        3     1786   104863        0     1766   103753        0
datapath         in-port  eth-dst           out-port packets  bytes
---------------- -------- ----------------- -------- -------- --------
monitor: Exception occurred during handler processing. Backtrace from offending handler [_flow_stats_reply_handler] servicing event [EventOFPFlowStatsReply] follows.
Traceback (most recent call last):
  File "/usr/local/lib/python3.6/dist-packages/ryu/base/app_manager.py", line 290, in _event_loop
    handler(ev)
  File "/home/terry/LJQ/Task/ryu/network_monitor.py", line 221, in _flow_stats_reply_handler
    stat.match['in_port'], stat.match['ipv4_dst'],
  File "/usr/local/lib/python3.6/dist-packages/ryu/ofproto/ofproto_v1_3_parser.py", line 904, in __getitem__
    return dict(self._fields2)[key]
KeyError: 'in_port'
==================================== link detector ====================================

----------------------------
src    dst :    delay
1152921504606846978 <---> 1152921504606846977 : 799.457311630249
1152921504606846978 <---> 1152921504606846979 : 740.2060031890869
1152921504606846978 <---> 1152921504606846978 : 741.523265838623
1152921504606846977 <---> 1152921504606846978 : 44.243574142456055
1152921504606846977 <---> 1152921504606846979 : 42.995452880859375
1152921504606846977 <---> 1152921504606846977 : 633.9654922485352
1152921504606846979 <---> 1152921504606846977 : 139.26053047180176
1152921504606846979 <---> 1152921504606846978 : 876.0650157928467
1152921504606846979 <---> 1152921504606846979 : 875.0565052032471
discovery--->==================================== discovery ====================================
discovery---> cls: [(1152921504606846978, 1152921504606846977), (1152921504606846978, 1152921504606846979), (1152921504606846977, 1152921504606846979)]
discovery--->==============================
==================================== link detector ====================================

----------------------------
src    dst :    delay
1152921504606846978 <---> 1152921504606846977 : 276.7965793609619
1152921504606846978 <---> 1152921504606846979 : 337.04495429992676
1152921504606846978 <---> 1152921504606846978 : 264.2323970794678
1152921504606846977 <---> 1152921504606846978 : 157.4099063873291
1152921504606846977 <---> 1152921504606846979 : 489.96782302856445
1152921504606846977 <---> 1152921504606846977 : 501.1165142059326
1152921504606846979 <---> 1152921504606846977 : 423.5670566558838
1152921504606846979 <---> 1152921504606846978 : 595.2513217926025
1152921504606846979 <---> 1152921504606846979 : 412.66751289367676
==================================== link detector ====================================

----------------------------
src    dst :    delay
1152921504606846978 <---> 1152921504606846977 : 772.5012302398682
1152921504606846978 <---> 1152921504606846979 : 789.9799346923828
1152921504606846978 <---> 1152921504606846978 : 785.7348918914795
1152921504606846977 <---> 1152921504606846978 : 624.7375011444092
1152921504606846977 <---> 1152921504606846979 : 629.4090747833252
1152921504606846977 <---> 1152921504606846977 : 612.0002269744873
1152921504606846979 <---> 1152921504606846977 : 148.01979064941406
1152921504606846979 <---> 1152921504606846978 : 861.6812229156494
1152921504606846979 <---> 1152921504606846979 : 165.36235809326172
discovery--->==================================== discovery ====================================
discovery---> cls: [(1152921504606846978, 1152921504606846977), (1152921504606846978, 1152921504606846979), (1152921504606846977, 1152921504606846979)]
discovery--->==============================
==================================== link detector ====================================

----------------------------
src    dst :    delay
1152921504606846978 <---> 1152921504606846977 : 347.9447364807129
1152921504606846978 <---> 1152921504606846979 : 289.94178771972656
1152921504606846978 <---> 1152921504606846978 : 301.7127513885498
1152921504606846977 <---> 1152921504606846978 : 509.60445404052734
1152921504606846977 <---> 1152921504606846979 : 497.53856658935547
1152921504606846977 <---> 1152921504606846977 : 186.80262565612793
1152921504606846979 <---> 1152921504606846977 : 623.3360767364502
1152921504606846979 <---> 1152921504606846978 : 435.29200553894043
1152921504606846979 <---> 1152921504606846979 : 608.3698272705078
==================================== link detector ====================================

----------------------------
src    dst :    delay
1152921504606846978 <---> 1152921504606846977 : 731.6145896911621
1152921504606846978 <---> 1152921504606846979 : 763.5624408721924
1152921504606846978 <---> 1152921504606846978 : 851.2499332427979
1152921504606846977 <---> 1152921504606846978 : 698.5623836517334
1152921504606846977 <---> 1152921504606846979 : 106.80770874023438
1152921504606846977 <---> 1152921504606846977 : 666.8224334716797
1152921504606846979 <---> 1152921504606846977 : 1.3840198516845703
1152921504606846979 <---> 1152921504606846978 : 24.63221549987793
1152921504606846979 <---> 1152921504606846979 : 32.800912857055664
discovery--->==================================== discovery ====================================
discovery---> cls: [(1152921504606846978, 1152921504606846977), (1152921504606846978, 1152921504606846979), (1152921504606846977, 1152921504606846979)]
discovery--->==============================
==================================== link detector ====================================

----------------------------
src    dst :    delay
1152921504606846978 <---> 1152921504606846977 : 317.1212673187256
1152921504606846978 <---> 1152921504606846979 : 404.5374393463135
1152921504606846978 <---> 1152921504606846978 : 316.8048858642578
1152921504606846977 <---> 1152921504606846978 : 568.000316619873
1152921504606846977 <---> 1152921504606846979 : 231.22835159301758
1152921504606846977 <---> 1152921504606846977 : 230.33571243286133
1152921504606846979 <---> 1152921504606846977 : 487.72311210632324
1152921504606846979 <---> 1152921504606846978 : 487.57243156433105
1152921504606846979 <---> 1152921504606846979 : 488.05856704711914
 ARP: 10.0.0.1 -> 10.0.0.2
 ARP: 10.0.0.1 -> 10.0.0.2
 ARP: 10.0.0.1 -> 10.0.0.2
 ARP: 10.0.0.1 -> 10.0.0.2
 ARP: 10.0.0.1 -> 10.0.0.2
 ARP: 10.0.0.2 -> 10.0.0.1
 ARP: 10.0.0.2 -> 10.0.0.1
 ARP: 10.0.0.1 -> 10.0.0.3
 ARP: 10.0.0.1 -> 10.0.0.3
 ARP: 10.0.0.1 -> 10.0.0.3
 ARP: 10.0.0.1 -> 10.0.0.3
 ARP: 10.0.0.1 -> 10.0.0.3
 ARP: 10.0.0.3 -> 10.0.0.1
 ARP: 10.0.0.3 -> 10.0.0.1
 ARP: 10.0.0.2 -> 10.0.0.3
 ARP: 10.0.0.3 -> 10.0.0.2
discovery--->==================================== discovery ====================================
discovery---> cls: [(1152921504606846978, 1152921504606846977), (1152921504606846978, 1152921504606846979), (1152921504606846977, 1152921504606846979)]
discovery--->==============================
==================================== link detector ====================================

----------------------------
src    dst :    delay
1152921504606846978 <---> 1152921504606846977 : 753.5526752471924
1152921504606846978 <---> 1152921504606846979 : 842.8657054901123
1152921504606846978 <---> 1152921504606846978 : 842.7398204803467
1152921504606846977 <---> 1152921504606846978 : 654.2861461639404
1152921504606846977 <---> 1152921504606846979 : 654.1879177093506
1152921504606846977 <---> 1152921504606846977 : 109.4815731048584
1152921504606846979 <---> 1152921504606846977 : 17.191648483276367
1152921504606846979 <---> 1152921504606846978 : 199.92494583129883
1152921504606846979 <---> 1152921504606846979 : 201.76100730895996
==================================== link detector ====================================

----------------------------
src    dst :    delay
1152921504606846978 <---> 1152921504606846977 : 300.7228374481201
1152921504606846978 <---> 1152921504606846979 : 396.3742256164551
1152921504606846978 <---> 1152921504606846978 : 302.685022354126
1152921504606846977 <---> 1152921504606846978 : 584.4941139221191
1152921504606846977 <---> 1152921504606846979 : 211.39836311340332
1152921504606846977 <---> 1152921504606846977 : 584.8493576049805
1152921504606846979 <---> 1152921504606846977 : 491.3182258605957
1152921504606846979 <---> 1152921504606846978 : 490.7350540161133
1152921504606846979 <---> 1152921504606846979 : 676.2936115264893
discovery--->==================================== discovery ====================================
discovery---> cls: [(1152921504606846978, 1152921504606846977), (1152921504606846978, 1152921504606846979), (1152921504606846977, 1152921504606846979)]
discovery--->==============================
==================================== link detector ====================================

----------------------------
src    dst :    delay
1152921504606846978 <---> 1152921504606846977 : 765.1712894439697
1152921504606846978 <---> 1152921504606846979 : 764.7724151611328
1152921504606846978 <---> 1152921504606846978 : 857.7404022216797
1152921504606846977 <---> 1152921504606846978 : 671.8685626983643
1152921504606846977 <---> 1152921504606846979 : 160.77494621276855
1152921504606846977 <---> 1152921504606846977 : 161.09967231750488
1152921504606846979 <---> 1152921504606846977 : 40.74597358703613
1152921504606846979 <---> 1152921504606846978 : 252.8526782989502
1152921504606846979 <---> 1152921504606846979 : 252.78759002685547
discovery--->==================================== discovery ====================================
discovery---> cls: [(1152921504606846978, 1152921504606846977), (1152921504606846978, 1152921504606846979), (1152921504606846977, 1152921504606846979)]
discovery--->==============================
==================================== link detector ====================================

----------------------------
src    dst :    delay
1152921504606846978 <---> 1152921504606846977 : 415.68493843078613
1152921504606846978 <---> 1152921504606846979 : 321.78568840026855
1152921504606846978 <---> 1152921504606846978 : 320.58119773864746
1152921504606846977 <---> 1152921504606846978 : 627.5990009307861
1152921504606846977 <---> 1152921504606846979 : 230.4236888885498
1152921504606846977 <---> 1152921504606846977 : 626.8084049224854
1152921504606846979 <---> 1152921504606846977 : 720.4759120941162
1152921504606846979 <---> 1152921504606846978 : 505.11670112609863
1152921504606846979 <---> 1152921504606846979 : 504.52661514282227
==================================== link detector ====================================

----------------------------
src    dst :    delay
1152921504606846978 <---> 1152921504606846977 : 797.5780963897705
1152921504606846978 <---> 1152921504606846979 : 797.1820831298828
1152921504606846978 <---> 1152921504606846978 : 797.0635890960693
1152921504606846977 <---> 1152921504606846978 : 185.26434898376465
1152921504606846977 <---> 1152921504606846979 : 700.0958919525146
1152921504606846977 <---> 1152921504606846977 : 185.32991409301758
1152921504606846979 <---> 1152921504606846977 : 277.52161026000977
1152921504606846979 <---> 1152921504606846978 : 106.20689392089844
1152921504606846979 <---> 1152921504606846979 : 106.10556602478027
discovery--->==================================== discovery ====================================
discovery---> cls: [(1152921504606846978, 1152921504606846977), (1152921504606846978, 1152921504606846979), (1152921504606846977, 1152921504606846979)]
discovery--->==============================
==================================== link detector ====================================

----------------------------
src    dst :    delay
1152921504606846978 <---> 1152921504606846977 : 434.95750427246094
1152921504606846978 <---> 1152921504606846979 : 462.9709720611572
1152921504606846978 <---> 1152921504606846978 : 464.8101329803467
1152921504606846977 <---> 1152921504606846978 : 284.2433452606201
1152921504606846977 <---> 1152921504606846979 : 282.27686882019043
1152921504606846977 <---> 1152921504606846977 : 679.3093681335449
1152921504606846979 <---> 1152921504606846977 : 585.3991508483887
1152921504606846979 <---> 1152921504606846978 : 773.1776237487793
1152921504606846979 <---> 1152921504606846979 : 770.9596157073975
discovery--->==================================== discovery ====================================
discovery---> cls: [(1152921504606846978, 1152921504606846977), (1152921504606846978, 1152921504606846979), (1152921504606846977, 1152921504606846979)]
discovery--->==============================
==================================== link detector ====================================

----------------------------
src    dst :    delay
1152921504606846978 <---> 1152921504606846977 : 852.1535396575928
1152921504606846978 <---> 1152921504606846979 : 39.67094421386719
1152921504606846978 <---> 1152921504606846978 : 852.2179126739502
1152921504606846977 <---> 1152921504606846978 : 230.61442375183105
1152921504606846977 <---> 1152921504606846979 : 759.758472442627
1152921504606846977 <---> 1152921504606846977 : 231.43863677978516
1152921504606846979 <---> 1152921504606846977 : 126.79195404052734
1152921504606846979 <---> 1152921504606846978 : 335.18528938293457
1152921504606846979 <---> 1152921504606846979 : 334.8252773284912
==================================== link detector ====================================

----------------------------
src    dst :    delay
1152921504606846978 <---> 1152921504606846977 : 503.22484970092773
1152921504606846978 <---> 1152921504606846979 : 405.81202507019043
1152921504606846978 <---> 1152921504606846978 : 407.41705894470215
1152921504606846977 <---> 1152921504606846978 : 314.014196395874
1152921504606846977 <---> 1152921504606846979 : 713.6735916137695
1152921504606846977 <---> 1152921504606846977 : 313.950777053833
1152921504606846979 <---> 1152921504606846977 : 591.3293361663818
1152921504606846979 <---> 1152921504606846978 : 806.7467212677002
1152921504606846979 <---> 1152921504606846979 : 590.0990962982178
discovery--->==================================== discovery ====================================
discovery---> cls: [(1152921504606846978, 1152921504606846977), (1152921504606846978, 1152921504606846979), (1152921504606846977, 1152921504606846979)]
discovery--->==============================
==================================== link detector ====================================

----------------------------
src    dst :    delay
1152921504606846978 <---> 1152921504606846977 : 889.6780014038086
1152921504606846978 <---> 1152921504606846979 : 67.6877498626709
1152921504606846978 <---> 1152921504606846978 : 67.42691993713379
1152921504606846977 <---> 1152921504606846978 : 253.5247802734375
1152921504606846977 <---> 1152921504606846979 : 798.8502979278564
1152921504606846977 <---> 1152921504606846977 : 799.1113662719727
1152921504606846979 <---> 1152921504606846977 : 158.38122367858887
1152921504606846979 <---> 1152921504606846978 : 343.55926513671875
1152921504606846979 <---> 1152921504606846979 : 157.08327293395996
discovery--->==================================== discovery ====================================
discovery---> cls: [(1152921504606846978, 1152921504606846977), (1152921504606846978, 1152921504606846979), (1152921504606846977, 1152921504606846979)]
discovery--->==============================
==================================== link detector ====================================

----------------------------
src    dst :    delay
1152921504606846978 <---> 1152921504606846977 : 549.2701530456543
1152921504606846978 <---> 1152921504606846979 : 453.50193977355957
1152921504606846978 <---> 1152921504606846978 : 453.43542098999023
1152921504606846977 <---> 1152921504606846978 : 755.364179611206
1152921504606846977 <---> 1152921504606846979 : 360.72468757629395
1152921504606846977 <---> 1152921504606846977 : 754.7004222869873
1152921504606846979 <---> 1152921504606846977 : 843.3351516723633
1152921504606846979 <---> 1152921504606846978 : 662.0903015136719
1152921504606846979 <---> 1152921504606846979 : 842.8652286529541
==================================== link detector ====================================

----------------------------
src    dst :    delay
1152921504606846978 <---> 1152921504606846977 : 92.92030334472656
1152921504606846978 <---> 1152921504606846979 : 921.905517578125
1152921504606846978 <---> 1152921504606846978 : 921.8406677246094
1152921504606846977 <---> 1152921504606846978 : 309.873104095459
1152921504606846977 <---> 1152921504606846979 : 822.8225708007812
1152921504606846977 <---> 1152921504606846977 : 825.8287906646729
1152921504606846979 <---> 1152921504606846977 : 402.8763771057129
1152921504606846979 <---> 1152921504606846978 : 212.50510215759277
1152921504606846979 <---> 1152921504606846979 : 212.95690536499023
discovery--->==================================== discovery ====================================
discovery---> cls: [(1152921504606846978, 1152921504606846977), (1152921504606846978, 1152921504606846979), (1152921504606846977, 1152921504606846979)]
discovery--->==============================
==================================== link detector ====================================

----------------------------
src    dst :    delay
1152921504606846978 <---> 1152921504606846977 : 514.2896175384521
1152921504606846978 <---> 1152921504606846979 : 513.2274627685547
1152921504606846978 <---> 1152921504606846978 : 608.3288192749023
1152921504606846977 <---> 1152921504606846978 : 772.280216217041
1152921504606846977 <---> 1152921504606846979 : 387.4037265777588
1152921504606846977 <---> 1152921504606846977 : 795.5238819122314
1152921504606846979 <---> 1152921504606846977 : 702.542781829834
1152921504606846979 <---> 1152921504606846978 : 702.9969692230225
1152921504606846979 <---> 1152921504606846979 : 702.2802829742432
==================================== link detector ====================================

----------------------------
src    dst :    delay
1152921504606846978 <---> 1152921504606846977 : 183.32839012145996
1152921504606846978 <---> 1152921504606846979 : 85.5855941772461
1152921504606846978 <---> 1152921504606846978 : 85.52122116088867
1152921504606846977 <---> 1152921504606846978 : 367.01083183288574
1152921504606846977 <---> 1152921504606846979 : 366.1656379699707
1152921504606846977 <---> 1152921504606846977 : 881.6471099853516
1152921504606846979 <---> 1152921504606846977 : 486.133337020874
1152921504606846979 <---> 1152921504606846978 : 277.2512435913086
1152921504606846979 <---> 1152921504606846979 : 277.80699729919434
discovery--->==================================== discovery ====================================
discovery---> cls: [(1152921504606846978, 1152921504606846977), (1152921504606846978, 1152921504606846979), (1152921504606846977, 1152921504606846979)]
discovery--->==============================
==================================== link detector ====================================

----------------------------
src    dst :    delay
1152921504606846978 <---> 1152921504606846977 : 564.1040802001953
1152921504606846978 <---> 1152921504606846979 : 660.5868339538574
1152921504606846978 <---> 1152921504606846978 : 660.4392528533936
1152921504606846977 <---> 1152921504606846978 : 849.5516777038574
1152921504606846977 <---> 1152921504606846979 : 461.49182319641113
1152921504606846977 <---> 1152921504606846977 : 461.2293243408203
1152921504606846979 <---> 1152921504606846977 : 762.0410919189453
1152921504606846979 <---> 1152921504606846978 : 761.5799903869629
1152921504606846979 <---> 1152921504606846979 : 42.68908500671387
discovery--->==================================== discovery ====================================
discovery---> cls: [(1152921504606846978, 1152921504606846977), (1152921504606846978, 1152921504606846979), (1152921504606846977, 1152921504606846979)]
discovery--->==============================
==================================== link detector ====================================

----------------------------
src    dst :    delay
1152921504606846978 <---> 1152921504606846977 : 107.65957832336426
1152921504606846978 <---> 1152921504606846979 : 107.7883243560791
1152921504606846978 <---> 1152921504606846978 : 184.38029289245605
1152921504606846977 <---> 1152921504606846978 : 17.31252670288086
1152921504606846977 <---> 1152921504606846979 : 425.534725189209
1152921504606846977 <---> 1152921504606846977 : 425.5993366241455
1152921504606846979 <---> 1152921504606846977 : 301.943302154541
1152921504606846979 <---> 1152921504606846978 : 519.6690559387207
1152921504606846979 <---> 1152921504606846979 : 301.68628692626953
==================================== link detector ====================================

----------------------------
src    dst :    delay
1152921504606846978 <---> 1152921504606846977 : 657.5469970703125
1152921504606846978 <---> 1152921504606846979 : 657.280445098877
1152921504606846978 <---> 1152921504606846978 : 656.2075614929199
1152921504606846977 <---> 1152921504606846978 : 471.7278480529785
1152921504606846977 <---> 1152921504606846979 : 898.2892036437988
1152921504606846977 <---> 1152921504606846977 : 898.1561660766602
1152921504606846979 <---> 1152921504606846977 : 76.41887664794922
1152921504606846979 <---> 1152921504606846978 : 780.7407379150391
1152921504606846979 <---> 1152921504606846979 : 76.5523910522461
---> OFPPortStatus received: reason=DELETE desc=OFPPort(port_no=2,hw_addr='6a:c5:cc:e4:ab:f8',name=b'ap3-eth2',config=0,state=4,curr=2112,advertised=0,supported=0,peer=0,curr_speed=10000000,max_speed=0)
---> OFPPortStatus received: reason=MODIFY desc=OFPPort(port_no=2,hw_addr='1e:37:53:32:f8:9f',name=b'ap1-eth2',config=0,state=0,curr=2112,advertised=0,supported=0,peer=0,curr_speed=10000000,max_speed=0)
---> OFPPortStatus received: reason=DELETE desc=OFPPort(port_no=2,hw_addr='1e:37:53:32:f8:9f',name=b'ap1-eth2',config=0,state=0,curr=2112,advertised=0,supported=0,peer=0,curr_speed=10000000,max_speed=0)
---> OFPPortStatus received: reason=DELETE desc=OFPPort(port_no=3,hw_addr='02:77:f3:98:c7:50',name=b'ap1-eth3',config=0,state=4,curr=2112,advertised=0,supported=0,peer=0,curr_speed=10000000,max_speed=0)
---> OFPPortStatus received: reason=MODIFY desc=OFPPort(port_no=2,hw_addr='5e:b3:ba:94:32:a3',name=b'ap2-eth2',config=0,state=0,curr=2112,advertised=0,supported=0,peer=0,curr_speed=10000000,max_speed=0)
---> OFPPortStatus received: reason=DELETE desc=OFPPort(port_no=2,hw_addr='5e:b3:ba:94:32:a3',name=b'ap2-eth2',config=0,state=0,curr=2112,advertised=0,supported=0,peer=0,curr_speed=10000000,max_speed=0)
---> OFPPortStatus received: reason=DELETE desc=OFPPort(port_no=3,hw_addr='8a:e4:cc:a2:8b:42',name=b'ap3-eth3',config=0,state=4,curr=2112,advertised=0,supported=0,peer=0,curr_speed=10000000,max_speed=0)
---> OFPPortStatus received: reason=DELETE desc=OFPPort(port_no=3,hw_addr='ee:dd:bc:48:24:76',name=b'ap2-eth3',config=0,state=4,curr=2112,advertised=0,supported=0,peer=0,curr_speed=10000000,max_speed=0)
monitor---> unreigster datapath: 1000000000000001
monitor---> unreigster datapath: 1000000000000003
discovery--->==================================== discovery ====================================
discovery---> cls: []
discovery--->==============================
monitor---> unreigster datapath: 1000000000000002
==================================== link detector ====================================

----------------------------
src    dst :    delay
1152921504606846978 <---> 1152921504606846977 : 53.35402488708496
1152921504606846978 <---> 1152921504606846979 : 26.85093879699707
1152921504606846978 <---> 1152921504606846978 : 3.6935806274414062
1152921504606846977 <---> 1152921504606846978 : 84.4419002532959
1152921504606846977 <---> 1152921504606846979 : 629.5466423034668
1152921504606846977 <---> 1152921504606846977 : 634.0641975402832
1152921504606846979 <---> 1152921504606846977 : 40.743350982666016
1152921504606846979 <---> 1152921504606846978 : 31.687498092651367
1152921504606846979 <---> 1152921504606846979 : 805.4862022399902
discovery--->==================================== discovery ====================================
discovery---> cls: []
discovery--->==============================
==================================== link detector ====================================

----------------------------
src    dst :    delay
1152921504606846978 <---> 1152921504606846977 : 53.35402488708496
1152921504606846978 <---> 1152921504606846979 : 26.85093879699707
1152921504606846978 <---> 1152921504606846978 : 3.6935806274414062
1152921504606846977 <---> 1152921504606846978 : 84.4419002532959
1152921504606846977 <---> 1152921504606846979 : 629.5466423034668
1152921504606846977 <---> 1152921504606846977 : 634.0641975402832
1152921504606846979 <---> 1152921504606846977 : 40.743350982666016
1152921504606846979 <---> 1152921504606846978 : 31.687498092651367
1152921504606846979 <---> 1152921504606846979 : 805.4862022399902
==================================== link detector ====================================

----------------------------
src    dst :    delay
1152921504606846978 <---> 1152921504606846977 : 53.35402488708496
1152921504606846978 <---> 1152921504606846979 : 26.85093879699707
1152921504606846978 <---> 1152921504606846978 : 3.6935806274414062
1152921504606846977 <---> 1152921504606846978 : 84.4419002532959
1152921504606846977 <---> 1152921504606846979 : 629.5466423034668
1152921504606846977 <---> 1152921504606846977 : 634.0641975402832
1152921504606846979 <---> 1152921504606846977 : 40.743350982666016
1152921504606846979 <---> 1152921504606846978 : 31.687498092651367
1152921504606846979 <---> 1152921504606846979 : 805.4862022399902
discovery--->==================================== discovery ====================================
discovery---> cls: []
discovery--->==============================
==================================== link detector ====================================

----------------------------
src    dst :    delay
1152921504606846978 <---> 1152921504606846977 : 53.35402488708496
1152921504606846978 <---> 1152921504606846979 : 26.85093879699707
1152921504606846978 <---> 1152921504606846978 : 3.6935806274414062
1152921504606846977 <---> 1152921504606846978 : 84.4419002532959
1152921504606846977 <---> 1152921504606846979 : 629.5466423034668
1152921504606846977 <---> 1152921504606846977 : 634.0641975402832
1152921504606846979 <---> 1152921504606846977 : 40.743350982666016
1152921504606846979 <---> 1152921504606846978 : 31.687498092651367
1152921504606846979 <---> 1152921504606846979 : 805.4862022399902
==================================== link detector ====================================

----------------------------
src    dst :    delay
1152921504606846978 <---> 1152921504606846977 : 53.35402488708496
1152921504606846978 <---> 1152921504606846979 : 26.85093879699707
1152921504606846978 <---> 1152921504606846978 : 3.6935806274414062
1152921504606846977 <---> 1152921504606846978 : 84.4419002532959
1152921504606846977 <---> 1152921504606846979 : 629.5466423034668
1152921504606846977 <---> 1152921504606846977 : 634.0641975402832
1152921504606846979 <---> 1152921504606846977 : 40.743350982666016
1152921504606846979 <---> 1152921504606846978 : 31.687498092651367
1152921504606846979 <---> 1152921504606846979 : 805.4862022399902
discovery--->==================================== discovery ====================================
discovery---> cls: []
discovery--->==============================
