loading app network_structure.py
Matplotlib created a temporary config/cache directory at /tmp/matplotlib-p344_2k5 because the default path (/home/terry/.config/matplotlib) is not a writable directory; it is highly recommended to set the MPLCONFIGDIR environment variable to a writable directory, in particular to speed up the import of Matplotlib and to better support multiprocessing.
Generating new fontManager, this may take some time...
Failed to extract font properties from /usr/share/fonts/truetype/noto/NotoColorEmoji.ttf: In FT2Font: Can not load face.  Unknown file format.
loading app network_monitor.py
loading app network_delay.py
loading app network_shortest_path.py
loading app arp_handler.py
loading app ryu.controller.ofp_handler
instantiating app None of Switches
creating context switches
instantiating app network_structure.py of NetworkStructure
instantiating app network_monitor.py of NetworkMonitor
instantiating app network_delay.py of NetworkDelay
instantiating app network_shortest_path.py of NetworkShortestPath
instantiating app arp_handler.py of ArpHandler
instantiating app ryu.controller.ofp_handler of OFPHandler
discovery---> AccessPoint: 1152921504606846977 connected
discovery---> AccessPoint: 1152921504606846979 connected
discovery---> AccessPoint: 1152921504606846978 connected
monitor---->register datapath: 1000000000000002
monitor---->register datapath: 1000000000000001
monitor---->register datapath: 1000000000000003
==================================== link detector ====================================

----------------------------
src    dst :    delay
1152921504606846977 <---> 1152921504606846979 : 2.9230117797851562
1152921504606846977 <---> 1152921504606846978 : 2.832174301147461
1152921504606846978 <---> 1152921504606846979 : 2.6903152465820312
1152921504606846978 <---> 1152921504606846977 : 2.0160675048828125
1152921504606846979 <---> 1152921504606846978 : 1.874685287475586
1152921504606846979 <---> 1152921504606846977 : 3.0906200408935547
discovery--->==================================== discovery ====================================
discovery---> cls: [(1152921504606846977, 1152921504606846979), (1152921504606846977, 1152921504606846978), (1152921504606846979, 1152921504606846978)]
discovery--->==============================
datapath         port     rx-pkts  rx-bytes rx-error tx-pkts  tx-bytes tx-error
---------------- -------- -------- -------- -------- -------- -------- --------
1000000000000002        1        0        0        0 28014617 3134966639        0
1000000000000002        2 223238277 21472685965        0 123527131 10877594416        0
1000000000000002        3 123527134 10877594673        0 223238272 21472685541        0
datapath         in-port  eth-dst           out-port packets  bytes
---------------- -------- ----------------- -------- -------- --------
datapath         port     rx-pkts  rx-bytes rx-error tx-pkts  tx-bytes tx-error
---------------- -------- -------- -------- -------- -------- -------- --------
1000000000000003        1        0        0        0 28410786 3142095236        0
1000000000000003        2 123527130 10877594272        0 223238275 21472685825        0
1000000000000003        3 223238272 21472685541        0 123527134 10877594673        0
datapath         in-port  eth-dst           out-port packets  bytes
---------------- -------- ----------------- -------- -------- --------
datapath         port     rx-pkts  rx-bytes rx-error tx-pkts  tx-bytes tx-error
---------------- -------- -------- -------- -------- -------- -------- --------
1000000000000001        1        0        0        0 28099122 3136488333        0
1000000000000001        2 123527131 10877594416        0 223238277 21472685965        0
1000000000000001        3 223238275 21472685825        0 123527130 10877594272        0
datapath         in-port  eth-dst           out-port packets  bytes
---------------- -------- ----------------- -------- -------- --------
==================================== link detector ====================================

----------------------------
src    dst :    delay
1152921504606846977 <---> 1152921504606846979 : 2.387523651123047
1152921504606846977 <---> 1152921504606846978 : 2.8579235076904297
1152921504606846978 <---> 1152921504606846979 : 2.084016799926758
1152921504606846978 <---> 1152921504606846977 : 2.962350845336914
1152921504606846979 <---> 1152921504606846978 : 2.5472640991210938
1152921504606846979 <---> 1152921504606846977 : 2.1266937255859375
==================================== link detector ====================================

----------------------------
src    dst :    delay
1152921504606846977 <---> 1152921504606846979 : 2.778768539428711
1152921504606846977 <---> 1152921504606846978 : 2.8219223022460938
1152921504606846978 <---> 1152921504606846979 : 2.9430389404296875
1152921504606846978 <---> 1152921504606846977 : 1.5783309936523438
1152921504606846979 <---> 1152921504606846978 : 3.0570030212402344
1152921504606846979 <---> 1152921504606846977 : 3.0405521392822266
discovery--->==================================== discovery ====================================
discovery---> cls: [(1152921504606846977, 1152921504606846979), (1152921504606846977, 1152921504606846978), (1152921504606846979, 1152921504606846978)]
discovery--->==============================
hub: uncaught exception: Traceback (most recent call last):
  File "/usr/local/lib/python3.6/dist-packages/ryu/lib/hub.py", line 60, in _launch
    return func(*args, **kwargs)
  File "/home/terry/LJQ/Task/ryu/network_monitor.py", line 59, in scheduler
    self.create_bandwidth_graph()
  File "/home/terry/LJQ/Task/ryu/network_monitor.py", line 316, in create_bandwidth_graph
    capacity = self.network_structure.m_graph[src_dpid][dst_dpid]['bw']
  File "/home/terry/.local/lib/python3.6/site-packages/networkx/classes/cls.py", line 465, in __getitem__
    return self.adj[n]
  File "/home/terry/.local/lib/python3.6/site-packages/networkx/classes/coreviews.py", line 79, in __getitem__
    return AtlasView(self._atlas[name])
KeyError: 1152921504606846977

datapath         port     rx-pkts  rx-bytes rx-error tx-pkts  tx-bytes tx-error
---------------- -------- -------- -------- -------- -------- -------- --------
1000000000000002        1        0        0        0 28014622 3134967029        0
1000000000000002        2 223238282 21472686265        0 123527137 10877594776        0
1000000000000002        3 123527140 10877595033        0 223238277 21472685841        0
datapath         in-port  eth-dst           out-port packets  bytes
---------------- -------- ----------------- -------- -------- --------
datapath         port     rx-pkts  rx-bytes rx-error tx-pkts  tx-bytes tx-error
---------------- -------- -------- -------- -------- -------- -------- --------
1000000000000001        1        0        0        0 28099127 3136488723        0
1000000000000001        2 123527137 10877594776        0 223238282 21472686265        0
1000000000000001        3 223238281 21472686185        0 123527135 10877594572        0
datapath         in-port  eth-dst           out-port packets  bytes
---------------- -------- ----------------- -------- -------- --------
datapath         port     rx-pkts  rx-bytes rx-error tx-pkts  tx-bytes tx-error
---------------- -------- -------- -------- -------- -------- -------- --------
1000000000000003        1        0        0        0 28410791 3142095626        0
1000000000000003        2 123527135 10877594572        0 223238281 21472686185        0
1000000000000003        3 223238277 21472685841        0 123527140 10877595033        0
datapath         in-port  eth-dst           out-port packets  bytes
---------------- -------- ----------------- -------- -------- --------
==================================== link detector ====================================

----------------------------
src    dst :    delay
1152921504606846977 <---> 1152921504606846979 : 2.9926300048828125
1152921504606846977 <---> 1152921504606846978 : 2.793550491333008
1152921504606846978 <---> 1152921504606846979 : 2.991199493408203
1152921504606846978 <---> 1152921504606846977 : 1.9578933715820312
1152921504606846979 <---> 1152921504606846978 : 3.033161163330078
1152921504606846979 <---> 1152921504606846977 : 1.514434814453125
discovery--->==================================== discovery ====================================
discovery---> cls: [(1152921504606846977, 1152921504606846979), (1152921504606846977, 1152921504606846978), (1152921504606846979, 1152921504606846978)]
discovery--->==============================
==================================== link detector ====================================

----------------------------
src    dst :    delay
1152921504606846977 <---> 1152921504606846979 : 1.1501312255859375
1152921504606846977 <---> 1152921504606846978 : 1.3589859008789062
1152921504606846978 <---> 1152921504606846979 : 1.194000244140625
1152921504606846978 <---> 1152921504606846977 : 1.2464523315429688
1152921504606846979 <---> 1152921504606846978 : 1.3968944549560547
1152921504606846979 <---> 1152921504606846977 : 1.0945796966552734
==================================== link detector ====================================

----------------------------
src    dst :    delay
1152921504606846977 <---> 1152921504606846979 : 2.9549598693847656
1152921504606846977 <---> 1152921504606846978 : 1.5239715576171875
1152921504606846978 <---> 1152921504606846979 : 2.978801727294922
1152921504606846978 <---> 1152921504606846977 : 1.93023681640625
1152921504606846979 <---> 1152921504606846978 : 2.9425621032714844
1152921504606846979 <---> 1152921504606846977 : 2.643585205078125
discovery--->==================================== discovery ====================================
discovery---> cls: [(1152921504606846977, 1152921504606846979), (1152921504606846977, 1152921504606846978), (1152921504606846979, 1152921504606846978)]
discovery--->==============================
==================================== link detector ====================================

----------------------------
src    dst :    delay
1152921504606846977 <---> 1152921504606846979 : 2.7387142181396484
1152921504606846977 <---> 1152921504606846978 : 2.7799606323242188
1152921504606846978 <---> 1152921504606846979 : 1.9161701202392578
1152921504606846978 <---> 1152921504606846977 : 2.106904983520508
1152921504606846979 <---> 1152921504606846978 : 3.0298233032226562
1152921504606846979 <---> 1152921504606846977 : 2.9845237731933594
discovery--->==================================== discovery ====================================
discovery---> cls: [(1152921504606846977, 1152921504606846979), (1152921504606846977, 1152921504606846978), (1152921504606846979, 1152921504606846978)]
discovery--->==============================
==================================== link detector ====================================

----------------------------
src    dst :    delay
1152921504606846977 <---> 1152921504606846979 : 1.4204978942871094
1152921504606846977 <---> 1152921504606846978 : 1.0561943054199219
1152921504606846978 <---> 1152921504606846979 : 1.4636516571044922
1152921504606846978 <---> 1152921504606846977 : 3.108978271484375
1152921504606846979 <---> 1152921504606846978 : 1.5959739685058594
1152921504606846979 <---> 1152921504606846977 : 1.5244483947753906
==================================== link detector ====================================

----------------------------
src    dst :    delay
1152921504606846977 <---> 1152921504606846979 : 2.1941661834716797
1152921504606846977 <---> 1152921504606846978 : 2.1398067474365234
1152921504606846978 <---> 1152921504606846979 : 3.22723388671875
1152921504606846978 <---> 1152921504606846977 : 2.783536911010742
1152921504606846979 <---> 1152921504606846978 : 2.045154571533203
1152921504606846979 <---> 1152921504606846977 : 2.2001266479492188
discovery--->==================================== discovery ====================================
discovery---> cls: [(1152921504606846977, 1152921504606846979), (1152921504606846977, 1152921504606846978), (1152921504606846979, 1152921504606846978)]
discovery--->==============================
==================================== link detector ====================================

----------------------------
src    dst :    delay
1152921504606846977 <---> 1152921504606846979 : 3.026247024536133
1152921504606846977 <---> 1152921504606846978 : 1.2671947479248047
1152921504606846978 <---> 1152921504606846979 : 2.9981136322021484
1152921504606846978 <---> 1152921504606846977 : 2.8629302978515625
1152921504606846979 <---> 1152921504606846978 : 1.2726783752441406
1152921504606846979 <---> 1152921504606846977 : 2.962827682495117
==================================== link detector ====================================

----------------------------
src    dst :    delay
1152921504606846977 <---> 1152921504606846979 : 1.6303062438964844
1152921504606846977 <---> 1152921504606846978 : 1.8990039825439453
1152921504606846978 <---> 1152921504606846979 : 1.5916824340820312
1152921504606846978 <---> 1152921504606846977 : 1.7485618591308594
1152921504606846979 <---> 1152921504606846978 : 1.8768310546875
1152921504606846979 <---> 1152921504606846977 : 3.0663013458251953
discovery--->==================================== discovery ====================================
discovery---> cls: [(1152921504606846977, 1152921504606846979), (1152921504606846977, 1152921504606846978), (1152921504606846979, 1152921504606846978)]
discovery--->==============================
==================================== link detector ====================================

----------------------------
src    dst :    delay
1152921504606846977 <---> 1152921504606846979 : 2.673625946044922
1152921504606846977 <---> 1152921504606846978 : 2.452850341796875
1152921504606846978 <---> 1152921504606846979 : 1.5583038330078125
1152921504606846978 <---> 1152921504606846977 : 2.256631851196289
1152921504606846979 <---> 1152921504606846978 : 1.9452571868896484
1152921504606846979 <---> 1152921504606846977 : 3.0317306518554688
discovery--->==================================== discovery ====================================
discovery---> cls: [(1152921504606846977, 1152921504606846979), (1152921504606846977, 1152921504606846978), (1152921504606846979, 1152921504606846978)]
discovery--->==============================
