loading app network_structure.py
Matplotlib created a temporary config/cache directory at /tmp/matplotlib-zeo_qtbq because the default path (/home/terry/.config/matplotlib) is not a writable directory; it is highly recommended to set the MPLCONFIGDIR environment variable to a writable directory, in particular to speed up the import of Matplotlib and to better support multiprocessing.
Generating new fontManager, this may take some time...
Failed to extract font properties from /usr/share/fonts/truetype/noto/NotoColorEmoji.ttf: In FT2Font: Can not load face.  Unknown file format.
loading app network_monitor.py
loading app network_delay.py
loading app network_shortest_path.py
loading app arp_handler.py
loading app ryu.controller.ofp_handler
instantiating app None of Switches
creating context switches
instantiating app network_structure.py of NetworkStructure
instantiating app network_monitor.py of NetworkMonitor
instantiating app network_delay.py of NetworkDelay
instantiating app network_shortest_path.py of NetworkShortestPath
instantiating app arp_handler.py of ArpHandler
instantiating app ryu.controller.ofp_handler of OFPHandler
discovery---> AccessPoint: 7 connected
monitor---->register datapath: 1000000000000007
discovery---> AccessPoint: 8 connected
monitor---->register datapath: 1000000000000008
network_shorest_path: Exception occurred during handler processing. Backtrace from offending handler [_packet_in_handler] servicing event [EventOFPPacketIn] follows.
Traceback (most recent call last):
  File "/usr/local/lib/python3.6/dist-packages/ryu/base/app_manager.py", line 290, in _event_loop
    handler(ev)
  File "/home/terry/LJQ/rerouting-drl/application-model/ryu_code3/network_shortest_path.py", line 135, in _packet_in_handler
    if eth.ethertype == ether_types.ETH_TYPE_LLDP:
NameError: name 'ether_types' is not defined
network_shorest_path: Exception occurred during handler processing. Backtrace from offending handler [_packet_in_handler] servicing event [EventOFPPacketIn] follows.
Traceback (most recent call last):
  File "/usr/local/lib/python3.6/dist-packages/ryu/base/app_manager.py", line 290, in _event_loop
    handler(ev)
  File "/home/terry/LJQ/rerouting-drl/application-model/ryu_code3/network_shortest_path.py", line 135, in _packet_in_handler
    if eth.ethertype == ether_types.ETH_TYPE_LLDP:
NameError: name 'ether_types' is not defined
discovery---> AccessPoint: 9 connected
monitor---->register datapath: 1000000000000009
network_shorest_path: Exception occurred during handler processing. Backtrace from offending handler [_packet_in_handler] servicing event [EventOFPPacketIn] follows.
Traceback (most recent call last):
  File "/usr/local/lib/python3.6/dist-packages/ryu/base/app_manager.py", line 290, in _event_loop
    handler(ev)
  File "/home/terry/LJQ/rerouting-drl/application-model/ryu_code3/network_shortest_path.py", line 135, in _packet_in_handler
    if eth.ethertype == ether_types.ETH_TYPE_LLDP:
NameError: name 'ether_types' is not defined
network_shorest_path: Exception occurred during handler processing. Backtrace from offending handler [_packet_in_handler] servicing event [EventOFPPacketIn] follows.
Traceback (most recent call last):
  File "/usr/local/lib/python3.6/dist-packages/ryu/base/app_manager.py", line 290, in _event_loop
    handler(ev)
  File "/home/terry/LJQ/rerouting-drl/application-model/ryu_code3/network_shortest_path.py", line 135, in _packet_in_handler
    if eth.ethertype == ether_types.ETH_TYPE_LLDP:
NameError: name 'ether_types' is not defined
network_shorest_path: Exception occurred during handler processing. Backtrace from offending handler [_packet_in_handler] servicing event [EventOFPPacketIn] follows.
Traceback (most recent call last):
  File "/usr/local/lib/python3.6/dist-packages/ryu/base/app_manager.py", line 290, in _event_loop
    handler(ev)
  File "/home/terry/LJQ/rerouting-drl/application-model/ryu_code3/network_shortest_path.py", line 135, in _packet_in_handler
    if eth.ethertype == ether_types.ETH_TYPE_LLDP:
NameError: name 'ether_types' is not defined
network_shorest_path: Exception occurred during handler processing. Backtrace from offending handler [_packet_in_handler] servicing event [EventOFPPacketIn] follows.
Traceback (most recent call last):
  File "/usr/local/lib/python3.6/dist-packages/ryu/base/app_manager.py", line 290, in _event_loop
    handler(ev)
  File "/home/terry/LJQ/rerouting-drl/application-model/ryu_code3/network_shortest_path.py", line 135, in _packet_in_handler
    if eth.ethertype == ether_types.ETH_TYPE_LLDP:
NameError: name 'ether_types' is not defined
network_shorest_path: Exception occurred during handler processing. Backtrace from offending handler [_packet_in_handler] servicing event [EventOFPPacketIn] follows.
Traceback (most recent call last):
  File "/usr/local/lib/python3.6/dist-packages/ryu/base/app_manager.py", line 290, in _event_loop
    handler(ev)
  File "/home/terry/LJQ/rerouting-drl/application-model/ryu_code3/network_shortest_path.py", line 135, in _packet_in_handler
    if eth.ethertype == ether_types.ETH_TYPE_LLDP:
NameError: name 'ether_types' is not defined
network_shorest_path: Exception occurred during handler processing. Backtrace from offending handler [_packet_in_handler] servicing event [EventOFPPacketIn] follows.
Traceback (most recent call last):
  File "/usr/local/lib/python3.6/dist-packages/ryu/base/app_manager.py", line 290, in _event_loop
    handler(ev)
  File "/home/terry/LJQ/rerouting-drl/application-model/ryu_code3/network_shortest_path.py", line 135, in _packet_in_handler
    if eth.ethertype == ether_types.ETH_TYPE_LLDP:
NameError: name 'ether_types' is not defined
network_shorest_path: Exception occurred during handler processing. Backtrace from offending handler [_packet_in_handler] servicing event [EventOFPPacketIn] follows.
Traceback (most recent call last):
  File "/usr/local/lib/python3.6/dist-packages/ryu/base/app_manager.py", line 290, in _event_loop
    handler(ev)
  File "/home/terry/LJQ/rerouting-drl/application-model/ryu_code3/network_shortest_path.py", line 135, in _packet_in_handler
    if eth.ethertype == ether_types.ETH_TYPE_LLDP:
NameError: name 'ether_types' is not defined
network_shorest_path: Exception occurred during handler processing. Backtrace from offending handler [_packet_in_handler] servicing event [EventOFPPacketIn] follows.
Traceback (most recent call last):
  File "/usr/local/lib/python3.6/dist-packages/ryu/base/app_manager.py", line 290, in _event_loop
    handler(ev)
  File "/home/terry/LJQ/rerouting-drl/application-model/ryu_code3/network_shortest_path.py", line 135, in _packet_in_handler
    if eth.ethertype == ether_types.ETH_TYPE_LLDP:
NameError: name 'ether_types' is not defined
network_shorest_path: Exception occurred during handler processing. Backtrace from offending handler [_packet_in_handler] servicing event [EventOFPPacketIn] follows.
Traceback (most recent call last):
  File "/usr/local/lib/python3.6/dist-packages/ryu/base/app_manager.py", line 290, in _event_loop
    handler(ev)
  File "/home/terry/LJQ/rerouting-drl/application-model/ryu_code3/network_shortest_path.py", line 135, in _packet_in_handler
    if eth.ethertype == ether_types.ETH_TYPE_LLDP:
NameError: name 'ether_types' is not defined
network_shorest_path: Exception occurred during handler processing. Backtrace from offending handler [_packet_in_handler] servicing event [EventOFPPacketIn] follows.
Traceback (most recent call last):
  File "/usr/local/lib/python3.6/dist-packages/ryu/base/app_manager.py", line 290, in _event_loop
    handler(ev)
  File "/home/terry/LJQ/rerouting-drl/application-model/ryu_code3/network_shortest_path.py", line 135, in _packet_in_handler
    if eth.ethertype == ether_types.ETH_TYPE_LLDP:
NameError: name 'ether_types' is not defined
network_shorest_path: Exception occurred during handler processing. Backtrace from offending handler [_packet_in_handler] servicing event [EventOFPPacketIn] follows.
Traceback (most recent call last):
  File "/usr/local/lib/python3.6/dist-packages/ryu/base/app_manager.py", line 290, in _event_loop
    handler(ev)
  File "/home/terry/LJQ/rerouting-drl/application-model/ryu_code3/network_shortest_path.py", line 135, in _packet_in_handler
    if eth.ethertype == ether_types.ETH_TYPE_LLDP:
NameError: name 'ether_types' is not defined
network_shorest_path: Exception occurred during handler processing. Backtrace from offending handler [_packet_in_handler] servicing event [EventOFPPacketIn] follows.
Traceback (most recent call last):
  File "/usr/local/lib/python3.6/dist-packages/ryu/base/app_manager.py", line 290, in _event_loop
    handler(ev)
  File "/home/terry/LJQ/rerouting-drl/application-model/ryu_code3/network_shortest_path.py", line 135, in _packet_in_handler
    if eth.ethertype == ether_types.ETH_TYPE_LLDP:
NameError: name 'ether_types' is not defined
network_shorest_path: Exception occurred during handler processing. Backtrace from offending handler [_packet_in_handler] servicing event [EventOFPPacketIn] follows.
Traceback (most recent call last):
  File "/usr/local/lib/python3.6/dist-packages/ryu/base/app_manager.py", line 290, in _event_loop
    handler(ev)
  File "/home/terry/LJQ/rerouting-drl/application-model/ryu_code3/network_shortest_path.py", line 135, in _packet_in_handler
    if eth.ethertype == ether_types.ETH_TYPE_LLDP:
NameError: name 'ether_types' is not defined
network_shorest_path: Exception occurred during handler processing. Backtrace from offending handler [_packet_in_handler] servicing event [EventOFPPacketIn] follows.
Traceback (most recent call last):
  File "/usr/local/lib/python3.6/dist-packages/ryu/base/app_manager.py", line 290, in _event_loop
    handler(ev)
  File "/home/terry/LJQ/rerouting-drl/application-model/ryu_code3/network_shortest_path.py", line 135, in _packet_in_handler
    if eth.ethertype == ether_types.ETH_TYPE_LLDP:
NameError: name 'ether_types' is not defined
network_shorest_path: Exception occurred during handler processing. Backtrace from offending handler [_packet_in_handler] servicing event [EventOFPPacketIn] follows.
Traceback (most recent call last):
  File "/usr/local/lib/python3.6/dist-packages/ryu/base/app_manager.py", line 290, in _event_loop
    handler(ev)
  File "/home/terry/LJQ/rerouting-drl/application-model/ryu_code3/network_shortest_path.py", line 135, in _packet_in_handler
    if eth.ethertype == ether_types.ETH_TYPE_LLDP:
NameError: name 'ether_types' is not defined
network_shorest_path: Exception occurred during handler processing. Backtrace from offending handler [_packet_in_handler] servicing event [EventOFPPacketIn] follows.
Traceback (most recent call last):
  File "/usr/local/lib/python3.6/dist-packages/ryu/base/app_manager.py", line 290, in _event_loop
    handler(ev)
  File "/home/terry/LJQ/rerouting-drl/application-model/ryu_code3/network_shortest_path.py", line 135, in _packet_in_handler
    if eth.ethertype == ether_types.ETH_TYPE_LLDP:
NameError: name 'ether_types' is not defined
network_shorest_path: Exception occurred during handler processing. Backtrace from offending handler [_packet_in_handler] servicing event [EventOFPPacketIn] follows.
Traceback (most recent call last):
  File "/usr/local/lib/python3.6/dist-packages/ryu/base/app_manager.py", line 290, in _event_loop
    handler(ev)
  File "/home/terry/LJQ/rerouting-drl/application-model/ryu_code3/network_shortest_path.py", line 135, in _packet_in_handler
    if eth.ethertype == ether_types.ETH_TYPE_LLDP:
NameError: name 'ether_types' is not defined
network_shorest_path: Exception occurred during handler processing. Backtrace from offending handler [_packet_in_handler] servicing event [EventOFPPacketIn] follows.
Traceback (most recent call last):
  File "/usr/local/lib/python3.6/dist-packages/ryu/base/app_manager.py", line 290, in _event_loop
    handler(ev)
  File "/home/terry/LJQ/rerouting-drl/application-model/ryu_code3/network_shortest_path.py", line 135, in _packet_in_handler
    if eth.ethertype == ether_types.ETH_TYPE_LLDP:
NameError: name 'ether_types' is not defined
network_shorest_path: Exception occurred during handler processing. Backtrace from offending handler [_packet_in_handler] servicing event [EventOFPPacketIn] follows.
Traceback (most recent call last):
  File "/usr/local/lib/python3.6/dist-packages/ryu/base/app_manager.py", line 290, in _event_loop
    handler(ev)
  File "/home/terry/LJQ/rerouting-drl/application-model/ryu_code3/network_shortest_path.py", line 135, in _packet_in_handler
    if eth.ethertype == ether_types.ETH_TYPE_LLDP:
NameError: name 'ether_types' is not defined
network_shorest_path: Exception occurred during handler processing. Backtrace from offending handler [_packet_in_handler] servicing event [EventOFPPacketIn] follows.
Traceback (most recent call last):
  File "/usr/local/lib/python3.6/dist-packages/ryu/base/app_manager.py", line 290, in _event_loop
    handler(ev)
  File "/home/terry/LJQ/rerouting-drl/application-model/ryu_code3/network_shortest_path.py", line 135, in _packet_in_handler
    if eth.ethertype == ether_types.ETH_TYPE_LLDP:
NameError: name 'ether_types' is not defined
network_shorest_path: Exception occurred during handler processing. Backtrace from offending handler [_packet_in_handler] servicing event [EventOFPPacketIn] follows.
Traceback (most recent call last):
  File "/usr/local/lib/python3.6/dist-packages/ryu/base/app_manager.py", line 290, in _event_loop
    handler(ev)
  File "/home/terry/LJQ/rerouting-drl/application-model/ryu_code3/network_shortest_path.py", line 135, in _packet_in_handler
    if eth.ethertype == ether_types.ETH_TYPE_LLDP:
NameError: name 'ether_types' is not defined
network_shorest_path: Exception occurred during handler processing. Backtrace from offending handler [_packet_in_handler] servicing event [EventOFPPacketIn] follows.
Traceback (most recent call last):
  File "/usr/local/lib/python3.6/dist-packages/ryu/base/app_manager.py", line 290, in _event_loop
    handler(ev)
  File "/home/terry/LJQ/rerouting-drl/application-model/ryu_code3/network_shortest_path.py", line 135, in _packet_in_handler
    if eth.ethertype == ether_types.ETH_TYPE_LLDP:
NameError: name 'ether_types' is not defined
network_shorest_path: Exception occurred during handler processing. Backtrace from offending handler [_packet_in_handler] servicing event [EventOFPPacketIn] follows.
Traceback (most recent call last):
  File "/usr/local/lib/python3.6/dist-packages/ryu/base/app_manager.py", line 290, in _event_loop
    handler(ev)
  File "/home/terry/LJQ/rerouting-drl/application-model/ryu_code3/network_shortest_path.py", line 135, in _packet_in_handler
    if eth.ethertype == ether_types.ETH_TYPE_LLDP:
NameError: name 'ether_types' is not defined
network_shorest_path: Exception occurred during handler processing. Backtrace from offending handler [_packet_in_handler] servicing event [EventOFPPacketIn] follows.
Traceback (most recent call last):
  File "/usr/local/lib/python3.6/dist-packages/ryu/base/app_manager.py", line 290, in _event_loop
    handler(ev)
  File "/home/terry/LJQ/rerouting-drl/application-model/ryu_code3/network_shortest_path.py", line 135, in _packet_in_handler
    if eth.ethertype == ether_types.ETH_TYPE_LLDP:
NameError: name 'ether_types' is not defined
network_shorest_path: Exception occurred during handler processing. Backtrace from offending handler [_packet_in_handler] servicing event [EventOFPPacketIn] follows.
Traceback (most recent call last):
  File "/usr/local/lib/python3.6/dist-packages/ryu/base/app_manager.py", line 290, in _event_loop
    handler(ev)
  File "/home/terry/LJQ/rerouting-drl/application-model/ryu_code3/network_shortest_path.py", line 135, in _packet_in_handler
    if eth.ethertype == ether_types.ETH_TYPE_LLDP:
NameError: name 'ether_types' is not defined
network_shorest_path: Exception occurred during handler processing. Backtrace from offending handler [_packet_in_handler] servicing event [EventOFPPacketIn] follows.
Traceback (most recent call last):
  File "/usr/local/lib/python3.6/dist-packages/ryu/base/app_manager.py", line 290, in _event_loop
    handler(ev)
  File "/home/terry/LJQ/rerouting-drl/application-model/ryu_code3/network_shortest_path.py", line 135, in _packet_in_handler
    if eth.ethertype == ether_types.ETH_TYPE_LLDP:
NameError: name 'ether_types' is not defined
network_shorest_path: Exception occurred during handler processing. Backtrace from offending handler [_packet_in_handler] servicing event [EventOFPPacketIn] follows.
Traceback (most recent call last):
  File "/usr/local/lib/python3.6/dist-packages/ryu/base/app_manager.py", line 290, in _event_loop
    handler(ev)
  File "/home/terry/LJQ/rerouting-drl/application-model/ryu_code3/network_shortest_path.py", line 135, in _packet_in_handler
    if eth.ethertype == ether_types.ETH_TYPE_LLDP:
NameError: name 'ether_types' is not defined
network_shorest_path: Exception occurred during handler processing. Backtrace from offending handler [_packet_in_handler] servicing event [EventOFPPacketIn] follows.
Traceback (most recent call last):
  File "/usr/local/lib/python3.6/dist-packages/ryu/base/app_manager.py", line 290, in _event_loop
    handler(ev)
  File "/home/terry/LJQ/rerouting-drl/application-model/ryu_code3/network_shortest_path.py", line 135, in _packet_in_handler
    if eth.ethertype == ether_types.ETH_TYPE_LLDP:
NameError: name 'ether_types' is not defined
network_shorest_path: Exception occurred during handler processing. Backtrace from offending handler [_packet_in_handler] servicing event [EventOFPPacketIn] follows.
Traceback (most recent call last):
  File "/usr/local/lib/python3.6/dist-packages/ryu/base/app_manager.py", line 290, in _event_loop
    handler(ev)
  File "/home/terry/LJQ/rerouting-drl/application-model/ryu_code3/network_shortest_path.py", line 135, in _packet_in_handler
    if eth.ethertype == ether_types.ETH_TYPE_LLDP:
NameError: name 'ether_types' is not defined
network_shorest_path: Exception occurred during handler processing. Backtrace from offending handler [_packet_in_handler] servicing event [EventOFPPacketIn] follows.
Traceback (most recent call last):
  File "/usr/local/lib/python3.6/dist-packages/ryu/base/app_manager.py", line 290, in _event_loop
    handler(ev)
  File "/home/terry/LJQ/rerouting-drl/application-model/ryu_code3/network_shortest_path.py", line 135, in _packet_in_handler
    if eth.ethertype == ether_types.ETH_TYPE_LLDP:
NameError: name 'ether_types' is not defined
network_shorest_path: Exception occurred during handler processing. Backtrace from offending handler [_packet_in_handler] servicing event [EventOFPPacketIn] follows.
Traceback (most recent call last):
  File "/usr/local/lib/python3.6/dist-packages/ryu/base/app_manager.py", line 290, in _event_loop
    handler(ev)
  File "/home/terry/LJQ/rerouting-drl/application-model/ryu_code3/network_shortest_path.py", line 135, in _packet_in_handler
    if eth.ethertype == ether_types.ETH_TYPE_LLDP:
NameError: name 'ether_types' is not defined
network_shorest_path: Exception occurred during handler processing. Backtrace from offending handler [_packet_in_handler] servicing event [EventOFPPacketIn] follows.
Traceback (most recent call last):
  File "/usr/local/lib/python3.6/dist-packages/ryu/base/app_manager.py", line 290, in _event_loop
    handler(ev)
  File "/home/terry/LJQ/rerouting-drl/application-model/ryu_code3/network_shortest_path.py", line 135, in _packet_in_handler
    if eth.ethertype == ether_types.ETH_TYPE_LLDP:
NameError: name 'ether_types' is not defined
network_shorest_path: Exception occurred during handler processing. Backtrace from offending handler [_packet_in_handler] servicing event [EventOFPPacketIn] follows.
Traceback (most recent call last):
  File "/usr/local/lib/python3.6/dist-packages/ryu/base/app_manager.py", line 290, in _event_loop
    handler(ev)
  File "/home/terry/LJQ/rerouting-drl/application-model/ryu_code3/network_shortest_path.py", line 135, in _packet_in_handler
    if eth.ethertype == ether_types.ETH_TYPE_LLDP:
NameError: name 'ether_types' is not defined
network_shorest_path: Exception occurred during handler processing. Backtrace from offending handler [_packet_in_handler] servicing event [EventOFPPacketIn] follows.
Traceback (most recent call last):
  File "/usr/local/lib/python3.6/dist-packages/ryu/base/app_manager.py", line 290, in _event_loop
    handler(ev)
  File "/home/terry/LJQ/rerouting-drl/application-model/ryu_code3/network_shortest_path.py", line 135, in _packet_in_handler
    if eth.ethertype == ether_types.ETH_TYPE_LLDP:
NameError: name 'ether_types' is not defined
network_shorest_path: Exception occurred during handler processing. Backtrace from offending handler [_packet_in_handler] servicing event [EventOFPPacketIn] follows.
Traceback (most recent call last):
  File "/usr/local/lib/python3.6/dist-packages/ryu/base/app_manager.py", line 290, in _event_loop
    handler(ev)
  File "/home/terry/LJQ/rerouting-drl/application-model/ryu_code3/network_shortest_path.py", line 135, in _packet_in_handler
    if eth.ethertype == ether_types.ETH_TYPE_LLDP:
NameError: name 'ether_types' is not defined
network_shorest_path: Exception occurred during handler processing. Backtrace from offending handler [_packet_in_handler] servicing event [EventOFPPacketIn] follows.
Traceback (most recent call last):
  File "/usr/local/lib/python3.6/dist-packages/ryu/base/app_manager.py", line 290, in _event_loop
    handler(ev)
  File "/home/terry/LJQ/rerouting-drl/application-model/ryu_code3/network_shortest_path.py", line 135, in _packet_in_handler
    if eth.ethertype == ether_types.ETH_TYPE_LLDP:
NameError: name 'ether_types' is not defined
network_shorest_path: Exception occurred during handler processing. Backtrace from offending handler [_packet_in_handler] servicing event [EventOFPPacketIn] follows.
Traceback (most recent call last):
  File "/usr/local/lib/python3.6/dist-packages/ryu/base/app_manager.py", line 290, in _event_loop
    handler(ev)
  File "/home/terry/LJQ/rerouting-drl/application-model/ryu_code3/network_shortest_path.py", line 135, in _packet_in_handler
    if eth.ethertype == ether_types.ETH_TYPE_LLDP:
NameError: name 'ether_types' is not defined
network_shorest_path: Exception occurred during handler processing. Backtrace from offending handler [_packet_in_handler] servicing event [EventOFPPacketIn] follows.
Traceback (most recent call last):
  File "/usr/local/lib/python3.6/dist-packages/ryu/base/app_manager.py", line 290, in _event_loop
    handler(ev)
  File "/home/terry/LJQ/rerouting-drl/application-model/ryu_code3/network_shortest_path.py", line 135, in _packet_in_handler
    if eth.ethertype == ether_types.ETH_TYPE_LLDP:
NameError: name 'ether_types' is not defined
network_shorest_path: Exception occurred during handler processing. Backtrace from offending handler [_packet_in_handler] servicing event [EventOFPPacketIn] follows.
Traceback (most recent call last):
  File "/usr/local/lib/python3.6/dist-packages/ryu/base/app_manager.py", line 290, in _event_loop
    handler(ev)
  File "/home/terry/LJQ/rerouting-drl/application-model/ryu_code3/network_shortest_path.py", line 135, in _packet_in_handler
    if eth.ethertype == ether_types.ETH_TYPE_LLDP:
NameError: name 'ether_types' is not defined
network_shorest_path: Exception occurred during handler processing. Backtrace from offending handler [_packet_in_handler] servicing event [EventOFPPacketIn] follows.
Traceback (most recent call last):
  File "/usr/local/lib/python3.6/dist-packages/ryu/base/app_manager.py", line 290, in _event_loop
    handler(ev)
  File "/home/terry/LJQ/rerouting-drl/application-model/ryu_code3/network_shortest_path.py", line 135, in _packet_in_handler
    if eth.ethertype == ether_types.ETH_TYPE_LLDP:
NameError: name 'ether_types' is not defined
network_shorest_path: Exception occurred during handler processing. Backtrace from offending handler [_packet_in_handler] servicing event [EventOFPPacketIn] follows.
Traceback (most recent call last):
  File "/usr/local/lib/python3.6/dist-packages/ryu/base/app_manager.py", line 290, in _event_loop
    handler(ev)
  File "/home/terry/LJQ/rerouting-drl/application-model/ryu_code3/network_shortest_path.py", line 135, in _packet_in_handler
    if eth.ethertype == ether_types.ETH_TYPE_LLDP:
NameError: name 'ether_types' is not defined
network_shorest_path: Exception occurred during handler processing. Backtrace from offending handler [_packet_in_handler] servicing event [EventOFPPacketIn] follows.
Traceback (most recent call last):
  File "/usr/local/lib/python3.6/dist-packages/ryu/base/app_manager.py", line 290, in _event_loop
    handler(ev)
  File "/home/terry/LJQ/rerouting-drl/application-model/ryu_code3/network_shortest_path.py", line 135, in _packet_in_handler
    if eth.ethertype == ether_types.ETH_TYPE_LLDP:
NameError: name 'ether_types' is not defined
network_shorest_path: Exception occurred during handler processing. Backtrace from offending handler [_packet_in_handler] servicing event [EventOFPPacketIn] follows.
Traceback (most recent call last):
  File "/usr/local/lib/python3.6/dist-packages/ryu/base/app_manager.py", line 290, in _event_loop
    handler(ev)
  File "/home/terry/LJQ/rerouting-drl/application-model/ryu_code3/network_shortest_path.py", line 135, in _packet_in_handler
    if eth.ethertype == ether_types.ETH_TYPE_LLDP:
NameError: name 'ether_types' is not defined
network_shorest_path: Exception occurred during handler processing. Backtrace from offending handler [_packet_in_handler] servicing event [EventOFPPacketIn] follows.
Traceback (most recent call last):
  File "/usr/local/lib/python3.6/dist-packages/ryu/base/app_manager.py", line 290, in _event_loop
    handler(ev)
  File "/home/terry/LJQ/rerouting-drl/application-model/ryu_code3/network_shortest_path.py", line 135, in _packet_in_handler
    if eth.ethertype == ether_types.ETH_TYPE_LLDP:
NameError: name 'ether_types' is not defined
network_shorest_path: Exception occurred during handler processing. Backtrace from offending handler [_packet_in_handler] servicing event [EventOFPPacketIn] follows.
Traceback (most recent call last):
  File "/usr/local/lib/python3.6/dist-packages/ryu/base/app_manager.py", line 290, in _event_loop
    handler(ev)
  File "/home/terry/LJQ/rerouting-drl/application-model/ryu_code3/network_shortest_path.py", line 135, in _packet_in_handler
    if eth.ethertype == ether_types.ETH_TYPE_LLDP:
NameError: name 'ether_types' is not defined
network_shorest_path: Exception occurred during handler processing. Backtrace from offending handler [_packet_in_handler] servicing event [EventOFPPacketIn] follows.
Traceback (most recent call last):
  File "/usr/local/lib/python3.6/dist-packages/ryu/base/app_manager.py", line 290, in _event_loop
    handler(ev)
  File "/home/terry/LJQ/rerouting-drl/application-model/ryu_code3/network_shortest_path.py", line 135, in _packet_in_handler
    if eth.ethertype == ether_types.ETH_TYPE_LLDP:
NameError: name 'ether_types' is not defined
network_shorest_path: Exception occurred during handler processing. Backtrace from offending handler [_packet_in_handler] servicing event [EventOFPPacketIn] follows.
Traceback (most recent call last):
  File "/usr/local/lib/python3.6/dist-packages/ryu/base/app_manager.py", line 290, in _event_loop
    handler(ev)
  File "/home/terry/LJQ/rerouting-drl/application-model/ryu_code3/network_shortest_path.py", line 135, in _packet_in_handler
    if eth.ethertype == ether_types.ETH_TYPE_LLDP:
NameError: name 'ether_types' is not defined
network_shorest_path: Exception occurred during handler processing. Backtrace from offending handler [_packet_in_handler] servicing event [EventOFPPacketIn] follows.
Traceback (most recent call last):
  File "/usr/local/lib/python3.6/dist-packages/ryu/base/app_manager.py", line 290, in _event_loop
    handler(ev)
  File "/home/terry/LJQ/rerouting-drl/application-model/ryu_code3/network_shortest_path.py", line 135, in _packet_in_handler
    if eth.ethertype == ether_types.ETH_TYPE_LLDP:
NameError: name 'ether_types' is not defined
network_shorest_path: Exception occurred during handler processing. Backtrace from offending handler [_packet_in_handler] servicing event [EventOFPPacketIn] follows.
Traceback (most recent call last):
  File "/usr/local/lib/python3.6/dist-packages/ryu/base/app_manager.py", line 290, in _event_loop
    handler(ev)
  File "/home/terry/LJQ/rerouting-drl/application-model/ryu_code3/network_shortest_path.py", line 135, in _packet_in_handler
    if eth.ethertype == ether_types.ETH_TYPE_LLDP:
NameError: name 'ether_types' is not defined
network_shorest_path: Exception occurred during handler processing. Backtrace from offending handler [_packet_in_handler] servicing event [EventOFPPacketIn] follows.
Traceback (most recent call last):
  File "/usr/local/lib/python3.6/dist-packages/ryu/base/app_manager.py", line 290, in _event_loop
    handler(ev)
  File "/home/terry/LJQ/rerouting-drl/application-model/ryu_code3/network_shortest_path.py", line 135, in _packet_in_handler
    if eth.ethertype == ether_types.ETH_TYPE_LLDP:
NameError: name 'ether_types' is not defined
network_shorest_path: Exception occurred during handler processing. Backtrace from offending handler [_packet_in_handler] servicing event [EventOFPPacketIn] follows.
Traceback (most recent call last):
  File "/usr/local/lib/python3.6/dist-packages/ryu/base/app_manager.py", line 290, in _event_loop
    handler(ev)
  File "/home/terry/LJQ/rerouting-drl/application-model/ryu_code3/network_shortest_path.py", line 135, in _packet_in_handler
    if eth.ethertype == ether_types.ETH_TYPE_LLDP:
NameError: name 'ether_types' is not defined
network_shorest_path: Exception occurred during handler processing. Backtrace from offending handler [_packet_in_handler] servicing event [EventOFPPacketIn] follows.
Traceback (most recent call last):
  File "/usr/local/lib/python3.6/dist-packages/ryu/base/app_manager.py", line 290, in _event_loop
    handler(ev)
  File "/home/terry/LJQ/rerouting-drl/application-model/ryu_code3/network_shortest_path.py", line 135, in _packet_in_handler
    if eth.ethertype == ether_types.ETH_TYPE_LLDP:
NameError: name 'ether_types' is not defined
network_shorest_path: Exception occurred during handler processing. Backtrace from offending handler [_packet_in_handler] servicing event [EventOFPPacketIn] follows.
Traceback (most recent call last):
  File "/usr/local/lib/python3.6/dist-packages/ryu/base/app_manager.py", line 290, in _event_loop
    handler(ev)
  File "/home/terry/LJQ/rerouting-drl/application-model/ryu_code3/network_shortest_path.py", line 135, in _packet_in_handler
    if eth.ethertype == ether_types.ETH_TYPE_LLDP:
NameError: name 'ether_types' is not defined
network_shorest_path: Exception occurred during handler processing. Backtrace from offending handler [_packet_in_handler] servicing event [EventOFPPacketIn] follows.
Traceback (most recent call last):
  File "/usr/local/lib/python3.6/dist-packages/ryu/base/app_manager.py", line 290, in _event_loop
    handler(ev)
  File "/home/terry/LJQ/rerouting-drl/application-model/ryu_code3/network_shortest_path.py", line 135, in _packet_in_handler
    if eth.ethertype == ether_types.ETH_TYPE_LLDP:
NameError: name 'ether_types' is not defined
network_shorest_path: Exception occurred during handler processing. Backtrace from offending handler [_packet_in_handler] servicing event [EventOFPPacketIn] follows.
Traceback (most recent call last):
  File "/usr/local/lib/python3.6/dist-packages/ryu/base/app_manager.py", line 290, in _event_loop
    handler(ev)
  File "/home/terry/LJQ/rerouting-drl/application-model/ryu_code3/network_shortest_path.py", line 135, in _packet_in_handler
    if eth.ethertype == ether_types.ETH_TYPE_LLDP:
NameError: name 'ether_types' is not defined
network_shorest_path: Exception occurred during handler processing. Backtrace from offending handler [_packet_in_handler] servicing event [EventOFPPacketIn] follows.
Traceback (most recent call last):
  File "/usr/local/lib/python3.6/dist-packages/ryu/base/app_manager.py", line 290, in _event_loop
    handler(ev)
  File "/home/terry/LJQ/rerouting-drl/application-model/ryu_code3/network_shortest_path.py", line 135, in _packet_in_handler
    if eth.ethertype == ether_types.ETH_TYPE_LLDP:
NameError: name 'ether_types' is not defined
network_shorest_path: Exception occurred during handler processing. Backtrace from offending handler [_packet_in_handler] servicing event [EventOFPPacketIn] follows.
Traceback (most recent call last):
  File "/usr/local/lib/python3.6/dist-packages/ryu/base/app_manager.py", line 290, in _event_loop
    handler(ev)
  File "/home/terry/LJQ/rerouting-drl/application-model/ryu_code3/network_shortest_path.py", line 135, in _packet_in_handler
    if eth.ethertype == ether_types.ETH_TYPE_LLDP:
NameError: name 'ether_types' is not defined
network_shorest_path: Exception occurred during handler processing. Backtrace from offending handler [_packet_in_handler] servicing event [EventOFPPacketIn] follows.
Traceback (most recent call last):
  File "/usr/local/lib/python3.6/dist-packages/ryu/base/app_manager.py", line 290, in _event_loop
    handler(ev)
  File "/home/terry/LJQ/rerouting-drl/application-model/ryu_code3/network_shortest_path.py", line 135, in _packet_in_handler
    if eth.ethertype == ether_types.ETH_TYPE_LLDP:
NameError: name 'ether_types' is not defined
network_shorest_path: Exception occurred during handler processing. Backtrace from offending handler [_packet_in_handler] servicing event [EventOFPPacketIn] follows.
Traceback (most recent call last):
  File "/usr/local/lib/python3.6/dist-packages/ryu/base/app_manager.py", line 290, in _event_loop
    handler(ev)
  File "/home/terry/LJQ/rerouting-drl/application-model/ryu_code3/network_shortest_path.py", line 135, in _packet_in_handler
    if eth.ethertype == ether_types.ETH_TYPE_LLDP:
NameError: name 'ether_types' is not defined
network_shorest_path: Exception occurred during handler processing. Backtrace from offending handler [_packet_in_handler] servicing event [EventOFPPacketIn] follows.
Traceback (most recent call last):
  File "/usr/local/lib/python3.6/dist-packages/ryu/base/app_manager.py", line 290, in _event_loop
    handler(ev)
  File "/home/terry/LJQ/rerouting-drl/application-model/ryu_code3/network_shortest_path.py", line 135, in _packet_in_handler
    if eth.ethertype == ether_types.ETH_TYPE_LLDP:
NameError: name 'ether_types' is not defined
network_shorest_path: Exception occurred during handler processing. Backtrace from offending handler [_packet_in_handler] servicing event [EventOFPPacketIn] follows.
Traceback (most recent call last):
  File "/usr/local/lib/python3.6/dist-packages/ryu/base/app_manager.py", line 290, in _event_loop
    handler(ev)
  File "/home/terry/LJQ/rerouting-drl/application-model/ryu_code3/network_shortest_path.py", line 135, in _packet_in_handler
    if eth.ethertype == ether_types.ETH_TYPE_LLDP:
NameError: name 'ether_types' is not defined
network_shorest_path: Exception occurred during handler processing. Backtrace from offending handler [_packet_in_handler] servicing event [EventOFPPacketIn] follows.
Traceback (most recent call last):
  File "/usr/local/lib/python3.6/dist-packages/ryu/base/app_manager.py", line 290, in _event_loop
    handler(ev)
  File "/home/terry/LJQ/rerouting-drl/application-model/ryu_code3/network_shortest_path.py", line 135, in _packet_in_handler
    if eth.ethertype == ether_types.ETH_TYPE_LLDP:
NameError: name 'ether_types' is not defined
network_shorest_path: Exception occurred during handler processing. Backtrace from offending handler [_packet_in_handler] servicing event [EventOFPPacketIn] follows.
Traceback (most recent call last):
  File "/usr/local/lib/python3.6/dist-packages/ryu/base/app_manager.py", line 290, in _event_loop
    handler(ev)
  File "/home/terry/LJQ/rerouting-drl/application-model/ryu_code3/network_shortest_path.py", line 135, in _packet_in_handler
    if eth.ethertype == ether_types.ETH_TYPE_LLDP:
NameError: name 'ether_types' is not defined
network_shorest_path: Exception occurred during handler processing. Backtrace from offending handler [_packet_in_handler] servicing event [EventOFPPacketIn] follows.
Traceback (most recent call last):
  File "/usr/local/lib/python3.6/dist-packages/ryu/base/app_manager.py", line 290, in _event_loop
    handler(ev)
  File "/home/terry/LJQ/rerouting-drl/application-model/ryu_code3/network_shortest_path.py", line 135, in _packet_in_handler
    if eth.ethertype == ether_types.ETH_TYPE_LLDP:
NameError: name 'ether_types' is not defined
network_shorest_path: Exception occurred during handler processing. Backtrace from offending handler [_packet_in_handler] servicing event [EventOFPPacketIn] follows.
Traceback (most recent call last):
  File "/usr/local/lib/python3.6/dist-packages/ryu/base/app_manager.py", line 290, in _event_loop
    handler(ev)
  File "/home/terry/LJQ/rerouting-drl/application-model/ryu_code3/network_shortest_path.py", line 135, in _packet_in_handler
    if eth.ethertype == ether_types.ETH_TYPE_LLDP:
NameError: name 'ether_types' is not defined
network_shorest_path: Exception occurred during handler processing. Backtrace from offending handler [_packet_in_handler] servicing event [EventOFPPacketIn] follows.
Traceback (most recent call last):
  File "/usr/local/lib/python3.6/dist-packages/ryu/base/app_manager.py", line 290, in _event_loop
    handler(ev)
  File "/home/terry/LJQ/rerouting-drl/application-model/ryu_code3/network_shortest_path.py", line 135, in _packet_in_handler
    if eth.ethertype == ether_types.ETH_TYPE_LLDP:
NameError: name 'ether_types' is not defined
network_shorest_path: Exception occurred during handler processing. Backtrace from offending handler [_packet_in_handler] servicing event [EventOFPPacketIn] follows.
Traceback (most recent call last):
  File "/usr/local/lib/python3.6/dist-packages/ryu/base/app_manager.py", line 290, in _event_loop
    handler(ev)
  File "/home/terry/LJQ/rerouting-drl/application-model/ryu_code3/network_shortest_path.py", line 135, in _packet_in_handler
    if eth.ethertype == ether_types.ETH_TYPE_LLDP:
NameError: name 'ether_types' is not defined
network_shorest_path: Exception occurred during handler processing. Backtrace from offending handler [_packet_in_handler] servicing event [EventOFPPacketIn] follows.
Traceback (most recent call last):
  File "/usr/local/lib/python3.6/dist-packages/ryu/base/app_manager.py", line 290, in _event_loop
    handler(ev)
  File "/home/terry/LJQ/rerouting-drl/application-model/ryu_code3/network_shortest_path.py", line 135, in _packet_in_handler
    if eth.ethertype == ether_types.ETH_TYPE_LLDP:
NameError: name 'ether_types' is not defined
network_shorest_path: Exception occurred during handler processing. Backtrace from offending handler [_packet_in_handler] servicing event [EventOFPPacketIn] follows.
Traceback (most recent call last):
  File "/usr/local/lib/python3.6/dist-packages/ryu/base/app_manager.py", line 290, in _event_loop
    handler(ev)
  File "/home/terry/LJQ/rerouting-drl/application-model/ryu_code3/network_shortest_path.py", line 135, in _packet_in_handler
    if eth.ethertype == ether_types.ETH_TYPE_LLDP:
NameError: name 'ether_types' is not defined
network_shorest_path: Exception occurred during handler processing. Backtrace from offending handler [_packet_in_handler] servicing event [EventOFPPacketIn] follows.
Traceback (most recent call last):
  File "/usr/local/lib/python3.6/dist-packages/ryu/base/app_manager.py", line 290, in _event_loop
    handler(ev)
  File "/home/terry/LJQ/rerouting-drl/application-model/ryu_code3/network_shortest_path.py", line 135, in _packet_in_handler
    if eth.ethertype == ether_types.ETH_TYPE_LLDP:
NameError: name 'ether_types' is not defined
network_shorest_path: Exception occurred during handler processing. Backtrace from offending handler [_packet_in_handler] servicing event [EventOFPPacketIn] follows.
Traceback (most recent call last):
  File "/usr/local/lib/python3.6/dist-packages/ryu/base/app_manager.py", line 290, in _event_loop
    handler(ev)
  File "/home/terry/LJQ/rerouting-drl/application-model/ryu_code3/network_shortest_path.py", line 135, in _packet_in_handler
    if eth.ethertype == ether_types.ETH_TYPE_LLDP:
NameError: name 'ether_types' is not defined
network_shorest_path: Exception occurred during handler processing. Backtrace from offending handler [_packet_in_handler] servicing event [EventOFPPacketIn] follows.
Traceback (most recent call last):
  File "/usr/local/lib/python3.6/dist-packages/ryu/base/app_manager.py", line 290, in _event_loop
    handler(ev)
  File "/home/terry/LJQ/rerouting-drl/application-model/ryu_code3/network_shortest_path.py", line 135, in _packet_in_handler
    if eth.ethertype == ether_types.ETH_TYPE_LLDP:
NameError: name 'ether_types' is not defined
network_shorest_path: Exception occurred during handler processing. Backtrace from offending handler [_packet_in_handler] servicing event [EventOFPPacketIn] follows.
Traceback (most recent call last):
  File "/usr/local/lib/python3.6/dist-packages/ryu/base/app_manager.py", line 290, in _event_loop
    handler(ev)
  File "/home/terry/LJQ/rerouting-drl/application-model/ryu_code3/network_shortest_path.py", line 135, in _packet_in_handler
    if eth.ethertype == ether_types.ETH_TYPE_LLDP:
NameError: name 'ether_types' is not defined
network_shorest_path: Exception occurred during handler processing. Backtrace from offending handler [_packet_in_handler] servicing event [EventOFPPacketIn] follows.
Traceback (most recent call last):
  File "/usr/local/lib/python3.6/dist-packages/ryu/base/app_manager.py", line 290, in _event_loop
    handler(ev)
  File "/home/terry/LJQ/rerouting-drl/application-model/ryu_code3/network_shortest_path.py", line 135, in _packet_in_handler
    if eth.ethertype == ether_types.ETH_TYPE_LLDP:
NameError: name 'ether_types' is not defined
network_shorest_path: Exception occurred during handler processing. Backtrace from offending handler [_packet_in_handler] servicing event [EventOFPPacketIn] follows.
Traceback (most recent call last):
  File "/usr/local/lib/python3.6/dist-packages/ryu/base/app_manager.py", line 290, in _event_loop
    handler(ev)
  File "/home/terry/LJQ/rerouting-drl/application-model/ryu_code3/network_shortest_path.py", line 135, in _packet_in_handler
    if eth.ethertype == ether_types.ETH_TYPE_LLDP:
NameError: name 'ether_types' is not defined
network_shorest_path: Exception occurred during handler processing. Backtrace from offending handler [_packet_in_handler] servicing event [EventOFPPacketIn] follows.
Traceback (most recent call last):
  File "/usr/local/lib/python3.6/dist-packages/ryu/base/app_manager.py", line 290, in _event_loop
    handler(ev)
  File "/home/terry/LJQ/rerouting-drl/application-model/ryu_code3/network_shortest_path.py", line 135, in _packet_in_handler
    if eth.ethertype == ether_types.ETH_TYPE_LLDP:
NameError: name 'ether_types' is not defined
network_shorest_path: Exception occurred during handler processing. Backtrace from offending handler [_packet_in_handler] servicing event [EventOFPPacketIn] follows.
Traceback (most recent call last):
  File "/usr/local/lib/python3.6/dist-packages/ryu/base/app_manager.py", line 290, in _event_loop
    handler(ev)
  File "/home/terry/LJQ/rerouting-drl/application-model/ryu_code3/network_shortest_path.py", line 135, in _packet_in_handler
    if eth.ethertype == ether_types.ETH_TYPE_LLDP:
NameError: name 'ether_types' is not defined
network_shorest_path: Exception occurred during handler processing. Backtrace from offending handler [_packet_in_handler] servicing event [EventOFPPacketIn] follows.
Traceback (most recent call last):
  File "/usr/local/lib/python3.6/dist-packages/ryu/base/app_manager.py", line 290, in _event_loop
    handler(ev)
  File "/home/terry/LJQ/rerouting-drl/application-model/ryu_code3/network_shortest_path.py", line 135, in _packet_in_handler
    if eth.ethertype == ether_types.ETH_TYPE_LLDP:
NameError: name 'ether_types' is not defined
network_shorest_path: Exception occurred during handler processing. Backtrace from offending handler [_packet_in_handler] servicing event [EventOFPPacketIn] follows.
Traceback (most recent call last):
  File "/usr/local/lib/python3.6/dist-packages/ryu/base/app_manager.py", line 290, in _event_loop
    handler(ev)
  File "/home/terry/LJQ/rerouting-drl/application-model/ryu_code3/network_shortest_path.py", line 135, in _packet_in_handler
    if eth.ethertype == ether_types.ETH_TYPE_LLDP:
NameError: name 'ether_types' is not defined
network_shorest_path: Exception occurred during handler processing. Backtrace from offending handler [_packet_in_handler] servicing event [EventOFPPacketIn] follows.
Traceback (most recent call last):
  File "/usr/local/lib/python3.6/dist-packages/ryu/base/app_manager.py", line 290, in _event_loop
    handler(ev)
  File "/home/terry/LJQ/rerouting-drl/application-model/ryu_code3/network_shortest_path.py", line 135, in _packet_in_handler
    if eth.ethertype == ether_types.ETH_TYPE_LLDP:
NameError: name 'ether_types' is not defined
network_shorest_path: Exception occurred during handler processing. Backtrace from offending handler [_packet_in_handler] servicing event [EventOFPPacketIn] follows.
Traceback (most recent call last):
  File "/usr/local/lib/python3.6/dist-packages/ryu/base/app_manager.py", line 290, in _event_loop
    handler(ev)
  File "/home/terry/LJQ/rerouting-drl/application-model/ryu_code3/network_shortest_path.py", line 135, in _packet_in_handler
    if eth.ethertype == ether_types.ETH_TYPE_LLDP:
NameError: name 'ether_types' is not defined
network_shorest_path: Exception occurred during handler processing. Backtrace from offending handler [_packet_in_handler] servicing event [EventOFPPacketIn] follows.
Traceback (most recent call last):
  File "/usr/local/lib/python3.6/dist-packages/ryu/base/app_manager.py", line 290, in _event_loop
    handler(ev)
  File "/home/terry/LJQ/rerouting-drl/application-model/ryu_code3/network_shortest_path.py", line 135, in _packet_in_handler
    if eth.ethertype == ether_types.ETH_TYPE_LLDP:
NameError: name 'ether_types' is not defined
network_shorest_path: Exception occurred during handler processing. Backtrace from offending handler [_packet_in_handler] servicing event [EventOFPPacketIn] follows.
Traceback (most recent call last):
  File "/usr/local/lib/python3.6/dist-packages/ryu/base/app_manager.py", line 290, in _event_loop
    handler(ev)
  File "/home/terry/LJQ/rerouting-drl/application-model/ryu_code3/network_shortest_path.py", line 135, in _packet_in_handler
    if eth.ethertype == ether_types.ETH_TYPE_LLDP:
NameError: name 'ether_types' is not defined
network_shorest_path: Exception occurred during handler processing. Backtrace from offending handler [_packet_in_handler] servicing event [EventOFPPacketIn] follows.
Traceback (most recent call last):
  File "/usr/local/lib/python3.6/dist-packages/ryu/base/app_manager.py", line 290, in _event_loop
    handler(ev)
  File "/home/terry/LJQ/rerouting-drl/application-model/ryu_code3/network_shortest_path.py", line 135, in _packet_in_handler
    if eth.ethertype == ether_types.ETH_TYPE_LLDP:
NameError: name 'ether_types' is not defined
network_shorest_path: Exception occurred during handler processing. Backtrace from offending handler [_packet_in_handler] servicing event [EventOFPPacketIn] follows.
Traceback (most recent call last):
  File "/usr/local/lib/python3.6/dist-packages/ryu/base/app_manager.py", line 290, in _event_loop
    handler(ev)
  File "/home/terry/LJQ/rerouting-drl/application-model/ryu_code3/network_shortest_path.py", line 135, in _packet_in_handler
    if eth.ethertype == ether_types.ETH_TYPE_LLDP:
NameError: name 'ether_types' is not defined
network_shorest_path: Exception occurred during handler processing. Backtrace from offending handler [_packet_in_handler] servicing event [EventOFPPacketIn] follows.
Traceback (most recent call last):
  File "/usr/local/lib/python3.6/dist-packages/ryu/base/app_manager.py", line 290, in _event_loop
    handler(ev)
  File "/home/terry/LJQ/rerouting-drl/application-model/ryu_code3/network_shortest_path.py", line 135, in _packet_in_handler
    if eth.ethertype == ether_types.ETH_TYPE_LLDP:
NameError: name 'ether_types' is not defined
network_shorest_path: Exception occurred during handler processing. Backtrace from offending handler [_packet_in_handler] servicing event [EventOFPPacketIn] follows.
Traceback (most recent call last):
  File "/usr/local/lib/python3.6/dist-packages/ryu/base/app_manager.py", line 290, in _event_loop
    handler(ev)
  File "/home/terry/LJQ/rerouting-drl/application-model/ryu_code3/network_shortest_path.py", line 135, in _packet_in_handler
    if eth.ethertype == ether_types.ETH_TYPE_LLDP:
NameError: name 'ether_types' is not defined
network_shorest_path: Exception occurred during handler processing. Backtrace from offending handler [_packet_in_handler] servicing event [EventOFPPacketIn] follows.
Traceback (most recent call last):
  File "/usr/local/lib/python3.6/dist-packages/ryu/base/app_manager.py", line 290, in _event_loop
    handler(ev)
  File "/home/terry/LJQ/rerouting-drl/application-model/ryu_code3/network_shortest_path.py", line 135, in _packet_in_handler
    if eth.ethertype == ether_types.ETH_TYPE_LLDP:
NameError: name 'ether_types' is not defined
network_shorest_path: Exception occurred during handler processing. Backtrace from offending handler [_packet_in_handler] servicing event [EventOFPPacketIn] follows.
Traceback (most recent call last):
  File "/usr/local/lib/python3.6/dist-packages/ryu/base/app_manager.py", line 290, in _event_loop
    handler(ev)
  File "/home/terry/LJQ/rerouting-drl/application-model/ryu_code3/network_shortest_path.py", line 135, in _packet_in_handler
    if eth.ethertype == ether_types.ETH_TYPE_LLDP:
NameError: name 'ether_types' is not defined
network_shorest_path: Exception occurred during handler processing. Backtrace from offending handler [_packet_in_handler] servicing event [EventOFPPacketIn] follows.
Traceback (most recent call last):
  File "/usr/local/lib/python3.6/dist-packages/ryu/base/app_manager.py", line 290, in _event_loop
    handler(ev)
  File "/home/terry/LJQ/rerouting-drl/application-model/ryu_code3/network_shortest_path.py", line 135, in _packet_in_handler
    if eth.ethertype == ether_types.ETH_TYPE_LLDP:
NameError: name 'ether_types' is not defined
network_shorest_path: Exception occurred during handler processing. Backtrace from offending handler [_packet_in_handler] servicing event [EventOFPPacketIn] follows.
Traceback (most recent call last):
  File "/usr/local/lib/python3.6/dist-packages/ryu/base/app_manager.py", line 290, in _event_loop
    handler(ev)
  File "/home/terry/LJQ/rerouting-drl/application-model/ryu_code3/network_shortest_path.py", line 135, in _packet_in_handler
    if eth.ethertype == ether_types.ETH_TYPE_LLDP:
NameError: name 'ether_types' is not defined
network_shorest_path: Exception occurred during handler processing. Backtrace from offending handler [_packet_in_handler] servicing event [EventOFPPacketIn] follows.
Traceback (most recent call last):
  File "/usr/local/lib/python3.6/dist-packages/ryu/base/app_manager.py", line 290, in _event_loop
    handler(ev)
  File "/home/terry/LJQ/rerouting-drl/application-model/ryu_code3/network_shortest_path.py", line 135, in _packet_in_handler
    if eth.ethertype == ether_types.ETH_TYPE_LLDP:
NameError: name 'ether_types' is not defined
network_shorest_path: Exception occurred during handler processing. Backtrace from offending handler [_packet_in_handler] servicing event [EventOFPPacketIn] follows.
Traceback (most recent call last):
  File "/usr/local/lib/python3.6/dist-packages/ryu/base/app_manager.py", line 290, in _event_loop
    handler(ev)
  File "/home/terry/LJQ/rerouting-drl/application-model/ryu_code3/network_shortest_path.py", line 135, in _packet_in_handler
    if eth.ethertype == ether_types.ETH_TYPE_LLDP:
NameError: name 'ether_types' is not defined
network_shorest_path: Exception occurred during handler processing. Backtrace from offending handler [_packet_in_handler] servicing event [EventOFPPacketIn] follows.
Traceback (most recent call last):
  File "/usr/local/lib/python3.6/dist-packages/ryu/base/app_manager.py", line 290, in _event_loop
    handler(ev)
  File "/home/terry/LJQ/rerouting-drl/application-model/ryu_code3/network_shortest_path.py", line 135, in _packet_in_handler
    if eth.ethertype == ether_types.ETH_TYPE_LLDP:
NameError: name 'ether_types' is not defined
network_shorest_path: Exception occurred during handler processing. Backtrace from offending handler [_packet_in_handler] servicing event [EventOFPPacketIn] follows.
Traceback (most recent call last):
  File "/usr/local/lib/python3.6/dist-packages/ryu/base/app_manager.py", line 290, in _event_loop
    handler(ev)
  File "/home/terry/LJQ/rerouting-drl/application-model/ryu_code3/network_shortest_path.py", line 135, in _packet_in_handler
    if eth.ethertype == ether_types.ETH_TYPE_LLDP:
NameError: name 'ether_types' is not defined
network_shorest_path: Exception occurred during handler processing. Backtrace from offending handler [_packet_in_handler] servicing event [EventOFPPacketIn] follows.
Traceback (most recent call last):
  File "/usr/local/lib/python3.6/dist-packages/ryu/base/app_manager.py", line 290, in _event_loop
    handler(ev)
  File "/home/terry/LJQ/rerouting-drl/application-model/ryu_code3/network_shortest_path.py", line 135, in _packet_in_handler
    if eth.ethertype == ether_types.ETH_TYPE_LLDP:
NameError: name 'ether_types' is not defined
network_shorest_path: Exception occurred during handler processing. Backtrace from offending handler [_packet_in_handler] servicing event [EventOFPPacketIn] follows.
Traceback (most recent call last):
  File "/usr/local/lib/python3.6/dist-packages/ryu/base/app_manager.py", line 290, in _event_loop
    handler(ev)
  File "/home/terry/LJQ/rerouting-drl/application-model/ryu_code3/network_shortest_path.py", line 135, in _packet_in_handler
    if eth.ethertype == ether_types.ETH_TYPE_LLDP:
NameError: name 'ether_types' is not defined
network_shorest_path: Exception occurred during handler processing. Backtrace from offending handler [_packet_in_handler] servicing event [EventOFPPacketIn] follows.
Traceback (most recent call last):
  File "/usr/local/lib/python3.6/dist-packages/ryu/base/app_manager.py", line 290, in _event_loop
    handler(ev)
  File "/home/terry/LJQ/rerouting-drl/application-model/ryu_code3/network_shortest_path.py", line 135, in _packet_in_handler
    if eth.ethertype == ether_types.ETH_TYPE_LLDP:
NameError: name 'ether_types' is not defined
network_shorest_path: Exception occurred during handler processing. Backtrace from offending handler [_packet_in_handler] servicing event [EventOFPPacketIn] follows.
Traceback (most recent call last):
  File "/usr/local/lib/python3.6/dist-packages/ryu/base/app_manager.py", line 290, in _event_loop
    handler(ev)
  File "/home/terry/LJQ/rerouting-drl/application-model/ryu_code3/network_shortest_path.py", line 135, in _packet_in_handler
    if eth.ethertype == ether_types.ETH_TYPE_LLDP:
NameError: name 'ether_types' is not defined
network_shorest_path: Exception occurred during handler processing. Backtrace from offending handler [_packet_in_handler] servicing event [EventOFPPacketIn] follows.
Traceback (most recent call last):
  File "/usr/local/lib/python3.6/dist-packages/ryu/base/app_manager.py", line 290, in _event_loop
    handler(ev)
  File "/home/terry/LJQ/rerouting-drl/application-model/ryu_code3/network_shortest_path.py", line 135, in _packet_in_handler
    if eth.ethertype == ether_types.ETH_TYPE_LLDP:
NameError: name 'ether_types' is not defined
network_shorest_path: Exception occurred during handler processing. Backtrace from offending handler [_packet_in_handler] servicing event [EventOFPPacketIn] follows.
Traceback (most recent call last):
  File "/usr/local/lib/python3.6/dist-packages/ryu/base/app_manager.py", line 290, in _event_loop
    handler(ev)
  File "/home/terry/LJQ/rerouting-drl/application-model/ryu_code3/network_shortest_path.py", line 135, in _packet_in_handler
    if eth.ethertype == ether_types.ETH_TYPE_LLDP:
NameError: name 'ether_types' is not defined
network_shorest_path: Exception occurred during handler processing. Backtrace from offending handler [_packet_in_handler] servicing event [EventOFPPacketIn] follows.
Traceback (most recent call last):
  File "/usr/local/lib/python3.6/dist-packages/ryu/base/app_manager.py", line 290, in _event_loop
    handler(ev)
  File "/home/terry/LJQ/rerouting-drl/application-model/ryu_code3/network_shortest_path.py", line 135, in _packet_in_handler
    if eth.ethertype == ether_types.ETH_TYPE_LLDP:
NameError: name 'ether_types' is not defined
network_shorest_path: Exception occurred during handler processing. Backtrace from offending handler [_packet_in_handler] servicing event [EventOFPPacketIn] follows.
Traceback (most recent call last):
  File "/usr/local/lib/python3.6/dist-packages/ryu/base/app_manager.py", line 290, in _event_loop
    handler(ev)
  File "/home/terry/LJQ/rerouting-drl/application-model/ryu_code3/network_shortest_path.py", line 135, in _packet_in_handler
    if eth.ethertype == ether_types.ETH_TYPE_LLDP:
NameError: name 'ether_types' is not defined
network_shorest_path: Exception occurred during handler processing. Backtrace from offending handler [_packet_in_handler] servicing event [EventOFPPacketIn] follows.
Traceback (most recent call last):
  File "/usr/local/lib/python3.6/dist-packages/ryu/base/app_manager.py", line 290, in _event_loop
    handler(ev)
  File "/home/terry/LJQ/rerouting-drl/application-model/ryu_code3/network_shortest_path.py", line 135, in _packet_in_handler
    if eth.ethertype == ether_types.ETH_TYPE_LLDP:
NameError: name 'ether_types' is not defined
network_shorest_path: Exception occurred during handler processing. Backtrace from offending handler [_packet_in_handler] servicing event [EventOFPPacketIn] follows.
Traceback (most recent call last):
  File "/usr/local/lib/python3.6/dist-packages/ryu/base/app_manager.py", line 290, in _event_loop
    handler(ev)
  File "/home/terry/LJQ/rerouting-drl/application-model/ryu_code3/network_shortest_path.py", line 135, in _packet_in_handler
    if eth.ethertype == ether_types.ETH_TYPE_LLDP:
NameError: name 'ether_types' is not defined
network_shorest_path: Exception occurred during handler processing. Backtrace from offending handler [_packet_in_handler] servicing event [EventOFPPacketIn] follows.
Traceback (most recent call last):
  File "/usr/local/lib/python3.6/dist-packages/ryu/base/app_manager.py", line 290, in _event_loop
    handler(ev)
  File "/home/terry/LJQ/rerouting-drl/application-model/ryu_code3/network_shortest_path.py", line 135, in _packet_in_handler
    if eth.ethertype == ether_types.ETH_TYPE_LLDP:
NameError: name 'ether_types' is not defined
network_shorest_path: Exception occurred during handler processing. Backtrace from offending handler [_packet_in_handler] servicing event [EventOFPPacketIn] follows.
Traceback (most recent call last):
  File "/usr/local/lib/python3.6/dist-packages/ryu/base/app_manager.py", line 290, in _event_loop
    handler(ev)
  File "/home/terry/LJQ/rerouting-drl/application-model/ryu_code3/network_shortest_path.py", line 135, in _packet_in_handler
    if eth.ethertype == ether_types.ETH_TYPE_LLDP:
NameError: name 'ether_types' is not defined
network_shorest_path: Exception occurred during handler processing. Backtrace from offending handler [_packet_in_handler] servicing event [EventOFPPacketIn] follows.
Traceback (most recent call last):
  File "/usr/local/lib/python3.6/dist-packages/ryu/base/app_manager.py", line 290, in _event_loop
    handler(ev)
  File "/home/terry/LJQ/rerouting-drl/application-model/ryu_code3/network_shortest_path.py", line 135, in _packet_in_handler
    if eth.ethertype == ether_types.ETH_TYPE_LLDP:
NameError: name 'ether_types' is not defined
network_shorest_path: Exception occurred during handler processing. Backtrace from offending handler [_packet_in_handler] servicing event [EventOFPPacketIn] follows.
Traceback (most recent call last):
  File "/usr/local/lib/python3.6/dist-packages/ryu/base/app_manager.py", line 290, in _event_loop
    handler(ev)
  File "/home/terry/LJQ/rerouting-drl/application-model/ryu_code3/network_shortest_path.py", line 135, in _packet_in_handler
    if eth.ethertype == ether_types.ETH_TYPE_LLDP:
NameError: name 'ether_types' is not defined
network_shorest_path: Exception occurred during handler processing. Backtrace from offending handler [_packet_in_handler] servicing event [EventOFPPacketIn] follows.
Traceback (most recent call last):
  File "/usr/local/lib/python3.6/dist-packages/ryu/base/app_manager.py", line 290, in _event_loop
    handler(ev)
  File "/home/terry/LJQ/rerouting-drl/application-model/ryu_code3/network_shortest_path.py", line 135, in _packet_in_handler
    if eth.ethertype == ether_types.ETH_TYPE_LLDP:
NameError: name 'ether_types' is not defined
network_shorest_path: Exception occurred during handler processing. Backtrace from offending handler [_packet_in_handler] servicing event [EventOFPPacketIn] follows.
Traceback (most recent call last):
  File "/usr/local/lib/python3.6/dist-packages/ryu/base/app_manager.py", line 290, in _event_loop
    handler(ev)
  File "/home/terry/LJQ/rerouting-drl/application-model/ryu_code3/network_shortest_path.py", line 135, in _packet_in_handler
    if eth.ethertype == ether_types.ETH_TYPE_LLDP:
NameError: name 'ether_types' is not defined
network_shorest_path: Exception occurred during handler processing. Backtrace from offending handler [_packet_in_handler] servicing event [EventOFPPacketIn] follows.
Traceback (most recent call last):
  File "/usr/local/lib/python3.6/dist-packages/ryu/base/app_manager.py", line 290, in _event_loop
    handler(ev)
  File "/home/terry/LJQ/rerouting-drl/application-model/ryu_code3/network_shortest_path.py", line 135, in _packet_in_handler
    if eth.ethertype == ether_types.ETH_TYPE_LLDP:
NameError: name 'ether_types' is not defined
network_shorest_path: Exception occurred during handler processing. Backtrace from offending handler [_packet_in_handler] servicing event [EventOFPPacketIn] follows.
Traceback (most recent call last):
  File "/usr/local/lib/python3.6/dist-packages/ryu/base/app_manager.py", line 290, in _event_loop
    handler(ev)
  File "/home/terry/LJQ/rerouting-drl/application-model/ryu_code3/network_shortest_path.py", line 135, in _packet_in_handler
    if eth.ethertype == ether_types.ETH_TYPE_LLDP:
NameError: name 'ether_types' is not defined
network_shorest_path: Exception occurred during handler processing. Backtrace from offending handler [_packet_in_handler] servicing event [EventOFPPacketIn] follows.
Traceback (most recent call last):
  File "/usr/local/lib/python3.6/dist-packages/ryu/base/app_manager.py", line 290, in _event_loop
    handler(ev)
  File "/home/terry/LJQ/rerouting-drl/application-model/ryu_code3/network_shortest_path.py", line 135, in _packet_in_handler
    if eth.ethertype == ether_types.ETH_TYPE_LLDP:
NameError: name 'ether_types' is not defined
network_shorest_path: Exception occurred during handler processing. Backtrace from offending handler [_packet_in_handler] servicing event [EventOFPPacketIn] follows.
Traceback (most recent call last):
  File "/usr/local/lib/python3.6/dist-packages/ryu/base/app_manager.py", line 290, in _event_loop
    handler(ev)
  File "/home/terry/LJQ/rerouting-drl/application-model/ryu_code3/network_shortest_path.py", line 135, in _packet_in_handler
    if eth.ethertype == ether_types.ETH_TYPE_LLDP:
NameError: name 'ether_types' is not defined
network_shorest_path: Exception occurred during handler processing. Backtrace from offending handler [_packet_in_handler] servicing event [EventOFPPacketIn] follows.
Traceback (most recent call last):
  File "/usr/local/lib/python3.6/dist-packages/ryu/base/app_manager.py", line 290, in _event_loop
    handler(ev)
  File "/home/terry/LJQ/rerouting-drl/application-model/ryu_code3/network_shortest_path.py", line 135, in _packet_in_handler
    if eth.ethertype == ether_types.ETH_TYPE_LLDP:
NameError: name 'ether_types' is not defined
network_shorest_path: Exception occurred during handler processing. Backtrace from offending handler [_packet_in_handler] servicing event [EventOFPPacketIn] follows.
Traceback (most recent call last):
  File "/usr/local/lib/python3.6/dist-packages/ryu/base/app_manager.py", line 290, in _event_loop
    handler(ev)
  File "/home/terry/LJQ/rerouting-drl/application-model/ryu_code3/network_shortest_path.py", line 135, in _packet_in_handler
    if eth.ethertype == ether_types.ETH_TYPE_LLDP:
NameError: name 'ether_types' is not defined
network_shorest_path: Exception occurred during handler processing. Backtrace from offending handler [_packet_in_handler] servicing event [EventOFPPacketIn] follows.
Traceback (most recent call last):
  File "/usr/local/lib/python3.6/dist-packages/ryu/base/app_manager.py", line 290, in _event_loop
    handler(ev)
  File "/home/terry/LJQ/rerouting-drl/application-model/ryu_code3/network_shortest_path.py", line 135, in _packet_in_handler
    if eth.ethertype == ether_types.ETH_TYPE_LLDP:
NameError: name 'ether_types' is not defined
network_shorest_path: Exception occurred during handler processing. Backtrace from offending handler [_packet_in_handler] servicing event [EventOFPPacketIn] follows.
Traceback (most recent call last):
  File "/usr/local/lib/python3.6/dist-packages/ryu/base/app_manager.py", line 290, in _event_loop
    handler(ev)
  File "/home/terry/LJQ/rerouting-drl/application-model/ryu_code3/network_shortest_path.py", line 135, in _packet_in_handler
    if eth.ethertype == ether_types.ETH_TYPE_LLDP:
NameError: name 'ether_types' is not defined
network_shorest_path: Exception occurred during handler processing. Backtrace from offending handler [_packet_in_handler] servicing event [EventOFPPacketIn] follows.
Traceback (most recent call last):
  File "/usr/local/lib/python3.6/dist-packages/ryu/base/app_manager.py", line 290, in _event_loop
    handler(ev)
  File "/home/terry/LJQ/rerouting-drl/application-model/ryu_code3/network_shortest_path.py", line 135, in _packet_in_handler
    if eth.ethertype == ether_types.ETH_TYPE_LLDP:
NameError: name 'ether_types' is not defined
network_shorest_path: Exception occurred during handler processing. Backtrace from offending handler [_packet_in_handler] servicing event [EventOFPPacketIn] follows.
Traceback (most recent call last):
  File "/usr/local/lib/python3.6/dist-packages/ryu/base/app_manager.py", line 290, in _event_loop
    handler(ev)
  File "/home/terry/LJQ/rerouting-drl/application-model/ryu_code3/network_shortest_path.py", line 135, in _packet_in_handler
    if eth.ethertype == ether_types.ETH_TYPE_LLDP:
NameError: name 'ether_types' is not defined
network_shorest_path: Exception occurred during handler processing. Backtrace from offending handler [_packet_in_handler] servicing event [EventOFPPacketIn] follows.
Traceback (most recent call last):
  File "/usr/local/lib/python3.6/dist-packages/ryu/base/app_manager.py", line 290, in _event_loop
    handler(ev)
  File "/home/terry/LJQ/rerouting-drl/application-model/ryu_code3/network_shortest_path.py", line 135, in _packet_in_handler
    if eth.ethertype == ether_types.ETH_TYPE_LLDP:
NameError: name 'ether_types' is not defined
network_shorest_path: Exception occurred during handler processing. Backtrace from offending handler [_packet_in_handler] servicing event [EventOFPPacketIn] follows.
Traceback (most recent call last):
  File "/usr/local/lib/python3.6/dist-packages/ryu/base/app_manager.py", line 290, in _event_loop
    handler(ev)
  File "/home/terry/LJQ/rerouting-drl/application-model/ryu_code3/network_shortest_path.py", line 135, in _packet_in_handler
    if eth.ethertype == ether_types.ETH_TYPE_LLDP:
NameError: name 'ether_types' is not defined
network_shorest_path: Exception occurred during handler processing. Backtrace from offending handler [_packet_in_handler] servicing event [EventOFPPacketIn] follows.
Traceback (most recent call last):
  File "/usr/local/lib/python3.6/dist-packages/ryu/base/app_manager.py", line 290, in _event_loop
    handler(ev)
  File "/home/terry/LJQ/rerouting-drl/application-model/ryu_code3/network_shortest_path.py", line 135, in _packet_in_handler
    if eth.ethertype == ether_types.ETH_TYPE_LLDP:
NameError: name 'ether_types' is not defined
network_shorest_path: Exception occurred during handler processing. Backtrace from offending handler [_packet_in_handler] servicing event [EventOFPPacketIn] follows.
Traceback (most recent call last):
  File "/usr/local/lib/python3.6/dist-packages/ryu/base/app_manager.py", line 290, in _event_loop
    handler(ev)
  File "/home/terry/LJQ/rerouting-drl/application-model/ryu_code3/network_shortest_path.py", line 135, in _packet_in_handler
    if eth.ethertype == ether_types.ETH_TYPE_LLDP:
NameError: name 'ether_types' is not defined
network_shorest_path: Exception occurred during handler processing. Backtrace from offending handler [_packet_in_handler] servicing event [EventOFPPacketIn] follows.
Traceback (most recent call last):
  File "/usr/local/lib/python3.6/dist-packages/ryu/base/app_manager.py", line 290, in _event_loop
    handler(ev)
  File "/home/terry/LJQ/rerouting-drl/application-model/ryu_code3/network_shortest_path.py", line 135, in _packet_in_handler
    if eth.ethertype == ether_types.ETH_TYPE_LLDP:
NameError: name 'ether_types' is not defined
network_shorest_path: Exception occurred during handler processing. Backtrace from offending handler [_packet_in_handler] servicing event [EventOFPPacketIn] follows.
Traceback (most recent call last):
  File "/usr/local/lib/python3.6/dist-packages/ryu/base/app_manager.py", line 290, in _event_loop
    handler(ev)
  File "/home/terry/LJQ/rerouting-drl/application-model/ryu_code3/network_shortest_path.py", line 135, in _packet_in_handler
    if eth.ethertype == ether_types.ETH_TYPE_LLDP:
NameError: name 'ether_types' is not defined
network_shorest_path: Exception occurred during handler processing. Backtrace from offending handler [_packet_in_handler] servicing event [EventOFPPacketIn] follows.
Traceback (most recent call last):
  File "/usr/local/lib/python3.6/dist-packages/ryu/base/app_manager.py", line 290, in _event_loop
    handler(ev)
  File "/home/terry/LJQ/rerouting-drl/application-model/ryu_code3/network_shortest_path.py", line 135, in _packet_in_handler
    if eth.ethertype == ether_types.ETH_TYPE_LLDP:
NameError: name 'ether_types' is not defined
network_shorest_path: Exception occurred during handler processing. Backtrace from offending handler [_packet_in_handler] servicing event [EventOFPPacketIn] follows.
Traceback (most recent call last):
  File "/usr/local/lib/python3.6/dist-packages/ryu/base/app_manager.py", line 290, in _event_loop
    handler(ev)
  File "/home/terry/LJQ/rerouting-drl/application-model/ryu_code3/network_shortest_path.py", line 135, in _packet_in_handler
    if eth.ethertype == ether_types.ETH_TYPE_LLDP:
NameError: name 'ether_types' is not defined
network_shorest_path: Exception occurred during handler processing. Backtrace from offending handler [_packet_in_handler] servicing event [EventOFPPacketIn] follows.
Traceback (most recent call last):
  File "/usr/local/lib/python3.6/dist-packages/ryu/base/app_manager.py", line 290, in _event_loop
    handler(ev)
  File "/home/terry/LJQ/rerouting-drl/application-model/ryu_code3/network_shortest_path.py", line 135, in _packet_in_handler
    if eth.ethertype == ether_types.ETH_TYPE_LLDP:
NameError: name 'ether_types' is not defined
network_shorest_path: Exception occurred during handler processing. Backtrace from offending handler [_packet_in_handler] servicing event [EventOFPPacketIn] follows.
Traceback (most recent call last):
  File "/usr/local/lib/python3.6/dist-packages/ryu/base/app_manager.py", line 290, in _event_loop
    handler(ev)
  File "/home/terry/LJQ/rerouting-drl/application-model/ryu_code3/network_shortest_path.py", line 135, in _packet_in_handler
    if eth.ethertype == ether_types.ETH_TYPE_LLDP:
NameError: name 'ether_types' is not defined
network_shorest_path: Exception occurred during handler processing. Backtrace from offending handler [_packet_in_handler] servicing event [EventOFPPacketIn] follows.
Traceback (most recent call last):
  File "/usr/local/lib/python3.6/dist-packages/ryu/base/app_manager.py", line 290, in _event_loop
    handler(ev)
  File "/home/terry/LJQ/rerouting-drl/application-model/ryu_code3/network_shortest_path.py", line 135, in _packet_in_handler
    if eth.ethertype == ether_types.ETH_TYPE_LLDP:
NameError: name 'ether_types' is not defined
network_shorest_path: Exception occurred during handler processing. Backtrace from offending handler [_packet_in_handler] servicing event [EventOFPPacketIn] follows.
Traceback (most recent call last):
  File "/usr/local/lib/python3.6/dist-packages/ryu/base/app_manager.py", line 290, in _event_loop
    handler(ev)
  File "/home/terry/LJQ/rerouting-drl/application-model/ryu_code3/network_shortest_path.py", line 135, in _packet_in_handler
    if eth.ethertype == ether_types.ETH_TYPE_LLDP:
NameError: name 'ether_types' is not defined
network_shorest_path: Exception occurred during handler processing. Backtrace from offending handler [_packet_in_handler] servicing event [EventOFPPacketIn] follows.
Traceback (most recent call last):
  File "/usr/local/lib/python3.6/dist-packages/ryu/base/app_manager.py", line 290, in _event_loop
    handler(ev)
  File "/home/terry/LJQ/rerouting-drl/application-model/ryu_code3/network_shortest_path.py", line 135, in _packet_in_handler
    if eth.ethertype == ether_types.ETH_TYPE_LLDP:
NameError: name 'ether_types' is not defined
network_shorest_path: Exception occurred during handler processing. Backtrace from offending handler [_packet_in_handler] servicing event [EventOFPPacketIn] follows.
Traceback (most recent call last):
  File "/usr/local/lib/python3.6/dist-packages/ryu/base/app_manager.py", line 290, in _event_loop
    handler(ev)
  File "/home/terry/LJQ/rerouting-drl/application-model/ryu_code3/network_shortest_path.py", line 135, in _packet_in_handler
    if eth.ethertype == ether_types.ETH_TYPE_LLDP:
NameError: name 'ether_types' is not defined
network_shorest_path: Exception occurred during handler processing. Backtrace from offending handler [_packet_in_handler] servicing event [EventOFPPacketIn] follows.
Traceback (most recent call last):
  File "/usr/local/lib/python3.6/dist-packages/ryu/base/app_manager.py", line 290, in _event_loop
    handler(ev)
  File "/home/terry/LJQ/rerouting-drl/application-model/ryu_code3/network_shortest_path.py", line 135, in _packet_in_handler
    if eth.ethertype == ether_types.ETH_TYPE_LLDP:
NameError: name 'ether_types' is not defined
network_shorest_path: Exception occurred during handler processing. Backtrace from offending handler [_packet_in_handler] servicing event [EventOFPPacketIn] follows.
Traceback (most recent call last):
  File "/usr/local/lib/python3.6/dist-packages/ryu/base/app_manager.py", line 290, in _event_loop
    handler(ev)
  File "/home/terry/LJQ/rerouting-drl/application-model/ryu_code3/network_shortest_path.py", line 135, in _packet_in_handler
    if eth.ethertype == ether_types.ETH_TYPE_LLDP:
NameError: name 'ether_types' is not defined
network_shorest_path: Exception occurred during handler processing. Backtrace from offending handler [_packet_in_handler] servicing event [EventOFPPacketIn] follows.
Traceback (most recent call last):
  File "/usr/local/lib/python3.6/dist-packages/ryu/base/app_manager.py", line 290, in _event_loop
    handler(ev)
  File "/home/terry/LJQ/rerouting-drl/application-model/ryu_code3/network_shortest_path.py", line 135, in _packet_in_handler
    if eth.ethertype == ether_types.ETH_TYPE_LLDP:
NameError: name 'ether_types' is not defined
network_shorest_path: Exception occurred during handler processing. Backtrace from offending handler [_packet_in_handler] servicing event [EventOFPPacketIn] follows.
Traceback (most recent call last):
  File "/usr/local/lib/python3.6/dist-packages/ryu/base/app_manager.py", line 290, in _event_loop
    handler(ev)
  File "/home/terry/LJQ/rerouting-drl/application-model/ryu_code3/network_shortest_path.py", line 135, in _packet_in_handler
    if eth.ethertype == ether_types.ETH_TYPE_LLDP:
NameError: name 'ether_types' is not defined
network_shorest_path: Exception occurred during handler processing. Backtrace from offending handler [_packet_in_handler] servicing event [EventOFPPacketIn] follows.
Traceback (most recent call last):
  File "/usr/local/lib/python3.6/dist-packages/ryu/base/app_manager.py", line 290, in _event_loop
    handler(ev)
  File "/home/terry/LJQ/rerouting-drl/application-model/ryu_code3/network_shortest_path.py", line 135, in _packet_in_handler
    if eth.ethertype == ether_types.ETH_TYPE_LLDP:
NameError: name 'ether_types' is not defined
network_shorest_path: Exception occurred during handler processing. Backtrace from offending handler [_packet_in_handler] servicing event [EventOFPPacketIn] follows.
Traceback (most recent call last):
  File "/usr/local/lib/python3.6/dist-packages/ryu/base/app_manager.py", line 290, in _event_loop
    handler(ev)
  File "/home/terry/LJQ/rerouting-drl/application-model/ryu_code3/network_shortest_path.py", line 135, in _packet_in_handler
    if eth.ethertype == ether_types.ETH_TYPE_LLDP:
NameError: name 'ether_types' is not defined
network_shorest_path: Exception occurred during handler processing. Backtrace from offending handler [_packet_in_handler] servicing event [EventOFPPacketIn] follows.
Traceback (most recent call last):
  File "/usr/local/lib/python3.6/dist-packages/ryu/base/app_manager.py", line 290, in _event_loop
    handler(ev)
  File "/home/terry/LJQ/rerouting-drl/application-model/ryu_code3/network_shortest_path.py", line 135, in _packet_in_handler
    if eth.ethertype == ether_types.ETH_TYPE_LLDP:
NameError: name 'ether_types' is not defined
network_shorest_path: Exception occurred during handler processing. Backtrace from offending handler [_packet_in_handler] servicing event [EventOFPPacketIn] follows.
Traceback (most recent call last):
  File "/usr/local/lib/python3.6/dist-packages/ryu/base/app_manager.py", line 290, in _event_loop
    handler(ev)
  File "/home/terry/LJQ/rerouting-drl/application-model/ryu_code3/network_shortest_path.py", line 135, in _packet_in_handler
    if eth.ethertype == ether_types.ETH_TYPE_LLDP:
NameError: name 'ether_types' is not defined
network_shorest_path: Exception occurred during handler processing. Backtrace from offending handler [_packet_in_handler] servicing event [EventOFPPacketIn] follows.
Traceback (most recent call last):
  File "/usr/local/lib/python3.6/dist-packages/ryu/base/app_manager.py", line 290, in _event_loop
    handler(ev)
  File "/home/terry/LJQ/rerouting-drl/application-model/ryu_code3/network_shortest_path.py", line 135, in _packet_in_handler
    if eth.ethertype == ether_types.ETH_TYPE_LLDP:
NameError: name 'ether_types' is not defined
network_shorest_path: Exception occurred during handler processing. Backtrace from offending handler [_packet_in_handler] servicing event [EventOFPPacketIn] follows.
Traceback (most recent call last):
  File "/usr/local/lib/python3.6/dist-packages/ryu/base/app_manager.py", line 290, in _event_loop
    handler(ev)
  File "/home/terry/LJQ/rerouting-drl/application-model/ryu_code3/network_shortest_path.py", line 135, in _packet_in_handler
    if eth.ethertype == ether_types.ETH_TYPE_LLDP:
NameError: name 'ether_types' is not defined
network_shorest_path: Exception occurred during handler processing. Backtrace from offending handler [_packet_in_handler] servicing event [EventOFPPacketIn] follows.
Traceback (most recent call last):
  File "/usr/local/lib/python3.6/dist-packages/ryu/base/app_manager.py", line 290, in _event_loop
    handler(ev)
  File "/home/terry/LJQ/rerouting-drl/application-model/ryu_code3/network_shortest_path.py", line 135, in _packet_in_handler
    if eth.ethertype == ether_types.ETH_TYPE_LLDP:
NameError: name 'ether_types' is not defined
network_shorest_path: Exception occurred during handler processing. Backtrace from offending handler [_packet_in_handler] servicing event [EventOFPPacketIn] follows.
Traceback (most recent call last):
  File "/usr/local/lib/python3.6/dist-packages/ryu/base/app_manager.py", line 290, in _event_loop
    handler(ev)
  File "/home/terry/LJQ/rerouting-drl/application-model/ryu_code3/network_shortest_path.py", line 135, in _packet_in_handler
    if eth.ethertype == ether_types.ETH_TYPE_LLDP:
NameError: name 'ether_types' is not defined
network_shorest_path: Exception occurred during handler processing. Backtrace from offending handler [_packet_in_handler] servicing event [EventOFPPacketIn] follows.
Traceback (most recent call last):
  File "/usr/local/lib/python3.6/dist-packages/ryu/base/app_manager.py", line 290, in _event_loop
    handler(ev)
  File "/home/terry/LJQ/rerouting-drl/application-model/ryu_code3/network_shortest_path.py", line 135, in _packet_in_handler
    if eth.ethertype == ether_types.ETH_TYPE_LLDP:
NameError: name 'ether_types' is not defined
network_shorest_path: Exception occurred during handler processing. Backtrace from offending handler [_packet_in_handler] servicing event [EventOFPPacketIn] follows.
Traceback (most recent call last):
  File "/usr/local/lib/python3.6/dist-packages/ryu/base/app_manager.py", line 290, in _event_loop
    handler(ev)
  File "/home/terry/LJQ/rerouting-drl/application-model/ryu_code3/network_shortest_path.py", line 135, in _packet_in_handler
    if eth.ethertype == ether_types.ETH_TYPE_LLDP:
NameError: name 'ether_types' is not defined
network_shorest_path: Exception occurred during handler processing. Backtrace from offending handler [_packet_in_handler] servicing event [EventOFPPacketIn] follows.
Traceback (most recent call last):
  File "/usr/local/lib/python3.6/dist-packages/ryu/base/app_manager.py", line 290, in _event_loop
    handler(ev)
  File "/home/terry/LJQ/rerouting-drl/application-model/ryu_code3/network_shortest_path.py", line 135, in _packet_in_handler
    if eth.ethertype == ether_types.ETH_TYPE_LLDP:
NameError: name 'ether_types' is not defined
network_shorest_path: Exception occurred during handler processing. Backtrace from offending handler [_packet_in_handler] servicing event [EventOFPPacketIn] follows.
Traceback (most recent call last):
  File "/usr/local/lib/python3.6/dist-packages/ryu/base/app_manager.py", line 290, in _event_loop
    handler(ev)
  File "/home/terry/LJQ/rerouting-drl/application-model/ryu_code3/network_shortest_path.py", line 135, in _packet_in_handler
    if eth.ethertype == ether_types.ETH_TYPE_LLDP:
NameError: name 'ether_types' is not defined
network_shorest_path: Exception occurred during handler processing. Backtrace from offending handler [_packet_in_handler] servicing event [EventOFPPacketIn] follows.
Traceback (most recent call last):
  File "/usr/local/lib/python3.6/dist-packages/ryu/base/app_manager.py", line 290, in _event_loop
    handler(ev)
  File "/home/terry/LJQ/rerouting-drl/application-model/ryu_code3/network_shortest_path.py", line 135, in _packet_in_handler
    if eth.ethertype == ether_types.ETH_TYPE_LLDP:
NameError: name 'ether_types' is not defined
network_shorest_path: Exception occurred during handler processing. Backtrace from offending handler [_packet_in_handler] servicing event [EventOFPPacketIn] follows.
Traceback (most recent call last):
  File "/usr/local/lib/python3.6/dist-packages/ryu/base/app_manager.py", line 290, in _event_loop
    handler(ev)
  File "/home/terry/LJQ/rerouting-drl/application-model/ryu_code3/network_shortest_path.py", line 135, in _packet_in_handler
    if eth.ethertype == ether_types.ETH_TYPE_LLDP:
NameError: name 'ether_types' is not defined
network_shorest_path: Exception occurred during handler processing. Backtrace from offending handler [_packet_in_handler] servicing event [EventOFPPacketIn] follows.
Traceback (most recent call last):
  File "/usr/local/lib/python3.6/dist-packages/ryu/base/app_manager.py", line 290, in _event_loop
    handler(ev)
  File "/home/terry/LJQ/rerouting-drl/application-model/ryu_code3/network_shortest_path.py", line 135, in _packet_in_handler
    if eth.ethertype == ether_types.ETH_TYPE_LLDP:
NameError: name 'ether_types' is not defined
network_shorest_path: Exception occurred during handler processing. Backtrace from offending handler [_packet_in_handler] servicing event [EventOFPPacketIn] follows.
Traceback (most recent call last):
  File "/usr/local/lib/python3.6/dist-packages/ryu/base/app_manager.py", line 290, in _event_loop
    handler(ev)
  File "/home/terry/LJQ/rerouting-drl/application-model/ryu_code3/network_shortest_path.py", line 135, in _packet_in_handler
    if eth.ethertype == ether_types.ETH_TYPE_LLDP:
NameError: name 'ether_types' is not defined
network_shorest_path: Exception occurred during handler processing. Backtrace from offending handler [_packet_in_handler] servicing event [EventOFPPacketIn] follows.
Traceback (most recent call last):
  File "/usr/local/lib/python3.6/dist-packages/ryu/base/app_manager.py", line 290, in _event_loop
    handler(ev)
  File "/home/terry/LJQ/rerouting-drl/application-model/ryu_code3/network_shortest_path.py", line 135, in _packet_in_handler
    if eth.ethertype == ether_types.ETH_TYPE_LLDP:
NameError: name 'ether_types' is not defined
network_shorest_path: Exception occurred during handler processing. Backtrace from offending handler [_packet_in_handler] servicing event [EventOFPPacketIn] follows.
Traceback (most recent call last):
  File "/usr/local/lib/python3.6/dist-packages/ryu/base/app_manager.py", line 290, in _event_loop
    handler(ev)
  File "/home/terry/LJQ/rerouting-drl/application-model/ryu_code3/network_shortest_path.py", line 135, in _packet_in_handler
    if eth.ethertype == ether_types.ETH_TYPE_LLDP:
NameError: name 'ether_types' is not defined
network_shorest_path: Exception occurred during handler processing. Backtrace from offending handler [_packet_in_handler] servicing event [EventOFPPacketIn] follows.
Traceback (most recent call last):
  File "/usr/local/lib/python3.6/dist-packages/ryu/base/app_manager.py", line 290, in _event_loop
    handler(ev)
  File "/home/terry/LJQ/rerouting-drl/application-model/ryu_code3/network_shortest_path.py", line 135, in _packet_in_handler
    if eth.ethertype == ether_types.ETH_TYPE_LLDP:
NameError: name 'ether_types' is not defined
network_shorest_path: Exception occurred during handler processing. Backtrace from offending handler [_packet_in_handler] servicing event [EventOFPPacketIn] follows.
Traceback (most recent call last):
  File "/usr/local/lib/python3.6/dist-packages/ryu/base/app_manager.py", line 290, in _event_loop
    handler(ev)
  File "/home/terry/LJQ/rerouting-drl/application-model/ryu_code3/network_shortest_path.py", line 135, in _packet_in_handler
    if eth.ethertype == ether_types.ETH_TYPE_LLDP:
NameError: name 'ether_types' is not defined
network_shorest_path: Exception occurred during handler processing. Backtrace from offending handler [_packet_in_handler] servicing event [EventOFPPacketIn] follows.
Traceback (most recent call last):
  File "/usr/local/lib/python3.6/dist-packages/ryu/base/app_manager.py", line 290, in _event_loop
    handler(ev)
  File "/home/terry/LJQ/rerouting-drl/application-model/ryu_code3/network_shortest_path.py", line 135, in _packet_in_handler
    if eth.ethertype == ether_types.ETH_TYPE_LLDP:
NameError: name 'ether_types' is not defined
network_shorest_path: Exception occurred during handler processing. Backtrace from offending handler [_packet_in_handler] servicing event [EventOFPPacketIn] follows.
Traceback (most recent call last):
  File "/usr/local/lib/python3.6/dist-packages/ryu/base/app_manager.py", line 290, in _event_loop
    handler(ev)
  File "/home/terry/LJQ/rerouting-drl/application-model/ryu_code3/network_shortest_path.py", line 135, in _packet_in_handler
    if eth.ethertype == ether_types.ETH_TYPE_LLDP:
NameError: name 'ether_types' is not defined
network_shorest_path: Exception occurred during handler processing. Backtrace from offending handler [_packet_in_handler] servicing event [EventOFPPacketIn] follows.
Traceback (most recent call last):
  File "/usr/local/lib/python3.6/dist-packages/ryu/base/app_manager.py", line 290, in _event_loop
    handler(ev)
  File "/home/terry/LJQ/rerouting-drl/application-model/ryu_code3/network_shortest_path.py", line 135, in _packet_in_handler
    if eth.ethertype == ether_types.ETH_TYPE_LLDP:
NameError: name 'ether_types' is not defined
network_shorest_path: Exception occurred during handler processing. Backtrace from offending handler [_packet_in_handler] servicing event [EventOFPPacketIn] follows.
Traceback (most recent call last):
  File "/usr/local/lib/python3.6/dist-packages/ryu/base/app_manager.py", line 290, in _event_loop
    handler(ev)
  File "/home/terry/LJQ/rerouting-drl/application-model/ryu_code3/network_shortest_path.py", line 135, in _packet_in_handler
    if eth.ethertype == ether_types.ETH_TYPE_LLDP:
NameError: name 'ether_types' is not defined
network_shorest_path: Exception occurred during handler processing. Backtrace from offending handler [_packet_in_handler] servicing event [EventOFPPacketIn] follows.
Traceback (most recent call last):
  File "/usr/local/lib/python3.6/dist-packages/ryu/base/app_manager.py", line 290, in _event_loop
    handler(ev)
  File "/home/terry/LJQ/rerouting-drl/application-model/ryu_code3/network_shortest_path.py", line 135, in _packet_in_handler
    if eth.ethertype == ether_types.ETH_TYPE_LLDP:
NameError: name 'ether_types' is not defined
network_shorest_path: Exception occurred during handler processing. Backtrace from offending handler [_packet_in_handler] servicing event [EventOFPPacketIn] follows.
Traceback (most recent call last):
  File "/usr/local/lib/python3.6/dist-packages/ryu/base/app_manager.py", line 290, in _event_loop
    handler(ev)
  File "/home/terry/LJQ/rerouting-drl/application-model/ryu_code3/network_shortest_path.py", line 135, in _packet_in_handler
    if eth.ethertype == ether_types.ETH_TYPE_LLDP:
NameError: name 'ether_types' is not defined
network_shorest_path: Exception occurred during handler processing. Backtrace from offending handler [_packet_in_handler] servicing event [EventOFPPacketIn] follows.
Traceback (most recent call last):
  File "/usr/local/lib/python3.6/dist-packages/ryu/base/app_manager.py", line 290, in _event_loop
    handler(ev)
  File "/home/terry/LJQ/rerouting-drl/application-model/ryu_code3/network_shortest_path.py", line 135, in _packet_in_handler
    if eth.ethertype == ether_types.ETH_TYPE_LLDP:
NameError: name 'ether_types' is not defined
network_shorest_path: Exception occurred during handler processing. Backtrace from offending handler [_packet_in_handler] servicing event [EventOFPPacketIn] follows.
Traceback (most recent call last):
  File "/usr/local/lib/python3.6/dist-packages/ryu/base/app_manager.py", line 290, in _event_loop
    handler(ev)
  File "/home/terry/LJQ/rerouting-drl/application-model/ryu_code3/network_shortest_path.py", line 135, in _packet_in_handler
    if eth.ethertype == ether_types.ETH_TYPE_LLDP:
NameError: name 'ether_types' is not defined
network_shorest_path: Exception occurred during handler processing. Backtrace from offending handler [_packet_in_handler] servicing event [EventOFPPacketIn] follows.
Traceback (most recent call last):
  File "/usr/local/lib/python3.6/dist-packages/ryu/base/app_manager.py", line 290, in _event_loop
    handler(ev)
  File "/home/terry/LJQ/rerouting-drl/application-model/ryu_code3/network_shortest_path.py", line 135, in _packet_in_handler
    if eth.ethertype == ether_types.ETH_TYPE_LLDP:
NameError: name 'ether_types' is not defined
network_shorest_path: Exception occurred during handler processing. Backtrace from offending handler [_packet_in_handler] servicing event [EventOFPPacketIn] follows.
Traceback (most recent call last):
  File "/usr/local/lib/python3.6/dist-packages/ryu/base/app_manager.py", line 290, in _event_loop
    handler(ev)
  File "/home/terry/LJQ/rerouting-drl/application-model/ryu_code3/network_shortest_path.py", line 135, in _packet_in_handler
    if eth.ethertype == ether_types.ETH_TYPE_LLDP:
NameError: name 'ether_types' is not defined
network_shorest_path: Exception occurred during handler processing. Backtrace from offending handler [_packet_in_handler] servicing event [EventOFPPacketIn] follows.
Traceback (most recent call last):
  File "/usr/local/lib/python3.6/dist-packages/ryu/base/app_manager.py", line 290, in _event_loop
    handler(ev)
  File "/home/terry/LJQ/rerouting-drl/application-model/ryu_code3/network_shortest_path.py", line 135, in _packet_in_handler
    if eth.ethertype == ether_types.ETH_TYPE_LLDP:
NameError: name 'ether_types' is not defined
network_shorest_path: Exception occurred during handler processing. Backtrace from offending handler [_packet_in_handler] servicing event [EventOFPPacketIn] follows.
Traceback (most recent call last):
  File "/usr/local/lib/python3.6/dist-packages/ryu/base/app_manager.py", line 290, in _event_loop
    handler(ev)
  File "/home/terry/LJQ/rerouting-drl/application-model/ryu_code3/network_shortest_path.py", line 135, in _packet_in_handler
    if eth.ethertype == ether_types.ETH_TYPE_LLDP:
NameError: name 'ether_types' is not defined
network_shorest_path: Exception occurred during handler processing. Backtrace from offending handler [_packet_in_handler] servicing event [EventOFPPacketIn] follows.
Traceback (most recent call last):
  File "/usr/local/lib/python3.6/dist-packages/ryu/base/app_manager.py", line 290, in _event_loop
    handler(ev)
  File "/home/terry/LJQ/rerouting-drl/application-model/ryu_code3/network_shortest_path.py", line 135, in _packet_in_handler
    if eth.ethertype == ether_types.ETH_TYPE_LLDP:
NameError: name 'ether_types' is not defined
---> OFPPortStatus received: reason=DELETE desc=OFPPort(port_no=2,hw_addr='f2:22:ee:2b:1e:20',name=b'ap8-eth2',config=0,state=4,curr=2112,advertised=0,supported=0,peer=0,curr_speed=10000000,max_speed=0)
network_shorest_path: Exception occurred during handler processing. Backtrace from offending handler [_packet_in_handler] servicing event [EventOFPPacketIn] follows.
Traceback (most recent call last):
  File "/usr/local/lib/python3.6/dist-packages/ryu/base/app_manager.py", line 290, in _event_loop
    handler(ev)
  File "/home/terry/LJQ/rerouting-drl/application-model/ryu_code3/network_shortest_path.py", line 135, in _packet_in_handler
    if eth.ethertype == ether_types.ETH_TYPE_LLDP:
NameError: name 'ether_types' is not defined
network_shorest_path: Exception occurred during handler processing. Backtrace from offending handler [_packet_in_handler] servicing event [EventOFPPacketIn] follows.
Traceback (most recent call last):
  File "/usr/local/lib/python3.6/dist-packages/ryu/base/app_manager.py", line 290, in _event_loop
    handler(ev)
  File "/home/terry/LJQ/rerouting-drl/application-model/ryu_code3/network_shortest_path.py", line 135, in _packet_in_handler
    if eth.ethertype == ether_types.ETH_TYPE_LLDP:
NameError: name 'ether_types' is not defined
network_shorest_path: Exception occurred during handler processing. Backtrace from offending handler [_packet_in_handler] servicing event [EventOFPPacketIn] follows.
Traceback (most recent call last):
  File "/usr/local/lib/python3.6/dist-packages/ryu/base/app_manager.py", line 290, in _event_loop
    handler(ev)
  File "/home/terry/LJQ/rerouting-drl/application-model/ryu_code3/network_shortest_path.py", line 135, in _packet_in_handler
    if eth.ethertype == ether_types.ETH_TYPE_LLDP:
NameError: name 'ether_types' is not defined
network_shorest_path: Exception occurred during handler processing. Backtrace from offending handler [_packet_in_handler] servicing event [EventOFPPacketIn] follows.
Traceback (most recent call last):
  File "/usr/local/lib/python3.6/dist-packages/ryu/base/app_manager.py", line 290, in _event_loop
    handler(ev)
  File "/home/terry/LJQ/rerouting-drl/application-model/ryu_code3/network_shortest_path.py", line 135, in _packet_in_handler
    if eth.ethertype == ether_types.ETH_TYPE_LLDP:
NameError: name 'ether_types' is not defined
---> OFPPortStatus received: reason=DELETE desc=OFPPort(port_no=3,hw_addr='2a:db:c3:db:c1:42',name=b'ap9-eth3',config=0,state=4,curr=2112,advertised=0,supported=0,peer=0,curr_speed=10000000,max_speed=0)
---> OFPPortStatus received: reason=DELETE desc=OFPPort(port_no=2,hw_addr='f6:41:fc:2d:59:d6',name=b'ap9-eth2',config=0,state=4,curr=2112,advertised=0,supported=0,peer=0,curr_speed=10000000,max_speed=0)
---> OFPPortStatus received: reason=DELETE desc=OFPPort(port_no=4,hw_addr='6e:45:9d:a2:3b:5c',name=b'ap8-eth4',config=0,state=4,curr=2112,advertised=0,supported=0,peer=0,curr_speed=10000000,max_speed=0)
---> OFPPortStatus received: reason=DELETE desc=OFPPort(port_no=3,hw_addr='1a:44:c4:88:8d:33',name=b'ap8-eth3',config=0,state=4,curr=2112,advertised=0,supported=0,peer=0,curr_speed=10000000,max_speed=0)
---> OFPPortStatus received: reason=DELETE desc=OFPPort(port_no=4,hw_addr='c2:b1:66:5b:8b:1b',name=b'ap7-eth4',config=0,state=4,curr=2112,advertised=0,supported=0,peer=0,curr_speed=10000000,max_speed=0)
---> OFPPortStatus received: reason=DELETE desc=OFPPort(port_no=2,hw_addr='06:be:be:71:75:6d',name=b'ap7-eth2',config=0,state=4,curr=2112,advertised=0,supported=0,peer=0,curr_speed=10000000,max_speed=0)
---> OFPPortStatus received: reason=DELETE desc=OFPPort(port_no=3,hw_addr='16:c0:48:3e:3a:10',name=b'ap7-eth3',config=0,state=4,curr=2112,advertised=0,supported=0,peer=0,curr_speed=10000000,max_speed=0)
