loading app simple_switch_stp_13.py
loading app ryu.controller.ofp_handler
instantiating app None of Stp
creating context stplib
instantiating app simple_switch_stp_13.py of SimpleSwitch13
instantiating app ryu.controller.ofp_handler of OFPHandler
stplib: Exception occurred during handler processing. Backtrace from offending handler [port_status_handler] servicing event [EventOFPPortStatus] follows.
Traceback (most recent call last):
  File "/usr/local/lib/python3.6/dist-packages/ryu/base/app_manager.py", line 290, in _event_loop
    handler(ev)
  File "/usr/local/lib/python3.6/dist-packages/ryu/lib/stplib.py", line 301, in port_status_handler
    if bridge.ports_state[port.port_no] == port.state:
KeyError: 4294967294
packet in 1152921504606846985 00:00:00:00:00:02 ff:ff:ff:ff:ff:ff 2
packet in 1152921504606846983 00:00:00:00:00:02 ff:ff:ff:ff:ff:ff 4
packet in 1152921504606846984 00:00:00:00:00:02 ff:ff:ff:ff:ff:ff 2
packet in 1152921504606846985 00:00:00:00:00:02 ff:ff:ff:ff:ff:ff 2
packet in 1152921504606846983 00:00:00:00:00:02 ff:ff:ff:ff:ff:ff 4
packet in 1152921504606846984 00:00:00:00:00:02 ff:ff:ff:ff:ff:ff 2
packet in 1152921504606846985 00:00:00:00:00:02 ff:ff:ff:ff:ff:ff 2
packet in 1152921504606846983 00:00:00:00:00:02 ff:ff:ff:ff:ff:ff 4
packet in 1152921504606846984 00:00:00:00:00:02 ff:ff:ff:ff:ff:ff 2
packet in 1152921504606846985 00:00:00:00:00:02 00:00:00:00:00:05 2
packet in 1152921504606846983 00:00:00:00:00:02 00:00:00:00:00:05 4
packet in 1152921504606846984 00:00:00:00:00:02 00:00:00:00:00:05 2
packet in 1152921504606846985 00:00:00:00:00:02 ff:ff:ff:ff:ff:ff 2
packet in 1152921504606846983 00:00:00:00:00:02 ff:ff:ff:ff:ff:ff 4
packet in 1152921504606846984 00:00:00:00:00:02 ff:ff:ff:ff:ff:ff 2
packet in 1152921504606846985 00:00:00:00:00:02 00:00:00:00:00:06 2
packet in 1152921504606846983 00:00:00:00:00:02 00:00:00:00:00:06 4
packet in 1152921504606846985 00:00:00:00:00:02 ff:ff:ff:ff:ff:ff 2
packet in 1152921504606846983 00:00:00:00:00:02 ff:ff:ff:ff:ff:ff 4
packet in 1152921504606846984 00:00:00:00:00:02 ff:ff:ff:ff:ff:ff 2
packet in 1152921504606846985 00:00:00:00:00:02 ff:ff:ff:ff:ff:ff 2
packet in 1152921504606846983 00:00:00:00:00:02 ff:ff:ff:ff:ff:ff 4
packet in 1152921504606846984 00:00:00:00:00:02 ff:ff:ff:ff:ff:ff 2
packet in 1152921504606846985 00:00:00:00:00:02 ff:ff:ff:ff:ff:ff 2
packet in 1152921504606846983 00:00:00:00:00:02 ff:ff:ff:ff:ff:ff 4
packet in 1152921504606846984 00:00:00:00:00:02 ff:ff:ff:ff:ff:ff 2
packet in 1152921504606846983 00:00:00:00:00:08 00:00:00:00:00:02 1
packet in 1152921504606846985 00:00:00:00:00:08 00:00:00:00:00:02 3
packet in 1152921504606846985 00:00:00:00:00:02 00:00:00:00:00:08 2
packet in 1152921504606846983 00:00:00:00:00:02 00:00:00:00:00:08 4
packet in 1152921504606846985 00:00:00:00:00:02 ff:ff:ff:ff:ff:ff 2
packet in 1152921504606846983 00:00:00:00:00:02 ff:ff:ff:ff:ff:ff 4
packet in 1152921504606846984 00:00:00:00:00:02 ff:ff:ff:ff:ff:ff 2
packet in 1152921504606846984 00:00:00:00:00:09 00:00:00:00:00:02 1
packet in 1152921504606846984 00:00:00:00:00:02 00:00:00:00:00:09 2
packet in 1152921504606846985 00:00:00:00:00:02 ff:ff:ff:ff:ff:ff 2
packet in 1152921504606846983 00:00:00:00:00:02 ff:ff:ff:ff:ff:ff 4
packet in 1152921504606846984 00:00:00:00:00:02 ff:ff:ff:ff:ff:ff 2
packet in 1152921504606846985 00:00:00:00:00:10 00:00:00:00:00:02 1
packet in 1152921504606846985 00:00:00:00:00:02 00:00:00:00:00:10 2
packet in 1152921504606846984 00:00:00:00:00:02 00:00:00:00:00:10 2
packet in 1152921504606846985 00:00:00:00:00:02 00:00:00:00:00:03 2
packet in 1152921504606846983 00:00:00:00:00:02 00:00:00:00:00:03 4
packet in 1152921504606846984 00:00:00:00:00:03 ff:ff:ff:ff:ff:ff 2
packet in 1152921504606846985 00:00:00:00:00:03 ff:ff:ff:ff:ff:ff 2
packet in 1152921504606846983 00:00:00:00:00:03 ff:ff:ff:ff:ff:ff 4
packet in 1152921504606846984 00:00:00:00:00:03 00:00:00:00:00:04 2
packet in 1152921504606846984 00:00:00:00:00:03 ff:ff:ff:ff:ff:ff 2
packet in 1152921504606846985 00:00:00:00:00:03 ff:ff:ff:ff:ff:ff 2
packet in 1152921504606846983 00:00:00:00:00:03 ff:ff:ff:ff:ff:ff 4
packet in 1152921504606846984 00:00:00:00:00:03 00:00:00:00:00:05 2
packet in 1152921504606846985 00:00:00:00:00:03 00:00:00:00:00:05 2
packet in 1152921504606846983 00:00:00:00:00:03 00:00:00:00:00:05 4
packet in 1152921504606846984 00:00:00:00:00:03 ff:ff:ff:ff:ff:ff 2
packet in 1152921504606846985 00:00:00:00:00:03 ff:ff:ff:ff:ff:ff 2
packet in 1152921504606846983 00:00:00:00:00:03 ff:ff:ff:ff:ff:ff 4
packet in 1152921504606846984 00:00:00:00:00:03 ff:ff:ff:ff:ff:ff 2
packet in 1152921504606846985 00:00:00:00:00:03 ff:ff:ff:ff:ff:ff 2
packet in 1152921504606846983 00:00:00:00:00:03 ff:ff:ff:ff:ff:ff 4
packet in 1152921504606846984 00:00:00:00:00:03 00:00:00:00:00:07 2
packet in 1152921504606846984 00:00:00:00:00:03 ff:ff:ff:ff:ff:ff 2
packet in 1152921504606846985 00:00:00:00:00:03 ff:ff:ff:ff:ff:ff 2
packet in 1152921504606846983 00:00:00:00:00:03 ff:ff:ff:ff:ff:ff 4
packet in 1152921504606846983 00:00:00:00:00:08 00:00:00:00:00:03 1
packet in 1152921504606846985 00:00:00:00:00:08 00:00:00:00:00:03 3
packet in 1152921504606846984 00:00:00:00:00:03 00:00:00:00:00:08 2
packet in 1152921504606846984 00:00:00:00:00:03 ff:ff:ff:ff:ff:ff 2
packet in 1152921504606846985 00:00:00:00:00:03 ff:ff:ff:ff:ff:ff 2
packet in 1152921504606846984 00:00:00:00:00:09 00:00:00:00:00:03 1
packet in 1152921504606846983 00:00:00:00:00:03 ff:ff:ff:ff:ff:ff 4
packet in 1152921504606846984 00:00:00:00:00:03 ff:ff:ff:ff:ff:ff 2
packet in 1152921504606846985 00:00:00:00:00:03 ff:ff:ff:ff:ff:ff 2
packet in 1152921504606846983 00:00:00:00:00:03 ff:ff:ff:ff:ff:ff 4
packet in 1152921504606846985 00:00:00:00:00:10 00:00:00:00:00:03 1
packet in 1152921504606846984 00:00:00:00:00:03 00:00:00:00:00:10 2
packet in 1152921504606846984 00:00:00:00:00:03 00:00:00:00:00:04 2
packet in 1152921504606846985 00:00:00:00:00:04 ff:ff:ff:ff:ff:ff 2
packet in 1152921504606846983 00:00:00:00:00:04 ff:ff:ff:ff:ff:ff 4
packet in 1152921504606846984 00:00:00:00:00:04 ff:ff:ff:ff:ff:ff 2
packet in 1152921504606846985 00:00:00:00:00:04 ff:ff:ff:ff:ff:ff 2
packet in 1152921504606846983 00:00:00:00:00:04 ff:ff:ff:ff:ff:ff 4
packet in 1152921504606846984 00:00:00:00:00:04 ff:ff:ff:ff:ff:ff 2
packet in 1152921504606846985 00:00:00:00:00:04 00:00:00:00:00:06 2
packet in 1152921504606846983 00:00:00:00:00:04 00:00:00:00:00:06 4
packet in 1152921504606846985 00:00:00:00:00:04 ff:ff:ff:ff:ff:ff 2
packet in 1152921504606846983 00:00:00:00:00:04 ff:ff:ff:ff:ff:ff 4
packet in 1152921504606846984 00:00:00:00:00:04 ff:ff:ff:ff:ff:ff 2
packet in 1152921504606846985 00:00:00:00:00:04 ff:ff:ff:ff:ff:ff 2
packet in 1152921504606846983 00:00:00:00:00:04 ff:ff:ff:ff:ff:ff 4
packet in 1152921504606846984 00:00:00:00:00:04 ff:ff:ff:ff:ff:ff 2
packet in 1152921504606846983 00:00:00:00:00:08 00:00:00:00:00:04 1
packet in 1152921504606846985 00:00:00:00:00:08 00:00:00:00:00:04 3
packet in 1152921504606846985 00:00:00:00:00:04 ff:ff:ff:ff:ff:ff 2
packet in 1152921504606846984 00:00:00:00:00:04 ff:ff:ff:ff:ff:ff 2
packet in 1152921504606846983 00:00:00:00:00:04 ff:ff:ff:ff:ff:ff 4
packet in 1152921504606846984 00:00:00:00:00:09 00:00:00:00:00:04 1
packet in 1152921504606846985 00:00:00:00:00:04 ff:ff:ff:ff:ff:ff 2
packet in 1152921504606846983 00:00:00:00:00:04 ff:ff:ff:ff:ff:ff 4
packet in 1152921504606846984 00:00:00:00:00:04 ff:ff:ff:ff:ff:ff 2
packet in 1152921504606846985 00:00:00:00:00:10 00:00:00:00:00:04 1
packet in 1152921504606846984 00:00:00:00:00:04 00:00:00:00:00:10 2
packet in 1152921504606846985 00:00:00:00:00:02 00:00:00:00:00:05 2
packet in 1152921504606846983 00:00:00:00:00:02 00:00:00:00:00:05 4
packet in 1152921504606846984 00:00:00:00:00:02 00:00:00:00:00:05 2
packet in 1152921504606846984 00:00:00:00:00:03 00:00:00:00:00:05 2
packet in 1152921504606846985 00:00:00:00:00:03 00:00:00:00:00:05 2
packet in 1152921504606846983 00:00:00:00:00:03 00:00:00:00:00:05 4
packet in 1152921504606846985 00:00:00:00:00:05 ff:ff:ff:ff:ff:ff 2
packet in 1152921504606846984 00:00:00:00:00:05 ff:ff:ff:ff:ff:ff 2
packet in 1152921504606846983 00:00:00:00:00:05 ff:ff:ff:ff:ff:ff 4
packet in 1152921504606846985 00:00:00:00:00:05 ff:ff:ff:ff:ff:ff 2
packet in 1152921504606846984 00:00:00:00:00:05 ff:ff:ff:ff:ff:ff 2
packet in 1152921504606846983 00:00:00:00:00:05 ff:ff:ff:ff:ff:ff 4
packet in 1152921504606846985 00:00:00:00:00:05 ff:ff:ff:ff:ff:ff 2
packet in 1152921504606846984 00:00:00:00:00:05 ff:ff:ff:ff:ff:ff 2
packet in 1152921504606846983 00:00:00:00:00:05 ff:ff:ff:ff:ff:ff 4
packet in 1152921504606846983 00:00:00:00:00:08 00:00:00:00:00:05 1
packet in 1152921504606846985 00:00:00:00:00:08 00:00:00:00:00:05 3
packet in 1152921504606846985 00:00:00:00:00:05 ff:ff:ff:ff:ff:ff 2
packet in 1152921504606846984 00:00:00:00:00:05 ff:ff:ff:ff:ff:ff 2
packet in 1152921504606846983 00:00:00:00:00:05 ff:ff:ff:ff:ff:ff 4
packet in 1152921504606846984 00:00:00:00:00:09 00:00:00:00:00:05 1
packet in 1152921504606846985 00:00:00:00:00:05 ff:ff:ff:ff:ff:ff 2
packet in 1152921504606846983 00:00:00:00:00:05 ff:ff:ff:ff:ff:ff 4
packet in 1152921504606846984 00:00:00:00:00:05 ff:ff:ff:ff:ff:ff 2
packet in 1152921504606846985 00:00:00:00:00:10 00:00:00:00:00:05 1
packet in 1152921504606846984 00:00:00:00:00:05 00:00:00:00:00:10 2
packet in 1152921504606846984 00:00:00:00:00:06 ff:ff:ff:ff:ff:ff 2
packet in 1152921504606846985 00:00:00:00:00:06 ff:ff:ff:ff:ff:ff 2
packet in 1152921504606846983 00:00:00:00:00:06 ff:ff:ff:ff:ff:ff 4
packet in 1152921504606846984 00:00:00:00:00:06 00:00:00:00:00:07 2
packet in 1152921504606846984 00:00:00:00:00:06 ff:ff:ff:ff:ff:ff 2
packet in 1152921504606846985 00:00:00:00:00:06 ff:ff:ff:ff:ff:ff 2
packet in 1152921504606846983 00:00:00:00:00:06 ff:ff:ff:ff:ff:ff 4
packet in 1152921504606846983 00:00:00:00:00:08 00:00:00:00:00:06 1
packet in 1152921504606846985 00:00:00:00:00:08 00:00:00:00:00:06 3
packet in 1152921504606846984 00:00:00:00:00:06 00:00:00:00:00:08 2
packet in 1152921504606846984 00:00:00:00:00:06 ff:ff:ff:ff:ff:ff 2
packet in 1152921504606846985 00:00:00:00:00:06 ff:ff:ff:ff:ff:ff 2
packet in 1152921504606846984 00:00:00:00:00:09 00:00:00:00:00:06 1
packet in 1152921504606846983 00:00:00:00:00:06 ff:ff:ff:ff:ff:ff 4
packet in 1152921504606846984 00:00:00:00:00:06 00:00:00:00:00:09 2
packet in 1152921504606846984 00:00:00:00:00:06 ff:ff:ff:ff:ff:ff 2
packet in 1152921504606846985 00:00:00:00:00:06 ff:ff:ff:ff:ff:ff 2
packet in 1152921504606846983 00:00:00:00:00:06 ff:ff:ff:ff:ff:ff 4
packet in 1152921504606846985 00:00:00:00:00:10 00:00:00:00:00:06 1
packet in 1152921504606846984 00:00:00:00:00:03 00:00:00:00:00:02 2
packet in 1152921504606846985 00:00:00:00:00:04 00:00:00:00:00:02 2
packet in 1152921504606846984 00:00:00:00:00:06 00:00:00:00:00:02 2
packet in 1152921504606846985 00:00:00:00:00:03 00:00:00:00:00:02 2
packet in 1152921504606846985 00:00:00:00:00:05 00:00:00:00:00:02 2
packet in 1152921504606846983 00:00:00:00:00:04 00:00:00:00:00:02 4
packet in 1152921504606846983 00:00:00:00:00:03 00:00:00:00:00:02 4
packet in 1152921504606846983 00:00:00:00:00:05 00:00:00:00:00:02 4
packet in 1152921504606846984 00:00:00:00:00:04 00:00:00:00:00:02 2
packet in 1152921504606846985 00:00:00:00:00:06 00:00:00:00:00:02 2
packet in 1152921504606846984 00:00:00:00:00:05 00:00:00:00:00:02 2
packet in 1152921504606846983 00:00:00:00:00:06 00:00:00:00:00:02 4
packet in 1152921504606846984 00:00:00:00:00:09 00:00:00:00:00:02 1
packet in 1152921504606846985 00:00:00:00:00:10 00:00:00:00:00:02 1
packet in 1152921504606846983 00:00:00:00:00:08 00:00:00:00:00:02 1
packet in 1152921504606846983 00:00:00:00:00:10 00:00:00:00:00:02 4
packet in 1152921504606846985 00:00:00:00:00:08 00:00:00:00:00:02 3
packet in 1152921504606846985 00:00:00:00:00:02 00:00:00:00:00:10 2
packet in 1152921504606846985 00:00:00:00:00:02 00:00:00:00:00:08 2
packet in 1152921504606846983 00:00:00:00:00:02 00:00:00:00:00:08 4
packet in 1152921504606846984 00:00:00:00:00:02 00:00:00:00:00:09 2
packet in 1152921504606846984 00:00:00:00:00:09 00:00:00:00:00:03 1
packet in 1152921504606846985 00:00:00:00:00:10 00:00:00:00:00:03 1
packet in 1152921504606846983 00:00:00:00:00:08 00:00:00:00:00:03 1
packet in 1152921504606846985 00:00:00:00:00:08 00:00:00:00:00:03 3
packet in 1152921504606846983 00:00:00:00:00:10 00:00:00:00:00:03 4
packet in 1152921504606846984 00:00:00:00:00:06 00:00:00:00:00:03 2
packet in 1152921504606846984 00:00:00:00:00:10 00:00:00:00:00:03 2
packet in 1152921504606846985 00:00:00:00:00:10 00:00:00:00:00:04 1
packet in 1152921504606846984 00:00:00:00:00:09 00:00:00:00:00:04 1
packet in 1152921504606846983 00:00:00:00:00:08 00:00:00:00:00:04 1
packet in 1152921504606846983 00:00:00:00:00:10 00:00:00:00:00:04 4
packet in 1152921504606846985 00:00:00:00:00:08 00:00:00:00:00:04 3
packet in 1152921504606846985 00:00:00:00:00:10 00:00:00:00:00:05 1
packet in 1152921504606846984 00:00:00:00:00:09 00:00:00:00:00:05 1
packet in 1152921504606846983 00:00:00:00:00:08 00:00:00:00:00:05 1
packet in 1152921504606846983 00:00:00:00:00:10 00:00:00:00:00:05 4
packet in 1152921504606846985 00:00:00:00:00:08 00:00:00:00:00:05 3
packet in 1152921504606846985 00:00:00:00:00:10 00:00:00:00:00:06 1
packet in 1152921504606846984 00:00:00:00:00:09 00:00:00:00:00:06 1
packet in 1152921504606846983 00:00:00:00:00:08 00:00:00:00:00:06 1
packet in 1152921504606846983 00:00:00:00:00:10 00:00:00:00:00:06 4
packet in 1152921504606846985 00:00:00:00:00:08 00:00:00:00:00:06 3
packet in 1152921504606846984 00:00:00:00:00:07 00:00:00:00:00:03 2
packet in 1152921504606846984 00:00:00:00:00:07 00:00:00:00:00:06 2
packet in 1152921504606846985 00:00:00:00:00:07 ff:ff:ff:ff:ff:ff 2
packet in 1152921504606846984 00:00:00:00:00:07 ff:ff:ff:ff:ff:ff 2
packet in 1152921504606846983 00:00:00:00:00:07 ff:ff:ff:ff:ff:ff 4
packet in 1152921504606846983 00:00:00:00:00:08 00:00:00:00:00:07 1
packet in 1152921504606846985 00:00:00:00:00:08 00:00:00:00:00:07 3
packet in 1152921504606846985 00:00:00:00:00:07 00:00:00:00:00:08 2
packet in 1152921504606846983 00:00:00:00:00:07 00:00:00:00:00:08 4
packet in 1152921504606846985 00:00:00:00:00:07 ff:ff:ff:ff:ff:ff 2
packet in 1152921504606846983 00:00:00:00:00:07 ff:ff:ff:ff:ff:ff 4
packet in 1152921504606846985 00:00:00:00:00:07 ff:ff:ff:ff:ff:ff 2
packet in 1152921504606846983 00:00:00:00:00:07 ff:ff:ff:ff:ff:ff 4
packet in 1152921504606846985 00:00:00:00:00:07 ff:ff:ff:ff:ff:ff 2
packet in 1152921504606846984 00:00:00:00:00:07 ff:ff:ff:ff:ff:ff 2
packet in 1152921504606846983 00:00:00:00:00:07 ff:ff:ff:ff:ff:ff 4
packet in 1152921504606846984 00:00:00:00:00:09 00:00:00:00:00:07 1
packet in 1152921504606846984 00:00:00:00:00:07 00:00:00:00:00:09 2
packet in 1152921504606846985 00:00:00:00:00:07 ff:ff:ff:ff:ff:ff 2
packet in 1152921504606846984 00:00:00:00:00:07 ff:ff:ff:ff:ff:ff 2
packet in 1152921504606846985 00:00:00:00:00:10 00:00:00:00:00:07 1
packet in 1152921504606846983 00:00:00:00:00:07 ff:ff:ff:ff:ff:ff 4
packet in 1152921504606846985 00:00:00:00:00:07 00:00:00:00:00:10 2
packet in 1152921504606846983 00:00:00:00:00:08 00:00:00:00:00:02 1
packet in 1152921504606846985 00:00:00:00:00:08 00:00:00:00:00:02 3
packet in 1152921504606846985 00:00:00:00:00:02 00:00:00:00:00:08 2
packet in 1152921504606846983 00:00:00:00:00:02 00:00:00:00:00:08 4
packet in 1152921504606846983 00:00:00:00:00:08 00:00:00:00:00:03 1
packet in 1152921504606846985 00:00:00:00:00:08 00:00:00:00:00:03 3
packet in 1152921504606846984 00:00:00:00:00:08 00:00:00:00:00:03 2
packet in 1152921504606846983 00:00:00:00:00:08 00:00:00:00:00:04 1
packet in 1152921504606846985 00:00:00:00:00:08 00:00:00:00:00:04 3
packet in 1152921504606846983 00:00:00:00:00:08 00:00:00:00:00:05 1
packet in 1152921504606846985 00:00:00:00:00:08 00:00:00:00:00:05 3
packet in 1152921504606846983 00:00:00:00:00:08 00:00:00:00:00:06 1
packet in 1152921504606846985 00:00:00:00:00:08 00:00:00:00:00:06 3
packet in 1152921504606846984 00:00:00:00:00:08 00:00:00:00:00:06 2
packet in 1152921504606846983 00:00:00:00:00:08 00:00:00:00:00:07 1
packet in 1152921504606846985 00:00:00:00:00:08 00:00:00:00:00:07 3
packet in 1152921504606846983 00:00:00:00:00:08 ff:ff:ff:ff:ff:ff 1
packet in 1152921504606846985 00:00:00:00:00:08 ff:ff:ff:ff:ff:ff 3
packet in 1152921504606846984 00:00:00:00:00:08 ff:ff:ff:ff:ff:ff 2
packet in 1152921504606846984 00:00:00:00:00:09 00:00:00:00:00:08 1
packet in 1152921504606846983 00:00:00:00:00:08 00:00:00:00:00:09 1
packet in 1152921504606846985 00:00:00:00:00:08 00:00:00:00:00:09 3
packet in 1152921504606846983 00:00:00:00:00:08 ff:ff:ff:ff:ff:ff 1
packet in 1152921504606846985 00:00:00:00:00:08 ff:ff:ff:ff:ff:ff 3
packet in 1152921504606846985 00:00:00:00:00:10 00:00:00:00:00:08 1
packet in 1152921504606846984 00:00:00:00:00:08 ff:ff:ff:ff:ff:ff 2
packet in 1152921504606846983 00:00:00:00:00:08 00:00:00:00:00:10 1
packet in 1152921504606846985 00:00:00:00:00:08 00:00:00:00:00:10 3
packet in 1152921504606846984 00:00:00:00:00:09 00:00:00:00:00:02 1
packet in 1152921504606846984 00:00:00:00:00:09 00:00:00:00:00:03 1
packet in 1152921504606846984 00:00:00:00:00:09 00:00:00:00:00:04 1
packet in 1152921504606846984 00:00:00:00:00:09 00:00:00:00:00:05 1
packet in 1152921504606846984 00:00:00:00:00:09 00:00:00:00:00:06 1
packet in 1152921504606846983 00:00:00:00:00:08 00:00:00:00:00:09 1
packet in 1152921504606846985 00:00:00:00:00:08 00:00:00:00:00:09 3
packet in 1152921504606846984 00:00:00:00:00:09 ff:ff:ff:ff:ff:ff 1
packet in 1152921504606846985 00:00:00:00:00:09 ff:ff:ff:ff:ff:ff 2
packet in 1152921504606846985 00:00:00:00:00:10 00:00:00:00:00:09 1
packet in 1152921504606846983 00:00:00:00:00:09 ff:ff:ff:ff:ff:ff 4
packet in 1152921504606846984 00:00:00:00:00:09 00:00:00:00:00:10 1
packet in 1152921504606846985 00:00:00:00:00:10 00:00:00:00:00:02 1
packet in 1152921504606846985 00:00:00:00:00:10 00:00:00:00:00:03 1
packet in 1152921504606846983 00:00:00:00:00:10 00:00:00:00:00:03 4
packet in 1152921504606846985 00:00:00:00:00:10 00:00:00:00:00:04 1
packet in 1152921504606846983 00:00:00:00:00:10 00:00:00:00:00:04 4
packet in 1152921504606846985 00:00:00:00:00:10 00:00:00:00:00:05 1
packet in 1152921504606846983 00:00:00:00:00:10 00:00:00:00:00:05 4
packet in 1152921504606846985 00:00:00:00:00:10 00:00:00:00:00:06 1
packet in 1152921504606846983 00:00:00:00:00:10 00:00:00:00:00:06 4
packet in 1152921504606846983 00:00:00:00:00:08 00:00:00:00:00:10 1
packet in 1152921504606846984 00:00:00:00:00:09 00:00:00:00:00:10 1
packet in 1152921504606846983 2a:db:c3:db:c1:42 33:33:00:00:00:02 3
packet in 1152921504606846985 2a:db:c3:db:c1:42 33:33:00:00:00:02 3
packet in 1152921504606846984 4e:5f:8b:b6:f1:4b 33:33:00:00:00:02 2
packet in 1152921504606846984 92:23:85:00:aa:8d 33:33:00:00:00:02 2
packet in 1152921504606846984 2a:db:c3:db:c1:42 33:33:00:00:00:02 2
packet in 1152921504606846983 00:00:00:00:00:08 00:00:00:00:00:07 1
packet in 1152921504606846985 00:00:00:00:00:08 00:00:00:00:00:07 3
packet in 1152921504606846985 00:00:00:00:00:07 00:00:00:00:00:08 2
packet in 1152921504606846983 00:00:00:00:00:07 00:00:00:00:00:08 4
packet in 1152921504606846984 0e:25:03:94:42:d0 33:33:00:00:00:02 2
packet in 1152921504606846985 da:35:08:0c:b1:6d 33:33:00:00:00:02 2
packet in 1152921504606846984 da:35:08:0c:b1:6d 33:33:00:00:00:02 2
packet in 1152921504606846983 da:35:08:0c:b1:6d 33:33:00:00:00:02 4
packet in 1152921504606846985 00:00:00:00:00:10 00:00:00:00:00:07 1
packet in 1152921504606846983 00:00:00:00:00:10 00:00:00:00:00:07 4
packet in 1152921504606846984 00:00:00:00:00:09 00:00:00:00:00:07 1
packet in 1152921504606846985 00:00:00:00:00:07 00:00:00:00:00:10 2
packet in 1152921504606846984 00:00:00:00:00:07 00:00:00:00:00:09 2
packet in 1152921504606846985 00:00:00:00:00:10 00:00:00:00:00:09 1
packet in 1152921504606846985 00:00:00:00:00:10 00:00:00:00:00:08 1
packet in 1152921504606846984 00:00:00:00:00:09 00:00:00:00:00:08 1
packet in 1152921504606846983 00:00:00:00:00:10 00:00:00:00:00:08 4
packet in 1152921504606846983 00:00:00:00:00:10 00:00:00:00:00:09 4
packet in 1152921504606846983 00:00:00:00:00:08 00:00:00:00:00:10 1
packet in 1152921504606846984 00:00:00:00:00:09 00:00:00:00:00:10 1
packet in 1152921504606846985 00:00:00:00:00:09 00:00:00:00:00:08 2
packet in 1152921504606846985 00:00:00:00:00:08 00:00:00:00:00:10 3
packet in 1152921504606846983 00:00:00:00:00:09 00:00:00:00:00:08 4
packet in 1152921504606846983 00:00:00:00:00:08 00:00:00:00:00:09 1
packet in 1152921504606846985 00:00:00:00:00:08 00:00:00:00:00:09 3
packet in 1152921504606846985 12:64:f5:1f:d9:c4 33:33:00:00:00:02 3
packet in 1152921504606846985 1a:36:ad:13:f6:1c 33:33:00:00:00:02 2
packet in 1152921504606846983 1a:36:ad:13:f6:1c 33:33:00:00:00:02 4
packet in 1152921504606846984 12:64:f5:1f:d9:c4 33:33:00:00:00:02 2
packet in 1152921504606846984 1a:36:ad:13:f6:1c 33:33:00:00:00:02 2
packet in 1152921504606846983 c2:b1:66:5b:8b:1b 33:33:00:00:00:02 2
packet in 1152921504606846985 c2:b1:66:5b:8b:1b 33:33:00:00:00:02 3
packet in 1152921504606846984 c2:b1:66:5b:8b:1b 33:33:00:00:00:02 2
packet in 1152921504606846985 d2:38:8c:b5:af:e7 33:33:00:00:00:02 2
packet in 1152921504606846983 d2:38:8c:b5:af:e7 33:33:00:00:00:02 4
packet in 1152921504606846985 e2:b7:dc:6f:e5:3e 33:33:00:00:00:02 2
packet in 1152921504606846984 e2:97:e0:31:07:71 33:33:00:00:00:02 2
packet in 1152921504606846984 1a:44:c4:88:8d:33 33:33:00:00:00:02 2
packet in 1152921504606846983 e2:b7:dc:6f:e5:3e 33:33:00:00:00:02 4
packet in 1152921504606846984 e2:b7:dc:6f:e5:3e 33:33:00:00:00:02 2
packet in 1152921504606846985 e2:97:e0:31:07:71 33:33:00:00:00:02 2
packet in 1152921504606846985 ae:4a:3a:ab:b0:0d 33:33:00:00:00:02 2
packet in 1152921504606846985 f2:22:ee:2b:1e:20 33:33:00:00:00:02 2
packet in 1152921504606846985 1a:44:c4:88:8d:33 33:33:00:00:00:02 2
packet in 1152921504606846983 e2:97:e0:31:07:71 33:33:00:00:00:02 4
packet in 1152921504606846983 ae:4a:3a:ab:b0:0d 33:33:00:00:00:02 4
packet in 1152921504606846983 f2:22:ee:2b:1e:20 33:33:00:00:00:02 4
packet in 1152921504606846983 1a:44:c4:88:8d:33 33:33:00:00:00:02 4
packet in 1152921504606846984 f2:22:ee:2b:1e:20 33:33:00:00:00:02 2
packet in 1152921504606846985 e2:b7:dc:6f:e5:3e 33:33:00:00:00:fb 2
packet in 1152921504606846984 e2:b7:dc:6f:e5:3e 33:33:00:00:00:fb 2
packet in 1152921504606846983 e2:b7:dc:6f:e5:3e 33:33:00:00:00:fb 4
packet in 1152921504606846984 6a:c1:ed:fa:6d:5e 33:33:00:00:00:fb 2
packet in 1152921504606846985 6a:c1:ed:fa:6d:5e 33:33:00:00:00:fb 2
packet in 1152921504606846983 6a:c1:ed:fa:6d:5e 33:33:00:00:00:fb 4
packet in 1152921504606846984 0e:25:03:94:42:d0 33:33:00:00:00:fb 2
packet in 1152921504606846984 4e:5f:8b:b6:f1:4b 33:33:00:00:00:fb 2
packet in 1152921504606846984 92:23:85:00:aa:8d 33:33:00:00:00:fb 2
packet in 1152921504606846984 1a:44:c4:88:8d:33 33:33:00:00:00:fb 2
packet in 1152921504606846985 1a:44:c4:88:8d:33 33:33:00:00:00:fb 2
packet in 1152921504606846983 1a:44:c4:88:8d:33 33:33:00:00:00:fb 4
packet in 1152921504606846985 da:35:08:0c:b1:6d 33:33:00:00:00:fb 2
packet in 1152921504606846983 da:35:08:0c:b1:6d 33:33:00:00:00:fb 4
packet in 1152921504606846984 da:35:08:0c:b1:6d 33:33:00:00:00:fb 2
packet in 1152921504606846985 0e:8f:95:fb:3a:b9 33:33:00:00:00:fb 2
packet in 1152921504606846983 0e:8f:95:fb:3a:b9 33:33:00:00:00:fb 4
packet in 1152921504606846984 e2:97:e0:31:07:71 33:33:00:00:00:fb 2
packet in 1152921504606846985 e2:97:e0:31:07:71 33:33:00:00:00:fb 2
packet in 1152921504606846983 e2:97:e0:31:07:71 33:33:00:00:00:fb 4
packet in 1152921504606846984 06:be:be:71:75:6d 33:33:00:00:00:fb 2
packet in 1152921504606846985 06:be:be:71:75:6d 33:33:00:00:00:fb 2
packet in 1152921504606846983 06:be:be:71:75:6d 33:33:00:00:00:fb 4
packet in 1152921504606846985 1a:36:ad:13:f6:1c 33:33:00:00:00:fb 2
packet in 1152921504606846983 1a:36:ad:13:f6:1c 33:33:00:00:00:fb 4
packet in 1152921504606846984 1a:36:ad:13:f6:1c 33:33:00:00:00:fb 2
packet in 1152921504606846985 d2:38:8c:b5:af:e7 33:33:00:00:00:fb 2
packet in 1152921504606846983 d2:38:8c:b5:af:e7 33:33:00:00:00:fb 4
packet in 1152921504606846985 ae:4a:3a:ab:b0:0d 33:33:00:00:00:fb 2
packet in 1152921504606846983 ae:4a:3a:ab:b0:0d 33:33:00:00:00:fb 4
packet in 1152921504606846983 22:81:77:40:a2:17 33:33:00:00:00:fb 4
packet in 1152921504606846983 2a:db:c3:db:c1:42 33:33:00:00:00:fb 3
packet in 1152921504606846985 2a:db:c3:db:c1:42 33:33:00:00:00:fb 3
packet in 1152921504606846985 f2:22:ee:2b:1e:20 33:33:00:00:00:fb 2
packet in 1152921504606846983 f2:22:ee:2b:1e:20 33:33:00:00:00:fb 4
packet in 1152921504606846984 2a:db:c3:db:c1:42 33:33:00:00:00:fb 2
packet in 1152921504606846984 f2:22:ee:2b:1e:20 33:33:00:00:00:fb 2
packet in 1152921504606846985 12:64:f5:1f:d9:c4 33:33:00:00:00:fb 3
packet in 1152921504606846985 b6:2b:8b:01:ac:3e 33:33:00:00:00:fb 4
packet in 1152921504606846983 b6:2b:8b:01:ac:3e 33:33:00:00:00:fb 4
packet in 1152921504606846984 12:64:f5:1f:d9:c4 33:33:00:00:00:fb 2
packet in 1152921504606846984 b6:2b:8b:01:ac:3e 33:33:00:00:00:fb 2
packet in 1152921504606846983 c2:b1:66:5b:8b:1b 33:33:00:00:00:fb 2
packet in 1152921504606846985 c2:b1:66:5b:8b:1b 33:33:00:00:00:fb 3
packet in 1152921504606846984 c2:b1:66:5b:8b:1b 33:33:00:00:00:fb 2
packet in 1152921504606846984 6a:c1:ed:fa:6d:5e 33:33:00:00:00:02 2
packet in 1152921504606846985 0e:8f:95:fb:3a:b9 33:33:00:00:00:02 2
packet in 1152921504606846984 06:be:be:71:75:6d 33:33:00:00:00:02 2
packet in 1152921504606846985 6a:c1:ed:fa:6d:5e 33:33:00:00:00:02 2
packet in 1152921504606846983 0e:8f:95:fb:3a:b9 33:33:00:00:00:02 4
packet in 1152921504606846985 06:be:be:71:75:6d 33:33:00:00:00:02 2
packet in 1152921504606846983 6a:c1:ed:fa:6d:5e 33:33:00:00:00:02 4
packet in 1152921504606846983 06:be:be:71:75:6d 33:33:00:00:00:02 4
packet in 1152921504606846983 22:81:77:40:a2:17 33:33:00:00:00:02 4
packet in 1152921504606846985 b6:2b:8b:01:ac:3e 33:33:00:00:00:02 4
packet in 1152921504606846983 b6:2b:8b:01:ac:3e 33:33:00:00:00:02 4
packet in 1152921504606846984 b6:2b:8b:01:ac:3e 33:33:00:00:00:02 2
