loading app network_structure.py
Matplotlib created a temporary config/cache directory at /tmp/matplotlib-8hks97ic because the default path (/home/terry/.config/matplotlib) is not a writable directory; it is highly recommended to set the MPLCONFIGDIR environment variable to a writable directory, in particular to speed up the import of Matplotlib and to better support multiprocessing.
Generating new fontManager, this may take some time...
Failed to extract font properties from /usr/share/fonts/truetype/noto/NotoColorEmoji.ttf: In FT2Font: Can not load face.  Unknown file format.
loading app network_monitor.py
loading app network_delay.py
loading app network_shortest_path.py
loading app arp_handler.py
loading app ryu.controller.ofp_handler
instantiating app None of Switches
creating context switches
instantiating app network_structure.py of NetworkStructure
instantiating app network_monitor.py of NetworkMonitor
instantiating app network_delay.py of NetworkDelay
instantiating app network_shortest_path.py of NetworkShortestPath
instantiating app arp_handler.py of ArpHandler
instantiating app ryu.controller.ofp_handler of OFPHandler
discovery---> AccessPoint: 1 connected
discovery---> AccessPoint: 2 connected
discovery---> AccessPoint: 2 connected
discovery---> AccessPoint: 3 connected
discovery---> AccessPoint: 1 connected
discovery---> AccessPoint: 6 connected
discovery---> AccessPoint: 2 connected
monitor---->register datapath: 1000000000000003
monitor---->register datapath: 1000000000000001
monitor---->register datapath: 1000000000000006
monitor---->register datapath: 1000000000000002
monitor---->register datapath: 1000000000000007
monitor---->register datapath: 1000000000000004
monitor---->register datapath: 1000000000000005
discovery---> AccessPoint: 8 connected
monitor---->register datapath: 1000000000000008
discovery---> AccessPoint: 9 connected
monitor---->register datapath: 1000000000000009
discovery---> AccessPoint: 10 connected
monitor---->register datapath: 100000000000000a
discovery---> AccessPoint: 11 connected
monitor---->register datapath: 100000000000000b
discovery---> AccessPoint: 12 connected
monitor---->register datapath: 100000000000000c
discovery---> AccessPoint: 13 connected
monitor---->register datapath: 100000000000000d
discovery---> AccessPoint: 14 connected
monitor---->register datapath: 100000000000000e
discovery--->==================================== discovery ====================================
discovery---> cls: [(3, 6), (3, 1), (6, 4), (6, 2), (6, 5), (2, 4), (2, 5), (4, 1), (4, 5), (4, 9), (4, 11), (4, 13), (1, 5), (1, 11), (5, 7), (5, 8), (7, 9), (8, 9), (8, 14), (9, 10), (9, 13), (10, 13), (11, 14), (13, 12), (14, 12)]
discovery--->=============================================================================
datapath         port     rx-pkts  rx-bytes rx-error tx-pkts  tx-bytes tx-error
---------------- -------- -------- -------- -------- -------- -------- --------
0000000000000002        1        0        0        0        6      468        0
0000000000000002        2       27     3503        0       23     2821        0
0000000000000002        3       27     3503        0       26     3157        0
0000000000000002        4       24     3007        0       28     3563        0
datapath         in-port  eth-dst           out-port packets  bytes
---------------- -------- ----------------- -------- -------- --------
datapath         port     rx-pkts  rx-bytes rx-error tx-pkts  tx-bytes tx-error
---------------- -------- -------- -------- -------- -------- -------- --------
0000000000000003        1        0        0        0        6      468        0
0000000000000003        2       24     3027        0       27     3503        0
0000000000000003        3       25     2954        0       27     3503        0
datapath         in-port  eth-dst           out-port packets  bytes
---------------- -------- ----------------- -------- -------- --------
datapath         port     rx-pkts  rx-bytes rx-error tx-pkts  tx-bytes tx-error
---------------- -------- -------- -------- -------- -------- -------- --------
0000000000000007        1        0        0        0        6      468        0
0000000000000007        2       27     3503        0       28     3563        0
0000000000000007        3       25     3353        0       27     3503        0
datapath         in-port  eth-dst           out-port packets  bytes
---------------- -------- ----------------- -------- -------- --------
datapath         port     rx-pkts  rx-bytes rx-error tx-pkts  tx-bytes tx-error
---------------- -------- -------- -------- -------- -------- -------- --------
000000000000000b        1        0        0        0        5      390        0
000000000000000b        2       27     3503        0       26     3443        0
000000000000000b        3       27     3503        0       22     2628        0
000000000000000b        4       25     3383        0       26     3443        0
datapath         in-port  eth-dst           out-port packets  bytes
---------------- -------- ----------------- -------- -------- --------
datapath         port     rx-pkts  rx-bytes rx-error tx-pkts  tx-bytes tx-error
---------------- -------- -------- -------- -------- -------- -------- --------
0000000000000009        1        0        0        0        5      390        0
0000000000000009        2       27     3503        0       25     3240        0
0000000000000009        3       27     3503        0       25     3353        0
0000000000000009        4       24     2894        0       26     3443        0
0000000000000009        5       26     3443        0       27     3503        0
0000000000000009        6       25     3383        0       26     3443        0
datapath         in-port  eth-dst           out-port packets  bytes
---------------- -------- ----------------- -------- -------- --------
datapath         port     rx-pkts  rx-bytes rx-error tx-pkts  tx-bytes tx-error
---------------- -------- -------- -------- -------- -------- -------- --------
000000000000000d        1        0        0        0        4      312        0
000000000000000d        2       27     3503        0       25     3383        0
000000000000000d        3       26     3443        0       25     3383        0
000000000000000d        4       26     3443        0       24     3094        0
000000000000000d        5       22     2631        0       25     3383        0
datapath         in-port  eth-dst           out-port packets  bytes
---------------- -------- ----------------- -------- -------- --------
datapath         port     rx-pkts  rx-bytes rx-error tx-pkts  tx-bytes tx-error
---------------- -------- -------- -------- -------- -------- -------- --------
0000000000000006        1        0        0        0        6      468        0
0000000000000006        2       28     3563        0       24     3007        0
0000000000000006        3       27     3503        0       25     2954        0
0000000000000006        4       29     3683        0       27     3503        0
0000000000000006        5       28     3563        0       27     3503        0
datapath         in-port  eth-dst           out-port packets  bytes
---------------- -------- ----------------- -------- -------- --------
datapath         port     rx-pkts  rx-bytes rx-error tx-pkts  tx-bytes tx-error
---------------- -------- -------- -------- -------- -------- -------- --------
0000000000000005        1        0        0        0        6      468        0
0000000000000005        2       28     3563        0       27     3503        0
0000000000000005        3       26     3157        0       27     3503        0
0000000000000005        4       28     3563        0       26     3315        0
0000000000000005        5       27     3503        0       28     3563        0
0000000000000005        6       28     3563        0       27     3503        0
0000000000000005        7       26     3443        0       27     3503        0
datapath         in-port  eth-dst           out-port packets  bytes
---------------- -------- ----------------- -------- -------- --------
datapath         port     rx-pkts  rx-bytes rx-error tx-pkts  tx-bytes tx-error
---------------- -------- -------- -------- -------- -------- -------- --------
0000000000000008        1        0        0        0        5      390        0
0000000000000008        2       27     3503        0       26     3443        0
0000000000000008        3       26     3443        0       24     2894        0
0000000000000008        4       24     3177        0       25     3225        0
datapath         in-port  eth-dst           out-port packets  bytes
---------------- -------- ----------------- -------- -------- --------
datapath         port     rx-pkts  rx-bytes rx-error tx-pkts  tx-bytes tx-error
---------------- -------- -------- -------- -------- -------- -------- --------
000000000000000a        1        0        0        0        5      390        0
000000000000000a        2       27     3503        0       26     3443        0
000000000000000a        3       24     3094        0       26     3443        0
datapath         in-port  eth-dst           out-port packets  bytes
---------------- -------- ----------------- -------- -------- --------
datapath         port     rx-pkts  rx-bytes rx-error tx-pkts  tx-bytes tx-error
---------------- -------- -------- -------- -------- -------- -------- --------
0000000000000001        1        0        0        0        6      468        0
0000000000000001        2       27     3503        0       24     3027        0
0000000000000001        3       28     3563        0       27     3503        0
0000000000000001        4       27     3503        0       28     3563        0
0000000000000001        5       26     3443        0       27     3503        0
datapath         in-port  eth-dst           out-port packets  bytes
---------------- -------- ----------------- -------- -------- --------
datapath         port     rx-pkts  rx-bytes rx-error tx-pkts  tx-bytes tx-error
---------------- -------- -------- -------- -------- -------- -------- --------
0000000000000004        1        0        0        0        6      468        0
0000000000000004        2       27     3503        0       28     3563        0
0000000000000004        3       23     2821        0       27     3503        0
0000000000000004        4       26     3315        0       28     3563        0
0000000000000004        5       27     3503        0       29     3683        0
0000000000000004        6       25     3240        0       27     3503        0
0000000000000004        7       22     2628        0       27     3503        0
0000000000000004        8       25     3383        0       27     3503        0
datapath         in-port  eth-dst           out-port packets  bytes
---------------- -------- ----------------- -------- -------- --------
datapath         port     rx-pkts  rx-bytes rx-error tx-pkts  tx-bytes tx-error
---------------- -------- -------- -------- -------- -------- -------- --------
000000000000000c        1        0        0        0        5      390        0
000000000000000c        2       25     3383        0       22     2631        0
000000000000000c        3       24     3293        0       23     2834        0
datapath         in-port  eth-dst           out-port packets  bytes
---------------- -------- ----------------- -------- -------- --------
datapath         port     rx-pkts  rx-bytes rx-error tx-pkts  tx-bytes tx-error
---------------- -------- -------- -------- -------- -------- -------- --------
000000000000000e        1        0        0        0        4      312        0
000000000000000e        2       25     3225        0       24     3177        0
000000000000000e        3       26     3443        0       25     3383        0
000000000000000e        4       23     2834        0       24     3293        0
datapath         in-port  eth-dst           out-port packets  bytes
---------------- -------- ----------------- -------- -------- --------
discovery--->==================================== discovery ====================================
discovery---> cls: [(3, 6), (3, 1), (6, 4), (6, 2), (6, 5), (2, 4), (2, 5), (4, 1), (4, 5), (4, 9), (4, 11), (4, 13), (1, 5), (1, 11), (5, 7), (5, 8), (7, 9), (8, 9), (8, 14), (9, 10), (9, 13), (10, 13), (11, 14), (13, 12), (14, 12)]
discovery--->=============================================================================
datapath         port     rx-pkts  rx-bytes rx-error tx-pkts  tx-bytes tx-error
---------------- -------- -------- -------- -------- -------- -------- --------
0000000000000006        1        0        0        0        7      546        0
0000000000000006        2       29     3623        0       25     3067        0
0000000000000006        3       30     3693        0       27     3084        0
0000000000000006        4       30     3743        0       28     3563        0
0000000000000006        5       29     3623        0       28     3563        0
datapath         in-port  eth-dst           out-port packets  bytes
---------------- -------- ----------------- -------- -------- --------
datapath         port     rx-pkts  rx-bytes rx-error tx-pkts  tx-bytes tx-error
---------------- -------- -------- -------- -------- -------- -------- --------
0000000000000004        1        0        0        0        7      546        0
0000000000000004        2       29     3633        0       30     3693        0
0000000000000004        3       24     2881        0       29     3623        0
0000000000000004        4       27     3375        0       29     3623        0
0000000000000004        5       28     3563        0       30     3743        0
0000000000000004        6       27     3360        0       29     3623        0
0000000000000004        7       24     2748        0       29     3623        0
0000000000000004        8       28     3573        0       28     3563        0
datapath         in-port  eth-dst           out-port packets  bytes
---------------- -------- ----------------- -------- -------- --------
datapath         port     rx-pkts  rx-bytes rx-error tx-pkts  tx-bytes tx-error
---------------- -------- -------- -------- -------- -------- -------- --------
0000000000000007        1        0        0        0        7      546        0
0000000000000007        2       29     3633        0       29     3623        0
0000000000000007        3       27     3473        0       29     3623        0
datapath         in-port  eth-dst           out-port packets  bytes
---------------- -------- ----------------- -------- -------- --------
datapath         port     rx-pkts  rx-bytes rx-error tx-pkts  tx-bytes tx-error
---------------- -------- -------- -------- -------- -------- -------- --------
0000000000000003        1        0        0        0        8      624        0
0000000000000003        2       25     3087        0       29     3623        0
0000000000000003        3       27     3084        0       30     3693        0
datapath         in-port  eth-dst           out-port packets  bytes
---------------- -------- ----------------- -------- -------- --------
datapath         port     rx-pkts  rx-bytes rx-error tx-pkts  tx-bytes tx-error
---------------- -------- -------- -------- -------- -------- -------- --------
0000000000000008        1        0        0        0        7      546        0
0000000000000008        2       29     3623        0       28     3563        0
0000000000000008        3       28     3563        0       27     3084        0
0000000000000008        4       27     3367        0       28     3415        0
datapath         in-port  eth-dst           out-port packets  bytes
---------------- -------- ----------------- -------- -------- --------
datapath         port     rx-pkts  rx-bytes rx-error tx-pkts  tx-bytes tx-error
---------------- -------- -------- -------- -------- -------- -------- --------
0000000000000005        1        0        0        0        7      546        0
0000000000000005        2       29     3623        0       28     3563        0
0000000000000005        3       27     3217        0       28     3563        0
0000000000000005        4       29     3623        0       27     3375        0
0000000000000005        5       28     3563        0       29     3623        0
0000000000000005        6       29     3623        0       29     3633        0
0000000000000005        7       28     3563        0       29     3623        0
datapath         in-port  eth-dst           out-port packets  bytes
---------------- -------- ----------------- -------- -------- --------
datapath         port     rx-pkts  rx-bytes rx-error tx-pkts  tx-bytes tx-error
---------------- -------- -------- -------- -------- -------- -------- --------
000000000000000b        1        0        0        0        7      546        0
000000000000000b        2       30     3693        0       28     3563        0
000000000000000b        3       29     3623        0       24     2748        0
000000000000000b        4       27     3503        0       28     3563        0
datapath         in-port  eth-dst           out-port packets  bytes
---------------- -------- ----------------- -------- -------- --------
datapath         port     rx-pkts  rx-bytes rx-error tx-pkts  tx-bytes tx-error
---------------- -------- -------- -------- -------- -------- -------- --------
0000000000000009        1        0        0        0        7      546        0
0000000000000009        2       29     3623        0       27     3360        0
0000000000000009        3       29     3623        0       27     3473        0
0000000000000009        4       27     3084        0       28     3563        0
0000000000000009        5       29     3633        0       29     3623        0
0000000000000009        6       27     3503        0       28     3563        0
datapath         in-port  eth-dst           out-port packets  bytes
---------------- -------- ----------------- -------- -------- --------
datapath         port     rx-pkts  rx-bytes rx-error tx-pkts  tx-bytes tx-error
---------------- -------- -------- -------- -------- -------- -------- --------
0000000000000002        1        0        0        0        7      546        0
0000000000000002        2       29     3623        0       24     2881        0
0000000000000002        3       28     3563        0       27     3217        0
0000000000000002        4       25     3067        0       29     3623        0
datapath         in-port  eth-dst           out-port packets  bytes
---------------- -------- ----------------- -------- -------- --------
datapath         port     rx-pkts  rx-bytes rx-error tx-pkts  tx-bytes tx-error
---------------- -------- -------- -------- -------- -------- -------- --------
000000000000000a        1        0        0        0        7      546        0
000000000000000a        2       29     3623        0       29     3633        0
000000000000000a        3       26     3214        0       28     3563        0
datapath         in-port  eth-dst           out-port packets  bytes
---------------- -------- ----------------- -------- -------- --------
datapath         port     rx-pkts  rx-bytes rx-error tx-pkts  tx-bytes tx-error
---------------- -------- -------- -------- -------- -------- -------- --------
000000000000000d        1        0        0        0        6      468        0
000000000000000d        2       28     3563        0       28     3573        0
000000000000000d        3       28     3563        0       27     3503        0
000000000000000d        4       28     3563        0       26     3214        0
000000000000000d        5       23     2691        0       27     3503        0
datapath         in-port  eth-dst           out-port packets  bytes
---------------- -------- ----------------- -------- -------- --------
datapath         port     rx-pkts  rx-bytes rx-error tx-pkts  tx-bytes tx-error
---------------- -------- -------- -------- -------- -------- -------- --------
000000000000000c        1        0        0        0        6      468        0
000000000000000c        2       27     3503        0       23     2691        0
000000000000000c        3       26     3413        0       24     2894        0
datapath         in-port  eth-dst           out-port packets  bytes
---------------- -------- ----------------- -------- -------- --------
datapath         port     rx-pkts  rx-bytes rx-error tx-pkts  tx-bytes tx-error
---------------- -------- -------- -------- -------- -------- -------- --------
000000000000000e        1        0        0        0        6      468        0
000000000000000e        2       28     3415        0       27     3367        0
000000000000000e        3       28     3563        0       28     3573        0
000000000000000e        4       24     2894        0       26     3413        0
datapath         in-port  eth-dst           out-port packets  bytes
---------------- -------- ----------------- -------- -------- --------
datapath         port     rx-pkts  rx-bytes rx-error tx-pkts  tx-bytes tx-error
---------------- -------- -------- -------- -------- -------- -------- --------
0000000000000001        1        0        0        0        7      546        0
0000000000000001        2       29     3623        0       25     3087        0
0000000000000001        3       30     3693        0       29     3633        0
0000000000000001        4       28     3563        0       29     3623        0
0000000000000001        5       28     3563        0       30     3693        0
datapath         in-port  eth-dst           out-port packets  bytes
---------------- -------- ----------------- -------- -------- --------
==================================== link detector ====================================

----------------------------
src    dst :    delay
3 <---> 6 : 3.866910934448242
3 <---> 1 : 4.101991653442383
2 <---> 4 : 4.693508148193359
2 <---> 5 : 2.8111934661865234
2 <---> 6 : 3.2160282135009766
6 <---> 4 : 3.850221633911133
6 <---> 2 : 3.476858139038086
6 <---> 5 : 2.984285354614258
6 <---> 3 : 3.2050609588623047
1 <---> 4 : 4.017114639282227
1 <---> 5 : 5.037784576416016
1 <---> 3 : 3.1647682189941406
1 <---> 11 : 3.647327423095703
5 <---> 4 : 3.6051273345947266
5 <---> 2 : 3.874063491821289
5 <---> 1 : 3.751039505004883
5 <---> 7 : 3.680706024169922
5 <---> 6 : 3.291606903076172
5 <---> 8 : 4.665613174438477
4 <---> 2 : 4.687309265136719
4 <---> 1 : 3.1986236572265625
4 <---> 5 : 3.268003463745117
4 <---> 6 : 3.144502639770508
4 <---> 9 : 3.3919811248779297
4 <---> 11 : 4.329204559326172
4 <---> 13 : 3.3922195434570312
7 <---> 5 : 3.379344940185547
7 <---> 9 : 4.881381988525391
8 <---> 5 : 2.8929710388183594
8 <---> 9 : 4.570245742797852
8 <---> 14 : 4.942178726196289
9 <---> 7 : 4.382133483886719
9 <---> 4 : 3.0438899993896484
9 <---> 8 : 3.201723098754883
9 <---> 10 : 3.4987926483154297
9 <---> 13 : 3.6039352416992188
10 <---> 9 : 4.160165786743164
10 <---> 13 : 2.844572067260742
11 <---> 4 : 3.494739532470703
11 <---> 1 : 3.9052963256835938
11 <---> 14 : 3.5822391510009766
13 <---> 10 : 3.5300254821777344
13 <---> 4 : 3.061532974243164
13 <---> 12 : 4.506111145019531
13 <---> 9 : 3.53240966796875
14 <---> 8 : 3.3872127532958984
14 <---> 12 : 4.581212997436523
14 <---> 11 : 3.7927627563476562
12 <---> 14 : 2.2666454315185547
12 <---> 13 : 2.5746822357177734
==================================== link detector ====================================

----------------------------
src    dst :    delay
3 <---> 6 : 5.640506744384766
3 <---> 1 : 2.755403518676758
2 <---> 4 : 3.489255905151367
2 <---> 5 : 2.8111934661865234
2 <---> 6 : 3.2160282135009766
6 <---> 4 : 3.850221633911133
6 <---> 2 : 2.527475357055664
6 <---> 5 : 3.18145751953125
6 <---> 3 : 3.2050609588623047
1 <---> 4 : 4.017114639282227
1 <---> 5 : 5.037784576416016
1 <---> 3 : 3.1647682189941406
1 <---> 11 : 3.5605430603027344
5 <---> 4 : 3.208637237548828
5 <---> 2 : 2.4285316467285156
5 <---> 1 : 4.365205764770508
5 <---> 7 : 6.808042526245117
5 <---> 6 : 3.291606903076172
5 <---> 8 : 4.665613174438477
4 <---> 2 : 4.687309265136719
4 <---> 1 : 3.1986236572265625
4 <---> 5 : 3.268003463745117
4 <---> 6 : 3.144502639770508
4 <---> 9 : 4.450798034667969
4 <---> 11 : 2.482891082763672
4 <---> 13 : 4.143476486206055
7 <---> 5 : 3.379344940185547
7 <---> 9 : 2.9332637786865234
8 <---> 5 : 2.8929710388183594
8 <---> 9 : 2.6192665100097656
8 <---> 14 : 4.942178726196289
9 <---> 7 : 3.1957626342773438
9 <---> 4 : 4.367828369140625
9 <---> 8 : 2.7370452880859375
9 <---> 10 : 2.6748180389404297
9 <---> 13 : 5.239725112915039
10 <---> 9 : 4.37474250793457
10 <---> 13 : 2.946615219116211
11 <---> 4 : 3.6487579345703125
11 <---> 1 : 2.671957015991211
11 <---> 14 : 2.659320831298828
13 <---> 10 : 4.065275192260742
13 <---> 4 : 3.061532974243164
13 <---> 12 : 3.100872039794922
13 <---> 9 : 3.1092166900634766
14 <---> 8 : 3.3872127532958984
14 <---> 12 : 4.581212997436523
14 <---> 11 : 3.7927627563476562
12 <---> 14 : 3.1986236572265625
12 <---> 13 : 4.139423370361328
datapath         port     rx-pkts  rx-bytes rx-error tx-pkts  tx-bytes tx-error
---------------- -------- -------- -------- -------- -------- -------- --------
0000000000000006        1        0        0        0        9      702        0
0000000000000006        2       33     4016        0       29     3460        0
0000000000000006        3       32     3956        0       30     3407        0
0000000000000006        4       34     4136        0       32     3956        0
0000000000000006        5       33     4016        0       32     3956        0
datapath         in-port  eth-dst           out-port packets  bytes
---------------- -------- ----------------- -------- -------- --------
datapath         port     rx-pkts  rx-bytes rx-error tx-pkts  tx-bytes tx-error
---------------- -------- -------- -------- -------- -------- -------- --------
0000000000000004        1        0        0        0        9      702        0
0000000000000004        2       32     3956        0       33     4016        0
0000000000000004        3       28     3274        0       33     4016        0
0000000000000004        4       31     3768        0       33     4016        0
0000000000000004        5       32     3956        0       34     4136        0
0000000000000004        6       30     3693        0       31     3886        0
0000000000000004        7       27     3081        0       32     3956        0
0000000000000004        8       30     3836        0       32     3956        0
datapath         in-port  eth-dst           out-port packets  bytes
---------------- -------- ----------------- -------- -------- --------
datapath         port     rx-pkts  rx-bytes rx-error tx-pkts  tx-bytes tx-error
---------------- -------- -------- -------- -------- -------- -------- --------
000000000000000c        1        0        0        0        8      624        0
000000000000000c        2       30     3836        0       27     3084        0
000000000000000c        3       29     3746        0       28     3287        0
datapath         in-port  eth-dst           out-port packets  bytes
---------------- -------- ----------------- -------- -------- --------
datapath         port     rx-pkts  rx-bytes rx-error tx-pkts  tx-bytes tx-error
---------------- -------- -------- -------- -------- -------- -------- --------
0000000000000001        1        0        0        0        9      702        0
0000000000000001        2       31     3886        0       29     3480        0
0000000000000001        3       33     4016        0       32     3956        0
0000000000000001        4       31     3886        0       33     4016        0
0000000000000001        5       31     3896        0       32     3956        0
datapath         in-port  eth-dst           out-port packets  bytes
---------------- -------- ----------------- -------- -------- --------
datapath         port     rx-pkts  rx-bytes rx-error tx-pkts  tx-bytes tx-error
---------------- -------- -------- -------- -------- -------- -------- --------
000000000000000e        1        0        0        0        7      546        0
000000000000000e        2       31     3738        0       29     3630        0
000000000000000e        3       31     3896        0       30     3836        0
000000000000000e        4       28     3287        0       29     3746        0
datapath         in-port  eth-dst           out-port packets  bytes
---------------- -------- ----------------- -------- -------- --------
datapath         port     rx-pkts  rx-bytes rx-error tx-pkts  tx-bytes tx-error
---------------- -------- -------- -------- -------- -------- -------- --------
0000000000000002        1        0        0        0        9      702        0
0000000000000002        2       33     4016        0       28     3274        0
0000000000000002        3       32     3956        0       31     3610        0
0000000000000002        4       29     3460        0       33     4016        0
datapath         in-port  eth-dst           out-port packets  bytes
---------------- -------- ----------------- -------- -------- --------
datapath         port     rx-pkts  rx-bytes rx-error tx-pkts  tx-bytes tx-error
---------------- -------- -------- -------- -------- -------- -------- --------
000000000000000d        1        0        0        0        7      546        0
000000000000000d        2       32     3956        0       30     3836        0
000000000000000d        3       31     3896        0       29     3766        0
000000000000000d        4       31     3896        0       29     3547        0
000000000000000d        5       27     3084        0       30     3836        0
datapath         in-port  eth-dst           out-port packets  bytes
---------------- -------- ----------------- -------- -------- --------
datapath         port     rx-pkts  rx-bytes rx-error tx-pkts  tx-bytes tx-error
---------------- -------- -------- -------- -------- -------- -------- --------
0000000000000003        1        0        0        0        9      702        0
0000000000000003        2       29     3480        0       31     3886        0
0000000000000003        3       30     3407        0       32     3956        0
datapath         in-port  eth-dst           out-port packets  bytes
---------------- -------- ----------------- -------- -------- --------
datapath         port     rx-pkts  rx-bytes rx-error tx-pkts  tx-bytes tx-error
---------------- -------- -------- -------- -------- -------- -------- --------
0000000000000007        1        0        0        0        9      702        0
0000000000000007        2       32     3956        0       33     4016        0
0000000000000007        3       30     3806        0       32     3956        0
datapath         in-port  eth-dst           out-port packets  bytes
---------------- -------- ----------------- -------- -------- --------
datapath         port     rx-pkts  rx-bytes rx-error tx-pkts  tx-bytes tx-error
---------------- -------- -------- -------- -------- -------- -------- --------
000000000000000b        1        0        0        0        8      624        0
000000000000000b        2       32     3956        0       31     3896        0
000000000000000b        3       32     3956        0       27     3081        0
000000000000000b        4       30     3836        0       31     3896        0
datapath         in-port  eth-dst           out-port packets  bytes
---------------- -------- ----------------- -------- -------- --------
datapath         port     rx-pkts  rx-bytes rx-error tx-pkts  tx-bytes tx-error
---------------- -------- -------- -------- -------- -------- -------- --------
0000000000000009        1        0        0        0        8      624        0
0000000000000009        2       31     3886        0       30     3693        0
0000000000000009        3       32     3956        0       30     3806        0
0000000000000009        4       29     3347        0       30     3826        0
0000000000000009        5       31     3896        0       32     3956        0
0000000000000009        6       29     3766        0       31     3896        0
datapath         in-port  eth-dst           out-port packets  bytes
---------------- -------- ----------------- -------- -------- --------
datapath         port     rx-pkts  rx-bytes rx-error tx-pkts  tx-bytes tx-error
---------------- -------- -------- -------- -------- -------- -------- --------
000000000000000a        1        0        0        0        8      624        0
000000000000000a        2       32     3956        0       31     3896        0
000000000000000a        3       29     3547        0       31     3896        0
datapath         in-port  eth-dst           out-port packets  bytes
---------------- -------- ----------------- -------- -------- --------
datapath         port     rx-pkts  rx-bytes rx-error tx-pkts  tx-bytes tx-error
---------------- -------- -------- -------- -------- -------- -------- --------
0000000000000008        1        0        0        0        9      702        0
0000000000000008        2       33     4016        0       32     3956        0
0000000000000008        3       30     3826        0       29     3347        0
0000000000000008        4       29     3630        0       31     3738        0
datapath         in-port  eth-dst           out-port packets  bytes
---------------- -------- ----------------- -------- -------- --------
datapath         port     rx-pkts  rx-bytes rx-error tx-pkts  tx-bytes tx-error
---------------- -------- -------- -------- -------- -------- -------- --------
0000000000000005        1        0        0        0        9      702        0
0000000000000005        2       33     4016        0       31     3886        0
0000000000000005        3       31     3610        0       32     3956        0
0000000000000005        4       33     4016        0       31     3768        0
0000000000000005        5       32     3956        0       33     4016        0
0000000000000005        6       33     4016        0       32     3956        0
0000000000000005        7       32     3956        0       33     4016        0
datapath         in-port  eth-dst           out-port packets  bytes
---------------- -------- ----------------- -------- -------- --------
==================================== link detector ====================================

----------------------------
src    dst :    delay
3 <---> 6 : 5.640506744384766
3 <---> 1 : 2.755403518676758
2 <---> 4 : 3.489255905151367
2 <---> 5 : 3.2820701599121094
2 <---> 6 : 4.664421081542969
6 <---> 4 : 2.823352813720703
6 <---> 2 : 2.527475357055664
6 <---> 5 : 3.18145751953125
6 <---> 3 : 4.235267639160156
1 <---> 4 : 4.1255950927734375
1 <---> 5 : 4.947423934936523
1 <---> 3 : 4.068851470947266
1 <---> 11 : 3.5605430603027344
5 <---> 4 : 3.208637237548828
5 <---> 2 : 2.4285316467285156
5 <---> 1 : 4.365205764770508
5 <---> 7 : 6.808042526245117
5 <---> 6 : 3.1785964965820312
5 <---> 8 : 3.042459487915039
4 <---> 2 : 4.655599594116211
4 <---> 1 : 4.231929779052734
4 <---> 5 : 3.654956817626953
4 <---> 6 : 2.8967857360839844
4 <---> 9 : 4.4155120849609375
4 <---> 11 : 2.482891082763672
4 <---> 13 : 4.143476486206055
7 <---> 5 : 3.348112106323242
7 <---> 9 : 3.1244754791259766
8 <---> 5 : 3.507375717163086
8 <---> 9 : 3.0088424682617188
8 <---> 14 : 4.173517227172852
9 <---> 7 : 4.652261734008789
9 <---> 4 : 3.4132003784179688
9 <---> 8 : 3.336191177368164
9 <---> 10 : 2.6748180389404297
9 <---> 13 : 2.8820037841796875
10 <---> 9 : 4.38690185546875
10 <---> 13 : 3.287792205810547
11 <---> 4 : 3.6487579345703125
11 <---> 1 : 2.671957015991211
11 <---> 14 : 2.659320831298828
13 <---> 10 : 4.523992538452148
13 <---> 4 : 3.1020641326904297
13 <---> 12 : 3.127574920654297
13 <---> 9 : 4.748106002807617
14 <---> 8 : 2.2885799407958984
14 <---> 12 : 4.52113151550293
14 <---> 11 : 2.382040023803711
12 <---> 14 : 3.1986236572265625
12 <---> 13 : 4.139423370361328
==================================== link detector ====================================

----------------------------
src    dst :    delay
3 <---> 6 : 4.5528411865234375
3 <---> 1 : 4.118442535400391
2 <---> 4 : 5.548000335693359
2 <---> 5 : 4.801511764526367
2 <---> 6 : 4.427433013916016
6 <---> 4 : 3.507375717163086
6 <---> 2 : 3.719329833984375
6 <---> 5 : 4.781484603881836
6 <---> 3 : 2.9129981994628906
1 <---> 4 : 6.456851959228516
1 <---> 5 : 3.080129623413086
1 <---> 3 : 2.9261112213134766
1 <---> 11 : 3.191232681274414
5 <---> 4 : 6.465435028076172
5 <---> 2 : 4.874944686889648
5 <---> 1 : 5.049943923950195
5 <---> 7 : 2.7418136596679688
5 <---> 6 : 4.638910293579102
5 <---> 8 : 3.042459487915039
4 <---> 2 : 4.655599594116211
4 <---> 1 : 4.604578018188477
4 <---> 5 : 3.024578094482422
4 <---> 6 : 3.307819366455078
4 <---> 9 : 4.4155120849609375
4 <---> 11 : 5.083560943603516
4 <---> 13 : 2.605915069580078
7 <---> 5 : 6.337165832519531
7 <---> 9 : 3.1244754791259766
8 <---> 5 : 3.507375717163086
8 <---> 9 : 3.0088424682617188
8 <---> 14 : 4.173517227172852
9 <---> 7 : 4.652261734008789
9 <---> 4 : 3.4132003784179688
9 <---> 8 : 3.336191177368164
9 <---> 10 : 3.339529037475586
9 <---> 13 : 2.8820037841796875
10 <---> 9 : 4.38690185546875
10 <---> 13 : 3.287792205810547
11 <---> 4 : 3.583669662475586
11 <---> 1 : 4.624128341674805
11 <---> 14 : 3.423929214477539
13 <---> 10 : 4.523992538452148
13 <---> 4 : 3.1020641326904297
13 <---> 12 : 3.127574920654297
13 <---> 9 : 4.748106002807617
14 <---> 8 : 2.2885799407958984
14 <---> 12 : 4.52113151550293
14 <---> 11 : 2.382040023803711
12 <---> 14 : 4.447698593139648
12 <---> 13 : 3.2923221588134766
discovery--->==================================== discovery ====================================
discovery---> cls: [(3, 6), (3, 1), (6, 4), (6, 2), (6, 5), (2, 4), (2, 5), (4, 1), (4, 5), (4, 9), (4, 11), (4, 13), (1, 5), (1, 11), (5, 7), (5, 8), (7, 9), (8, 9), (8, 14), (9, 10), (9, 13), (10, 13), (11, 14), (13, 12), (14, 12)]
discovery--->=============================================================================
datapath         port     rx-pkts  rx-bytes rx-error tx-pkts  tx-bytes tx-error
---------------- -------- -------- -------- -------- -------- -------- --------
0000000000000007        1        0        0        0       10      780        0
0000000000000007        2       33     4016        0       34     4076        0
0000000000000007        3       32     3926        0       34     4076        0
datapath         in-port  eth-dst           out-port packets  bytes
---------------- -------- ----------------- -------- -------- --------
datapath         port     rx-pkts  rx-bytes rx-error tx-pkts  tx-bytes tx-error
---------------- -------- -------- -------- -------- -------- -------- --------
0000000000000003        1        0        0        0       11      858        0
0000000000000003        2       30     3540        0       33     4006        0
0000000000000003        3       31     3467        0       34     4076        0
datapath         in-port  eth-dst           out-port packets  bytes
---------------- -------- ----------------- -------- -------- --------
datapath         port     rx-pkts  rx-bytes rx-error tx-pkts  tx-bytes tx-error
---------------- -------- -------- -------- -------- -------- -------- --------
0000000000000001        1        0        0        0       10      780        0
0000000000000001        2       33     4006        0       30     3540        0
0000000000000001        3       34     4076        0       33     4016        0
0000000000000001        4       33     4016        0       34     4076        0
0000000000000001        5       33     4016        0       34     4076        0
datapath         in-port  eth-dst           out-port packets  bytes
---------------- -------- ----------------- -------- -------- --------
datapath         port     rx-pkts  rx-bytes rx-error tx-pkts  tx-bytes tx-error
---------------- -------- -------- -------- -------- -------- -------- --------
000000000000000d        1        0        0        0        9      702        0
000000000000000d        2       33     4016        0       32     3956        0
000000000000000d        3       33     4016        0       32     3956        0
000000000000000d        4       33     4016        0       31     3667        0
000000000000000d        5       29     3204        0       32     3956        0
datapath         in-port  eth-dst           out-port packets  bytes
---------------- -------- ----------------- -------- -------- --------
datapath         port     rx-pkts  rx-bytes rx-error tx-pkts  tx-bytes tx-error
---------------- -------- -------- -------- -------- -------- -------- --------
0000000000000002        1        0        0        0       10      780        0
0000000000000002        2       34     4076        0       29     3334        0
0000000000000002        3       34     4076        0       32     3670        0
0000000000000002        4       30     3520        0       34     4076        0
datapath         in-port  eth-dst           out-port packets  bytes
---------------- -------- ----------------- -------- -------- --------
datapath         port     rx-pkts  rx-bytes rx-error tx-pkts  tx-bytes tx-error
---------------- -------- -------- -------- -------- -------- -------- --------
0000000000000006        1        0        0        0       10      780        0
0000000000000006        2       34     4076        0       30     3520        0
0000000000000006        3       34     4076        0       31     3467        0
0000000000000006        4       35     4196        0       33     4016        0
0000000000000006        5       34     4076        0       33     4016        0
datapath         in-port  eth-dst           out-port packets  bytes
---------------- -------- ----------------- -------- -------- --------
datapath         port     rx-pkts  rx-bytes rx-error tx-pkts  tx-bytes tx-error
---------------- -------- -------- -------- -------- -------- -------- --------
0000000000000005        1        0        0        0       10      780        0
0000000000000005        2       34     4076        0       33     4016        0
0000000000000005        3       32     3670        0       34     4076        0
0000000000000005        4       34     4076        0       32     3828        0
0000000000000005        5       33     4016        0       34     4076        0
0000000000000005        6       34     4076        0       33     4016        0
0000000000000005        7       33     4016        0       34     4076        0
datapath         in-port  eth-dst           out-port packets  bytes
---------------- -------- ----------------- -------- -------- --------
datapath         port     rx-pkts  rx-bytes rx-error tx-pkts  tx-bytes tx-error
---------------- -------- -------- -------- -------- -------- -------- --------
000000000000000b        1        0        0        0       10      780        0
000000000000000b        2       34     4076        0       33     4016        0
000000000000000b        3       34     4076        0       29     3201        0
000000000000000b        4       32     3956        0       33     4016        0
datapath         in-port  eth-dst           out-port packets  bytes
---------------- -------- ----------------- -------- -------- --------
datapath         port     rx-pkts  rx-bytes rx-error tx-pkts  tx-bytes tx-error
---------------- -------- -------- -------- -------- -------- -------- --------
0000000000000004        1        0        0        0       10      780        0
0000000000000004        2       33     4016        0       34     4076        0
0000000000000004        3       29     3334        0       34     4076        0
0000000000000004        4       32     3828        0       34     4076        0
0000000000000004        5       33     4016        0       35     4196        0
0000000000000004        6       32     3813        0       33     4016        0
0000000000000004        7       29     3201        0       34     4076        0
0000000000000004        8       32     3956        0       33     4016        0
datapath         in-port  eth-dst           out-port packets  bytes
---------------- -------- ----------------- -------- -------- --------
datapath         port     rx-pkts  rx-bytes rx-error tx-pkts  tx-bytes tx-error
---------------- -------- -------- -------- -------- -------- -------- --------
000000000000000c        1        0        0        0       10      780        0
000000000000000c        2       32     3956        0       29     3204        0
000000000000000c        3       31     3866        0       30     3407        0
datapath         in-port  eth-dst           out-port packets  bytes
---------------- -------- ----------------- -------- -------- --------
datapath         port     rx-pkts  rx-bytes rx-error tx-pkts  tx-bytes tx-error
---------------- -------- -------- -------- -------- -------- -------- --------
0000000000000009        1        0        0        0       10      780        0
0000000000000009        2       33     4016        0       32     3813        0
0000000000000009        3       34     4076        0       32     3926        0
0000000000000009        4       31     3467        0       33     4016        0
0000000000000009        5       33     4016        0       34     4076        0
0000000000000009        6       32     3956        0       33     4016        0
datapath         in-port  eth-dst           out-port packets  bytes
---------------- -------- ----------------- -------- -------- --------
datapath         port     rx-pkts  rx-bytes rx-error tx-pkts  tx-bytes tx-error
---------------- -------- -------- -------- -------- -------- -------- --------
0000000000000008        1        0        0        0       10      780        0
0000000000000008        2       34     4076        0       33     4016        0
0000000000000008        3       33     4016        0       31     3467        0
0000000000000008        4       31     3750        0       32     3798        0
datapath         in-port  eth-dst           out-port packets  bytes
---------------- -------- ----------------- -------- -------- --------
datapath         port     rx-pkts  rx-bytes rx-error tx-pkts  tx-bytes tx-error
---------------- -------- -------- -------- -------- -------- -------- --------
000000000000000e        1        0        0        0        9      702        0
000000000000000e        2       32     3798        0       31     3750        0
000000000000000e        3       33     4016        0       32     3956        0
000000000000000e        4       30     3407        0       31     3866        0
datapath         in-port  eth-dst           out-port packets  bytes
---------------- -------- ----------------- -------- -------- --------
datapath         port     rx-pkts  rx-bytes rx-error tx-pkts  tx-bytes tx-error
---------------- -------- -------- -------- -------- -------- -------- --------
000000000000000a        1        0        0        0       10      780        0
000000000000000a        2       34     4076        0       33     4016        0
000000000000000a        3       31     3667        0       33     4016        0
datapath         in-port  eth-dst           out-port packets  bytes
---------------- -------- ----------------- -------- -------- --------
==================================== link detector ====================================

----------------------------
src    dst :    delay
3 <---> 6 : 4.532337188720703
3 <---> 1 : 4.399538040161133
2 <---> 4 : 5.548000335693359
2 <---> 5 : 4.801511764526367
2 <---> 6 : 4.427433013916016
6 <---> 4 : 3.507375717163086
6 <---> 2 : 3.719329833984375
6 <---> 5 : 4.781484603881836
6 <---> 3 : 2.9129981994628906
1 <---> 4 : 6.456851959228516
1 <---> 5 : 3.080129623413086
1 <---> 3 : 2.9261112213134766
1 <---> 11 : 3.7162303924560547
5 <---> 4 : 6.465435028076172
5 <---> 2 : 3.417491912841797
5 <---> 1 : 2.5691986083984375
5 <---> 7 : 2.7418136596679688
5 <---> 6 : 4.638910293579102
5 <---> 8 : 4.170656204223633
4 <---> 2 : 3.5157203674316406
4 <---> 1 : 4.604578018188477
4 <---> 5 : 3.024578094482422
4 <---> 6 : 3.307819366455078
4 <---> 9 : 4.4155120849609375
4 <---> 11 : 5.435705184936523
4 <---> 13 : 2.605915069580078
7 <---> 5 : 6.337165832519531
7 <---> 9 : 4.521369934082031
8 <---> 5 : 3.570079803466797
8 <---> 9 : 2.879619598388672
8 <---> 14 : 3.2613277435302734
9 <---> 7 : 4.305124282836914
9 <---> 4 : 3.620624542236328
9 <---> 8 : 2.6857852935791016
9 <---> 10 : 4.004001617431641
9 <---> 13 : 6.486177444458008
10 <---> 9 : 3.2989978790283203
10 <---> 13 : 6.695032119750977
11 <---> 4 : 3.0059814453125
11 <---> 1 : 5.031108856201172
11 <---> 14 : 2.9473304748535156
13 <---> 10 : 5.576372146606445
13 <---> 4 : 4.946231842041016
13 <---> 12 : 2.57110595703125
13 <---> 9 : 2.3615360260009766
14 <---> 8 : 2.8460025787353516
14 <---> 12 : 2.323150634765625
14 <---> 11 : 2.387523651123047
12 <---> 14 : 2.9075145721435547
12 <---> 13 : 3.814697265625
---> OFPPortStatus received: reason=DELETE desc=OFPPort(port_no=2,hw_addr='0e:8f:95:fb:3a:b9',name=b'ap3-eth2',config=0,state=4,curr=2112,advertised=0,supported=0,peer=0,curr_speed=10000000,max_speed=0)
---> OFPPortStatus received: reason=DELETE desc=OFPPort(port_no=2,hw_addr='4e:5f:8b:b6:f1:4b',name=b'ap1-eth2',config=0,state=4,curr=2112,advertised=0,supported=0,peer=0,curr_speed=10000000,max_speed=0)
---> OFPPortStatus received: reason=DELETE desc=OFPPort(port_no=2,hw_addr='e2:b7:dc:6f:e5:3e',name=b'ap4-eth2',config=0,state=4,curr=2112,advertised=0,supported=0,peer=0,curr_speed=10000000,max_speed=0)
---> OFPPortStatus received: reason=DELETE desc=OFPPort(port_no=4,hw_addr='d2:38:8c:b5:af:e7',name=b'ap1-eth4',config=0,state=4,curr=2112,advertised=0,supported=0,peer=0,curr_speed=10000000,max_speed=0)
---> OFPPortStatus received: reason=DELETE desc=OFPPort(port_no=3,hw_addr='02:23:cf:95:c7:a2',name=b'ap1-eth3',config=0,state=4,curr=2112,advertised=0,supported=0,peer=0,curr_speed=10000000,max_speed=0)
---> OFPPortStatus received: reason=DELETE desc=OFPPort(port_no=2,hw_addr='92:23:85:00:aa:8d',name=b'ap5-eth2',config=0,state=4,curr=2112,advertised=0,supported=0,peer=0,curr_speed=10000000,max_speed=0)
---> OFPPortStatus received: reason=DELETE desc=OFPPort(port_no=5,hw_addr='c6:80:e7:d8:b7:c0',name=b'ap1-eth5',config=0,state=4,curr=2112,advertised=0,supported=0,peer=0,curr_speed=10000000,max_speed=0)
---> OFPPortStatus received: reason=DELETE desc=OFPPort(port_no=2,hw_addr='e2:97:e0:31:07:71',name=b'ap11-eth2',config=0,state=4,curr=2112,advertised=0,supported=0,peer=0,curr_speed=10000000,max_speed=0)
==================================== link detector ====================================

----------------------------
src    dst :    delay
3 <---> 6 : 4.532337188720703
3 <---> 1 : 4.399538040161133
2 <---> 4 : 3.832578659057617
2 <---> 5 : 4.900217056274414
2 <---> 6 : 3.021240234375
6 <---> 4 : 3.3740997314453125
6 <---> 2 : 4.637956619262695
6 <---> 5 : 4.796743392944336
6 <---> 3 : 4.503965377807617
1 <---> 4 : 3.765583038330078
1 <---> 5 : 4.910707473754883
1 <---> 3 : 4.898309707641602
1 <---> 11 : 3.7162303924560547
5 <---> 4 : 3.5910606384277344
5 <---> 2 : 3.417491912841797
5 <---> 1 : 2.5691986083984375
5 <---> 7 : 3.1604766845703125
5 <---> 6 : 3.0536651611328125
5 <---> 8 : 16.384601593017578
4 <---> 2 : 4.711627960205078
4 <---> 1 : 4.662036895751953
4 <---> 5 : 3.489255905151367
4 <---> 6 : 4.502534866333008
4 <---> 9 : 4.4155120849609375
4 <---> 11 : 5.435705184936523
4 <---> 13 : 4.810571670532227
7 <---> 5 : 3.2036304473876953
7 <---> 9 : 4.521369934082031
8 <---> 5 : 23.358821868896484
8 <---> 9 : 2.879619598388672
8 <---> 14 : 16.75248146057129
9 <---> 7 : 3.353595733642578
9 <---> 4 : 3.620624542236328
9 <---> 8 : 2.6857852935791016
9 <---> 10 : 4.004001617431641
9 <---> 13 : 6.486177444458008
10 <---> 9 : 3.2989978790283203
10 <---> 13 : 6.695032119750977
11 <---> 4 : 3.0059814453125
11 <---> 1 : 5.031108856201172
11 <---> 14 : 2.9473304748535156
13 <---> 10 : 2.7892589569091797
13 <---> 4 : 49.24154281616211
13 <---> 12 : 2.7437210083007812
13 <---> 9 : 51.51700973510742
14 <---> 8 : 2.2804737091064453
14 <---> 12 : 4.119634628295898
14 <---> 11 : 2.584218978881836
12 <---> 14 : 2.9075145721435547
12 <---> 13 : 3.814697265625
---> OFPPortStatus received: reason=DELETE desc=OFPPort(port_no=2,hw_addr='1a:36:ad:13:f6:1c',name=b'ap6-eth2',config=0,state=4,curr=2112,advertised=0,supported=0,peer=0,curr_speed=10000000,max_speed=0)
---> OFPPortStatus received: reason=DELETE desc=OFPPort(port_no=3,hw_addr='da:35:08:0c:b1:6d',name=b'ap6-eth3',config=0,state=4,curr=2112,advertised=0,supported=0,peer=0,curr_speed=10000000,max_speed=0)
---> OFPPortStatus received: reason=DELETE desc=OFPPort(port_no=4,hw_addr='1e:51:ae:23:78:6f',name=b'ap2-eth4',config=0,state=4,curr=2112,advertised=0,supported=0,peer=0,curr_speed=10000000,max_speed=0)
---> OFPPortStatus received: reason=DELETE desc=OFPPort(port_no=2,hw_addr='12:18:f5:a5:c0:12',name=b'ap2-eth2',config=0,state=4,curr=2112,advertised=0,supported=0,peer=0,curr_speed=10000000,max_speed=0)
---> OFPPortStatus received: reason=DELETE desc=OFPPort(port_no=3,hw_addr='0e:25:03:94:42:d0',name=b'ap2-eth3',config=0,state=4,curr=2112,advertised=0,supported=0,peer=0,curr_speed=10000000,max_speed=0)
---> OFPPortStatus received: reason=DELETE desc=OFPPort(port_no=3,hw_addr='ee:3f:46:c3:6a:28',name=b'ap3-eth3',config=0,state=4,curr=2112,advertised=0,supported=0,peer=0,curr_speed=10000000,max_speed=0)
---> OFPPortStatus received: reason=DELETE desc=OFPPort(port_no=3,hw_addr='ae:4a:3a:ab:b0:0d',name=b'ap5-eth3',config=0,state=4,curr=2112,advertised=0,supported=0,peer=0,curr_speed=10000000,max_speed=0)
---> OFPPortStatus received: reason=DELETE desc=OFPPort(port_no=3,hw_addr='6a:c1:ed:fa:6d:5e',name=b'ap4-eth3',config=0,state=4,curr=2112,advertised=0,supported=0,peer=0,curr_speed=10000000,max_speed=0)
---> OFPPortStatus received: reason=DELETE desc=OFPPort(port_no=4,hw_addr='06:be:be:71:75:6d',name=b'ap6-eth4',config=0,state=4,curr=2112,advertised=0,supported=0,peer=0,curr_speed=10000000,max_speed=0)
---> OFPPortStatus received: reason=DELETE desc=OFPPort(port_no=4,hw_addr='f2:22:ee:2b:1e:20',name=b'ap5-eth4',config=0,state=4,curr=2112,advertised=0,supported=0,peer=0,curr_speed=10000000,max_speed=0)
---> OFPPortStatus received: reason=DELETE desc=OFPPort(port_no=4,hw_addr='42:9c:ea:45:89:b8',name=b'ap4-eth4',config=0,state=4,curr=2112,advertised=0,supported=0,peer=0,curr_speed=10000000,max_speed=0)
---> OFPPortStatus received: reason=DELETE desc=OFPPort(port_no=5,hw_addr='b2:4b:07:24:04:f4',name=b'ap4-eth5',config=0,state=4,curr=2112,advertised=0,supported=0,peer=0,curr_speed=10000000,max_speed=0)
---> OFPPortStatus received: reason=DELETE desc=OFPPort(port_no=6,hw_addr='16:c0:48:3e:3a:10',name=b'ap4-eth6',config=0,state=4,curr=2112,advertised=0,supported=0,peer=0,curr_speed=10000000,max_speed=0)
---> OFPPortStatus received: reason=DELETE desc=OFPPort(port_no=2,hw_addr='1a:44:c4:88:8d:33',name=b'ap9-eth2',config=0,state=4,curr=2112,advertised=0,supported=0,peer=0,curr_speed=10000000,max_speed=0)
---> OFPPortStatus received: reason=DELETE desc=OFPPort(port_no=7,hw_addr='c2:b1:66:5b:8b:1b',name=b'ap4-eth7',config=0,state=4,curr=2112,advertised=0,supported=0,peer=0,curr_speed=10000000,max_speed=0)
---> OFPPortStatus received: reason=DELETE desc=OFPPort(port_no=3,hw_addr='f6:41:fc:2d:59:d6',name=b'ap11-eth3',config=0,state=4,curr=2112,advertised=0,supported=0,peer=0,curr_speed=10000000,max_speed=0)
---> OFPPortStatus received: reason=DELETE desc=OFPPort(port_no=5,hw_addr='22:81:77:40:a2:17',name=b'ap6-eth5',config=0,state=4,curr=2112,advertised=0,supported=0,peer=0,curr_speed=10000000,max_speed=0)
---> OFPPortStatus received: reason=DELETE desc=OFPPort(port_no=8,hw_addr='6e:45:9d:a2:3b:5c',name=b'ap4-eth8',config=0,state=4,curr=2112,advertised=0,supported=0,peer=0,curr_speed=10000000,max_speed=0)
---> OFPPortStatus received: reason=DELETE desc=OFPPort(port_no=5,hw_addr='12:64:f5:1f:d9:c4',name=b'ap5-eth5',config=0,state=4,curr=2112,advertised=0,supported=0,peer=0,curr_speed=10000000,max_speed=0)
---> OFPPortStatus received: reason=DELETE desc=OFPPort(port_no=2,hw_addr='2a:db:c3:db:c1:42',name=b'ap13-eth2',config=0,state=4,curr=2112,advertised=0,supported=0,peer=0,curr_speed=10000000,max_speed=0)
---> OFPPortStatus received: reason=DELETE desc=OFPPort(port_no=2,hw_addr='fe:c8:ea:e0:28:f4',name=b'ap7-eth2',config=0,state=4,curr=2112,advertised=0,supported=0,peer=0,curr_speed=10000000,max_speed=0)
---> OFPPortStatus received: reason=DELETE desc=OFPPort(port_no=6,hw_addr='b6:2b:8b:01:ac:3e',name=b'ap5-eth6',config=0,state=4,curr=2112,advertised=0,supported=0,peer=0,curr_speed=10000000,max_speed=0)
---> OFPPortStatus received: reason=DELETE desc=OFPPort(port_no=2,hw_addr='a6:7d:bf:d9:b4:97',name=b'ap8-eth2',config=0,state=4,curr=2112,advertised=0,supported=0,peer=0,curr_speed=10000000,max_speed=0)
---> OFPPortStatus received: reason=DELETE desc=OFPPort(port_no=7,hw_addr='be:7f:ce:e7:79:ba',name=b'ap5-eth7',config=0,state=4,curr=2112,advertised=0,supported=0,peer=0,curr_speed=10000000,max_speed=0)
==================================== link detector ====================================

----------------------------
src    dst :    delay
3 <---> 6 : 4.532337188720703
3 <---> 1 : 4.399538040161133
2 <---> 4 : 3.832578659057617
2 <---> 5 : 4.900217056274414
2 <---> 6 : 3.021240234375
6 <---> 4 : 3.3740997314453125
6 <---> 2 : 4.637956619262695
6 <---> 5 : 4.796743392944336
6 <---> 3 : 4.503965377807617
1 <---> 4 : 3.765583038330078
1 <---> 5 : 4.910707473754883
1 <---> 3 : 4.898309707641602
1 <---> 11 : 3.7162303924560547
5 <---> 4 : 3.5910606384277344
5 <---> 2 : 3.417491912841797
5 <---> 1 : 2.5691986083984375
5 <---> 7 : 24.64437484741211
5 <---> 6 : 3.0536651611328125
5 <---> 8 : 16.384601593017578
4 <---> 2 : 4.711627960205078
4 <---> 1 : 4.662036895751953
4 <---> 5 : 3.489255905151367
4 <---> 6 : 4.502534866333008
4 <---> 9 : 21.581172943115234
4 <---> 11 : 2.2704601287841797
4 <---> 13 : 4.810571670532227
7 <---> 5 : 3.2036304473876953
7 <---> 9 : 47.52755165100098
8 <---> 5 : 23.358821868896484
8 <---> 9 : 71.94399833679199
8 <---> 14 : 17.79341697692871
9 <---> 7 : 3.353595733642578
9 <---> 4 : 149.5366096496582
9 <---> 8 : 51.93638801574707
9 <---> 10 : 138.15927505493164
9 <---> 13 : 116.52016639709473
10 <---> 9 : 2.188444137573242
10 <---> 13 : 2.240419387817383
11 <---> 4 : 90.39068222045898
11 <---> 1 : 5.031108856201172
11 <---> 14 : 73.56095314025879
13 <---> 10 : 2.7892589569091797
13 <---> 4 : 49.24154281616211
13 <---> 12 : 2.7437210083007812
13 <---> 9 : 51.51700973510742
14 <---> 8 : 2.2804737091064453
14 <---> 12 : 4.119634628295898
14 <---> 11 : 2.584218978881836
12 <---> 14 : 30.35426139831543
12 <---> 13 : 2.4061203002929688
---> OFPPortStatus received: reason=DELETE desc=OFPPort(port_no=3,hw_addr='d2:cf:db:d6:7f:f6',name=b'ap9-eth3',config=0,state=4,curr=2112,advertised=0,supported=0,peer=0,curr_speed=10000000,max_speed=0)
---> OFPPortStatus received: reason=DELETE desc=OFPPort(port_no=4,hw_addr='1a:09:ec:f5:68:2b',name=b'ap9-eth4',config=0,state=4,curr=2112,advertised=0,supported=0,peer=0,curr_speed=10000000,max_speed=0)
---> OFPPortStatus received: reason=DELETE desc=OFPPort(port_no=3,hw_addr='b6:89:8c:00:7e:fc',name=b'ap7-eth3',config=0,state=4,curr=2112,advertised=0,supported=0,peer=0,curr_speed=10000000,max_speed=0)
---> OFPPortStatus received: reason=DELETE desc=OFPPort(port_no=3,hw_addr='82:02:a3:d6:1b:63',name=b'ap8-eth3',config=0,state=4,curr=2112,advertised=0,supported=0,peer=0,curr_speed=10000000,max_speed=0)
---> OFPPortStatus received: reason=DELETE desc=OFPPort(port_no=2,hw_addr='26:0f:25:12:97:30',name=b'ap10-eth2',config=0,state=4,curr=2112,advertised=0,supported=0,peer=0,curr_speed=10000000,max_speed=0)
---> OFPPortStatus received: reason=DELETE desc=OFPPort(port_no=6,hw_addr='3e:97:16:76:0f:21',name=b'ap9-eth6',config=0,state=4,curr=2112,advertised=0,supported=0,peer=0,curr_speed=10000000,max_speed=0)
---> OFPPortStatus received: reason=DELETE desc=OFPPort(port_no=5,hw_addr='a6:56:38:2d:54:ed',name=b'ap9-eth5',config=0,state=4,curr=2112,advertised=0,supported=0,peer=0,curr_speed=10000000,max_speed=0)
---> OFPPortStatus received: reason=DELETE desc=OFPPort(port_no=4,hw_addr='da:7e:68:6d:14:2c',name=b'ap8-eth4',config=0,state=4,curr=2112,advertised=0,supported=0,peer=0,curr_speed=10000000,max_speed=0)
---> OFPPortStatus received: reason=DELETE desc=OFPPort(port_no=3,hw_addr='b2:fe:42:0e:96:73',name=b'ap13-eth3',config=0,state=4,curr=2112,advertised=0,supported=0,peer=0,curr_speed=10000000,max_speed=0)
---> OFPPortStatus received: reason=DELETE desc=OFPPort(port_no=2,hw_addr='a2:5f:63:48:bd:b7',name=b'ap14-eth2',config=0,state=4,curr=2112,advertised=0,supported=0,peer=0,curr_speed=10000000,max_speed=0)
---> OFPPortStatus received: reason=DELETE desc=OFPPort(port_no=3,hw_addr='e2:e6:ef:c7:0d:0b',name=b'ap10-eth3',config=0,state=4,curr=2112,advertised=0,supported=0,peer=0,curr_speed=10000000,max_speed=0)
datapath         port     rx-pkts  rx-bytes rx-error tx-pkts  tx-bytes tx-error
---------------- -------- -------- -------- -------- -------- -------- --------
000000000000000a        1        0        0        0       12      936        0
datapath         in-port  eth-dst           out-port packets  bytes
---------------- -------- ----------------- -------- -------- --------
datapath         port     rx-pkts  rx-bytes rx-error tx-pkts  tx-bytes tx-error
---------------- -------- -------- -------- -------- -------- -------- --------
000000000000000e        1        0        0        0       11      858        0
000000000000000e        3       34     4076        0       34     4076        0
000000000000000e        4       31     3467        0       33     3986        0
datapath         in-port  eth-dst           out-port packets  bytes
---------------- -------- ----------------- -------- -------- --------
---> OFPPortStatus received: reason=DELETE desc=OFPPort(port_no=4,hw_addr='12:2b:ba:1f:2c:6f',name=b'ap13-eth4',config=0,state=4,curr=2112,advertised=0,supported=0,peer=0,curr_speed=10000000,max_speed=0)
datapath         port     rx-pkts  rx-bytes rx-error tx-pkts  tx-bytes tx-error
---------------- -------- -------- -------- -------- -------- -------- --------
000000000000000d        1        0        0        0       11      858        0
000000000000000d        5       30     3264        0       34     4076        0
datapath         in-port  eth-dst           out-port packets  bytes
---------------- -------- ----------------- -------- -------- --------
datapath         port     rx-pkts  rx-bytes rx-error tx-pkts  tx-bytes tx-error
---------------- -------- -------- -------- -------- -------- -------- --------
0000000000000003        1        0        0        0       12      936        0
datapath         in-port  eth-dst           out-port packets  bytes
---------------- -------- ----------------- -------- -------- --------
datapath         port     rx-pkts  rx-bytes rx-error tx-pkts  tx-bytes tx-error
---------------- -------- -------- -------- -------- -------- -------- --------
0000000000000002        1        0        0        0       12      936        0
datapath         in-port  eth-dst           out-port packets  bytes
---------------- -------- ----------------- -------- -------- --------
datapath         port     rx-pkts  rx-bytes rx-error tx-pkts  tx-bytes tx-error
---------------- -------- -------- -------- -------- -------- -------- --------
0000000000000001        1        0        0        0       12      936        0
datapath         in-port  eth-dst           out-port packets  bytes
---------------- -------- ----------------- -------- -------- --------
datapath         port     rx-pkts  rx-bytes rx-error tx-pkts  tx-bytes tx-error
---------------- -------- -------- -------- -------- -------- -------- --------
0000000000000008        1        0        0        0       12      936        0
datapath         in-port  eth-dst           out-port packets  bytes
---------------- -------- ----------------- -------- -------- --------
datapath         port     rx-pkts  rx-bytes rx-error tx-pkts  tx-bytes tx-error
---------------- -------- -------- -------- -------- -------- -------- --------
0000000000000004        1        0        0        0       12      936        0
datapath         in-port  eth-dst           out-port packets  bytes
---------------- -------- ----------------- -------- -------- --------
datapath         port     rx-pkts  rx-bytes rx-error tx-pkts  tx-bytes tx-error
---------------- -------- -------- -------- -------- -------- -------- --------
0000000000000009        1        0        0        0       12      936        0
datapath         in-port  eth-dst           out-port packets  bytes
---------------- -------- ----------------- -------- -------- --------
datapath         port     rx-pkts  rx-bytes rx-error tx-pkts  tx-bytes tx-error
---------------- -------- -------- -------- -------- -------- -------- --------
000000000000000c        1        0        0        0       11      858        0
000000000000000c        2       34     4076        0       30     3264        0
000000000000000c        3       33     3986        0       31     3467        0
datapath         in-port  eth-dst           out-port packets  bytes
---------------- -------- ----------------- -------- -------- --------
datapath         port     rx-pkts  rx-bytes rx-error tx-pkts  tx-bytes tx-error
---------------- -------- -------- -------- -------- -------- -------- --------
000000000000000b        1        0        0        0       11      858        0
000000000000000b        4       34     4076        0       34     4076        0
datapath         in-port  eth-dst           out-port packets  bytes
---------------- -------- ----------------- -------- -------- --------
datapath         port     rx-pkts  rx-bytes rx-error tx-pkts  tx-bytes tx-error
---------------- -------- -------- -------- -------- -------- -------- --------
0000000000000007        1        0        0        0       12      936        0
datapath         in-port  eth-dst           out-port packets  bytes
---------------- -------- ----------------- -------- -------- --------
datapath         port     rx-pkts  rx-bytes rx-error tx-pkts  tx-bytes tx-error
---------------- -------- -------- -------- -------- -------- -------- --------
0000000000000006        1        0        0        0       12      936        0
datapath         in-port  eth-dst           out-port packets  bytes
---------------- -------- ----------------- -------- -------- --------
datapath         port     rx-pkts  rx-bytes rx-error tx-pkts  tx-bytes tx-error
---------------- -------- -------- -------- -------- -------- -------- --------
0000000000000005        1        0        0        0       12      936        0
datapath         in-port  eth-dst           out-port packets  bytes
---------------- -------- ----------------- -------- -------- --------
---> OFPPortStatus received: reason=DELETE desc=OFPPort(port_no=3,hw_addr='e6:f0:ac:c5:0d:50',name=b'ap14-eth3',config=0,state=4,curr=2112,advertised=0,supported=0,peer=0,curr_speed=10000000,max_speed=0)
---> OFPPortStatus received: reason=DELETE desc=OFPPort(port_no=4,hw_addr='ee:98:ab:99:db:3e',name=b'ap14-eth4',config=0,state=4,curr=2112,advertised=0,supported=0,peer=0,curr_speed=10000000,max_speed=0)
---> OFPPortStatus received: reason=DELETE desc=OFPPort(port_no=4,hw_addr='76:d1:35:d8:a5:d8',name=b'ap11-eth4',config=0,state=4,curr=2112,advertised=0,supported=0,peer=0,curr_speed=10000000,max_speed=0)
---> OFPPortStatus received: reason=DELETE desc=OFPPort(port_no=5,hw_addr='a6:bb:04:49:bc:c5',name=b'ap13-eth5',config=0,state=4,curr=2112,advertised=0,supported=0,peer=0,curr_speed=10000000,max_speed=0)
---> OFPPortStatus received: reason=DELETE desc=OFPPort(port_no=2,hw_addr='52:e4:27:06:47:9d',name=b'ap12-eth2',config=0,state=4,curr=2112,advertised=0,supported=0,peer=0,curr_speed=10000000,max_speed=0)
---> OFPPortStatus received: reason=DELETE desc=OFPPort(port_no=3,hw_addr='b2:14:ae:fd:23:69',name=b'ap12-eth3',config=0,state=4,curr=2112,advertised=0,supported=0,peer=0,curr_speed=10000000,max_speed=0)
==================================== link detector ====================================

----------------------------
src    dst :    delay
3 <---> 6 : 4.532337188720703
3 <---> 1 : 4.399538040161133
2 <---> 4 : 3.832578659057617
2 <---> 5 : 4.900217056274414
2 <---> 6 : 3.021240234375
6 <---> 4 : 3.3740997314453125
6 <---> 2 : 4.637956619262695
6 <---> 5 : 4.796743392944336
6 <---> 3 : 4.503965377807617
1 <---> 4 : 3.765583038330078
1 <---> 5 : 4.910707473754883
1 <---> 3 : 4.898309707641602
1 <---> 11 : 3.7162303924560547
5 <---> 4 : 3.5910606384277344
5 <---> 2 : 3.417491912841797
5 <---> 1 : 2.5691986083984375
5 <---> 7 : 24.64437484741211
5 <---> 6 : 3.0536651611328125
5 <---> 8 : 16.384601593017578
4 <---> 2 : 4.711627960205078
4 <---> 1 : 4.662036895751953
4 <---> 5 : 3.489255905151367
4 <---> 6 : 4.502534866333008
4 <---> 9 : 21.581172943115234
4 <---> 11 : 2.2704601287841797
4 <---> 13 : 4.810571670532227
7 <---> 5 : 3.2036304473876953
7 <---> 9 : 47.52755165100098
8 <---> 5 : 23.358821868896484
8 <---> 9 : 71.94399833679199
8 <---> 14 : 17.79341697692871
9 <---> 7 : 3.353595733642578
9 <---> 4 : 149.5366096496582
9 <---> 8 : 51.93638801574707
9 <---> 10 : 138.15927505493164
9 <---> 13 : 116.52016639709473
10 <---> 9 : 2.188444137573242
10 <---> 13 : 13.759136199951172
11 <---> 4 : 90.39068222045898
11 <---> 1 : 5.031108856201172
11 <---> 14 : 163.2843017578125
13 <---> 10 : 29.285430908203125
13 <---> 4 : 49.24154281616211
13 <---> 12 : 80.94525337219238
13 <---> 9 : 13.080835342407227
14 <---> 8 : 28.37538719177246
14 <---> 12 : 162.0016098022461
14 <---> 11 : 2.3391246795654297
12 <---> 14 : 126.21283531188965
12 <---> 13 : 76.43461227416992
