loading app network_structure.py
loading app network_monitor.py
loading app network_delay.py
loading app network_shortest_path.py
loading app arp_handler.py
loading app ryu.controller.ofp_handler
instantiating app None of Switches
creating context switches
instantiating app network_structure.py of NetworkStructure
instantiating app network_monitor.py of NetworkMonitor
instantiating app network_delay.py of NetworkDelay
instantiating app network_shortest_path.py of NetworkShortestPath
instantiating app arp_handler.py of ArpHandler
instantiating app ryu.controller.ofp_handler of OFPHandler
hub: uncaught exception: Traceback (most recent call last):
  File "/usr/local/lib/python3.8/dist-packages/ryu/lib/hub.py", line 60, in _launch
    return func(*args, **kwargs)
  File "/usr/local/lib/python3.8/dist-packages/ryu/controller/controller.py", line 153, in __call__
    self.server_loop(self.ofp_tcp_listen_port,
  File "/usr/local/lib/python3.8/dist-packages/ryu/controller/controller.py", line 204, in server_loop
    server = StreamServer((CONF.ofp_listen_host,
  File "/usr/local/lib/python3.8/dist-packages/ryu/lib/hub.py", line 127, in __init__
    self.server = eventlet.listen(listen_info)
  File "/usr/local/lib/python3.8/dist-packages/eventlet/convenience.py", line 78, in listen
    sock.bind(addr)
OSError: [Errno 98] Address already in use

==================================== link detector ====================================

----------------------------
src    dst :    delay
discovery--->==================================== discovery ====================================
discovery---> cls: []
discovery--->==============================
==================================== link detector ====================================

----------------------------
src    dst :    delay
==================================== link detector ====================================

----------------------------
src    dst :    delay
discovery--->==================================== discovery ====================================
discovery---> cls: []
discovery--->==============================
==================================== link detector ====================================

----------------------------
src    dst :    delay
discovery--->==================================== discovery ====================================
discovery---> cls: []
discovery--->==============================
==================================== link detector ====================================

----------------------------
src    dst :    delay
==================================== link detector ====================================

----------------------------
src    dst :    delay
==================================== link detector ====================================

----------------------------
src    dst :    delay
