loading app network_structure.py
Matplotlib created a temporary config/cache directory at /tmp/matplotlib-wpehp70j because the default path (/home/terry/.config/matplotlib) is not a writable directory; it is highly recommended to set the MPLCONFIGDIR environment variable to a writable directory, in particular to speed up the import of Matplotlib and to better support multiprocessing.
Generating new fontManager, this may take some time...
Failed to extract font properties from /usr/share/fonts/truetype/noto/NotoColorEmoji.ttf: In FT2Font: Can not load face.  Unknown file format.
loading app network_monitor.py
loading app network_delay.py
loading app network_shortest_path.py
loading app arp_handler.py
loading app ryu.controller.ofp_handler
instantiating app None of Switches
creating context switches
instantiating app network_structure.py of NetworkStructure
instantiating app network_monitor.py of NetworkMonitor
instantiating app network_delay.py of NetworkDelay
instantiating app network_shortest_path.py of NetworkShortestPath
instantiating app arp_handler.py of ArpHandler
instantiating app ryu.controller.ofp_handler of OFPHandler
discovery---> AccessPoint: 1 connected
discovery---> AccessPoint: 2 connected
discovery---> AccessPoint: 3 connected
monitor---->register datapath: 1000000000000001
monitor---->register datapath: 1000000000000003
monitor---->register datapath: 1000000000000002
==================================== link detector ====================================

----------------------------
src    dst :    delay
3 <---> 2 : 7.3699951171875
3 <---> 1 : 9.207010269165039
1 <---> 2 : 7.660627365112305
1 <---> 3 : 9.985685348510742
2 <---> 1 : 6.622314453125
2 <---> 3 : 7.574319839477539
discovery--->==================================== discovery ====================================
discovery---> cls: [(3, 2), (3, 1), (2, 1)]
discovery--->=============================================================================
datapath         port     rx-pkts  rx-bytes rx-error tx-pkts  tx-bytes tx-error
---------------- -------- -------- -------- -------- -------- -------- --------
0000000000000001        1        0        0        0        5      390        0
0000000000000001        2       25     3230        0       24     3170        0
0000000000000001        3       24     3170        0       25     3230        0
datapath         in-port  eth-dst           out-port packets  bytes
---------------- -------- ----------------- -------- -------- --------
datapath         port     rx-pkts  rx-bytes rx-error tx-pkts  tx-bytes tx-error
---------------- -------- -------- -------- -------- -------- -------- --------
0000000000000003        1        0        0        0        5      390        0
0000000000000003        2       25     3230        0       24     3170        0
0000000000000003        3       25     3230        0       24     3170        0
datapath         in-port  eth-dst           out-port packets  bytes
---------------- -------- ----------------- -------- -------- --------
datapath         port     rx-pkts  rx-bytes rx-error tx-pkts  tx-bytes tx-error
---------------- -------- -------- -------- -------- -------- -------- --------
0000000000000002        1        0        0        0        5      390        0
0000000000000002        2       24     3170        0       25     3230        0
0000000000000002        3       24     3170        0       25     3230        0
datapath         in-port  eth-dst           out-port packets  bytes
---------------- -------- ----------------- -------- -------- --------
==================================== link detector ====================================

----------------------------
src    dst :    delay
3 <---> 2 : 8.155107498168945
3 <---> 1 : 8.732080459594727
1 <---> 2 : 8.07499885559082
1 <---> 3 : 10.038375854492188
2 <---> 1 : 6.682872772216797
2 <---> 3 : 8.627891540527344
==================================== link detector ====================================

----------------------------
src    dst :    delay
3 <---> 2 : 8.206844329833984
3 <---> 1 : 8.619070053100586
1 <---> 2 : 8.057355880737305
1 <---> 3 : 10.183095932006836
2 <---> 1 : 8.093118667602539
2 <---> 3 : 8.134126663208008
discovery--->==================================== discovery ====================================
discovery---> cls: [(3, 2), (3, 1), (2, 1)]
discovery--->=============================================================================
datapath         port     rx-pkts  rx-bytes rx-error tx-pkts  tx-bytes tx-error
---------------- -------- -------- -------- -------- -------- -------- --------
0000000000000001        1        0        0        0       10      780        0
0000000000000001        2       32     3803        0       31     3743        0
0000000000000001        3       31     3743        0       32     3803        0
datapath         in-port  eth-dst           out-port packets  bytes
---------------- -------- ----------------- -------- -------- --------
datapath         port     rx-pkts  rx-bytes rx-error tx-pkts  tx-bytes tx-error
---------------- -------- -------- -------- -------- -------- -------- --------
0000000000000002        1        0        0        0       10      780        0
0000000000000002        2       31     3743        0       32     3803        0
0000000000000002        3       32     3803        0       32     3803        0
datapath         in-port  eth-dst           out-port packets  bytes
---------------- -------- ----------------- -------- -------- --------
datapath         port     rx-pkts  rx-bytes rx-error tx-pkts  tx-bytes tx-error
---------------- -------- -------- -------- -------- -------- -------- --------
0000000000000003        1        0        0        0       10      780        0
0000000000000003        2       32     3803        0       31     3743        0
0000000000000003        3       32     3803        0       32     3803        0
datapath         in-port  eth-dst           out-port packets  bytes
---------------- -------- ----------------- -------- -------- --------
==================================== link detector ====================================

----------------------------
src    dst :    delay
3 <---> 2 : 6.487369537353516
3 <---> 1 : 9.806394577026367
1 <---> 2 : 6.985187530517578
1 <---> 3 : 8.56161117553711
2 <---> 1 : 8.109092712402344
2 <---> 3 : 8.045196533203125
discovery--->==================================== discovery ====================================
discovery---> cls: [(3, 2), (3, 1), (2, 1)]
discovery--->=============================================================================
datapath         port     rx-pkts  rx-bytes rx-error tx-pkts  tx-bytes tx-error
---------------- -------- -------- -------- -------- -------- -------- --------
0000000000000001        1        0        0        0       16     1248        0
0000000000000001        2       38     4163        0       37     4103        0
0000000000000001        3       37     4103        0       38     4163        0
datapath         in-port  eth-dst           out-port packets  bytes
---------------- -------- ----------------- -------- -------- --------
datapath         port     rx-pkts  rx-bytes rx-error tx-pkts  tx-bytes tx-error
---------------- -------- -------- -------- -------- -------- -------- --------
0000000000000003        1        0        0        0       16     1248        0
0000000000000003        2       38     4163        0       37     4103        0
0000000000000003        3       38     4163        0       37     4103        0
datapath         in-port  eth-dst           out-port packets  bytes
---------------- -------- ----------------- -------- -------- --------
datapath         port     rx-pkts  rx-bytes rx-error tx-pkts  tx-bytes tx-error
---------------- -------- -------- -------- -------- -------- -------- --------
0000000000000002        1        0        0        0       16     1248        0
0000000000000002        2       37     4103        0       38     4163        0
0000000000000002        3       37     4103        0       38     4163        0
datapath         in-port  eth-dst           out-port packets  bytes
---------------- -------- ----------------- -------- -------- --------
==================================== link detector ====================================

----------------------------
src    dst :    delay
3 <---> 2 : 6.669044494628906
3 <---> 1 : 9.06682014465332
1 <---> 2 : 7.197141647338867
1 <---> 3 : 9.673357009887695
2 <---> 1 : 6.2732696533203125
2 <---> 3 : 7.19451904296875
==================================== link detector ====================================

----------------------------
src    dst :    delay
3 <---> 2 : 7.860422134399414
3 <---> 1 : 8.520364761352539
1 <---> 2 : 8.046388626098633
1 <---> 3 : 8.693933486938477
2 <---> 1 : 8.025646209716797
2 <---> 3 : 8.270025253295898
discovery--->==================================== discovery ====================================
discovery---> cls: [(3, 2), (3, 1), (2, 1)]
discovery--->=============================================================================
datapath         port     rx-pkts  rx-bytes rx-error tx-pkts  tx-bytes tx-error
---------------- -------- -------- -------- -------- -------- -------- --------
0000000000000001        1        0        0        0       21     1638        0
0000000000000001        2       43     4463        0       42     4403        0
0000000000000001        3       43     4463        0       43     4463        0
datapath         in-port  eth-dst           out-port packets  bytes
---------------- -------- ----------------- -------- -------- --------
datapath         port     rx-pkts  rx-bytes rx-error tx-pkts  tx-bytes tx-error
---------------- -------- -------- -------- -------- -------- -------- --------
0000000000000003        1        0        0        0       22     1716        0
0000000000000003        2       43     4463        0       43     4463        0
0000000000000003        3       43     4463        0       43     4463        0
datapath         in-port  eth-dst           out-port packets  bytes
---------------- -------- ----------------- -------- -------- --------
datapath         port     rx-pkts  rx-bytes rx-error tx-pkts  tx-bytes tx-error
---------------- -------- -------- -------- -------- -------- -------- --------
0000000000000002        1        0        0        0       21     1638        0
0000000000000002        2       42     4403        0       43     4463        0
0000000000000002        3       43     4463        0       43     4463        0
datapath         in-port  eth-dst           out-port packets  bytes
---------------- -------- ----------------- -------- -------- --------
==================================== link detector ====================================

----------------------------
src    dst :    delay
3 <---> 2 : 6.76727294921875
3 <---> 1 : 8.986711502075195
1 <---> 2 : 8.069276809692383
1 <---> 3 : 10.229110717773438
2 <---> 1 : 8.136510848999023
2 <---> 3 : 8.154869079589844
datapath         port     rx-pkts  rx-bytes rx-error tx-pkts  tx-bytes tx-error
---------------- -------- -------- -------- -------- -------- -------- --------
0000000000000001        1        0        0        0       27     2106        0
0000000000000001        2       51     5096        0       50     5036        0
0000000000000001        3       49     4833        0       51     5096        0
datapath         in-port  eth-dst           out-port packets  bytes
---------------- -------- ----------------- -------- -------- --------
discovery--->==================================== discovery ====================================
discovery---> cls: [(3, 2), (3, 1), (2, 1)]
discovery--->=============================================================================
datapath         port     rx-pkts  rx-bytes rx-error tx-pkts  tx-bytes tx-error
---------------- -------- -------- -------- -------- -------- -------- --------
0000000000000002        1        0        0        0       27     2106        0
0000000000000002        2       50     5036        0       51     5096        0
0000000000000002        3       49     4966        0       51     5096        0
datapath         in-port  eth-dst           out-port packets  bytes
---------------- -------- ----------------- -------- -------- --------
datapath         port     rx-pkts  rx-bytes rx-error tx-pkts  tx-bytes tx-error
---------------- -------- -------- -------- -------- -------- -------- --------
0000000000000003        1        0        0        0       27     2106        0
0000000000000003        2       51     5096        0       49     4833        0
0000000000000003        3       51     5096        0       49     4966        0
datapath         in-port  eth-dst           out-port packets  bytes
---------------- -------- ----------------- -------- -------- --------
==================================== link detector ====================================

----------------------------
src    dst :    delay
3 <---> 2 : 6.927490234375
3 <---> 1 : 9.819746017456055
1 <---> 2 : 8.072853088378906
1 <---> 3 : 10.071754455566406
2 <---> 1 : 7.528781890869141
2 <---> 3 : 10.422229766845703
==================================== link detector ====================================

----------------------------
src    dst :    delay
3 <---> 2 : 8.16202163696289
3 <---> 1 : 10.069131851196289
1 <---> 2 : 6.587982177734375
1 <---> 3 : 9.813785552978516
2 <---> 1 : 8.139371871948242
2 <---> 3 : 6.8569183349609375
datapath         port     rx-pkts  rx-bytes rx-error tx-pkts  tx-bytes tx-error
---------------- -------- -------- -------- -------- -------- -------- --------
0000000000000001        1        0        0        0       33     2574        0
0000000000000001        2       56     5396        0       56     5396        0
0000000000000001        3       56     5396        0       56     5396        0
datapath         in-port  eth-dst           out-port packets  bytes
---------------- -------- ----------------- -------- -------- --------
discovery--->==================================== discovery ====================================
discovery---> cls: [(3, 2), (3, 1), (2, 1)]
discovery--->=============================================================================
datapath         port     rx-pkts  rx-bytes rx-error tx-pkts  tx-bytes tx-error
---------------- -------- -------- -------- -------- -------- -------- --------
0000000000000003        1        0        0        0       33     2574        0
0000000000000003        2       56     5396        0       56     5396        0
0000000000000003        3       56     5396        0       56     5396        0
datapath         in-port  eth-dst           out-port packets  bytes
---------------- -------- ----------------- -------- -------- --------
datapath         port     rx-pkts  rx-bytes rx-error tx-pkts  tx-bytes tx-error
---------------- -------- -------- -------- -------- -------- -------- --------
0000000000000002        1        0        0        0       32     2496        0
0000000000000002        2       56     5396        0       56     5396        0
0000000000000002        3       56     5396        0       56     5396        0
datapath         in-port  eth-dst           out-port packets  bytes
---------------- -------- ----------------- -------- -------- --------
==================================== link detector ====================================

----------------------------
src    dst :    delay
3 <---> 2 : 6.665229797363281
3 <---> 1 : 8.72039794921875
1 <---> 2 : 8.164405822753906
1 <---> 3 : 10.00833511352539
2 <---> 1 : 6.649494171142578
2 <---> 3 : 7.973194122314453
==================================== link detector ====================================

----------------------------
src    dst :    delay
3 <---> 2 : 8.315801620483398
3 <---> 1 : 8.731842041015625
1 <---> 2 : 6.572484970092773
1 <---> 3 : 10.20669937133789
2 <---> 1 : 8.23831558227539
2 <---> 3 : 7.030248641967773
datapath         port     rx-pkts  rx-bytes rx-error tx-pkts  tx-bytes tx-error
---------------- -------- -------- -------- -------- -------- -------- --------
0000000000000001        1        0        0        0       38     2964        0
0000000000000001        2       62     5756        0       61     5696        0
0000000000000001        3       61     5696        0       62     5756        0
datapath         in-port  eth-dst           out-port packets  bytes
---------------- -------- ----------------- -------- -------- --------
datapath         port     rx-pkts  rx-bytes rx-error tx-pkts  tx-bytes tx-error
---------------- -------- -------- -------- -------- -------- -------- --------
0000000000000003        1        0        0        0       38     2964        0
0000000000000003        2       62     5756        0       61     5696        0
0000000000000003        3       62     5756        0       61     5696        0
datapath         in-port  eth-dst           out-port packets  bytes
---------------- -------- ----------------- -------- -------- --------
datapath         port     rx-pkts  rx-bytes rx-error tx-pkts  tx-bytes tx-error
---------------- -------- -------- -------- -------- -------- -------- --------
0000000000000002        1        0        0        0       38     2964        0
0000000000000002        2       61     5696        0       62     5756        0
0000000000000002        3       61     5696        0       62     5756        0
datapath         in-port  eth-dst           out-port packets  bytes
---------------- -------- ----------------- -------- -------- --------
discovery--->==================================== discovery ====================================
discovery---> cls: [(3, 2), (3, 1), (2, 1)]
discovery--->=============================================================================
==================================== link detector ====================================

----------------------------
src    dst :    delay
3 <---> 2 : 8.20612907409668
3 <---> 1 : 10.112285614013672
1 <---> 2 : 6.713628768920898
1 <---> 3 : 9.145498275756836
2 <---> 1 : 7.727861404418945
2 <---> 3 : 8.142709732055664
datapath         port     rx-pkts  rx-bytes rx-error tx-pkts  tx-bytes tx-error
---------------- -------- -------- -------- -------- -------- -------- --------
0000000000000001        1        0        0        0       44     3432        0
0000000000000001        2       67     6056        0       67     6056        0
0000000000000001        3       67     6056        0       67     6056        0
datapath         in-port  eth-dst           out-port packets  bytes
---------------- -------- ----------------- -------- -------- --------
datapath         port     rx-pkts  rx-bytes rx-error tx-pkts  tx-bytes tx-error
---------------- -------- -------- -------- -------- -------- -------- --------
0000000000000003        1        0        0        0       44     3432        0
0000000000000003        2       67     6056        0       67     6056        0
0000000000000003        3       67     6056        0       67     6056        0
datapath         in-port  eth-dst           out-port packets  bytes
---------------- -------- ----------------- -------- -------- --------
datapath         port     rx-pkts  rx-bytes rx-error tx-pkts  tx-bytes tx-error
---------------- -------- -------- -------- -------- -------- -------- --------
0000000000000002        1        0        0        0       44     3432        0
0000000000000002        2       67     6056        0       67     6056        0
0000000000000002        3       67     6056        0       67     6056        0
datapath         in-port  eth-dst           out-port packets  bytes
---------------- -------- ----------------- -------- -------- --------
discovery--->==================================== discovery ====================================
discovery---> cls: [(3, 2), (3, 1), (2, 1)]
discovery--->=============================================================================
==================================== link detector ====================================

----------------------------
src    dst :    delay
3 <---> 2 : 6.77037239074707
3 <---> 1 : 9.521961212158203
1 <---> 2 : 6.942987442016602
1 <---> 3 : 9.961366653442383
2 <---> 1 : 7.682561874389648
2 <---> 3 : 8.208751678466797
==================================== link detector ====================================

----------------------------
src    dst :    delay
3 <---> 2 : 8.12530517578125
3 <---> 1 : 8.800983428955078
1 <---> 2 : 6.752967834472656
1 <---> 3 : 8.700370788574219
2 <---> 1 : 7.822513580322266
2 <---> 3 : 6.788730621337891
datapath         port     rx-pkts  rx-bytes rx-error tx-pkts  tx-bytes tx-error
---------------- -------- -------- -------- -------- -------- -------- --------
0000000000000001        1        0        0        0       49     3822        0
0000000000000001        2       73     6416        0       72     6356        0
0000000000000001        3       72     6356        0       73     6416        0
datapath         in-port  eth-dst           out-port packets  bytes
---------------- -------- ----------------- -------- -------- --------
datapath         port     rx-pkts  rx-bytes rx-error tx-pkts  tx-bytes tx-error
---------------- -------- -------- -------- -------- -------- -------- --------
0000000000000003        1        0        0        0       49     3822        0
0000000000000003        2       73     6416        0       72     6356        0
0000000000000003        3       73     6416        0       72     6356        0
datapath         in-port  eth-dst           out-port packets  bytes
---------------- -------- ----------------- -------- -------- --------
datapath         port     rx-pkts  rx-bytes rx-error tx-pkts  tx-bytes tx-error
---------------- -------- -------- -------- -------- -------- -------- --------
0000000000000002        1        0        0        0       49     3822        0
0000000000000002        2       72     6356        0       73     6416        0
0000000000000002        3       72     6356        0       73     6416        0
datapath         in-port  eth-dst           out-port packets  bytes
---------------- -------- ----------------- -------- -------- --------
discovery--->==================================== discovery ====================================
discovery---> cls: [(3, 2), (3, 1), (2, 1)]
discovery--->=============================================================================
==================================== link detector ====================================

----------------------------
src    dst :    delay
3 <---> 2 : 8.130073547363281
3 <---> 1 : 8.764982223510742
1 <---> 2 : 8.131742477416992
1 <---> 3 : 9.130477905273438
2 <---> 1 : 6.951570510864258
2 <---> 3 : 8.029460906982422
---> OFPPortStatus received: reason=DELETE desc=OFPPort(port_no=2,hw_addr='4e:5f:8b:b6:f1:4b',name=b'ap1-eth2',config=0,state=4,curr=2112,advertised=0,supported=0,peer=0,curr_speed=10000000,max_speed=0)
---> OFPPortStatus received: reason=DELETE desc=OFPPort(port_no=2,hw_addr='0e:8f:95:fb:3a:b9',name=b'ap2-eth2',config=0,state=4,curr=2112,advertised=0,supported=0,peer=0,curr_speed=10000000,max_speed=0)
---> OFPPortStatus received: reason=DELETE desc=OFPPort(port_no=3,hw_addr='02:23:cf:95:c7:a2',name=b'ap1-eth3',config=0,state=4,curr=2112,advertised=0,supported=0,peer=0,curr_speed=10000000,max_speed=0)
---> OFPPortStatus received: reason=DELETE desc=OFPPort(port_no=2,hw_addr='e2:b7:dc:6f:e5:3e',name=b'ap3-eth2',config=0,state=4,curr=2112,advertised=0,supported=0,peer=0,curr_speed=10000000,max_speed=0)
---> OFPPortStatus received: reason=MODIFY desc=OFPPort(port_no=3,hw_addr='92:23:85:00:aa:8d',name=b'ap3-eth3',config=0,state=0,curr=2112,advertised=0,supported=0,peer=0,curr_speed=10000000,max_speed=0)
---> OFPPortStatus received: reason=DELETE desc=OFPPort(port_no=3,hw_addr='92:23:85:00:aa:8d',name=b'ap3-eth3',config=0,state=0,curr=2112,advertised=0,supported=0,peer=0,curr_speed=10000000,max_speed=0)
---> OFPPortStatus received: reason=MODIFY desc=OFPPort(port_no=3,hw_addr='d2:38:8c:b5:af:e7',name=b'ap2-eth3',config=0,state=0,curr=2112,advertised=0,supported=0,peer=0,curr_speed=10000000,max_speed=0)
---> OFPPortStatus received: reason=DELETE desc=OFPPort(port_no=3,hw_addr='d2:38:8c:b5:af:e7',name=b'ap2-eth3',config=0,state=0,curr=2112,advertised=0,supported=0,peer=0,curr_speed=10000000,max_speed=0)
discovery--->==================================== discovery ====================================
discovery---> cls: []
discovery--->=============================================================================
==================================== link detector ====================================

----------------------------
src    dst :    delay
3 <---> 2 : 8.130073547363281
3 <---> 1 : 8.764982223510742
1 <---> 2 : 8.131742477416992
1 <---> 3 : 9.130477905273438
2 <---> 1 : 8.072137832641602
2 <---> 3 : 8.029460906982422
==================================== link detector ====================================

----------------------------
src    dst :    delay
3 <---> 2 : 8.130073547363281
3 <---> 1 : 8.764982223510742
1 <---> 2 : 8.131742477416992
1 <---> 3 : 9.130477905273438
2 <---> 1 : 8.072137832641602
2 <---> 3 : 8.029460906982422
discovery--->==================================== discovery ====================================
discovery---> cls: []
discovery--->=============================================================================
==================================== link detector ====================================

----------------------------
src    dst :    delay
3 <---> 2 : 8.130073547363281
3 <---> 1 : 8.764982223510742
1 <---> 2 : 8.131742477416992
1 <---> 3 : 9.130477905273438
2 <---> 1 : 8.072137832641602
2 <---> 3 : 8.029460906982422
==================================== link detector ====================================

----------------------------
src    dst :    delay
3 <---> 2 : 8.130073547363281
3 <---> 1 : 8.764982223510742
1 <---> 2 : 8.131742477416992
1 <---> 3 : 9.130477905273438
2 <---> 1 : 8.072137832641602
2 <---> 3 : 8.029460906982422
discovery--->==================================== discovery ====================================
discovery---> cls: []
discovery--->=============================================================================
==================================== link detector ====================================

----------------------------
src    dst :    delay
3 <---> 2 : 8.130073547363281
3 <---> 1 : 8.764982223510742
1 <---> 2 : 8.131742477416992
1 <---> 3 : 9.130477905273438
2 <---> 1 : 8.072137832641602
2 <---> 3 : 8.029460906982422
discovery--->==================================== discovery ====================================
discovery---> cls: []
discovery--->=============================================================================
==================================== link detector ====================================

----------------------------
src    dst :    delay
3 <---> 2 : 8.130073547363281
3 <---> 1 : 8.764982223510742
1 <---> 2 : 8.131742477416992
1 <---> 3 : 9.130477905273438
2 <---> 1 : 8.072137832641602
2 <---> 3 : 8.029460906982422
==================================== link detector ====================================

----------------------------
src    dst :    delay
3 <---> 2 : 8.130073547363281
3 <---> 1 : 8.764982223510742
1 <---> 2 : 8.131742477416992
1 <---> 3 : 9.130477905273438
2 <---> 1 : 8.072137832641602
2 <---> 3 : 8.029460906982422
discovery--->==================================== discovery ====================================
discovery---> cls: []
discovery--->=============================================================================
==================================== link detector ====================================

----------------------------
src    dst :    delay
3 <---> 2 : 8.130073547363281
3 <---> 1 : 8.764982223510742
1 <---> 2 : 8.131742477416992
1 <---> 3 : 9.130477905273438
2 <---> 1 : 8.072137832641602
2 <---> 3 : 8.029460906982422
discovery--->==================================== discovery ====================================
discovery---> cls: []
discovery--->=============================================================================
==================================== link detector ====================================

----------------------------
src    dst :    delay
3 <---> 2 : 8.130073547363281
3 <---> 1 : 8.764982223510742
1 <---> 2 : 8.131742477416992
1 <---> 3 : 9.130477905273438
2 <---> 1 : 8.072137832641602
2 <---> 3 : 8.029460906982422
==================================== link detector ====================================

----------------------------
src    dst :    delay
3 <---> 2 : 8.130073547363281
3 <---> 1 : 8.764982223510742
1 <---> 2 : 8.131742477416992
1 <---> 3 : 9.130477905273438
2 <---> 1 : 8.072137832641602
2 <---> 3 : 8.029460906982422
discovery--->==================================== discovery ====================================
discovery---> cls: []
discovery--->=============================================================================
==================================== link detector ====================================

----------------------------
src    dst :    delay
3 <---> 2 : 8.130073547363281
3 <---> 1 : 8.764982223510742
1 <---> 2 : 8.131742477416992
1 <---> 3 : 9.130477905273438
2 <---> 1 : 8.072137832641602
2 <---> 3 : 8.029460906982422
discovery--->==================================== discovery ====================================
discovery---> cls: []
discovery--->=============================================================================
==================================== link detector ====================================

----------------------------
src    dst :    delay
3 <---> 2 : 8.130073547363281
3 <---> 1 : 8.764982223510742
1 <---> 2 : 8.131742477416992
1 <---> 3 : 9.130477905273438
2 <---> 1 : 8.072137832641602
2 <---> 3 : 8.029460906982422
==================================== link detector ====================================

----------------------------
src    dst :    delay
3 <---> 2 : 8.130073547363281
3 <---> 1 : 8.764982223510742
1 <---> 2 : 8.131742477416992
1 <---> 3 : 9.130477905273438
2 <---> 1 : 8.072137832641602
2 <---> 3 : 8.029460906982422
discovery--->==================================== discovery ====================================
discovery---> cls: []
discovery--->=============================================================================
==================================== link detector ====================================

----------------------------
src    dst :    delay
3 <---> 2 : 8.130073547363281
3 <---> 1 : 8.764982223510742
1 <---> 2 : 8.131742477416992
1 <---> 3 : 9.130477905273438
2 <---> 1 : 8.072137832641602
2 <---> 3 : 8.029460906982422
==================================== link detector ====================================

----------------------------
src    dst :    delay
3 <---> 2 : 8.130073547363281
3 <---> 1 : 8.764982223510742
1 <---> 2 : 8.131742477416992
1 <---> 3 : 9.130477905273438
2 <---> 1 : 8.072137832641602
2 <---> 3 : 8.029460906982422
discovery--->==================================== discovery ====================================
discovery---> cls: []
discovery--->=============================================================================
==================================== link detector ====================================

----------------------------
src    dst :    delay
3 <---> 2 : 8.130073547363281
3 <---> 1 : 8.764982223510742
1 <---> 2 : 8.131742477416992
1 <---> 3 : 9.130477905273438
2 <---> 1 : 8.072137832641602
2 <---> 3 : 8.029460906982422
discovery--->==================================== discovery ====================================
discovery---> cls: []
discovery--->=============================================================================
==================================== link detector ====================================

----------------------------
src    dst :    delay
3 <---> 2 : 8.130073547363281
3 <---> 1 : 8.764982223510742
1 <---> 2 : 8.131742477416992
1 <---> 3 : 9.130477905273438
2 <---> 1 : 8.072137832641602
2 <---> 3 : 8.029460906982422
==================================== link detector ====================================

----------------------------
src    dst :    delay
3 <---> 2 : 8.130073547363281
3 <---> 1 : 8.764982223510742
1 <---> 2 : 8.131742477416992
1 <---> 3 : 9.130477905273438
2 <---> 1 : 8.072137832641602
2 <---> 3 : 8.029460906982422
discovery--->==================================== discovery ====================================
discovery---> cls: []
discovery--->=============================================================================
==================================== link detector ====================================

----------------------------
src    dst :    delay
3 <---> 2 : 8.130073547363281
3 <---> 1 : 8.764982223510742
1 <---> 2 : 8.131742477416992
1 <---> 3 : 9.130477905273438
2 <---> 1 : 8.072137832641602
2 <---> 3 : 8.029460906982422
discovery--->==================================== discovery ====================================
discovery---> cls: []
discovery--->=============================================================================
==================================== link detector ====================================

----------------------------
src    dst :    delay
3 <---> 2 : 8.130073547363281
3 <---> 1 : 8.764982223510742
1 <---> 2 : 8.131742477416992
1 <---> 3 : 9.130477905273438
2 <---> 1 : 8.072137832641602
2 <---> 3 : 8.029460906982422
==================================== link detector ====================================

----------------------------
src    dst :    delay
3 <---> 2 : 8.130073547363281
3 <---> 1 : 8.764982223510742
1 <---> 2 : 8.131742477416992
1 <---> 3 : 9.130477905273438
2 <---> 1 : 8.072137832641602
2 <---> 3 : 8.029460906982422
discovery--->==================================== discovery ====================================
discovery---> cls: []
discovery--->=============================================================================
==================================== link detector ====================================

----------------------------
src    dst :    delay
3 <---> 2 : 8.130073547363281
3 <---> 1 : 8.764982223510742
1 <---> 2 : 8.131742477416992
1 <---> 3 : 9.130477905273438
2 <---> 1 : 8.072137832641602
2 <---> 3 : 8.029460906982422
==================================== link detector ====================================

----------------------------
src    dst :    delay
3 <---> 2 : 8.130073547363281
3 <---> 1 : 8.764982223510742
1 <---> 2 : 8.131742477416992
1 <---> 3 : 9.130477905273438
2 <---> 1 : 8.072137832641602
2 <---> 3 : 8.029460906982422
discovery--->==================================== discovery ====================================
discovery---> cls: []
discovery--->=============================================================================
==================================== link detector ====================================

----------------------------
src    dst :    delay
3 <---> 2 : 8.130073547363281
3 <---> 1 : 8.764982223510742
1 <---> 2 : 8.131742477416992
1 <---> 3 : 9.130477905273438
2 <---> 1 : 8.072137832641602
2 <---> 3 : 8.029460906982422
discovery--->==================================== discovery ====================================
discovery---> cls: []
discovery--->=============================================================================
==================================== link detector ====================================

----------------------------
src    dst :    delay
3 <---> 2 : 8.130073547363281
3 <---> 1 : 8.764982223510742
1 <---> 2 : 8.131742477416992
1 <---> 3 : 9.130477905273438
2 <---> 1 : 8.072137832641602
2 <---> 3 : 8.029460906982422
==================================== link detector ====================================

----------------------------
src    dst :    delay
3 <---> 2 : 8.130073547363281
3 <---> 1 : 8.764982223510742
1 <---> 2 : 8.131742477416992
1 <---> 3 : 9.130477905273438
2 <---> 1 : 8.072137832641602
2 <---> 3 : 8.029460906982422
discovery--->==================================== discovery ====================================
discovery---> cls: []
discovery--->=============================================================================
==================================== link detector ====================================

----------------------------
src    dst :    delay
3 <---> 2 : 8.130073547363281
3 <---> 1 : 8.764982223510742
1 <---> 2 : 8.131742477416992
1 <---> 3 : 9.130477905273438
2 <---> 1 : 8.072137832641602
2 <---> 3 : 8.029460906982422
discovery--->==================================== discovery ====================================
discovery---> cls: []
discovery--->=============================================================================
==================================== link detector ====================================

----------------------------
src    dst :    delay
3 <---> 2 : 8.130073547363281
3 <---> 1 : 8.764982223510742
1 <---> 2 : 8.131742477416992
1 <---> 3 : 9.130477905273438
2 <---> 1 : 8.072137832641602
2 <---> 3 : 8.029460906982422
==================================== link detector ====================================

----------------------------
src    dst :    delay
3 <---> 2 : 8.130073547363281
3 <---> 1 : 8.764982223510742
1 <---> 2 : 8.131742477416992
1 <---> 3 : 9.130477905273438
2 <---> 1 : 8.072137832641602
2 <---> 3 : 8.029460906982422
discovery--->==================================== discovery ====================================
discovery---> cls: []
discovery--->=============================================================================
==================================== link detector ====================================

----------------------------
src    dst :    delay
3 <---> 2 : 8.130073547363281
3 <---> 1 : 8.764982223510742
1 <---> 2 : 8.131742477416992
1 <---> 3 : 9.130477905273438
2 <---> 1 : 8.072137832641602
2 <---> 3 : 8.029460906982422
discovery--->==================================== discovery ====================================
discovery---> cls: []
discovery--->=============================================================================
==================================== link detector ====================================

----------------------------
src    dst :    delay
3 <---> 2 : 8.130073547363281
3 <---> 1 : 8.764982223510742
1 <---> 2 : 8.131742477416992
1 <---> 3 : 9.130477905273438
2 <---> 1 : 8.072137832641602
2 <---> 3 : 8.029460906982422
==================================== link detector ====================================

----------------------------
src    dst :    delay
3 <---> 2 : 8.130073547363281
3 <---> 1 : 8.764982223510742
1 <---> 2 : 8.131742477416992
1 <---> 3 : 9.130477905273438
2 <---> 1 : 8.072137832641602
2 <---> 3 : 8.029460906982422
discovery--->==================================== discovery ====================================
discovery---> cls: []
discovery--->=============================================================================
==================================== link detector ====================================

----------------------------
src    dst :    delay
3 <---> 2 : 8.130073547363281
3 <---> 1 : 8.764982223510742
1 <---> 2 : 8.131742477416992
1 <---> 3 : 9.130477905273438
2 <---> 1 : 8.072137832641602
2 <---> 3 : 8.029460906982422
==================================== link detector ====================================

----------------------------
src    dst :    delay
3 <---> 2 : 8.130073547363281
3 <---> 1 : 8.764982223510742
1 <---> 2 : 8.131742477416992
1 <---> 3 : 9.130477905273438
2 <---> 1 : 8.072137832641602
2 <---> 3 : 8.029460906982422
discovery--->==================================== discovery ====================================
discovery---> cls: []
discovery--->=============================================================================
==================================== link detector ====================================

----------------------------
src    dst :    delay
3 <---> 2 : 8.130073547363281
3 <---> 1 : 8.764982223510742
1 <---> 2 : 8.131742477416992
1 <---> 3 : 9.130477905273438
2 <---> 1 : 8.072137832641602
2 <---> 3 : 8.029460906982422
discovery--->==================================== discovery ====================================
discovery---> cls: []
discovery--->=============================================================================
==================================== link detector ====================================

----------------------------
src    dst :    delay
3 <---> 2 : 8.130073547363281
3 <---> 1 : 8.764982223510742
1 <---> 2 : 8.131742477416992
1 <---> 3 : 9.130477905273438
2 <---> 1 : 8.072137832641602
2 <---> 3 : 8.029460906982422
==================================== link detector ====================================

----------------------------
src    dst :    delay
3 <---> 2 : 8.130073547363281
3 <---> 1 : 8.764982223510742
1 <---> 2 : 8.131742477416992
1 <---> 3 : 9.130477905273438
2 <---> 1 : 8.072137832641602
2 <---> 3 : 8.029460906982422
discovery--->==================================== discovery ====================================
discovery---> cls: []
discovery--->=============================================================================
==================================== link detector ====================================

----------------------------
src    dst :    delay
3 <---> 2 : 8.130073547363281
3 <---> 1 : 8.764982223510742
1 <---> 2 : 8.131742477416992
1 <---> 3 : 9.130477905273438
2 <---> 1 : 8.072137832641602
2 <---> 3 : 8.029460906982422
discovery--->==================================== discovery ====================================
discovery---> cls: []
discovery--->=============================================================================
==================================== link detector ====================================

----------------------------
src    dst :    delay
3 <---> 2 : 8.130073547363281
3 <---> 1 : 8.764982223510742
1 <---> 2 : 8.131742477416992
1 <---> 3 : 9.130477905273438
2 <---> 1 : 8.072137832641602
2 <---> 3 : 8.029460906982422
==================================== link detector ====================================

----------------------------
src    dst :    delay
3 <---> 2 : 8.130073547363281
3 <---> 1 : 8.764982223510742
1 <---> 2 : 8.131742477416992
1 <---> 3 : 9.130477905273438
2 <---> 1 : 8.072137832641602
2 <---> 3 : 8.029460906982422
discovery--->==================================== discovery ====================================
discovery---> cls: []
discovery--->=============================================================================
==================================== link detector ====================================

----------------------------
src    dst :    delay
3 <---> 2 : 8.130073547363281
3 <---> 1 : 8.764982223510742
1 <---> 2 : 8.131742477416992
1 <---> 3 : 9.130477905273438
2 <---> 1 : 8.072137832641602
2 <---> 3 : 8.029460906982422
==================================== link detector ====================================

----------------------------
src    dst :    delay
3 <---> 2 : 8.130073547363281
3 <---> 1 : 8.764982223510742
1 <---> 2 : 8.131742477416992
1 <---> 3 : 9.130477905273438
2 <---> 1 : 8.072137832641602
2 <---> 3 : 8.029460906982422
discovery--->==================================== discovery ====================================
discovery---> cls: []
discovery--->=============================================================================
==================================== link detector ====================================

----------------------------
src    dst :    delay
3 <---> 2 : 8.130073547363281
3 <---> 1 : 8.764982223510742
1 <---> 2 : 8.131742477416992
1 <---> 3 : 9.130477905273438
2 <---> 1 : 8.072137832641602
2 <---> 3 : 8.029460906982422
discovery--->==================================== discovery ====================================
discovery---> cls: []
discovery--->=============================================================================
==================================== link detector ====================================

----------------------------
src    dst :    delay
3 <---> 2 : 8.130073547363281
3 <---> 1 : 8.764982223510742
1 <---> 2 : 8.131742477416992
1 <---> 3 : 9.130477905273438
2 <---> 1 : 8.072137832641602
2 <---> 3 : 8.029460906982422
==================================== link detector ====================================

----------------------------
src    dst :    delay
3 <---> 2 : 8.130073547363281
3 <---> 1 : 8.764982223510742
1 <---> 2 : 8.131742477416992
1 <---> 3 : 9.130477905273438
2 <---> 1 : 8.072137832641602
2 <---> 3 : 8.029460906982422
discovery--->==================================== discovery ====================================
discovery---> cls: []
discovery--->=============================================================================
==================================== link detector ====================================

----------------------------
src    dst :    delay
3 <---> 2 : 8.130073547363281
3 <---> 1 : 8.764982223510742
1 <---> 2 : 8.131742477416992
1 <---> 3 : 9.130477905273438
2 <---> 1 : 8.072137832641602
2 <---> 3 : 8.029460906982422
discovery--->==================================== discovery ====================================
discovery---> cls: []
discovery--->=============================================================================
==================================== link detector ====================================

----------------------------
src    dst :    delay
3 <---> 2 : 8.130073547363281
3 <---> 1 : 8.764982223510742
1 <---> 2 : 8.131742477416992
1 <---> 3 : 9.130477905273438
2 <---> 1 : 8.072137832641602
2 <---> 3 : 8.029460906982422
==================================== link detector ====================================

----------------------------
src    dst :    delay
3 <---> 2 : 8.130073547363281
3 <---> 1 : 8.764982223510742
1 <---> 2 : 8.131742477416992
1 <---> 3 : 9.130477905273438
2 <---> 1 : 8.072137832641602
2 <---> 3 : 8.029460906982422
discovery--->==================================== discovery ====================================
discovery---> cls: []
discovery--->=============================================================================
==================================== link detector ====================================

----------------------------
src    dst :    delay
3 <---> 2 : 8.130073547363281
3 <---> 1 : 8.764982223510742
1 <---> 2 : 8.131742477416992
1 <---> 3 : 9.130477905273438
2 <---> 1 : 8.072137832641602
2 <---> 3 : 8.029460906982422
==================================== link detector ====================================

----------------------------
src    dst :    delay
3 <---> 2 : 8.130073547363281
3 <---> 1 : 8.764982223510742
1 <---> 2 : 8.131742477416992
1 <---> 3 : 9.130477905273438
2 <---> 1 : 8.072137832641602
2 <---> 3 : 8.029460906982422
discovery--->==================================== discovery ====================================
discovery---> cls: []
discovery--->=============================================================================
==================================== link detector ====================================

----------------------------
src    dst :    delay
3 <---> 2 : 8.130073547363281
3 <---> 1 : 8.764982223510742
1 <---> 2 : 8.131742477416992
1 <---> 3 : 9.130477905273438
2 <---> 1 : 8.072137832641602
2 <---> 3 : 8.029460906982422
discovery--->==================================== discovery ====================================
discovery---> cls: []
discovery--->=============================================================================
==================================== link detector ====================================

----------------------------
src    dst :    delay
3 <---> 2 : 8.130073547363281
3 <---> 1 : 8.764982223510742
1 <---> 2 : 8.131742477416992
1 <---> 3 : 9.130477905273438
2 <---> 1 : 8.072137832641602
2 <---> 3 : 8.029460906982422
==================================== link detector ====================================

----------------------------
src    dst :    delay
3 <---> 2 : 8.130073547363281
3 <---> 1 : 8.764982223510742
1 <---> 2 : 8.131742477416992
1 <---> 3 : 9.130477905273438
2 <---> 1 : 8.072137832641602
2 <---> 3 : 8.029460906982422
discovery--->==================================== discovery ====================================
discovery---> cls: []
discovery--->=============================================================================
==================================== link detector ====================================

----------------------------
src    dst :    delay
3 <---> 2 : 8.130073547363281
3 <---> 1 : 8.764982223510742
1 <---> 2 : 8.131742477416992
1 <---> 3 : 9.130477905273438
2 <---> 1 : 8.072137832641602
2 <---> 3 : 8.029460906982422
discovery--->==================================== discovery ====================================
discovery---> cls: []
discovery--->=============================================================================
==================================== link detector ====================================

----------------------------
src    dst :    delay
3 <---> 2 : 8.130073547363281
3 <---> 1 : 8.764982223510742
1 <---> 2 : 8.131742477416992
1 <---> 3 : 9.130477905273438
2 <---> 1 : 8.072137832641602
2 <---> 3 : 8.029460906982422
==================================== link detector ====================================

----------------------------
src    dst :    delay
3 <---> 2 : 8.130073547363281
3 <---> 1 : 8.764982223510742
1 <---> 2 : 8.131742477416992
1 <---> 3 : 9.130477905273438
2 <---> 1 : 8.072137832641602
2 <---> 3 : 8.029460906982422
discovery--->==================================== discovery ====================================
discovery---> cls: []
discovery--->=============================================================================
==================================== link detector ====================================

----------------------------
src    dst :    delay
3 <---> 2 : 8.130073547363281
3 <---> 1 : 8.764982223510742
1 <---> 2 : 8.131742477416992
1 <---> 3 : 9.130477905273438
2 <---> 1 : 8.072137832641602
2 <---> 3 : 8.029460906982422
discovery--->==================================== discovery ====================================
discovery---> cls: []
discovery--->=============================================================================
==================================== link detector ====================================

----------------------------
src    dst :    delay
3 <---> 2 : 8.130073547363281
3 <---> 1 : 8.764982223510742
1 <---> 2 : 8.131742477416992
1 <---> 3 : 9.130477905273438
2 <---> 1 : 8.072137832641602
2 <---> 3 : 8.029460906982422
==================================== link detector ====================================

----------------------------
src    dst :    delay
3 <---> 2 : 8.130073547363281
3 <---> 1 : 8.764982223510742
1 <---> 2 : 8.131742477416992
1 <---> 3 : 9.130477905273438
2 <---> 1 : 8.072137832641602
2 <---> 3 : 8.029460906982422
discovery--->==================================== discovery ====================================
discovery---> cls: []
discovery--->=============================================================================
==================================== link detector ====================================

----------------------------
src    dst :    delay
3 <---> 2 : 8.130073547363281
3 <---> 1 : 8.764982223510742
1 <---> 2 : 8.131742477416992
1 <---> 3 : 9.130477905273438
2 <---> 1 : 8.072137832641602
2 <---> 3 : 8.029460906982422
==================================== link detector ====================================

----------------------------
src    dst :    delay
3 <---> 2 : 8.130073547363281
3 <---> 1 : 8.764982223510742
1 <---> 2 : 8.131742477416992
1 <---> 3 : 9.130477905273438
2 <---> 1 : 8.072137832641602
2 <---> 3 : 8.029460906982422
discovery--->==================================== discovery ====================================
discovery---> cls: []
discovery--->=============================================================================
==================================== link detector ====================================

----------------------------
src    dst :    delay
3 <---> 2 : 8.130073547363281
3 <---> 1 : 8.764982223510742
1 <---> 2 : 8.131742477416992
1 <---> 3 : 9.130477905273438
2 <---> 1 : 8.072137832641602
2 <---> 3 : 8.029460906982422
discovery--->==================================== discovery ====================================
discovery---> cls: []
discovery--->=============================================================================
==================================== link detector ====================================

----------------------------
src    dst :    delay
3 <---> 2 : 8.130073547363281
3 <---> 1 : 8.764982223510742
1 <---> 2 : 8.131742477416992
1 <---> 3 : 9.130477905273438
2 <---> 1 : 8.072137832641602
2 <---> 3 : 8.029460906982422
==================================== link detector ====================================

----------------------------
src    dst :    delay
3 <---> 2 : 8.130073547363281
3 <---> 1 : 8.764982223510742
1 <---> 2 : 8.131742477416992
1 <---> 3 : 9.130477905273438
2 <---> 1 : 8.072137832641602
2 <---> 3 : 8.029460906982422
discovery--->==================================== discovery ====================================
discovery---> cls: []
discovery--->=============================================================================
==================================== link detector ====================================

----------------------------
src    dst :    delay
3 <---> 2 : 8.130073547363281
3 <---> 1 : 8.764982223510742
1 <---> 2 : 8.131742477416992
1 <---> 3 : 9.130477905273438
2 <---> 1 : 8.072137832641602
2 <---> 3 : 8.029460906982422
discovery--->==================================== discovery ====================================
discovery---> cls: []
discovery--->=============================================================================
==================================== link detector ====================================

----------------------------
src    dst :    delay
3 <---> 2 : 8.130073547363281
3 <---> 1 : 8.764982223510742
1 <---> 2 : 8.131742477416992
1 <---> 3 : 9.130477905273438
2 <---> 1 : 8.072137832641602
2 <---> 3 : 8.029460906982422
==================================== link detector ====================================

----------------------------
src    dst :    delay
3 <---> 2 : 8.130073547363281
3 <---> 1 : 8.764982223510742
1 <---> 2 : 8.131742477416992
1 <---> 3 : 9.130477905273438
2 <---> 1 : 8.072137832641602
2 <---> 3 : 8.029460906982422
discovery--->==================================== discovery ====================================
discovery---> cls: []
discovery--->=============================================================================
==================================== link detector ====================================

----------------------------
src    dst :    delay
3 <---> 2 : 8.130073547363281
3 <---> 1 : 8.764982223510742
1 <---> 2 : 8.131742477416992
1 <---> 3 : 9.130477905273438
2 <---> 1 : 8.072137832641602
2 <---> 3 : 8.029460906982422
==================================== link detector ====================================

----------------------------
src    dst :    delay
3 <---> 2 : 8.130073547363281
3 <---> 1 : 8.764982223510742
1 <---> 2 : 8.131742477416992
1 <---> 3 : 9.130477905273438
2 <---> 1 : 8.072137832641602
2 <---> 3 : 8.029460906982422
discovery--->==================================== discovery ====================================
discovery---> cls: []
discovery--->=============================================================================
==================================== link detector ====================================

----------------------------
src    dst :    delay
3 <---> 2 : 8.130073547363281
3 <---> 1 : 8.764982223510742
1 <---> 2 : 8.131742477416992
1 <---> 3 : 9.130477905273438
2 <---> 1 : 8.072137832641602
2 <---> 3 : 8.029460906982422
discovery--->==================================== discovery ====================================
discovery---> cls: []
discovery--->=============================================================================
==================================== link detector ====================================

----------------------------
src    dst :    delay
3 <---> 2 : 8.130073547363281
3 <---> 1 : 8.764982223510742
1 <---> 2 : 8.131742477416992
1 <---> 3 : 9.130477905273438
2 <---> 1 : 8.072137832641602
2 <---> 3 : 8.029460906982422
==================================== link detector ====================================

----------------------------
src    dst :    delay
3 <---> 2 : 8.130073547363281
3 <---> 1 : 8.764982223510742
1 <---> 2 : 8.131742477416992
1 <---> 3 : 9.130477905273438
2 <---> 1 : 8.072137832641602
2 <---> 3 : 8.029460906982422
discovery--->==================================== discovery ====================================
discovery---> cls: []
discovery--->=============================================================================
==================================== link detector ====================================

----------------------------
src    dst :    delay
3 <---> 2 : 8.130073547363281
3 <---> 1 : 8.764982223510742
1 <---> 2 : 8.131742477416992
1 <---> 3 : 9.130477905273438
2 <---> 1 : 8.072137832641602
2 <---> 3 : 8.029460906982422
discovery--->==================================== discovery ====================================
discovery---> cls: []
discovery--->=============================================================================
==================================== link detector ====================================

----------------------------
src    dst :    delay
3 <---> 2 : 8.130073547363281
3 <---> 1 : 8.764982223510742
1 <---> 2 : 8.131742477416992
1 <---> 3 : 9.130477905273438
2 <---> 1 : 8.072137832641602
2 <---> 3 : 8.029460906982422
==================================== link detector ====================================

----------------------------
src    dst :    delay
3 <---> 2 : 8.130073547363281
3 <---> 1 : 8.764982223510742
1 <---> 2 : 8.131742477416992
1 <---> 3 : 9.130477905273438
2 <---> 1 : 8.072137832641602
2 <---> 3 : 8.029460906982422
discovery--->==================================== discovery ====================================
discovery---> cls: []
discovery--->=============================================================================
==================================== link detector ====================================

----------------------------
src    dst :    delay
3 <---> 2 : 8.130073547363281
3 <---> 1 : 8.764982223510742
1 <---> 2 : 8.131742477416992
1 <---> 3 : 9.130477905273438
2 <---> 1 : 8.072137832641602
2 <---> 3 : 8.029460906982422
discovery--->==================================== discovery ====================================
discovery---> cls: []
discovery--->=============================================================================
==================================== link detector ====================================

----------------------------
src    dst :    delay
3 <---> 2 : 8.130073547363281
3 <---> 1 : 8.764982223510742
1 <---> 2 : 8.131742477416992
1 <---> 3 : 9.130477905273438
2 <---> 1 : 8.072137832641602
2 <---> 3 : 8.029460906982422
==================================== link detector ====================================

----------------------------
src    dst :    delay
3 <---> 2 : 8.130073547363281
3 <---> 1 : 8.764982223510742
1 <---> 2 : 8.131742477416992
1 <---> 3 : 9.130477905273438
2 <---> 1 : 8.072137832641602
2 <---> 3 : 8.029460906982422
discovery--->==================================== discovery ====================================
discovery---> cls: []
discovery--->=============================================================================
==================================== link detector ====================================

----------------------------
src    dst :    delay
3 <---> 2 : 8.130073547363281
3 <---> 1 : 8.764982223510742
1 <---> 2 : 8.131742477416992
1 <---> 3 : 9.130477905273438
2 <---> 1 : 8.072137832641602
2 <---> 3 : 8.029460906982422
==================================== link detector ====================================

----------------------------
src    dst :    delay
3 <---> 2 : 8.130073547363281
3 <---> 1 : 8.764982223510742
1 <---> 2 : 8.131742477416992
1 <---> 3 : 9.130477905273438
2 <---> 1 : 8.072137832641602
2 <---> 3 : 8.029460906982422
discovery--->==================================== discovery ====================================
discovery---> cls: []
discovery--->=============================================================================
==================================== link detector ====================================

----------------------------
src    dst :    delay
3 <---> 2 : 8.130073547363281
3 <---> 1 : 8.764982223510742
1 <---> 2 : 8.131742477416992
1 <---> 3 : 9.130477905273438
2 <---> 1 : 8.072137832641602
2 <---> 3 : 8.029460906982422
discovery--->==================================== discovery ====================================
discovery---> cls: []
discovery--->=============================================================================
==================================== link detector ====================================

----------------------------
src    dst :    delay
3 <---> 2 : 8.130073547363281
3 <---> 1 : 8.764982223510742
1 <---> 2 : 8.131742477416992
1 <---> 3 : 9.130477905273438
2 <---> 1 : 8.072137832641602
2 <---> 3 : 8.029460906982422
==================================== link detector ====================================

----------------------------
src    dst :    delay
3 <---> 2 : 8.130073547363281
3 <---> 1 : 8.764982223510742
1 <---> 2 : 8.131742477416992
1 <---> 3 : 9.130477905273438
2 <---> 1 : 8.072137832641602
2 <---> 3 : 8.029460906982422
discovery--->==================================== discovery ====================================
discovery---> cls: []
discovery--->=============================================================================
==================================== link detector ====================================

----------------------------
src    dst :    delay
3 <---> 2 : 8.130073547363281
3 <---> 1 : 8.764982223510742
1 <---> 2 : 8.131742477416992
1 <---> 3 : 9.130477905273438
2 <---> 1 : 8.072137832641602
2 <---> 3 : 8.029460906982422
discovery--->==================================== discovery ====================================
discovery---> cls: []
discovery--->=============================================================================
==================================== link detector ====================================

----------------------------
src    dst :    delay
3 <---> 2 : 8.130073547363281
3 <---> 1 : 8.764982223510742
1 <---> 2 : 8.131742477416992
1 <---> 3 : 9.130477905273438
2 <---> 1 : 8.072137832641602
2 <---> 3 : 8.029460906982422
==================================== link detector ====================================

----------------------------
src    dst :    delay
3 <---> 2 : 8.130073547363281
3 <---> 1 : 8.764982223510742
1 <---> 2 : 8.131742477416992
1 <---> 3 : 9.130477905273438
2 <---> 1 : 8.072137832641602
2 <---> 3 : 8.029460906982422
discovery--->==================================== discovery ====================================
discovery---> cls: []
discovery--->=============================================================================
==================================== link detector ====================================

----------------------------
src    dst :    delay
3 <---> 2 : 8.130073547363281
3 <---> 1 : 8.764982223510742
1 <---> 2 : 8.131742477416992
1 <---> 3 : 9.130477905273438
2 <---> 1 : 8.072137832641602
2 <---> 3 : 8.029460906982422
==================================== link detector ====================================

----------------------------
src    dst :    delay
3 <---> 2 : 8.130073547363281
3 <---> 1 : 8.764982223510742
1 <---> 2 : 8.131742477416992
1 <---> 3 : 9.130477905273438
2 <---> 1 : 8.072137832641602
2 <---> 3 : 8.029460906982422
discovery--->==================================== discovery ====================================
discovery---> cls: []
discovery--->=============================================================================
==================================== link detector ====================================

----------------------------
src    dst :    delay
3 <---> 2 : 8.130073547363281
3 <---> 1 : 8.764982223510742
1 <---> 2 : 8.131742477416992
1 <---> 3 : 9.130477905273438
2 <---> 1 : 8.072137832641602
2 <---> 3 : 8.029460906982422
discovery--->==================================== discovery ====================================
discovery---> cls: []
discovery--->=============================================================================
==================================== link detector ====================================

----------------------------
src    dst :    delay
3 <---> 2 : 8.130073547363281
3 <---> 1 : 8.764982223510742
1 <---> 2 : 8.131742477416992
1 <---> 3 : 9.130477905273438
2 <---> 1 : 8.072137832641602
2 <---> 3 : 8.029460906982422
==================================== link detector ====================================

----------------------------
src    dst :    delay
3 <---> 2 : 8.130073547363281
3 <---> 1 : 8.764982223510742
1 <---> 2 : 8.131742477416992
1 <---> 3 : 9.130477905273438
2 <---> 1 : 8.072137832641602
2 <---> 3 : 8.029460906982422
discovery--->==================================== discovery ====================================
discovery---> cls: []
discovery--->=============================================================================
==================================== link detector ====================================

----------------------------
src    dst :    delay
3 <---> 2 : 8.130073547363281
3 <---> 1 : 8.764982223510742
1 <---> 2 : 8.131742477416992
1 <---> 3 : 9.130477905273438
2 <---> 1 : 8.072137832641602
2 <---> 3 : 8.029460906982422
discovery--->==================================== discovery ====================================
discovery---> cls: []
discovery--->=============================================================================
==================================== link detector ====================================

----------------------------
src    dst :    delay
3 <---> 2 : 8.130073547363281
3 <---> 1 : 8.764982223510742
1 <---> 2 : 8.131742477416992
1 <---> 3 : 9.130477905273438
2 <---> 1 : 8.072137832641602
2 <---> 3 : 8.029460906982422
==================================== link detector ====================================

----------------------------
src    dst :    delay
3 <---> 2 : 8.130073547363281
3 <---> 1 : 8.764982223510742
1 <---> 2 : 8.131742477416992
1 <---> 3 : 9.130477905273438
2 <---> 1 : 8.072137832641602
2 <---> 3 : 8.029460906982422
discovery--->==================================== discovery ====================================
discovery---> cls: []
discovery--->=============================================================================
==================================== link detector ====================================

----------------------------
src    dst :    delay
3 <---> 2 : 8.130073547363281
3 <---> 1 : 8.764982223510742
1 <---> 2 : 8.131742477416992
1 <---> 3 : 9.130477905273438
2 <---> 1 : 8.072137832641602
2 <---> 3 : 8.029460906982422
==================================== link detector ====================================

----------------------------
src    dst :    delay
3 <---> 2 : 8.130073547363281
3 <---> 1 : 8.764982223510742
1 <---> 2 : 8.131742477416992
1 <---> 3 : 9.130477905273438
2 <---> 1 : 8.072137832641602
2 <---> 3 : 8.029460906982422
discovery--->==================================== discovery ====================================
discovery---> cls: []
discovery--->=============================================================================
==================================== link detector ====================================

----------------------------
src    dst :    delay
3 <---> 2 : 8.130073547363281
3 <---> 1 : 8.764982223510742
1 <---> 2 : 8.131742477416992
1 <---> 3 : 9.130477905273438
2 <---> 1 : 8.072137832641602
2 <---> 3 : 8.029460906982422
discovery--->==================================== discovery ====================================
discovery---> cls: []
discovery--->=============================================================================
==================================== link detector ====================================

----------------------------
src    dst :    delay
3 <---> 2 : 8.130073547363281
3 <---> 1 : 8.764982223510742
1 <---> 2 : 8.131742477416992
1 <---> 3 : 9.130477905273438
2 <---> 1 : 8.072137832641602
2 <---> 3 : 8.029460906982422
==================================== link detector ====================================

----------------------------
src    dst :    delay
3 <---> 2 : 8.130073547363281
3 <---> 1 : 8.764982223510742
1 <---> 2 : 8.131742477416992
1 <---> 3 : 9.130477905273438
2 <---> 1 : 8.072137832641602
2 <---> 3 : 8.029460906982422
discovery--->==================================== discovery ====================================
discovery---> cls: []
discovery--->=============================================================================
==================================== link detector ====================================

----------------------------
src    dst :    delay
3 <---> 2 : 8.130073547363281
3 <---> 1 : 8.764982223510742
1 <---> 2 : 8.131742477416992
1 <---> 3 : 9.130477905273438
2 <---> 1 : 8.072137832641602
2 <---> 3 : 8.029460906982422
discovery--->==================================== discovery ====================================
discovery---> cls: []
discovery--->=============================================================================
==================================== link detector ====================================

----------------------------
src    dst :    delay
3 <---> 2 : 8.130073547363281
3 <---> 1 : 8.764982223510742
1 <---> 2 : 8.131742477416992
1 <---> 3 : 9.130477905273438
2 <---> 1 : 8.072137832641602
2 <---> 3 : 8.029460906982422
==================================== link detector ====================================

----------------------------
src    dst :    delay
3 <---> 2 : 8.130073547363281
3 <---> 1 : 8.764982223510742
1 <---> 2 : 8.131742477416992
1 <---> 3 : 9.130477905273438
2 <---> 1 : 8.072137832641602
2 <---> 3 : 8.029460906982422
discovery--->==================================== discovery ====================================
discovery---> cls: []
discovery--->=============================================================================
==================================== link detector ====================================

----------------------------
src    dst :    delay
3 <---> 2 : 8.130073547363281
3 <---> 1 : 8.764982223510742
1 <---> 2 : 8.131742477416992
1 <---> 3 : 9.130477905273438
2 <---> 1 : 8.072137832641602
2 <---> 3 : 8.029460906982422
discovery--->==================================== discovery ====================================
discovery---> cls: []
discovery--->=============================================================================
==================================== link detector ====================================

----------------------------
src    dst :    delay
3 <---> 2 : 8.130073547363281
3 <---> 1 : 8.764982223510742
1 <---> 2 : 8.131742477416992
1 <---> 3 : 9.130477905273438
2 <---> 1 : 8.072137832641602
2 <---> 3 : 8.029460906982422
==================================== link detector ====================================

----------------------------
src    dst :    delay
3 <---> 2 : 8.130073547363281
3 <---> 1 : 8.764982223510742
1 <---> 2 : 8.131742477416992
1 <---> 3 : 9.130477905273438
2 <---> 1 : 8.072137832641602
2 <---> 3 : 8.029460906982422
discovery--->==================================== discovery ====================================
discovery---> cls: []
discovery--->=============================================================================
==================================== link detector ====================================

----------------------------
src    dst :    delay
3 <---> 2 : 8.130073547363281
3 <---> 1 : 8.764982223510742
1 <---> 2 : 8.131742477416992
1 <---> 3 : 9.130477905273438
2 <---> 1 : 8.072137832641602
2 <---> 3 : 8.029460906982422
==================================== link detector ====================================

----------------------------
src    dst :    delay
3 <---> 2 : 8.130073547363281
3 <---> 1 : 8.764982223510742
1 <---> 2 : 8.131742477416992
1 <---> 3 : 9.130477905273438
2 <---> 1 : 8.072137832641602
2 <---> 3 : 8.029460906982422
discovery--->==================================== discovery ====================================
discovery---> cls: []
discovery--->=============================================================================
==================================== link detector ====================================

----------------------------
src    dst :    delay
3 <---> 2 : 8.130073547363281
3 <---> 1 : 8.764982223510742
1 <---> 2 : 8.131742477416992
1 <---> 3 : 9.130477905273438
2 <---> 1 : 8.072137832641602
2 <---> 3 : 8.029460906982422
discovery--->==================================== discovery ====================================
discovery---> cls: []
discovery--->=============================================================================
==================================== link detector ====================================

----------------------------
src    dst :    delay
3 <---> 2 : 8.130073547363281
3 <---> 1 : 8.764982223510742
1 <---> 2 : 8.131742477416992
1 <---> 3 : 9.130477905273438
2 <---> 1 : 8.072137832641602
2 <---> 3 : 8.029460906982422
