loading app network_structure.py
Matplotlib created a temporary config/cache directory at /tmp/matplotlib-vc628ycx because the default path (/home/terry/.config/matplotlib) is not a writable directory; it is highly recommended to set the MPLCONFIGDIR environment variable to a writable directory, in particular to speed up the import of Matplotlib and to better support multiprocessing.
Generating new fontManager, this may take some time...
Failed to extract font properties from /usr/share/fonts/truetype/noto/NotoColorEmoji.ttf: In FT2Font: Can not load face.  Unknown file format.
loading app network_monitor.py
loading app network_delay.py
loading app network_shortest_path.py
loading app arp_handler.py
loading app ryu.controller.ofp_handler
instantiating app None of Switches
creating context switches
instantiating app network_structure.py of NetworkStructure
instantiating app network_monitor.py of NetworkMonitor
instantiating app network_delay.py of NetworkDelay
instantiating app network_shortest_path.py of NetworkShortestPath
instantiating app arp_handler.py of ArpHandler
instantiating app ryu.controller.ofp_handler of OFPHandler
discovery---> AccessPoint: 1152921504606846977 connected
discovery---> AccessPoint: 1152921504606846979 connected
discovery---> AccessPoint: 1152921504606846978 connected
monitor---->register datapath: 1000000000000002
monitor---->register datapath: 1000000000000001
monitor---->register datapath: 1000000000000003
==================================== link detector ====================================

----------------------------
src    dst :    delay
1152921504606846977 <---> 1152921504606846978 : 45.65906524658203
1152921504606846977 <---> 1152921504606846979 : 47.31249809265137
1152921504606846979 <---> 1152921504606846978 : 45.90749740600586
discovery--->==================================== discovery ====================================
discovery---> cls: []
discovery--->==============================
datapath         port     rx-pkts  rx-bytes rx-error tx-pkts  tx-bytes tx-error
---------------- -------- -------- -------- -------- -------- -------- --------
1000000000000002        1        0        0        0 1036435827 110808170068        0
1000000000000002        2 5905192357 511555587169        0 6439884334 580262720961        0
1000000000000002        3 6439884333 580262720965        0 5905192355 511555587140        0
datapath         in-port  eth-dst           out-port packets  bytes
---------------- -------- ----------------- -------- -------- --------
==================================== link detector ====================================

----------------------------
src    dst :    delay
1152921504606846977 <---> 1152921504606846978 : 45.65906524658203
1152921504606846977 <---> 1152921504606846979 : 47.31249809265137
1152921504606846979 <---> 1152921504606846978 : 45.90749740600586
==================================== link detector ====================================

----------------------------
src    dst :    delay
1152921504606846977 <---> 1152921504606846978 : 45.65906524658203
1152921504606846977 <---> 1152921504606846979 : 47.31249809265137
1152921504606846979 <---> 1152921504606846978 : 45.90749740600586
discovery--->==================================== discovery ====================================
discovery---> cls: []
discovery--->==============================
datapath         port     rx-pkts  rx-bytes rx-error tx-pkts  tx-bytes tx-error
---------------- -------- -------- -------- -------- -------- -------- --------
1000000000000002        1        0        0        0 1036435827 110808170068        0
1000000000000002        2 5905192357 511555587169        0 6439884334 580262720961        0
1000000000000002        3 6439884333 580262720965        0 5905192355 511555587140        0
datapath         in-port  eth-dst           out-port packets  bytes
---------------- -------- ----------------- -------- -------- --------
==================================== link detector ====================================

----------------------------
src    dst :    delay
1152921504606846977 <---> 1152921504606846978 : 45.65906524658203
1152921504606846977 <---> 1152921504606846979 : 47.31249809265137
1152921504606846979 <---> 1152921504606846978 : 45.90749740600586
discovery--->==================================== discovery ====================================
discovery---> cls: []
discovery--->==============================
datapath         port     rx-pkts  rx-bytes rx-error tx-pkts  tx-bytes tx-error
---------------- -------- -------- -------- -------- -------- -------- --------
1000000000000002        1        0        0        0 1036435827 110808170068        0
1000000000000002        2 5905192357 511555587169        0 6439884334 580262720961        0
1000000000000002        3 6439884333 580262720965        0 5905192355 511555587140        0
datapath         in-port  eth-dst           out-port packets  bytes
---------------- -------- ----------------- -------- -------- --------
==================================== link detector ====================================

----------------------------
src    dst :    delay
1152921504606846977 <---> 1152921504606846978 : 45.65906524658203
1152921504606846977 <---> 1152921504606846979 : 47.31249809265137
1152921504606846979 <---> 1152921504606846978 : 45.90749740600586
---> OFPPortStatus received: reason=MODIFY desc=OFPPort(port_no=2,hw_addr='86:02:9b:97:7c:0b',name=b'ap2-eth2',config=0,state=0,curr=2112,advertised=0,supported=0,peer=0,curr_speed=10000000,max_speed=0)
---> OFPPortStatus received: reason=DELETE desc=OFPPort(port_no=2,hw_addr='86:02:9b:97:7c:0b',name=b'ap2-eth2',config=0,state=0,curr=2112,advertised=0,supported=0,peer=0,curr_speed=10000000,max_speed=0)
---> OFPPortStatus received: reason=DELETE desc=OFPPort(port_no=3,hw_addr='fe:bf:08:21:8a:96',name=b'ap2-eth3',config=0,state=4,curr=2112,advertised=0,supported=0,peer=0,curr_speed=10000000,max_speed=0)
==================================== link detector ====================================

----------------------------
src    dst :    delay
1152921504606846977 <---> 1152921504606846978 : 45.65906524658203
1152921504606846977 <---> 1152921504606846979 : 47.31249809265137
1152921504606846979 <---> 1152921504606846978 : 45.90749740600586
monitor---> unreigster datapath: 1000000000000002
==================================== link detector ====================================

----------------------------
src    dst :    delay
1152921504606846977 <---> 1152921504606846978 : 45.65906524658203
1152921504606846977 <---> 1152921504606846979 : 47.31249809265137
1152921504606846979 <---> 1152921504606846978 : 45.90749740600586
==================================== link detector ====================================

----------------------------
src    dst :    delay
1152921504606846977 <---> 1152921504606846978 : 45.65906524658203
1152921504606846977 <---> 1152921504606846979 : 47.31249809265137
1152921504606846979 <---> 1152921504606846978 : 45.90749740600586
==================================== link detector ====================================

----------------------------
src    dst :    delay
1152921504606846977 <---> 1152921504606846978 : 45.65906524658203
1152921504606846977 <---> 1152921504606846979 : 47.31249809265137
1152921504606846979 <---> 1152921504606846978 : 45.90749740600586
==================================== link detector ====================================

----------------------------
src    dst :    delay
1152921504606846977 <---> 1152921504606846978 : 45.65906524658203
1152921504606846977 <---> 1152921504606846979 : 47.31249809265137
1152921504606846979 <---> 1152921504606846978 : 45.90749740600586
==================================== link detector ====================================

----------------------------
src    dst :    delay
1152921504606846977 <---> 1152921504606846978 : 45.65906524658203
1152921504606846977 <---> 1152921504606846979 : 47.31249809265137
1152921504606846979 <---> 1152921504606846978 : 45.90749740600586
==================================== link detector ====================================

----------------------------
src    dst :    delay
1152921504606846977 <---> 1152921504606846978 : 45.65906524658203
1152921504606846977 <---> 1152921504606846979 : 47.31249809265137
1152921504606846979 <---> 1152921504606846978 : 45.90749740600586
==================================== link detector ====================================

----------------------------
src    dst :    delay
1152921504606846977 <---> 1152921504606846978 : 45.65906524658203
1152921504606846977 <---> 1152921504606846979 : 47.31249809265137
1152921504606846979 <---> 1152921504606846978 : 45.90749740600586
==================================== link detector ====================================

----------------------------
src    dst :    delay
1152921504606846977 <---> 1152921504606846978 : 45.65906524658203
1152921504606846977 <---> 1152921504606846979 : 47.31249809265137
1152921504606846979 <---> 1152921504606846978 : 45.90749740600586
