loading app network_structure.py
Matplotlib created a temporary config/cache directory at /tmp/matplotlib-14ucfh19 because the default path (/home/terry/.config/matplotlib) is not a writable directory; it is highly recommended to set the MPLCONFIGDIR environment variable to a writable directory, in particular to speed up the import of Matplotlib and to better support multiprocessing.
Generating new fontManager, this may take some time...
Failed to extract font properties from /usr/share/fonts/truetype/noto/NotoColorEmoji.ttf: In FT2Font: Can not load face.  Unknown file format.
loading app network_monitor.py
loading app network_delay.py
loading app network_shortest_path.py
loading app arp_handler.py
loading app ryu.controller.ofp_handler
instantiating app None of Switches
creating context switches
instantiating app network_structure.py of NetworkStructure
instantiating app network_monitor.py of NetworkMonitor
instantiating app network_delay.py of NetworkDelay
instantiating app network_shortest_path.py of NetworkShortestPath
instantiating app arp_handler.py of ArpHandler
instantiating app ryu.controller.ofp_handler of OFPHandler
discovery---> AccessPoint: 1 connected
discovery---> AccessPoint: 2 connected
discovery---> AccessPoint: 3 connected
monitor---->register datapath: 1000000000000002
monitor---->register datapath: 1000000000000001
monitor---->register datapath: 1000000000000003
==================================== link detector ====================================

----------------------------
src    dst :    delay
1 <---> 2 : 3.294229507446289
1 <---> 3 : 3.2358169555664062
2 <---> 3 : 2.9327869415283203
2 <---> 1 : 3.1223297119140625
3 <---> 1 : 3.072023391723633
3 <---> 2 : 3.1516551971435547
discovery--->==================================== discovery ====================================
discovery---> cls: [(1, 2), (1, 3), (2, 3)]
discovery--->=============================================================================
datapath         port     rx-pkts  rx-bytes rx-error tx-pkts  tx-bytes tx-error
---------------- -------- -------- -------- -------- -------- -------- --------
0000000000000002        1        0        0        0        6      468        0
0000000000000002        2       27     3503        0       27     3503        0
0000000000000002        3       27     3503        0       27     3503        0
datapath         in-port  eth-dst           out-port packets  bytes
---------------- -------- ----------------- -------- -------- --------
datapath         port     rx-pkts  rx-bytes rx-error tx-pkts  tx-bytes tx-error
---------------- -------- -------- -------- -------- -------- -------- --------
0000000000000003        1        0        0        0        6      468        0
0000000000000003        2       27     3503        0       27     3503        0
0000000000000003        3       27     3503        0       27     3503        0
datapath         in-port  eth-dst           out-port packets  bytes
---------------- -------- ----------------- -------- -------- --------
datapath         port     rx-pkts  rx-bytes rx-error tx-pkts  tx-bytes tx-error
---------------- -------- -------- -------- -------- -------- -------- --------
0000000000000001        1        0        0        0        6      468        0
0000000000000001        2       27     3503        0       27     3503        0
0000000000000001        3       27     3503        0       27     3503        0
datapath         in-port  eth-dst           out-port packets  bytes
---------------- -------- ----------------- -------- -------- --------
==================================== link detector ====================================

----------------------------
src    dst :    delay
1 <---> 2 : 3.563404083251953
1 <---> 3 : 2.908945083618164
2 <---> 3 : 3.1456947326660156
2 <---> 1 : 3.6144256591796875
3 <---> 1 : 3.9730072021484375
3 <---> 2 : 2.190828323364258
shortest=====>[PATH] [192.168.0.1 <----> 192.168.0.2]: [1, 2]
network_shorest_path: Exception occurred during handler processing. Backtrace from offending handler [_packet_in_handler] servicing event [EventOFPPacketIn] follows.
Traceback (most recent call last):
  File "/usr/local/lib/python3.6/dist-packages/ryu/base/app_manager.py", line 290, in _event_loop
    handler(ev)
  File "/home/terry/LJQ/Task/ryu/network_shortest_path.py", line 103, in _packet_in_handler
    self.calculate_shortest_paths(msg, eth_type, ipv4_pkt.src, ipv4_pkt.dst)
  File "/home/terry/LJQ/Task/ryu/network_shortest_path.py", line 119, in calculate_shortest_paths
    path = self.calculate_path(src_switch, dst_switch)
  File "/home/terry/LJQ/Task/ryu/network_shortest_path.py", line 163, in calculate_path
    self.network_structure.calculate_shortest_paths(src_dpid, dst_dpid, self.network_structure.calculate_weight)
  File "/home/terry/LJQ/Task/ryu/network_structure.py", line 235, in calculate_shortest_paths
    weight=weight, method=setting.METHOD)
  File "/home/terry/.local/lib/python3.6/site-packages/networkx/algorithms/shortest_paths/generic.py", line 162, in shortest_path
    paths = nx.dijkstra_path(G, source, target, weight)
  File "/home/terry/.local/lib/python3.6/site-packages/networkx/algorithms/shortest_paths/weighted.py", line 157, in dijkstra_path
    (length, path) = single_source_dijkstra(G, source, target=target, weight=weight)
  File "/home/terry/.local/lib/python3.6/site-packages/networkx/algorithms/shortest_paths/weighted.py", line 465, in single_source_dijkstra
    G, {source}, cutoff=cutoff, target=target, weight=weight
  File "/home/terry/.local/lib/python3.6/site-packages/networkx/algorithms/shortest_paths/weighted.py", line 723, in multi_source_dijkstra
    G, sources, weight, paths=paths, cutoff=cutoff, target=target
  File "/home/terry/.local/lib/python3.6/site-packages/networkx/algorithms/shortest_paths/weighted.py", line 831, in _dijkstra_multisource
    raise ValueError("Contradictory paths found:", "negative weights?")
ValueError: ('Contradictory paths found:', 'negative weights?')
==================================== link detector ====================================

----------------------------
src    dst :    delay
1 <---> 2 : 2.5222301483154297
1 <---> 3 : 3.4546852111816406
2 <---> 3 : 3.0584335327148438
2 <---> 1 : 3.5314559936523438
3 <---> 1 : 3.481626510620117
3 <---> 2 : 3.4568309783935547
discovery--->==================================== discovery ====================================
discovery---> cls: [(1, 2), (1, 3), (2, 3)]
discovery--->=============================================================================
datapath         port     rx-pkts  rx-bytes rx-error tx-pkts  tx-bytes tx-error
---------------- -------- -------- -------- -------- -------- -------- --------
0000000000000002        1        3      182        0       14     1094        0
0000000000000002        2       35     3985        0       37     4105        0
0000000000000002        3       36     4007        0       34     3887        0
datapath         in-port  eth-dst           out-port packets  bytes
---------------- -------- ----------------- -------- -------- --------
0000000000000002        1       192.168.0.1        2        1       98
0000000000000002        2       192.168.0.2        1        1       98
datapath         port     rx-pkts  rx-bytes rx-error tx-pkts  tx-bytes tx-error
---------------- -------- -------- -------- -------- -------- -------- --------
0000000000000001        1        4      280        0       20     1490        0
0000000000000001        2       37     4105        0       35     3985        0
0000000000000001        3       35     3947        0       34     3887        0
datapath         in-port  eth-dst           out-port packets  bytes
---------------- -------- ----------------- -------- -------- --------
0000000000000001        1       192.168.0.2        2        0        0
0000000000000001        2       192.168.0.1        1        1       98
datapath         port     rx-pkts  rx-bytes rx-error tx-pkts  tx-bytes tx-error
---------------- -------- -------- -------- -------- -------- -------- --------
0000000000000003        1        2       84        0       14     1038        0
0000000000000003        2       34     3887        0       35     3947        0
0000000000000003        3       34     3887        0       36     4007        0
datapath         in-port  eth-dst           out-port packets  bytes
---------------- -------- ----------------- -------- -------- --------
==================================== link detector ====================================

----------------------------
src    dst :    delay
1 <---> 2 : 3.1828880310058594
1 <---> 3 : 3.215312957763672
2 <---> 3 : 2.705097198486328
2 <---> 1 : 2.9036998748779297
3 <---> 1 : 2.9783248901367188
3 <---> 2 : 3.1447410583496094
discovery--->==================================== discovery ====================================
discovery---> cls: [(1, 2), (1, 3), (2, 3)]
discovery--->=============================================================================
datapath         port     rx-pkts  rx-bytes rx-error tx-pkts  tx-bytes tx-error
---------------- -------- -------- -------- -------- -------- -------- --------
0000000000000002        1        4      224        0       21     1640        0
0000000000000002        2       42     4415        0       42     4405        0
0000000000000002        3       41     4307        0       40     4247        0
datapath         in-port  eth-dst           out-port packets  bytes
---------------- -------- ----------------- -------- -------- --------
0000000000000002        1       192.168.0.1        2        1       98
0000000000000002        2       192.168.0.2        1        1       98
datapath         port     rx-pkts  rx-bytes rx-error tx-pkts  tx-bytes tx-error
---------------- -------- -------- -------- -------- -------- -------- --------
0000000000000001        1        4      280        0       26     1958        0
0000000000000001        2       42     4405        0       42     4415        0
0000000000000001        3       41     4307        0       40     4247        0
datapath         in-port  eth-dst           out-port packets  bytes
---------------- -------- ----------------- -------- -------- --------
0000000000000001        1       192.168.0.2        2        0        0
0000000000000001        2       192.168.0.1        1        1       98
datapath         port     rx-pkts  rx-bytes rx-error tx-pkts  tx-bytes tx-error
---------------- -------- -------- -------- -------- -------- -------- --------
0000000000000003        1        2       84        0       20     1506        0
0000000000000003        2       40     4247        0       41     4307        0
0000000000000003        3       40     4247        0       41     4307        0
datapath         in-port  eth-dst           out-port packets  bytes
---------------- -------- ----------------- -------- -------- --------
==================================== link detector ====================================

----------------------------
src    dst :    delay
1 <---> 2 : 3.5164356231689453
1 <---> 3 : 3.4127235412597656
2 <---> 3 : 3.0765533447265625
2 <---> 1 : 2.431631088256836
3 <---> 1 : 2.9859542846679688
3 <---> 2 : 4.056453704833984
==================================== link detector ====================================

----------------------------
src    dst :    delay
1 <---> 2 : 3.102540969848633
1 <---> 3 : 3.2036304473876953
2 <---> 3 : 3.2052993774414062
2 <---> 1 : 2.9523372650146484
3 <---> 1 : 4.488229751586914
3 <---> 2 : 4.52423095703125
datapath         port     rx-pkts  rx-bytes rx-error tx-pkts  tx-bytes tx-error
---------------- -------- -------- -------- -------- -------- -------- --------
0000000000000002        1        4      224        0       26     2030        0
0000000000000002        2       48     4918        0       50     5038        0
0000000000000002        3       49     4940        0       47     4820        0
datapath         in-port  eth-dst           out-port packets  bytes
---------------- -------- ----------------- -------- -------- --------
0000000000000002        1       192.168.0.1        2        1       98
0000000000000002        2       192.168.0.2        1        1       98
discovery--->==================================== discovery ====================================
discovery---> cls: [(1, 2), (1, 3), (2, 3)]
discovery--->=============================================================================
datapath         port     rx-pkts  rx-bytes rx-error tx-pkts  tx-bytes tx-error
---------------- -------- -------- -------- -------- -------- -------- --------
0000000000000001        1        4      280        0       31     2348        0
0000000000000001        2       50     5038        0       48     4918        0
0000000000000001        3       48     4880        0       47     4820        0
datapath         in-port  eth-dst           out-port packets  bytes
---------------- -------- ----------------- -------- -------- --------
0000000000000001        1       192.168.0.2        2        0        0
0000000000000001        2       192.168.0.1        1        1       98
datapath         port     rx-pkts  rx-bytes rx-error tx-pkts  tx-bytes tx-error
---------------- -------- -------- -------- -------- -------- -------- --------
0000000000000003        1        2       84        0       25     1896        0
0000000000000003        2       47     4820        0       48     4880        0
0000000000000003        3       47     4820        0       49     4940        0
datapath         in-port  eth-dst           out-port packets  bytes
---------------- -------- ----------------- -------- -------- --------
