loading app network_structure.py
Matplotlib created a temporary config/cache directory at /tmp/matplotlib-hd7z_4n0 because the default path (/home/terry/.config/matplotlib) is not a writable directory; it is highly recommended to set the MPLCONFIGDIR environment variable to a writable directory, in particular to speed up the import of Matplotlib and to better support multiprocessing.
Generating new fontManager, this may take some time...
Failed to extract font properties from /usr/share/fonts/truetype/noto/NotoColorEmoji.ttf: In FT2Font: Can not load face.  Unknown file format.
loading app network_monitor.py
loading app network_delay.py
loading app network_shortest_path.py
loading app arp_handler.py
loading app ryu.controller.ofp_handler
instantiating app None of Switches
creating context switches
instantiating app network_structure.py of NetworkStructure
instantiating app network_monitor.py of NetworkMonitor
instantiating app network_delay.py of NetworkDelay
instantiating app network_shortest_path.py of NetworkShortestPath
instantiating app arp_handler.py of ArpHandler
instantiating app ryu.controller.ofp_handler of OFPHandler
discovery---> AccessPoint: 1 connected
discovery---> AccessPoint: 2 connected
discovery---> AccessPoint: 3 connected
monitor---->register datapath: 1000000000000001
monitor---->register datapath: 1000000000000003
monitor---->register datapath: 1000000000000002
---> OFPPortStatus received: reason=MODIFY desc=OFPPort(port_no=2,hw_addr='4e:5f:8b:b6:f1:4b',name=b'ap1-eth2',config=0,state=4,curr=2112,advertised=0,supported=0,peer=0,curr_speed=10000000,max_speed=0)
---> OFPPortStatus received: reason=MODIFY desc=OFPPort(port_no=3,hw_addr='92:23:85:00:aa:8d',name=b'ap3-eth3',config=0,state=4,curr=2112,advertised=0,supported=0,peer=0,curr_speed=10000000,max_speed=0)
---> OFPPortStatus received: reason=MODIFY desc=OFPPort(port_no=3,hw_addr='d2:38:8c:b5:af:e7',name=b'ap2-eth3',config=0,state=4,curr=2112,advertised=0,supported=0,peer=0,curr_speed=10000000,max_speed=0)
---> OFPPortStatus received: reason=MODIFY desc=OFPPort(port_no=3,hw_addr='02:23:cf:95:c7:a2',name=b'ap1-eth3',config=0,state=4,curr=2112,advertised=0,supported=0,peer=0,curr_speed=10000000,max_speed=0)
---> OFPPortStatus received: reason=MODIFY desc=OFPPort(port_no=2,hw_addr='e2:b7:dc:6f:e5:3e',name=b'ap3-eth2',config=0,state=4,curr=2112,advertised=0,supported=0,peer=0,curr_speed=10000000,max_speed=0)
---> OFPPortStatus received: reason=MODIFY desc=OFPPort(port_no=2,hw_addr='0e:8f:95:fb:3a:b9',name=b'ap2-eth2',config=0,state=4,curr=2112,advertised=0,supported=0,peer=0,curr_speed=10000000,max_speed=0)
==================================== link detector ====================================

----------------------------
src    dst :    delay
2 <---> 3 : 6.757259368896484
2 <---> 1 : 10.174989700317383
1 <---> 3 : 6.852865219116211
1 <---> 2 : 9.3994140625
3 <---> 1 : 10.804414749145508
3 <---> 2 : 7.376670837402344
discovery--->==================================== discovery ====================================
discovery---> cls: [(2, 3), (2, 1), (3, 1)]
discovery--->=============================================================================
hub: uncaught exception: Traceback (most recent call last):
  File "/usr/local/lib/python3.6/dist-packages/ryu/lib/hub.py", line 60, in _launch
    return func(*args, **kwargs)
  File "/home/terry/LJQ/Task/ryu/network_monitor.py", line 61, in scheduler
    self.create_loss_graph()
  File "/home/terry/LJQ/Task/ryu/network_monitor.py", line 386, in create_loss_graph
    self.update_graph_loss()
  File "/home/terry/LJQ/Task/ryu/network_monitor.py", line 371, in update_graph_loss
    if link in self.port_loss.keys() and link[::-1] in self.port_loss.keys():
AttributeError: 'NetworkMonitor' object has no attribute 'port_loss'

datapath         port     rx-pkts  rx-bytes rx-error tx-pkts  tx-bytes tx-error
---------------- -------- -------- -------- -------- -------- -------- --------
0000000000000001        1        0        0        0        5      390        0
0000000000000001        2       22     2751        0       24     3027        0
0000000000000001        3       21     2691        0       23     2811        0
datapath         in-port  eth-dst           out-port packets  bytes
---------------- -------- ----------------- -------- -------- --------
datapath         port     rx-pkts  rx-bytes rx-error tx-pkts  tx-bytes tx-error
---------------- -------- -------- -------- -------- -------- -------- --------
0000000000000003        1        0        0        0        5      390        0
0000000000000003        2       24     3027        0       22     2751        0
0000000000000003        3       24     3027        0       24     2881        0
datapath         in-port  eth-dst           out-port packets  bytes
---------------- -------- ----------------- -------- -------- --------
datapath         port     rx-pkts  rx-bytes rx-error tx-pkts  tx-bytes tx-error
---------------- -------- -------- -------- -------- -------- -------- --------
0000000000000002        1        0        0        0        5      390        0
0000000000000002        2       23     2811        0       21     2691        0
0000000000000002        3       24     2881        0       24     3027        0
datapath         in-port  eth-dst           out-port packets  bytes
---------------- -------- ----------------- -------- -------- --------
==================================== link detector ====================================

----------------------------
src    dst :    delay
2 <---> 3 : 6.697416305541992
2 <---> 1 : 9.310245513916016
1 <---> 3 : 6.86955451965332
1 <---> 2 : 9.192705154418945
3 <---> 1 : 7.784366607666016
3 <---> 2 : 8.166790008544922
==================================== link detector ====================================

----------------------------
src    dst :    delay
2 <---> 3 : 7.0972442626953125
2 <---> 1 : 9.479999542236328
1 <---> 3 : 7.856130599975586
1 <---> 2 : 10.053634643554688
3 <---> 1 : 7.493495941162109
3 <---> 2 : 7.147073745727539
discovery--->==================================== discovery ====================================
discovery---> cls: [(2, 3), (2, 1), (3, 1)]
discovery--->=============================================================================
==================================== link detector ====================================

----------------------------
src    dst :    delay
2 <---> 3 : 8.148431777954102
2 <---> 1 : 10.228633880615234
1 <---> 3 : 8.113384246826172
1 <---> 2 : 8.910894393920898
3 <---> 1 : 7.953882217407227
3 <---> 2 : 8.19087028503418
discovery--->==================================== discovery ====================================
discovery---> cls: [(2, 3), (2, 1), (3, 1)]
discovery--->=============================================================================
==================================== link detector ====================================

----------------------------
src    dst :    delay
2 <---> 3 : 7.541179656982422
2 <---> 1 : 9.390115737915039
1 <---> 3 : 7.42340087890625
1 <---> 2 : 8.545160293579102
3 <---> 1 : 6.804704666137695
3 <---> 2 : 6.943702697753906
==================================== link detector ====================================

----------------------------
src    dst :    delay
2 <---> 3 : 6.9751739501953125
2 <---> 1 : 8.295297622680664
1 <---> 3 : 8.425712585449219
1 <---> 2 : 10.050058364868164
3 <---> 1 : 7.295846939086914
3 <---> 2 : 8.452892303466797
discovery--->==================================== discovery ====================================
discovery---> cls: [(2, 3), (2, 1), (3, 1)]
discovery--->=============================================================================
==================================== link detector ====================================

----------------------------
src    dst :    delay
2 <---> 3 : 6.313800811767578
2 <---> 1 : 10.147333145141602
1 <---> 3 : 6.287574768066406
1 <---> 2 : 9.089469909667969
3 <---> 1 : 6.786346435546875
3 <---> 2 : 6.541252136230469
network_shorest_path: Exception occurred during handler processing. Backtrace from offending handler [_packet_in_handler] servicing event [EventOFPPacketIn] follows.
Traceback (most recent call last):
  File "/usr/local/lib/python3.6/dist-packages/ryu/base/app_manager.py", line 290, in _event_loop
    handler(ev)
  File "/home/terry/LJQ/Task/ryu/network_shortest_path.py", line 103, in _packet_in_handler
    self.calculate_shortest_paths(msg, eth_type, ipv4_pkt.src, ipv4_pkt.dst)
  File "/home/terry/LJQ/Task/ryu/network_shortest_path.py", line 119, in calculate_shortest_paths
    path = self.calculate_path(src_switch, dst_switch)
  File "/home/terry/LJQ/Task/ryu/network_shortest_path.py", line 163, in calculate_path
    self.network_structure.calculate_shortest_paths(src_dpid, dst_dpid, self.network_structure.calculate_weight)
  File "/home/terry/LJQ/Task/ryu/network_structure.py", line 235, in calculate_shortest_paths
    weight=weight, method=setting.METHOD)
  File "/home/terry/.local/lib/python3.6/site-packages/networkx/algorithms/shortest_paths/generic.py", line 162, in shortest_path
    paths = nx.dijkstra_path(G, source, target, weight)
  File "/home/terry/.local/lib/python3.6/site-packages/networkx/algorithms/shortest_paths/weighted.py", line 157, in dijkstra_path
    (length, path) = single_source_dijkstra(G, source, target=target, weight=weight)
  File "/home/terry/.local/lib/python3.6/site-packages/networkx/algorithms/shortest_paths/weighted.py", line 465, in single_source_dijkstra
    G, {source}, cutoff=cutoff, target=target, weight=weight
  File "/home/terry/.local/lib/python3.6/site-packages/networkx/algorithms/shortest_paths/weighted.py", line 723, in multi_source_dijkstra
    G, sources, weight, paths=paths, cutoff=cutoff, target=target
  File "/home/terry/.local/lib/python3.6/site-packages/networkx/algorithms/shortest_paths/weighted.py", line 831, in _dijkstra_multisource
    raise ValueError("Contradictory paths found:", "negative weights?")
ValueError: ('Contradictory paths found:', 'negative weights?')
discovery--->==================================== discovery ====================================
discovery---> cls: [(2, 3), (2, 1), (3, 1)]
discovery--->=============================================================================
==================================== link detector ====================================

----------------------------
src    dst :    delay
2 <---> 3 : 7.139682769775391
2 <---> 1 : 10.207653045654297
1 <---> 3 : 8.099555969238281
1 <---> 2 : 8.462667465209961
3 <---> 1 : 8.34035873413086
3 <---> 2 : 6.841897964477539
==================================== link detector ====================================

----------------------------
src    dst :    delay
2 <---> 3 : 8.268117904663086
2 <---> 1 : 9.57345962524414
1 <---> 3 : 8.481979370117188
1 <---> 2 : 9.212017059326172
3 <---> 1 : 6.403923034667969
3 <---> 2 : 8.142471313476562
discovery--->==================================== discovery ====================================
discovery---> cls: [(2, 3), (2, 1), (3, 1)]
discovery--->=============================================================================
==================================== link detector ====================================

----------------------------
src    dst :    delay
2 <---> 3 : 6.424427032470703
2 <---> 1 : 10.022640228271484
1 <---> 3 : 7.754325866699219
1 <---> 2 : 8.74185562133789
3 <---> 1 : 7.9784393310546875
3 <---> 2 : 8.346796035766602
shortest=====>[PATH] [192.168.0.1 <----> 192.168.0.3]: [1, 2]
shortest=====>[PATH] [192.168.0.2 <----> 192.168.0.1]: [3, 1]
network_shorest_path: Exception occurred during handler processing. Backtrace from offending handler [_packet_in_handler] servicing event [EventOFPPacketIn] follows.
Traceback (most recent call last):
  File "/usr/local/lib/python3.6/dist-packages/ryu/base/app_manager.py", line 290, in _event_loop
    handler(ev)
  File "/home/terry/LJQ/Task/ryu/network_shortest_path.py", line 103, in _packet_in_handler
    self.calculate_shortest_paths(msg, eth_type, ipv4_pkt.src, ipv4_pkt.dst)
  File "/home/terry/LJQ/Task/ryu/network_shortest_path.py", line 119, in calculate_shortest_paths
    path = self.calculate_path(src_switch, dst_switch)
  File "/home/terry/LJQ/Task/ryu/network_shortest_path.py", line 163, in calculate_path
    self.network_structure.calculate_shortest_paths(src_dpid, dst_dpid, self.network_structure.calculate_weight)
  File "/home/terry/LJQ/Task/ryu/network_structure.py", line 235, in calculate_shortest_paths
    weight=weight, method=setting.METHOD)
  File "/home/terry/.local/lib/python3.6/site-packages/networkx/algorithms/shortest_paths/generic.py", line 162, in shortest_path
    paths = nx.dijkstra_path(G, source, target, weight)
  File "/home/terry/.local/lib/python3.6/site-packages/networkx/algorithms/shortest_paths/weighted.py", line 157, in dijkstra_path
    (length, path) = single_source_dijkstra(G, source, target=target, weight=weight)
  File "/home/terry/.local/lib/python3.6/site-packages/networkx/algorithms/shortest_paths/weighted.py", line 465, in single_source_dijkstra
    G, {source}, cutoff=cutoff, target=target, weight=weight
  File "/home/terry/.local/lib/python3.6/site-packages/networkx/algorithms/shortest_paths/weighted.py", line 723, in multi_source_dijkstra
    G, sources, weight, paths=paths, cutoff=cutoff, target=target
  File "/home/terry/.local/lib/python3.6/site-packages/networkx/algorithms/shortest_paths/weighted.py", line 831, in _dijkstra_multisource
    raise ValueError("Contradictory paths found:", "negative weights?")
ValueError: ('Contradictory paths found:', 'negative weights?')
==================================== link detector ====================================

----------------------------
src    dst :    delay
2 <---> 3 : 7.434368133544922
2 <---> 1 : 8.496761322021484
1 <---> 3 : 6.487131118774414
1 <---> 2 : 8.73708724975586
3 <---> 1 : 8.22305679321289
3 <---> 2 : 8.120536804199219
discovery--->==================================== discovery ====================================
discovery---> cls: [(2, 3), (2, 1), (3, 1)]
discovery--->=============================================================================
==================================== link detector ====================================

----------------------------
src    dst :    delay
2 <---> 3 : 8.09788703918457
2 <---> 1 : 9.022235870361328
1 <---> 3 : 6.5670013427734375
1 <---> 2 : 8.850812911987305
3 <---> 1 : 7.533550262451172
3 <---> 2 : 8.239984512329102
discovery--->==================================== discovery ====================================
discovery---> cls: [(2, 3), (2, 1), (3, 1)]
discovery--->=============================================================================
==================================== link detector ====================================

----------------------------
src    dst :    delay
2 <---> 3 : 7.990598678588867
2 <---> 1 : 8.998394012451172
1 <---> 3 : 7.467746734619141
1 <---> 2 : 8.687496185302734
3 <---> 1 : 7.169246673583984
3 <---> 2 : 6.900310516357422
network_shorest_path: Exception occurred during handler processing. Backtrace from offending handler [_packet_in_handler] servicing event [EventOFPPacketIn] follows.
Traceback (most recent call last):
  File "/usr/local/lib/python3.6/dist-packages/ryu/base/app_manager.py", line 290, in _event_loop
    handler(ev)
  File "/home/terry/LJQ/Task/ryu/network_shortest_path.py", line 103, in _packet_in_handler
    self.calculate_shortest_paths(msg, eth_type, ipv4_pkt.src, ipv4_pkt.dst)
  File "/home/terry/LJQ/Task/ryu/network_shortest_path.py", line 119, in calculate_shortest_paths
    path = self.calculate_path(src_switch, dst_switch)
  File "/home/terry/LJQ/Task/ryu/network_shortest_path.py", line 163, in calculate_path
    self.network_structure.calculate_shortest_paths(src_dpid, dst_dpid, self.network_structure.calculate_weight)
  File "/home/terry/LJQ/Task/ryu/network_structure.py", line 235, in calculate_shortest_paths
    weight=weight, method=setting.METHOD)
  File "/home/terry/.local/lib/python3.6/site-packages/networkx/algorithms/shortest_paths/generic.py", line 162, in shortest_path
    paths = nx.dijkstra_path(G, source, target, weight)
  File "/home/terry/.local/lib/python3.6/site-packages/networkx/algorithms/shortest_paths/weighted.py", line 157, in dijkstra_path
    (length, path) = single_source_dijkstra(G, source, target=target, weight=weight)
  File "/home/terry/.local/lib/python3.6/site-packages/networkx/algorithms/shortest_paths/weighted.py", line 465, in single_source_dijkstra
    G, {source}, cutoff=cutoff, target=target, weight=weight
  File "/home/terry/.local/lib/python3.6/site-packages/networkx/algorithms/shortest_paths/weighted.py", line 723, in multi_source_dijkstra
    G, sources, weight, paths=paths, cutoff=cutoff, target=target
  File "/home/terry/.local/lib/python3.6/site-packages/networkx/algorithms/shortest_paths/weighted.py", line 831, in _dijkstra_multisource
    raise ValueError("Contradictory paths found:", "negative weights?")
ValueError: ('Contradictory paths found:', 'negative weights?')
==================================== link detector ====================================

----------------------------
src    dst :    delay
2 <---> 3 : 7.467985153198242
2 <---> 1 : 9.878396987915039
1 <---> 3 : 7.9212188720703125
1 <---> 2 : 9.521245956420898
3 <---> 1 : 7.940769195556641
3 <---> 2 : 7.002353668212891
discovery--->==================================== discovery ====================================
discovery---> cls: [(2, 3), (2, 1), (3, 1)]
discovery--->=============================================================================
==================================== link detector ====================================

----------------------------
src    dst :    delay
2 <---> 3 : 8.244514465332031
2 <---> 1 : 9.013652801513672
1 <---> 3 : 6.447553634643555
1 <---> 2 : 9.088993072509766
3 <---> 1 : 8.154630661010742
3 <---> 2 : 6.717920303344727
discovery--->==================================== discovery ====================================
discovery---> cls: [(2, 3), (2, 1), (3, 1)]
discovery--->=============================================================================
==================================== link detector ====================================

----------------------------
src    dst :    delay
2 <---> 3 : 7.044076919555664
2 <---> 1 : 8.946418762207031
1 <---> 3 : 6.092548370361328
1 <---> 2 : 10.114431381225586
3 <---> 1 : 6.867647171020508
3 <---> 2 : 7.606983184814453
==================================== link detector ====================================

----------------------------
src    dst :    delay
2 <---> 3 : 6.398439407348633
2 <---> 1 : 9.043216705322266
1 <---> 3 : 7.344245910644531
1 <---> 2 : 9.044170379638672
3 <---> 1 : 8.031129837036133
3 <---> 2 : 8.263587951660156
discovery--->==================================== discovery ====================================
discovery---> cls: [(2, 3), (2, 1), (3, 1)]
discovery--->=============================================================================
==================================== link detector ====================================

----------------------------
src    dst :    delay
2 <---> 3 : 8.296728134155273
2 <---> 1 : 8.685588836669922
1 <---> 3 : 8.158206939697266
1 <---> 2 : 8.518457412719727
3 <---> 1 : 6.65736198425293
3 <---> 2 : 8.534669876098633
==================================== link detector ====================================

----------------------------
src    dst :    delay
2 <---> 3 : 6.8874359130859375
2 <---> 1 : 8.522748947143555
1 <---> 3 : 7.771015167236328
1 <---> 2 : 8.726358413696289
3 <---> 1 : 8.190155029296875
3 <---> 2 : 8.273124694824219
discovery--->==================================== discovery ====================================
discovery---> cls: [(2, 3), (2, 1), (3, 1)]
discovery--->=============================================================================
==================================== link detector ====================================

----------------------------
src    dst :    delay
2 <---> 3 : 6.721735000610352
2 <---> 1 : 8.715152740478516
1 <---> 3 : 6.688833236694336
1 <---> 2 : 10.27226448059082
3 <---> 1 : 6.42848014831543
3 <---> 2 : 7.119894027709961
discovery--->==================================== discovery ====================================
discovery---> cls: [(2, 3), (2, 1), (3, 1)]
discovery--->=============================================================================
==================================== link detector ====================================

----------------------------
src    dst :    delay
2 <---> 3 : 8.20159912109375
2 <---> 1 : 9.130239486694336
1 <---> 3 : 7.203340530395508
1 <---> 2 : 9.886026382446289
3 <---> 1 : 7.369756698608398
3 <---> 2 : 7.300138473510742
==================================== link detector ====================================

----------------------------
src    dst :    delay
2 <---> 3 : 8.367061614990234
2 <---> 1 : 10.251045227050781
1 <---> 3 : 8.045434951782227
1 <---> 2 : 9.227275848388672
3 <---> 1 : 8.182764053344727
3 <---> 2 : 6.239175796508789
discovery--->==================================== discovery ====================================
discovery---> cls: [(2, 3), (2, 1), (3, 1)]
discovery--->=============================================================================
==================================== link detector ====================================

----------------------------
src    dst :    delay
2 <---> 3 : 8.279085159301758
2 <---> 1 : 8.889913558959961
1 <---> 3 : 7.163286209106445
1 <---> 2 : 9.788274765014648
3 <---> 1 : 7.554292678833008
3 <---> 2 : 7.535696029663086
discovery--->==================================== discovery ====================================
discovery---> cls: [(2, 3), (2, 1), (3, 1)]
discovery--->=============================================================================
==================================== link detector ====================================

----------------------------
src    dst :    delay
2 <---> 3 : 8.126020431518555
2 <---> 1 : 9.196281433105469
1 <---> 3 : 8.048534393310547
1 <---> 2 : 8.757352828979492
3 <---> 1 : 8.246421813964844
3 <---> 2 : 7.311820983886719
==================================== link detector ====================================

----------------------------
src    dst :    delay
2 <---> 3 : 7.171869277954102
2 <---> 1 : 10.145187377929688
1 <---> 3 : 7.289886474609375
1 <---> 2 : 9.027242660522461
3 <---> 1 : 7.552623748779297
3 <---> 2 : 7.177829742431641
discovery--->==================================== discovery ====================================
discovery---> cls: [(2, 3), (2, 1), (3, 1)]
discovery--->=============================================================================
==================================== link detector ====================================

----------------------------
src    dst :    delay
2 <---> 3 : 7.568597793579102
2 <---> 1 : 9.354829788208008
1 <---> 3 : 6.7844390869140625
1 <---> 2 : 9.173393249511719
3 <---> 1 : 8.083820343017578
3 <---> 2 : 7.431983947753906
discovery--->==================================== discovery ====================================
discovery---> cls: [(2, 3), (2, 1), (3, 1)]
discovery--->=============================================================================
==================================== link detector ====================================

----------------------------
src    dst :    delay
2 <---> 3 : 7.552146911621094
2 <---> 1 : 9.256362915039062
1 <---> 3 : 7.078647613525391
1 <---> 2 : 10.468244552612305
3 <---> 1 : 7.156133651733398
3 <---> 2 : 6.628990173339844
==================================== link detector ====================================

----------------------------
src    dst :    delay
2 <---> 3 : 7.108926773071289
2 <---> 1 : 8.280515670776367
1 <---> 3 : 7.870674133300781
1 <---> 2 : 10.188579559326172
3 <---> 1 : 8.16202163696289
3 <---> 2 : 8.262395858764648
discovery--->==================================== discovery ====================================
discovery---> cls: [(2, 3), (2, 1), (3, 1)]
discovery--->=============================================================================
==================================== link detector ====================================

----------------------------
src    dst :    delay
2 <---> 3 : 7.372617721557617
2 <---> 1 : 9.276390075683594
1 <---> 3 : 6.354331970214844
1 <---> 2 : 10.369539260864258
3 <---> 1 : 8.373498916625977
3 <---> 2 : 6.416559219360352
==================================== link detector ====================================

----------------------------
src    dst :    delay
2 <---> 3 : 8.248567581176758
2 <---> 1 : 10.368108749389648
1 <---> 3 : 8.390426635742188
1 <---> 2 : 9.165287017822266
3 <---> 1 : 6.7501068115234375
3 <---> 2 : 7.096052169799805
discovery--->==================================== discovery ====================================
discovery---> cls: [(2, 3), (2, 1), (3, 1)]
discovery--->=============================================================================
==================================== link detector ====================================

----------------------------
src    dst :    delay
2 <---> 3 : 8.244991302490234
2 <---> 1 : 8.952617645263672
1 <---> 3 : 8.080244064331055
1 <---> 2 : 10.019063949584961
3 <---> 1 : 7.0781707763671875
3 <---> 2 : 6.777524948120117
discovery--->==================================== discovery ====================================
discovery---> cls: [(2, 3), (2, 1), (3, 1)]
discovery--->=============================================================================
==================================== link detector ====================================

----------------------------
src    dst :    delay
2 <---> 3 : 7.403135299682617
2 <---> 1 : 10.144233703613281
1 <---> 3 : 7.864952087402344
1 <---> 2 : 9.97304916381836
3 <---> 1 : 6.840705871582031
3 <---> 2 : 6.750345230102539
==================================== link detector ====================================

----------------------------
src    dst :    delay
2 <---> 3 : 8.104801177978516
2 <---> 1 : 10.03265380859375
1 <---> 3 : 8.030891418457031
1 <---> 2 : 10.169744491577148
3 <---> 1 : 7.0056915283203125
3 <---> 2 : 6.691694259643555
discovery--->==================================== discovery ====================================
discovery---> cls: [(2, 3), (2, 1), (3, 1)]
discovery--->=============================================================================
==================================== link detector ====================================

----------------------------
src    dst :    delay
2 <---> 3 : 8.222818374633789
2 <---> 1 : 10.084867477416992
1 <---> 3 : 8.167028427124023
1 <---> 2 : 9.15670394897461
3 <---> 1 : 8.248567581176758
3 <---> 2 : 6.881237030029297
discovery--->==================================== discovery ====================================
discovery---> cls: [(2, 3), (2, 1), (3, 1)]
discovery--->=============================================================================
==================================== link detector ====================================

----------------------------
src    dst :    delay
2 <---> 3 : 7.183313369750977
2 <---> 1 : 10.175466537475586
1 <---> 3 : 8.295059204101562
1 <---> 2 : 8.718729019165039
3 <---> 1 : 6.529092788696289
3 <---> 2 : 7.80487060546875
==================================== link detector ====================================

----------------------------
src    dst :    delay
2 <---> 3 : 8.089780807495117
2 <---> 1 : 9.50479507446289
1 <---> 3 : 7.103443145751953
1 <---> 2 : 10.272502899169922
3 <---> 1 : 7.420539855957031
3 <---> 2 : 7.648468017578125
discovery--->==================================== discovery ====================================
discovery---> cls: [(2, 3), (2, 1), (3, 1)]
discovery--->=============================================================================
==================================== link detector ====================================

----------------------------
src    dst :    delay
2 <---> 3 : 6.802797317504883
2 <---> 1 : 8.487224578857422
1 <---> 3 : 7.53474235534668
1 <---> 2 : 9.592056274414062
3 <---> 1 : 8.156776428222656
3 <---> 2 : 7.128238677978516
==================================== link detector ====================================

----------------------------
src    dst :    delay
2 <---> 3 : 6.859064102172852
2 <---> 1 : 8.398771286010742
1 <---> 3 : 7.355213165283203
1 <---> 2 : 8.392095565795898
3 <---> 1 : 7.24029541015625
3 <---> 2 : 6.566524505615234
discovery--->==================================== discovery ====================================
discovery---> cls: [(2, 3), (2, 1), (3, 1)]
discovery--->=============================================================================
==================================== link detector ====================================

----------------------------
src    dst :    delay
2 <---> 3 : 7.555961608886719
2 <---> 1 : 8.239984512329102
1 <---> 3 : 6.3648223876953125
1 <---> 2 : 10.226726531982422
3 <---> 1 : 7.245540618896484
3 <---> 2 : 6.917715072631836
discovery--->==================================== discovery ====================================
discovery---> cls: [(2, 3), (2, 1), (3, 1)]
discovery--->=============================================================================
==================================== link detector ====================================

----------------------------
src    dst :    delay
2 <---> 3 : 6.71839714050293
2 <---> 1 : 10.111570358276367
1 <---> 3 : 7.019996643066406
1 <---> 2 : 8.584976196289062
3 <---> 1 : 8.104324340820312
3 <---> 2 : 8.23521614074707
==================================== link detector ====================================

----------------------------
src    dst :    delay
2 <---> 3 : 8.144140243530273
2 <---> 1 : 8.301019668579102
1 <---> 3 : 8.089065551757812
1 <---> 2 : 8.528947830200195
3 <---> 1 : 7.7362060546875
3 <---> 2 : 8.45026969909668
discovery--->==================================== discovery ====================================
discovery---> cls: [(2, 3), (2, 1), (3, 1)]
discovery--->=============================================================================
==================================== link detector ====================================

----------------------------
src    dst :    delay
2 <---> 3 : 7.441043853759766
2 <---> 1 : 9.215116500854492
1 <---> 3 : 7.694482803344727
1 <---> 2 : 9.50479507446289
3 <---> 1 : 6.885766983032227
3 <---> 2 : 7.529258728027344
discovery--->==================================== discovery ====================================
discovery---> cls: [(2, 3), (2, 1), (3, 1)]
discovery--->=============================================================================
==================================== link detector ====================================

----------------------------
src    dst :    delay
2 <---> 3 : 6.479978561401367
2 <---> 1 : 9.16433334350586
1 <---> 3 : 8.373260498046875
1 <---> 2 : 10.13636589050293
3 <---> 1 : 8.087873458862305
3 <---> 2 : 6.735086441040039
==================================== link detector ====================================

----------------------------
src    dst :    delay
2 <---> 3 : 8.196115493774414
2 <---> 1 : 8.391380310058594
1 <---> 3 : 7.105350494384766
1 <---> 2 : 8.451223373413086
3 <---> 1 : 6.971836090087891
3 <---> 2 : 8.23974609375
discovery--->==================================== discovery ====================================
discovery---> cls: [(2, 3), (2, 1), (3, 1)]
discovery--->=============================================================================
==================================== link detector ====================================

----------------------------
src    dst :    delay
2 <---> 3 : 8.275270462036133
2 <---> 1 : 8.712530136108398
1 <---> 3 : 8.280277252197266
1 <---> 2 : 9.254693984985352
3 <---> 1 : 6.758928298950195
3 <---> 2 : 8.202075958251953
discovery--->==================================== discovery ====================================
discovery---> cls: [(2, 3), (2, 1), (3, 1)]
discovery--->=============================================================================
==================================== link detector ====================================

----------------------------
src    dst :    delay
2 <---> 3 : 7.226705551147461
2 <---> 1 : 9.95635986328125
1 <---> 3 : 7.026910781860352
1 <---> 2 : 8.836030960083008
3 <---> 1 : 7.095813751220703
3 <---> 2 : 7.7838897705078125
==================================== link detector ====================================

----------------------------
src    dst :    delay
2 <---> 3 : 7.782936096191406
2 <---> 1 : 10.23244857788086
1 <---> 3 : 7.119178771972656
1 <---> 2 : 9.044408798217773
3 <---> 1 : 8.048295974731445
3 <---> 2 : 7.840394973754883
discovery--->==================================== discovery ====================================
discovery---> cls: [(2, 3), (2, 1), (3, 1)]
discovery--->=============================================================================
==================================== link detector ====================================

----------------------------
src    dst :    delay
2 <---> 3 : 7.594585418701172
2 <---> 1 : 10.18524169921875
1 <---> 3 : 8.251190185546875
1 <---> 2 : 8.29315185546875
3 <---> 1 : 8.162498474121094
3 <---> 2 : 7.572174072265625
==================================== link detector ====================================

----------------------------
src    dst :    delay
2 <---> 3 : 6.753444671630859
2 <---> 1 : 9.597301483154297
1 <---> 3 : 7.173776626586914
1 <---> 2 : 10.076284408569336
3 <---> 1 : 6.767511367797852
3 <---> 2 : 8.083581924438477
discovery--->==================================== discovery ====================================
discovery---> cls: [(2, 3), (2, 1), (3, 1)]
discovery--->=============================================================================
==================================== link detector ====================================

----------------------------
src    dst :    delay
2 <---> 3 : 6.783723831176758
2 <---> 1 : 9.346246719360352
1 <---> 3 : 7.374763488769531
1 <---> 2 : 9.592294692993164
3 <---> 1 : 8.182287216186523
3 <---> 2 : 7.730722427368164
discovery--->==================================== discovery ====================================
discovery---> cls: [(2, 3), (2, 1), (3, 1)]
discovery--->=============================================================================
==================================== link detector ====================================

----------------------------
src    dst :    delay
2 <---> 3 : 8.241891860961914
2 <---> 1 : 8.828878402709961
1 <---> 3 : 6.755828857421875
1 <---> 2 : 8.707284927368164
3 <---> 1 : 8.506059646606445
3 <---> 2 : 8.217573165893555
==================================== link detector ====================================

----------------------------
src    dst :    delay
2 <---> 3 : 8.152484893798828
2 <---> 1 : 9.483575820922852
1 <---> 3 : 8.170604705810547
1 <---> 2 : 8.59379768371582
3 <---> 1 : 7.984399795532227
3 <---> 2 : 8.22305679321289
discovery--->==================================== discovery ====================================
discovery---> cls: [(2, 3), (2, 1), (3, 1)]
discovery--->=============================================================================
==================================== link detector ====================================

----------------------------
src    dst :    delay
2 <---> 3 : 6.788492202758789
2 <---> 1 : 10.18381118774414
1 <---> 3 : 8.092641830444336
1 <---> 2 : 8.792400360107422
3 <---> 1 : 8.058547973632812
3 <---> 2 : 8.075952529907227
discovery--->==================================== discovery ====================================
discovery---> cls: [(2, 3), (2, 1), (3, 1)]
discovery--->=============================================================================
==================================== link detector ====================================

----------------------------
src    dst :    delay
2 <---> 3 : 7.609844207763672
2 <---> 1 : 9.265422821044922
1 <---> 3 : 7.538795471191406
1 <---> 2 : 9.139776229858398
3 <---> 1 : 8.164644241333008
3 <---> 2 : 7.205009460449219
==================================== link detector ====================================

----------------------------
src    dst :    delay
2 <---> 3 : 8.21542739868164
2 <---> 1 : 10.172367095947266
1 <---> 3 : 8.184432983398438
1 <---> 2 : 10.10751724243164
3 <---> 1 : 7.4977874755859375
3 <---> 2 : 8.203268051147461
discovery--->==================================== discovery ====================================
discovery---> cls: [(2, 3), (2, 1), (3, 1)]
discovery--->=============================================================================
==================================== link detector ====================================

----------------------------
src    dst :    delay
2 <---> 3 : 7.204771041870117
2 <---> 1 : 9.072065353393555
1 <---> 3 : 6.880044937133789
1 <---> 2 : 8.970975875854492
3 <---> 1 : 7.719755172729492
3 <---> 2 : 8.21375846862793
==================================== link detector ====================================

----------------------------
src    dst :    delay
2 <---> 3 : 7.632255554199219
2 <---> 1 : 8.959293365478516
1 <---> 3 : 8.270025253295898
1 <---> 2 : 8.701324462890625
3 <---> 1 : 8.395671844482422
3 <---> 2 : 7.482767105102539
discovery--->==================================== discovery ====================================
discovery---> cls: [(2, 3), (2, 1), (3, 1)]
discovery--->=============================================================================
==================================== link detector ====================================

----------------------------
src    dst :    delay
2 <---> 3 : 8.331060409545898
2 <---> 1 : 8.326530456542969
1 <---> 3 : 7.005929946899414
1 <---> 2 : 10.17904281616211
3 <---> 1 : 6.397008895874023
3 <---> 2 : 8.110761642456055
discovery--->==================================== discovery ====================================
discovery---> cls: [(2, 3), (2, 1), (3, 1)]
discovery--->=============================================================================
==================================== link detector ====================================

----------------------------
src    dst :    delay
2 <---> 3 : 6.760597229003906
2 <---> 1 : 10.077953338623047
1 <---> 3 : 8.143424987792969
1 <---> 2 : 10.040044784545898
3 <---> 1 : 8.265256881713867
3 <---> 2 : 8.08262825012207
==================================== link detector ====================================

----------------------------
src    dst :    delay
2 <---> 3 : 8.097171783447266
2 <---> 1 : 8.732795715332031
1 <---> 3 : 8.114099502563477
1 <---> 2 : 10.083198547363281
3 <---> 1 : 7.002353668212891
3 <---> 2 : 8.218050003051758
discovery--->==================================== discovery ====================================
discovery---> cls: [(2, 3), (2, 1), (3, 1)]
discovery--->=============================================================================
==================================== link detector ====================================

----------------------------
src    dst :    delay
2 <---> 3 : 7.670164108276367
2 <---> 1 : 9.60397720336914
1 <---> 3 : 6.840944290161133
1 <---> 2 : 9.548187255859375
3 <---> 1 : 8.034706115722656
3 <---> 2 : 7.714748382568359
discovery--->==================================== discovery ====================================
discovery---> cls: [(2, 3), (2, 1), (3, 1)]
discovery--->=============================================================================
==================================== link detector ====================================

----------------------------
src    dst :    delay
2 <---> 3 : 7.189512252807617
2 <---> 1 : 9.043693542480469
1 <---> 3 : 6.200551986694336
1 <---> 2 : 8.337020874023438
3 <---> 1 : 7.596015930175781
3 <---> 2 : 6.520986557006836
==================================== link detector ====================================

----------------------------
src    dst :    delay
2 <---> 3 : 6.492376327514648
2 <---> 1 : 9.195089340209961
1 <---> 3 : 6.6013336181640625
1 <---> 2 : 9.186983108520508
3 <---> 1 : 8.110761642456055
3 <---> 2 : 8.12530517578125
discovery--->==================================== discovery ====================================
discovery---> cls: [(2, 3), (2, 1), (3, 1)]
discovery--->=============================================================================
==================================== link detector ====================================

----------------------------
src    dst :    delay
2 <---> 3 : 6.445646286010742
2 <---> 1 : 9.142637252807617
1 <---> 3 : 6.416559219360352
1 <---> 2 : 8.518457412719727
3 <---> 1 : 6.815910339355469
3 <---> 2 : 6.600856781005859
==================================== link detector ====================================

----------------------------
src    dst :    delay
2 <---> 3 : 6.531238555908203
2 <---> 1 : 8.239269256591797
1 <---> 3 : 7.118940353393555
1 <---> 2 : 8.914470672607422
3 <---> 1 : 6.736516952514648
3 <---> 2 : 6.726264953613281
discovery--->==================================== discovery ====================================
discovery---> cls: [(2, 3), (2, 1), (3, 1)]
discovery--->=============================================================================
==================================== link detector ====================================

----------------------------
src    dst :    delay
2 <---> 3 : 8.376598358154297
2 <---> 1 : 9.086370468139648
1 <---> 3 : 7.730245590209961
1 <---> 2 : 8.767127990722656
3 <---> 1 : 6.933450698852539
3 <---> 2 : 8.151531219482422
discovery--->==================================== discovery ====================================
discovery---> cls: [(2, 3), (2, 1), (3, 1)]
discovery--->=============================================================================
==================================== link detector ====================================

----------------------------
src    dst :    delay
2 <---> 3 : 8.12077522277832
2 <---> 1 : 9.898662567138672
1 <---> 3 : 7.493019104003906
1 <---> 2 : 10.154008865356445
3 <---> 1 : 7.61103630065918
3 <---> 2 : 6.768226623535156
==================================== link detector ====================================

----------------------------
src    dst :    delay
2 <---> 3 : 6.8759918212890625
2 <---> 1 : 8.659601211547852
1 <---> 3 : 6.615161895751953
1 <---> 2 : 8.806228637695312
3 <---> 1 : 6.392240524291992
3 <---> 2 : 8.191823959350586
discovery--->==================================== discovery ====================================
discovery---> cls: [(2, 3), (2, 1), (3, 1)]
discovery--->=============================================================================
==================================== link detector ====================================

----------------------------
src    dst :    delay
2 <---> 3 : 6.625890731811523
2 <---> 1 : 9.633302688598633
1 <---> 3 : 6.661415100097656
1 <---> 2 : 9.313106536865234
3 <---> 1 : 8.190631866455078
3 <---> 2 : 7.408857345581055
discovery--->==================================== discovery ====================================
discovery---> cls: [(2, 3), (2, 1), (3, 1)]
discovery--->=============================================================================
==================================== link detector ====================================

----------------------------
src    dst :    delay
2 <---> 3 : 7.375478744506836
2 <---> 1 : 8.93402099609375
1 <---> 3 : 6.254434585571289
1 <---> 2 : 9.582996368408203
3 <---> 1 : 8.038759231567383
3 <---> 2 : 8.287906646728516
==================================== link detector ====================================

----------------------------
src    dst :    delay
2 <---> 3 : 8.243560791015625
2 <---> 1 : 10.071516036987305
1 <---> 3 : 8.098363876342773
1 <---> 2 : 10.276317596435547
3 <---> 1 : 7.932901382446289
3 <---> 2 : 8.071660995483398
discovery--->==================================== discovery ====================================
discovery---> cls: [(2, 3), (2, 1), (3, 1)]
discovery--->=============================================================================
==================================== link detector ====================================

----------------------------
src    dst :    delay
2 <---> 3 : 8.337974548339844
2 <---> 1 : 9.318828582763672
1 <---> 3 : 7.787942886352539
1 <---> 2 : 10.209798812866211
3 <---> 1 : 7.784366607666016
3 <---> 2 : 6.653785705566406
discovery--->==================================== discovery ====================================
discovery---> cls: [(2, 3), (2, 1), (3, 1)]
discovery--->=============================================================================
==================================== link detector ====================================

----------------------------
src    dst :    delay
2 <---> 3 : 7.855653762817383
2 <---> 1 : 8.733749389648438
1 <---> 3 : 6.693363189697266
1 <---> 2 : 9.206533432006836
3 <---> 1 : 8.136510848999023
3 <---> 2 : 7.173776626586914
==================================== link detector ====================================

----------------------------
src    dst :    delay
2 <---> 3 : 8.124589920043945
2 <---> 1 : 8.825302124023438
1 <---> 3 : 7.538080215454102
1 <---> 2 : 8.749961853027344
3 <---> 1 : 6.477832794189453
3 <---> 2 : 6.746530532836914
discovery--->==================================== discovery ====================================
discovery---> cls: [(2, 3), (2, 1), (3, 1)]
discovery--->=============================================================================
==================================== link detector ====================================

----------------------------
src    dst :    delay
2 <---> 3 : 8.106231689453125
2 <---> 1 : 10.058879852294922
1 <---> 3 : 7.812976837158203
1 <---> 2 : 8.939504623413086
3 <---> 1 : 7.767438888549805
3 <---> 2 : 6.459951400756836
==================================== link detector ====================================

----------------------------
src    dst :    delay
2 <---> 3 : 6.491184234619141
2 <---> 1 : 8.984804153442383
1 <---> 3 : 7.118701934814453
1 <---> 2 : 9.159326553344727
3 <---> 1 : 6.720066070556641
3 <---> 2 : 8.118391036987305
discovery--->==================================== discovery ====================================
discovery---> cls: [(2, 3), (2, 1), (3, 1)]
discovery--->=============================================================================
==================================== link detector ====================================

----------------------------
src    dst :    delay
2 <---> 3 : 7.298707962036133
2 <---> 1 : 10.109663009643555
1 <---> 3 : 6.208658218383789
1 <---> 2 : 9.136676788330078
3 <---> 1 : 6.55364990234375
3 <---> 2 : 7.13801383972168
discovery--->==================================== discovery ====================================
discovery---> cls: [(2, 3), (2, 1), (3, 1)]
discovery--->=============================================================================
==================================== link detector ====================================

----------------------------
src    dst :    delay
2 <---> 3 : 7.520914077758789
2 <---> 1 : 9.236335754394531
1 <---> 3 : 6.762981414794922
1 <---> 2 : 9.521007537841797
3 <---> 1 : 8.315801620483398
3 <---> 2 : 6.863832473754883
==================================== link detector ====================================

----------------------------
src    dst :    delay
2 <---> 3 : 7.155418395996094
2 <---> 1 : 9.305953979492188
1 <---> 3 : 6.662607192993164
1 <---> 2 : 9.762763977050781
3 <---> 1 : 7.808208465576172
3 <---> 2 : 7.7800750732421875
discovery--->==================================== discovery ====================================
discovery---> cls: [(2, 3), (2, 1), (3, 1)]
discovery--->=============================================================================
==================================== link detector ====================================

----------------------------
src    dst :    delay
2 <---> 3 : 7.952451705932617
2 <---> 1 : 8.715629577636719
1 <---> 3 : 8.095502853393555
1 <---> 2 : 10.012149810791016
3 <---> 1 : 6.700992584228516
3 <---> 2 : 6.154060363769531
discovery--->==================================== discovery ====================================
discovery---> cls: [(2, 3), (2, 1), (3, 1)]
discovery--->=============================================================================
==================================== link detector ====================================

----------------------------
src    dst :    delay
2 <---> 3 : 7.461071014404297
2 <---> 1 : 8.758306503295898
1 <---> 3 : 6.697177886962891
1 <---> 2 : 10.12873649597168
3 <---> 1 : 6.834983825683594
3 <---> 2 : 8.103609085083008
==================================== link detector ====================================

----------------------------
src    dst :    delay
2 <---> 3 : 8.398294448852539
2 <---> 1 : 9.190082550048828
1 <---> 3 : 8.164167404174805
1 <---> 2 : 10.192632675170898
3 <---> 1 : 6.753206253051758
3 <---> 2 : 6.783008575439453
discovery--->==================================== discovery ====================================
discovery---> cls: [(2, 3), (2, 1), (3, 1)]
discovery--->=============================================================================
==================================== link detector ====================================

----------------------------
src    dst :    delay
2 <---> 3 : 6.762504577636719
2 <---> 1 : 9.554624557495117
1 <---> 3 : 6.763458251953125
1 <---> 2 : 8.77070426940918
3 <---> 1 : 6.630182266235352
3 <---> 2 : 8.098125457763672
==================================== link detector ====================================

----------------------------
src    dst :    delay
2 <---> 3 : 6.9561004638671875
2 <---> 1 : 9.621858596801758
1 <---> 3 : 7.959842681884766
1 <---> 2 : 8.623838424682617
3 <---> 1 : 7.189035415649414
3 <---> 2 : 8.178949356079102
discovery--->==================================== discovery ====================================
discovery---> cls: [(2, 3), (2, 1), (3, 1)]
discovery--->=============================================================================
==================================== link detector ====================================

----------------------------
src    dst :    delay
2 <---> 3 : 7.400989532470703
2 <---> 1 : 10.101556777954102
1 <---> 3 : 8.12840461730957
1 <---> 2 : 9.3841552734375
3 <---> 1 : 8.166074752807617
3 <---> 2 : 8.3465576171875
discovery--->==================================== discovery ====================================
discovery---> cls: [(2, 3), (2, 1), (3, 1)]
discovery--->=============================================================================
==================================== link detector ====================================

----------------------------
src    dst :    delay
2 <---> 3 : 7.12895393371582
2 <---> 1 : 10.404109954833984
1 <---> 3 : 6.183385848999023
1 <---> 2 : 9.232044219970703
3 <---> 1 : 8.190393447875977
3 <---> 2 : 7.363319396972656
==================================== link detector ====================================

----------------------------
src    dst :    delay
2 <---> 3 : 6.743192672729492
2 <---> 1 : 10.136842727661133
1 <---> 3 : 8.354425430297852
1 <---> 2 : 9.197711944580078
3 <---> 1 : 8.296489715576172
3 <---> 2 : 7.578372955322266
discovery--->==================================== discovery ====================================
discovery---> cls: [(2, 3), (2, 1), (3, 1)]
discovery--->=============================================================================
==================================== link detector ====================================

----------------------------
src    dst :    delay
2 <---> 3 : 6.73222541809082
2 <---> 1 : 9.825944900512695
1 <---> 3 : 8.17108154296875
1 <---> 2 : 8.83173942565918
3 <---> 1 : 8.220195770263672
3 <---> 2 : 8.191823959350586
discovery--->==================================== discovery ====================================
discovery---> cls: [(2, 3), (2, 1), (3, 1)]
discovery--->=============================================================================
==================================== link detector ====================================

----------------------------
src    dst :    delay
2 <---> 3 : 6.888151168823242
2 <---> 1 : 10.154485702514648
1 <---> 3 : 8.119344711303711
1 <---> 2 : 9.644269943237305
3 <---> 1 : 6.730318069458008
3 <---> 2 : 6.744384765625
==================================== link detector ====================================

----------------------------
src    dst :    delay
2 <---> 3 : 6.809473037719727
2 <---> 1 : 9.251594543457031
1 <---> 3 : 8.056879043579102
1 <---> 2 : 9.376287460327148
3 <---> 1 : 8.128166198730469
3 <---> 2 : 7.564783096313477
discovery--->==================================== discovery ====================================
discovery---> cls: [(2, 3), (2, 1), (3, 1)]
discovery--->=============================================================================
==================================== link detector ====================================

----------------------------
src    dst :    delay
2 <---> 3 : 8.072137832641602
2 <---> 1 : 10.112524032592773
1 <---> 3 : 7.578372955322266
1 <---> 2 : 9.055376052856445
3 <---> 1 : 7.476568222045898
3 <---> 2 : 6.734371185302734
discovery--->==================================== discovery ====================================
discovery---> cls: [(2, 3), (2, 1), (3, 1)]
discovery--->=============================================================================
==================================== link detector ====================================

----------------------------
src    dst :    delay
2 <---> 3 : 8.216619491577148
2 <---> 1 : 10.000944137573242
1 <---> 3 : 7.110357284545898
1 <---> 2 : 10.121345520019531
3 <---> 1 : 6.705760955810547
3 <---> 2 : 8.037805557250977
==================================== link detector ====================================

----------------------------
src    dst :    delay
2 <---> 3 : 7.25865364074707
2 <---> 1 : 10.153532028198242
1 <---> 3 : 7.75599479675293
1 <---> 2 : 8.64720344543457
3 <---> 1 : 7.387638092041016
3 <---> 2 : 7.848024368286133
discovery--->==================================== discovery ====================================
discovery---> cls: [(2, 3), (2, 1), (3, 1)]
discovery--->=============================================================================
==================================== link detector ====================================

----------------------------
src    dst :    delay
2 <---> 3 : 7.360696792602539
2 <---> 1 : 10.246038436889648
1 <---> 3 : 7.927656173706055
1 <---> 2 : 9.119033813476562
3 <---> 1 : 8.14676284790039
3 <---> 2 : 7.165670394897461
==================================== link detector ====================================

----------------------------
src    dst :    delay
2 <---> 3 : 8.257627487182617
2 <---> 1 : 8.929252624511719
1 <---> 3 : 8.116722106933594
1 <---> 2 : 8.839607238769531
3 <---> 1 : 6.792783737182617
3 <---> 2 : 7.978677749633789
discovery--->==================================== discovery ====================================
discovery---> cls: [(2, 3), (2, 1), (3, 1)]
discovery--->=============================================================================
==================================== link detector ====================================

----------------------------
src    dst :    delay
2 <---> 3 : 6.362438201904297
2 <---> 1 : 10.195493698120117
1 <---> 3 : 7.455587387084961
1 <---> 2 : 10.091066360473633
3 <---> 1 : 8.167266845703125
3 <---> 2 : 7.584810256958008
discovery--->==================================== discovery ====================================
discovery---> cls: [(2, 3), (2, 1), (3, 1)]
discovery--->=============================================================================
==================================== link detector ====================================

----------------------------
src    dst :    delay
2 <---> 3 : 7.765769958496094
2 <---> 1 : 10.07699966430664
1 <---> 3 : 6.416559219360352
1 <---> 2 : 9.521484375
3 <---> 1 : 7.236242294311523
3 <---> 2 : 7.535219192504883
==================================== link detector ====================================

----------------------------
src    dst :    delay
2 <---> 3 : 8.217334747314453
2 <---> 1 : 10.185480117797852
1 <---> 3 : 6.709575653076172
1 <---> 2 : 10.192632675170898
3 <---> 1 : 8.005380630493164
3 <---> 2 : 6.748437881469727
discovery--->==================================== discovery ====================================
discovery---> cls: [(2, 3), (2, 1), (3, 1)]
discovery--->=============================================================================
==================================== link detector ====================================

----------------------------
src    dst :    delay
2 <---> 3 : 8.16965103149414
2 <---> 1 : 8.602619171142578
1 <---> 3 : 8.124351501464844
1 <---> 2 : 10.096073150634766
3 <---> 1 : 7.01594352722168
3 <---> 2 : 6.743907928466797
discovery--->==================================== discovery ====================================
discovery---> cls: [(2, 3), (2, 1), (3, 1)]
discovery--->=============================================================================
==================================== link detector ====================================

----------------------------
src    dst :    delay
2 <---> 3 : 6.720066070556641
2 <---> 1 : 9.028434753417969
1 <---> 3 : 6.480693817138672
1 <---> 2 : 9.114503860473633
3 <---> 1 : 7.011890411376953
3 <---> 2 : 8.16035270690918
==================================== link detector ====================================

----------------------------
src    dst :    delay
2 <---> 3 : 6.783723831176758
2 <---> 1 : 8.730411529541016
1 <---> 3 : 8.255958557128906
1 <---> 2 : 10.116338729858398
3 <---> 1 : 7.594108581542969
3 <---> 2 : 7.864952087402344
discovery--->==================================== discovery ====================================
discovery---> cls: [(2, 3), (2, 1), (3, 1)]
discovery--->=============================================================================
==================================== link detector ====================================

----------------------------
src    dst :    delay
2 <---> 3 : 7.462501525878906
2 <---> 1 : 10.198116302490234
1 <---> 3 : 7.550477981567383
1 <---> 2 : 9.896993637084961
3 <---> 1 : 7.976770401000977
3 <---> 2 : 6.8035125732421875
==================================== link detector ====================================

----------------------------
src    dst :    delay
2 <---> 3 : 7.8639984130859375
2 <---> 1 : 8.651256561279297
1 <---> 3 : 7.480621337890625
1 <---> 2 : 8.510112762451172
3 <---> 1 : 8.135557174682617
3 <---> 2 : 7.167339324951172
discovery--->==================================== discovery ====================================
discovery---> cls: [(2, 3), (2, 1), (3, 1)]
discovery--->=============================================================================
==================================== link detector ====================================

----------------------------
src    dst :    delay
2 <---> 3 : 6.525754928588867
2 <---> 1 : 8.709430694580078
1 <---> 3 : 7.4367523193359375
1 <---> 2 : 9.246110916137695
3 <---> 1 : 6.193876266479492
3 <---> 2 : 7.020235061645508
discovery--->==================================== discovery ====================================
discovery---> cls: [(2, 3), (2, 1), (3, 1)]
discovery--->=============================================================================
==================================== link detector ====================================

----------------------------
src    dst :    delay
2 <---> 3 : 6.516456604003906
2 <---> 1 : 8.298158645629883
1 <---> 3 : 8.031129837036133
1 <---> 2 : 8.813142776489258
3 <---> 1 : 8.143186569213867
3 <---> 2 : 8.089303970336914
==================================== link detector ====================================

----------------------------
src    dst :    delay
2 <---> 3 : 6.483793258666992
2 <---> 1 : 8.448362350463867
1 <---> 3 : 8.131027221679688
1 <---> 2 : 9.904623031616211
3 <---> 1 : 6.759166717529297
3 <---> 2 : 8.006572723388672
discovery--->==================================== discovery ====================================
discovery---> cls: [(2, 3), (2, 1), (3, 1)]
discovery--->=============================================================================
==================================== link detector ====================================

----------------------------
src    dst :    delay
2 <---> 3 : 7.904291152954102
2 <---> 1 : 9.469747543334961
1 <---> 3 : 6.898403167724609
1 <---> 2 : 9.72294807434082
3 <---> 1 : 8.061408996582031
3 <---> 2 : 7.793903350830078
discovery--->==================================== discovery ====================================
discovery---> cls: [(2, 3), (2, 1), (3, 1)]
discovery--->=============================================================================
==================================== link detector ====================================

----------------------------
src    dst :    delay
2 <---> 3 : 7.280826568603516
2 <---> 1 : 10.221242904663086
1 <---> 3 : 7.204532623291016
1 <---> 2 : 9.220361709594727
3 <---> 1 : 7.180452346801758
3 <---> 2 : 7.279634475708008
==================================== link detector ====================================

----------------------------
src    dst :    delay
2 <---> 3 : 6.767749786376953
2 <---> 1 : 10.101556777954102
1 <---> 3 : 7.233858108520508
1 <---> 2 : 9.95326042175293
3 <---> 1 : 7.317066192626953
3 <---> 2 : 6.735324859619141
discovery--->==================================== discovery ====================================
discovery---> cls: [(2, 3), (2, 1), (3, 1)]
discovery--->=============================================================================
==================================== link detector ====================================

----------------------------
src    dst :    delay
2 <---> 3 : 7.284641265869141
2 <---> 1 : 8.67605209350586
1 <---> 3 : 7.345914840698242
1 <---> 2 : 8.394956588745117
3 <---> 1 : 6.636619567871094
3 <---> 2 : 7.328987121582031
discovery--->==================================== discovery ====================================
discovery---> cls: [(2, 3), (2, 1), (3, 1)]
discovery--->=============================================================================
==================================== link detector ====================================

----------------------------
src    dst :    delay
2 <---> 3 : 6.9026947021484375
2 <---> 1 : 9.384393692016602
1 <---> 3 : 8.079290390014648
1 <---> 2 : 9.467601776123047
3 <---> 1 : 6.529808044433594
3 <---> 2 : 7.390260696411133
---> OFPPortStatus received: reason=DELETE desc=OFPPort(port_no=2,hw_addr='4e:5f:8b:b6:f1:4b',name=b'ap1-eth2',config=0,state=4,curr=2112,advertised=0,supported=0,peer=0,curr_speed=10000000,max_speed=0)
---> OFPPortStatus received: reason=DELETE desc=OFPPort(port_no=2,hw_addr='0e:8f:95:fb:3a:b9',name=b'ap2-eth2',config=0,state=4,curr=2112,advertised=0,supported=0,peer=0,curr_speed=10000000,max_speed=0)
---> OFPPortStatus received: reason=DELETE desc=OFPPort(port_no=3,hw_addr='02:23:cf:95:c7:a2',name=b'ap1-eth3',config=0,state=4,curr=2112,advertised=0,supported=0,peer=0,curr_speed=10000000,max_speed=0)
---> OFPPortStatus received: reason=DELETE desc=OFPPort(port_no=2,hw_addr='e2:b7:dc:6f:e5:3e',name=b'ap3-eth2',config=0,state=4,curr=2112,advertised=0,supported=0,peer=0,curr_speed=10000000,max_speed=0)
---> OFPPortStatus received: reason=DELETE desc=OFPPort(port_no=3,hw_addr='92:23:85:00:aa:8d',name=b'ap3-eth3',config=0,state=4,curr=2112,advertised=0,supported=0,peer=0,curr_speed=10000000,max_speed=0)
---> OFPPortStatus received: reason=DELETE desc=OFPPort(port_no=3,hw_addr='d2:38:8c:b5:af:e7',name=b'ap2-eth3',config=0,state=4,curr=2112,advertised=0,supported=0,peer=0,curr_speed=10000000,max_speed=0)
==================================== link detector ====================================

----------------------------
src    dst :    delay
2 <---> 3 : 6.96873664855957
2 <---> 1 : 9.984016418457031
1 <---> 3 : 6.543159484863281
1 <---> 2 : 10.21122932434082
3 <---> 1 : 7.981300354003906
3 <---> 2 : 8.14962387084961
discovery--->==================================== discovery ====================================
discovery---> cls: []
discovery--->=============================================================================
