loading app network_structure.py
Matplotlib created a temporary config/cache directory at /tmp/matplotlib-1agkdyux because the default path (/home/terry/.config/matplotlib) is not a writable directory; it is highly recommended to set the MPLCONFIGDIR environment variable to a writable directory, in particular to speed up the import of Matplotlib and to better support multiprocessing.
Generating new fontManager, this may take some time...
Failed to extract font properties from /usr/share/fonts/truetype/noto/NotoColorEmoji.ttf: In FT2Font: Can not load face.  Unknown file format.
loading app network_monitor.py
loading app network_delay.py
loading app network_shortest_path.py
loading app arp_handler.py
loading app ryu.controller.ofp_handler
instantiating app None of Switches
creating context switches
instantiating app network_structure.py of NetworkStructure
instantiating app network_monitor.py of NetworkMonitor
instantiating app network_delay.py of NetworkDelay
instantiating app network_shortest_path.py of NetworkShortestPath
instantiating app arp_handler.py of ArpHandler
instantiating app ryu.controller.ofp_handler of OFPHandler
discovery---> AccessPoint: 1 connected
discovery---> AccessPoint: 2 connected
discovery---> AccessPoint: 3 connected
monitor---->register datapath: 1000000000000003
monitor---->register datapath: 1000000000000001
monitor---->register datapath: 1000000000000002
==================================== link detector ====================================

----------------------------
src    dst :    delay
1 <---> 3 : 2.7115345001220703
1 <---> 2 : 2.735614776611328
3 <---> 2 : 3.0269622802734375
3 <---> 1 : 4.163026809692383
2 <---> 1 : 2.7480125427246094
2 <---> 3 : 4.082918167114258
discovery--->==================================== discovery ====================================
discovery---> cls: [(1, 3), (1, 2), (3, 2)]
discovery--->=============================================================================
datapath         port     rx-pkts  rx-bytes rx-error tx-pkts  tx-bytes tx-error
---------------- -------- -------- -------- -------- -------- -------- --------
0000000000000002        1        0        0        0        0        0        0
0000000000000002        2       26     3443        0       27     3503        0
0000000000000002        3       26     3443        0       27     3503        0
datapath         in-port  eth-dst           out-port packets  bytes
---------------- -------- ----------------- -------- -------- --------
datapath         port     rx-pkts  rx-bytes rx-error tx-pkts  tx-bytes tx-error
---------------- -------- -------- -------- -------- -------- -------- --------
0000000000000003        1        0        0        0        0        0        0
0000000000000003        2       26     3443        0       27     3503        0
0000000000000003        3       27     3503        0       26     3443        0
datapath         in-port  eth-dst           out-port packets  bytes
---------------- -------- ----------------- -------- -------- --------
datapath         port     rx-pkts  rx-bytes rx-error tx-pkts  tx-bytes tx-error
---------------- -------- -------- -------- -------- -------- -------- --------
0000000000000001        1        0        0        0        0        0        0
0000000000000001        2       27     3503        0       26     3443        0
0000000000000001        3       27     3503        0       26     3443        0
datapath         in-port  eth-dst           out-port packets  bytes
---------------- -------- ----------------- -------- -------- --------
==================================== link detector ====================================

----------------------------
src    dst :    delay
1 <---> 3 : 4.4460296630859375
1 <---> 2 : 2.7184486389160156
3 <---> 2 : 3.108501434326172
3 <---> 1 : 3.1838417053222656
2 <---> 1 : 3.8480758666992188
2 <---> 3 : 3.3359527587890625
==================================== link detector ====================================

----------------------------
src    dst :    delay
1 <---> 3 : 3.002643585205078
1 <---> 2 : 3.908395767211914
3 <---> 2 : 2.9244422912597656
3 <---> 1 : 2.712249755859375
2 <---> 1 : 2.674579620361328
2 <---> 3 : 3.152608871459961
discovery--->==================================== discovery ====================================
discovery---> cls: [(1, 3), (1, 2), (3, 2)]
discovery--->=============================================================================
datapath         port     rx-pkts  rx-bytes rx-error tx-pkts  tx-bytes tx-error
---------------- -------- -------- -------- -------- -------- -------- --------
0000000000000003        1        0        0        0        0        0        0
0000000000000003        2       32     3803        0       32     3803        0
0000000000000003        3       32     3803        0       32     3803        0
datapath         in-port  eth-dst           out-port packets  bytes
---------------- -------- ----------------- -------- -------- --------
datapath         port     rx-pkts  rx-bytes rx-error tx-pkts  tx-bytes tx-error
---------------- -------- -------- -------- -------- -------- -------- --------
0000000000000001        1        0        0        0        0        0        0
0000000000000001        2       32     3803        0       32     3803        0
0000000000000001        3       32     3803        0       32     3803        0
datapath         in-port  eth-dst           out-port packets  bytes
---------------- -------- ----------------- -------- -------- --------
datapath         port     rx-pkts  rx-bytes rx-error tx-pkts  tx-bytes tx-error
---------------- -------- -------- -------- -------- -------- -------- --------
0000000000000002        1        0        0        0        0        0        0
0000000000000002        2       32     3803        0       32     3803        0
0000000000000002        3       32     3803        0       32     3803        0
datapath         in-port  eth-dst           out-port packets  bytes
---------------- -------- ----------------- -------- -------- --------
==================================== link detector ====================================

----------------------------
src    dst :    delay
1 <---> 3 : 2.921581268310547
1 <---> 2 : 2.6865005493164062
3 <---> 2 : 4.579067230224609
3 <---> 1 : 2.753734588623047
2 <---> 1 : 4.055023193359375
2 <---> 3 : 2.5970935821533203
discovery--->==================================== discovery ====================================
discovery---> cls: [(1, 3), (1, 2), (3, 2)]
discovery--->=============================================================================
datapath         port     rx-pkts  rx-bytes rx-error tx-pkts  tx-bytes tx-error
---------------- -------- -------- -------- -------- -------- -------- --------
0000000000000003        1        0        0        0        0        0        0
0000000000000003        2       37     4103        0       39     4233        0
0000000000000003        3       39     4233        0       38     4173        0
datapath         in-port  eth-dst           out-port packets  bytes
---------------- -------- ----------------- -------- -------- --------
datapath         port     rx-pkts  rx-bytes rx-error tx-pkts  tx-bytes tx-error
---------------- -------- -------- -------- -------- -------- -------- --------
0000000000000002        1        0        0        0        0        0        0
0000000000000002        2       37     4103        0       39     4233        0
0000000000000002        3       38     4173        0       39     4233        0
datapath         in-port  eth-dst           out-port packets  bytes
---------------- -------- ----------------- -------- -------- --------
datapath         port     rx-pkts  rx-bytes rx-error tx-pkts  tx-bytes tx-error
---------------- -------- -------- -------- -------- -------- -------- --------
0000000000000001        1        0        0        0        0        0        0
0000000000000001        2       39     4233        0       37     4103        0
0000000000000001        3       39     4233        0       37     4103        0
datapath         in-port  eth-dst           out-port packets  bytes
---------------- -------- ----------------- -------- -------- --------
==================================== link detector ====================================

----------------------------
src    dst :    delay
1 <---> 3 : 2.6276111602783203
1 <---> 2 : 2.528667449951172
3 <---> 2 : 3.147602081298828
3 <---> 1 : 3.439188003540039
2 <---> 1 : 3.4723281860351562
2 <---> 3 : 3.2720565795898438
==================================== link detector ====================================

----------------------------
src    dst :    delay
1 <---> 3 : 3.7987232208251953
1 <---> 2 : 2.688884735107422
3 <---> 2 : 4.021644592285156
3 <---> 1 : 4.095315933227539
2 <---> 1 : 4.054069519042969
2 <---> 3 : 2.1796226501464844
discovery--->==================================== discovery ====================================
discovery---> cls: [(1, 3), (1, 2), (3, 2)]
discovery--->=============================================================================
datapath         port     rx-pkts  rx-bytes rx-error tx-pkts  tx-bytes tx-error
---------------- -------- -------- -------- -------- -------- -------- --------
0000000000000003        1        0        0        0        0        0        0
0000000000000003        2       45     4736        0       45     4736        0
0000000000000003        3       45     4736        0       45     4736        0
datapath         in-port  eth-dst           out-port packets  bytes
---------------- -------- ----------------- -------- -------- --------
datapath         port     rx-pkts  rx-bytes rx-error tx-pkts  tx-bytes tx-error
---------------- -------- -------- -------- -------- -------- -------- --------
0000000000000002        1        0        0        0        0        0        0
0000000000000002        2       45     4736        0       46     4796        0
0000000000000002        3       45     4736        0       45     4736        0
datapath         in-port  eth-dst           out-port packets  bytes
---------------- -------- ----------------- -------- -------- --------
datapath         port     rx-pkts  rx-bytes rx-error tx-pkts  tx-bytes tx-error
---------------- -------- -------- -------- -------- -------- -------- --------
0000000000000001        1        0        0        0        0        0        0
0000000000000001        2       46     4796        0       45     4736        0
0000000000000001        3       45     4736        0       45     4736        0
datapath         in-port  eth-dst           out-port packets  bytes
---------------- -------- ----------------- -------- -------- --------
