loading app network_structure.py
Matplotlib created a temporary config/cache directory at /tmp/matplotlib-_fppb_1i because the default path (/home/terry/.config/matplotlib) is not a writable directory; it is highly recommended to set the MPLCONFIGDIR environment variable to a writable directory, in particular to speed up the import of Matplotlib and to better support multiprocessing.
Generating new fontManager, this may take some time...
Failed to extract font properties from /usr/share/fonts/truetype/noto/NotoColorEmoji.ttf: In FT2Font: Can not load face.  Unknown file format.
loading app ryu.topology.switches
loading app ryu.controller.ofp_handler
instantiating app network_structure.py of NetworkStructure
instantiating app ryu.topology.switches of Switches
instantiating app ryu.controller.ofp_handler of OFPHandler
discovery---> AccessPoint: 1 connected
discovery---> AccessPoint: 2 connected
discovery---> AccessPoint: 3 connected
discovery---> AccessPoint: 4 connected
discovery---> AccessPoint: 5 connected
discovery---> AccessPoint: 6 connected
discovery--->==================================== discovery ====================================
discovery---> cls: [(1, 5), (5, 3), (2, 4), (4, 6), (3, 6)]
discovery---> not_use_ports: {2: {1}, 1: {1}, 6: {1}, 3: {1}, 5: {1}, 4: {1}}
discovery--->==============================
discovery--->==================================== discovery ====================================
discovery---> cls: [(1, 5), (5, 3), (2, 4), (4, 6), (3, 6)]
discovery---> not_use_ports: {2: {1}, 1: {1}, 6: {1}, 3: {1}, 5: {1}, 4: {1}}
discovery--->==============================
discovery--->==================================== discovery ====================================
discovery---> cls: [(1, 5), (5, 3), (2, 4), (4, 6), (3, 6)]
discovery---> not_use_ports: {2: {1}, 1: {1}, 6: {1}, 3: {1}, 5: {1}, 4: {1}}
discovery--->==============================
discovery--->==================================== discovery ====================================
discovery---> cls: [(1, 5), (5, 3), (2, 4), (4, 6), (3, 6)]
discovery---> not_use_ports: {2: {1}, 1: {1}, 6: {1}, 3: {1}, 5: {1}, 4: {1}}
discovery--->==============================
loading app network_structure.py
Matplotlib created a temporary config/cache directory at /tmp/matplotlib-52c9d_a9 because the default path (/home/terry/.config/matplotlib) is not a writable directory; it is highly recommended to set the MPLCONFIGDIR environment variable to a writable directory, in particular to speed up the import of Matplotlib and to better support multiprocessing.
Generating new fontManager, this may take some time...
Failed to extract font properties from /usr/share/fonts/truetype/noto/NotoColorEmoji.ttf: In FT2Font: Can not load face.  Unknown file format.
loading app ryu.topology.switches
loading app ryu.controller.ofp_handler
instantiating app network_structure.py of NetworkStructure
instantiating app ryu.topology.switches of Switches
instantiating app ryu.controller.ofp_handler of OFPHandler
discovery---> AccessPoint: 1 connected
discovery---> AccessPoint: 2 connected
discovery---> AccessPoint: 3 connected
discovery---> AccessPoint: 4 connected
discovery---> AccessPoint: 5 connected
discovery---> AccessPoint: 6 connected
discovery--->==================================== discovery ====================================
discovery---> cls: [(2, 3), (2, 4), (4, 1), (1, 5), (5, 6)]
discovery---> switch_port_table: {1: {2, 3}, 5: {2, 3}, 3: {2}, 2: {2, 3}, 4: {2, 3}, 6: {2}}
discovery---> link_port_table: {(2, 3): (2, 2), (4, 1): (3, 2), (3, 2): (2, 2), (4, 2): (2, 3), (1, 4): (2, 3), (2, 4): (3, 2), (1, 5): (3, 2), (5, 6): (3, 2), (5, 1): (2, 3), (6, 5): (2, 3)}
discovery--->==============================
discovery--->==================================== discovery ====================================
discovery---> cls: [(2, 3), (2, 4), (4, 1), (1, 5), (5, 6)]
discovery---> switch_port_table: {1: {2, 3}, 5: {2, 3}, 3: {2}, 2: {2, 3}, 4: {2, 3}, 6: {2}}
discovery---> link_port_table: {(2, 3): (2, 2), (4, 1): (3, 2), (3, 2): (2, 2), (4, 2): (2, 3), (1, 4): (2, 3), (2, 4): (3, 2), (1, 5): (3, 2), (5, 6): (3, 2), (5, 1): (2, 3), (6, 5): (2, 3)}
discovery--->==============================
discovery--->==================================== discovery ====================================
discovery---> cls: [(2, 3), (2, 4), (4, 1), (1, 5), (5, 6)]
discovery---> switch_port_table: {1: {2, 3}, 5: {2, 3}, 3: {2}, 2: {2, 3}, 4: {2, 3}, 6: {2}}
discovery---> link_port_table: {(2, 3): (2, 2), (4, 1): (3, 2), (3, 2): (2, 2), (4, 2): (2, 3), (1, 4): (2, 3), (2, 4): (3, 2), (1, 5): (3, 2), (5, 6): (3, 2), (5, 1): (2, 3), (6, 5): (2, 3)}
discovery--->==============================
discovery--->==================================== discovery ====================================
discovery---> cls: [(2, 3), (2, 4), (4, 1), (1, 5), (5, 6)]
discovery---> switch_port_table: {1: {2, 3}, 5: {2, 3}, 3: {2}, 2: {2, 3}, 4: {2, 3}, 6: {2}}
discovery---> link_port_table: {(2, 3): (2, 2), (4, 1): (3, 2), (3, 2): (2, 2), (4, 2): (2, 3), (1, 4): (2, 3), (2, 4): (3, 2), (1, 5): (3, 2), (5, 6): (3, 2), (5, 1): (2, 3), (6, 5): (2, 3)}
discovery--->==============================
