loading app network_structure.py
Matplotlib created a temporary config/cache directory at /tmp/matplotlib-ej16spot because the default path (/home/terry/.config/matplotlib) is not a writable directory; it is highly recommended to set the MPLCONFIGDIR environment variable to a writable directory, in particular to speed up the import of Matplotlib and to better support multiprocessing.
Generating new fontManager, this may take some time...
Failed to extract font properties from /usr/share/fonts/truetype/noto/NotoColorEmoji.ttf: In FT2Font: Can not load face.  Unknown file format.
loading app network_monitor.py
loading app network_delay.py
loading app network_shortest_path.py
loading app arp_handler.py
loading app ryu.controller.ofp_handler
instantiating app None of Switches
creating context switches
instantiating app network_structure.py of NetworkStructure
instantiating app network_monitor.py of NetworkMonitor
instantiating app network_delay.py of NetworkDelay
instantiating app network_shortest_path.py of NetworkShortestPath
instantiating app arp_handler.py of ArpHandler
instantiating app ryu.controller.ofp_handler of OFPHandler
discovery---> AccessPoint: 1 connected
discovery---> AccessPoint: 2 connected
discovery---> AccessPoint: 3 connected
discovery---> AccessPoint: 4 connected
discovery---> AccessPoint: 5 connected
discovery---> AccessPoint: 6 connected
monitor---->register datapath: 1000000000000002
monitor---->register datapath: 1000000000000004
monitor---->register datapath: 1000000000000006
monitor---->register datapath: 1000000000000001
monitor---->register datapath: 1000000000000003
monitor---->register datapath: 1000000000000005
==================================== link detector ====================================

----------------------------
src    dst :    delay
3 <---> 4 : 2.412080764770508
3 <---> 5 : 3.1061172485351562
1 <---> 4 : 2.718687057495117
1 <---> 6 : 3.9865970611572266
2 <---> 6 : 4.044771194458008
2 <---> 5 : 4.307031631469727
4 <---> 5 : 2.809762954711914
4 <---> 3 : 4.21452522277832
4 <---> 6 : 4.129171371459961
4 <---> 1 : 3.2930374145507812
5 <---> 3 : 2.5568008422851562
5 <---> 2 : 2.371072769165039
5 <---> 4 : 4.290103912353516
6 <---> 4 : 4.532575607299805
6 <---> 2 : 3.2427310943603516
6 <---> 1 : 3.3197402954101562
discovery--->==================================== discovery ====================================
discovery---> cls: [(3, 4), (3, 5), (4, 1), (4, 5), (4, 6), (1, 6), (2, 6), (2, 5)]
discovery--->=============================================================================
datapath         port     rx-pkts  rx-bytes rx-error tx-pkts  tx-bytes tx-error
---------------- -------- -------- -------- -------- -------- -------- --------
0000000000000001        1        0        0        0        4      312        0
0000000000000001        2       30     3989        0       29     3929        0
0000000000000001        3       30     3989        0       29     3929        0
datapath         in-port  eth-dst           out-port packets  bytes
---------------- -------- ----------------- -------- -------- --------
datapath         port     rx-pkts  rx-bytes rx-error tx-pkts  tx-bytes tx-error
---------------- -------- -------- -------- -------- -------- -------- --------
0000000000000004        1        0        0        0        4      312        0
0000000000000004        2       29     3929        0       30     3989        0
0000000000000004        3       30     3989        0       29     3929        0
0000000000000004        4       30     3989        0       29     3929        0
0000000000000004        5       29     3929        0       30     3989        0
datapath         in-port  eth-dst           out-port packets  bytes
---------------- -------- ----------------- -------- -------- --------
datapath         port     rx-pkts  rx-bytes rx-error tx-pkts  tx-bytes tx-error
---------------- -------- -------- -------- -------- -------- -------- --------
0000000000000003        1        0        0        0        4      312        0
0000000000000003        2       30     3989        0       29     3929        0
0000000000000003        3       30     3989        0       29     3929        0
datapath         in-port  eth-dst           out-port packets  bytes
---------------- -------- ----------------- -------- -------- --------
datapath         port     rx-pkts  rx-bytes rx-error tx-pkts  tx-bytes tx-error
---------------- -------- -------- -------- -------- -------- -------- --------
0000000000000005        1        0        0        0        4      312        0
0000000000000005        2       29     3929        0       30     3989        0
0000000000000005        3       29     3929        0       30     3989        0
0000000000000005        4       29     3929        0       30     3989        0
datapath         in-port  eth-dst           out-port packets  bytes
---------------- -------- ----------------- -------- -------- --------
datapath         port     rx-pkts  rx-bytes rx-error tx-pkts  tx-bytes tx-error
---------------- -------- -------- -------- -------- -------- -------- --------
0000000000000006        1        0        0        0        4      312        0
0000000000000006        2       29     3929        0       30     3989        0
0000000000000006        3       29     3929        0       30     3989        0
0000000000000006        4       29     3929        0       30     3989        0
datapath         in-port  eth-dst           out-port packets  bytes
---------------- -------- ----------------- -------- -------- --------
datapath         port     rx-pkts  rx-bytes rx-error tx-pkts  tx-bytes tx-error
---------------- -------- -------- -------- -------- -------- -------- --------
0000000000000002        1        0        0        0        4      312        0
0000000000000002        2       30     3989        0       29     3929        0
0000000000000002        3       30     3989        0       29     3929        0
datapath         in-port  eth-dst           out-port packets  bytes
---------------- -------- ----------------- -------- -------- --------
==================================== link detector ====================================

----------------------------
src    dst :    delay
3 <---> 4 : 4.223108291625977
3 <---> 5 : 2.488374710083008
1 <---> 4 : 4.137277603149414
1 <---> 6 : 2.5603771209716797
2 <---> 6 : 3.1654834747314453
2 <---> 5 : 2.3109912872314453
4 <---> 5 : 4.184484481811523
4 <---> 3 : 4.305362701416016
4 <---> 6 : 4.474401473999023
4 <---> 1 : 4.2266845703125
5 <---> 3 : 3.637552261352539
5 <---> 2 : 3.5429000854492188
5 <---> 4 : 4.237174987792969
6 <---> 4 : 2.817392349243164
6 <---> 2 : 2.9137134552001953
6 <---> 1 : 3.486156463623047
==================================== link detector ====================================

----------------------------
src    dst :    delay
3 <---> 4 : 2.9621124267578125
3 <---> 5 : 2.7718544006347656
1 <---> 4 : 3.689289093017578
1 <---> 6 : 3.6737918853759766
2 <---> 6 : 2.918243408203125
2 <---> 5 : 4.212617874145508
4 <---> 5 : 2.818584442138672
4 <---> 3 : 4.181623458862305
4 <---> 6 : 3.894329071044922
4 <---> 1 : 3.1769275665283203
5 <---> 3 : 4.26030158996582
5 <---> 2 : 3.1647682189941406
5 <---> 4 : 4.393815994262695
6 <---> 4 : 3.135204315185547
6 <---> 2 : 3.2753944396972656
6 <---> 1 : 3.192901611328125
discovery--->==================================== discovery ====================================
discovery---> cls: [(3, 4), (3, 5), (4, 1), (4, 5), (4, 6), (1, 6), (2, 6), (2, 5)]
discovery--->=============================================================================
hub: uncaught exception: Traceback (most recent call last):
  File "/usr/local/lib/python3.6/dist-packages/ryu/lib/hub.py", line 60, in _launch
    return func(*args, **kwargs)
  File "/home/terry/LJQ/Task/ryu/network_monitor.py", line 60, in scheduler
    self.create_bandwidth_graph()
  File "/home/terry/LJQ/Task/ryu/network_monitor.py", line 324, in create_bandwidth_graph
    capacity = self.network_structure.m_graph[src_dpid][dst_dpid]['bw']
  File "/home/terry/.local/lib/python3.6/site-packages/networkx/classes/coreviews.py", line 51, in __getitem__
    return self._atlas[key]
KeyError: 4

datapath         port     rx-pkts  rx-bytes rx-error tx-pkts  tx-bytes tx-error
---------------- -------- -------- -------- -------- -------- -------- --------
0000000000000003        1        0        0        0        9      702        0
0000000000000003        2       34     4229        0       34     4229        0
0000000000000003        3       34     4229        0       34     4229        0
datapath         in-port  eth-dst           out-port packets  bytes
---------------- -------- ----------------- -------- -------- --------
datapath         port     rx-pkts  rx-bytes rx-error tx-pkts  tx-bytes tx-error
---------------- -------- -------- -------- -------- -------- -------- --------
0000000000000002        1        0        0        0        9      702        0
0000000000000002        2       34     4229        0       34     4229        0
0000000000000002        3       34     4229        0       34     4229        0
datapath         in-port  eth-dst           out-port packets  bytes
---------------- -------- ----------------- -------- -------- --------
datapath         port     rx-pkts  rx-bytes rx-error tx-pkts  tx-bytes tx-error
---------------- -------- -------- -------- -------- -------- -------- --------
0000000000000005        1        0        0        0        8      624        0
0000000000000005        2       34     4229        0       34     4229        0
0000000000000005        3       33     4169        0       34     4229        0
0000000000000005        4       34     4229        0       34     4229        0
datapath         in-port  eth-dst           out-port packets  bytes
---------------- -------- ----------------- -------- -------- --------
datapath         port     rx-pkts  rx-bytes rx-error tx-pkts  tx-bytes tx-error
---------------- -------- -------- -------- -------- -------- -------- --------
0000000000000001        1        0        0        0        9      702        0
0000000000000001        2       34     4229        0       34     4229        0
0000000000000001        3       34     4229        0       34     4229        0
datapath         in-port  eth-dst           out-port packets  bytes
---------------- -------- ----------------- -------- -------- --------
datapath         port     rx-pkts  rx-bytes rx-error tx-pkts  tx-bytes tx-error
---------------- -------- -------- -------- -------- -------- -------- --------
0000000000000004        1        0        0        0        8      624        0
0000000000000004        2       34     4229        0       34     4229        0
0000000000000004        3       34     4229        0       34     4229        0
0000000000000004        4       34     4229        0       33     4169        0
0000000000000004        5       34     4229        0       34     4229        0
datapath         in-port  eth-dst           out-port packets  bytes
---------------- -------- ----------------- -------- -------- --------
datapath         port     rx-pkts  rx-bytes rx-error tx-pkts  tx-bytes tx-error
---------------- -------- -------- -------- -------- -------- -------- --------
0000000000000006        1        0        0        0        8      624        0
0000000000000006        2       34     4229        0       34     4229        0
0000000000000006        3       34     4229        0       34     4229        0
0000000000000006        4       34     4229        0       34     4229        0
datapath         in-port  eth-dst           out-port packets  bytes
---------------- -------- ----------------- -------- -------- --------
==================================== link detector ====================================

----------------------------
src    dst :    delay
3 <---> 4 : 3.2596588134765625
3 <---> 5 : 4.19926643371582
1 <---> 4 : 4.019737243652344
1 <---> 6 : 3.269672393798828
2 <---> 6 : 2.756834030151367
2 <---> 5 : 2.73895263671875
4 <---> 5 : 3.448009490966797
4 <---> 3 : 4.240989685058594
4 <---> 6 : 3.500223159790039
4 <---> 1 : 4.085779190063477
5 <---> 3 : 2.892017364501953
5 <---> 2 : 4.372119903564453
5 <---> 4 : 4.413604736328125
6 <---> 4 : 2.6695728302001953
6 <---> 2 : 2.344369888305664
6 <---> 1 : 4.211664199829102
discovery--->==================================== discovery ====================================
discovery---> cls: [(3, 4), (3, 5), (4, 1), (4, 5), (4, 6), (1, 6), (2, 6), (2, 5)]
discovery--->=============================================================================
==================================== link detector ====================================

----------------------------
src    dst :    delay
3 <---> 4 : 4.3125152587890625
3 <---> 5 : 4.197120666503906
1 <---> 4 : 4.140615463256836
1 <---> 6 : 2.7174949645996094
2 <---> 6 : 4.300355911254883
2 <---> 5 : 3.1425952911376953
4 <---> 5 : 2.4716854095458984
4 <---> 3 : 3.7229061126708984
4 <---> 6 : 4.240512847900391
4 <---> 1 : 3.059864044189453
5 <---> 3 : 2.715587615966797
5 <---> 2 : 3.610372543334961
5 <---> 4 : 3.029346466064453
6 <---> 4 : 3.7889480590820312
6 <---> 2 : 2.6738643646240234
6 <---> 1 : 4.099845886230469
==================================== link detector ====================================

----------------------------
src    dst :    delay
3 <---> 4 : 3.545045852661133
3 <---> 5 : 3.0508041381835938
1 <---> 4 : 2.6786327362060547
1 <---> 6 : 3.7419795989990234
2 <---> 6 : 2.273082733154297
2 <---> 5 : 2.4089813232421875
4 <---> 5 : 3.482818603515625
4 <---> 3 : 3.2432079315185547
4 <---> 6 : 3.477334976196289
4 <---> 1 : 4.198312759399414
5 <---> 3 : 3.235340118408203
5 <---> 2 : 3.227710723876953
5 <---> 4 : 3.916501998901367
6 <---> 4 : 3.359079360961914
6 <---> 2 : 4.165887832641602
6 <---> 1 : 4.214286804199219
discovery--->==================================== discovery ====================================
discovery---> cls: [(3, 4), (3, 5), (4, 1), (4, 5), (4, 6), (1, 6), (2, 6), (2, 5)]
discovery--->=============================================================================
==================================== link detector ====================================

----------------------------
src    dst :    delay
3 <---> 4 : 4.140377044677734
3 <---> 5 : 4.142522811889648
1 <---> 4 : 3.0660629272460938
1 <---> 6 : 2.7523040771484375
2 <---> 6 : 4.263877868652344
2 <---> 5 : 4.097938537597656
4 <---> 5 : 2.2652149200439453
4 <---> 3 : 3.1647682189941406
4 <---> 6 : 4.2171478271484375
4 <---> 1 : 3.954172134399414
5 <---> 3 : 4.252433776855469
5 <---> 2 : 3.2722949981689453
5 <---> 4 : 2.857208251953125
6 <---> 4 : 2.49481201171875
6 <---> 2 : 3.284931182861328
6 <---> 1 : 3.144979476928711
discovery--->==================================== discovery ====================================
discovery---> cls: [(3, 4), (3, 5), (4, 1), (4, 5), (4, 6), (1, 6), (2, 6), (2, 5)]
discovery--->=============================================================================
==================================== link detector ====================================

----------------------------
src    dst :    delay
3 <---> 4 : 3.384113311767578
3 <---> 5 : 3.213644027709961
1 <---> 4 : 3.019094467163086
1 <---> 6 : 4.10008430480957
2 <---> 6 : 4.187583923339844
2 <---> 5 : 2.8464794158935547
4 <---> 5 : 4.465341567993164
4 <---> 3 : 2.2928714752197266
4 <---> 6 : 2.8040409088134766
4 <---> 1 : 2.685070037841797
5 <---> 3 : 2.602100372314453
5 <---> 2 : 3.878355026245117
5 <---> 4 : 4.575490951538086
6 <---> 4 : 2.5136470794677734
6 <---> 2 : 2.850055694580078
6 <---> 1 : 4.215717315673828
==================================== link detector ====================================

----------------------------
src    dst :    delay
3 <---> 4 : 3.2172203063964844
3 <---> 5 : 3.041982650756836
1 <---> 4 : 3.182649612426758
1 <---> 6 : 2.86102294921875
2 <---> 6 : 3.1321048736572266
2 <---> 5 : 2.748727798461914
4 <---> 5 : 3.857851028442383
4 <---> 3 : 4.163026809692383
4 <---> 6 : 2.51007080078125
4 <---> 1 : 4.280328750610352
5 <---> 3 : 2.765178680419922
5 <---> 2 : 3.0698776245117188
5 <---> 4 : 4.180431365966797
6 <---> 4 : 4.3125152587890625
6 <---> 2 : 2.839803695678711
6 <---> 1 : 4.155635833740234
discovery--->==================================== discovery ====================================
discovery---> cls: [(3, 4), (3, 5), (4, 1), (4, 5), (4, 6), (1, 6), (2, 6), (2, 5)]
discovery--->=============================================================================
==================================== link detector ====================================

----------------------------
src    dst :    delay
3 <---> 4 : 2.146482467651367
3 <---> 5 : 4.31513786315918
1 <---> 4 : 3.873109817504883
1 <---> 6 : 2.8417110443115234
2 <---> 6 : 3.200531005859375
2 <---> 5 : 4.424810409545898
4 <---> 5 : 4.274129867553711
4 <---> 3 : 3.42559814453125
4 <---> 6 : 4.235506057739258
4 <---> 1 : 4.245996475219727
5 <---> 3 : 3.7293434143066406
5 <---> 2 : 4.172563552856445
5 <---> 4 : 3.383159637451172
6 <---> 4 : 3.370046615600586
6 <---> 2 : 2.7883052825927734
6 <---> 1 : 3.1821727752685547
discovery--->==================================== discovery ====================================
discovery---> cls: [(3, 4), (3, 5), (4, 1), (4, 5), (4, 6), (1, 6), (2, 6), (2, 5)]
discovery--->=============================================================================
==================================== link detector ====================================

----------------------------
src    dst :    delay
3 <---> 4 : 3.657102584838867
3 <---> 5 : 3.5767555236816406
1 <---> 4 : 4.170656204223633
1 <---> 6 : 4.200220108032227
2 <---> 6 : 4.363775253295898
2 <---> 5 : 4.154443740844727
4 <---> 5 : 4.053831100463867
4 <---> 3 : 3.7255287170410156
4 <---> 6 : 4.226207733154297
4 <---> 1 : 2.819538116455078
5 <---> 3 : 2.8007030487060547
5 <---> 2 : 6.873846054077148
5 <---> 4 : 3.5941600799560547
6 <---> 4 : 3.656148910522461
6 <---> 2 : 3.0622482299804688
6 <---> 1 : 4.26936149597168
==================================== link detector ====================================

----------------------------
src    dst :    delay
3 <---> 4 : 3.246784210205078
3 <---> 5 : 3.956317901611328
1 <---> 4 : 2.8629302978515625
1 <---> 6 : 4.22358512878418
2 <---> 6 : 2.8297901153564453
2 <---> 5 : 3.206968307495117
4 <---> 5 : 4.534006118774414
4 <---> 3 : 4.044055938720703
4 <---> 6 : 4.383087158203125
4 <---> 1 : 3.0930042266845703
5 <---> 3 : 4.307270050048828
5 <---> 2 : 4.198551177978516
5 <---> 4 : 3.270387649536133
6 <---> 4 : 3.307819366455078
6 <---> 2 : 3.3178329467773438
6 <---> 1 : 4.206418991088867
discovery--->==================================== discovery ====================================
discovery---> cls: [(3, 4), (3, 5), (4, 1), (4, 5), (4, 6), (1, 6), (2, 6), (2, 5)]
discovery--->=============================================================================
==================================== link detector ====================================

----------------------------
src    dst :    delay
3 <---> 4 : 3.6878585815429688
3 <---> 5 : 3.662586212158203
1 <---> 4 : 4.112005233764648
1 <---> 6 : 3.851175308227539
2 <---> 6 : 3.4058094024658203
2 <---> 5 : 2.2287368774414062
4 <---> 5 : 4.28462028503418
4 <---> 3 : 3.4868717193603516
4 <---> 6 : 2.7587413787841797
4 <---> 1 : 3.492116928100586
5 <---> 3 : 3.7336349487304688
5 <---> 2 : 2.401590347290039
5 <---> 4 : 2.8209686279296875
6 <---> 4 : 4.235982894897461
6 <---> 2 : 2.728700637817383
6 <---> 1 : 2.4666786193847656
discovery--->==================================== discovery ====================================
discovery---> cls: [(3, 4), (3, 5), (4, 1), (4, 5), (4, 6), (1, 6), (2, 6), (2, 5)]
discovery--->=============================================================================
==================================== link detector ====================================

----------------------------
src    dst :    delay
3 <---> 4 : 2.4950504302978516
3 <---> 5 : 2.9511451721191406
1 <---> 4 : 2.480030059814453
1 <---> 6 : 2.682924270629883
2 <---> 6 : 4.160642623901367
2 <---> 5 : 3.500223159790039
4 <---> 5 : 3.0405521392822266
4 <---> 3 : 4.231691360473633
4 <---> 6 : 4.1255950927734375
4 <---> 1 : 2.722024917602539
5 <---> 3 : 4.202365875244141
5 <---> 2 : 4.0912628173828125
5 <---> 4 : 4.355907440185547
6 <---> 4 : 2.9096603393554688
6 <---> 2 : 4.03594970703125
6 <---> 1 : 3.3681392669677734
==================================== link detector ====================================

----------------------------
src    dst :    delay
3 <---> 4 : 4.222631454467773
3 <---> 5 : 2.809762954711914
1 <---> 4 : 4.493474960327148
1 <---> 6 : 2.7043819427490234
2 <---> 6 : 3.240346908569336
2 <---> 5 : 3.2045841217041016
4 <---> 5 : 3.706216812133789
4 <---> 3 : 4.540920257568359
4 <---> 6 : 3.122091293334961
4 <---> 1 : 3.5567283630371094
5 <---> 3 : 3.598451614379883
5 <---> 2 : 3.7865638732910156
5 <---> 4 : 4.233121871948242
6 <---> 4 : 2.810239791870117
6 <---> 2 : 3.6191940307617188
6 <---> 1 : 2.3686885833740234
discovery--->==================================== discovery ====================================
discovery---> cls: [(3, 4), (3, 5), (4, 1), (4, 5), (4, 6), (1, 6), (2, 6), (2, 5)]
discovery--->=============================================================================
==================================== link detector ====================================

----------------------------
src    dst :    delay
3 <---> 4 : 4.231929779052734
3 <---> 5 : 2.6543140411376953
1 <---> 4 : 3.7064552307128906
1 <---> 6 : 2.837657928466797
2 <---> 6 : 2.7124881744384766
2 <---> 5 : 4.214763641357422
4 <---> 5 : 3.6377906799316406
4 <---> 3 : 4.284858703613281
4 <---> 6 : 3.5254955291748047
4 <---> 1 : 2.794027328491211
5 <---> 3 : 3.085613250732422
5 <---> 2 : 4.162311553955078
5 <---> 4 : 4.268884658813477
6 <---> 4 : 3.275156021118164
6 <---> 2 : 4.091978073120117
6 <---> 1 : 2.5348663330078125
discovery--->==================================== discovery ====================================
discovery---> cls: [(3, 4), (3, 5), (4, 1), (4, 5), (4, 6), (1, 6), (2, 6), (2, 5)]
discovery--->=============================================================================
==================================== link detector ====================================

----------------------------
src    dst :    delay
3 <---> 4 : 3.6344528198242188
3 <---> 5 : 3.6911964416503906
1 <---> 4 : 3.3118724822998047
1 <---> 6 : 4.209280014038086
2 <---> 6 : 4.256725311279297
2 <---> 5 : 4.1656494140625
4 <---> 5 : 3.161907196044922
4 <---> 3 : 2.814054489135742
4 <---> 6 : 3.216266632080078
4 <---> 1 : 4.1656494140625
5 <---> 3 : 4.15349006652832
5 <---> 2 : 2.7151107788085938
5 <---> 4 : 3.696441650390625
6 <---> 4 : 3.66973876953125
6 <---> 2 : 4.163265228271484
6 <---> 1 : 2.7976036071777344
==================================== link detector ====================================

----------------------------
src    dst :    delay
3 <---> 4 : 4.184722900390625
3 <---> 5 : 4.090070724487305
1 <---> 4 : 4.401922225952148
1 <---> 6 : 4.134654998779297
2 <---> 6 : 4.20379638671875
2 <---> 5 : 4.213094711303711
4 <---> 5 : 4.056692123413086
4 <---> 3 : 3.0896663665771484
4 <---> 6 : 4.6253204345703125
4 <---> 1 : 3.6368370056152344
5 <---> 3 : 4.330158233642578
5 <---> 2 : 3.4949779510498047
5 <---> 4 : 2.709627151489258
6 <---> 4 : 3.9849281311035156
6 <---> 2 : 3.1502246856689453
6 <---> 1 : 3.322124481201172
discovery--->==================================== discovery ====================================
discovery---> cls: [(3, 4), (3, 5), (4, 1), (4, 5), (4, 6), (1, 6), (2, 6), (2, 5)]
discovery--->=============================================================================
==================================== link detector ====================================

----------------------------
src    dst :    delay
3 <---> 4 : 3.2494068145751953
3 <---> 5 : 3.7190914154052734
1 <---> 4 : 3.707408905029297
1 <---> 6 : 2.743959426879883
2 <---> 6 : 2.744436264038086
2 <---> 5 : 4.302978515625
4 <---> 5 : 4.200220108032227
4 <---> 3 : 4.438877105712891
4 <---> 6 : 3.222227096557617
4 <---> 1 : 2.746105194091797
5 <---> 3 : 4.356861114501953
5 <---> 2 : 2.2580623626708984
5 <---> 4 : 4.214763641357422
6 <---> 4 : 2.8569698333740234
6 <---> 2 : 4.39143180847168
6 <---> 1 : 4.149436950683594
discovery--->==================================== discovery ====================================
discovery---> cls: [(3, 4), (3, 5), (4, 1), (4, 5), (4, 6), (1, 6), (2, 6), (2, 5)]
discovery--->=============================================================================
==================================== link detector ====================================

----------------------------
src    dst :    delay
3 <---> 4 : 4.232168197631836
3 <---> 5 : 4.274606704711914
1 <---> 4 : 3.5758018493652344
1 <---> 6 : 4.149675369262695
2 <---> 6 : 3.069639205932617
2 <---> 5 : 4.593133926391602
4 <---> 5 : 4.2819976806640625
4 <---> 3 : 2.7472972869873047
4 <---> 6 : 4.276514053344727
4 <---> 1 : 4.174947738647461
5 <---> 3 : 3.599405288696289
5 <---> 2 : 2.6810169219970703
5 <---> 4 : 4.398107528686523
6 <---> 4 : 3.59344482421875
6 <---> 2 : 4.12750244140625
6 <---> 1 : 3.205537796020508
==================================== link detector ====================================

----------------------------
src    dst :    delay
3 <---> 4 : 2.4378299713134766
3 <---> 5 : 4.149675369262695
1 <---> 4 : 3.2820701599121094
1 <---> 6 : 4.396200180053711
2 <---> 6 : 3.3121109008789062
2 <---> 5 : 3.003358840942383
4 <---> 5 : 4.352569580078125
4 <---> 3 : 2.940654754638672
4 <---> 6 : 3.268718719482422
4 <---> 1 : 3.003835678100586
5 <---> 3 : 2.7551651000976562
5 <---> 2 : 3.669261932373047
5 <---> 4 : 4.401922225952148
6 <---> 4 : 4.183769226074219
6 <---> 2 : 3.8967132568359375
6 <---> 1 : 3.506183624267578
discovery--->==================================== discovery ====================================
discovery---> cls: [(3, 4), (3, 5), (4, 1), (4, 5), (4, 6), (1, 6), (2, 6), (2, 5)]
discovery--->=============================================================================
==================================== link detector ====================================

----------------------------
src    dst :    delay
3 <---> 4 : 4.459619522094727
3 <---> 5 : 3.7064552307128906
1 <---> 4 : 3.835916519165039
1 <---> 6 : 4.107952117919922
2 <---> 6 : 4.553318023681641
2 <---> 5 : 3.470182418823242
4 <---> 5 : 3.6118030548095703
4 <---> 3 : 4.285335540771484
4 <---> 6 : 3.065347671508789
4 <---> 1 : 4.180669784545898
5 <---> 3 : 2.7348995208740234
5 <---> 2 : 4.242897033691406
5 <---> 4 : 3.103971481323242
6 <---> 4 : 4.283428192138672
6 <---> 2 : 3.2033920288085938
6 <---> 1 : 2.6617050170898438
discovery--->==================================== discovery ====================================
discovery---> cls: [(3, 4), (3, 5), (4, 1), (4, 5), (4, 6), (1, 6), (2, 6), (2, 5)]
discovery--->=============================================================================
==================================== link detector ====================================

----------------------------
src    dst :    delay
3 <---> 4 : 4.224538803100586
3 <---> 5 : 4.147052764892578
1 <---> 4 : 4.289388656616211
1 <---> 6 : 4.0149688720703125
2 <---> 6 : 3.263711929321289
2 <---> 5 : 4.220485687255859
4 <---> 5 : 4.041194915771484
4 <---> 3 : 4.207134246826172
4 <---> 6 : 3.3502578735351562
4 <---> 1 : 4.1294097900390625
5 <---> 3 : 4.3010711669921875
5 <---> 2 : 4.114866256713867
5 <---> 4 : 3.6306381225585938
6 <---> 4 : 2.796649932861328
6 <---> 2 : 3.2050609588623047
6 <---> 1 : 3.291606903076172
==================================== link detector ====================================

----------------------------
src    dst :    delay
3 <---> 4 : 4.325628280639648
3 <---> 5 : 4.369974136352539
1 <---> 4 : 2.930164337158203
1 <---> 6 : 3.3245086669921875
2 <---> 6 : 2.8409957885742188
2 <---> 5 : 2.760648727416992
4 <---> 5 : 2.650737762451172
4 <---> 3 : 4.418134689331055
4 <---> 6 : 4.164457321166992
4 <---> 1 : 3.1075477600097656
5 <---> 3 : 4.126310348510742
5 <---> 2 : 2.501249313354492
5 <---> 4 : 4.314422607421875
6 <---> 4 : 4.564762115478516
6 <---> 2 : 3.590822219848633
6 <---> 1 : 4.20689582824707
discovery--->==================================== discovery ====================================
discovery---> cls: [(3, 4), (3, 5), (4, 1), (4, 5), (4, 6), (1, 6), (2, 6), (2, 5)]
discovery--->=============================================================================
==================================== link detector ====================================

----------------------------
src    dst :    delay
3 <---> 4 : 2.7899742126464844
3 <---> 5 : 4.19306755065918
1 <---> 4 : 3.192424774169922
1 <---> 6 : 4.058599472045898
2 <---> 6 : 4.321098327636719
2 <---> 5 : 4.371404647827148
4 <---> 5 : 3.5736560821533203
4 <---> 3 : 4.22978401184082
4 <---> 6 : 3.9756298065185547
4 <---> 1 : 4.112958908081055
5 <---> 3 : 2.7370452880859375
5 <---> 2 : 4.041433334350586
5 <---> 4 : 2.743959426879883
6 <---> 4 : 3.0820369720458984
6 <---> 2 : 4.367828369140625
6 <---> 1 : 2.7866363525390625
discovery--->==================================== discovery ====================================
discovery---> cls: [(3, 4), (3, 5), (4, 1), (4, 5), (4, 6), (1, 6), (2, 6), (2, 5)]
discovery--->=============================================================================
==================================== link detector ====================================

----------------------------
src    dst :    delay
3 <---> 4 : 4.290342330932617
3 <---> 5 : 3.2072067260742188
1 <---> 4 : 4.224061965942383
1 <---> 6 : 3.564119338989258
2 <---> 6 : 4.6443939208984375
2 <---> 5 : 3.206491470336914
4 <---> 5 : 4.326581954956055
4 <---> 3 : 4.287481307983398
4 <---> 6 : 2.716541290283203
4 <---> 1 : 4.237174987792969
5 <---> 3 : 4.250288009643555
5 <---> 2 : 2.727031707763672
5 <---> 4 : 2.8853416442871094
6 <---> 4 : 4.373073577880859
6 <---> 2 : 3.1435489654541016
6 <---> 1 : 3.5293102264404297
==================================== link detector ====================================

----------------------------
src    dst :    delay
3 <---> 4 : 4.168510437011719
3 <---> 5 : 3.6787986755371094
1 <---> 4 : 3.8352012634277344
1 <---> 6 : 3.5431385040283203
2 <---> 6 : 2.3550987243652344
2 <---> 5 : 3.2944679260253906
4 <---> 5 : 4.256248474121094
4 <---> 3 : 3.7336349487304688
4 <---> 6 : 2.415180206298828
4 <---> 1 : 3.246307373046875
5 <---> 3 : 2.806425094604492
5 <---> 2 : 3.0634403228759766
5 <---> 4 : 3.6628246307373047
6 <---> 4 : 3.5762786865234375
6 <---> 2 : 3.2944679260253906
6 <---> 1 : 4.094600677490234
discovery--->==================================== discovery ====================================
discovery---> cls: [(3, 4), (3, 5), (4, 1), (4, 5), (4, 6), (1, 6), (2, 6), (2, 5)]
discovery--->=============================================================================
==================================== link detector ====================================

----------------------------
src    dst :    delay
3 <---> 4 : 3.0672550201416016
3 <---> 5 : 3.5402774810791016
1 <---> 4 : 3.769397735595703
1 <---> 6 : 2.397775650024414
2 <---> 6 : 3.3750534057617188
2 <---> 5 : 3.052234649658203
4 <---> 5 : 2.8471946716308594
4 <---> 3 : 3.1812191009521484
4 <---> 6 : 3.4766197204589844
4 <---> 1 : 3.627300262451172
5 <---> 3 : 3.932952880859375
5 <---> 2 : 3.062009811401367
5 <---> 4 : 3.8726329803466797
6 <---> 4 : 3.072023391723633
6 <---> 2 : 3.1659603118896484
6 <---> 1 : 3.1440258026123047
discovery--->==================================== discovery ====================================
discovery---> cls: [(3, 4), (3, 5), (4, 1), (4, 5), (4, 6), (1, 6), (2, 6), (2, 5)]
discovery--->=============================================================================
==================================== link detector ====================================

----------------------------
src    dst :    delay
3 <---> 4 : 4.235506057739258
3 <---> 5 : 4.142522811889648
1 <---> 4 : 3.309488296508789
1 <---> 6 : 2.8238296508789062
2 <---> 6 : 4.328489303588867
2 <---> 5 : 3.1816959381103516
4 <---> 5 : 3.7598609924316406
4 <---> 3 : 4.205465316772461
4 <---> 6 : 2.7446746826171875
4 <---> 1 : 3.3545494079589844
5 <---> 3 : 3.5126209259033203
5 <---> 2 : 3.447294235229492
5 <---> 4 : 3.2668113708496094
6 <---> 4 : 3.4220218658447266
6 <---> 2 : 3.478527069091797
6 <---> 1 : 3.4263134002685547
==================================== link detector ====================================

----------------------------
src    dst :    delay
3 <---> 4 : 3.614664077758789
3 <---> 5 : 2.622842788696289
1 <---> 4 : 2.4182796478271484
1 <---> 6 : 2.1545886993408203
2 <---> 6 : 3.4492015838623047
2 <---> 5 : 2.6547908782958984
4 <---> 5 : 2.817392349243164
4 <---> 3 : 3.1070709228515625
4 <---> 6 : 4.232883453369141
4 <---> 1 : 3.88336181640625
5 <---> 3 : 2.2270679473876953
5 <---> 2 : 2.462625503540039
5 <---> 4 : 3.5893917083740234
6 <---> 4 : 4.319667816162109
6 <---> 2 : 3.877401351928711
6 <---> 1 : 4.082679748535156
shortest=====>[PATH] [192.168.0.1 <----> 192.168.0.2]: [3, 4]
network_shorest_path: Exception occurred during handler processing. Backtrace from offending handler [_packet_in_handler] servicing event [EventOFPPacketIn] follows.
Traceback (most recent call last):
  File "/usr/local/lib/python3.6/dist-packages/ryu/base/app_manager.py", line 290, in _event_loop
    handler(ev)
  File "/home/terry/LJQ/Task/ryu/network_shortest_path.py", line 103, in _packet_in_handler
    self.calculate_shortest_paths(msg, eth_type, ipv4_pkt.src, ipv4_pkt.dst)
  File "/home/terry/LJQ/Task/ryu/network_shortest_path.py", line 119, in calculate_shortest_paths
    path = self.calculate_path(src_switch, dst_switch)
  File "/home/terry/LJQ/Task/ryu/network_shortest_path.py", line 163, in calculate_path
    self.network_structure.calculate_shortest_paths(src_dpid, dst_dpid, self.network_structure.calculate_weight)
  File "/home/terry/LJQ/Task/ryu/network_structure.py", line 235, in calculate_shortest_paths
    weight=weight, method=setting.METHOD)
  File "/home/terry/.local/lib/python3.6/site-packages/networkx/algorithms/shortest_paths/generic.py", line 162, in shortest_path
    paths = nx.dijkstra_path(G, source, target, weight)
  File "/home/terry/.local/lib/python3.6/site-packages/networkx/algorithms/shortest_paths/weighted.py", line 157, in dijkstra_path
    (length, path) = single_source_dijkstra(G, source, target=target, weight=weight)
  File "/home/terry/.local/lib/python3.6/site-packages/networkx/algorithms/shortest_paths/weighted.py", line 465, in single_source_dijkstra
    G, {source}, cutoff=cutoff, target=target, weight=weight
  File "/home/terry/.local/lib/python3.6/site-packages/networkx/algorithms/shortest_paths/weighted.py", line 723, in multi_source_dijkstra
    G, sources, weight, paths=paths, cutoff=cutoff, target=target
  File "/home/terry/.local/lib/python3.6/site-packages/networkx/algorithms/shortest_paths/weighted.py", line 831, in _dijkstra_multisource
    raise ValueError("Contradictory paths found:", "negative weights?")
ValueError: ('Contradictory paths found:', 'negative weights?')
discovery--->==================================== discovery ====================================
discovery---> cls: [(3, 4), (3, 5), (4, 1), (4, 5), (4, 6), (1, 6), (2, 6), (2, 5)]
discovery--->=============================================================================
==================================== link detector ====================================

----------------------------
src    dst :    delay
3 <---> 4 : 4.196882247924805
3 <---> 5 : 4.10914421081543
1 <---> 4 : 2.7379989624023438
1 <---> 6 : 2.357006072998047
2 <---> 6 : 3.174304962158203
2 <---> 5 : 3.337383270263672
4 <---> 5 : 2.5348663330078125
4 <---> 3 : 3.900289535522461
4 <---> 6 : 3.2112598419189453
4 <---> 1 : 3.879070281982422
5 <---> 3 : 3.2842159271240234
5 <---> 2 : 3.097057342529297
5 <---> 4 : 3.206491470336914
6 <---> 4 : 2.7284622192382812
6 <---> 2 : 2.714395523071289
6 <---> 1 : 3.751993179321289
discovery--->==================================== discovery ====================================
discovery---> cls: [(3, 4), (3, 5), (4, 1), (4, 5), (4, 6), (1, 6), (2, 6), (2, 5)]
discovery--->=============================================================================
==================================== link detector ====================================

----------------------------
src    dst :    delay
3 <---> 4 : 4.042387008666992
3 <---> 5 : 3.870248794555664
1 <---> 4 : 2.977132797241211
1 <---> 6 : 2.9168128967285156
2 <---> 6 : 2.747774124145508
2 <---> 5 : 3.5228729248046875
4 <---> 5 : 2.9358863830566406
4 <---> 3 : 4.2400360107421875
4 <---> 6 : 3.446340560913086
4 <---> 1 : 2.715587615966797
5 <---> 3 : 3.998994827270508
5 <---> 2 : 2.4178028106689453
5 <---> 4 : 2.809286117553711
6 <---> 4 : 2.637624740600586
6 <---> 2 : 3.0984878540039062
6 <---> 1 : 3.2727718353271484
==================================== link detector ====================================

----------------------------
src    dst :    delay
3 <---> 4 : 3.1228065490722656
3 <---> 5 : 3.0078887939453125
1 <---> 4 : 2.3775100708007812
1 <---> 6 : 5.377292633056641
2 <---> 6 : 3.946065902709961
2 <---> 5 : 2.8510093688964844
4 <---> 5 : 4.948139190673828
4 <---> 3 : 4.339694976806641
4 <---> 6 : 3.618001937866211
4 <---> 1 : 4.253149032592773
5 <---> 3 : 2.8874874114990234
5 <---> 2 : 4.630327224731445
5 <---> 4 : 2.8226375579833984
6 <---> 4 : 4.29844856262207
6 <---> 2 : 2.582550048828125
6 <---> 1 : 4.189491271972656
network_shorest_path: Exception occurred during handler processing. Backtrace from offending handler [_packet_in_handler] servicing event [EventOFPPacketIn] follows.
Traceback (most recent call last):
  File "/usr/local/lib/python3.6/dist-packages/ryu/base/app_manager.py", line 290, in _event_loop
    handler(ev)
  File "/home/terry/LJQ/Task/ryu/network_shortest_path.py", line 103, in _packet_in_handler
    self.calculate_shortest_paths(msg, eth_type, ipv4_pkt.src, ipv4_pkt.dst)
  File "/home/terry/LJQ/Task/ryu/network_shortest_path.py", line 119, in calculate_shortest_paths
    path = self.calculate_path(src_switch, dst_switch)
  File "/home/terry/LJQ/Task/ryu/network_shortest_path.py", line 163, in calculate_path
    self.network_structure.calculate_shortest_paths(src_dpid, dst_dpid, self.network_structure.calculate_weight)
  File "/home/terry/LJQ/Task/ryu/network_structure.py", line 235, in calculate_shortest_paths
    weight=weight, method=setting.METHOD)
  File "/home/terry/.local/lib/python3.6/site-packages/networkx/algorithms/shortest_paths/generic.py", line 162, in shortest_path
    paths = nx.dijkstra_path(G, source, target, weight)
  File "/home/terry/.local/lib/python3.6/site-packages/networkx/algorithms/shortest_paths/weighted.py", line 157, in dijkstra_path
    (length, path) = single_source_dijkstra(G, source, target=target, weight=weight)
  File "/home/terry/.local/lib/python3.6/site-packages/networkx/algorithms/shortest_paths/weighted.py", line 465, in single_source_dijkstra
    G, {source}, cutoff=cutoff, target=target, weight=weight
  File "/home/terry/.local/lib/python3.6/site-packages/networkx/algorithms/shortest_paths/weighted.py", line 723, in multi_source_dijkstra
    G, sources, weight, paths=paths, cutoff=cutoff, target=target
  File "/home/terry/.local/lib/python3.6/site-packages/networkx/algorithms/shortest_paths/weighted.py", line 831, in _dijkstra_multisource
    raise ValueError("Contradictory paths found:", "negative weights?")
ValueError: ('Contradictory paths found:', 'negative weights?')
discovery--->==================================== discovery ====================================
discovery---> cls: [(3, 4), (3, 5), (4, 1), (4, 5), (4, 6), (1, 6), (2, 6), (2, 5)]
discovery--->=============================================================================
==================================== link detector ====================================

----------------------------
src    dst :    delay
3 <---> 4 : 2.453327178955078
3 <---> 5 : 2.750873565673828
1 <---> 4 : 3.36456298828125
1 <---> 6 : 3.3500194549560547
2 <---> 6 : 3.2815933227539062
2 <---> 5 : 3.392457962036133
4 <---> 5 : 3.5369396209716797
4 <---> 3 : 2.982616424560547
4 <---> 6 : 3.6995410919189453
4 <---> 1 : 3.5948753356933594
5 <---> 3 : 3.3371448516845703
5 <---> 2 : 3.248453140258789
5 <---> 4 : 4.349708557128906
6 <---> 4 : 4.341363906860352
6 <---> 2 : 3.1850337982177734
6 <---> 1 : 3.869295120239258
discovery--->==================================== discovery ====================================
discovery---> cls: [(3, 4), (3, 5), (4, 1), (4, 5), (4, 6), (1, 6), (2, 6), (2, 5)]
discovery--->=============================================================================
==================================== link detector ====================================

----------------------------
src    dst :    delay
3 <---> 4 : 4.347801208496094
3 <---> 5 : 2.978086471557617
1 <---> 4 : 3.371715545654297
1 <---> 6 : 2.2063255310058594
2 <---> 6 : 3.926992416381836
2 <---> 5 : 3.180265426635742
4 <---> 5 : 3.109455108642578
4 <---> 3 : 3.6280155181884766
4 <---> 6 : 4.097938537597656
4 <---> 1 : 4.24957275390625
5 <---> 3 : 3.1251907348632812
5 <---> 2 : 3.0622482299804688
5 <---> 4 : 2.9816627502441406
6 <---> 4 : 3.0236244201660156
6 <---> 2 : 3.705263137817383
6 <---> 1 : 3.6830902099609375
==================================== link detector ====================================

----------------------------
src    dst :    delay
3 <---> 4 : 3.855466842651367
3 <---> 5 : 3.8344860076904297
1 <---> 4 : 4.337310791015625
1 <---> 6 : 4.145383834838867
2 <---> 6 : 3.5572052001953125
2 <---> 5 : 2.7244091033935547
4 <---> 5 : 3.180265426635742
4 <---> 3 : 4.65083122253418
4 <---> 6 : 2.8867721557617188
4 <---> 1 : 2.385854721069336
5 <---> 3 : 4.174470901489258
5 <---> 2 : 4.159212112426758
5 <---> 4 : 4.2018890380859375
6 <---> 4 : 2.6640892028808594
6 <---> 2 : 2.3980140686035156
6 <---> 1 : 4.483938217163086
network_shorest_path: Exception occurred during handler processing. Backtrace from offending handler [_packet_in_handler] servicing event [EventOFPPacketIn] follows.
Traceback (most recent call last):
  File "/usr/local/lib/python3.6/dist-packages/ryu/base/app_manager.py", line 290, in _event_loop
    handler(ev)
  File "/home/terry/LJQ/Task/ryu/network_shortest_path.py", line 103, in _packet_in_handler
    self.calculate_shortest_paths(msg, eth_type, ipv4_pkt.src, ipv4_pkt.dst)
  File "/home/terry/LJQ/Task/ryu/network_shortest_path.py", line 119, in calculate_shortest_paths
    path = self.calculate_path(src_switch, dst_switch)
  File "/home/terry/LJQ/Task/ryu/network_shortest_path.py", line 163, in calculate_path
    self.network_structure.calculate_shortest_paths(src_dpid, dst_dpid, self.network_structure.calculate_weight)
  File "/home/terry/LJQ/Task/ryu/network_structure.py", line 235, in calculate_shortest_paths
    weight=weight, method=setting.METHOD)
  File "/home/terry/.local/lib/python3.6/site-packages/networkx/algorithms/shortest_paths/generic.py", line 162, in shortest_path
    paths = nx.dijkstra_path(G, source, target, weight)
  File "/home/terry/.local/lib/python3.6/site-packages/networkx/algorithms/shortest_paths/weighted.py", line 157, in dijkstra_path
    (length, path) = single_source_dijkstra(G, source, target=target, weight=weight)
  File "/home/terry/.local/lib/python3.6/site-packages/networkx/algorithms/shortest_paths/weighted.py", line 465, in single_source_dijkstra
    G, {source}, cutoff=cutoff, target=target, weight=weight
  File "/home/terry/.local/lib/python3.6/site-packages/networkx/algorithms/shortest_paths/weighted.py", line 723, in multi_source_dijkstra
    G, sources, weight, paths=paths, cutoff=cutoff, target=target
  File "/home/terry/.local/lib/python3.6/site-packages/networkx/algorithms/shortest_paths/weighted.py", line 831, in _dijkstra_multisource
    raise ValueError("Contradictory paths found:", "negative weights?")
ValueError: ('Contradictory paths found:', 'negative weights?')
discovery--->==================================== discovery ====================================
discovery---> cls: [(3, 4), (3, 5), (4, 1), (4, 5), (4, 6), (1, 6), (2, 6), (2, 5)]
discovery--->=============================================================================
==================================== link detector ====================================

----------------------------
src    dst :    delay
3 <---> 4 : 2.35748291015625
3 <---> 5 : 4.356622695922852
1 <---> 4 : 3.0298233032226562
1 <---> 6 : 2.698659896850586
2 <---> 6 : 4.203081130981445
2 <---> 5 : 4.136800765991211
4 <---> 5 : 3.1800270080566406
4 <---> 3 : 2.9726028442382812
4 <---> 6 : 4.259824752807617
4 <---> 1 : 2.7251243591308594
5 <---> 3 : 2.747774124145508
5 <---> 2 : 4.412174224853516
5 <---> 4 : 3.923654556274414
6 <---> 4 : 3.245115280151367
6 <---> 2 : 4.113435745239258
6 <---> 1 : 2.691507339477539
discovery--->==================================== discovery ====================================
discovery---> cls: [(3, 4), (3, 5), (4, 1), (4, 5), (4, 6), (1, 6), (2, 6), (2, 5)]
discovery--->=============================================================================
==================================== link detector ====================================

----------------------------
src    dst :    delay
3 <---> 4 : 4.501581192016602
3 <---> 5 : 3.133535385131836
1 <---> 4 : 4.092216491699219
1 <---> 6 : 4.1217803955078125
2 <---> 6 : 4.210233688354492
2 <---> 5 : 2.7828216552734375
4 <---> 5 : 3.3605098724365234
4 <---> 3 : 4.310131072998047
4 <---> 6 : 4.22215461730957
4 <---> 1 : 3.387928009033203
5 <---> 3 : 3.265380859375
5 <---> 2 : 4.190206527709961
5 <---> 4 : 3.276824951171875
6 <---> 4 : 4.163265228271484
6 <---> 2 : 3.268718719482422
6 <---> 1 : 4.366636276245117
==================================== link detector ====================================

----------------------------
src    dst :    delay
3 <---> 4 : 2.7420520782470703
3 <---> 5 : 4.228830337524414
1 <---> 4 : 3.597259521484375
1 <---> 6 : 3.664731979370117
2 <---> 6 : 3.095388412475586
2 <---> 5 : 3.0364990234375
4 <---> 5 : 4.248619079589844
4 <---> 3 : 2.974987030029297
4 <---> 6 : 2.995014190673828
4 <---> 1 : 4.287958145141602
5 <---> 3 : 4.0760040283203125
5 <---> 2 : 4.176139831542969
5 <---> 4 : 4.367828369140625
6 <---> 4 : 4.403114318847656
6 <---> 2 : 4.083156585693359
6 <---> 1 : 2.614736557006836
network_shorest_path: Exception occurred during handler processing. Backtrace from offending handler [_packet_in_handler] servicing event [EventOFPPacketIn] follows.
Traceback (most recent call last):
  File "/usr/local/lib/python3.6/dist-packages/ryu/base/app_manager.py", line 290, in _event_loop
    handler(ev)
  File "/home/terry/LJQ/Task/ryu/network_shortest_path.py", line 103, in _packet_in_handler
    self.calculate_shortest_paths(msg, eth_type, ipv4_pkt.src, ipv4_pkt.dst)
  File "/home/terry/LJQ/Task/ryu/network_shortest_path.py", line 119, in calculate_shortest_paths
    path = self.calculate_path(src_switch, dst_switch)
  File "/home/terry/LJQ/Task/ryu/network_shortest_path.py", line 163, in calculate_path
    self.network_structure.calculate_shortest_paths(src_dpid, dst_dpid, self.network_structure.calculate_weight)
  File "/home/terry/LJQ/Task/ryu/network_structure.py", line 235, in calculate_shortest_paths
    weight=weight, method=setting.METHOD)
  File "/home/terry/.local/lib/python3.6/site-packages/networkx/algorithms/shortest_paths/generic.py", line 162, in shortest_path
    paths = nx.dijkstra_path(G, source, target, weight)
  File "/home/terry/.local/lib/python3.6/site-packages/networkx/algorithms/shortest_paths/weighted.py", line 157, in dijkstra_path
    (length, path) = single_source_dijkstra(G, source, target=target, weight=weight)
  File "/home/terry/.local/lib/python3.6/site-packages/networkx/algorithms/shortest_paths/weighted.py", line 465, in single_source_dijkstra
    G, {source}, cutoff=cutoff, target=target, weight=weight
  File "/home/terry/.local/lib/python3.6/site-packages/networkx/algorithms/shortest_paths/weighted.py", line 723, in multi_source_dijkstra
    G, sources, weight, paths=paths, cutoff=cutoff, target=target
  File "/home/terry/.local/lib/python3.6/site-packages/networkx/algorithms/shortest_paths/weighted.py", line 831, in _dijkstra_multisource
    raise ValueError("Contradictory paths found:", "negative weights?")
ValueError: ('Contradictory paths found:', 'negative weights?')
discovery--->==================================== discovery ====================================
discovery---> cls: [(3, 4), (3, 5), (4, 1), (4, 5), (4, 6), (1, 6), (2, 6), (2, 5)]
discovery--->=============================================================================
==================================== link detector ====================================

----------------------------
src    dst :    delay
3 <---> 4 : 3.129243850708008
3 <---> 5 : 2.6950836181640625
1 <---> 4 : 3.3485889434814453
1 <---> 6 : 4.121065139770508
2 <---> 6 : 2.791881561279297
2 <---> 5 : 4.251956939697266
4 <---> 5 : 3.1058788299560547
4 <---> 3 : 2.496957778930664
4 <---> 6 : 4.306554794311523
4 <---> 1 : 4.234552383422852
5 <---> 3 : 2.7666091918945312
5 <---> 2 : 4.133462905883789
5 <---> 4 : 4.026174545288086
6 <---> 4 : 4.344701766967773
6 <---> 2 : 4.196643829345703
6 <---> 1 : 4.238367080688477
discovery--->==================================== discovery ====================================
discovery---> cls: [(3, 4), (3, 5), (4, 1), (4, 5), (4, 6), (1, 6), (2, 6), (2, 5)]
discovery--->=============================================================================
==================================== link detector ====================================

----------------------------
src    dst :    delay
3 <---> 4 : 3.465414047241211
3 <---> 5 : 3.4837722778320312
1 <---> 4 : 3.3812522888183594
1 <---> 6 : 3.3135414123535156
2 <---> 6 : 3.4072399139404297
2 <---> 5 : 3.5257339477539062
4 <---> 5 : 5.179882049560547
4 <---> 3 : 4.307985305786133
4 <---> 6 : 4.274845123291016
4 <---> 1 : 4.402875900268555
5 <---> 3 : 4.133462905883789
5 <---> 2 : 4.245758056640625
5 <---> 4 : 2.468585968017578
6 <---> 4 : 2.6674270629882812
6 <---> 2 : 4.185199737548828
6 <---> 1 : 4.192352294921875
==================================== link detector ====================================

----------------------------
src    dst :    delay
3 <---> 4 : 4.436492919921875
3 <---> 5 : 2.72369384765625
1 <---> 4 : 3.593921661376953
1 <---> 6 : 2.7136802673339844
2 <---> 6 : 2.64739990234375
2 <---> 5 : 2.3186206817626953
4 <---> 5 : 2.995729446411133
4 <---> 3 : 3.2167434692382812
4 <---> 6 : 2.811431884765625
4 <---> 1 : 2.7773380279541016
5 <---> 3 : 2.7687549591064453
5 <---> 2 : 4.205465316772461
5 <---> 4 : 4.394054412841797
6 <---> 4 : 4.294395446777344
6 <---> 2 : 4.147052764892578
6 <---> 1 : 4.193544387817383
network_shorest_path: Exception occurred during handler processing. Backtrace from offending handler [_packet_in_handler] servicing event [EventOFPPacketIn] follows.
Traceback (most recent call last):
  File "/usr/local/lib/python3.6/dist-packages/ryu/base/app_manager.py", line 290, in _event_loop
    handler(ev)
  File "/home/terry/LJQ/Task/ryu/network_shortest_path.py", line 103, in _packet_in_handler
    self.calculate_shortest_paths(msg, eth_type, ipv4_pkt.src, ipv4_pkt.dst)
  File "/home/terry/LJQ/Task/ryu/network_shortest_path.py", line 119, in calculate_shortest_paths
    path = self.calculate_path(src_switch, dst_switch)
  File "/home/terry/LJQ/Task/ryu/network_shortest_path.py", line 163, in calculate_path
    self.network_structure.calculate_shortest_paths(src_dpid, dst_dpid, self.network_structure.calculate_weight)
  File "/home/terry/LJQ/Task/ryu/network_structure.py", line 235, in calculate_shortest_paths
    weight=weight, method=setting.METHOD)
  File "/home/terry/.local/lib/python3.6/site-packages/networkx/algorithms/shortest_paths/generic.py", line 162, in shortest_path
    paths = nx.dijkstra_path(G, source, target, weight)
  File "/home/terry/.local/lib/python3.6/site-packages/networkx/algorithms/shortest_paths/weighted.py", line 157, in dijkstra_path
    (length, path) = single_source_dijkstra(G, source, target=target, weight=weight)
  File "/home/terry/.local/lib/python3.6/site-packages/networkx/algorithms/shortest_paths/weighted.py", line 465, in single_source_dijkstra
    G, {source}, cutoff=cutoff, target=target, weight=weight
  File "/home/terry/.local/lib/python3.6/site-packages/networkx/algorithms/shortest_paths/weighted.py", line 723, in multi_source_dijkstra
    G, sources, weight, paths=paths, cutoff=cutoff, target=target
  File "/home/terry/.local/lib/python3.6/site-packages/networkx/algorithms/shortest_paths/weighted.py", line 831, in _dijkstra_multisource
    raise ValueError("Contradictory paths found:", "negative weights?")
ValueError: ('Contradictory paths found:', 'negative weights?')
discovery--->==================================== discovery ====================================
discovery---> cls: [(3, 4), (3, 5), (4, 1), (4, 5), (4, 6), (1, 6), (2, 6), (2, 5)]
discovery--->=============================================================================
==================================== link detector ====================================

----------------------------
src    dst :    delay
3 <---> 4 : 2.7663707733154297
3 <---> 5 : 4.402399063110352
1 <---> 4 : 3.563404083251953
1 <---> 6 : 4.127025604248047
2 <---> 6 : 3.155946731567383
2 <---> 5 : 4.39906120300293
4 <---> 5 : 3.665447235107422
4 <---> 3 : 3.1027793884277344
4 <---> 6 : 4.153251647949219
4 <---> 1 : 3.863811492919922
5 <---> 3 : 4.238367080688477
5 <---> 2 : 4.470586776733398
5 <---> 4 : 3.5696029663085938
6 <---> 4 : 3.0388832092285156
6 <---> 2 : 3.234386444091797
6 <---> 1 : 3.2553672790527344
discovery--->==================================== discovery ====================================
discovery---> cls: [(3, 4), (3, 5), (4, 1), (4, 5), (4, 6), (1, 6), (2, 6), (2, 5)]
discovery--->=============================================================================
==================================== link detector ====================================

----------------------------
src    dst :    delay
3 <---> 4 : 4.099369049072266
3 <---> 5 : 3.1261444091796875
1 <---> 4 : 3.5927295684814453
1 <---> 6 : 2.564668655395508
2 <---> 6 : 3.320455551147461
2 <---> 5 : 2.9473304748535156
4 <---> 5 : 4.039764404296875
4 <---> 3 : 4.341363906860352
4 <---> 6 : 3.3690929412841797
4 <---> 1 : 4.283666610717773
5 <---> 3 : 3.029346466064453
5 <---> 2 : 3.5004615783691406
5 <---> 4 : 2.834320068359375
6 <---> 4 : 4.669904708862305
6 <---> 2 : 2.5696754455566406
6 <---> 1 : 3.4122467041015625
==================================== link detector ====================================

----------------------------
src    dst :    delay
3 <---> 4 : 4.366636276245117
3 <---> 5 : 2.754688262939453
1 <---> 4 : 3.086566925048828
1 <---> 6 : 2.8426647186279297
2 <---> 6 : 4.395961761474609
2 <---> 5 : 4.323244094848633
4 <---> 5 : 4.385471343994141
4 <---> 3 : 4.355907440185547
4 <---> 6 : 3.5173892974853516
4 <---> 1 : 2.7649402618408203
5 <---> 3 : 4.311800003051758
5 <---> 2 : 2.826690673828125
5 <---> 4 : 4.30607795715332
6 <---> 4 : 4.3487548828125
6 <---> 2 : 4.206657409667969
6 <---> 1 : 4.182577133178711
network_shorest_path: Exception occurred during handler processing. Backtrace from offending handler [_packet_in_handler] servicing event [EventOFPPacketIn] follows.
Traceback (most recent call last):
  File "/usr/local/lib/python3.6/dist-packages/ryu/base/app_manager.py", line 290, in _event_loop
    handler(ev)
  File "/home/terry/LJQ/Task/ryu/network_shortest_path.py", line 103, in _packet_in_handler
    self.calculate_shortest_paths(msg, eth_type, ipv4_pkt.src, ipv4_pkt.dst)
  File "/home/terry/LJQ/Task/ryu/network_shortest_path.py", line 119, in calculate_shortest_paths
    path = self.calculate_path(src_switch, dst_switch)
  File "/home/terry/LJQ/Task/ryu/network_shortest_path.py", line 163, in calculate_path
    self.network_structure.calculate_shortest_paths(src_dpid, dst_dpid, self.network_structure.calculate_weight)
  File "/home/terry/LJQ/Task/ryu/network_structure.py", line 235, in calculate_shortest_paths
    weight=weight, method=setting.METHOD)
  File "/home/terry/.local/lib/python3.6/site-packages/networkx/algorithms/shortest_paths/generic.py", line 162, in shortest_path
    paths = nx.dijkstra_path(G, source, target, weight)
  File "/home/terry/.local/lib/python3.6/site-packages/networkx/algorithms/shortest_paths/weighted.py", line 157, in dijkstra_path
    (length, path) = single_source_dijkstra(G, source, target=target, weight=weight)
  File "/home/terry/.local/lib/python3.6/site-packages/networkx/algorithms/shortest_paths/weighted.py", line 465, in single_source_dijkstra
    G, {source}, cutoff=cutoff, target=target, weight=weight
  File "/home/terry/.local/lib/python3.6/site-packages/networkx/algorithms/shortest_paths/weighted.py", line 723, in multi_source_dijkstra
    G, sources, weight, paths=paths, cutoff=cutoff, target=target
  File "/home/terry/.local/lib/python3.6/site-packages/networkx/algorithms/shortest_paths/weighted.py", line 831, in _dijkstra_multisource
    raise ValueError("Contradictory paths found:", "negative weights?")
ValueError: ('Contradictory paths found:', 'negative weights?')
discovery--->==================================== discovery ====================================
discovery---> cls: [(3, 4), (3, 5), (4, 1), (4, 5), (4, 6), (1, 6), (2, 6), (2, 5)]
discovery--->=============================================================================
==================================== link detector ====================================

----------------------------
src    dst :    delay
3 <---> 4 : 3.0531883239746094
3 <---> 5 : 3.947734832763672
1 <---> 4 : 2.391338348388672
1 <---> 6 : 3.159046173095703
2 <---> 6 : 4.25410270690918
2 <---> 5 : 4.1351318359375
4 <---> 5 : 2.995014190673828
4 <---> 3 : 3.3576488494873047
4 <---> 6 : 3.1273365020751953
4 <---> 1 : 2.6161670684814453
5 <---> 3 : 4.321098327636719
5 <---> 2 : 2.7327537536621094
5 <---> 4 : 3.9877891540527344
6 <---> 4 : 3.347158432006836
6 <---> 2 : 4.216909408569336
6 <---> 1 : 3.760099411010742
discovery--->==================================== discovery ====================================
discovery---> cls: [(3, 4), (3, 5), (4, 1), (4, 5), (4, 6), (1, 6), (2, 6), (2, 5)]
discovery--->=============================================================================
==================================== link detector ====================================

----------------------------
src    dst :    delay
3 <---> 4 : 2.761363983154297
3 <---> 5 : 4.360437393188477
1 <---> 4 : 2.543926239013672
1 <---> 6 : 2.5963783264160156
2 <---> 6 : 3.3032894134521484
2 <---> 5 : 4.1561126708984375
4 <---> 5 : 4.299163818359375
4 <---> 3 : 3.0553340911865234
4 <---> 6 : 4.471302032470703
4 <---> 1 : 3.687620162963867
5 <---> 3 : 4.357337951660156
5 <---> 2 : 4.153013229370117
5 <---> 4 : 3.381967544555664
6 <---> 4 : 3.0210018157958984
6 <---> 2 : 3.0698776245117188
6 <---> 1 : 3.4143924713134766
==================================== link detector ====================================

----------------------------
src    dst :    delay
3 <---> 4 : 3.0660629272460938
3 <---> 5 : 3.033161163330078
1 <---> 4 : 2.7153491973876953
1 <---> 6 : 3.537893295288086
2 <---> 6 : 2.190828323364258
2 <---> 5 : 3.1762123107910156
4 <---> 5 : 4.007816314697266
4 <---> 3 : 2.774477005004883
4 <---> 6 : 3.456592559814453
4 <---> 1 : 2.395153045654297
5 <---> 3 : 2.6962757110595703
5 <---> 2 : 2.481698989868164
5 <---> 4 : 2.491474151611328
6 <---> 4 : 4.496097564697266
6 <---> 2 : 3.266572952270508
6 <---> 1 : 4.407644271850586
network_shorest_path: Exception occurred during handler processing. Backtrace from offending handler [_packet_in_handler] servicing event [EventOFPPacketIn] follows.
Traceback (most recent call last):
  File "/usr/local/lib/python3.6/dist-packages/ryu/base/app_manager.py", line 290, in _event_loop
    handler(ev)
  File "/home/terry/LJQ/Task/ryu/network_shortest_path.py", line 103, in _packet_in_handler
    self.calculate_shortest_paths(msg, eth_type, ipv4_pkt.src, ipv4_pkt.dst)
  File "/home/terry/LJQ/Task/ryu/network_shortest_path.py", line 119, in calculate_shortest_paths
    path = self.calculate_path(src_switch, dst_switch)
  File "/home/terry/LJQ/Task/ryu/network_shortest_path.py", line 163, in calculate_path
    self.network_structure.calculate_shortest_paths(src_dpid, dst_dpid, self.network_structure.calculate_weight)
  File "/home/terry/LJQ/Task/ryu/network_structure.py", line 235, in calculate_shortest_paths
    weight=weight, method=setting.METHOD)
  File "/home/terry/.local/lib/python3.6/site-packages/networkx/algorithms/shortest_paths/generic.py", line 162, in shortest_path
    paths = nx.dijkstra_path(G, source, target, weight)
  File "/home/terry/.local/lib/python3.6/site-packages/networkx/algorithms/shortest_paths/weighted.py", line 157, in dijkstra_path
    (length, path) = single_source_dijkstra(G, source, target=target, weight=weight)
  File "/home/terry/.local/lib/python3.6/site-packages/networkx/algorithms/shortest_paths/weighted.py", line 465, in single_source_dijkstra
    G, {source}, cutoff=cutoff, target=target, weight=weight
  File "/home/terry/.local/lib/python3.6/site-packages/networkx/algorithms/shortest_paths/weighted.py", line 723, in multi_source_dijkstra
    G, sources, weight, paths=paths, cutoff=cutoff, target=target
  File "/home/terry/.local/lib/python3.6/site-packages/networkx/algorithms/shortest_paths/weighted.py", line 831, in _dijkstra_multisource
    raise ValueError("Contradictory paths found:", "negative weights?")
ValueError: ('Contradictory paths found:', 'negative weights?')
discovery--->==================================== discovery ====================================
discovery---> cls: [(3, 4), (3, 5), (4, 1), (4, 5), (4, 6), (1, 6), (2, 6), (2, 5)]
discovery--->=============================================================================
==================================== link detector ====================================

----------------------------
src    dst :    delay
3 <---> 4 : 3.053903579711914
3 <---> 5 : 3.1816959381103516
1 <---> 4 : 3.378152847290039
1 <---> 6 : 3.563404083251953
2 <---> 6 : 2.751588821411133
2 <---> 5 : 3.261566162109375
4 <---> 5 : 2.8803348541259766
4 <---> 3 : 3.3893585205078125
4 <---> 6 : 4.299163818359375
4 <---> 1 : 3.277301788330078
5 <---> 3 : 4.197597503662109
5 <---> 2 : 4.266023635864258
5 <---> 4 : 4.064321517944336
6 <---> 4 : 4.057645797729492
6 <---> 2 : 2.3946762084960938
6 <---> 1 : 2.466917037963867
discovery--->==================================== discovery ====================================
discovery---> cls: [(3, 4), (3, 5), (4, 1), (4, 5), (4, 6), (1, 6), (2, 6), (2, 5)]
discovery--->=============================================================================
==================================== link detector ====================================

----------------------------
src    dst :    delay
3 <---> 4 : 3.236532211303711
3 <---> 5 : 3.0930042266845703
1 <---> 4 : 2.672910690307617
1 <---> 6 : 3.484010696411133
2 <---> 6 : 3.5445690155029297
2 <---> 5 : 2.7930736541748047
4 <---> 5 : 3.3986568450927734
4 <---> 3 : 4.267454147338867
4 <---> 6 : 4.033803939819336
4 <---> 1 : 4.23431396484375
5 <---> 3 : 3.2758712768554688
5 <---> 2 : 4.249095916748047
5 <---> 4 : 3.9224624633789062
6 <---> 4 : 3.580331802368164
6 <---> 2 : 2.7642250061035156
6 <---> 1 : 2.7391910552978516
---> OFPPortStatus received: reason=MODIFY desc=OFPPort(port_no=2,hw_addr='a2:90:e0:f5:79:c6',name=b'ap1-eth2',config=0,state=0,curr=2112,advertised=0,supported=0,peer=0,curr_speed=10000000,max_speed=0)
---> OFPPortStatus received: reason=DELETE desc=OFPPort(port_no=2,hw_addr='a2:90:e0:f5:79:c6',name=b'ap1-eth2',config=0,state=0,curr=2112,advertised=0,supported=0,peer=0,curr_speed=10000000,max_speed=0)
---> OFPPortStatus received: reason=MODIFY desc=OFPPort(port_no=2,hw_addr='fa:3f:08:df:97:4b',name=b'ap2-eth2',config=0,state=0,curr=2112,advertised=0,supported=0,peer=0,curr_speed=10000000,max_speed=0)
---> OFPPortStatus received: reason=DELETE desc=OFPPort(port_no=2,hw_addr='fa:3f:08:df:97:4b',name=b'ap2-eth2',config=0,state=0,curr=2112,advertised=0,supported=0,peer=0,curr_speed=10000000,max_speed=0)
---> OFPPortStatus received: reason=DELETE desc=OFPPort(port_no=3,hw_addr='46:1b:50:18:00:02',name=b'ap1-eth3',config=0,state=4,curr=2112,advertised=0,supported=0,peer=0,curr_speed=10000000,max_speed=0)
---> OFPPortStatus received: reason=DELETE desc=OFPPort(port_no=2,hw_addr='7a:9b:4b:cc:33:f8',name=b'ap5-eth2',config=0,state=4,curr=2112,advertised=0,supported=0,peer=0,curr_speed=10000000,max_speed=0)
---> OFPPortStatus received: reason=DELETE desc=OFPPort(port_no=2,hw_addr='1a:92:be:48:92:00',name=b'ap3-eth2',config=0,state=4,curr=2112,advertised=0,supported=0,peer=0,curr_speed=10000000,max_speed=0)
---> OFPPortStatus received: reason=DELETE desc=OFPPort(port_no=3,hw_addr='0e:97:d4:5d:6c:80',name=b'ap2-eth3',config=0,state=4,curr=2112,advertised=0,supported=0,peer=0,curr_speed=10000000,max_speed=0)
---> OFPPortStatus received: reason=DELETE desc=OFPPort(port_no=3,hw_addr='76:9f:ae:2d:7a:88',name=b'ap5-eth3',config=0,state=4,curr=2112,advertised=0,supported=0,peer=0,curr_speed=10000000,max_speed=0)
---> OFPPortStatus received: reason=DELETE desc=OFPPort(port_no=4,hw_addr='d2:9a:88:da:cb:14',name=b'ap2-eth4',config=0,state=4,curr=2112,advertised=0,supported=0,peer=0,curr_speed=10000000,max_speed=0)
---> OFPPortStatus received: reason=DELETE desc=OFPPort(port_no=2,hw_addr='d6:48:f5:16:f8:5a',name=b'ap6-eth2',config=0,state=4,curr=2112,advertised=0,supported=0,peer=0,curr_speed=10000000,max_speed=0)
---> OFPPortStatus received: reason=DELETE desc=OFPPort(port_no=5,hw_addr='fe:93:a3:61:bc:de',name=b'ap2-eth5',config=0,state=4,curr=2112,advertised=0,supported=0,peer=0,curr_speed=10000000,max_speed=0)
---> OFPPortStatus received: reason=DELETE desc=OFPPort(port_no=2,hw_addr='1e:d4:b1:a9:b1:20',name=b'ap4-eth2',config=0,state=4,curr=2112,advertised=0,supported=0,peer=0,curr_speed=10000000,max_speed=0)
---> OFPPortStatus received: reason=DELETE desc=OFPPort(port_no=3,hw_addr='66:3f:cc:d5:e6:b5',name=b'ap3-eth3',config=0,state=4,curr=2112,advertised=0,supported=0,peer=0,curr_speed=10000000,max_speed=0)
---> OFPPortStatus received: reason=DELETE desc=OFPPort(port_no=3,hw_addr='a6:ca:1d:a3:9d:a3',name=b'ap6-eth3',config=0,state=4,curr=2112,advertised=0,supported=0,peer=0,curr_speed=10000000,max_speed=0)
---> OFPPortStatus received: reason=DELETE desc=OFPPort(port_no=4,hw_addr='7a:72:71:4d:1e:ee',name=b'ap3-eth4',config=0,state=4,curr=2112,advertised=0,supported=0,peer=0,curr_speed=10000000,max_speed=0)
---> OFPPortStatus received: reason=DELETE desc=OFPPort(port_no=3,hw_addr='4a:64:79:11:f4:06',name=b'ap4-eth3',config=0,state=4,curr=2112,advertised=0,supported=0,peer=0,curr_speed=10000000,max_speed=0)
---> OFPPortStatus received: reason=DELETE desc=OFPPort(port_no=4,hw_addr='22:ee:e7:3b:d9:fa',name=b'ap5-eth4',config=0,state=4,curr=2112,advertised=0,supported=0,peer=0,curr_speed=10000000,max_speed=0)
==================================== link detector ====================================

----------------------------
src    dst :    delay
3 <---> 4 : 3.236532211303711
3 <---> 5 : 3.0930042266845703
1 <---> 4 : 2.672910690307617
1 <---> 6 : 3.484010696411133
2 <---> 6 : 3.5445690155029297
2 <---> 5 : 2.7930736541748047
4 <---> 5 : 4.225254058837891
4 <---> 3 : 4.267454147338867
4 <---> 6 : 3.1173229217529297
4 <---> 1 : 11.427640914916992
5 <---> 3 : 2.4564266204833984
5 <---> 2 : 3.36456298828125
5 <---> 4 : 5.789518356323242
6 <---> 4 : 3.580331802368164
6 <---> 2 : 3.2148361206054688
6 <---> 1 : 3.8492679595947266
discovery--->==================================== discovery ====================================
discovery---> cls: []
discovery--->=============================================================================
==================================== link detector ====================================

----------------------------
src    dst :    delay
3 <---> 4 : 3.236532211303711
3 <---> 5 : 3.0930042266845703
1 <---> 4 : 2.672910690307617
1 <---> 6 : 3.484010696411133
2 <---> 6 : 3.5445690155029297
2 <---> 5 : 2.7930736541748047
4 <---> 5 : 4.225254058837891
4 <---> 3 : 4.267454147338867
4 <---> 6 : 3.1173229217529297
4 <---> 1 : 11.427640914916992
5 <---> 3 : 2.4564266204833984
5 <---> 2 : 3.36456298828125
5 <---> 4 : 5.789518356323242
6 <---> 4 : 3.580331802368164
6 <---> 2 : 3.2148361206054688
6 <---> 1 : 3.8492679595947266
discovery---> AccessPoint: 7 connected
monitor---->register datapath: 1000000000000001
discovery---> AccessPoint: 8 connected
monitor---->register datapath: 1000000000000002
discovery---> AccessPoint: 9 connected
monitor---->register datapath: 1000000000000003
discovery---> AccessPoint: 10 connected
monitor---->register datapath: 1000000000000004
discovery---> AccessPoint: 11 connected
monitor---->register datapath: 1000000000000005
monitor---->register datapath: 1000000000000006
discovery---> AccessPoint: 12 connected
---> OFPPortStatus received: reason=MODIFY desc=OFPPort(port_no=2,hw_addr='fa:3f:08:df:97:4b',name=b'ap2-eth2',config=0,state=4,curr=2112,advertised=0,supported=0,peer=0,curr_speed=10000000,max_speed=0)
---> OFPPortStatus received: reason=MODIFY desc=OFPPort(port_no=4,hw_addr='d2:9a:88:da:cb:14',name=b'ap2-eth4',config=0,state=4,curr=2112,advertised=0,supported=0,peer=0,curr_speed=10000000,max_speed=0)
---> OFPPortStatus received: reason=MODIFY desc=OFPPort(port_no=3,hw_addr='4a:64:79:11:f4:06',name=b'ap4-eth3',config=0,state=4,curr=2112,advertised=0,supported=0,peer=0,curr_speed=10000000,max_speed=0)
---> OFPPortStatus received: reason=MODIFY desc=OFPPort(port_no=4,hw_addr='c2:a6:89:5f:1a:cc',name=b'ap4-eth4',config=0,state=4,curr=2112,advertised=0,supported=0,peer=0,curr_speed=10000000,max_speed=0)
---> OFPPortStatus received: reason=MODIFY desc=OFPPort(port_no=4,hw_addr='22:ee:e7:3b:d9:fa',name=b'ap5-eth4',config=0,state=4,curr=2112,advertised=0,supported=0,peer=0,curr_speed=10000000,max_speed=0)
---> OFPPortStatus received: reason=MODIFY desc=OFPPort(port_no=3,hw_addr='0e:97:d4:5d:6c:80',name=b'ap2-eth3',config=0,state=4,curr=2112,advertised=0,supported=0,peer=0,curr_speed=10000000,max_speed=0)
---> OFPPortStatus received: reason=MODIFY desc=OFPPort(port_no=2,hw_addr='1e:d4:b1:a9:b1:20',name=b'ap4-eth2',config=0,state=4,curr=2112,advertised=0,supported=0,peer=0,curr_speed=10000000,max_speed=0)
---> OFPPortStatus received: reason=MODIFY desc=OFPPort(port_no=2,hw_addr='1a:92:be:48:92:00',name=b'ap3-eth2',config=0,state=4,curr=2112,advertised=0,supported=0,peer=0,curr_speed=10000000,max_speed=0)
---> OFPPortStatus received: reason=MODIFY desc=OFPPort(port_no=2,hw_addr='7a:9b:4b:cc:33:f8',name=b'ap5-eth2',config=0,state=4,curr=2112,advertised=0,supported=0,peer=0,curr_speed=10000000,max_speed=0)
---> OFPPortStatus received: reason=MODIFY desc=OFPPort(port_no=4,hw_addr='7a:72:71:4d:1e:ee',name=b'ap3-eth4',config=0,state=4,curr=2112,advertised=0,supported=0,peer=0,curr_speed=10000000,max_speed=0)
---> OFPPortStatus received: reason=MODIFY desc=OFPPort(port_no=2,hw_addr='d6:48:f5:16:f8:5a',name=b'ap6-eth2',config=0,state=4,curr=2112,advertised=0,supported=0,peer=0,curr_speed=10000000,max_speed=0)
---> OFPPortStatus received: reason=MODIFY desc=OFPPort(port_no=5,hw_addr='fe:93:a3:61:bc:de',name=b'ap2-eth5',config=0,state=4,curr=2112,advertised=0,supported=0,peer=0,curr_speed=10000000,max_speed=0)
---> OFPPortStatus received: reason=MODIFY desc=OFPPort(port_no=2,hw_addr='a2:90:e0:f5:79:c6',name=b'ap1-eth2',config=0,state=4,curr=2112,advertised=0,supported=0,peer=0,curr_speed=10000000,max_speed=0)
---> OFPPortStatus received: reason=MODIFY desc=OFPPort(port_no=5,hw_addr='a6:d9:94:d5:82:90',name=b'ap6-eth5',config=0,state=4,curr=2112,advertised=0,supported=0,peer=0,curr_speed=10000000,max_speed=0)
---> OFPPortStatus received: reason=MODIFY desc=OFPPort(port_no=3,hw_addr='46:1b:50:18:00:02',name=b'ap1-eth3',config=0,state=4,curr=2112,advertised=0,supported=0,peer=0,curr_speed=10000000,max_speed=0)
---> OFPPortStatus received: reason=MODIFY desc=OFPPort(port_no=5,hw_addr='6e:3f:66:b4:7a:0b',name=b'ap5-eth5',config=0,state=4,curr=2112,advertised=0,supported=0,peer=0,curr_speed=10000000,max_speed=0)
---> OFPPortStatus received: reason=MODIFY desc=OFPPort(port_no=3,hw_addr='a6:ca:1d:a3:9d:a3',name=b'ap6-eth3',config=0,state=4,curr=2112,advertised=0,supported=0,peer=0,curr_speed=10000000,max_speed=0)
---> OFPPortStatus received: reason=MODIFY desc=OFPPort(port_no=3,hw_addr='76:9f:ae:2d:7a:88',name=b'ap5-eth3',config=0,state=4,curr=2112,advertised=0,supported=0,peer=0,curr_speed=10000000,max_speed=0)
discovery--->==================================== discovery ====================================
discovery---> cls: [(8, 7), (8, 9), (8, 11), (8, 12), (7, 11), (9, 10), (9, 12), (10, 11), (10, 12), (11, 12)]
discovery--->=============================================================================
---> OFPPortStatus received: reason=MODIFY desc=OFPPort(port_no=4,hw_addr='3a:9a:e2:84:13:db',name=b'ap6-eth4',config=0,state=4,curr=2112,advertised=0,supported=0,peer=0,curr_speed=10000000,max_speed=0)
---> OFPPortStatus received: reason=MODIFY desc=OFPPort(port_no=3,hw_addr='66:3f:cc:d5:e6:b5',name=b'ap3-eth3',config=0,state=4,curr=2112,advertised=0,supported=0,peer=0,curr_speed=10000000,max_speed=0)
==================================== link detector ====================================

----------------------------
src    dst :    delay
3 <---> 4 : 3.236532211303711
3 <---> 5 : 3.0930042266845703
1 <---> 4 : 2.672910690307617
1 <---> 6 : 3.484010696411133
2 <---> 6 : 3.5445690155029297
2 <---> 5 : 2.7930736541748047
4 <---> 5 : 4.225254058837891
4 <---> 3 : 4.267454147338867
4 <---> 6 : 3.1173229217529297
4 <---> 1 : 11.427640914916992
5 <---> 3 : 2.4564266204833984
5 <---> 2 : 3.36456298828125
5 <---> 4 : 5.789518356323242
6 <---> 4 : 3.580331802368164
6 <---> 2 : 3.2148361206054688
6 <---> 1 : 3.8492679595947266
8 <---> 7 : 7.361650466918945
8 <---> 9 : 5.394935607910156
8 <---> 11 : 2.7968883514404297
8 <---> 12 : 2.688169479370117
7 <---> 8 : 7.92694091796875
7 <---> 11 : 11.403322219848633
9 <---> 8 : 7.745265960693359
9 <---> 10 : 8.252620697021484
9 <---> 12 : 2.8569698333740234
10 <---> 9 : 8.244991302490234
10 <---> 11 : 4.921436309814453
10 <---> 12 : 2.676248550415039
11 <---> 7 : 2.4673938751220703
11 <---> 8 : 7.740497589111328
11 <---> 10 : 5.163908004760742
11 <---> 12 : 2.9821395874023438
12 <---> 9 : 8.239984512329102
12 <---> 11 : 2.483367919921875
12 <---> 10 : 2.6476383209228516
12 <---> 8 : 2.927541732788086
==================================== link detector ====================================

----------------------------
src    dst :    delay
3 <---> 4 : 3.236532211303711
3 <---> 5 : 3.0930042266845703
1 <---> 4 : 2.672910690307617
1 <---> 6 : 3.484010696411133
2 <---> 6 : 3.5445690155029297
2 <---> 5 : 2.7930736541748047
4 <---> 5 : 4.225254058837891
4 <---> 3 : 4.267454147338867
4 <---> 6 : 3.1173229217529297
4 <---> 1 : 11.427640914916992
5 <---> 3 : 2.4564266204833984
5 <---> 2 : 3.36456298828125
5 <---> 4 : 5.789518356323242
6 <---> 4 : 3.580331802368164
6 <---> 2 : 3.2148361206054688
6 <---> 1 : 3.8492679595947266
8 <---> 7 : 3.8874149322509766
8 <---> 9 : 2.783060073852539
8 <---> 11 : 7.271528244018555
8 <---> 12 : 3.034830093383789
7 <---> 8 : 3.316640853881836
7 <---> 11 : 2.7413368225097656
9 <---> 8 : 4.25410270690918
9 <---> 10 : 4.12750244140625
9 <---> 12 : 7.631778717041016
10 <---> 9 : 3.291606903076172
10 <---> 11 : 2.6526451110839844
10 <---> 12 : 2.949237823486328
11 <---> 7 : 4.126548767089844
11 <---> 8 : 4.298210144042969
11 <---> 10 : 3.000974655151367
11 <---> 12 : 2.9027462005615234
12 <---> 9 : 2.702474594116211
12 <---> 11 : 3.6954879760742188
12 <---> 10 : 5.664587020874023
12 <---> 8 : 3.2050609588623047
discovery--->==================================== discovery ====================================
discovery---> cls: [(8, 7), (8, 9), (8, 11), (8, 12), (7, 11), (9, 10), (9, 12), (10, 11), (10, 12), (11, 12)]
discovery--->=============================================================================
==================================== link detector ====================================

----------------------------
src    dst :    delay
3 <---> 4 : 3.236532211303711
3 <---> 5 : 3.0930042266845703
1 <---> 4 : 2.672910690307617
1 <---> 6 : 3.484010696411133
2 <---> 6 : 3.5445690155029297
2 <---> 5 : 2.7930736541748047
4 <---> 5 : 4.225254058837891
4 <---> 3 : 4.267454147338867
4 <---> 6 : 3.1173229217529297
4 <---> 1 : 11.427640914916992
5 <---> 3 : 2.4564266204833984
5 <---> 2 : 3.36456298828125
5 <---> 4 : 5.789518356323242
6 <---> 4 : 3.580331802368164
6 <---> 2 : 3.2148361206054688
6 <---> 1 : 3.8492679595947266
8 <---> 7 : 4.411935806274414
8 <---> 9 : 4.116058349609375
8 <---> 11 : 2.6204586029052734
8 <---> 12 : 4.115581512451172
7 <---> 8 : 2.390146255493164
7 <---> 11 : 4.165887832641602
9 <---> 8 : 3.3965110778808594
9 <---> 10 : 4.030704498291016
9 <---> 12 : 3.250598907470703
10 <---> 9 : 4.257678985595703
10 <---> 11 : 3.8690567016601562
10 <---> 12 : 2.9714107513427734
11 <---> 7 : 4.169940948486328
11 <---> 8 : 3.0651092529296875
11 <---> 10 : 2.5238990783691406
11 <---> 12 : 3.598451614379883
12 <---> 9 : 2.197742462158203
12 <---> 11 : 3.1347274780273438
12 <---> 10 : 4.486322402954102
12 <---> 8 : 4.246234893798828
---> OFPPortStatus received: reason=DELETE desc=OFPPort(port_no=2,hw_addr='a2:90:e0:f5:79:c6',name=b'ap1-eth2',config=0,state=4,curr=2112,advertised=0,supported=0,peer=0,curr_speed=10000000,max_speed=0)
---> OFPPortStatus received: reason=DELETE desc=OFPPort(port_no=2,hw_addr='fa:3f:08:df:97:4b',name=b'ap2-eth2',config=0,state=4,curr=2112,advertised=0,supported=0,peer=0,curr_speed=10000000,max_speed=0)
---> OFPPortStatus received: reason=DELETE desc=OFPPort(port_no=3,hw_addr='46:1b:50:18:00:02',name=b'ap1-eth3',config=0,state=4,curr=2112,advertised=0,supported=0,peer=0,curr_speed=10000000,max_speed=0)
---> OFPPortStatus received: reason=DELETE desc=OFPPort(port_no=2,hw_addr='7a:9b:4b:cc:33:f8',name=b'ap5-eth2',config=0,state=4,curr=2112,advertised=0,supported=0,peer=0,curr_speed=10000000,max_speed=0)
---> OFPPortStatus received: reason=DELETE desc=OFPPort(port_no=2,hw_addr='1a:92:be:48:92:00',name=b'ap3-eth2',config=0,state=4,curr=2112,advertised=0,supported=0,peer=0,curr_speed=10000000,max_speed=0)
---> OFPPortStatus received: reason=DELETE desc=OFPPort(port_no=3,hw_addr='0e:97:d4:5d:6c:80',name=b'ap2-eth3',config=0,state=4,curr=2112,advertised=0,supported=0,peer=0,curr_speed=10000000,max_speed=0)
---> OFPPortStatus received: reason=DELETE desc=OFPPort(port_no=3,hw_addr='76:9f:ae:2d:7a:88',name=b'ap5-eth3',config=0,state=4,curr=2112,advertised=0,supported=0,peer=0,curr_speed=10000000,max_speed=0)
---> OFPPortStatus received: reason=DELETE desc=OFPPort(port_no=4,hw_addr='d2:9a:88:da:cb:14',name=b'ap2-eth4',config=0,state=4,curr=2112,advertised=0,supported=0,peer=0,curr_speed=10000000,max_speed=0)
---> OFPPortStatus received: reason=DELETE desc=OFPPort(port_no=2,hw_addr='d6:48:f5:16:f8:5a',name=b'ap6-eth2',config=0,state=4,curr=2112,advertised=0,supported=0,peer=0,curr_speed=10000000,max_speed=0)
---> OFPPortStatus received: reason=DELETE desc=OFPPort(port_no=5,hw_addr='fe:93:a3:61:bc:de',name=b'ap2-eth5',config=0,state=4,curr=2112,advertised=0,supported=0,peer=0,curr_speed=10000000,max_speed=0)
discovery--->==================================== discovery ====================================
discovery---> cls: [(10, 9), (10, 11), (10, 12), (9, 12), (11, 12)]
discovery--->=============================================================================
---> OFPPortStatus received: reason=DELETE desc=OFPPort(port_no=3,hw_addr='a6:ca:1d:a3:9d:a3',name=b'ap6-eth3',config=0,state=4,curr=2112,advertised=0,supported=0,peer=0,curr_speed=10000000,max_speed=0)
---> OFPPortStatus received: reason=DELETE desc=OFPPort(port_no=4,hw_addr='7a:72:71:4d:1e:ee',name=b'ap3-eth4',config=0,state=4,curr=2112,advertised=0,supported=0,peer=0,curr_speed=10000000,max_speed=0)
---> OFPPortStatus received: reason=DELETE desc=OFPPort(port_no=3,hw_addr='66:3f:cc:d5:e6:b5',name=b'ap3-eth3',config=0,state=4,curr=2112,advertised=0,supported=0,peer=0,curr_speed=10000000,max_speed=0)
---> OFPPortStatus received: reason=DELETE desc=OFPPort(port_no=2,hw_addr='1e:d4:b1:a9:b1:20',name=b'ap4-eth2',config=0,state=4,curr=2112,advertised=0,supported=0,peer=0,curr_speed=10000000,max_speed=0)
---> OFPPortStatus received: reason=DELETE desc=OFPPort(port_no=4,hw_addr='3a:9a:e2:84:13:db',name=b'ap6-eth4',config=0,state=4,curr=2112,advertised=0,supported=0,peer=0,curr_speed=10000000,max_speed=0)
---> OFPPortStatus received: reason=DELETE desc=OFPPort(port_no=4,hw_addr='c2:a6:89:5f:1a:cc',name=b'ap4-eth4',config=0,state=4,curr=2112,advertised=0,supported=0,peer=0,curr_speed=10000000,max_speed=0)
---> OFPPortStatus received: reason=DELETE desc=OFPPort(port_no=3,hw_addr='4a:64:79:11:f4:06',name=b'ap4-eth3',config=0,state=4,curr=2112,advertised=0,supported=0,peer=0,curr_speed=10000000,max_speed=0)
---> OFPPortStatus received: reason=DELETE desc=OFPPort(port_no=4,hw_addr='22:ee:e7:3b:d9:fa',name=b'ap5-eth4',config=0,state=4,curr=2112,advertised=0,supported=0,peer=0,curr_speed=10000000,max_speed=0)
---> OFPPortStatus received: reason=DELETE desc=OFPPort(port_no=5,hw_addr='a6:d9:94:d5:82:90',name=b'ap6-eth5',config=0,state=4,curr=2112,advertised=0,supported=0,peer=0,curr_speed=10000000,max_speed=0)
---> OFPPortStatus received: reason=DELETE desc=OFPPort(port_no=5,hw_addr='6e:3f:66:b4:7a:0b',name=b'ap5-eth5',config=0,state=4,curr=2112,advertised=0,supported=0,peer=0,curr_speed=10000000,max_speed=0)
==================================== link detector ====================================

----------------------------
src    dst :    delay
3 <---> 4 : 3.236532211303711
3 <---> 5 : 3.0930042266845703
1 <---> 4 : 2.672910690307617
1 <---> 6 : 3.484010696411133
2 <---> 6 : 3.5445690155029297
2 <---> 5 : 2.7930736541748047
4 <---> 5 : 4.225254058837891
4 <---> 3 : 4.267454147338867
4 <---> 6 : 3.1173229217529297
4 <---> 1 : 11.427640914916992
5 <---> 3 : 2.4564266204833984
5 <---> 2 : 3.36456298828125
5 <---> 4 : 5.789518356323242
6 <---> 4 : 3.580331802368164
6 <---> 2 : 3.2148361206054688
6 <---> 1 : 3.8492679595947266
8 <---> 7 : 4.343748092651367
8 <---> 9 : 3.345966339111328
8 <---> 11 : 2.5959014892578125
8 <---> 12 : 3.227710723876953
7 <---> 8 : 4.264116287231445
7 <---> 11 : 2.2134780883789062
9 <---> 8 : 2.774477005004883
9 <---> 10 : 2.9447078704833984
9 <---> 12 : 2.1104812622070312
10 <---> 9 : 2.632617950439453
10 <---> 11 : 2.1469593048095703
10 <---> 12 : 8.354902267456055
11 <---> 7 : 3.150463104248047
11 <---> 8 : 4.439830780029297
11 <---> 10 : 3.2012462615966797
11 <---> 12 : 16.782283782958984
12 <---> 9 : 4.183292388916016
12 <---> 11 : 3.990650177001953
12 <---> 10 : 3.232717514038086
12 <---> 8 : 2.5718212127685547
==================================== link detector ====================================

----------------------------
src    dst :    delay
3 <---> 4 : 3.236532211303711
3 <---> 5 : 3.0930042266845703
1 <---> 4 : 2.672910690307617
1 <---> 6 : 3.484010696411133
2 <---> 6 : 3.5445690155029297
2 <---> 5 : 2.7930736541748047
4 <---> 5 : 4.225254058837891
4 <---> 3 : 4.267454147338867
4 <---> 6 : 3.1173229217529297
4 <---> 1 : 11.427640914916992
5 <---> 3 : 2.4564266204833984
5 <---> 2 : 3.36456298828125
5 <---> 4 : 5.789518356323242
6 <---> 4 : 3.580331802368164
6 <---> 2 : 3.2148361206054688
6 <---> 1 : 3.8492679595947266
8 <---> 7 : 4.343748092651367
8 <---> 9 : 3.345966339111328
8 <---> 11 : 2.5959014892578125
8 <---> 12 : 3.227710723876953
7 <---> 8 : 4.264116287231445
7 <---> 11 : 2.2134780883789062
9 <---> 8 : 2.774477005004883
9 <---> 10 : 2.9447078704833984
9 <---> 12 : 2.1104812622070312
10 <---> 9 : 2.632617950439453
10 <---> 11 : 2.1469593048095703
10 <---> 12 : 8.354902267456055
11 <---> 7 : 3.150463104248047
11 <---> 8 : 4.439830780029297
11 <---> 10 : 3.2012462615966797
11 <---> 12 : 16.782283782958984
12 <---> 9 : 4.183292388916016
12 <---> 11 : 3.990650177001953
12 <---> 10 : 3.232717514038086
12 <---> 8 : 2.5718212127685547
discovery--->==================================== discovery ====================================
discovery---> cls: []
discovery--->=============================================================================
==================================== link detector ====================================

----------------------------
src    dst :    delay
3 <---> 4 : 3.236532211303711
3 <---> 5 : 3.0930042266845703
1 <---> 4 : 2.672910690307617
1 <---> 6 : 3.484010696411133
2 <---> 6 : 3.5445690155029297
2 <---> 5 : 2.7930736541748047
4 <---> 5 : 4.225254058837891
4 <---> 3 : 4.267454147338867
4 <---> 6 : 3.1173229217529297
4 <---> 1 : 11.427640914916992
5 <---> 3 : 2.4564266204833984
5 <---> 2 : 3.36456298828125
5 <---> 4 : 5.789518356323242
6 <---> 4 : 3.580331802368164
6 <---> 2 : 3.2148361206054688
6 <---> 1 : 3.8492679595947266
8 <---> 7 : 4.343748092651367
8 <---> 9 : 3.345966339111328
8 <---> 11 : 2.5959014892578125
8 <---> 12 : 3.227710723876953
7 <---> 8 : 4.264116287231445
7 <---> 11 : 2.2134780883789062
9 <---> 8 : 2.774477005004883
9 <---> 10 : 2.9447078704833984
9 <---> 12 : 2.1104812622070312
10 <---> 9 : 2.632617950439453
10 <---> 11 : 2.1469593048095703
10 <---> 12 : 8.354902267456055
11 <---> 7 : 3.150463104248047
11 <---> 8 : 4.439830780029297
11 <---> 10 : 3.2012462615966797
11 <---> 12 : 16.782283782958984
12 <---> 9 : 4.183292388916016
12 <---> 11 : 3.990650177001953
12 <---> 10 : 3.232717514038086
12 <---> 8 : 2.5718212127685547
