loading app network_structure.py
Matplotlib created a temporary config/cache directory at /tmp/matplotlib-hcwao10n because the default path (/home/terry/.config/matplotlib) is not a writable directory; it is highly recommended to set the MPLCONFIGDIR environment variable to a writable directory, in particular to speed up the import of Matplotlib and to better support multiprocessing.
Generating new fontManager, this may take some time...
Failed to extract font properties from /usr/share/fonts/truetype/noto/NotoColorEmoji.ttf: In FT2Font: Can not load face.  Unknown file format.
loading app ryu.controller.ofp_handler
loading app ryu.topology.switches
loading app ryu.controller.ofp_handler
instantiating app network_structure.py of NetworkStructure
instantiating app ryu.controller.ofp_handler of OFPHandler
instantiating app ryu.topology.switches of Switches
discovery---> AccessPoint: 1 connected
discovery--->==================================== discovery ====================================
discovery---> cls: []
discovery--->==============================
discovery--->==================================== discovery ====================================
discovery---> cls: []
discovery--->==============================
discovery--->==================================== discovery ====================================
discovery---> cls: []
discovery--->==============================
discovery--->==================================== discovery ====================================
discovery---> cls: []
discovery--->==============================
discovery--->==================================== discovery ====================================
discovery---> cls: []
discovery--->==============================
discovery--->==================================== discovery ====================================
discovery---> cls: []
discovery--->==============================
discovery--->==================================== discovery ====================================
discovery---> cls: []
discovery--->==============================
discovery--->==================================== discovery ====================================
discovery---> cls: []
discovery--->==============================
discovery--->==================================== discovery ====================================
discovery---> cls: []
discovery--->==============================
discovery--->==================================== discovery ====================================
discovery---> cls: []
discovery--->==============================
discovery--->==================================== discovery ====================================
discovery---> cls: []
discovery--->==============================
discovery--->==================================== discovery ====================================
discovery---> cls: []
discovery--->==============================
discovery--->==================================== discovery ====================================
discovery---> cls: []
discovery--->==============================
discovery--->==================================== discovery ====================================
discovery---> cls: []
discovery--->==============================
discovery--->==================================== discovery ====================================
discovery---> cls: []
discovery--->==============================
discovery--->==================================== discovery ====================================
discovery---> cls: []
discovery--->==============================
discovery--->==================================== discovery ====================================
discovery---> cls: []
discovery--->==============================
discovery--->==================================== discovery ====================================
discovery---> cls: []
discovery--->==============================
