loading app network_structure.py
Matplotlib created a temporary config/cache directory at /tmp/matplotlib-b6w0od4_ because the default path (/home/terry/.config/matplotlib) is not a writable directory; it is highly recommended to set the MPLCONFIGDIR environment variable to a writable directory, in particular to speed up the import of Matplotlib and to better support multiprocessing.
Generating new fontManager, this may take some time...
Failed to extract font properties from /usr/share/fonts/truetype/noto/NotoColorEmoji.ttf: In FT2Font: Can not load face.  Unknown file format.
loading app network_monitor.py
loading app network_delay.py
loading app network_shortest_path.py
loading app arp_handler.py
loading app ryu.controller.ofp_handler
instantiating app None of Switches
creating context switches
instantiating app network_structure.py of NetworkStructure
instantiating app network_monitor.py of NetworkMonitor
instantiating app network_delay.py of NetworkDelay
instantiating app network_shortest_path.py of NetworkShortestPath
instantiating app arp_handler.py of ArpHandler
instantiating app ryu.controller.ofp_handler of OFPHandler
discovery---> AccessPoint: 1152921504606846978 connected
discovery---> AccessPoint: 1152921504606846979 connected
discovery---> AccessPoint: 1152921504606846977 connected
monitor---->register datapath: 1000000000000001
monitor---->register datapath: 1000000000000003
monitor---->register datapath: 1000000000000002
==================================== link detector ====================================

----------------------------
src    dst :    delay
1152921504606846979 <---> 1152921504606846977 : 1.9164085388183594
1152921504606846979 <---> 1152921504606846978 : 2.6836395263671875
1152921504606846977 <---> 1152921504606846979 : 2.5856494903564453
1152921504606846977 <---> 1152921504606846978 : 2.5033950805664062
1152921504606846978 <---> 1152921504606846977 : 2.6578903198242188
1152921504606846978 <---> 1152921504606846979 : 2.803802490234375
discovery--->==================================== discovery ====================================
discovery---> cls: [(1152921504606846979, 1152921504606846977), (1152921504606846979, 1152921504606846978), (1152921504606846977, 1152921504606846978)]
discovery--->==============================
datapath         port     rx-pkts  rx-bytes rx-error tx-pkts  tx-bytes tx-error
---------------- -------- -------- -------- -------- -------- -------- --------
1000000000000001        1        0        0        0 64714105 6392241381        0
1000000000000001        2 179827263 14924812782        0 251100691 23745527806        0
1000000000000001        3 251100693 23745527926        0 179827258 14924812341        0
datapath         in-port  eth-dst           out-port packets  bytes
---------------- -------- ----------------- -------- -------- --------
datapath         port     rx-pkts  rx-bytes rx-error tx-pkts  tx-bytes tx-error
---------------- -------- -------- -------- -------- -------- -------- --------
1000000000000003        1        0        0        0 65019892 6397741956        0
1000000000000003        2 179827258 14924812341        0 251100693 23745527926        0
1000000000000003        3 251100689 23745527572        0 179827265 14924812989        0
datapath         in-port  eth-dst           out-port packets  bytes
---------------- -------- ----------------- -------- -------- --------
datapath         port     rx-pkts  rx-bytes rx-error tx-pkts  tx-bytes tx-error
---------------- -------- -------- -------- -------- -------- -------- --------
1000000000000002        1        0        0        0 64629305 6390712745        0
1000000000000002        2 251100691 23745527806        0 179827263 14924812782        0
1000000000000002        3 179827265 14924812989        0 251100689 23745527572        0
datapath         in-port  eth-dst           out-port packets  bytes
---------------- -------- ----------------- -------- -------- --------
==================================== link detector ====================================

----------------------------
src    dst :    delay
1152921504606846979 <---> 1152921504606846977 : 1.8200874328613281
1152921504606846979 <---> 1152921504606846978 : 1.9910335540771484
1152921504606846977 <---> 1152921504606846979 : 2.6488304138183594
1152921504606846977 <---> 1152921504606846978 : 2.849578857421875
1152921504606846978 <---> 1152921504606846977 : 1.8851757049560547
1152921504606846978 <---> 1152921504606846979 : 2.6187896728515625
==================================== link detector ====================================

----------------------------
src    dst :    delay
1152921504606846979 <---> 1152921504606846977 : 2.027750015258789
1152921504606846979 <---> 1152921504606846978 : 2.4254322052001953
1152921504606846977 <---> 1152921504606846979 : 1.588582992553711
1152921504606846977 <---> 1152921504606846978 : 1.554250717163086
1152921504606846978 <---> 1152921504606846977 : 2.0101070404052734
1152921504606846978 <---> 1152921504606846979 : 2.9795169830322266
discovery--->==================================== discovery ====================================
discovery---> cls: [(1152921504606846979, 1152921504606846977), (1152921504606846979, 1152921504606846978), (1152921504606846977, 1152921504606846978)]
discovery--->==============================
hub: uncaught exception: Traceback (most recent call last):
  File "/usr/local/lib/python3.6/dist-packages/ryu/lib/hub.py", line 60, in _launch
    return func(*args, **kwargs)
  File "/home/terry/LJQ/Task/ryu/network_monitor.py", line 59, in scheduler
    self.create_bandwidth_graph()
  File "/home/terry/LJQ/Task/ryu/network_monitor.py", line 316, in create_bandwidth_graph
    capacity = self.network_structure.m_graph[src_dpid][dst_dpid]['bw']
  File "/home/terry/.local/lib/python3.6/site-packages/networkx/classes/cls.py", line 465, in __getitem__
    return self.adj[n]
  File "/home/terry/.local/lib/python3.6/site-packages/networkx/classes/coreviews.py", line 79, in __getitem__
    return AtlasView(self._atlas[name])
KeyError: 1152921504606846979

datapath         port     rx-pkts  rx-bytes rx-error tx-pkts  tx-bytes tx-error
---------------- -------- -------- -------- -------- -------- -------- --------
1000000000000001        1        0        0        0 64714111 6392241849        0
1000000000000001        2 179827268 14924813082        0 251100697 23745528166        0
1000000000000001        3 251100699 23745528286        0 179827263 14924812641        0
datapath         in-port  eth-dst           out-port packets  bytes
---------------- -------- ----------------- -------- -------- --------
datapath         port     rx-pkts  rx-bytes rx-error tx-pkts  tx-bytes tx-error
---------------- -------- -------- -------- -------- -------- -------- --------
1000000000000002        1        0        0        0 64629311 6390713213        0
1000000000000002        2 251100697 23745528166        0 179827268 14924813082        0
1000000000000002        3 179827271 14924813349        0 251100694 23745527872        0
datapath         in-port  eth-dst           out-port packets  bytes
---------------- -------- ----------------- -------- -------- --------
datapath         port     rx-pkts  rx-bytes rx-error tx-pkts  tx-bytes tx-error
---------------- -------- -------- -------- -------- -------- -------- --------
1000000000000003        1        0        0        0 65019898 6397742424        0
1000000000000003        2 179827263 14924812641        0 251100699 23745528286        0
1000000000000003        3 251100694 23745527872        0 179827271 14924813349        0
datapath         in-port  eth-dst           out-port packets  bytes
---------------- -------- ----------------- -------- -------- --------
==================================== link detector ====================================

----------------------------
src    dst :    delay
1152921504606846979 <---> 1152921504606846977 : 1.5292167663574219
1152921504606846979 <---> 1152921504606846978 : 3.014087677001953
1152921504606846977 <---> 1152921504606846979 : 2.933025360107422
1152921504606846977 <---> 1152921504606846978 : 2.1893978118896484
1152921504606846978 <---> 1152921504606846977 : 2.849578857421875
1152921504606846978 <---> 1152921504606846979 : 2.5670528411865234
discovery--->==================================== discovery ====================================
discovery---> cls: [(1152921504606846979, 1152921504606846977), (1152921504606846979, 1152921504606846978), (1152921504606846977, 1152921504606846978)]
discovery--->==============================
==================================== link detector ====================================

----------------------------
src    dst :    delay
1152921504606846979 <---> 1152921504606846977 : 2.994537353515625
1152921504606846979 <---> 1152921504606846978 : 3.0074119567871094
1152921504606846977 <---> 1152921504606846979 : 2.9523372650146484
1152921504606846977 <---> 1152921504606846978 : 2.969503402709961
1152921504606846978 <---> 1152921504606846977 : 1.5854835510253906
1152921504606846978 <---> 1152921504606846979 : 2.341747283935547
==================================== link detector ====================================

----------------------------
src    dst :    delay
1152921504606846979 <---> 1152921504606846977 : 1.529693603515625
1152921504606846979 <---> 1152921504606846978 : 2.0787715911865234
1152921504606846977 <---> 1152921504606846979 : 2.3474693298339844
1152921504606846977 <---> 1152921504606846978 : 2.7692317962646484
1152921504606846978 <---> 1152921504606846977 : 2.500295639038086
1152921504606846978 <---> 1152921504606846979 : 2.490997314453125
discovery--->==================================== discovery ====================================
discovery---> cls: [(1152921504606846979, 1152921504606846977), (1152921504606846979, 1152921504606846978), (1152921504606846977, 1152921504606846978)]
discovery--->==============================
==================================== link detector ====================================

----------------------------
src    dst :    delay
1152921504606846979 <---> 1152921504606846977 : 1.310586929321289
1152921504606846979 <---> 1152921504606846978 : 2.8471946716308594
1152921504606846977 <---> 1152921504606846979 : 2.9420852661132812
1152921504606846977 <---> 1152921504606846978 : 2.8612613677978516
1152921504606846978 <---> 1152921504606846977 : 1.9855499267578125
1152921504606846978 <---> 1152921504606846979 : 2.9821395874023438
