loading app network_structure.py
Matplotlib created a temporary config/cache directory at /tmp/matplotlib-lv6nuj1w because the default path (/home/terry/.config/matplotlib) is not a writable directory; it is highly recommended to set the MPLCONFIGDIR environment variable to a writable directory, in particular to speed up the import of Matplotlib and to better support multiprocessing.
Generating new fontManager, this may take some time...
Failed to extract font properties from /usr/share/fonts/truetype/noto/NotoColorEmoji.ttf: In FT2Font: Can not load face.  Unknown file format.
loading app network_monitor.py
loading app network_delay.py
loading app network_shortest_path.py
loading app arp_handler.py
loading app ryu.controller.ofp_handler
instantiating app None of Switches
creating context switches
instantiating app network_structure.py of NetworkStructure
instantiating app network_monitor.py of NetworkMonitor
instantiating app network_delay.py of NetworkDelay
instantiating app network_shortest_path.py of NetworkShortestPath
instantiating app arp_handler.py of ArpHandler
instantiating app ryu.controller.ofp_handler of OFPHandler
discovery---> AccessPoint: 1 connected
discovery---> AccessPoint: 2 connected
discovery---> AccessPoint: 3 connected
monitor---->register datapath: 1000000000000001
monitor---->register datapath: 1000000000000003
monitor---->register datapath: 1000000000000002
==================================== link detector ====================================

----------------------------
src    dst :    delay
1 <---> 3 : 4.056453704833984
1 <---> 2 : 3.7648677825927734
3 <---> 2 : 2.634286880493164
3 <---> 1 : 3.2923221588134766
2 <---> 3 : 4.064083099365234
2 <---> 1 : 3.1304359436035156
discovery--->==================================== discovery ====================================
discovery---> cls: [(1, 3), (1, 2), (3, 2)]
discovery--->=============================================================================
datapath         port     rx-pkts  rx-bytes rx-error tx-pkts  tx-bytes tx-error
---------------- -------- -------- -------- -------- -------- -------- --------
0000000000000001        1        0        0        0        5      390        0
0000000000000001        2       25     3230        0       24     3170        0
0000000000000001        3       24     3170        0       24     3012        0
datapath         in-port  eth-dst           out-port packets  bytes
---------------- -------- ----------------- -------- -------- --------
datapath         port     rx-pkts  rx-bytes rx-error tx-pkts  tx-bytes tx-error
---------------- -------- -------- -------- -------- -------- -------- --------
0000000000000002        1        0        0        0        5      390        0
0000000000000002        2       24     3170        0       25     3230        0
0000000000000002        3       24     3170        0       24     3024        0
datapath         in-port  eth-dst           out-port packets  bytes
---------------- -------- ----------------- -------- -------- --------
datapath         port     rx-pkts  rx-bytes rx-error tx-pkts  tx-bytes tx-error
---------------- -------- -------- -------- -------- -------- -------- --------
0000000000000003        1        0        0        0        5      390        0
0000000000000003        2       24     3012        0       24     3170        0
0000000000000003        3       24     3024        0       24     3170        0
datapath         in-port  eth-dst           out-port packets  bytes
---------------- -------- ----------------- -------- -------- --------
==================================== link detector ====================================

----------------------------
src    dst :    delay
1 <---> 3 : 3.130197525024414
1 <---> 2 : 3.0252933502197266
3 <---> 2 : 4.086017608642578
3 <---> 1 : 2.777576446533203
2 <---> 3 : 3.1316280364990234
2 <---> 1 : 2.998828887939453
==================================== link detector ====================================

----------------------------
src    dst :    delay
1 <---> 3 : 4.054784774780273
1 <---> 2 : 4.148006439208984
3 <---> 2 : 3.1049251556396484
3 <---> 1 : 3.2193660736083984
2 <---> 3 : 4.134416580200195
2 <---> 1 : 4.037141799926758
discovery--->==================================== discovery ====================================
discovery---> cls: [(1, 3), (1, 2), (3, 2)]
discovery--->=============================================================================
datapath         port     rx-pkts  rx-bytes rx-error tx-pkts  tx-bytes tx-error
---------------- -------- -------- -------- -------- -------- -------- --------
0000000000000001        1        0        0        0       11      858        0
0000000000000001        2       32     3660        0       31     3600        0
0000000000000001        3       31     3600        0       30     3382        0
datapath         in-port  eth-dst           out-port packets  bytes
---------------- -------- ----------------- -------- -------- --------
datapath         port     rx-pkts  rx-bytes rx-error tx-pkts  tx-bytes tx-error
---------------- -------- -------- -------- -------- -------- -------- --------
0000000000000002        1        0        0        0       11      858        0
0000000000000002        2       31     3600        0       32     3660        0
0000000000000002        3       31     3600        0       30     3394        0
datapath         in-port  eth-dst           out-port packets  bytes
---------------- -------- ----------------- -------- -------- --------
datapath         port     rx-pkts  rx-bytes rx-error tx-pkts  tx-bytes tx-error
---------------- -------- -------- -------- -------- -------- -------- --------
0000000000000003        1        0        0        0       11      858        0
0000000000000003        2       30     3382        0       31     3600        0
0000000000000003        3       30     3394        0       31     3600        0
datapath         in-port  eth-dst           out-port packets  bytes
---------------- -------- ----------------- -------- -------- --------
==================================== link detector ====================================

----------------------------
src    dst :    delay
1 <---> 3 : 4.019975662231445
1 <---> 2 : 2.5959014892578125
3 <---> 2 : 4.034280776977539
3 <---> 1 : 4.200220108032227
2 <---> 3 : 3.992319107055664
2 <---> 1 : 3.151416778564453
discovery--->==================================== discovery ====================================
discovery---> cls: [(1, 3), (1, 2), (3, 2)]
discovery--->=============================================================================
datapath         port     rx-pkts  rx-bytes rx-error tx-pkts  tx-bytes tx-error
---------------- -------- -------- -------- -------- -------- -------- --------
0000000000000001        1        0        0        0       17     1326        0
0000000000000001        2       38     4163        0       38     4163        0
0000000000000001        3       37     4103        0       36     3885        0
datapath         in-port  eth-dst           out-port packets  bytes
---------------- -------- ----------------- -------- -------- --------
datapath         port     rx-pkts  rx-bytes rx-error tx-pkts  tx-bytes tx-error
---------------- -------- -------- -------- -------- -------- -------- --------
0000000000000003        1        0        0        0       16     1248        0
0000000000000003        2       36     3885        0       37     4103        0
0000000000000003        3       36     3897        0       37     4103        0
datapath         in-port  eth-dst           out-port packets  bytes
---------------- -------- ----------------- -------- -------- --------
datapath         port     rx-pkts  rx-bytes rx-error tx-pkts  tx-bytes tx-error
---------------- -------- -------- -------- -------- -------- -------- --------
0000000000000002        1        0        0        0       16     1248        0
0000000000000002        2       38     4163        0       38     4163        0
0000000000000002        3       37     4103        0       36     3897        0
datapath         in-port  eth-dst           out-port packets  bytes
---------------- -------- ----------------- -------- -------- --------
==================================== link detector ====================================

----------------------------
src    dst :    delay
1 <---> 3 : 4.097223281860352
1 <---> 2 : 2.727031707763672
3 <---> 2 : 4.827737808227539
3 <---> 1 : 4.103660583496094
2 <---> 3 : 4.111289978027344
2 <---> 1 : 3.8967132568359375
==================================== link detector ====================================

----------------------------
src    dst :    delay
1 <---> 3 : 4.032135009765625
1 <---> 2 : 3.084421157836914
3 <---> 2 : 4.096508026123047
3 <---> 1 : 2.5501251220703125
2 <---> 3 : 3.931760787963867
2 <---> 1 : 4.082679748535156
datapath         port     rx-pkts  rx-bytes rx-error tx-pkts  tx-bytes tx-error
---------------- -------- -------- -------- -------- -------- -------- --------
0000000000000001        1        0        0        0       22     1716        0
0000000000000001        2       44     4523        0       43     4463        0
0000000000000001        3       43     4463        0       41     4185        0
datapath         in-port  eth-dst           out-port packets  bytes
---------------- -------- ----------------- -------- -------- --------
datapath         port     rx-pkts  rx-bytes rx-error tx-pkts  tx-bytes tx-error
---------------- -------- -------- -------- -------- -------- -------- --------
0000000000000003        1        0        0        0       22     1716        0
0000000000000003        2       41     4185        0       43     4463        0
0000000000000003        3       42     4257        0       43     4463        0
datapath         in-port  eth-dst           out-port packets  bytes
---------------- -------- ----------------- -------- -------- --------
datapath         port     rx-pkts  rx-bytes rx-error tx-pkts  tx-bytes tx-error
---------------- -------- -------- -------- -------- -------- -------- --------
0000000000000002        1        0        0        0       22     1716        0
0000000000000002        2       43     4463        0       44     4523        0
0000000000000002        3       43     4463        0       42     4257        0
datapath         in-port  eth-dst           out-port packets  bytes
---------------- -------- ----------------- -------- -------- --------
discovery--->==================================== discovery ====================================
discovery---> cls: [(1, 3), (1, 2), (3, 2)]
discovery--->=============================================================================
==================================== link detector ====================================

----------------------------
src    dst :    delay
1 <---> 3 : 2.393960952758789
1 <---> 2 : 2.220630645751953
3 <---> 2 : 2.2916793823242188
3 <---> 1 : 2.207040786743164
2 <---> 3 : 2.2945404052734375
2 <---> 1 : 4.050254821777344
datapath         port     rx-pkts  rx-bytes rx-error tx-pkts  tx-bytes tx-error
---------------- -------- -------- -------- -------- -------- -------- --------
0000000000000001        1        0        0        0       28     2184        0
0000000000000001        2       50     4893        0       49     4823        0
0000000000000001        3       48     4763        0       48     4615        0
datapath         in-port  eth-dst           out-port packets  bytes
---------------- -------- ----------------- -------- -------- --------
datapath         port     rx-pkts  rx-bytes rx-error tx-pkts  tx-bytes tx-error
---------------- -------- -------- -------- -------- -------- -------- --------
0000000000000002        1        0        0        0       28     2184        0
0000000000000002        2       49     4823        0       50     4893        0
0000000000000002        3       50     4893        0       48     4627        0
datapath         in-port  eth-dst           out-port packets  bytes
---------------- -------- ----------------- -------- -------- --------
datapath         port     rx-pkts  rx-bytes rx-error tx-pkts  tx-bytes tx-error
---------------- -------- -------- -------- -------- -------- -------- --------
0000000000000003        1        0        0        0       27     2106        0
0000000000000003        2       48     4615        0       48     4763        0
0000000000000003        3       48     4627        0       50     4893        0
datapath         in-port  eth-dst           out-port packets  bytes
---------------- -------- ----------------- -------- -------- --------
discovery--->==================================== discovery ====================================
discovery---> cls: [(1, 3), (1, 2), (3, 2)]
discovery--->=============================================================================
==================================== link detector ====================================

----------------------------
src    dst :    delay
1 <---> 3 : 4.07099723815918
1 <---> 2 : 3.939390182495117
3 <---> 2 : 3.100156784057617
3 <---> 1 : 3.0128955841064453
2 <---> 3 : 3.1692981719970703
2 <---> 1 : 3.1087398529052734
==================================== link detector ====================================

----------------------------
src    dst :    delay
1 <---> 3 : 3.932952880859375
1 <---> 2 : 4.021167755126953
3 <---> 2 : 3.0968189239501953
3 <---> 1 : 3.849029541015625
2 <---> 3 : 4.068136215209961
2 <---> 1 : 2.760171890258789
datapath         port     rx-pkts  rx-bytes rx-error tx-pkts  tx-bytes tx-error
---------------- -------- -------- -------- -------- -------- -------- --------
0000000000000001        1        0        0        0       33     2574        0
0000000000000001        2       57     5456        0       56     5396        0
0000000000000001        3       54     5276        0       54     5118        0
datapath         in-port  eth-dst           out-port packets  bytes
---------------- -------- ----------------- -------- -------- --------
datapath         port     rx-pkts  rx-bytes rx-error tx-pkts  tx-bytes tx-error
---------------- -------- -------- -------- -------- -------- -------- --------
0000000000000003        1        0        0        0       33     2574        0
0000000000000003        2       54     5118        0       54     5276        0
0000000000000003        3       55     5190        0       56     5396        0
datapath         in-port  eth-dst           out-port packets  bytes
---------------- -------- ----------------- -------- -------- --------
datapath         port     rx-pkts  rx-bytes rx-error tx-pkts  tx-bytes tx-error
---------------- -------- -------- -------- -------- -------- -------- --------
0000000000000002        1        0        0        0       33     2574        0
0000000000000002        2       56     5396        0       57     5456        0
0000000000000002        3       56     5396        0       55     5190        0
datapath         in-port  eth-dst           out-port packets  bytes
---------------- -------- ----------------- -------- -------- --------
discovery--->==================================== discovery ====================================
discovery---> cls: [(1, 3), (1, 2), (3, 2)]
discovery--->=============================================================================
==================================== link detector ====================================

----------------------------
src    dst :    delay
1 <---> 3 : 3.093719482421875
1 <---> 2 : 3.8089752197265625
3 <---> 2 : 4.056215286254883
3 <---> 1 : 3.950834274291992
2 <---> 3 : 3.125429153442383
2 <---> 1 : 3.8771629333496094
==================================== link detector ====================================

----------------------------
src    dst :    delay
1 <---> 3 : 3.9784908294677734
1 <---> 2 : 4.1790008544921875
3 <---> 2 : 4.016876220703125
3 <---> 1 : 4.058837890625
2 <---> 3 : 4.038572311401367
2 <---> 1 : 3.993988037109375
datapath         port     rx-pkts  rx-bytes rx-error tx-pkts  tx-bytes tx-error
---------------- -------- -------- -------- -------- -------- -------- --------
0000000000000001        1        0        0        0       39     3042        0
0000000000000001        2       62     5756        0       62     5756        0
0000000000000001        3       59     5576        0       60     5478        0
datapath         in-port  eth-dst           out-port packets  bytes
---------------- -------- ----------------- -------- -------- --------
datapath         port     rx-pkts  rx-bytes rx-error tx-pkts  tx-bytes tx-error
---------------- -------- -------- -------- -------- -------- -------- --------
0000000000000002        1        0        0        0       39     3042        0
0000000000000002        2       62     5756        0       62     5756        0
0000000000000002        3       62     5756        0       60     5490        0
datapath         in-port  eth-dst           out-port packets  bytes
---------------- -------- ----------------- -------- -------- --------
datapath         port     rx-pkts  rx-bytes rx-error tx-pkts  tx-bytes tx-error
---------------- -------- -------- -------- -------- -------- -------- --------
0000000000000003        1        0        0        0       39     3042        0
0000000000000003        2       60     5478        0       59     5576        0
0000000000000003        3       60     5490        0       62     5756        0
datapath         in-port  eth-dst           out-port packets  bytes
---------------- -------- ----------------- -------- -------- --------
discovery--->==================================== discovery ====================================
discovery---> cls: [(1, 3), (1, 2), (3, 2)]
discovery--->=============================================================================
==================================== link detector ====================================

----------------------------
src    dst :    delay
1 <---> 3 : 3.5042762756347656
1 <---> 2 : 3.978729248046875
3 <---> 2 : 4.04810905456543
3 <---> 1 : 3.3097267150878906
2 <---> 3 : 3.9260387420654297
2 <---> 1 : 3.610372543334961
datapath         port     rx-pkts  rx-bytes rx-error tx-pkts  tx-bytes tx-error
---------------- -------- -------- -------- -------- -------- -------- --------
0000000000000001        1        0        0        0       44     3432        0
0000000000000001        2       68     6116        0       67     6056        0
0000000000000001        3       64     5876        0       65     5778        0
datapath         in-port  eth-dst           out-port packets  bytes
---------------- -------- ----------------- -------- -------- --------
datapath         port     rx-pkts  rx-bytes rx-error tx-pkts  tx-bytes tx-error
---------------- -------- -------- -------- -------- -------- -------- --------
0000000000000002        1        0        0        0       44     3432        0
0000000000000002        2       67     6056        0       68     6116        0
0000000000000002        3       67     6056        0       66     5850        0
datapath         in-port  eth-dst           out-port packets  bytes
---------------- -------- ----------------- -------- -------- --------
datapath         port     rx-pkts  rx-bytes rx-error tx-pkts  tx-bytes tx-error
---------------- -------- -------- -------- -------- -------- -------- --------
0000000000000003        1        0        0        0       44     3432        0
0000000000000003        2       65     5778        0       64     5876        0
0000000000000003        3       66     5850        0       67     6056        0
datapath         in-port  eth-dst           out-port packets  bytes
---------------- -------- ----------------- -------- -------- --------
discovery--->==================================== discovery ====================================
discovery---> cls: [(1, 3), (1, 2), (3, 2)]
discovery--->=============================================================================
==================================== link detector ====================================

----------------------------
src    dst :    delay
1 <---> 3 : 4.033565521240234
1 <---> 2 : 3.988027572631836
3 <---> 2 : 3.103017807006836
3 <---> 1 : 4.054546356201172
2 <---> 3 : 3.1807422637939453
2 <---> 1 : 3.1278133392333984
==================================== link detector ====================================

----------------------------
src    dst :    delay
1 <---> 3 : 4.340410232543945
1 <---> 2 : 3.9772987365722656
3 <---> 2 : 3.2320022583007812
3 <---> 1 : 4.126548767089844
2 <---> 3 : 4.041433334350586
2 <---> 1 : 4.229307174682617
datapath         port     rx-pkts  rx-bytes rx-error tx-pkts  tx-bytes tx-error
---------------- -------- -------- -------- -------- -------- -------- --------
0000000000000001        1        0        0        0       50     3900        0
0000000000000001        2       73     6416        0       73     6416        0
0000000000000001        3       70     6236        0       71     6138        0
datapath         in-port  eth-dst           out-port packets  bytes
---------------- -------- ----------------- -------- -------- --------
datapath         port     rx-pkts  rx-bytes rx-error tx-pkts  tx-bytes tx-error
---------------- -------- -------- -------- -------- -------- -------- --------
0000000000000003        1        0        0        0       50     3900        0
0000000000000003        2       71     6138        0       70     6236        0
0000000000000003        3       72     6210        0       73     6416        0
datapath         in-port  eth-dst           out-port packets  bytes
---------------- -------- ----------------- -------- -------- --------
datapath         port     rx-pkts  rx-bytes rx-error tx-pkts  tx-bytes tx-error
---------------- -------- -------- -------- -------- -------- -------- --------
0000000000000002        1        0        0        0       50     3900        0
0000000000000002        2       73     6416        0       73     6416        0
0000000000000002        3       73     6416        0       72     6210        0
datapath         in-port  eth-dst           out-port packets  bytes
---------------- -------- ----------------- -------- -------- --------
discovery--->==================================== discovery ====================================
discovery---> cls: [(1, 3), (1, 2), (3, 2)]
discovery--->=============================================================================
==================================== link detector ====================================

----------------------------
src    dst :    delay
1 <---> 3 : 4.079580307006836
1 <---> 2 : 2.870321273803711
3 <---> 2 : 3.050088882446289
3 <---> 1 : 3.9484500885009766
2 <---> 3 : 3.596067428588867
2 <---> 1 : 2.6092529296875
datapath         port     rx-pkts  rx-bytes rx-error tx-pkts  tx-bytes tx-error
---------------- -------- -------- -------- -------- -------- -------- --------
0000000000000001        1        0        0        0       55     4290        0
0000000000000001        2       79     6776        0       78     6716        0
0000000000000001        3       75     6536        0       77     6498        0
datapath         in-port  eth-dst           out-port packets  bytes
---------------- -------- ----------------- -------- -------- --------
datapath         port     rx-pkts  rx-bytes rx-error tx-pkts  tx-bytes tx-error
---------------- -------- -------- -------- -------- -------- -------- --------
0000000000000003        1        0        0        0       55     4290        0
0000000000000003        2       77     6498        0       75     6536        0
0000000000000003        3       77     6510        0       78     6716        0
datapath         in-port  eth-dst           out-port packets  bytes
---------------- -------- ----------------- -------- -------- --------
datapath         port     rx-pkts  rx-bytes rx-error tx-pkts  tx-bytes tx-error
---------------- -------- -------- -------- -------- -------- -------- --------
0000000000000002        1        0        0        0       55     4290        0
0000000000000002        2       78     6716        0       79     6776        0
0000000000000002        3       78     6716        0       77     6510        0
datapath         in-port  eth-dst           out-port packets  bytes
---------------- -------- ----------------- -------- -------- --------
discovery--->==================================== discovery ====================================
discovery---> cls: [(1, 3), (1, 2), (3, 2)]
discovery--->=============================================================================
==================================== link detector ====================================

----------------------------
src    dst :    delay
1 <---> 3 : 3.058195114135742
1 <---> 2 : 3.110170364379883
3 <---> 2 : 3.9472579956054688
3 <---> 1 : 4.04810905456543
2 <---> 3 : 3.104686737060547
2 <---> 1 : 3.220081329345703
shortest=====>[PATH] [192.168.0.1 <----> 192.168.0.2]: [1, 2]
shortest=====>[PATH] [192.168.0.1 <----> 192.168.0.3]: [1, 3]
shortest=====>[PATH] [192.168.0.2 <----> 192.168.0.3]: [2, 3]
==================================== link detector ====================================

----------------------------
src    dst :    delay
1 <---> 3 : 2.1774768829345703
1 <---> 2 : 2.215862274169922
3 <---> 2 : 2.1762847900390625
3 <---> 1 : 2.121448516845703
2 <---> 3 : 2.407073974609375
2 <---> 1 : 2.1970272064208984
datapath         port     rx-pkts  rx-bytes rx-error tx-pkts  tx-bytes tx-error
---------------- -------- -------- -------- -------- -------- -------- --------
0000000000000001        1        6      476        0       73     5702        0
0000000000000001        2       93     7584        0       92     7524        0
0000000000000001        3       89     7344        0       91     7316        0
datapath         in-port  eth-dst           out-port packets  bytes
---------------- -------- ----------------- -------- -------- --------
0000000000000001        1       192.168.0.2        2        1       98
0000000000000001        1       192.168.0.3        3        1       98
0000000000000001        2       192.168.0.1        1        2      196
0000000000000001        3       192.168.0.1        1        2      196
datapath         port     rx-pkts  rx-bytes rx-error tx-pkts  tx-bytes tx-error
---------------- -------- -------- -------- -------- -------- -------- --------
0000000000000002        1        8      560        0       70     5540        0
0000000000000002        2       92     7524        0       93     7584        0
0000000000000002        3       92     7524        0       91     7318        0
datapath         in-port  eth-dst           out-port packets  bytes
---------------- -------- ----------------- -------- -------- --------
0000000000000002        1       192.168.0.1        2        2      196
0000000000000002        1       192.168.0.3        3        1       98
0000000000000002        2       192.168.0.2        1        2      196
0000000000000002        3       192.168.0.2        1        2      196
datapath         port     rx-pkts  rx-bytes rx-error tx-pkts  tx-bytes tx-error
---------------- -------- -------- -------- -------- -------- -------- --------
0000000000000003        1        8      560        0       73     5720        0
0000000000000003        2       91     7316        0       89     7344        0
0000000000000003        3       91     7318        0       92     7524        0
datapath         in-port  eth-dst           out-port packets  bytes
---------------- -------- ----------------- -------- -------- --------
0000000000000003        1       192.168.0.1        2        2      196
0000000000000003        1       192.168.0.2        3        2      196
0000000000000003        2       192.168.0.3        1        2      196
0000000000000003        3       192.168.0.3        1        2      196
discovery--->==================================== discovery ====================================
discovery---> cls: [(1, 3), (1, 2), (3, 2)]
discovery--->=============================================================================
==================================== link detector ====================================

----------------------------
src    dst :    delay
1 <---> 3 : 3.153562545776367
1 <---> 2 : 3.839254379272461
3 <---> 2 : 2.2912025451660156
3 <---> 1 : 4.003763198852539
2 <---> 3 : 2.7997493743896484
2 <---> 1 : 3.0465126037597656
==================================== link detector ====================================

----------------------------
src    dst :    delay
1 <---> 3 : 4.184961318969727
1 <---> 2 : 2.582073211669922
3 <---> 2 : 3.1402111053466797
3 <---> 1 : 2.930164337158203
2 <---> 3 : 3.9908885955810547
2 <---> 1 : 3.098011016845703
datapath         port     rx-pkts  rx-bytes rx-error tx-pkts  tx-bytes tx-error
---------------- -------- -------- -------- -------- -------- -------- --------
0000000000000001        1        6      476        0       78     6092        0
0000000000000001        2      100     8157        0       99     8087        0
0000000000000001        3       94     7787        0       97     7819        0
datapath         in-port  eth-dst           out-port packets  bytes
---------------- -------- ----------------- -------- -------- --------
0000000000000001        1       192.168.0.2        2        1       98
0000000000000001        1       192.168.0.3        3        1       98
0000000000000001        2       192.168.0.1        1        2      196
0000000000000001        3       192.168.0.1        1        2      196
datapath         port     rx-pkts  rx-bytes rx-error tx-pkts  tx-bytes tx-error
---------------- -------- -------- -------- -------- -------- -------- --------
0000000000000003        1        9      602        0       79     6188        0
0000000000000003        2       97     7819        0       94     7787        0
0000000000000003        3       97     7831        0       99     8097        0
datapath         in-port  eth-dst           out-port packets  bytes
---------------- -------- ----------------- -------- -------- --------
0000000000000003        1       192.168.0.1        2        2      196
0000000000000003        1       192.168.0.2        3        2      196
0000000000000003        2       192.168.0.3        1        2      196
0000000000000003        3       192.168.0.3        1        2      196
datapath         port     rx-pkts  rx-bytes rx-error tx-pkts  tx-bytes tx-error
---------------- -------- -------- -------- -------- -------- -------- --------
0000000000000002        1        9      602        0       76     6008        0
0000000000000002        2       99     8087        0      100     8157        0
0000000000000002        3       99     8097        0       97     7831        0
datapath         in-port  eth-dst           out-port packets  bytes
---------------- -------- ----------------- -------- -------- --------
0000000000000002        1       192.168.0.1        2        2      196
0000000000000002        1       192.168.0.3        3        1       98
0000000000000002        2       192.168.0.2        1        2      196
0000000000000002        3       192.168.0.2        1        2      196
discovery--->==================================== discovery ====================================
discovery---> cls: [(1, 3), (1, 2), (3, 2)]
discovery--->=============================================================================
==================================== link detector ====================================

----------------------------
src    dst :    delay
1 <---> 3 : 3.9882659912109375
1 <---> 2 : 4.028081893920898
3 <---> 2 : 2.7189254760742188
3 <---> 1 : 4.039287567138672
2 <---> 3 : 3.0896663665771484
2 <---> 1 : 3.9682388305664062
datapath         port     rx-pkts  rx-bytes rx-error tx-pkts  tx-bytes tx-error
---------------- -------- -------- -------- -------- -------- -------- --------
0000000000000001        1        6      476        0       84     6560        0
0000000000000001        2      106     8517        0      105     8457        0
0000000000000001        3      101     8217        0      102     8119        0
datapath         in-port  eth-dst           out-port packets  bytes
---------------- -------- ----------------- -------- -------- --------
0000000000000001        1       192.168.0.2        2        1       98
0000000000000001        1       192.168.0.3        3        1       98
0000000000000001        2       192.168.0.1        1        2      196
0000000000000001        3       192.168.0.1        1        2      196
datapath         port     rx-pkts  rx-bytes rx-error tx-pkts  tx-bytes tx-error
---------------- -------- -------- -------- -------- -------- -------- --------
0000000000000002        1        9      602        0       82     6476        0
0000000000000002        2      105     8457        0      106     8517        0
0000000000000002        3      104     8397        0      103     8191        0
datapath         in-port  eth-dst           out-port packets  bytes
---------------- -------- ----------------- -------- -------- --------
0000000000000002        1       192.168.0.1        2        2      196
0000000000000002        1       192.168.0.3        3        1       98
0000000000000002        2       192.168.0.2        1        2      196
0000000000000002        3       192.168.0.2        1        2      196
datapath         port     rx-pkts  rx-bytes rx-error tx-pkts  tx-bytes tx-error
---------------- -------- -------- -------- -------- -------- -------- --------
0000000000000003        1        9      602        0       85     6656        0
0000000000000003        2      102     8119        0      101     8217        0
0000000000000003        3      103     8191        0      104     8397        0
datapath         in-port  eth-dst           out-port packets  bytes
---------------- -------- ----------------- -------- -------- --------
0000000000000003        1       192.168.0.1        2        2      196
0000000000000003        1       192.168.0.2        3        2      196
0000000000000003        2       192.168.0.3        1        2      196
0000000000000003        3       192.168.0.3        1        2      196
discovery--->==================================== discovery ====================================
discovery---> cls: [(1, 3), (1, 2), (3, 2)]
discovery--->=============================================================================
==================================== link detector ====================================

----------------------------
src    dst :    delay
1 <---> 3 : 3.947019577026367
1 <---> 2 : 4.010677337646484
3 <---> 2 : 4.0683746337890625
3 <---> 1 : 2.9594898223876953
2 <---> 3 : 4.065275192260742
2 <---> 1 : 2.6712417602539062
==================================== link detector ====================================

----------------------------
src    dst :    delay
1 <---> 3 : 3.490924835205078
1 <---> 2 : 3.460407257080078
3 <---> 2 : 3.9556026458740234
3 <---> 1 : 3.2134056091308594
2 <---> 3 : 4.106044769287109
2 <---> 1 : 3.139495849609375
datapath         port     rx-pkts  rx-bytes rx-error tx-pkts  tx-bytes tx-error
---------------- -------- -------- -------- -------- -------- -------- --------
0000000000000001        1        6      476        0       90     7028        0
0000000000000001        2      111     8817        0      111     8817        0
0000000000000001        3      106     8517        0      108     8479        0
datapath         in-port  eth-dst           out-port packets  bytes
---------------- -------- ----------------- -------- -------- --------
0000000000000001        1       192.168.0.2        2        1       98
0000000000000001        1       192.168.0.3        3        1       98
0000000000000001        2       192.168.0.1        1        2      196
0000000000000001        3       192.168.0.1        1        2      196
datapath         port     rx-pkts  rx-bytes rx-error tx-pkts  tx-bytes tx-error
---------------- -------- -------- -------- -------- -------- -------- --------
0000000000000003        1        9      602        0       90     7046        0
0000000000000003        2      108     8479        0      106     8517        0
0000000000000003        3      108     8491        0      108     8637        0
datapath         in-port  eth-dst           out-port packets  bytes
---------------- -------- ----------------- -------- -------- --------
0000000000000003        1       192.168.0.1        2        2      196
0000000000000003        1       192.168.0.2        3        2      196
0000000000000003        2       192.168.0.3        1        2      196
0000000000000003        3       192.168.0.3        1        2      196
datapath         port     rx-pkts  rx-bytes rx-error tx-pkts  tx-bytes tx-error
---------------- -------- -------- -------- -------- -------- -------- --------
0000000000000002        1        9      602        0       88     6944        0
0000000000000002        2      111     8817        0      111     8817        0
0000000000000002        3      108     8637        0      108     8491        0
datapath         in-port  eth-dst           out-port packets  bytes
---------------- -------- ----------------- -------- -------- --------
0000000000000002        1       192.168.0.1        2        2      196
0000000000000002        1       192.168.0.3        3        1       98
0000000000000002        2       192.168.0.2        1        2      196
0000000000000002        3       192.168.0.2        1        2      196
discovery--->==================================== discovery ====================================
discovery---> cls: [(1, 3), (1, 2), (3, 2)]
discovery--->=============================================================================
==================================== link detector ====================================

----------------------------
src    dst :    delay
1 <---> 3 : 3.9505958557128906
1 <---> 2 : 4.054069519042969
3 <---> 2 : 3.100156784057617
3 <---> 1 : 4.022359848022461
2 <---> 3 : 2.8274059295654297
2 <---> 1 : 2.9823780059814453
datapath         port     rx-pkts  rx-bytes rx-error tx-pkts  tx-bytes tx-error
---------------- -------- -------- -------- -------- -------- -------- --------
0000000000000001        1        6      476        0       95     7418        0
0000000000000001        2      117     9177        0      116     9117        0
0000000000000001        3      111     8817        0      113     8779        0
datapath         in-port  eth-dst           out-port packets  bytes
---------------- -------- ----------------- -------- -------- --------
0000000000000001        1       192.168.0.2        2        1       98
0000000000000001        1       192.168.0.3        3        1       98
0000000000000001        2       192.168.0.1        1        2      196
0000000000000001        3       192.168.0.1        1        2      196
datapath         port     rx-pkts  rx-bytes rx-error tx-pkts  tx-bytes tx-error
---------------- -------- -------- -------- -------- -------- -------- --------
0000000000000003        1        9      602        0       96     7514        0
0000000000000003        2      113     8779        0      111     8817        0
0000000000000003        3      114     8851        0      114     8997        0
datapath         in-port  eth-dst           out-port packets  bytes
---------------- -------- ----------------- -------- -------- --------
0000000000000003        1       192.168.0.1        2        2      196
0000000000000003        1       192.168.0.2        3        2      196
0000000000000003        2       192.168.0.3        1        2      196
0000000000000003        3       192.168.0.3        1        2      196
datapath         port     rx-pkts  rx-bytes rx-error tx-pkts  tx-bytes tx-error
---------------- -------- -------- -------- -------- -------- -------- --------
0000000000000002        1        9      602        0       93     7334        0
0000000000000002        2      116     9117        0      117     9177        0
0000000000000002        3      114     8997        0      114     8851        0
datapath         in-port  eth-dst           out-port packets  bytes
---------------- -------- ----------------- -------- -------- --------
0000000000000002        1       192.168.0.1        2        2      196
0000000000000002        1       192.168.0.3        3        1       98
0000000000000002        2       192.168.0.2        1        2      196
0000000000000002        3       192.168.0.2        1        2      196
discovery--->==================================== discovery ====================================
discovery---> cls: [(1, 3), (1, 2), (3, 2)]
discovery--->=============================================================================
==================================== link detector ====================================

----------------------------
src    dst :    delay
1 <---> 3 : 3.1626224517822266
1 <---> 2 : 4.060268402099609
3 <---> 2 : 2.650737762451172
3 <---> 1 : 4.030466079711914
2 <---> 3 : 2.804994583129883
2 <---> 1 : 4.05120849609375
==================================== link detector ====================================

----------------------------
src    dst :    delay
1 <---> 3 : 3.9932727813720703
1 <---> 2 : 3.993511199951172
3 <---> 2 : 3.4630298614501953
3 <---> 1 : 3.965616226196289
2 <---> 3 : 4.253625869750977
2 <---> 1 : 4.06193733215332
datapath         port     rx-pkts  rx-bytes rx-error tx-pkts  tx-bytes tx-error
---------------- -------- -------- -------- -------- -------- -------- --------
0000000000000001        1        6      476        0      101     7886        0
0000000000000001        2      122     9477        0      122     9477        0
0000000000000001        3      115     9057        0      119     9139        0
datapath         in-port  eth-dst           out-port packets  bytes
---------------- -------- ----------------- -------- -------- --------
0000000000000001        1       192.168.0.2        2        1       98
0000000000000001        1       192.168.0.3        3        1       98
0000000000000001        2       192.168.0.1        1        2      196
0000000000000001        3       192.168.0.1        1        2      196
datapath         port     rx-pkts  rx-bytes rx-error tx-pkts  tx-bytes tx-error
---------------- -------- -------- -------- -------- -------- -------- --------
0000000000000003        1        9      602        0      102     7982        0
0000000000000003        2      119     9139        0      115     9057        0
0000000000000003        3      119     9151        0      119     9297        0
datapath         in-port  eth-dst           out-port packets  bytes
---------------- -------- ----------------- -------- -------- --------
0000000000000003        1       192.168.0.1        2        2      196
0000000000000003        1       192.168.0.2        3        2      196
0000000000000003        2       192.168.0.3        1        2      196
0000000000000003        3       192.168.0.3        1        2      196
datapath         port     rx-pkts  rx-bytes rx-error tx-pkts  tx-bytes tx-error
---------------- -------- -------- -------- -------- -------- -------- --------
0000000000000002        1        9      602        0       99     7802        0
0000000000000002        2      122     9477        0      122     9477        0
0000000000000002        3      119     9297        0      119     9151        0
datapath         in-port  eth-dst           out-port packets  bytes
---------------- -------- ----------------- -------- -------- --------
0000000000000002        1       192.168.0.1        2        2      196
0000000000000002        1       192.168.0.3        3        1       98
0000000000000002        2       192.168.0.2        1        2      196
0000000000000002        3       192.168.0.2        1        2      196
discovery--->==================================== discovery ====================================
discovery---> cls: [(1, 3), (1, 2), (3, 2)]
discovery--->=============================================================================
==================================== link detector ====================================

----------------------------
src    dst :    delay
1 <---> 3 : 4.029035568237305
1 <---> 2 : 2.665996551513672
3 <---> 2 : 4.036903381347656
3 <---> 1 : 3.9675235748291016
2 <---> 3 : 3.2775402069091797
2 <---> 1 : 3.107309341430664
datapath         port     rx-pkts  rx-bytes rx-error tx-pkts  tx-bytes tx-error
---------------- -------- -------- -------- -------- -------- -------- --------
0000000000000001        1        6      476        0      106     8276        0
0000000000000001        2      128     9837        0      127     9777        0
0000000000000001        3      121     9417        0      124     9439        0
datapath         in-port  eth-dst           out-port packets  bytes
---------------- -------- ----------------- -------- -------- --------
0000000000000001        1       192.168.0.2        2        1       98
0000000000000001        1       192.168.0.3        3        1       98
0000000000000001        2       192.168.0.1        1        2      196
0000000000000001        3       192.168.0.1        1        2      196
datapath         port     rx-pkts  rx-bytes rx-error tx-pkts  tx-bytes tx-error
---------------- -------- -------- -------- -------- -------- -------- --------
0000000000000003        1        9      602        0      107     8372        0
0000000000000003        2      124     9439        0      121     9417        0
0000000000000003        3      125     9511        0      124     9597        0
datapath         in-port  eth-dst           out-port packets  bytes
---------------- -------- ----------------- -------- -------- --------
0000000000000003        1       192.168.0.1        2        2      196
0000000000000003        1       192.168.0.2        3        2      196
0000000000000003        2       192.168.0.3        1        2      196
0000000000000003        3       192.168.0.3        1        2      196
datapath         port     rx-pkts  rx-bytes rx-error tx-pkts  tx-bytes tx-error
---------------- -------- -------- -------- -------- -------- -------- --------
0000000000000002        1        9      602        0      104     8192        0
0000000000000002        2      127     9777        0      128     9837        0
0000000000000002        3      124     9597        0      125     9511        0
datapath         in-port  eth-dst           out-port packets  bytes
---------------- -------- ----------------- -------- -------- --------
0000000000000002        1       192.168.0.1        2        2      196
0000000000000002        1       192.168.0.3        3        1       98
0000000000000002        2       192.168.0.2        1        2      196
0000000000000002        3       192.168.0.2        1        2      196
discovery--->==================================== discovery ====================================
discovery---> cls: [(1, 3), (1, 2), (3, 2)]
discovery--->=============================================================================
==================================== link detector ====================================

----------------------------
src    dst :    delay
1 <---> 3 : 2.1576881408691406
1 <---> 2 : 4.122734069824219
3 <---> 2 : 4.106044769287109
3 <---> 1 : 3.9789676666259766
2 <---> 3 : 2.740144729614258
2 <---> 1 : 3.5114288330078125
==================================== link detector ====================================

----------------------------
src    dst :    delay
1 <---> 3 : 4.127740859985352
1 <---> 2 : 3.0510425567626953
3 <---> 2 : 2.717733383178711
3 <---> 1 : 4.009485244750977
2 <---> 3 : 2.6504993438720703
2 <---> 1 : 3.9920806884765625
datapath         port     rx-pkts  rx-bytes rx-error tx-pkts  tx-bytes tx-error
---------------- -------- -------- -------- -------- -------- -------- --------
0000000000000001        1        6      476        0      112     8744        0
0000000000000001        2      133    10137        0      133    10137        0
0000000000000001        3      127     9777        0      130     9799        0
datapath         in-port  eth-dst           out-port packets  bytes
---------------- -------- ----------------- -------- -------- --------
0000000000000001        1       192.168.0.2        2        1       98
0000000000000001        1       192.168.0.3        3        1       98
0000000000000001        2       192.168.0.1        1        2      196
0000000000000001        3       192.168.0.1        1        2      196
datapath         port     rx-pkts  rx-bytes rx-error tx-pkts  tx-bytes tx-error
---------------- -------- -------- -------- -------- -------- -------- --------
0000000000000002        1        9      602        0      110     8660        0
0000000000000002        2      133    10137        0      133    10137        0
0000000000000002        3      130     9957        0      131     9871        0
datapath         in-port  eth-dst           out-port packets  bytes
---------------- -------- ----------------- -------- -------- --------
0000000000000002        1       192.168.0.1        2        2      196
0000000000000002        1       192.168.0.3        3        1       98
0000000000000002        2       192.168.0.2        1        2      196
0000000000000002        3       192.168.0.2        1        2      196
datapath         port     rx-pkts  rx-bytes rx-error tx-pkts  tx-bytes tx-error
---------------- -------- -------- -------- -------- -------- -------- --------
0000000000000003        1        9      602        0      113     8840        0
0000000000000003        2      130     9799        0      127     9777        0
0000000000000003        3      131     9871        0      130     9957        0
datapath         in-port  eth-dst           out-port packets  bytes
---------------- -------- ----------------- -------- -------- --------
0000000000000003        1       192.168.0.1        2        2      196
0000000000000003        1       192.168.0.2        3        2      196
0000000000000003        2       192.168.0.3        1        2      196
0000000000000003        3       192.168.0.3        1        2      196
discovery--->==================================== discovery ====================================
discovery---> cls: [(1, 3), (1, 2), (3, 2)]
discovery--->=============================================================================
==================================== link detector ====================================

----------------------------
src    dst :    delay
1 <---> 3 : 3.989696502685547
1 <---> 2 : 2.7382373809814453
3 <---> 2 : 2.3279190063476562
3 <---> 1 : 3.96728515625
2 <---> 3 : 3.0241012573242188
2 <---> 1 : 3.023862838745117
