loading app network_structure.py
loading app network_monitor.py
loading app network_delay.py
loading app network_shortest_path.py
loading app arp_handler.py
loading app ryu.controller.ofp_handler
instantiating app None of Switches
creating context switches
instantiating app network_structure.py of NetworkStructure
instantiating app network_monitor.py of NetworkMonitor
instantiating app network_delay.py of NetworkDelay
instantiating app network_shortest_path.py of NetworkShortestPath
instantiating app arp_handler.py of ArpHandler
instantiating app ryu.controller.ofp_handler of OFPHandler
discovery---> switch: 1152921504606846977 connected
discovery---> switch: 1152921504606846978 connected
discovery---> switch: 1152921504606846979 connected
discovery---> switch: 1152921504606846980 connected
discovery---> switch: 1152921504606846981 connected
monitor---->register datapath: 1000000000000001
monitor---->register datapath: 1000000000000003
monitor---->register datapath: 1000000000000005
monitor---->register datapath: 1000000000000004
monitor---->register datapath: 1000000000000002
==================================== link detector ====================================

----------------------------
src    dst :    delay
1152921504606846979 <---> 1152921504606846977 : 9.728670120239258
1152921504606846979 <---> 1152921504606846981 : 10.233163833618164
1152921504606846977 <---> 1152921504606846980 : 19.04916763305664
1152921504606846977 <---> 1152921504606846979 : 9.36436653137207
1152921504606846977 <---> 1152921504606846978 : 6.109714508056641
1152921504606846980 <---> 1152921504606846977 : 4.468441009521484
1152921504606846980 <---> 1152921504606846981 : 12.237548828125
1152921504606846978 <---> 1152921504606846977 : 12.208938598632812
1152921504606846978 <---> 1152921504606846981 : 12.546539306640625
1152921504606846981 <---> 1152921504606846979 : 9.359121322631836
1152921504606846981 <---> 1152921504606846980 : 4.651069641113281
1152921504606846981 <---> 1152921504606846978 : 6.148576736450195
discovery--->==================================== discovery ====================================
discovery---> graph: [(1152921504606846979, 1152921504606846977), (1152921504606846979, 1152921504606846981), (1152921504606846977, 1152921504606846980), (1152921504606846977, 1152921504606846978), (1152921504606846981, 1152921504606846980), (1152921504606846981, 1152921504606846978)]
discovery--->==============================
datapath         port     rx-pkts  rx-bytes rx-error tx-pkts  tx-bytes tx-error
---------------- -------- -------- -------- -------- -------- -------- --------
1000000000000001        1       26     3596        0       27     3656        0
1000000000000001        2       26     3596        0       27     3656        0
1000000000000001        3       27     3656        0       26     3596        0
1000000000000001        4        9      726        0       26     3596        0
1000000000000001        5        9      726        0       26     3596        0
1000000000000001        6        9      726        0       26     3596        0
datapath         in-port  eth-dst           out-port packets  bytes
---------------- -------- ----------------- -------- -------- --------
datapath         port     rx-pkts  rx-bytes rx-error tx-pkts  tx-bytes tx-error
---------------- -------- -------- -------- -------- -------- -------- --------
1000000000000004        1       26     3596        0       27     3656        0
1000000000000004        2       27     3656        0       26     3596        0
datapath         in-port  eth-dst           out-port packets  bytes
---------------- -------- ----------------- -------- -------- --------
datapath         port     rx-pkts  rx-bytes rx-error tx-pkts  tx-bytes tx-error
---------------- -------- -------- -------- -------- -------- -------- --------
1000000000000002        1       27     3656        0       26     3596        0
1000000000000002        2       27     3656        0       26     3596        0
datapath         in-port  eth-dst           out-port packets  bytes
---------------- -------- ----------------- -------- -------- --------
datapath         port     rx-pkts  rx-bytes rx-error tx-pkts  tx-bytes tx-error
---------------- -------- -------- -------- -------- -------- -------- --------
1000000000000003        1       27     3656        0       26     3596        0
1000000000000003        2       27     3656        0       26     3596        0
datapath         in-port  eth-dst           out-port packets  bytes
---------------- -------- ----------------- -------- -------- --------
datapath         port     rx-pkts  rx-bytes rx-error tx-pkts  tx-bytes tx-error
---------------- -------- -------- -------- -------- -------- -------- --------
1000000000000005        1       26     3596        0       27     3656        0
1000000000000005        2       26     3596        0       27     3656        0
1000000000000005        3       26     3596        0       27     3656        0
1000000000000005        4        9      726        0       26     3596        0
datapath         in-port  eth-dst           out-port packets  bytes
---------------- -------- ----------------- -------- -------- --------
==================================== link detector ====================================

----------------------------
src    dst :    delay
1152921504606846979 <---> 1152921504606846977 : 4.077434539794922
1152921504606846979 <---> 1152921504606846981 : 2.866029739379883
1152921504606846977 <---> 1152921504606846980 : 3.6644935607910156
1152921504606846977 <---> 1152921504606846979 : 4.068136215209961
1152921504606846977 <---> 1152921504606846978 : 3.7841796875
1152921504606846980 <---> 1152921504606846977 : 3.864288330078125
1152921504606846980 <---> 1152921504606846981 : 3.7055015563964844
1152921504606846978 <---> 1152921504606846977 : 3.6842823028564453
1152921504606846978 <---> 1152921504606846981 : 3.7522315979003906
1152921504606846981 <---> 1152921504606846979 : 3.353595733642578
1152921504606846981 <---> 1152921504606846980 : 2.276182174682617
1152921504606846981 <---> 1152921504606846978 : 4.158735275268555
==================================== link detector ====================================

----------------------------
src    dst :    delay
1152921504606846979 <---> 1152921504606846977 : 3.3888816833496094
1152921504606846979 <---> 1152921504606846981 : 3.5157203674316406
1152921504606846977 <---> 1152921504606846980 : 3.7322044372558594
1152921504606846977 <---> 1152921504606846979 : 2.172708511352539
1152921504606846977 <---> 1152921504606846978 : 3.751993179321289
1152921504606846980 <---> 1152921504606846977 : 3.7698745727539062
1152921504606846980 <---> 1152921504606846981 : 3.764629364013672
1152921504606846978 <---> 1152921504606846977 : 3.8383007049560547
1152921504606846978 <---> 1152921504606846981 : 3.8869380950927734
1152921504606846981 <---> 1152921504606846979 : 2.9075145721435547
1152921504606846981 <---> 1152921504606846980 : 3.8344860076904297
1152921504606846981 <---> 1152921504606846978 : 3.8433074951171875
discovery--->==================================== discovery ====================================
discovery---> graph: [(1152921504606846979, 1152921504606846977), (1152921504606846979, 1152921504606846981), (1152921504606846977, 1152921504606846980), (1152921504606846977, 1152921504606846978), (1152921504606846981, 1152921504606846980), (1152921504606846981, 1152921504606846978)]
discovery--->==============================
hub: uncaught exception: Traceback (most recent call last):
  File "/usr/local/lib/python3.8/dist-packages/ryu/lib/hub.py", line 60, in _launch
    return func(*args, **kwargs)
  File "/home/terry/LJQ/Task/ryu/network_monitor.py", line 59, in scheduler
    self.create_bandwidth_graph()
  File "/home/terry/LJQ/Task/ryu/network_monitor.py", line 316, in create_bandwidth_graph
    capacity = self.network_structure.m_graph[src_dpid][dst_dpid]['bw']
  File "/usr/local/lib/python3.8/dist-packages/networkx/classes/graph.py", line 517, in __getitem__
    return self.adj[n]
  File "/usr/local/lib/python3.8/dist-packages/networkx/classes/coreviews.py", line 82, in __getitem__
    return AtlasView(self._atlas[name])
KeyError: 1152921504606846979

datapath         port     rx-pkts  rx-bytes rx-error tx-pkts  tx-bytes tx-error
---------------- -------- -------- -------- -------- -------- -------- --------
1000000000000001        1       32     3956        0       32     3956        0
1000000000000001        2       32     3956        0       32     3956        0
1000000000000001        3       32     3956        0       32     3956        0
1000000000000001        4        9      726        0       32     3956        0
1000000000000001        5        9      726        0       32     3956        0
1000000000000001        6        9      726        0       32     3956        0
datapath         in-port  eth-dst           out-port packets  bytes
---------------- -------- ----------------- -------- -------- --------
datapath         port     rx-pkts  rx-bytes rx-error tx-pkts  tx-bytes tx-error
---------------- -------- -------- -------- -------- -------- -------- --------
1000000000000002        1       32     3956        0       32     3956        0
1000000000000002        2       32     3956        0       32     3956        0
datapath         in-port  eth-dst           out-port packets  bytes
---------------- -------- ----------------- -------- -------- --------
datapath         port     rx-pkts  rx-bytes rx-error tx-pkts  tx-bytes tx-error
---------------- -------- -------- -------- -------- -------- -------- --------
1000000000000003        1       32     3956        0       32     3956        0
1000000000000003        2       32     3956        0       32     3956        0
datapath         in-port  eth-dst           out-port packets  bytes
---------------- -------- ----------------- -------- -------- --------
datapath         port     rx-pkts  rx-bytes rx-error tx-pkts  tx-bytes tx-error
---------------- -------- -------- -------- -------- -------- -------- --------
1000000000000004        1       32     3956        0       32     3956        0
1000000000000004        2       32     3956        0       32     3956        0
datapath         in-port  eth-dst           out-port packets  bytes
---------------- -------- ----------------- -------- -------- --------
datapath         port     rx-pkts  rx-bytes rx-error tx-pkts  tx-bytes tx-error
---------------- -------- -------- -------- -------- -------- -------- --------
1000000000000005        1       32     3956        0       32     3956        0
1000000000000005        2       32     3956        0       32     3956        0
1000000000000005        3       32     3956        0       32     3956        0
1000000000000005        4        9      726        0       31     3896        0
datapath         in-port  eth-dst           out-port packets  bytes
---------------- -------- ----------------- -------- -------- --------
==================================== link detector ====================================

----------------------------
src    dst :    delay
1152921504606846979 <---> 1152921504606846977 : 3.792285919189453
1152921504606846979 <---> 1152921504606846981 : 3.856658935546875
1152921504606846977 <---> 1152921504606846980 : 3.664731979370117
1152921504606846977 <---> 1152921504606846979 : 3.7696361541748047
1152921504606846977 <---> 1152921504606846978 : 4.012823104858398
1152921504606846980 <---> 1152921504606846977 : 3.735780715942383
1152921504606846980 <---> 1152921504606846981 : 2.9914379119873047
1152921504606846978 <---> 1152921504606846977 : 3.1032562255859375
1152921504606846978 <---> 1152921504606846981 : 3.86810302734375
1152921504606846981 <---> 1152921504606846979 : 3.9403438568115234
1152921504606846981 <---> 1152921504606846980 : 2.701997756958008
1152921504606846981 <---> 1152921504606846978 : 4.13060188293457
discovery--->==================================== discovery ====================================
discovery---> graph: [(1152921504606846979, 1152921504606846977), (1152921504606846979, 1152921504606846981), (1152921504606846977, 1152921504606846980), (1152921504606846977, 1152921504606846978), (1152921504606846981, 1152921504606846980), (1152921504606846981, 1152921504606846978)]
discovery--->==============================
==================================== link detector ====================================

----------------------------
src    dst :    delay
1152921504606846979 <---> 1152921504606846977 : 3.741025924682617
1152921504606846979 <---> 1152921504606846981 : 4.1561126708984375
1152921504606846977 <---> 1152921504606846980 : 3.7980079650878906
1152921504606846977 <---> 1152921504606846979 : 3.8230419158935547
1152921504606846977 <---> 1152921504606846978 : 3.7240982055664062
1152921504606846980 <---> 1152921504606846977 : 3.82232666015625
1152921504606846980 <---> 1152921504606846981 : 3.882169723510742
1152921504606846978 <---> 1152921504606846977 : 4.068613052368164
1152921504606846978 <---> 1152921504606846981 : 3.8709640502929688
1152921504606846981 <---> 1152921504606846979 : 3.9224624633789062
1152921504606846981 <---> 1152921504606846980 : 3.634214401245117
1152921504606846981 <---> 1152921504606846978 : 3.7178993225097656
==================================== link detector ====================================

----------------------------
src    dst :    delay
1152921504606846979 <---> 1152921504606846977 : 4.091978073120117
1152921504606846979 <---> 1152921504606846981 : 3.8459300994873047
1152921504606846977 <---> 1152921504606846980 : 2.2172927856445312
1152921504606846977 <---> 1152921504606846979 : 3.728628158569336
1152921504606846977 <---> 1152921504606846978 : 3.6165714263916016
1152921504606846980 <---> 1152921504606846977 : 3.797769546508789
1152921504606846980 <---> 1152921504606846981 : 3.839731216430664
1152921504606846978 <---> 1152921504606846977 : 3.935575485229492
1152921504606846978 <---> 1152921504606846981 : 3.74603271484375
1152921504606846981 <---> 1152921504606846979 : 4.1027069091796875
1152921504606846981 <---> 1152921504606846980 : 3.456592559814453
1152921504606846981 <---> 1152921504606846978 : 3.681659698486328
discovery--->==================================== discovery ====================================
discovery---> graph: [(1152921504606846979, 1152921504606846977), (1152921504606846979, 1152921504606846981), (1152921504606846977, 1152921504606846980), (1152921504606846977, 1152921504606846978), (1152921504606846981, 1152921504606846980), (1152921504606846981, 1152921504606846978)]
discovery--->==============================
==================================== link detector ====================================

----------------------------
src    dst :    delay
1152921504606846979 <---> 1152921504606846977 : 3.809690475463867
1152921504606846979 <---> 1152921504606846981 : 4.065036773681641
1152921504606846977 <---> 1152921504606846980 : 2.279043197631836
1152921504606846977 <---> 1152921504606846979 : 3.837108612060547
1152921504606846977 <---> 1152921504606846978 : 3.824472427368164
1152921504606846980 <---> 1152921504606846977 : 3.7336349487304688
1152921504606846980 <---> 1152921504606846981 : 3.7801265716552734
1152921504606846978 <---> 1152921504606846977 : 3.905057907104492
1152921504606846978 <---> 1152921504606846981 : 3.888368606567383
1152921504606846981 <---> 1152921504606846979 : 3.5216808319091797
1152921504606846981 <---> 1152921504606846980 : 3.7717819213867188
1152921504606846981 <---> 1152921504606846978 : 3.8101673126220703
discovery--->==================================== discovery ====================================
discovery---> graph: [(1152921504606846979, 1152921504606846977), (1152921504606846979, 1152921504606846981), (1152921504606846977, 1152921504606846980), (1152921504606846977, 1152921504606846978), (1152921504606846981, 1152921504606846980), (1152921504606846981, 1152921504606846978)]
discovery--->==============================
==================================== link detector ====================================

----------------------------
src    dst :    delay
1152921504606846979 <---> 1152921504606846977 : 3.841876983642578
1152921504606846979 <---> 1152921504606846981 : 2.670764923095703
1152921504606846977 <---> 1152921504606846980 : 3.8623809814453125
1152921504606846977 <---> 1152921504606846979 : 3.7865638732910156
1152921504606846977 <---> 1152921504606846978 : 3.899812698364258
1152921504606846980 <---> 1152921504606846977 : 3.803253173828125
1152921504606846980 <---> 1152921504606846981 : 3.831148147583008
1152921504606846978 <---> 1152921504606846977 : 3.891468048095703
1152921504606846978 <---> 1152921504606846981 : 3.969430923461914
1152921504606846981 <---> 1152921504606846979 : 3.910064697265625
1152921504606846981 <---> 1152921504606846980 : 3.8785934448242188
1152921504606846981 <---> 1152921504606846978 : 3.981351852416992
==================================== link detector ====================================

----------------------------
src    dst :    delay
1152921504606846979 <---> 1152921504606846977 : 3.7946701049804688
1152921504606846979 <---> 1152921504606846981 : 3.942728042602539
1152921504606846977 <---> 1152921504606846980 : 4.070520401000977
1152921504606846977 <---> 1152921504606846979 : 2.7649402618408203
1152921504606846977 <---> 1152921504606846978 : 3.893136978149414
1152921504606846980 <---> 1152921504606846977 : 2.727031707763672
1152921504606846980 <---> 1152921504606846981 : 3.772258758544922
1152921504606846978 <---> 1152921504606846977 : 4.043340682983398
1152921504606846978 <---> 1152921504606846981 : 4.331350326538086
1152921504606846981 <---> 1152921504606846979 : 3.835916519165039
1152921504606846981 <---> 1152921504606846980 : 3.8917064666748047
1152921504606846981 <---> 1152921504606846978 : 3.8542747497558594
discovery--->==================================== discovery ====================================
discovery---> graph: [(1152921504606846979, 1152921504606846977), (1152921504606846979, 1152921504606846981), (1152921504606846977, 1152921504606846980), (1152921504606846977, 1152921504606846978), (1152921504606846981, 1152921504606846980), (1152921504606846981, 1152921504606846978)]
discovery--->==============================
==================================== link detector ====================================

----------------------------
src    dst :    delay
1152921504606846979 <---> 1152921504606846977 : 2.0842552185058594
1152921504606846979 <---> 1152921504606846981 : 4.189968109130859
1152921504606846977 <---> 1152921504606846980 : 3.8805007934570312
1152921504606846977 <---> 1152921504606846979 : 2.9296875
1152921504606846977 <---> 1152921504606846978 : 3.172159194946289
1152921504606846980 <---> 1152921504606846977 : 3.5719871520996094
1152921504606846980 <---> 1152921504606846981 : 3.825664520263672
1152921504606846978 <---> 1152921504606846977 : 3.8094520568847656
1152921504606846978 <---> 1152921504606846981 : 3.726959228515625
1152921504606846981 <---> 1152921504606846979 : 3.198385238647461
1152921504606846981 <---> 1152921504606846980 : 3.7109851837158203
1152921504606846981 <---> 1152921504606846978 : 3.9501190185546875
discovery--->==================================== discovery ====================================
discovery---> graph: [(1152921504606846979, 1152921504606846977), (1152921504606846979, 1152921504606846981), (1152921504606846977, 1152921504606846980), (1152921504606846977, 1152921504606846978), (1152921504606846981, 1152921504606846980), (1152921504606846981, 1152921504606846978)]
discovery--->==============================
==================================== link detector ====================================

----------------------------
src    dst :    delay
1152921504606846979 <---> 1152921504606846977 : 3.7081241607666016
1152921504606846979 <---> 1152921504606846981 : 3.843545913696289
1152921504606846977 <---> 1152921504606846980 : 3.7262439727783203
1152921504606846977 <---> 1152921504606846979 : 3.7436485290527344
1152921504606846977 <---> 1152921504606846978 : 3.7021636962890625
1152921504606846980 <---> 1152921504606846977 : 3.998994827270508
1152921504606846980 <---> 1152921504606846981 : 3.8847923278808594
1152921504606846978 <---> 1152921504606846977 : 3.1528472900390625
1152921504606846978 <---> 1152921504606846981 : 3.0612945556640625
1152921504606846981 <---> 1152921504606846979 : 3.8132667541503906
1152921504606846981 <---> 1152921504606846980 : 3.774881362915039
1152921504606846981 <---> 1152921504606846978 : 3.787517547607422
==================================== link detector ====================================

----------------------------
src    dst :    delay
1152921504606846979 <---> 1152921504606846977 : 3.740549087524414
1152921504606846979 <---> 1152921504606846981 : 3.9119720458984375
1152921504606846977 <---> 1152921504606846980 : 3.850221633911133
1152921504606846977 <---> 1152921504606846979 : 3.9010047912597656
1152921504606846977 <---> 1152921504606846978 : 3.820657730102539
1152921504606846980 <---> 1152921504606846977 : 3.798961639404297
1152921504606846980 <---> 1152921504606846981 : 3.8611888885498047
1152921504606846978 <---> 1152921504606846977 : 3.8590431213378906
1152921504606846978 <---> 1152921504606846981 : 2.6030540466308594
1152921504606846981 <---> 1152921504606846979 : 2.5963783264160156
1152921504606846981 <---> 1152921504606846980 : 3.8347244262695312
1152921504606846981 <---> 1152921504606846978 : 4.018068313598633
discovery--->==================================== discovery ====================================
discovery---> graph: [(1152921504606846979, 1152921504606846977), (1152921504606846979, 1152921504606846981), (1152921504606846977, 1152921504606846980), (1152921504606846977, 1152921504606846978), (1152921504606846981, 1152921504606846980), (1152921504606846981, 1152921504606846978)]
discovery--->==============================
==================================== link detector ====================================

----------------------------
src    dst :    delay
1152921504606846979 <---> 1152921504606846977 : 3.8433074951171875
1152921504606846979 <---> 1152921504606846981 : 3.7987232208251953
1152921504606846977 <---> 1152921504606846980 : 3.8993358612060547
1152921504606846977 <---> 1152921504606846979 : 3.7610530853271484
1152921504606846977 <---> 1152921504606846978 : 3.7584304809570312
1152921504606846980 <---> 1152921504606846977 : 3.7910938262939453
1152921504606846980 <---> 1152921504606846981 : 3.80706787109375
1152921504606846978 <---> 1152921504606846977 : 3.236055374145508
1152921504606846978 <---> 1152921504606846981 : 3.8530826568603516
1152921504606846981 <---> 1152921504606846979 : 3.9556026458740234
1152921504606846981 <---> 1152921504606846980 : 3.8061141967773438
1152921504606846981 <---> 1152921504606846978 : 3.7567615509033203
discovery--->==================================== discovery ====================================
discovery---> graph: [(1152921504606846979, 1152921504606846977), (1152921504606846979, 1152921504606846981), (1152921504606846977, 1152921504606846980), (1152921504606846977, 1152921504606846978), (1152921504606846981, 1152921504606846980), (1152921504606846981, 1152921504606846978)]
discovery--->==============================
==================================== link detector ====================================

----------------------------
src    dst :    delay
1152921504606846979 <---> 1152921504606846977 : 3.8263797760009766
1152921504606846979 <---> 1152921504606846981 : 3.821849822998047
1152921504606846977 <---> 1152921504606846980 : 3.139019012451172
1152921504606846977 <---> 1152921504606846979 : 2.171754837036133
1152921504606846977 <---> 1152921504606846978 : 3.4270286560058594
1152921504606846980 <---> 1152921504606846977 : 3.7746429443359375
1152921504606846980 <---> 1152921504606846981 : 3.9818286895751953
1152921504606846978 <---> 1152921504606846977 : 3.973722457885742
1152921504606846978 <---> 1152921504606846981 : 3.846883773803711
1152921504606846981 <---> 1152921504606846979 : 2.683877944946289
1152921504606846981 <---> 1152921504606846980 : 3.724813461303711
1152921504606846981 <---> 1152921504606846978 : 3.8704872131347656
==================================== link detector ====================================

----------------------------
src    dst :    delay
1152921504606846979 <---> 1152921504606846977 : 4.023551940917969
1152921504606846979 <---> 1152921504606846981 : 3.8805007934570312
1152921504606846977 <---> 1152921504606846980 : 3.8535594940185547
1152921504606846977 <---> 1152921504606846979 : 3.7496089935302734
1152921504606846977 <---> 1152921504606846978 : 3.8628578186035156
1152921504606846980 <---> 1152921504606846977 : 3.7343502044677734
1152921504606846980 <---> 1152921504606846981 : 4.282951354980469
1152921504606846978 <---> 1152921504606846977 : 4.48298454284668
1152921504606846978 <---> 1152921504606846981 : 4.442453384399414
1152921504606846981 <---> 1152921504606846979 : 4.195451736450195
1152921504606846981 <---> 1152921504606846980 : 3.886699676513672
1152921504606846981 <---> 1152921504606846978 : 3.898143768310547
discovery--->==================================== discovery ====================================
discovery---> graph: [(1152921504606846979, 1152921504606846977), (1152921504606846979, 1152921504606846981), (1152921504606846977, 1152921504606846980), (1152921504606846977, 1152921504606846978), (1152921504606846981, 1152921504606846980), (1152921504606846981, 1152921504606846978)]
discovery--->==============================
==================================== link detector ====================================

----------------------------
src    dst :    delay
1152921504606846979 <---> 1152921504606846977 : 3.7870407104492188
1152921504606846979 <---> 1152921504606846981 : 3.956317901611328
1152921504606846977 <---> 1152921504606846980 : 3.7453174591064453
1152921504606846977 <---> 1152921504606846979 : 3.894805908203125
1152921504606846977 <---> 1152921504606846978 : 3.764629364013672
1152921504606846980 <---> 1152921504606846977 : 2.959728240966797
1152921504606846980 <---> 1152921504606846981 : 3.786325454711914
1152921504606846978 <---> 1152921504606846977 : 2.666473388671875
1152921504606846978 <---> 1152921504606846981 : 3.0837059020996094
1152921504606846981 <---> 1152921504606846979 : 3.8557052612304688
1152921504606846981 <---> 1152921504606846980 : 3.7326812744140625
1152921504606846981 <---> 1152921504606846978 : 3.962993621826172
discovery--->==================================== discovery ====================================
discovery---> graph: [(1152921504606846979, 1152921504606846977), (1152921504606846979, 1152921504606846981), (1152921504606846977, 1152921504606846980), (1152921504606846977, 1152921504606846978), (1152921504606846981, 1152921504606846980), (1152921504606846981, 1152921504606846978)]
discovery--->==============================
==================================== link detector ====================================

----------------------------
src    dst :    delay
1152921504606846979 <---> 1152921504606846977 : 3.9420127868652344
1152921504606846979 <---> 1152921504606846981 : 3.83758544921875
1152921504606846977 <---> 1152921504606846980 : 3.7720203399658203
1152921504606846977 <---> 1152921504606846979 : 3.7953853607177734
1152921504606846977 <---> 1152921504606846978 : 4.119873046875
1152921504606846980 <---> 1152921504606846977 : 2.6302337646484375
1152921504606846980 <---> 1152921504606846981 : 2.1233558654785156
1152921504606846978 <---> 1152921504606846977 : 3.9234161376953125
1152921504606846978 <---> 1152921504606846981 : 4.031658172607422
1152921504606846981 <---> 1152921504606846979 : 3.7016868591308594
1152921504606846981 <---> 1152921504606846980 : 2.6466846466064453
1152921504606846981 <---> 1152921504606846978 : 3.7114620208740234
==================================== link detector ====================================

----------------------------
src    dst :    delay
1152921504606846979 <---> 1152921504606846977 : 3.7670135498046875
1152921504606846979 <---> 1152921504606846981 : 3.9854049682617188
1152921504606846977 <---> 1152921504606846980 : 3.7539005279541016
1152921504606846977 <---> 1152921504606846979 : 3.843545913696289
1152921504606846977 <---> 1152921504606846978 : 3.809213638305664
1152921504606846980 <---> 1152921504606846977 : 3.7522315979003906
1152921504606846980 <---> 1152921504606846981 : 3.792285919189453
1152921504606846978 <---> 1152921504606846977 : 2.3696422576904297
1152921504606846978 <---> 1152921504606846981 : 3.7415027618408203
1152921504606846981 <---> 1152921504606846979 : 3.862619400024414
1152921504606846981 <---> 1152921504606846980 : 3.8824081420898438
1152921504606846981 <---> 1152921504606846978 : 3.0622482299804688
discovery--->==================================== discovery ====================================
discovery---> graph: [(1152921504606846979, 1152921504606846977), (1152921504606846979, 1152921504606846981), (1152921504606846977, 1152921504606846980), (1152921504606846977, 1152921504606846978), (1152921504606846981, 1152921504606846980), (1152921504606846981, 1152921504606846978)]
discovery--->==============================
==================================== link detector ====================================

----------------------------
src    dst :    delay
1152921504606846979 <---> 1152921504606846977 : 3.8597583770751953
1152921504606846979 <---> 1152921504606846981 : 4.146337509155273
1152921504606846977 <---> 1152921504606846980 : 4.057884216308594
1152921504606846977 <---> 1152921504606846979 : 3.780841827392578
1152921504606846977 <---> 1152921504606846978 : 8.660078048706055
1152921504606846980 <---> 1152921504606846977 : 2.080202102661133
1152921504606846980 <---> 1152921504606846981 : 4.084110260009766
1152921504606846978 <---> 1152921504606846977 : 4.21905517578125
1152921504606846978 <---> 1152921504606846981 : 3.9663314819335938
1152921504606846981 <---> 1152921504606846979 : 4.160404205322266
1152921504606846981 <---> 1152921504606846980 : 2.369403839111328
1152921504606846981 <---> 1152921504606846978 : 4.239082336425781
discovery--->==================================== discovery ====================================
discovery---> graph: [(1152921504606846979, 1152921504606846977), (1152921504606846979, 1152921504606846981), (1152921504606846977, 1152921504606846980), (1152921504606846977, 1152921504606846978), (1152921504606846981, 1152921504606846980), (1152921504606846981, 1152921504606846978)]
discovery--->==============================
==================================== link detector ====================================

----------------------------
src    dst :    delay
1152921504606846979 <---> 1152921504606846977 : 3.839731216430664
1152921504606846979 <---> 1152921504606846981 : 3.871440887451172
1152921504606846977 <---> 1152921504606846980 : 4.127740859985352
1152921504606846977 <---> 1152921504606846979 : 3.8661956787109375
1152921504606846977 <---> 1152921504606846978 : 3.8840770721435547
1152921504606846980 <---> 1152921504606846977 : 3.7136077880859375
1152921504606846980 <---> 1152921504606846981 : 3.766298294067383
1152921504606846978 <---> 1152921504606846977 : 2.7685165405273438
1152921504606846978 <---> 1152921504606846981 : 3.8514137268066406
1152921504606846981 <---> 1152921504606846979 : 3.950357437133789
1152921504606846981 <---> 1152921504606846980 : 3.6737918853759766
1152921504606846981 <---> 1152921504606846978 : 3.8607120513916016
==================================== link detector ====================================

----------------------------
src    dst :    delay
1152921504606846979 <---> 1152921504606846977 : 3.8902759552001953
1152921504606846979 <---> 1152921504606846981 : 3.9756298065185547
1152921504606846977 <---> 1152921504606846980 : 3.8399696350097656
1152921504606846977 <---> 1152921504606846979 : 2.8159618377685547
1152921504606846977 <---> 1152921504606846978 : 4.070281982421875
1152921504606846980 <---> 1152921504606846977 : 3.8156509399414062
1152921504606846980 <---> 1152921504606846981 : 3.8673877716064453
1152921504606846978 <---> 1152921504606846977 : 4.005193710327148
1152921504606846978 <---> 1152921504606846981 : 2.5162696838378906
1152921504606846981 <---> 1152921504606846979 : 3.756284713745117
1152921504606846981 <---> 1152921504606846980 : 3.8232803344726562
1152921504606846981 <---> 1152921504606846978 : 4.187583923339844
discovery--->==================================== discovery ====================================
discovery---> graph: [(1152921504606846979, 1152921504606846977), (1152921504606846979, 1152921504606846981), (1152921504606846977, 1152921504606846980), (1152921504606846977, 1152921504606846978), (1152921504606846981, 1152921504606846980), (1152921504606846981, 1152921504606846978)]
discovery--->==============================
==================================== link detector ====================================

----------------------------
src    dst :    delay
1152921504606846979 <---> 1152921504606846977 : 4.107236862182617
1152921504606846979 <---> 1152921504606846981 : 3.826618194580078
1152921504606846977 <---> 1152921504606846980 : 3.942728042602539
1152921504606846977 <---> 1152921504606846979 : 3.8046836853027344
1152921504606846977 <---> 1152921504606846978 : 4.115819931030273
1152921504606846980 <---> 1152921504606846977 : 3.9734840393066406
1152921504606846980 <---> 1152921504606846981 : 4.087209701538086
1152921504606846978 <---> 1152921504606846977 : 3.856182098388672
1152921504606846978 <---> 1152921504606846981 : 3.9832592010498047
1152921504606846981 <---> 1152921504606846979 : 4.10008430480957
1152921504606846981 <---> 1152921504606846980 : 4.097461700439453
1152921504606846981 <---> 1152921504606846978 : 4.076957702636719
==================================== link detector ====================================

----------------------------
src    dst :    delay
1152921504606846979 <---> 1152921504606846977 : 3.8046836853027344
1152921504606846979 <---> 1152921504606846981 : 3.9551258087158203
1152921504606846977 <---> 1152921504606846980 : 3.6575794219970703
1152921504606846977 <---> 1152921504606846979 : 3.8323402404785156
1152921504606846977 <---> 1152921504606846978 : 3.8557052612304688
1152921504606846980 <---> 1152921504606846977 : 3.7736892700195312
1152921504606846980 <---> 1152921504606846981 : 3.7941932678222656
1152921504606846978 <---> 1152921504606846977 : 4.036664962768555
1152921504606846978 <---> 1152921504606846981 : 3.9997100830078125
1152921504606846981 <---> 1152921504606846979 : 3.856182098388672
1152921504606846981 <---> 1152921504606846980 : 3.827810287475586
1152921504606846981 <---> 1152921504606846978 : 3.9806365966796875
discovery--->==================================== discovery ====================================
discovery---> graph: [(1152921504606846979, 1152921504606846977), (1152921504606846979, 1152921504606846981), (1152921504606846977, 1152921504606846980), (1152921504606846977, 1152921504606846978), (1152921504606846981, 1152921504606846980), (1152921504606846981, 1152921504606846978)]
discovery--->==============================
==================================== link detector ====================================

----------------------------
src    dst :    delay
1152921504606846979 <---> 1152921504606846977 : 3.495931625366211
1152921504606846979 <---> 1152921504606846981 : 2.646207809448242
1152921504606846977 <---> 1152921504606846980 : 3.6041736602783203
1152921504606846977 <---> 1152921504606846979 : 2.8977394104003906
1152921504606846977 <---> 1152921504606846978 : 3.853321075439453
1152921504606846980 <---> 1152921504606846977 : 3.7724971771240234
1152921504606846980 <---> 1152921504606846981 : 3.8132667541503906
1152921504606846978 <---> 1152921504606846977 : 3.9412975311279297
1152921504606846978 <---> 1152921504606846981 : 4.042625427246094
1152921504606846981 <---> 1152921504606846979 : 3.9212703704833984
1152921504606846981 <---> 1152921504606846980 : 3.9315223693847656
1152921504606846981 <---> 1152921504606846978 : 3.862619400024414
discovery--->==================================== discovery ====================================
discovery---> graph: [(1152921504606846979, 1152921504606846977), (1152921504606846979, 1152921504606846981), (1152921504606846977, 1152921504606846980), (1152921504606846977, 1152921504606846978), (1152921504606846981, 1152921504606846980), (1152921504606846981, 1152921504606846978)]
discovery--->==============================
==================================== link detector ====================================

----------------------------
src    dst :    delay
1152921504606846979 <---> 1152921504606846977 : 3.841876983642578
1152921504606846979 <---> 1152921504606846981 : 4.250049591064453
1152921504606846977 <---> 1152921504606846980 : 3.686189651489258
1152921504606846977 <---> 1152921504606846979 : 3.7643909454345703
1152921504606846977 <---> 1152921504606846978 : 3.8199424743652344
1152921504606846980 <---> 1152921504606846977 : 4.067182540893555
1152921504606846980 <---> 1152921504606846981 : 4.269123077392578
1152921504606846978 <---> 1152921504606846977 : 4.113197326660156
1152921504606846978 <---> 1152921504606846981 : 3.83758544921875
1152921504606846981 <---> 1152921504606846979 : 4.319667816162109
1152921504606846981 <---> 1152921504606846980 : 3.883838653564453
1152921504606846981 <---> 1152921504606846978 : 3.930330276489258
==================================== link detector ====================================

----------------------------
src    dst :    delay
1152921504606846979 <---> 1152921504606846977 : 3.958463668823242
1152921504606846979 <---> 1152921504606846981 : 3.7946701049804688
1152921504606846977 <---> 1152921504606846980 : 3.6830902099609375
1152921504606846977 <---> 1152921504606846979 : 3.6296844482421875
1152921504606846977 <---> 1152921504606846978 : 3.712892532348633
1152921504606846980 <---> 1152921504606846977 : 3.5703182220458984
1152921504606846980 <---> 1152921504606846981 : 3.6711692810058594
1152921504606846978 <---> 1152921504606846977 : 3.8559436798095703
1152921504606846978 <---> 1152921504606846981 : 3.9539337158203125
1152921504606846981 <---> 1152921504606846979 : 3.751516342163086
1152921504606846981 <---> 1152921504606846980 : 3.5512447357177734
1152921504606846981 <---> 1152921504606846978 : 3.7698745727539062
discovery--->==================================== discovery ====================================
discovery---> graph: [(1152921504606846979, 1152921504606846977), (1152921504606846979, 1152921504606846981), (1152921504606846977, 1152921504606846980), (1152921504606846977, 1152921504606846978), (1152921504606846981, 1152921504606846980), (1152921504606846981, 1152921504606846978)]
discovery--->==============================
==================================== link detector ====================================

----------------------------
src    dst :    delay
1152921504606846979 <---> 1152921504606846977 : 3.942728042602539
1152921504606846979 <---> 1152921504606846981 : 4.157304763793945
1152921504606846977 <---> 1152921504606846980 : 4.267215728759766
1152921504606846977 <---> 1152921504606846979 : 3.750324249267578
1152921504606846977 <---> 1152921504606846978 : 4.108667373657227
1152921504606846980 <---> 1152921504606846977 : 3.759622573852539
1152921504606846980 <---> 1152921504606846981 : 4.144906997680664
1152921504606846978 <---> 1152921504606846977 : 3.797292709350586
1152921504606846978 <---> 1152921504606846981 : 3.900766372680664
1152921504606846981 <---> 1152921504606846979 : 3.8902759552001953
1152921504606846981 <---> 1152921504606846980 : 3.854036331176758
1152921504606846981 <---> 1152921504606846978 : 3.972768783569336
discovery--->==================================== discovery ====================================
discovery---> graph: [(1152921504606846979, 1152921504606846977), (1152921504606846979, 1152921504606846981), (1152921504606846977, 1152921504606846980), (1152921504606846977, 1152921504606846978), (1152921504606846981, 1152921504606846980), (1152921504606846981, 1152921504606846978)]
discovery--->==============================
==================================== link detector ====================================

----------------------------
src    dst :    delay
1152921504606846979 <---> 1152921504606846977 : 3.8039684295654297
1152921504606846979 <---> 1152921504606846981 : 3.943204879760742
1152921504606846977 <---> 1152921504606846980 : 3.7152767181396484
1152921504606846977 <---> 1152921504606846979 : 3.8573741912841797
1152921504606846977 <---> 1152921504606846978 : 3.725290298461914
1152921504606846980 <---> 1152921504606846977 : 3.629922866821289
1152921504606846980 <---> 1152921504606846981 : 3.7047863006591797
1152921504606846978 <---> 1152921504606846977 : 3.7047863006591797
1152921504606846978 <---> 1152921504606846981 : 4.265308380126953
1152921504606846981 <---> 1152921504606846979 : 3.6411285400390625
1152921504606846981 <---> 1152921504606846980 : 3.948211669921875
1152921504606846981 <---> 1152921504606846978 : 4.208564758300781
==================================== link detector ====================================

----------------------------
src    dst :    delay
1152921504606846979 <---> 1152921504606846977 : 3.814220428466797
1152921504606846979 <---> 1152921504606846981 : 3.8132667541503906
1152921504606846977 <---> 1152921504606846980 : 3.580331802368164
1152921504606846977 <---> 1152921504606846979 : 3.709077835083008
1152921504606846977 <---> 1152921504606846978 : 3.889799118041992
1152921504606846980 <---> 1152921504606846977 : 3.7195682525634766
1152921504606846980 <---> 1152921504606846981 : 3.8428306579589844
1152921504606846978 <---> 1152921504606846977 : 3.9436817169189453
1152921504606846978 <---> 1152921504606846981 : 3.8268566131591797
1152921504606846981 <---> 1152921504606846979 : 3.863811492919922
1152921504606846981 <---> 1152921504606846980 : 3.8497447967529297
1152921504606846981 <---> 1152921504606846978 : 3.845691680908203
discovery--->==================================== discovery ====================================
discovery---> graph: [(1152921504606846979, 1152921504606846977), (1152921504606846979, 1152921504606846981), (1152921504606846977, 1152921504606846980), (1152921504606846977, 1152921504606846978), (1152921504606846981, 1152921504606846980), (1152921504606846981, 1152921504606846978)]
discovery--->==============================
==================================== link detector ====================================

----------------------------
src    dst :    delay
1152921504606846979 <---> 1152921504606846977 : 3.698110580444336
1152921504606846979 <---> 1152921504606846981 : 3.7856101989746094
1152921504606846977 <---> 1152921504606846980 : 3.6954879760742188
1152921504606846977 <---> 1152921504606846979 : 2.3093223571777344
1152921504606846977 <---> 1152921504606846978 : 3.6275386810302734
1152921504606846980 <---> 1152921504606846977 : 2.6819705963134766
1152921504606846980 <---> 1152921504606846981 : 3.6101341247558594
1152921504606846978 <---> 1152921504606846977 : 4.159212112426758
1152921504606846978 <---> 1152921504606846981 : 3.2105445861816406
1152921504606846981 <---> 1152921504606846979 : 2.3016929626464844
1152921504606846981 <---> 1152921504606846980 : 3.8862228393554688
1152921504606846981 <---> 1152921504606846978 : 3.6416053771972656
discovery--->==================================== discovery ====================================
discovery---> graph: [(1152921504606846979, 1152921504606846977), (1152921504606846979, 1152921504606846981), (1152921504606846977, 1152921504606846980), (1152921504606846977, 1152921504606846978), (1152921504606846981, 1152921504606846980), (1152921504606846981, 1152921504606846978)]
discovery--->==============================
==================================== link detector ====================================

----------------------------
src    dst :    delay
1152921504606846979 <---> 1152921504606846977 : 3.7910938262939453
1152921504606846979 <---> 1152921504606846981 : 3.874063491821289
1152921504606846977 <---> 1152921504606846980 : 3.888845443725586
1152921504606846977 <---> 1152921504606846979 : 3.709077835083008
1152921504606846977 <---> 1152921504606846978 : 3.9675235748291016
1152921504606846980 <---> 1152921504606846977 : 3.615140914916992
1152921504606846980 <---> 1152921504606846981 : 3.7851333618164062
1152921504606846978 <---> 1152921504606846977 : 3.892660140991211
1152921504606846978 <---> 1152921504606846981 : 3.986358642578125
1152921504606846981 <---> 1152921504606846979 : 3.901958465576172
1152921504606846981 <---> 1152921504606846980 : 3.798246383666992
1152921504606846981 <---> 1152921504606846978 : 3.960847854614258
==================================== link detector ====================================

----------------------------
src    dst :    delay
1152921504606846979 <---> 1152921504606846977 : 3.2737255096435547
1152921504606846979 <---> 1152921504606846981 : 3.762960433959961
1152921504606846977 <---> 1152921504606846980 : 3.804922103881836
1152921504606846977 <---> 1152921504606846979 : 3.787517547607422
1152921504606846977 <---> 1152921504606846978 : 4.259824752807617
1152921504606846980 <---> 1152921504606846977 : 3.823995590209961
1152921504606846980 <---> 1152921504606846981 : 3.7147998809814453
1152921504606846978 <---> 1152921504606846977 : 4.0988922119140625
1152921504606846978 <---> 1152921504606846981 : 3.9489269256591797
1152921504606846981 <---> 1152921504606846979 : 3.780841827392578
1152921504606846981 <---> 1152921504606846980 : 4.052400588989258
1152921504606846981 <---> 1152921504606846978 : 4.161357879638672
discovery--->==================================== discovery ====================================
discovery---> graph: [(1152921504606846979, 1152921504606846977), (1152921504606846979, 1152921504606846981), (1152921504606846977, 1152921504606846980), (1152921504606846977, 1152921504606846978), (1152921504606846981, 1152921504606846980), (1152921504606846981, 1152921504606846978)]
discovery--->==============================
==================================== link detector ====================================

----------------------------
src    dst :    delay
1152921504606846979 <---> 1152921504606846977 : 3.765583038330078
1152921504606846979 <---> 1152921504606846981 : 3.832578659057617
1152921504606846977 <---> 1152921504606846980 : 4.039525985717773
1152921504606846977 <---> 1152921504606846979 : 4.082679748535156
1152921504606846977 <---> 1152921504606846978 : 3.6869049072265625
1152921504606846980 <---> 1152921504606846977 : 3.9687156677246094
1152921504606846980 <---> 1152921504606846981 : 3.899812698364258
1152921504606846978 <---> 1152921504606846977 : 3.900289535522461
1152921504606846978 <---> 1152921504606846981 : 3.9653778076171875
1152921504606846981 <---> 1152921504606846979 : 4.357814788818359
1152921504606846981 <---> 1152921504606846980 : 3.848552703857422
1152921504606846981 <---> 1152921504606846978 : 3.793478012084961
discovery--->==================================== discovery ====================================
discovery---> graph: [(1152921504606846979, 1152921504606846977), (1152921504606846979, 1152921504606846981), (1152921504606846977, 1152921504606846980), (1152921504606846977, 1152921504606846978), (1152921504606846981, 1152921504606846980), (1152921504606846981, 1152921504606846978)]
discovery--->==============================
==================================== link detector ====================================

----------------------------
src    dst :    delay
1152921504606846979 <---> 1152921504606846977 : 4.036426544189453
1152921504606846979 <---> 1152921504606846981 : 4.155397415161133
1152921504606846977 <---> 1152921504606846980 : 2.0017623901367188
1152921504606846977 <---> 1152921504606846979 : 3.741741180419922
1152921504606846977 <---> 1152921504606846978 : 3.9963722229003906
1152921504606846980 <---> 1152921504606846977 : 3.6306381225585938
1152921504606846980 <---> 1152921504606846981 : 4.317998886108398
1152921504606846978 <---> 1152921504606846977 : 3.760099411010742
1152921504606846978 <---> 1152921504606846981 : 3.9556026458740234
1152921504606846981 <---> 1152921504606846979 : 3.92913818359375
1152921504606846981 <---> 1152921504606846980 : 3.8785934448242188
1152921504606846981 <---> 1152921504606846978 : 2.8243064880371094
==================================== link detector ====================================

----------------------------
src    dst :    delay
1152921504606846979 <---> 1152921504606846977 : 3.283262252807617
1152921504606846979 <---> 1152921504606846981 : 3.8347244262695312
1152921504606846977 <---> 1152921504606846980 : 3.814697265625
1152921504606846977 <---> 1152921504606846979 : 3.715991973876953
1152921504606846977 <---> 1152921504606846978 : 4.102230072021484
1152921504606846980 <---> 1152921504606846977 : 3.7496089935302734
1152921504606846980 <---> 1152921504606846981 : 3.782987594604492
1152921504606846978 <---> 1152921504606846977 : 4.061698913574219
1152921504606846978 <---> 1152921504606846981 : 3.8499832153320312
1152921504606846981 <---> 1152921504606846979 : 2.3872852325439453
1152921504606846981 <---> 1152921504606846980 : 3.9033889770507812
1152921504606846981 <---> 1152921504606846978 : 4.004716873168945
discovery--->==================================== discovery ====================================
discovery---> graph: [(1152921504606846979, 1152921504606846977), (1152921504606846979, 1152921504606846981), (1152921504606846977, 1152921504606846980), (1152921504606846977, 1152921504606846978), (1152921504606846981, 1152921504606846980), (1152921504606846981, 1152921504606846978)]
discovery--->==============================
==================================== link detector ====================================

----------------------------
src    dst :    delay
1152921504606846979 <---> 1152921504606846977 : 3.8385391235351562
1152921504606846979 <---> 1152921504606846981 : 3.987550735473633
1152921504606846977 <---> 1152921504606846980 : 3.667116165161133
1152921504606846977 <---> 1152921504606846979 : 4.304409027099609
1152921504606846977 <---> 1152921504606846978 : 4.10151481628418
1152921504606846980 <---> 1152921504606846977 : 3.9861202239990234
1152921504606846980 <---> 1152921504606846981 : 4.032373428344727
1152921504606846978 <---> 1152921504606846977 : 4.137277603149414
1152921504606846978 <---> 1152921504606846981 : 4.018545150756836
1152921504606846981 <---> 1152921504606846979 : 4.114866256713867
1152921504606846981 <---> 1152921504606846980 : 4.105329513549805
1152921504606846981 <---> 1152921504606846978 : 4.14586067199707
discovery--->==================================== discovery ====================================
discovery---> graph: [(1152921504606846979, 1152921504606846977), (1152921504606846979, 1152921504606846981), (1152921504606846977, 1152921504606846980), (1152921504606846977, 1152921504606846978), (1152921504606846981, 1152921504606846980), (1152921504606846981, 1152921504606846978)]
discovery--->==============================
==================================== link detector ====================================

----------------------------
src    dst :    delay
1152921504606846979 <---> 1152921504606846977 : 2.465486526489258
1152921504606846979 <---> 1152921504606846981 : 4.055976867675781
1152921504606846977 <---> 1152921504606846980 : 3.5448074340820312
1152921504606846977 <---> 1152921504606846979 : 3.715991973876953
1152921504606846977 <---> 1152921504606846978 : 2.8967857360839844
1152921504606846980 <---> 1152921504606846977 : 4.004001617431641
1152921504606846980 <---> 1152921504606846981 : 4.055500030517578
1152921504606846978 <---> 1152921504606846977 : 4.093170166015625
1152921504606846978 <---> 1152921504606846981 : 4.191398620605469
1152921504606846981 <---> 1152921504606846979 : 2.3925304412841797
1152921504606846981 <---> 1152921504606846980 : 3.8259029388427734
1152921504606846981 <---> 1152921504606846978 : 6.836652755737305
==================================== link detector ====================================

----------------------------
src    dst :    delay
1152921504606846979 <---> 1152921504606846977 : 3.6954879760742188
1152921504606846979 <---> 1152921504606846981 : 4.147529602050781
1152921504606846977 <---> 1152921504606846980 : 3.669261932373047
1152921504606846977 <---> 1152921504606846979 : 3.8690567016601562
1152921504606846977 <---> 1152921504606846978 : 3.7856101989746094
1152921504606846980 <---> 1152921504606846977 : 3.7271976470947266
1152921504606846980 <---> 1152921504606846981 : 4.103899002075195
1152921504606846978 <---> 1152921504606846977 : 4.17017936706543
1152921504606846978 <---> 1152921504606846981 : 4.170894622802734
1152921504606846981 <---> 1152921504606846979 : 4.167318344116211
1152921504606846981 <---> 1152921504606846980 : 3.877401351928711
1152921504606846981 <---> 1152921504606846978 : 3.959178924560547
discovery--->==================================== discovery ====================================
discovery---> graph: [(1152921504606846979, 1152921504606846977), (1152921504606846979, 1152921504606846981), (1152921504606846977, 1152921504606846980), (1152921504606846977, 1152921504606846978), (1152921504606846981, 1152921504606846980), (1152921504606846981, 1152921504606846978)]
discovery--->==============================
==================================== link detector ====================================

----------------------------
src    dst :    delay
1152921504606846979 <---> 1152921504606846977 : 4.191875457763672
1152921504606846979 <---> 1152921504606846981 : 4.1751861572265625
1152921504606846977 <---> 1152921504606846980 : 3.827810287475586
1152921504606846977 <---> 1152921504606846979 : 2.350330352783203
1152921504606846977 <---> 1152921504606846978 : 4.105567932128906
1152921504606846980 <---> 1152921504606846977 : 4.013299942016602
1152921504606846980 <---> 1152921504606846981 : 4.092931747436523
1152921504606846978 <---> 1152921504606846977 : 2.933502197265625
1152921504606846978 <---> 1152921504606846981 : 2.5823116302490234
1152921504606846981 <---> 1152921504606846979 : 4.076957702636719
1152921504606846981 <---> 1152921504606846980 : 4.102468490600586
1152921504606846981 <---> 1152921504606846978 : 4.199981689453125
discovery--->==================================== discovery ====================================
discovery---> graph: [(1152921504606846979, 1152921504606846977), (1152921504606846979, 1152921504606846981), (1152921504606846977, 1152921504606846980), (1152921504606846977, 1152921504606846978), (1152921504606846981, 1152921504606846980), (1152921504606846981, 1152921504606846978)]
discovery--->==============================
==================================== link detector ====================================

----------------------------
src    dst :    delay
1152921504606846979 <---> 1152921504606846977 : 2.3658275604248047
1152921504606846979 <---> 1152921504606846981 : 4.086971282958984
1152921504606846977 <---> 1152921504606846980 : 4.043102264404297
1152921504606846977 <---> 1152921504606846979 : 4.0302276611328125
1152921504606846977 <---> 1152921504606846978 : 4.178047180175781
1152921504606846980 <---> 1152921504606846977 : 3.9680004119873047
1152921504606846980 <---> 1152921504606846981 : 3.950357437133789
1152921504606846978 <---> 1152921504606846977 : 4.107236862182617
1152921504606846978 <---> 1152921504606846981 : 4.152536392211914
1152921504606846981 <---> 1152921504606846979 : 4.10151481628418
1152921504606846981 <---> 1152921504606846980 : 4.050254821777344
1152921504606846981 <---> 1152921504606846978 : 4.150152206420898
==================================== link detector ====================================

----------------------------
src    dst :    delay
1152921504606846979 <---> 1152921504606846977 : 3.899812698364258
1152921504606846979 <---> 1152921504606846981 : 4.143953323364258
1152921504606846977 <---> 1152921504606846980 : 2.4566650390625
1152921504606846977 <---> 1152921504606846979 : 4.003286361694336
1152921504606846977 <---> 1152921504606846978 : 3.877401351928711
1152921504606846980 <---> 1152921504606846977 : 3.980875015258789
1152921504606846980 <---> 1152921504606846981 : 3.8187503814697266
1152921504606846978 <---> 1152921504606846977 : 3.361225128173828
1152921504606846978 <---> 1152921504606846981 : 2.752065658569336
1152921504606846981 <---> 1152921504606846979 : 3.906726837158203
1152921504606846981 <---> 1152921504606846980 : 3.760814666748047
1152921504606846981 <---> 1152921504606846978 : 3.919363021850586
discovery--->==================================== discovery ====================================
discovery---> graph: [(1152921504606846979, 1152921504606846977), (1152921504606846979, 1152921504606846981), (1152921504606846977, 1152921504606846980), (1152921504606846977, 1152921504606846978), (1152921504606846981, 1152921504606846980), (1152921504606846981, 1152921504606846978)]
discovery--->==============================
==================================== link detector ====================================

----------------------------
src    dst :    delay
1152921504606846979 <---> 1152921504606846977 : 3.695249557495117
1152921504606846979 <---> 1152921504606846981 : 4.210233688354492
1152921504606846977 <---> 1152921504606846980 : 4.004716873168945
1152921504606846977 <---> 1152921504606846979 : 4.129648208618164
1152921504606846977 <---> 1152921504606846978 : 4.206657409667969
1152921504606846980 <---> 1152921504606846977 : 3.999948501586914
1152921504606846980 <---> 1152921504606846981 : 4.190206527709961
1152921504606846978 <---> 1152921504606846977 : 3.7603378295898438
1152921504606846978 <---> 1152921504606846981 : 4.232645034790039
1152921504606846981 <---> 1152921504606846979 : 3.757953643798828
1152921504606846981 <---> 1152921504606846980 : 3.7124156951904297
1152921504606846981 <---> 1152921504606846978 : 3.718137741088867
==================================== link detector ====================================

----------------------------
src    dst :    delay
1152921504606846979 <---> 1152921504606846977 : 3.786802291870117
1152921504606846979 <---> 1152921504606846981 : 4.391193389892578
1152921504606846977 <---> 1152921504606846980 : 3.5200119018554688
1152921504606846977 <---> 1152921504606846979 : 3.8928985595703125
1152921504606846977 <---> 1152921504606846978 : 3.785371780395508
1152921504606846980 <---> 1152921504606846977 : 2.3119449615478516
1152921504606846980 <---> 1152921504606846981 : 3.801584243774414
1152921504606846978 <---> 1152921504606846977 : 3.8063526153564453
1152921504606846978 <---> 1152921504606846981 : 3.8433074951171875
1152921504606846981 <---> 1152921504606846979 : 3.7322044372558594
1152921504606846981 <---> 1152921504606846980 : 3.8039684295654297
1152921504606846981 <---> 1152921504606846978 : 4.12750244140625
discovery--->==================================== discovery ====================================
discovery---> graph: [(1152921504606846979, 1152921504606846977), (1152921504606846979, 1152921504606846981), (1152921504606846977, 1152921504606846980), (1152921504606846977, 1152921504606846978), (1152921504606846981, 1152921504606846980), (1152921504606846981, 1152921504606846978)]
discovery--->==============================
==================================== link detector ====================================

----------------------------
src    dst :    delay
1152921504606846979 <---> 1152921504606846977 : 2.2575855255126953
1152921504606846979 <---> 1152921504606846981 : 4.188776016235352
1152921504606846977 <---> 1152921504606846980 : 2.493143081665039
1152921504606846977 <---> 1152921504606846979 : 2.2881031036376953
1152921504606846977 <---> 1152921504606846978 : 2.131223678588867
1152921504606846980 <---> 1152921504606846977 : 2.5365352630615234
1152921504606846980 <---> 1152921504606846981 : 2.812623977661133
1152921504606846978 <---> 1152921504606846977 : 3.9911270141601562
1152921504606846978 <---> 1152921504606846981 : 2.808094024658203
1152921504606846981 <---> 1152921504606846979 : 2.274751663208008
1152921504606846981 <---> 1152921504606846980 : 4.0435791015625
1152921504606846981 <---> 1152921504606846978 : 3.969430923461914
discovery--->==================================== discovery ====================================
discovery---> graph: [(1152921504606846979, 1152921504606846977), (1152921504606846979, 1152921504606846981), (1152921504606846977, 1152921504606846980), (1152921504606846977, 1152921504606846978), (1152921504606846981, 1152921504606846980), (1152921504606846981, 1152921504606846978)]
discovery--->==============================
==================================== link detector ====================================

----------------------------
src    dst :    delay
1152921504606846979 <---> 1152921504606846977 : 4.031896591186523
1152921504606846979 <---> 1152921504606846981 : 4.08172607421875
1152921504606846977 <---> 1152921504606846980 : 3.951549530029297
1152921504606846977 <---> 1152921504606846979 : 4.20069694519043
1152921504606846977 <---> 1152921504606846978 : 4.174470901489258
1152921504606846980 <---> 1152921504606846977 : 3.724813461303711
1152921504606846980 <---> 1152921504606846981 : 2.4480819702148438
1152921504606846978 <---> 1152921504606846977 : 2.229452133178711
1152921504606846978 <---> 1152921504606846981 : 2.2118091583251953
1152921504606846981 <---> 1152921504606846979 : 2.405881881713867
1152921504606846981 <---> 1152921504606846980 : 2.5053024291992188
1152921504606846981 <---> 1152921504606846978 : 2.195119857788086
==================================== link detector ====================================

----------------------------
src    dst :    delay
1152921504606846979 <---> 1152921504606846977 : 3.7140846252441406
1152921504606846979 <---> 1152921504606846981 : 3.8726329803466797
1152921504606846977 <---> 1152921504606846980 : 3.762483596801758
1152921504606846977 <---> 1152921504606846979 : 3.6993026733398438
1152921504606846977 <---> 1152921504606846978 : 3.7374496459960938
1152921504606846980 <---> 1152921504606846977 : 3.6835670471191406
1152921504606846980 <---> 1152921504606846981 : 3.7508010864257812
1152921504606846978 <---> 1152921504606846977 : 3.6520957946777344
1152921504606846978 <---> 1152921504606846981 : 3.1321048736572266
1152921504606846981 <---> 1152921504606846979 : 2.9578208923339844
1152921504606846981 <---> 1152921504606846980 : 4.015445709228516
1152921504606846981 <---> 1152921504606846978 : 3.946542739868164
discovery--->==================================== discovery ====================================
discovery---> graph: [(1152921504606846979, 1152921504606846977), (1152921504606846979, 1152921504606846981), (1152921504606846977, 1152921504606846980), (1152921504606846977, 1152921504606846978), (1152921504606846981, 1152921504606846980), (1152921504606846981, 1152921504606846978)]
discovery--->==============================
==================================== link detector ====================================

----------------------------
src    dst :    delay
1152921504606846979 <---> 1152921504606846977 : 3.9091110229492188
1152921504606846979 <---> 1152921504606846981 : 2.3474693298339844
1152921504606846977 <---> 1152921504606846980 : 3.6401748657226562
1152921504606846977 <---> 1152921504606846979 : 3.7946701049804688
1152921504606846977 <---> 1152921504606846978 : 3.836393356323242
1152921504606846980 <---> 1152921504606846977 : 3.8290023803710938
1152921504606846980 <---> 1152921504606846981 : 3.7474632263183594
1152921504606846978 <---> 1152921504606846977 : 3.864288330078125
1152921504606846978 <---> 1152921504606846981 : 3.762483596801758
1152921504606846981 <---> 1152921504606846979 : 3.833293914794922
1152921504606846981 <---> 1152921504606846980 : 3.924846649169922
1152921504606846981 <---> 1152921504606846978 : 3.9610862731933594
discovery--->==================================== discovery ====================================
discovery---> graph: [(1152921504606846979, 1152921504606846977), (1152921504606846979, 1152921504606846981), (1152921504606846977, 1152921504606846980), (1152921504606846977, 1152921504606846978), (1152921504606846981, 1152921504606846980), (1152921504606846981, 1152921504606846978)]
discovery--->==============================
==================================== link detector ====================================

----------------------------
src    dst :    delay
1152921504606846979 <---> 1152921504606846977 : 3.644704818725586
1152921504606846979 <---> 1152921504606846981 : 3.7376880645751953
1152921504606846977 <---> 1152921504606846980 : 3.671407699584961
1152921504606846977 <---> 1152921504606846979 : 3.7679672241210938
1152921504606846977 <---> 1152921504606846978 : 3.6742687225341797
1152921504606846980 <---> 1152921504606846977 : 3.930330276489258
1152921504606846980 <---> 1152921504606846981 : 3.820180892944336
1152921504606846978 <---> 1152921504606846977 : 2.633333206176758
1152921504606846978 <---> 1152921504606846981 : 2.7098655700683594
1152921504606846981 <---> 1152921504606846979 : 3.8182735443115234
1152921504606846981 <---> 1152921504606846980 : 3.7937164306640625
1152921504606846981 <---> 1152921504606846978 : 4.017829895019531
==================================== link detector ====================================

----------------------------
src    dst :    delay
1152921504606846979 <---> 1152921504606846977 : 3.6652088165283203
1152921504606846979 <---> 1152921504606846981 : 4.0760040283203125
1152921504606846977 <---> 1152921504606846980 : 3.85284423828125
1152921504606846977 <---> 1152921504606846979 : 4.246234893798828
1152921504606846977 <---> 1152921504606846978 : 4.165887832641602
1152921504606846980 <---> 1152921504606846977 : 3.5371780395507812
1152921504606846980 <---> 1152921504606846981 : 4.096269607543945
1152921504606846978 <---> 1152921504606846977 : 4.166841506958008
1152921504606846978 <---> 1152921504606846981 : 3.8886070251464844
1152921504606846981 <---> 1152921504606846979 : 4.4155120849609375
1152921504606846981 <---> 1152921504606846980 : 3.0624866485595703
1152921504606846981 <---> 1152921504606846978 : 4.500865936279297
discovery--->==================================== discovery ====================================
discovery---> graph: [(1152921504606846979, 1152921504606846977), (1152921504606846979, 1152921504606846981), (1152921504606846977, 1152921504606846980), (1152921504606846977, 1152921504606846978), (1152921504606846981, 1152921504606846980), (1152921504606846981, 1152921504606846978)]
discovery--->==============================
==================================== link detector ====================================

----------------------------
src    dst :    delay
1152921504606846979 <---> 1152921504606846977 : 4.100561141967773
1152921504606846979 <---> 1152921504606846981 : 4.221677780151367
1152921504606846977 <---> 1152921504606846980 : 3.9882659912109375
1152921504606846977 <---> 1152921504606846979 : 4.080772399902344
1152921504606846977 <---> 1152921504606846978 : 4.0531158447265625
1152921504606846980 <---> 1152921504606846977 : 3.767251968383789
1152921504606846980 <---> 1152921504606846981 : 4.088163375854492
1152921504606846978 <---> 1152921504606846977 : 4.045724868774414
1152921504606846978 <---> 1152921504606846981 : 4.509449005126953
1152921504606846981 <---> 1152921504606846979 : 4.24504280090332
1152921504606846981 <---> 1152921504606846980 : 4.083871841430664
1152921504606846981 <---> 1152921504606846978 : 4.537820816040039
discovery--->==================================== discovery ====================================
discovery---> graph: [(1152921504606846979, 1152921504606846977), (1152921504606846979, 1152921504606846981), (1152921504606846977, 1152921504606846980), (1152921504606846977, 1152921504606846978), (1152921504606846981, 1152921504606846980), (1152921504606846981, 1152921504606846978)]
discovery--->==============================
==================================== link detector ====================================

----------------------------
src    dst :    delay
1152921504606846979 <---> 1152921504606846977 : 3.6017894744873047
1152921504606846979 <---> 1152921504606846981 : 3.726482391357422
1152921504606846977 <---> 1152921504606846980 : 3.5958290100097656
1152921504606846977 <---> 1152921504606846979 : 3.5638809204101562
1152921504606846977 <---> 1152921504606846978 : 3.9720535278320312
1152921504606846980 <---> 1152921504606846977 : 3.653287887573242
1152921504606846980 <---> 1152921504606846981 : 3.643512725830078
1152921504606846978 <---> 1152921504606846977 : 3.7543773651123047
1152921504606846978 <---> 1152921504606846981 : 3.97491455078125
1152921504606846981 <---> 1152921504606846979 : 3.6993026733398438
1152921504606846981 <---> 1152921504606846980 : 3.7386417388916016
1152921504606846981 <---> 1152921504606846978 : 3.737926483154297
==================================== link detector ====================================

----------------------------
src    dst :    delay
1152921504606846979 <---> 1152921504606846977 : 3.7119388580322266
1152921504606846979 <---> 1152921504606846981 : 3.9513111114501953
1152921504606846977 <---> 1152921504606846980 : 3.718852996826172
1152921504606846977 <---> 1152921504606846979 : 3.325939178466797
1152921504606846977 <---> 1152921504606846978 : 2.8562545776367188
1152921504606846980 <---> 1152921504606846977 : 3.309488296508789
1152921504606846980 <---> 1152921504606846981 : 2.527952194213867
1152921504606846978 <---> 1152921504606846977 : 3.9582252502441406
1152921504606846978 <---> 1152921504606846981 : 2.760171890258789
1152921504606846981 <---> 1152921504606846979 : 3.9212703704833984
1152921504606846981 <---> 1152921504606846980 : 2.9213428497314453
1152921504606846981 <---> 1152921504606846978 : 2.689838409423828
discovery--->==================================== discovery ====================================
discovery---> graph: [(1152921504606846979, 1152921504606846977), (1152921504606846979, 1152921504606846981), (1152921504606846977, 1152921504606846980), (1152921504606846977, 1152921504606846978), (1152921504606846981, 1152921504606846980), (1152921504606846981, 1152921504606846978)]
discovery--->==============================
==================================== link detector ====================================

----------------------------
src    dst :    delay
1152921504606846979 <---> 1152921504606846977 : 3.685474395751953
1152921504606846979 <---> 1152921504606846981 : 4.376411437988281
1152921504606846977 <---> 1152921504606846980 : 2.290010452270508
1152921504606846977 <---> 1152921504606846979 : 3.6783218383789062
1152921504606846977 <---> 1152921504606846978 : 3.88336181640625
1152921504606846980 <---> 1152921504606846977 : 3.8073062896728516
1152921504606846980 <---> 1152921504606846981 : 3.90625
1152921504606846978 <---> 1152921504606846977 : 3.868579864501953
1152921504606846978 <---> 1152921504606846981 : 4.015445709228516
1152921504606846981 <---> 1152921504606846979 : 3.7462711334228516
1152921504606846981 <---> 1152921504606846980 : 3.605365753173828
1152921504606846981 <---> 1152921504606846978 : 3.8704872131347656
discovery--->==================================== discovery ====================================
discovery---> graph: [(1152921504606846979, 1152921504606846977), (1152921504606846979, 1152921504606846981), (1152921504606846977, 1152921504606846980), (1152921504606846977, 1152921504606846978), (1152921504606846981, 1152921504606846980), (1152921504606846981, 1152921504606846978)]
discovery--->==============================
==================================== link detector ====================================

----------------------------
src    dst :    delay
1152921504606846979 <---> 1152921504606846977 : 3.7436485290527344
1152921504606846979 <---> 1152921504606846981 : 3.8678646087646484
1152921504606846977 <---> 1152921504606846980 : 3.821134567260742
1152921504606846977 <---> 1152921504606846979 : 3.8576126098632812
1152921504606846977 <---> 1152921504606846978 : 3.845691680908203
1152921504606846980 <---> 1152921504606846977 : 3.838062286376953
1152921504606846980 <---> 1152921504606846981 : 3.7496089935302734
1152921504606846978 <---> 1152921504606846977 : 3.7381649017333984
1152921504606846978 <---> 1152921504606846981 : 4.004716873168945
1152921504606846981 <---> 1152921504606846979 : 3.9381980895996094
1152921504606846981 <---> 1152921504606846980 : 3.7446022033691406
1152921504606846981 <---> 1152921504606846978 : 4.336357116699219
==================================== link detector ====================================

----------------------------
src    dst :    delay
1152921504606846979 <---> 1152921504606846977 : 2.397298812866211
1152921504606846979 <---> 1152921504606846981 : 3.9911270141601562
1152921504606846977 <---> 1152921504606846980 : 3.943920135498047
1152921504606846977 <---> 1152921504606846979 : 2.3953914642333984
1152921504606846977 <---> 1152921504606846978 : 3.8547515869140625
1152921504606846980 <---> 1152921504606846977 : 3.7674903869628906
1152921504606846980 <---> 1152921504606846981 : 3.8073062896728516
1152921504606846978 <---> 1152921504606846977 : 2.5789737701416016
1152921504606846978 <---> 1152921504606846981 : 3.0014514923095703
1152921504606846981 <---> 1152921504606846979 : 3.035306930541992
1152921504606846981 <---> 1152921504606846980 : 2.6488304138183594
1152921504606846981 <---> 1152921504606846978 : 3.995180130004883
discovery--->==================================== discovery ====================================
discovery---> graph: [(1152921504606846979, 1152921504606846977), (1152921504606846979, 1152921504606846981), (1152921504606846977, 1152921504606846980), (1152921504606846977, 1152921504606846978), (1152921504606846981, 1152921504606846980), (1152921504606846981, 1152921504606846978)]
discovery--->==============================
==================================== link detector ====================================

----------------------------
src    dst :    delay
1152921504606846979 <---> 1152921504606846977 : 3.8635730743408203
1152921504606846979 <---> 1152921504606846981 : 2.956867218017578
1152921504606846977 <---> 1152921504606846980 : 3.7119388580322266
1152921504606846977 <---> 1152921504606846979 : 3.734588623046875
1152921504606846977 <---> 1152921504606846978 : 3.877401351928711
1152921504606846980 <---> 1152921504606846977 : 3.7398338317871094
1152921504606846980 <---> 1152921504606846981 : 3.8764476776123047
1152921504606846978 <---> 1152921504606846977 : 3.765583038330078
1152921504606846978 <---> 1152921504606846981 : 3.8080215454101562
1152921504606846981 <---> 1152921504606846979 : 3.904581069946289
1152921504606846981 <---> 1152921504606846980 : 3.8156509399414062
1152921504606846981 <---> 1152921504606846978 : 4.008054733276367
discovery--->==================================== discovery ====================================
discovery---> graph: [(1152921504606846979, 1152921504606846977), (1152921504606846979, 1152921504606846981), (1152921504606846977, 1152921504606846980), (1152921504606846977, 1152921504606846978), (1152921504606846981, 1152921504606846980), (1152921504606846981, 1152921504606846978)]
discovery--->==============================
==================================== link detector ====================================

----------------------------
src    dst :    delay
1152921504606846979 <---> 1152921504606846977 : 3.9114952087402344
1152921504606846979 <---> 1152921504606846981 : 4.119396209716797
1152921504606846977 <---> 1152921504606846980 : 3.7300586700439453
1152921504606846977 <---> 1152921504606846979 : 3.21197509765625
1152921504606846977 <---> 1152921504606846978 : 3.7233829498291016
1152921504606846980 <---> 1152921504606846977 : 3.782033920288086
1152921504606846980 <---> 1152921504606846981 : 3.7779808044433594
1152921504606846978 <---> 1152921504606846977 : 3.8275718688964844
1152921504606846978 <---> 1152921504606846981 : 3.887653350830078
1152921504606846981 <---> 1152921504606846979 : 3.7729740142822266
1152921504606846981 <---> 1152921504606846980 : 3.867626190185547
1152921504606846981 <---> 1152921504606846978 : 3.869295120239258
==================================== link detector ====================================

----------------------------
src    dst :    delay
1152921504606846979 <---> 1152921504606846977 : 3.6787986755371094
1152921504606846979 <---> 1152921504606846981 : 3.6978721618652344
1152921504606846977 <---> 1152921504606846980 : 3.797769546508789
1152921504606846977 <---> 1152921504606846979 : 3.8559436798095703
1152921504606846977 <---> 1152921504606846978 : 4.045963287353516
1152921504606846980 <---> 1152921504606846977 : 3.0219554901123047
1152921504606846980 <---> 1152921504606846981 : 3.8623809814453125
1152921504606846978 <---> 1152921504606846977 : 3.8785934448242188
1152921504606846978 <---> 1152921504606846981 : 3.872394561767578
1152921504606846981 <---> 1152921504606846979 : 3.769397735595703
1152921504606846981 <---> 1152921504606846980 : 3.8633346557617188
1152921504606846981 <---> 1152921504606846978 : 3.7217140197753906
discovery--->==================================== discovery ====================================
discovery---> graph: [(1152921504606846979, 1152921504606846977), (1152921504606846979, 1152921504606846981), (1152921504606846977, 1152921504606846980), (1152921504606846977, 1152921504606846978), (1152921504606846981, 1152921504606846980), (1152921504606846981, 1152921504606846978)]
discovery--->==============================
==================================== link detector ====================================

----------------------------
src    dst :    delay
1152921504606846979 <---> 1152921504606846977 : 3.7806034088134766
1152921504606846979 <---> 1152921504606846981 : 3.9587020874023438
1152921504606846977 <---> 1152921504606846980 : 3.8576126098632812
1152921504606846977 <---> 1152921504606846979 : 2.5663375854492188
1152921504606846977 <---> 1152921504606846978 : 3.831148147583008
1152921504606846980 <---> 1152921504606846977 : 3.7441253662109375
1152921504606846980 <---> 1152921504606846981 : 3.6911964416503906
1152921504606846978 <---> 1152921504606846977 : 2.755880355834961
1152921504606846978 <---> 1152921504606846981 : 2.145051956176758
1152921504606846981 <---> 1152921504606846979 : 3.808736801147461
1152921504606846981 <---> 1152921504606846980 : 3.7581920623779297
1152921504606846981 <---> 1152921504606846978 : 3.902435302734375
discovery--->==================================== discovery ====================================
discovery---> graph: [(1152921504606846979, 1152921504606846977), (1152921504606846979, 1152921504606846981), (1152921504606846977, 1152921504606846980), (1152921504606846977, 1152921504606846978), (1152921504606846981, 1152921504606846980), (1152921504606846981, 1152921504606846978)]
discovery--->==============================
==================================== link detector ====================================

----------------------------
src    dst :    delay
1152921504606846979 <---> 1152921504606846977 : 3.782510757446289
1152921504606846979 <---> 1152921504606846981 : 3.991842269897461
1152921504606846977 <---> 1152921504606846980 : 3.6187171936035156
1152921504606846977 <---> 1152921504606846979 : 3.76129150390625
1152921504606846977 <---> 1152921504606846978 : 3.794431686401367
1152921504606846980 <---> 1152921504606846977 : 3.790616989135742
1152921504606846980 <---> 1152921504606846981 : 3.997325897216797
1152921504606846978 <---> 1152921504606846977 : 3.801584243774414
1152921504606846978 <---> 1152921504606846981 : 3.9403438568115234
1152921504606846981 <---> 1152921504606846979 : 3.6597251892089844
1152921504606846981 <---> 1152921504606846980 : 3.9322376251220703
1152921504606846981 <---> 1152921504606846978 : 3.9281845092773438
==================================== link detector ====================================

----------------------------
src    dst :    delay
1152921504606846979 <---> 1152921504606846977 : 3.7615299224853516
1152921504606846979 <---> 1152921504606846981 : 3.9436817169189453
1152921504606846977 <---> 1152921504606846980 : 3.8182735443115234
1152921504606846977 <---> 1152921504606846979 : 2.6350021362304688
1152921504606846977 <---> 1152921504606846978 : 3.7631988525390625
1152921504606846980 <---> 1152921504606846977 : 2.351999282836914
1152921504606846980 <---> 1152921504606846981 : 3.8881301879882812
1152921504606846978 <---> 1152921504606846977 : 3.818035125732422
1152921504606846978 <---> 1152921504606846981 : 3.7877559661865234
1152921504606846981 <---> 1152921504606846979 : 3.8754940032958984
1152921504606846981 <---> 1152921504606846980 : 3.8025379180908203
1152921504606846981 <---> 1152921504606846978 : 2.353668212890625
discovery--->==================================== discovery ====================================
discovery---> graph: [(1152921504606846979, 1152921504606846977), (1152921504606846979, 1152921504606846981), (1152921504606846977, 1152921504606846980), (1152921504606846977, 1152921504606846978), (1152921504606846981, 1152921504606846980), (1152921504606846981, 1152921504606846978)]
discovery--->==============================
==================================== link detector ====================================

----------------------------
src    dst :    delay
1152921504606846979 <---> 1152921504606846977 : 3.823995590209961
1152921504606846979 <---> 1152921504606846981 : 3.948211669921875
1152921504606846977 <---> 1152921504606846980 : 3.6568641662597656
1152921504606846977 <---> 1152921504606846979 : 3.8034915924072266
1152921504606846977 <---> 1152921504606846978 : 3.6432743072509766
1152921504606846980 <---> 1152921504606846977 : 3.8237571716308594
1152921504606846980 <---> 1152921504606846981 : 3.876209259033203
1152921504606846978 <---> 1152921504606846977 : 3.8526058197021484
1152921504606846978 <---> 1152921504606846981 : 3.6025047302246094
1152921504606846981 <---> 1152921504606846979 : 4.159450531005859
1152921504606846981 <---> 1152921504606846980 : 3.7364959716796875
1152921504606846981 <---> 1152921504606846978 : 3.9017200469970703
discovery--->==================================== discovery ====================================
discovery---> graph: [(1152921504606846979, 1152921504606846977), (1152921504606846979, 1152921504606846981), (1152921504606846977, 1152921504606846980), (1152921504606846977, 1152921504606846978), (1152921504606846981, 1152921504606846980), (1152921504606846981, 1152921504606846978)]
discovery--->==============================
==================================== link detector ====================================

----------------------------
src    dst :    delay
1152921504606846979 <---> 1152921504606846977 : 3.8001537322998047
1152921504606846979 <---> 1152921504606846981 : 3.9353370666503906
1152921504606846977 <---> 1152921504606846980 : 3.622293472290039
1152921504606846977 <---> 1152921504606846979 : 3.5293102264404297
1152921504606846977 <---> 1152921504606846978 : 3.854990005493164
1152921504606846980 <---> 1152921504606846977 : 3.6487579345703125
1152921504606846980 <---> 1152921504606846981 : 4.325628280639648
1152921504606846978 <---> 1152921504606846977 : 3.7283897399902344
1152921504606846978 <---> 1152921504606846981 : 4.2400360107421875
1152921504606846981 <---> 1152921504606846979 : 3.8750171661376953
1152921504606846981 <---> 1152921504606846980 : 3.5834312438964844
1152921504606846981 <---> 1152921504606846978 : 2.3145675659179688
==================================== link detector ====================================

----------------------------
src    dst :    delay
1152921504606846979 <---> 1152921504606846977 : 3.7648677825927734
1152921504606846979 <---> 1152921504606846981 : 3.9167404174804688
1152921504606846977 <---> 1152921504606846980 : 2.809762954711914
1152921504606846977 <---> 1152921504606846979 : 3.6208629608154297
1152921504606846977 <---> 1152921504606846978 : 3.767251968383789
1152921504606846980 <---> 1152921504606846977 : 3.8251876831054688
1152921504606846980 <---> 1152921504606846981 : 3.817319869995117
1152921504606846978 <---> 1152921504606846977 : 3.874540328979492
1152921504606846978 <---> 1152921504606846981 : 2.5739669799804688
1152921504606846981 <---> 1152921504606846979 : 3.921985626220703
1152921504606846981 <---> 1152921504606846980 : 3.5881996154785156
1152921504606846981 <---> 1152921504606846978 : 3.887653350830078
discovery--->==================================== discovery ====================================
discovery---> graph: [(1152921504606846979, 1152921504606846977), (1152921504606846979, 1152921504606846981), (1152921504606846977, 1152921504606846980), (1152921504606846977, 1152921504606846978), (1152921504606846981, 1152921504606846980), (1152921504606846981, 1152921504606846978)]
discovery--->==============================
==================================== link detector ====================================

----------------------------
src    dst :    delay
1152921504606846979 <---> 1152921504606846977 : 3.8270950317382812
1152921504606846979 <---> 1152921504606846981 : 2.478361129760742
1152921504606846977 <---> 1152921504606846980 : 3.891468048095703
1152921504606846977 <---> 1152921504606846979 : 3.693103790283203
1152921504606846977 <---> 1152921504606846978 : 3.8824081420898438
1152921504606846980 <---> 1152921504606846977 : 3.7910938262939453
1152921504606846980 <---> 1152921504606846981 : 3.747701644897461
1152921504606846978 <---> 1152921504606846977 : 3.8137435913085938
1152921504606846978 <---> 1152921504606846981 : 3.793954849243164
1152921504606846981 <---> 1152921504606846979 : 3.8547515869140625
1152921504606846981 <---> 1152921504606846980 : 3.854036331176758
1152921504606846981 <---> 1152921504606846978 : 3.9577484130859375
                                                                                                                                                                                                                                                                                                                                                                                                                                                                                                                                                                                                                                                                                                                                                                                                                                                                                                                                                                                                                                                                                                                                                                                                                                                                                                                                                                                                                                                                                                                                                                                                                                                                                                                                                                                                                                                                                                                                                                                                                                                                                                                                                                                                                                                                                                                                                                                                                                                                                                                                                                                                                                                                                                                                                                                                                                                                                                                                                                                                                                                                                                                                                                                                                                                                                                                                                                                                                                                                                                                                                                                                                                                                                                                                                                                                                                                                                                                                                                                                                                                                   