loading app network_structure.py
Matplotlib created a temporary config/cache directory at /tmp/matplotlib-s7ysqx2d because the default path (/home/terry/.config/matplotlib) is not a writable directory; it is highly recommended to set the MPLCONFIGDIR environment variable to a writable directory, in particular to speed up the import of Matplotlib and to better support multiprocessing.
Generating new fontManager, this may take some time...
Failed to extract font properties from /usr/share/fonts/truetype/noto/NotoColorEmoji.ttf: In FT2Font: Can not load face.  Unknown file format.
loading app network_monitor.py
loading app network_delay.py
loading app ryu.controller.ofp_handler
instantiating app None of Switches
creating context switches
instantiating app network_structure.py of NetworkStructure
instantiating app network_monitor.py of NetworkMonitor
instantiating app network_delay.py of NetworkDelay
instantiating app ryu.controller.ofp_handler of OFPHandler
==================================== link detector ====================================

----------------------------
src    dst :    delay
discovery--->==================================== discovery ====================================
discovery---> cls: []
discovery--->=============================================================================
==================================== link detector ====================================

----------------------------
src    dst :    delay
==================================== link detector ====================================

----------------------------
src    dst :    delay
discovery--->==================================== discovery ====================================
discovery---> cls: []
discovery--->=============================================================================
==================================== link detector ====================================

----------------------------
src    dst :    delay
discovery---> AccessPoint: 1 connected
monitor---->register datapath: 1000000000000002
---> OFPPortStatus received: reason=MODIFY desc=OFPPort(port_no=2,hw_addr='0e:8f:95:fb:3a:b9',name=b'ap2-eth2',config=0,state=4,curr=2112,advertised=0,supported=0,peer=0,curr_speed=10000000,max_speed=0)
discovery--->==================================== discovery ====================================
discovery---> cls: []
discovery--->=============================================================================
datapath         port     rx-pkts  rx-bytes rx-error tx-pkts  tx-bytes tx-error
---------------- -------- -------- -------- -------- -------- -------- --------
0000000000000001        1        0        0        0        2      156        0
0000000000000001        2       11     1101        0       12     1269        0
0000000000000001        3       12     1161        0        5      386        0
datapath         in-port  eth-dst           out-port packets  bytes
---------------- -------- ----------------- -------- -------- --------
==================================== link detector ====================================

----------------------------
src    dst :    delay
1152921504606846978 <---> 1152921504606846978 : 41.50056838989258
---> OFPPortStatus received: reason=MODIFY desc=OFPPort(port_no=3,hw_addr='a2:0f:a5:6d:9f:97',name=b'ap2-eth3',config=0,state=4,curr=2112,advertised=0,supported=0,peer=0,curr_speed=10000000,max_speed=0)
==================================== link detector ====================================

----------------------------
src    dst :    delay
1152921504606846978 <---> 1152921504606846978 : 43.82014274597168
datapath         port     rx-pkts  rx-bytes rx-error tx-pkts  tx-bytes tx-error
---------------- -------- -------- -------- -------- -------- -------- --------
0000000000000001        1        0        0        0        7      546        0
0000000000000001        2       27     2839        0       26     2859        0
0000000000000001        3       28     2899        0       26     2859        0
datapath         in-port  eth-dst           out-port packets  bytes
---------------- -------- ----------------- -------- -------- --------
discovery--->==================================== discovery ====================================
discovery---> cls: []
discovery--->=============================================================================
==================================== link detector ====================================

----------------------------
src    dst :    delay
1152921504606846978 <---> 1152921504606846978 : 44.43669319152832
==================================== link detector ====================================

----------------------------
src    dst :    delay
1152921504606846978 <---> 1152921504606846978 : 45.27640342712402
datapath         port     rx-pkts  rx-bytes rx-error tx-pkts  tx-bytes tx-error
---------------- -------- -------- -------- -------- -------- -------- --------
0000000000000001        1        0        0        0       13     1014        0
0000000000000001        2       33     3246        0       32     3266        0
0000000000000001        3       34     3306        0       32     3266        0
datapath         in-port  eth-dst           out-port packets  bytes
---------------- -------- ----------------- -------- -------- --------
discovery--->==================================== discovery ====================================
discovery---> cls: []
discovery--->=============================================================================
==================================== link detector ====================================

----------------------------
src    dst :    delay
1152921504606846978 <---> 1152921504606846978 : 45.31073570251465
datapath         port     rx-pkts  rx-bytes rx-error tx-pkts  tx-bytes tx-error
---------------- -------- -------- -------- -------- -------- -------- --------
0000000000000001        1        0        0        0       19     1482        0
0000000000000001        2       41     3783        0       40     3803        0
0000000000000001        3       42     3843        0       39     3696        0
datapath         in-port  eth-dst           out-port packets  bytes
---------------- -------- ----------------- -------- -------- --------
discovery--->==================================== discovery ====================================
discovery---> cls: []
discovery--->=============================================================================
==================================== link detector ====================================

----------------------------
src    dst :    delay
1152921504606846978 <---> 1152921504606846978 : 45.63283920288086
==================================== link detector ====================================

----------------------------
src    dst :    delay
1152921504606846978 <---> 1152921504606846978 : 41.85175895690918
datapath         port     rx-pkts  rx-bytes rx-error tx-pkts  tx-bytes tx-error
---------------- -------- -------- -------- -------- -------- -------- --------
0000000000000001        1        0        0        0       24     1872        0
0000000000000001        2       46     4083        0       45     4103        0
0000000000000001        3       47     4143        0       45     4103        0
datapath         in-port  eth-dst           out-port packets  bytes
---------------- -------- ----------------- -------- -------- --------
discovery--->==================================== discovery ====================================
discovery---> cls: []
discovery--->=============================================================================
==================================== link detector ====================================

----------------------------
src    dst :    delay
1152921504606846978 <---> 1152921504606846978 : 43.885231018066406
==================================== link detector ====================================

----------------------------
src    dst :    delay
1152921504606846978 <---> 1152921504606846978 : 45.06826400756836
datapath         port     rx-pkts  rx-bytes rx-error tx-pkts  tx-bytes tx-error
---------------- -------- -------- -------- -------- -------- -------- --------
0000000000000001        1        0        0        0       30     2340        0
0000000000000001        2       52     4443        0       51     4463        0
0000000000000001        3       53     4503        0       51     4463        0
datapath         in-port  eth-dst           out-port packets  bytes
---------------- -------- ----------------- -------- -------- --------
discovery--->==================================== discovery ====================================
discovery---> cls: []
discovery--->=============================================================================
==================================== link detector ====================================

----------------------------
src    dst :    delay
1152921504606846978 <---> 1152921504606846978 : 44.51918601989746
datapath         port     rx-pkts  rx-bytes rx-error tx-pkts  tx-bytes tx-error
---------------- -------- -------- -------- -------- -------- -------- --------
0000000000000001        1        0        0        0       35     2730        0
0000000000000001        2       58     4803        0       57     4833        0
0000000000000001        3       58     4803        0       57     4823        0
datapath         in-port  eth-dst           out-port packets  bytes
---------------- -------- ----------------- -------- -------- --------
discovery--->==================================== discovery ====================================
discovery---> cls: []
discovery--->=============================================================================
==================================== link detector ====================================

----------------------------
src    dst :    delay
1152921504606846978 <---> 1152921504606846978 : 45.488595962524414
==================================== link detector ====================================

----------------------------
src    dst :    delay
1152921504606846978 <---> 1152921504606846978 : 55.67431449890137
datapath         port     rx-pkts  rx-bytes rx-error tx-pkts  tx-bytes tx-error
---------------- -------- -------- -------- -------- -------- -------- --------
0000000000000001        1        0        0        0       41     3198        0
0000000000000001        2       65     5280        0       64     5300        0
0000000000000001        3       66     5340        0       64     5300        0
datapath         in-port  eth-dst           out-port packets  bytes
---------------- -------- ----------------- -------- -------- --------
discovery--->==================================== discovery ====================================
discovery---> cls: []
discovery--->=============================================================================
==================================== link detector ====================================

----------------------------
src    dst :    delay
1152921504606846978 <---> 1152921504606846978 : 45.06659507751465
==================================== link detector ====================================

----------------------------
src    dst :    delay
1152921504606846978 <---> 1152921504606846978 : 44.96026039123535
datapath         port     rx-pkts  rx-bytes rx-error tx-pkts  tx-bytes tx-error
---------------- -------- -------- -------- -------- -------- -------- --------
0000000000000001        1        0        0        0       46     3588        0
0000000000000001        2       71     5640        0       70     5660        0
0000000000000001        3       72     5700        0       70     5660        0
datapath         in-port  eth-dst           out-port packets  bytes
---------------- -------- ----------------- -------- -------- --------
discovery--->==================================== discovery ====================================
discovery---> cls: []
discovery--->=============================================================================
==================================== link detector ====================================

----------------------------
src    dst :    delay
1152921504606846978 <---> 1152921504606846978 : 41.14484786987305
datapath         port     rx-pkts  rx-bytes rx-error tx-pkts  tx-bytes tx-error
---------------- -------- -------- -------- -------- -------- -------- --------
0000000000000001        1        0        0        0       52     4056        0
0000000000000001        2       76     5940        0       75     5960        0
0000000000000001        3       77     6000        0       75     5960        0
datapath         in-port  eth-dst           out-port packets  bytes
---------------- -------- ----------------- -------- -------- --------
discovery--->==================================== discovery ====================================
discovery---> cls: []
discovery--->=============================================================================
==================================== link detector ====================================

----------------------------
src    dst :    delay
1152921504606846978 <---> 1152921504606846978 : 45.32647132873535
==================================== link detector ====================================

----------------------------
src    dst :    delay
1152921504606846978 <---> 1152921504606846978 : 42.51432418823242
datapath         port     rx-pkts  rx-bytes rx-error tx-pkts  tx-bytes tx-error
---------------- -------- -------- -------- -------- -------- -------- --------
0000000000000001        1        0        0        0       57     4446        0
0000000000000001        2       82     6300        0       81     6320        0
0000000000000001        3       83     6360        0       81     6320        0
datapath         in-port  eth-dst           out-port packets  bytes
---------------- -------- ----------------- -------- -------- --------
discovery--->==================================== discovery ====================================
discovery---> cls: []
discovery--->=============================================================================
==================================== link detector ====================================

----------------------------
src    dst :    delay
1152921504606846978 <---> 1152921504606846978 : 42.639970779418945
