loading app network_structure.py
Matplotlib created a temporary config/cache directory at /tmp/matplotlib-svxraqxb because the default path (/home/terry/.config/matplotlib) is not a writable directory; it is highly recommended to set the MPLCONFIGDIR environment variable to a writable directory, in particular to speed up the import of Matplotlib and to better support multiprocessing.
Generating new fontManager, this may take some time...
Failed to extract font properties from /usr/share/fonts/truetype/noto/NotoColorEmoji.ttf: In FT2Font: Can not load face.  Unknown file format.
loading app network_monitor.py
loading app network_delay.py
loading app network_shortest_path.py
loading app arp_handler.py
loading app ryu.controller.ofp_handler
instantiating app None of Switches
creating context switches
instantiating app network_structure.py of NetworkStructure
instantiating app network_monitor.py of NetworkMonitor
instantiating app network_delay.py of NetworkDelay
instantiating app network_shortest_path.py of NetworkShortestPath
instantiating app arp_handler.py of ArpHandler
instantiating app ryu.controller.ofp_handler of OFPHandler
discovery---> AccessPoint: 1 connected
discovery---> AccessPoint: 1 connected
discovery---> AccessPoint: 2 connected
discovery---> AccessPoint: 3 connected
discovery---> AccessPoint: 1 connected
discovery---> AccessPoint: 3 connected
monitor---->register datapath: 1000000000000003
monitor---->register datapath: 1000000000000006
monitor---->register datapath: 1000000000000004
monitor---->register datapath: 1000000000000001
monitor---->register datapath: 1000000000000005
monitor---->register datapath: 1000000000000002
==================================== link detector ====================================

----------------------------
src    dst :    delay
5 <---> 4 : 3.1397342681884766
5 <---> 2 : 3.7653446197509766
5 <---> 1 : 3.331422805786133
6 <---> 2 : 3.293752670288086
6 <---> 3 : 3.293752670288086
1 <---> 2 : 3.374338150024414
1 <---> 5 : 3.3931732177734375
4 <---> 5 : 2.9489994049072266
4 <---> 3 : 2.914905548095703
3 <---> 4 : 3.2625198364257812
3 <---> 2 : 3.292083740234375
3 <---> 6 : 3.1130313873291016
2 <---> 6 : 3.1843185424804688
2 <---> 5 : 3.300189971923828
2 <---> 3 : 3.018617630004883
2 <---> 1 : 2.7658939361572266
discovery--->==================================== discovery ====================================
discovery---> cls: [(5, 4), (5, 2), (5, 1), (4, 3), (6, 2), (6, 3), (2, 1), (2, 3)]
discovery--->=============================================================================
MMMM--->  calculate_loss_of_link error
MMMM--->  calculate_loss_of_link error
MMMM--->  calculate_loss_of_link error
MMMM--->  calculate_loss_of_link error
MMMM--->  calculate_loss_of_link error
MMMM--->  calculate_loss_of_link error
MMMM--->  calculate_loss_of_link error
MMMM--->  calculate_loss_of_link error
MMMM--->  calculate_loss_of_link error
MMMM--->  calculate_loss_of_link error
MMMM--->  calculate_loss_of_link error
MMMM--->  calculate_loss_of_link error
MMMM--->  calculate_loss_of_link error
MMMM--->  calculate_loss_of_link error
MMMM--->  calculate_loss_of_link error
MMMM--->  calculate_loss_of_link error
datapath         port     rx-pkts  rx-bytes rx-error tx-pkts  tx-bytes tx-error
---------------- -------- -------- -------- -------- -------- -------- --------
0000000000000003        1       18     1316        0      749    58640        0
0000000000000003        2      781    49672        0      779    49552        0
0000000000000003        3      778    49416        0      777    49356        0
0000000000000003        4      774    49024        0      776    49144        0
datapath         in-port  eth-dst           out-port packets  bytes
---------------- -------- ----------------- -------- -------- --------
0000000000000003        1       192.168.0.1        2        2      196
0000000000000003        1       192.168.0.2        2        2      196
0000000000000003        1       192.168.0.4        3        1       98
0000000000000003        1       192.168.0.5        2        1       98
0000000000000003        1       192.168.0.6        4        1       98
0000000000000003        2       192.168.0.3        1        2      196
0000000000000003        2       192.168.0.3        1        2      196
0000000000000003        2       192.168.0.3        1        2      196
0000000000000003        2       192.168.0.4        3        2      196
0000000000000003        2       192.168.0.4        3        2      196
0000000000000003        3       192.168.0.1        2        2      196
0000000000000003        3       192.168.0.2        2        2      196
0000000000000003        3       192.168.0.3        1        2      196
0000000000000003        3       192.168.0.6        4        2      196
0000000000000003        4       192.168.0.3        1        2      196
0000000000000003        4       192.168.0.4        3        2      196
datapath         port     rx-pkts  rx-bytes rx-error tx-pkts  tx-bytes tx-error
---------------- -------- -------- -------- -------- -------- -------- --------
0000000000000006        1       20     1400        0      759    59258        0
0000000000000006        2      779    49400        0      775    49160        0
0000000000000006        3      776    49144        0      774    49024        0
datapath         in-port  eth-dst           out-port packets  bytes
---------------- -------- ----------------- -------- -------- --------
0000000000000006        1       192.168.0.1        2        2      196
0000000000000006        1       192.168.0.2        2        2      196
0000000000000006        1       192.168.0.3        3        2      196
0000000000000006        1       192.168.0.4        3        2      196
0000000000000006        1       192.168.0.5        2        2      196
0000000000000006        2       192.168.0.6        1        2      196
0000000000000006        2       192.168.0.6        1        2      196
0000000000000006        2       192.168.0.6        1        2      196
0000000000000006        3       192.168.0.6        1        2      196
0000000000000006        3       192.168.0.6        1        2      196
datapath         port     rx-pkts  rx-bytes rx-error tx-pkts  tx-bytes tx-error
---------------- -------- -------- -------- -------- -------- -------- --------
0000000000000004        1       21     1442        0      755    59018        0
0000000000000004        2      777    49356        0      778    49416        0
0000000000000004        3      773    48888        0      775    49008        0
datapath         in-port  eth-dst           out-port packets  bytes
---------------- -------- ----------------- -------- -------- --------
0000000000000004        1       192.168.0.1        2        2      196
0000000000000004        1       192.168.0.2        2        2      196
0000000000000004        1       192.168.0.3        2        2      196
0000000000000004        1       192.168.0.5        3        1       98
0000000000000004        1       192.168.0.6        2        1       98
0000000000000004        2       192.168.0.4        1        2      196
0000000000000004        2       192.168.0.4        1        2      196
0000000000000004        2       192.168.0.4        1        2      196
0000000000000004        2       192.168.0.4        1        2      196
0000000000000004        3       192.168.0.4        1        2      196
datapath         port     rx-pkts  rx-bytes rx-error tx-pkts  tx-bytes tx-error
---------------- -------- -------- -------- -------- -------- -------- --------
0000000000000002        1       21     1442        0      751    58778        0
0000000000000002        2      778    49416        0      779    49476        0
0000000000000002        3      779    49552        0      781    49672        0
0000000000000002        4      776    49220        0      776    49220        0
0000000000000002        5      775    49160        0      779    49400        0
datapath         in-port  eth-dst           out-port packets  bytes
---------------- -------- ----------------- -------- -------- --------
0000000000000002        1       192.168.0.1        2        2      196
0000000000000002        1       192.168.0.3        3        1       98
0000000000000002        1       192.168.0.4        3        1       98
0000000000000002        1       192.168.0.5        4        1       98
0000000000000002        1       192.168.0.6        5        1       98
0000000000000002        2       192.168.0.2        1        2      196
0000000000000002        2       192.168.0.3        3        2      196
0000000000000002        2       192.168.0.4        3        2      196
0000000000000002        2       192.168.0.6        5        2      196
0000000000000002        3       192.168.0.1        2        2      196
0000000000000002        3       192.168.0.1        2        2      196
0000000000000002        3       192.168.0.2        1        2      196
0000000000000002        3       192.168.0.2        1        2      196
0000000000000002        3       192.168.0.5        4        2      196
0000000000000002        4       192.168.0.2        1        2      196
0000000000000002        4       192.168.0.3        3        2      196
0000000000000002        4       192.168.0.6        5        2      196
0000000000000002        5       192.168.0.1        2        2      196
0000000000000002        5       192.168.0.2        1        2      196
0000000000000002        5       192.168.0.5        4        2      196
datapath         port     rx-pkts  rx-bytes rx-error tx-pkts  tx-bytes tx-error
---------------- -------- -------- -------- -------- -------- -------- --------
0000000000000001        1       15     1190        0      772    60110        0
0000000000000001        2      779    49476        0      778    49416        0
0000000000000001        3      774    48948        0      772    48828        0
datapath         in-port  eth-dst           out-port packets  bytes
---------------- -------- ----------------- -------- -------- --------
0000000000000001        1       192.168.0.2        2        1       98
0000000000000001        1       192.168.0.3        2        1       98
0000000000000001        1       192.168.0.4        2        1       98
0000000000000001        1       192.168.0.5        3        1       98
0000000000000001        1       192.168.0.6        2        1       98
0000000000000001        2       192.168.0.1        1        2      196
0000000000000001        2       192.168.0.1        1        2      196
0000000000000001        2       192.168.0.1        1        2      196
0000000000000001        2       192.168.0.1        1        2      196
0000000000000001        3       192.168.0.1        1        2      196
datapath         port     rx-pkts  rx-bytes rx-error tx-pkts  tx-bytes tx-error
---------------- -------- -------- -------- -------- -------- -------- --------
0000000000000005        1       17     1274        0      755    59018        0
0000000000000005        2      772    48828        0      774    48948        0
0000000000000005        3      776    49220        0      776    49220        0
0000000000000005        4      775    49008        0      773    48888        0
datapath         in-port  eth-dst           out-port packets  bytes
---------------- -------- ----------------- -------- -------- --------
0000000000000005        1       192.168.0.1        2        2      196
0000000000000005        1       192.168.0.2        3        2      196
0000000000000005        1       192.168.0.3        3        2      196
0000000000000005        1       192.168.0.4        4        2      196
0000000000000005        1       192.168.0.6        3        1       98
0000000000000005        2       192.168.0.5        1        2      196
0000000000000005        3       192.168.0.5        1        2      196
0000000000000005        3       192.168.0.5        1        2      196
0000000000000005        3       192.168.0.5        1        2      196
0000000000000005        4       192.168.0.5        1        2      196
==================================== link detector ====================================

----------------------------
src    dst :    delay
5 <---> 4 : 3.3693313598632812
5 <---> 2 : 2.9222965240478516
5 <---> 1 : 2.846240997314453
6 <---> 2 : 2.8274059295654297
6 <---> 3 : 2.5527477264404297
1 <---> 2 : 2.192974090576172
1 <---> 5 : 2.683877944946289
4 <---> 5 : 3.357410430908203
4 <---> 3 : 4.261255264282227
3 <---> 4 : 4.987955093383789
3 <---> 2 : 3.0100345611572266
3 <---> 6 : 3.983736038208008
2 <---> 6 : 2.986907958984375
2 <---> 5 : 2.7303695678710938
2 <---> 3 : 3.4258365631103516
2 <---> 1 : 3.053426742553711
==================================== link detector ====================================

----------------------------
src    dst :    delay
5 <---> 4 : 3.0181407928466797
5 <---> 2 : 3.1838417053222656
5 <---> 1 : 2.9189586639404297
6 <---> 2 : 2.6552677154541016
6 <---> 3 : 3.5719871520996094
1 <---> 2 : 3.0786991119384766
1 <---> 5 : 3.1926631927490234
4 <---> 5 : 3.2699108123779297
4 <---> 3 : 2.2611618041992188
3 <---> 4 : 3.4170150756835938
3 <---> 2 : 4.350900650024414
3 <---> 6 : 3.305196762084961
2 <---> 6 : 3.2644271850585938
2 <---> 5 : 3.092050552368164
2 <---> 3 : 3.720998764038086
2 <---> 1 : 4.265785217285156
discovery--->==================================== discovery ====================================
discovery---> cls: [(5, 4), (5, 2), (5, 1), (4, 3), (6, 2), (6, 3), (2, 1), (2, 3)]
discovery--->=============================================================================
hub: uncaught exception: Traceback (most recent call last):
  File "/usr/local/lib/python3.6/dist-packages/ryu/lib/hub.py", line 60, in _launch
    return func(*args, **kwargs)
  File "/home/terry/LJQ/Task/ryu/network_monitor.py", line 63, in scheduler
    self.create_loss_graph()
  File "/home/terry/LJQ/Task/ryu/network_monitor.py", line 388, in create_loss_graph
    self.calculate_loss_of_link()
  File "/home/terry/LJQ/Task/ryu/network_monitor.py", line 350, in calculate_loss_of_link
    tx = self.port_stats_table[(src_dpid, src_port)][-1][0]  # tx_bytes
TypeError: 'float' object is not subscriptable

datapath         port     rx-pkts  rx-bytes rx-error tx-pkts  tx-bytes tx-error
---------------- -------- -------- -------- -------- -------- -------- --------
0000000000000004        1       21     1442        0      759    59330        0
monitor: Exception occurred during handler processing. Backtrace from offending handler [port_stats_table_reply_handler] servicing event [EventOFPPortStatsReply] follows.
Traceback (most recent call last):
  File "/usr/local/lib/python3.6/dist-packages/ryu/base/app_manager.py", line 290, in _event_loop
    handler(ev)
  File "/home/terry/LJQ/Task/ryu/network_monitor.py", line 193, in port_stats_table_reply_handler
    pre_bytes = stat[-2][0] + stat[-2][1]
TypeError: 'int' object is not subscriptable
datapath         in-port  eth-dst           out-port packets  bytes
---------------- -------- ----------------- -------- -------- --------
0000000000000004        1       192.168.0.1        2        2      196
0000000000000004        1       192.168.0.2        2        2      196
0000000000000004        1       192.168.0.3        2        2      196
0000000000000004        1       192.168.0.5        3        1       98
0000000000000004        1       192.168.0.6        2        1       98
0000000000000004        2       192.168.0.4        1        2      196
0000000000000004        2       192.168.0.4        1        2      196
0000000000000004        2       192.168.0.4        1        2      196
0000000000000004        2       192.168.0.4        1        2      196
0000000000000004        3       192.168.0.4        1        2      196
datapath         port     rx-pkts  rx-bytes rx-error tx-pkts  tx-bytes tx-error
---------------- -------- -------- -------- -------- -------- -------- --------
0000000000000006        1       20     1400        0      764    59648        0
monitor: Exception occurred during handler processing. Backtrace from offending handler [port_stats_table_reply_handler] servicing event [EventOFPPortStatsReply] follows.
Traceback (most recent call last):
  File "/usr/local/lib/python3.6/dist-packages/ryu/base/app_manager.py", line 290, in _event_loop
    handler(ev)
  File "/home/terry/LJQ/Task/ryu/network_monitor.py", line 193, in port_stats_table_reply_handler
    pre_bytes = stat[-2][0] + stat[-2][1]
TypeError: 'int' object is not subscriptable
datapath         in-port  eth-dst           out-port packets  bytes
---------------- -------- ----------------- -------- -------- --------
0000000000000006        1       192.168.0.1        2        2      196
0000000000000006        1       192.168.0.2        2        2      196
0000000000000006        1       192.168.0.3        3        2      196
0000000000000006        1       192.168.0.4        3        2      196
0000000000000006        1       192.168.0.5        2        2      196
0000000000000006        2       192.168.0.6        1        2      196
0000000000000006        2       192.168.0.6        1        2      196
0000000000000006        2       192.168.0.6        1        2      196
0000000000000006        3       192.168.0.6        1        2      196
0000000000000006        3       192.168.0.6        1        2      196
datapath         port     rx-pkts  rx-bytes rx-error tx-pkts  tx-bytes tx-error
---------------- -------- -------- -------- -------- -------- -------- --------
0000000000000003        1       18     1316        0      754    59030        0
monitor: Exception occurred during handler processing. Backtrace from offending handler [port_stats_table_reply_handler] servicing event [EventOFPPortStatsReply] follows.
Traceback (most recent call last):
  File "/usr/local/lib/python3.6/dist-packages/ryu/base/app_manager.py", line 290, in _event_loop
    handler(ev)
  File "/home/terry/LJQ/Task/ryu/network_monitor.py", line 193, in port_stats_table_reply_handler
    pre_bytes = stat[-2][0] + stat[-2][1]
TypeError: 'int' object is not subscriptable
datapath         in-port  eth-dst           out-port packets  bytes
---------------- -------- ----------------- -------- -------- --------
0000000000000003        1       192.168.0.1        2        2      196
0000000000000003        1       192.168.0.2        2        2      196
0000000000000003        1       192.168.0.4        3        1       98
0000000000000003        1       192.168.0.5        2        1       98
0000000000000003        1       192.168.0.6        4        1       98
0000000000000003        2       192.168.0.3        1        2      196
0000000000000003        2       192.168.0.3        1        2      196
0000000000000003        2       192.168.0.3        1        2      196
0000000000000003        2       192.168.0.4        3        2      196
0000000000000003        2       192.168.0.4        3        2      196
0000000000000003        3       192.168.0.1        2        2      196
0000000000000003        3       192.168.0.2        2        2      196
0000000000000003        3       192.168.0.3        1        2      196
0000000000000003        3       192.168.0.6        4        2      196
0000000000000003        4       192.168.0.3        1        2      196
0000000000000003        4       192.168.0.4        3        2      196
datapath         port     rx-pkts  rx-bytes rx-error tx-pkts  tx-bytes tx-error
---------------- -------- -------- -------- -------- -------- -------- --------
0000000000000001        1       15     1190        0      776    60422        0
monitor: Exception occurred during handler processing. Backtrace from offending handler [port_stats_table_reply_handler] servicing event [EventOFPPortStatsReply] follows.
Traceback (most recent call last):
  File "/usr/local/lib/python3.6/dist-packages/ryu/base/app_manager.py", line 290, in _event_loop
    handler(ev)
  File "/home/terry/LJQ/Task/ryu/network_monitor.py", line 193, in port_stats_table_reply_handler
    pre_bytes = stat[-2][0] + stat[-2][1]
TypeError: 'int' object is not subscriptable
datapath         in-port  eth-dst           out-port packets  bytes
---------------- -------- ----------------- -------- -------- --------
0000000000000001        1       192.168.0.2        2        1       98
0000000000000001        1       192.168.0.3        2        1       98
0000000000000001        1       192.168.0.4        2        1       98
0000000000000001        1       192.168.0.5        3        1       98
0000000000000001        1       192.168.0.6        2        1       98
0000000000000001        2       192.168.0.1        1        2      196
0000000000000001        2       192.168.0.1        1        2      196
0000000000000001        2       192.168.0.1        1        2      196
0000000000000001        2       192.168.0.1        1        2      196
0000000000000001        3       192.168.0.1        1        2      196
datapath         port     rx-pkts  rx-bytes rx-error tx-pkts  tx-bytes tx-error
---------------- -------- -------- -------- -------- -------- -------- --------
0000000000000002        1       21     1442        0      756    59168        0
monitor: Exception occurred during handler processing. Backtrace from offending handler [port_stats_table_reply_handler] servicing event [EventOFPPortStatsReply] follows.
Traceback (most recent call last):
  File "/usr/local/lib/python3.6/dist-packages/ryu/base/app_manager.py", line 290, in _event_loop
    handler(ev)
  File "/home/terry/LJQ/Task/ryu/network_monitor.py", line 193, in port_stats_table_reply_handler
    pre_bytes = stat[-2][0] + stat[-2][1]
TypeError: 'int' object is not subscriptable
datapath         in-port  eth-dst           out-port packets  bytes
---------------- -------- ----------------- -------- -------- --------
0000000000000002        1       192.168.0.1        2        2      196
0000000000000002        1       192.168.0.3        3        1       98
0000000000000002        1       192.168.0.4        3        1       98
0000000000000002        1       192.168.0.5        4        1       98
0000000000000002        1       192.168.0.6        5        1       98
0000000000000002        2       192.168.0.2        1        2      196
0000000000000002        2       192.168.0.3        3        2      196
0000000000000002        2       192.168.0.4        3        2      196
0000000000000002        2       192.168.0.6        5        2      196
0000000000000002        3       192.168.0.1        2        2      196
0000000000000002        3       192.168.0.1        2        2      196
0000000000000002        3       192.168.0.2        1        2      196
0000000000000002        3       192.168.0.2        1        2      196
0000000000000002        3       192.168.0.5        4        2      196
0000000000000002        4       192.168.0.2        1        2      196
0000000000000002        4       192.168.0.3        3        2      196
0000000000000002        4       192.168.0.6        5        2      196
0000000000000002        5       192.168.0.1        2        2      196
0000000000000002        5       192.168.0.2        1        2      196
0000000000000002        5       192.168.0.5        4        2      196
datapath         port     rx-pkts  rx-bytes rx-error tx-pkts  tx-bytes tx-error
---------------- -------- -------- -------- -------- -------- -------- --------
0000000000000005        1       17     1274        0      759    59330        0
monitor: Exception occurred during handler processing. Backtrace from offending handler [port_stats_table_reply_handler] servicing event [EventOFPPortStatsReply] follows.
Traceback (most recent call last):
  File "/usr/local/lib/python3.6/dist-packages/ryu/base/app_manager.py", line 290, in _event_loop
    handler(ev)
  File "/home/terry/LJQ/Task/ryu/network_monitor.py", line 193, in port_stats_table_reply_handler
    pre_bytes = stat[-2][0] + stat[-2][1]
TypeError: 'int' object is not subscriptable
datapath         in-port  eth-dst           out-port packets  bytes
---------------- -------- ----------------- -------- -------- --------
0000000000000005        1       192.168.0.1        2        2      196
0000000000000005        1       192.168.0.2        3        2      196
0000000000000005        1       192.168.0.3        3        2      196
0000000000000005        1       192.168.0.4        4        2      196
0000000000000005        1       192.168.0.6        3        1       98
0000000000000005        2       192.168.0.5        1        2      196
0000000000000005        3       192.168.0.5        1        2      196
0000000000000005        3       192.168.0.5        1        2      196
0000000000000005        3       192.168.0.5        1        2      196
0000000000000005        4       192.168.0.5        1        2      196
==================================== link detector ====================================

----------------------------
src    dst :    delay
5 <---> 4 : 2.224445343017578
5 <---> 2 : 2.5243759155273438
5 <---> 1 : 2.44903564453125
6 <---> 2 : 2.4607181549072266
6 <---> 3 : 4.538297653198242
1 <---> 2 : 4.154682159423828
1 <---> 5 : 2.591371536254883
4 <---> 5 : 2.2804737091064453
4 <---> 3 : 2.759218215942383
3 <---> 4 : 3.4379959106445312
3 <---> 2 : 4.420757293701172
3 <---> 6 : 2.811908721923828
2 <---> 6 : 2.2079944610595703
2 <---> 5 : 2.7158260345458984
2 <---> 3 : 2.310514450073242
2 <---> 1 : 2.4678707122802734
discovery--->==================================== discovery ====================================
discovery---> cls: [(5, 4), (5, 2), (5, 1), (4, 3), (6, 2), (6, 3), (2, 1), (2, 3)]
discovery--->=============================================================================
==================================== link detector ====================================

----------------------------
src    dst :    delay
5 <---> 4 : 3.2100677490234375
5 <---> 2 : 4.304409027099609
5 <---> 1 : 3.3087730407714844
6 <---> 2 : 4.483699798583984
6 <---> 3 : 3.0698776245117188
1 <---> 2 : 2.933025360107422
1 <---> 5 : 2.4230480194091797
4 <---> 5 : 2.785205841064453
4 <---> 3 : 2.6848316192626953
3 <---> 4 : 2.7914047241210938
3 <---> 2 : 2.760648727416992
3 <---> 6 : 2.476930618286133
2 <---> 6 : 2.8235912322998047
2 <---> 5 : 2.9768943786621094
2 <---> 3 : 2.8069019317626953
2 <---> 1 : 4.151105880737305
==================================== link detector ====================================

----------------------------
src    dst :    delay
5 <---> 4 : 2.7985572814941406
5 <---> 2 : 2.255678176879883
5 <---> 1 : 4.192352294921875
6 <---> 2 : 3.0748844146728516
6 <---> 3 : 3.4775733947753906
1 <---> 2 : 2.7005672454833984
1 <---> 5 : 3.0548572540283203
4 <---> 5 : 3.252267837524414
4 <---> 3 : 3.1652450561523438
3 <---> 4 : 3.053426742553711
3 <---> 2 : 3.830432891845703
3 <---> 6 : 3.60870361328125
2 <---> 6 : 4.108428955078125
2 <---> 5 : 3.0803680419921875
2 <---> 3 : 2.435922622680664
2 <---> 1 : 4.694938659667969
discovery--->==================================== discovery ====================================
discovery---> cls: [(5, 4), (5, 2), (5, 1), (4, 3), (6, 2), (6, 3), (2, 1), (2, 3)]
discovery--->=============================================================================
==================================== link detector ====================================

----------------------------
src    dst :    delay
5 <---> 4 : 3.3202171325683594
5 <---> 2 : 3.2105445861816406
5 <---> 1 : 3.205537796020508
6 <---> 2 : 4.400014877319336
6 <---> 3 : 2.928018569946289
1 <---> 2 : 2.899646759033203
1 <---> 5 : 4.190921783447266
4 <---> 5 : 4.225730895996094
4 <---> 3 : 3.841400146484375
3 <---> 4 : 2.9230117797851562
3 <---> 2 : 2.504110336303711
3 <---> 6 : 2.5637149810791016
2 <---> 6 : 4.486322402954102
2 <---> 5 : 3.9305686950683594
2 <---> 3 : 2.8219223022460938
2 <---> 1 : 2.4526119232177734
discovery--->==================================== discovery ====================================
discovery---> cls: [(5, 4), (5, 2), (5, 1), (4, 3), (6, 2), (6, 3), (2, 1), (2, 3)]
discovery--->=============================================================================
==================================== link detector ====================================

----------------------------
src    dst :    delay
5 <---> 4 : 3.0775070190429688
5 <---> 2 : 3.258943557739258
5 <---> 1 : 3.2358169555664062
6 <---> 2 : 3.9930343627929688
6 <---> 3 : 3.183603286743164
1 <---> 2 : 2.676725387573242
1 <---> 5 : 3.9453506469726562
4 <---> 5 : 2.3827552795410156
4 <---> 3 : 4.62031364440918
3 <---> 4 : 3.283262252807617
3 <---> 2 : 3.9930343627929688
3 <---> 6 : 2.9134750366210938
2 <---> 6 : 2.2809505462646484
2 <---> 5 : 4.858493804931641
2 <---> 3 : 4.189491271972656
2 <---> 1 : 2.9463768005371094
==================================== link detector ====================================

----------------------------
src    dst :    delay
5 <---> 4 : 2.9757022857666016
5 <---> 2 : 4.074811935424805
5 <---> 1 : 3.1883716583251953
6 <---> 2 : 2.4483203887939453
6 <---> 3 : 2.2115707397460938
1 <---> 2 : 3.0214786529541016
1 <---> 5 : 3.0350685119628906
4 <---> 5 : 3.614187240600586
4 <---> 3 : 3.0629634857177734
3 <---> 4 : 3.681659698486328
3 <---> 2 : 4.26936149597168
3 <---> 6 : 3.8454532623291016
2 <---> 6 : 2.866983413696289
2 <---> 5 : 3.307342529296875
2 <---> 3 : 4.846811294555664
2 <---> 1 : 4.431247711181641
discovery--->==================================== discovery ====================================
discovery---> cls: [(5, 4), (5, 2), (5, 1), (4, 3), (6, 2), (6, 3), (2, 1), (2, 3)]
discovery--->=============================================================================
==================================== link detector ====================================

----------------------------
src    dst :    delay
5 <---> 4 : 3.0205249786376953
5 <---> 2 : 2.838134765625
5 <---> 1 : 3.1080245971679688
6 <---> 2 : 2.864360809326172
6 <---> 3 : 2.8302669525146484
1 <---> 2 : 2.5277137756347656
1 <---> 5 : 2.8154850006103516
4 <---> 5 : 3.576993942260742
4 <---> 3 : 2.727031707763672
3 <---> 4 : 3.181934356689453
3 <---> 2 : 3.1769275665283203
3 <---> 6 : 2.4538040161132812
2 <---> 6 : 4.202604293823242
2 <---> 5 : 4.032373428344727
2 <---> 3 : 2.8543472290039062
2 <---> 1 : 2.9897689819335938
discovery--->==================================== discovery ====================================
discovery---> cls: [(5, 4), (5, 2), (5, 1), (4, 3), (6, 2), (6, 3), (2, 1), (2, 3)]
discovery--->=============================================================================
==================================== link detector ====================================

----------------------------
src    dst :    delay
5 <---> 4 : 4.528999328613281
5 <---> 2 : 2.2382736206054688
5 <---> 1 : 2.9358863830566406
6 <---> 2 : 3.239154815673828
6 <---> 3 : 2.5937557220458984
1 <---> 2 : 2.6979446411132812
1 <---> 5 : 4.4727325439453125
4 <---> 5 : 3.5219192504882812
4 <---> 3 : 2.7751922607421875
3 <---> 4 : 2.6590824127197266
3 <---> 2 : 3.5529136657714844
3 <---> 6 : 2.9282569885253906
2 <---> 6 : 3.6759376525878906
2 <---> 5 : 2.747058868408203
2 <---> 3 : 3.6897659301757812
2 <---> 1 : 2.544403076171875
==================================== link detector ====================================

----------------------------
src    dst :    delay
5 <---> 4 : 2.824544906616211
5 <---> 2 : 3.208637237548828
5 <---> 1 : 2.5959014892578125
6 <---> 2 : 3.718852996826172
6 <---> 3 : 4.326820373535156
1 <---> 2 : 3.1321048736572266
1 <---> 5 : 2.286672592163086
4 <---> 5 : 2.5954246520996094
4 <---> 3 : 3.263711929321289
3 <---> 4 : 3.416299819946289
3 <---> 2 : 3.1425952911376953
3 <---> 6 : 2.331256866455078
2 <---> 6 : 2.420663833618164
2 <---> 5 : 2.198934555053711
2 <---> 3 : 2.6035308837890625
2 <---> 1 : 2.170562744140625
discovery--->==================================== discovery ====================================
discovery---> cls: [(5, 4), (5, 2), (5, 1), (4, 3), (6, 2), (6, 3), (2, 1), (2, 3)]
discovery--->=============================================================================
==================================== link detector ====================================

----------------------------
src    dst :    delay
5 <---> 4 : 3.425121307373047
5 <---> 2 : 2.984285354614258
5 <---> 1 : 2.8829574584960938
6 <---> 2 : 3.5398006439208984
6 <---> 3 : 2.506256103515625
1 <---> 2 : 3.9958953857421875
1 <---> 5 : 2.9435157775878906
4 <---> 5 : 3.3931732177734375
4 <---> 3 : 3.08990478515625
3 <---> 4 : 2.696990966796875
3 <---> 2 : 2.3779869079589844
3 <---> 6 : 2.6581287384033203
2 <---> 6 : 3.3507347106933594
2 <---> 5 : 3.0279159545898438
2 <---> 3 : 3.5400390625
2 <---> 1 : 3.483295440673828
discovery--->==================================== discovery ====================================
discovery---> cls: [(5, 4), (5, 2), (5, 1), (4, 3), (6, 2), (6, 3), (2, 1), (2, 3)]
discovery--->=============================================================================
==================================== link detector ====================================

----------------------------
src    dst :    delay
5 <---> 4 : 2.8595924377441406
5 <---> 2 : 3.283262252807617
5 <---> 1 : 3.278017044067383
6 <---> 2 : 3.195047378540039
6 <---> 3 : 3.183126449584961
1 <---> 2 : 3.1058788299560547
1 <---> 5 : 3.5772323608398438
4 <---> 5 : 2.8200149536132812
4 <---> 3 : 4.299163818359375
3 <---> 4 : 2.6252269744873047
3 <---> 2 : 3.3278465270996094
3 <---> 6 : 3.3681392669677734
2 <---> 6 : 2.803325653076172
2 <---> 5 : 3.0150413513183594
2 <---> 3 : 3.4232139587402344
2 <---> 1 : 3.0927658081054688
==================================== link detector ====================================

----------------------------
src    dst :    delay
5 <---> 4 : 2.9175281524658203
5 <---> 2 : 2.906322479248047
5 <---> 1 : 3.0317306518554688
6 <---> 2 : 2.4247169494628906
6 <---> 3 : 4.123687744140625
1 <---> 2 : 2.549886703491211
1 <---> 5 : 4.08935546875
4 <---> 5 : 3.388643264770508
4 <---> 3 : 3.0934810638427734
3 <---> 4 : 2.8367042541503906
3 <---> 2 : 4.390954971313477
3 <---> 6 : 3.7734508514404297
2 <---> 6 : 2.747058868408203
2 <---> 5 : 3.4198760986328125
2 <---> 3 : 3.4928321838378906
2 <---> 1 : 2.1605491638183594
discovery--->==================================== discovery ====================================
discovery---> cls: [(5, 4), (5, 2), (5, 1), (4, 3), (6, 2), (6, 3), (2, 1), (2, 3)]
discovery--->=============================================================================
==================================== link detector ====================================

----------------------------
src    dst :    delay
5 <---> 4 : 2.4106502532958984
5 <---> 2 : 2.173185348510742
5 <---> 1 : 2.3331642150878906
6 <---> 2 : 3.4515857696533203
6 <---> 3 : 3.161907196044922
1 <---> 2 : 2.1581649780273438
1 <---> 5 : 4.565000534057617
4 <---> 5 : 3.364086151123047
4 <---> 3 : 2.758026123046875
3 <---> 4 : 3.081798553466797
3 <---> 2 : 3.660440444946289
3 <---> 6 : 4.055976867675781
2 <---> 6 : 2.859830856323242
2 <---> 5 : 2.6311874389648438
2 <---> 3 : 3.240823745727539
2 <---> 1 : 2.8371810913085938
discovery--->==================================== discovery ====================================
discovery---> cls: [(5, 4), (5, 2), (5, 1), (4, 3), (6, 2), (6, 3), (2, 1), (2, 3)]
discovery--->=============================================================================
==================================== link detector ====================================

----------------------------
src    dst :    delay
5 <---> 4 : 2.820730209350586
5 <---> 2 : 4.552364349365234
5 <---> 1 : 2.5980472564697266
6 <---> 2 : 5.777597427368164
6 <---> 3 : 3.4155845642089844
1 <---> 2 : 2.89154052734375
1 <---> 5 : 2.753019332885742
4 <---> 5 : 2.819538116455078
4 <---> 3 : 3.2074451446533203
3 <---> 4 : 3.2045841217041016
3 <---> 2 : 2.481698989868164
3 <---> 6 : 2.9647350311279297
2 <---> 6 : 2.460956573486328
2 <---> 5 : 2.8963088989257812
2 <---> 3 : 4.791259765625
2 <---> 1 : 3.183603286743164
==================================== link detector ====================================

----------------------------
src    dst :    delay
5 <---> 4 : 2.257108688354492
5 <---> 2 : 3.3359527587890625
5 <---> 1 : 3.1092166900634766
6 <---> 2 : 3.02886962890625
6 <---> 3 : 2.1986961364746094
1 <---> 2 : 2.914905548095703
1 <---> 5 : 2.6826858520507812
4 <---> 5 : 2.3162364959716797
4 <---> 3 : 4.242420196533203
3 <---> 4 : 4.389286041259766
3 <---> 2 : 2.7725696563720703
3 <---> 6 : 3.4019947052001953
2 <---> 6 : 3.435373306274414
2 <---> 5 : 3.2281875610351562
2 <---> 3 : 2.512216567993164
2 <---> 1 : 3.4711360931396484
discovery--->==================================== discovery ====================================
discovery---> cls: [(5, 4), (5, 2), (5, 1), (4, 3), (6, 2), (6, 3), (2, 1), (2, 3)]
discovery--->=============================================================================
==================================== link detector ====================================

----------------------------
src    dst :    delay
5 <---> 4 : 3.3826828002929688
5 <---> 2 : 2.9621124267578125
5 <---> 1 : 3.5400390625
6 <---> 2 : 2.154111862182617
6 <---> 3 : 3.283977508544922
1 <---> 2 : 3.3266544342041016
1 <---> 5 : 3.0879974365234375
4 <---> 5 : 2.951383590698242
4 <---> 3 : 3.3440589904785156
3 <---> 4 : 2.900838851928711
3 <---> 2 : 3.9212703704833984
3 <---> 6 : 3.7043094635009766
2 <---> 6 : 2.6793479919433594
2 <---> 5 : 2.803802490234375
2 <---> 3 : 3.0236244201660156
2 <---> 1 : 2.7647018432617188
discovery--->==================================== discovery ====================================
discovery---> cls: [(5, 4), (5, 2), (5, 1), (4, 3), (6, 2), (6, 3), (2, 1), (2, 3)]
discovery--->=============================================================================
==================================== link detector ====================================

----------------------------
src    dst :    delay
5 <---> 4 : 2.773284912109375
5 <---> 2 : 3.1952857971191406
5 <---> 1 : 2.584695816040039
6 <---> 2 : 2.6404857635498047
6 <---> 3 : 2.6998519897460938
1 <---> 2 : 4.497289657592773
1 <---> 5 : 3.386259078979492
4 <---> 5 : 3.0541419982910156
4 <---> 3 : 2.5620460510253906
3 <---> 4 : 2.901315689086914
3 <---> 2 : 3.2072067260742188
3 <---> 6 : 3.375530242919922
2 <---> 6 : 2.8100013732910156
2 <---> 5 : 2.7990341186523438
2 <---> 3 : 3.351926803588867
2 <---> 1 : 3.032684326171875
==================================== link detector ====================================

----------------------------
src    dst :    delay
5 <---> 4 : 4.0416717529296875
5 <---> 2 : 2.852916717529297
5 <---> 1 : 3.2546520233154297
6 <---> 2 : 4.187345504760742
6 <---> 3 : 4.486560821533203
1 <---> 2 : 2.740621566772461
1 <---> 5 : 2.2382736206054688
4 <---> 5 : 3.3273696899414062
4 <---> 3 : 4.437923431396484
3 <---> 4 : 2.335786819458008
3 <---> 2 : 2.7985572814941406
3 <---> 6 : 2.155780792236328
2 <---> 6 : 3.248453140258789
2 <---> 5 : 2.1245479583740234
2 <---> 3 : 3.267526626586914
2 <---> 1 : 2.722024917602539
discovery--->==================================== discovery ====================================
discovery---> cls: [(5, 4), (5, 2), (5, 1), (4, 3), (6, 2), (6, 3), (2, 1), (2, 3)]
discovery--->=============================================================================
==================================== link detector ====================================

----------------------------
src    dst :    delay
5 <---> 4 : 3.4155845642089844
5 <---> 2 : 2.5589466094970703
5 <---> 1 : 2.8612613677978516
6 <---> 2 : 3.7407875061035156
6 <---> 3 : 3.437519073486328
1 <---> 2 : 2.8793811798095703
1 <---> 5 : 3.0031204223632812
4 <---> 5 : 2.802610397338867
4 <---> 3 : 4.256486892700195
3 <---> 4 : 2.8171539306640625
3 <---> 2 : 3.9277076721191406
3 <---> 6 : 3.7474632263183594
2 <---> 6 : 3.2198429107666016
2 <---> 5 : 3.5772323608398438
2 <---> 3 : 4.438638687133789
2 <---> 1 : 3.1855106353759766
discovery--->==================================== discovery ====================================
discovery---> cls: [(5, 4), (5, 2), (5, 1), (4, 3), (6, 2), (6, 3), (2, 1), (2, 3)]
discovery--->=============================================================================
==================================== link detector ====================================

----------------------------
src    dst :    delay
5 <---> 4 : 3.8831233978271484
5 <---> 2 : 3.2579898834228516
5 <---> 1 : 3.1697750091552734
6 <---> 2 : 2.3055076599121094
6 <---> 3 : 2.201080322265625
1 <---> 2 : 4.19306755065918
1 <---> 5 : 2.0296573638916016
4 <---> 5 : 2.4442672729492188
4 <---> 3 : 2.9723644256591797
3 <---> 4 : 1.9440650939941406
3 <---> 2 : 2.3164749145507812
3 <---> 6 : 2.1522045135498047
2 <---> 6 : 2.1605491638183594
2 <---> 5 : 2.0389556884765625
2 <---> 3 : 2.926349639892578
2 <---> 1 : 1.9817352294921875
==================================== link detector ====================================

----------------------------
src    dst :    delay
5 <---> 4 : 3.860950469970703
5 <---> 2 : 2.50244140625
5 <---> 1 : 3.818988800048828
6 <---> 2 : 3.3359527587890625
6 <---> 3 : 2.9714107513427734
1 <---> 2 : 2.6869773864746094
1 <---> 5 : 4.105329513549805
4 <---> 5 : 3.8137435913085938
4 <---> 3 : 3.1638145446777344
3 <---> 4 : 3.092050552368164
3 <---> 2 : 3.407716751098633
3 <---> 6 : 3.755331039428711
2 <---> 6 : 3.5212039947509766
2 <---> 5 : 2.6950836181640625
2 <---> 3 : 3.8776397705078125
2 <---> 1 : 3.001689910888672
discovery--->==================================== discovery ====================================
discovery---> cls: [(5, 4), (5, 2), (5, 1), (4, 3), (6, 2), (6, 3), (2, 1), (2, 3)]
discovery--->=============================================================================
==================================== link detector ====================================

----------------------------
src    dst :    delay
5 <---> 4 : 3.8726329803466797
5 <---> 2 : 2.2242069244384766
5 <---> 1 : 3.2579898834228516
6 <---> 2 : 2.5327205657958984
6 <---> 3 : 4.324913024902344
1 <---> 2 : 2.649545669555664
1 <---> 5 : 2.2134780883789062
4 <---> 5 : 4.081964492797852
4 <---> 3 : 2.5396347045898438
3 <---> 4 : 2.611875534057617
3 <---> 2 : 2.269268035888672
3 <---> 6 : 2.435922622680664
2 <---> 6 : 3.570556640625
2 <---> 5 : 2.3589134216308594
2 <---> 3 : 4.348516464233398
2 <---> 1 : 3.949880599975586
discovery--->==================================== discovery ====================================
discovery---> cls: [(5, 4), (5, 2), (5, 1), (4, 3), (6, 2), (6, 3), (2, 1), (2, 3)]
discovery--->=============================================================================
==================================== link detector ====================================

----------------------------
src    dst :    delay
5 <---> 4 : 3.4911632537841797
5 <---> 2 : 4.134654998779297
5 <---> 1 : 2.798795700073242
6 <---> 2 : 2.7146339416503906
6 <---> 3 : 4.230499267578125
1 <---> 2 : 3.081083297729492
1 <---> 5 : 4.218101501464844
4 <---> 5 : 2.3186206817626953
4 <---> 3 : 2.6764869689941406
3 <---> 4 : 4.074335098266602
3 <---> 2 : 3.1218528747558594
3 <---> 6 : 2.7930736541748047
2 <---> 6 : 2.6912689208984375
2 <---> 5 : 4.176616668701172
2 <---> 3 : 4.280805587768555
2 <---> 1 : 4.342079162597656
==================================== link detector ====================================

----------------------------
src    dst :    delay
5 <---> 4 : 2.6407241821289062
5 <---> 2 : 3.545045852661133
5 <---> 1 : 3.226757049560547
6 <---> 2 : 2.7000904083251953
6 <---> 3 : 2.8672218322753906
1 <---> 2 : 2.6328563690185547
1 <---> 5 : 2.724885940551758
4 <---> 5 : 2.171754837036133
4 <---> 3 : 2.38037109375
3 <---> 4 : 4.049777984619141
3 <---> 2 : 2.829313278198242
3 <---> 6 : 3.9794445037841797
2 <---> 6 : 2.305746078491211
2 <---> 5 : 2.2716522216796875
2 <---> 3 : 2.175569534301758
2 <---> 1 : 2.3140907287597656
discovery--->==================================== discovery ====================================
discovery---> cls: [(5, 4), (5, 2), (5, 1), (4, 3), (6, 2), (6, 3), (2, 1), (2, 3)]
discovery--->=============================================================================
==================================== link detector ====================================

----------------------------
src    dst :    delay
5 <---> 4 : 3.3385753631591797
5 <---> 2 : 3.446817398071289
5 <---> 1 : 3.468751907348633
6 <---> 2 : 2.782106399536133
6 <---> 3 : 4.194498062133789
1 <---> 2 : 2.7980804443359375
1 <---> 5 : 3.3130645751953125
4 <---> 5 : 3.4720897674560547
4 <---> 3 : 4.493236541748047
3 <---> 4 : 3.097057342529297
3 <---> 2 : 4.264116287231445
3 <---> 6 : 2.122640609741211
2 <---> 6 : 2.5031566619873047
2 <---> 5 : 3.1824111938476562
2 <---> 3 : 3.4852027893066406
2 <---> 1 : 2.5131702423095703
discovery--->==================================== discovery ====================================
discovery---> cls: [(5, 4), (5, 2), (5, 1), (4, 3), (6, 2), (6, 3), (2, 1), (2, 3)]
discovery--->=============================================================================
==================================== link detector ====================================

----------------------------
src    dst :    delay
5 <---> 4 : 3.316164016723633
5 <---> 2 : 3.016948699951172
5 <---> 1 : 4.327297210693359
6 <---> 2 : 2.1495819091796875
6 <---> 3 : 2.146005630493164
1 <---> 2 : 3.2176971435546875
1 <---> 5 : 3.0503273010253906
4 <---> 5 : 3.5507678985595703
4 <---> 3 : 3.2193660736083984
3 <---> 4 : 2.6865005493164062
3 <---> 2 : 2.7790069580078125
3 <---> 6 : 3.8759708404541016
2 <---> 6 : 3.585338592529297
2 <---> 5 : 3.3338069915771484
2 <---> 3 : 3.664255142211914
2 <---> 1 : 3.2460689544677734
---> OFPPortStatus received: reason=MODIFY desc=OFPPort(port_no=2,hw_addr='fa:3f:08:df:97:4b',name=b'ap2-eth2',config=0,state=0,curr=2112,advertised=0,supported=0,peer=0,curr_speed=10000000,max_speed=0)
---> OFPPortStatus received: reason=MODIFY desc=OFPPort(port_no=2,hw_addr='a2:90:e0:f5:79:c6',name=b'ap1-eth2',config=0,state=0,curr=2112,advertised=0,supported=0,peer=0,curr_speed=10000000,max_speed=0)
---> OFPPortStatus received: reason=DELETE desc=OFPPort(port_no=2,hw_addr='a2:90:e0:f5:79:c6',name=b'ap1-eth2',config=0,state=0,curr=2112,advertised=0,supported=0,peer=0,curr_speed=10000000,max_speed=0)
---> OFPPortStatus received: reason=MODIFY desc=OFPPort(port_no=2,hw_addr='00:00:00:00:00:00',name=b'ap2-eth2',config=1,state=1,curr=0,advertised=0,supported=0,peer=0,curr_speed=0,max_speed=0)
---> OFPPortStatus received: reason=DELETE desc=OFPPort(port_no=2,hw_addr='00:00:00:00:00:00',name=b'ap2-eth2',config=1,state=1,curr=0,advertised=0,supported=0,peer=0,curr_speed=0,max_speed=0)
==================================== link detector ====================================

----------------------------
src    dst :    delay
5 <---> 4 : 4.29987907409668
5 <---> 2 : 3.0012130737304688
5 <---> 1 : 4.131078720092773
6 <---> 2 : 2.9337406158447266
6 <---> 3 : 3.597259521484375
1 <---> 2 : 2.7379989624023438
1 <---> 5 : 4.025936126708984
4 <---> 5 : 2.823352813720703
4 <---> 3 : 4.059791564941406
3 <---> 4 : 2.9191970825195312
3 <---> 2 : 3.5033226013183594
3 <---> 6 : 4.060506820678711
2 <---> 6 : 2.4847984313964844
2 <---> 5 : 2.857685089111328
2 <---> 3 : 3.592967987060547
2 <---> 1 : 3.421783447265625
---> OFPPortStatus received: reason=DELETE desc=OFPPort(port_no=3,hw_addr='46:1b:50:18:00:02',name=b'ap1-eth3',config=0,state=4,curr=2112,advertised=0,supported=0,peer=0,curr_speed=10000000,max_speed=0)
---> OFPPortStatus received: reason=DELETE desc=OFPPort(port_no=2,hw_addr='7a:9b:4b:cc:33:f8',name=b'ap5-eth2',config=0,state=4,curr=2112,advertised=0,supported=0,peer=0,curr_speed=10000000,max_speed=0)
---> OFPPortStatus received: reason=MODIFY desc=OFPPort(port_no=2,hw_addr='1a:92:be:48:92:00',name=b'ap3-eth2',config=0,state=0,curr=2112,advertised=0,supported=0,peer=0,curr_speed=10000000,max_speed=0)
---> OFPPortStatus received: reason=MODIFY desc=OFPPort(port_no=2,hw_addr='00:00:00:00:00:00',name=b'ap3-eth2',config=1,state=1,curr=0,advertised=0,supported=0,peer=0,curr_speed=0,max_speed=0)
---> OFPPortStatus received: reason=MODIFY desc=OFPPort(port_no=3,hw_addr='0e:97:d4:5d:6c:80',name=b'ap2-eth3',config=0,state=0,curr=2112,advertised=0,supported=0,peer=0,curr_speed=10000000,max_speed=0)
---> OFPPortStatus received: reason=DELETE desc=OFPPort(port_no=3,hw_addr='0e:97:d4:5d:6c:80',name=b'ap2-eth3',config=0,state=0,curr=2112,advertised=0,supported=0,peer=0,curr_speed=10000000,max_speed=0)
---> OFPPortStatus received: reason=DELETE desc=OFPPort(port_no=2,hw_addr='00:00:00:00:00:00',name=b'ap3-eth2',config=1,state=1,curr=0,advertised=0,supported=0,peer=0,curr_speed=0,max_speed=0)
---> OFPPortStatus received: reason=DELETE desc=OFPPort(port_no=3,hw_addr='76:9f:ae:2d:7a:88',name=b'ap5-eth3',config=0,state=4,curr=2112,advertised=0,supported=0,peer=0,curr_speed=10000000,max_speed=0)
---> OFPPortStatus received: reason=DELETE desc=OFPPort(port_no=4,hw_addr='d2:9a:88:da:cb:14',name=b'ap2-eth4',config=0,state=4,curr=2112,advertised=0,supported=0,peer=0,curr_speed=10000000,max_speed=0)
---> OFPPortStatus received: reason=DELETE desc=OFPPort(port_no=2,hw_addr='d6:48:f5:16:f8:5a',name=b'ap6-eth2',config=0,state=4,curr=2112,advertised=0,supported=0,peer=0,curr_speed=10000000,max_speed=0)
---> OFPPortStatus received: reason=DELETE desc=OFPPort(port_no=5,hw_addr='fe:93:a3:61:bc:de',name=b'ap2-eth5',config=0,state=4,curr=2112,advertised=0,supported=0,peer=0,curr_speed=10000000,max_speed=0)
---> OFPPortStatus received: reason=DELETE desc=OFPPort(port_no=2,hw_addr='1e:d4:b1:a9:b1:20',name=b'ap4-eth2',config=0,state=4,curr=2112,advertised=0,supported=0,peer=0,curr_speed=10000000,max_speed=0)
---> OFPPortStatus received: reason=DELETE desc=OFPPort(port_no=3,hw_addr='66:3f:cc:d5:e6:b5',name=b'ap3-eth3',config=0,state=4,curr=2112,advertised=0,supported=0,peer=0,curr_speed=10000000,max_speed=0)
discovery--->==================================== discovery ====================================
discovery---> cls: [(5, 4), (6, 3)]
discovery--->=============================================================================
---> OFPPortStatus received: reason=DELETE desc=OFPPort(port_no=3,hw_addr='4a:64:79:11:f4:06',name=b'ap4-eth3',config=0,state=4,curr=2112,advertised=0,supported=0,peer=0,curr_speed=10000000,max_speed=0)
---> OFPPortStatus received: reason=DELETE desc=OFPPort(port_no=3,hw_addr='a6:ca:1d:a3:9d:a3',name=b'ap6-eth3',config=0,state=4,curr=2112,advertised=0,supported=0,peer=0,curr_speed=10000000,max_speed=0)
---> OFPPortStatus received: reason=DELETE desc=OFPPort(port_no=4,hw_addr='22:ee:e7:3b:d9:fa',name=b'ap5-eth4',config=0,state=4,curr=2112,advertised=0,supported=0,peer=0,curr_speed=10000000,max_speed=0)
---> OFPPortStatus received: reason=DELETE desc=OFPPort(port_no=4,hw_addr='7a:72:71:4d:1e:ee',name=b'ap3-eth4',config=0,state=4,curr=2112,advertised=0,supported=0,peer=0,curr_speed=10000000,max_speed=0)
==================================== link detector ====================================

----------------------------
src    dst :    delay
5 <---> 4 : 2.2020339965820312
5 <---> 2 : 3.0012130737304688
5 <---> 1 : 4.131078720092773
6 <---> 2 : 2.9337406158447266
6 <---> 3 : 2.832651138305664
1 <---> 2 : 2.7379989624023438
1 <---> 5 : 4.261493682861328
4 <---> 5 : 12.065887451171875
4 <---> 3 : 4.158258438110352
3 <---> 4 : 2.5010108947753906
3 <---> 2 : 3.5033226013183594
3 <---> 6 : 3.56292724609375
2 <---> 6 : 4.289150238037109
2 <---> 5 : 2.7866363525390625
2 <---> 3 : 3.592967987060547
2 <---> 1 : 3.421783447265625
discovery--->==================================== discovery ====================================
discovery---> cls: []
discovery--->=============================================================================
==================================== link detector ====================================

----------------------------
src    dst :    delay
5 <---> 4 : 2.2020339965820312
5 <---> 2 : 3.0012130737304688
5 <---> 1 : 4.131078720092773
6 <---> 2 : 2.9337406158447266
6 <---> 3 : 2.832651138305664
1 <---> 2 : 2.7379989624023438
1 <---> 5 : 4.261493682861328
4 <---> 5 : 12.065887451171875
4 <---> 3 : 4.158258438110352
3 <---> 4 : 2.5010108947753906
3 <---> 2 : 3.5033226013183594
3 <---> 6 : 3.56292724609375
2 <---> 6 : 4.289150238037109
2 <---> 5 : 2.7866363525390625
2 <---> 3 : 3.592967987060547
2 <---> 1 : 3.421783447265625
==================================== link detector ====================================

----------------------------
src    dst :    delay
5 <---> 4 : 2.2020339965820312
5 <---> 2 : 3.0012130737304688
5 <---> 1 : 4.131078720092773
6 <---> 2 : 2.9337406158447266
6 <---> 3 : 2.832651138305664
1 <---> 2 : 2.7379989624023438
1 <---> 5 : 4.261493682861328
4 <---> 5 : 12.065887451171875
4 <---> 3 : 4.158258438110352
3 <---> 4 : 2.5010108947753906
3 <---> 2 : 3.5033226013183594
3 <---> 6 : 3.56292724609375
2 <---> 6 : 4.289150238037109
2 <---> 5 : 2.7866363525390625
2 <---> 3 : 3.592967987060547
2 <---> 1 : 3.421783447265625
discovery--->==================================== discovery ====================================
discovery---> cls: []
discovery--->=============================================================================
