loading app network_structure.py
loading app network_monitor.py
loading app network_delay.py
loading app network_shortest_path.py
loading app arp_handler.py
loading app ryu.controller.ofp_handler
instantiating app None of Switches
creating context switches
instantiating app network_structure.py of NetworkStructure
instantiating app network_monitor.py of NetworkMonitor
instantiating app network_delay.py of NetworkDelay
instantiating app network_shortest_path.py of NetworkShortestPath
instantiating app arp_handler.py of ArpHandler
instantiating app ryu.controller.ofp_handler of OFPHandler
discovery---> switch: 4 connected
discovery---> switch: 1 connected
discovery---> switch: 3 connected
discovery---> switch: 5 connected
discovery---> switch: 2 connected
monitor---->register datapath: 0000000000000003
monitor---->register datapath: 0000000000000004
monitor---->register datapath: 0000000000000001
monitor---->register datapath: 0000000000000005
monitor---->register datapath: 0000000000000002
discovery--->==================================== discovery ====================================
discovery---> cls: [(1, 4), (1, 2), (1, 3), (4, 5), (5, 3), (5, 2)]
discovery--->==============================
discovery--->==================================== discovery ====================================
discovery---> cls: [(1, 4), (1, 2), (1, 3), (4, 5), (5, 3), (5, 2)]
discovery--->==============================
discovery--->==================================== discovery ====================================
discovery---> cls: [(1, 4), (1, 2), (1, 3), (4, 5), (5, 3), (5, 2)]
discovery--->==============================
discovery--->==================================== discovery ====================================
discovery---> cls: [(1, 4), (1, 2), (1, 3), (4, 5), (5, 3), (5, 2)]
discovery--->==============================
discovery--->==================================== discovery ====================================
discovery---> cls: [(1, 4), (1, 2), (1, 3), (4, 5), (5, 3), (5, 2)]
discovery--->==============================
discovery--->==================================== discovery ====================================
discovery---> cls: [(1, 4), (1, 2), (1, 3), (4, 5), (5, 3), (5, 2)]
discovery--->==============================
discovery--->==================================== discovery ====================================
discovery---> cls: [(1, 4), (1, 2), (1, 3), (4, 5), (5, 3), (5, 2)]
discovery--->==============================
discovery--->==================================== discovery ====================================
discovery---> cls: [(1, 4), (1, 2), (1, 3), (4, 5), (5, 3), (5, 2)]
discovery--->==============================
discovery--->==================================== discovery ====================================
discovery---> cls: [(1, 4), (1, 2), (1, 3), (4, 5), (5, 3), (5, 2)]
discovery--->==============================
discovery--->==================================== discovery ====================================
discovery---> cls: [(1, 4), (1, 2), (1, 3), (4, 5), (5, 3), (5, 2)]
discovery--->==============================
discovery--->==================================== discovery ====================================
discovery---> cls: [(1, 4), (1, 2), (1, 3), (4, 5), (5, 3), (5, 2)]
discovery--->==============================
discovery--->==================================== discovery ====================================
discovery---> cls: [(1, 4), (1, 2), (1, 3), (4, 5), (5, 3), (5, 2)]
discovery--->==============================
discovery--->==================================== discovery ====================================
discovery---> cls: [(1, 4), (1, 2), (1, 3), (4, 5), (5, 3), (5, 2)]
discovery--->==============================
discovery--->==================================== discovery ====================================
discovery---> cls: [(1, 4), (1, 2), (1, 3), (4, 5), (5, 3), (5, 2)]
discovery--->==============================
discovery--->==================================== discovery ====================================
discovery---> cls: [(1, 4), (1, 2), (1, 3), (4, 5), (5, 3), (5, 2)]
discovery--->==============================
discovery--->==================================== discovery ====================================
discovery---> cls: [(1, 4), (1, 2), (1, 3), (4, 5), (5, 3), (5, 2)]
discovery--->==============================
discovery--->==================================== discovery ====================================
discovery---> cls: [(1, 4), (1, 2), (1, 3), (4, 5), (5, 3), (5, 2)]
discovery--->==============================
discovery--->==================================== discovery ====================================
discovery---> cls: [(1, 4), (1, 2), (1, 3), (4, 5), (5, 3), (5, 2)]
discovery--->==============================
discovery--->==================================== discovery ====================================
discovery---> cls: [(1, 4), (1, 2), (1, 3), (4, 5), (5, 3), (5, 2)]
discovery--->==============================
discovery--->==================================== discovery ====================================
discovery---> cls: [(1, 4), (1, 2), (1, 3), (4, 5), (5, 3), (5, 2)]
discovery--->==============================
discovery--->==================================== discovery ====================================
discovery---> cls: [(1, 4), (1, 2), (1, 3), (4, 5), (5, 3), (5, 2)]
discovery--->==============================
discovery--->==================================== discovery ====================================
discovery---> cls: [(1, 4), (1, 2), (1, 3), (4, 5), (5, 3), (5, 2)]
discovery--->==============================
discovery--->==================================== discovery ====================================
discovery---> cls: [(1, 4), (1, 2), (1, 3), (4, 5), (5, 3), (5, 2)]
discovery--->==============================
discovery--->==================================== discovery ====================================
discovery---> cls: [(1, 4), (1, 2), (1, 3), (4, 5), (5, 3), (5, 2)]
discovery--->==============================
discovery--->==================================== discovery ====================================
discovery---> cls: [(1, 4), (1, 2), (1, 3), (4, 5), (5, 3), (5, 2)]
discovery--->==============================
discovery--->==================================== discovery ====================================
discovery---> cls: [(1, 4), (1, 2), (1, 3), (4, 5), (5, 3), (5, 2)]
discovery--->==============================
discovery--->==================================== discovery ====================================
discovery---> cls: [(1, 4), (1, 2), (1, 3), (4, 5), (5, 3), (5, 2)]
discovery--->==============================
discovery--->==================================== discovery ====================================
discovery---> cls: [(1, 4), (1, 2), (1, 3), (4, 5), (5, 3), (5, 2)]
discovery--->==============================
discovery--->==================================== discovery ====================================
discovery---> cls: [(1, 4), (1, 2), (1, 3), (4, 5), (5, 3), (5, 2)]
discovery--->==============================
discovery--->==================================== discovery ====================================
discovery---> cls: [(1, 4), (1, 2), (1, 3), (4, 5), (5, 3), (5, 2)]
discovery--->==============================
discovery--->==================================== discovery ====================================
discovery---> cls: [(1, 4), (1, 2), (1, 3), (4, 5), (5, 3), (5, 2)]
discovery--->==============================
discovery--->==================================== discovery ====================================
discovery---> cls: [(1, 4), (1, 2), (1, 3), (4, 5), (5, 3), (5, 2)]
discovery--->==============================
discovery--->==================================== discovery ====================================
discovery---> cls: [(1, 4), (1, 2), (1, 3), (4, 5), (5, 3), (5, 2)]
discovery--->==============================
discovery--->==================================== discovery ====================================
discovery---> cls: [(1, 4), (1, 2), (1, 3), (4, 5), (5, 3), (5, 2)]
discovery--->==============================
discovery--->==================================== discovery ====================================
discovery---> cls: [(1, 4), (1, 2), (1, 3), (4, 5), (5, 3), (5, 2)]
discovery--->==============================
discovery--->==================================== discovery ====================================
discovery---> cls: [(1, 4), (1, 2), (1, 3), (4, 5), (5, 3), (5, 2)]
discovery--->==============================
discovery--->==================================== discovery ====================================
discovery---> cls: [(1, 4), (1, 2), (1, 3), (4, 5), (5, 3), (5, 2)]
discovery--->==============================
discovery--->==================================== discovery ====================================
discovery---> cls: [(1, 4), (1, 2), (1, 3), (4, 5), (5, 3), (5, 2)]
discovery--->==============================
discovery--->==================================== discovery ====================================
discovery---> cls: [(1, 4), (1, 2), (1, 3), (4, 5), (5, 3), (5, 2)]
discovery--->==============================
discovery--->==================================== discovery ====================================
discovery---> cls: [(1, 4), (1, 2), (1, 3), (4, 5), (5, 3), (5, 2)]
discovery--->==============================
discovery--->==================================== discovery ====================================
discovery---> cls: [(1, 4), (1, 2), (1, 3), (4, 5), (5, 3), (5, 2)]
discovery--->==============================
shortest=====>[PATH] [10.0.0.4 <----> 10.0.0.1]: [5, 4, 1]
shortest=====>[PATH] [10.0.0.4 <----> 10.0.0.3]: [5, 4, 1]
shortest=====>[PATH] [10.0.0.4 <----> 10.0.0.2]: [5, 4, 1]
shortest=====>[PATH] [10.0.0.1 <----> 10.0.0.3]: [1]
shortest=====>[PATH] [10.0.0.1 <----> 10.0.0.2]: [1]
shortest=====>[PATH] [10.0.0.3 <----> 10.0.0.2]: [1]
discovery--->==================================== discovery ====================================
discovery---> cls: [(1, 4), (1, 2), (1, 3), (4, 5), (5, 3), (5, 2)]
discovery--->==============================
discovery--->==================================== discovery ====================================
discovery---> cls: [(1, 4), (1, 2), (1, 3), (4, 5), (5, 3), (5, 2)]
discovery--->==============================
discovery--->==================================== discovery ====================================
discovery---> cls: [(1, 4), (1, 2), (1, 3), (4, 5), (5, 3), (5, 2)]
discovery--->==============================
---> OFPPortStatus received: reason=MODIFY desc=OFPPort(port_no=1,hw_addr='22:9b:ab:d7:16:58',name=b's5-eth1',config=0,state=0,curr=2112,advertised=0,supported=0,peer=0,curr_speed=10000000,max_speed=0)
---> OFPPortStatus received: reason=DELETE desc=OFPPort(port_no=1,hw_addr='22:9b:ab:d7:16:58',name=b's5-eth1',config=0,state=0,curr=2112,advertised=0,supported=0,peer=0,curr_speed=10000000,max_speed=0)
---> OFPPortStatus received: reason=DELETE desc=OFPPort(port_no=2,hw_addr='9e:71:1d:8c:96:2f',name=b's5-eth2',config=0,state=4,curr=2112,advertised=0,supported=0,peer=0,curr_speed=10000000,max_speed=0)
---> OFPPortStatus received: reason=DELETE desc=OFPPort(port_no=1,hw_addr='52:6c:27:d3:68:e4',name=b's2-eth1',config=0,state=4,curr=2112,advertised=0,supported=0,peer=0,curr_speed=10000000,max_speed=0)
---> OFPPortStatus received: reason=MODIFY desc=OFPPort(port_no=1,hw_addr='72:67:71:cf:83:90',name=b's3-eth1',config=0,state=0,curr=2112,advertised=0,supported=0,peer=0,curr_speed=10000000,max_speed=0)
---> OFPPortStatus received: reason=DELETE desc=OFPPort(port_no=1,hw_addr='72:67:71:cf:83:90',name=b's3-eth1',config=0,state=0,curr=2112,advertised=0,supported=0,peer=0,curr_speed=10000000,max_speed=0)
---> OFPPortStatus received: reason=MODIFY desc=OFPPort(port_no=3,hw_addr='1a:d4:77:86:ef:c7',name=b's5-eth3',config=0,state=0,curr=2112,advertised=0,supported=0,peer=0,curr_speed=10000000,max_speed=0)
---> OFPPortStatus received: reason=DELETE desc=OFPPort(port_no=3,hw_addr='1a:d4:77:86:ef:c7',name=b's5-eth3',config=0,state=0,curr=2112,advertised=0,supported=0,peer=0,curr_speed=10000000,max_speed=0)
---> OFPPortStatus received: reason=DELETE desc=OFPPort(port_no=1,hw_addr='ea:a9:60:52:23:2b',name=b's1-eth1',config=0,state=4,curr=2112,advertised=0,supported=0,peer=0,curr_speed=10000000,max_speed=0)
---> OFPPortStatus received: reason=DELETE desc=OFPPort(port_no=2,hw_addr='fe:90:7c:6d:78:9d',name=b's2-eth2',config=0,state=4,curr=2112,advertised=0,supported=0,peer=0,curr_speed=10000000,max_speed=0)
---> OFPPortStatus received: reason=DELETE desc=OFPPort(port_no=2,hw_addr='0e:bf:eb:97:0b:40',name=b's3-eth2',config=0,state=4,curr=2112,advertised=0,supported=0,peer=0,curr_speed=10000000,max_speed=0)
---> OFPPortStatus received: reason=DELETE desc=OFPPort(port_no=2,hw_addr='5a:91:9b:75:79:eb',name=b's1-eth2',config=0,state=4,curr=2112,advertised=0,supported=0,peer=0,curr_speed=10000000,max_speed=0)
---> OFPPortStatus received: reason=DELETE desc=OFPPort(port_no=1,hw_addr='a2:79:45:b0:15:4c',name=b's4-eth1',config=0,state=4,curr=2112,advertised=0,supported=0,peer=0,curr_speed=10000000,max_speed=0)
---> OFPPortStatus received: reason=DELETE desc=OFPPort(port_no=3,hw_addr='72:b8:66:7f:c2:1d',name=b's1-eth3',config=0,state=4,curr=2112,advertised=0,supported=0,peer=0,curr_speed=10000000,max_speed=0)
---> OFPPortStatus received: reason=MODIFY desc=OFPPort(port_no=4,hw_addr='6a:37:01:4e:4f:ca',name=b's5-eth4',config=0,state=0,curr=2112,advertised=0,supported=0,peer=0,curr_speed=10000000,max_speed=0)
---> OFPPortStatus received: reason=DELETE desc=OFPPort(port_no=4,hw_addr='6a:37:01:4e:4f:ca',name=b's5-eth4',config=0,state=0,curr=2112,advertised=0,supported=0,peer=0,curr_speed=10000000,max_speed=0)
---> OFPPortStatus received: reason=MODIFY desc=OFPPort(port_no=2,hw_addr='c6:80:d2:74:2f:2e',name=b's4-eth2',config=0,state=0,curr=2112,advertised=0,supported=0,peer=0,curr_speed=10000000,max_speed=0)
---> OFPPortStatus received: reason=DELETE desc=OFPPort(port_no=2,hw_addr='c6:80:d2:74:2f:2e',name=b's4-eth2',config=0,state=0,curr=2112,advertised=0,supported=0,peer=0,curr_speed=10000000,max_speed=0)
---> OFPPortStatus received: reason=DELETE desc=OFPPort(port_no=4,hw_addr='da:bf:22:a8:86:b5',name=b's1-eth4',config=0,state=4,curr=2112,advertised=0,supported=0,peer=0,curr_speed=10000000,max_speed=0)
---> OFPPortStatus received: reason=DELETE desc=OFPPort(port_no=5,hw_addr='72:40:f3:7e:e3:cb',name=b's1-eth5',config=0,state=4,curr=2112,advertised=0,supported=0,peer=0,curr_speed=10000000,max_speed=0)
---> OFPPortStatus received: reason=DELETE desc=OFPPort(port_no=6,hw_addr='9e:10:5b:a6:92:a2',name=b's1-eth6',config=0,state=4,curr=2112,advertised=0,supported=0,peer=0,curr_speed=10000000,max_speed=0)
monitor---> unreigster datapath: 0000000000000004
hub: uncaught exception: Traceback (most recent call last):
  File "/usr/local/lib/python3.6/dist-packages/ryu/lib/hub.py", line 60, in _launch
    return func(*args, **kwargs)
  File "/home/terry/LJQ/LJQ_CORE_CODE/LJQ_Project/Task/ryu/network_shortest_path.py", line 68, in super_schedule
    self.network_monitor.scheduler()
  File "/home/terry/LJQ/LJQ_CORE_CODE/LJQ_Project/Task/ryu/network_monitor.py", line 63, in scheduler
    self._request_stats()
  File "/home/terry/LJQ/LJQ_CORE_CODE/LJQ_Project/Task/ryu/network_monitor.py", line 91, in _request_stats
    for datapath in self.datapaths_table.values():
RuntimeError: dictionary changed size during iteration

monitor---> unreigster datapath: 0000000000000001
monitor---> unreigster datapath: 0000000000000003
monitor---> unreigster datapath: 0000000000000005
monitor---> unreigster datapath: 0000000000000002
