loading app network_structure.py
Matplotlib created a temporary config/cache directory at /tmp/matplotlib-1207y5oi because the default path (/home/terry/.config/matplotlib) is not a writable directory; it is highly recommended to set the MPLCONFIGDIR environment variable to a writable directory, in particular to speed up the import of Matplotlib and to better support multiprocessing.
Generating new fontManager, this may take some time...
Failed to extract font properties from /usr/share/fonts/truetype/noto/NotoColorEmoji.ttf: In FT2Font: Can not load face.  Unknown file format.
loading app network_monitor.py
loading app network_delay.py
loading app network_shortest_path.py
loading app arp_handler.py
loading app ryu.controller.ofp_handler
instantiating app None of Switches
creating context switches
instantiating app network_structure.py of NetworkStructure
instantiating app network_monitor.py of NetworkMonitor
instantiating app network_delay.py of NetworkDelay
instantiating app network_shortest_path.py of NetworkShortestPath
instantiating app arp_handler.py of ArpHandler
instantiating app ryu.controller.ofp_handler of OFPHandler
discovery---> AccessPoint: 1152921504606846977 connected
discovery---> AccessPoint: 1152921504606846978 connected
discovery---> AccessPoint: 1152921504606846979 connected
monitor---->register datapath: 1000000000000003
monitor---->register datapath: 1000000000000001
monitor---->register datapath: 1000000000000002
==================================== link detector ====================================

----------------------------
src    dst :    delay
1152921504606846977 <---> 1152921504606846979 : 2.7081966400146484
1152921504606846977 <---> 1152921504606846978 : 2.470731735229492
1152921504606846979 <---> 1152921504606846978 : 2.525806427001953
1152921504606846979 <---> 1152921504606846977 : 2.630472183227539
1152921504606846978 <---> 1152921504606846979 : 2.655506134033203
1152921504606846978 <---> 1152921504606846977 : 2.642393112182617
discovery--->==================================== discovery ====================================
discovery---> cls: [(1152921504606846977, 1152921504606846979), (1152921504606846977, 1152921504606846978), (1152921504606846979, 1152921504606846978)]
discovery--->==============================
datapath         port     rx-pkts  rx-bytes rx-error tx-pkts  tx-bytes tx-error
---------------- -------- -------- -------- -------- -------- -------- --------
1000000000000003        1        0        0        0 61254343 6032327812        0
1000000000000003        2 176956691 14617663129        0 236098345 22372890302        0
1000000000000003        3 236098340 22372889888        0 176956696 14617663600        0
datapath         in-port  eth-dst           out-port packets  bytes
---------------- -------- ----------------- -------- -------- --------
datapath         port     rx-pkts  rx-bytes rx-error tx-pkts  tx-bytes tx-error
---------------- -------- -------- -------- -------- -------- -------- --------
1000000000000002        1        0        0        0 60858174 6025199215        0
1000000000000002        2 236098344 22372890242        0 176956694 14617663403        0
1000000000000002        3 176956696 14617663600        0 236098340 22372889888        0
datapath         in-port  eth-dst           out-port packets  bytes
---------------- -------- ----------------- -------- -------- --------
datapath         port     rx-pkts  rx-bytes rx-error tx-pkts  tx-bytes tx-error
---------------- -------- -------- -------- -------- -------- -------- --------
1000000000000001        1        0        0        0 60942679 6026720899        0
1000000000000001        2 176956694 14617663403        0 236098344 22372890242        0
1000000000000001        3 236098345 22372890302        0 176956691 14617663129        0
datapath         in-port  eth-dst           out-port packets  bytes
---------------- -------- ----------------- -------- -------- --------
==================================== link detector ====================================

----------------------------
src    dst :    delay
1152921504606846977 <---> 1152921504606846979 : 2.5877952575683594
1152921504606846977 <---> 1152921504606846978 : 2.472400665283203
1152921504606846979 <---> 1152921504606846978 : 2.682924270629883
1152921504606846979 <---> 1152921504606846977 : 2.281665802001953
1152921504606846978 <---> 1152921504606846979 : 2.370119094848633
1152921504606846978 <---> 1152921504606846977 : 1.9640922546386719
==================================== link detector ====================================

----------------------------
src    dst :    delay
1152921504606846977 <---> 1152921504606846979 : 1.7905235290527344
1152921504606846977 <---> 1152921504606846978 : 2.5997161865234375
1152921504606846979 <---> 1152921504606846978 : 2.648591995239258
1152921504606846979 <---> 1152921504606846977 : 2.9473304748535156
1152921504606846978 <---> 1152921504606846979 : 2.0804405212402344
1152921504606846978 <---> 1152921504606846977 : 2.686023712158203
discovery--->==================================== discovery ====================================
discovery---> cls: [(1152921504606846977, 1152921504606846979), (1152921504606846977, 1152921504606846978), (1152921504606846979, 1152921504606846978)]
discovery--->==============================
hub: uncaught exception: Traceback (most recent call last):
  File "/usr/local/lib/python3.6/dist-packages/ryu/lib/hub.py", line 60, in _launch
    return func(*args, **kwargs)
  File "/home/terry/LJQ/Task/ryu/network_monitor.py", line 59, in scheduler
    self.create_bandwidth_graph()
  File "/home/terry/LJQ/Task/ryu/network_monitor.py", line 316, in create_bandwidth_graph
    capacity = self.network_structure.m_graph[src_dpid][dst_dpid]['bw']
  File "/home/terry/.local/lib/python3.6/site-packages/networkx/classes/cls.py", line 465, in __getitem__
    return self.adj[n]
  File "/home/terry/.local/lib/python3.6/site-packages/networkx/classes/coreviews.py", line 79, in __getitem__
    return AtlasView(self._atlas[name])
KeyError: 1152921504606846977

datapath         port     rx-pkts  rx-bytes rx-error tx-pkts  tx-bytes tx-error
---------------- -------- -------- -------- -------- -------- -------- --------
1000000000000003        1        0        0        0 61254349 6032328280        0
1000000000000003        2 176956696 14617663429        0 236098351 22372890662        0
1000000000000003        3 236098346 22372890248        0 176956702 14617663960        0
datapath         in-port  eth-dst           out-port packets  bytes
---------------- -------- ----------------- -------- -------- --------
datapath         port     rx-pkts  rx-bytes rx-error tx-pkts  tx-bytes tx-error
---------------- -------- -------- -------- -------- -------- -------- --------
1000000000000002        1        0        0        0 60858180 6025199683        0
1000000000000002        2 236098349 22372890542        0 176956700 14617663763        0
1000000000000002        3 176956702 14617663960        0 236098346 22372890248        0
datapath         in-port  eth-dst           out-port packets  bytes
---------------- -------- ----------------- -------- -------- --------
datapath         port     rx-pkts  rx-bytes rx-error tx-pkts  tx-bytes tx-error
---------------- -------- -------- -------- -------- -------- -------- --------
1000000000000001        1        0        0        0 60942684 6026721289        0
1000000000000001        2 176956700 14617663763        0 236098349 22372890542        0
1000000000000001        3 236098351 22372890662        0 176956696 14617663429        0
datapath         in-port  eth-dst           out-port packets  bytes
---------------- -------- ----------------- -------- -------- --------
==================================== link detector ====================================

----------------------------
src    dst :    delay
1152921504606846977 <---> 1152921504606846979 : 2.9811859130859375
1152921504606846977 <---> 1152921504606846978 : 1.7383098602294922
1152921504606846979 <---> 1152921504606846978 : 2.6314258575439453
1152921504606846979 <---> 1152921504606846977 : 1.6167163848876953
1152921504606846978 <---> 1152921504606846979 : 2.8829574584960938
1152921504606846978 <---> 1152921504606846977 : 2.9802322387695312
discovery--->==================================== discovery ====================================
discovery---> cls: [(1152921504606846977, 1152921504606846979), (1152921504606846977, 1152921504606846978), (1152921504606846979, 1152921504606846978)]
discovery--->==============================
==================================== link detector ====================================

----------------------------
src    dst :    delay
1152921504606846977 <---> 1152921504606846979 : 2.8531551361083984
1152921504606846977 <---> 1152921504606846978 : 2.8467178344726562
1152921504606846979 <---> 1152921504606846978 : 2.419710159301758
1152921504606846979 <---> 1152921504606846977 : 2.964019775390625
1152921504606846978 <---> 1152921504606846979 : 2.942800521850586
1152921504606846978 <---> 1152921504606846977 : 1.7843246459960938
==================================== link detector ====================================

----------------------------
src    dst :    delay
1152921504606846977 <---> 1152921504606846979 : 2.914905548095703
1152921504606846977 <---> 1152921504606846978 : 2.822399139404297
1152921504606846979 <---> 1152921504606846978 : 2.140045166015625
1152921504606846979 <---> 1152921504606846977 : 2.862215042114258
1152921504606846978 <---> 1152921504606846979 : 2.044200897216797
1152921504606846978 <---> 1152921504606846977 : 1.585245132446289
discovery--->==================================== discovery ====================================
discovery---> cls: [(1152921504606846977, 1152921504606846979), (1152921504606846977, 1152921504606846978), (1152921504606846979, 1152921504606846978)]
discovery--->==============================
==================================== link detector ====================================

----------------------------
src    dst :    delay
1152921504606846977 <---> 1152921504606846979 : 1.4374256134033203
1152921504606846977 <---> 1152921504606846978 : 2.879619598388672
1152921504606846979 <---> 1152921504606846978 : 2.3140907287597656
1152921504606846979 <---> 1152921504606846977 : 2.1867752075195312
1152921504606846978 <---> 1152921504606846979 : 3.3445358276367188
1152921504606846978 <---> 1152921504606846977 : 2.2516250610351562
discovery--->==================================== discovery ====================================
discovery---> cls: [(1152921504606846977, 1152921504606846979), (1152921504606846977, 1152921504606846978), (1152921504606846979, 1152921504606846978)]
discovery--->==============================
==================================== link detector ====================================

----------------------------
src    dst :    delay
1152921504606846977 <---> 1152921504606846979 : 2.8982162475585938
1152921504606846977 <---> 1152921504606846978 : 2.4869441986083984
1152921504606846979 <---> 1152921504606846978 : 2.6466846466064453
1152921504606846979 <---> 1152921504606846977 : 2.0821094512939453
1152921504606846978 <---> 1152921504606846979 : 2.031087875366211
1152921504606846978 <---> 1152921504606846977 : 3.009319305419922
