loading app network_structure.py
loading app network_monitor.py
loading app network_delay.py
loading app network_shortest_path.py
loading app arp_handler.py
loading app ryu.controller.ofp_handler
instantiating app None of Switches
creating context switches
instantiating app network_structure.py of NetworkStructure
instantiating app network_monitor.py of NetworkMonitor
instantiating app network_delay.py of NetworkDelay
instantiating app network_shortest_path.py of NetworkShortestPath
instantiating app arp_handler.py of ArpHandler
instantiating app ryu.controller.ofp_handler of OFPHandler
discovery---> switch: 4 connected
discovery---> switch: 5 connected
discovery---> switch: 2 connected
discovery---> switch: 1 connected
discovery---> switch: 3 connected
monitor---->register datapath: 0000000000000004
monitor---->register datapath: 0000000000000002
monitor---->register datapath: 0000000000000001
monitor---->register datapath: 0000000000000005
monitor---->register datapath: 0000000000000003
discovery--->==================================== discovery ====================================
discovery---> cls: [(4, 5), (4, 1), (5, 3), (5, 2), (1, 2), (1, 3)]
discovery--->==============================
discovery--->==================================== discovery ====================================
discovery---> cls: [(4, 5), (4, 1), (5, 3), (5, 2), (1, 2), (1, 3)]
discovery--->==============================
datapath         port     rx-pkts  rx-bytes rx-error tx-pkts  tx-bytes tx-error
---------------- -------- -------- -------- -------- -------- -------- --------
0000000000000005        1       11      660        0       10      600        0
0000000000000005        2       11      660        0       11      660        0
0000000000000005        3       11      660        0       11      660        0
0000000000000005        4        9      746        0       10      600        0
datapath         in-port  eth-dst           out-port packets  bytes
---------------- -------- ----------------- -------- -------- --------
datapath         port     rx-pkts  rx-bytes rx-error tx-pkts  tx-bytes tx-error
---------------- -------- -------- -------- -------- -------- -------- --------
0000000000000001        1       10      600        0       11      660        0
0000000000000001        2       11      660        0       10      600        0
0000000000000001        3       11      660        0       10      600        0
0000000000000001        4        8      676        0       10      600        0
0000000000000001        5       10      832        0       10      600        0
0000000000000001        6        8      676        0       10      600        0
datapath         in-port  eth-dst           out-port packets  bytes
---------------- -------- ----------------- -------- -------- --------
datapath         port     rx-pkts  rx-bytes rx-error tx-pkts  tx-bytes tx-error
---------------- -------- -------- -------- -------- -------- -------- --------
0000000000000002        1       11      660        0       10      600        0
0000000000000002        2       10      600        0       11      660        0
datapath         in-port  eth-dst           out-port packets  bytes
---------------- -------- ----------------- -------- -------- --------
datapath         port     rx-pkts  rx-bytes rx-error tx-pkts  tx-bytes tx-error
---------------- -------- -------- -------- -------- -------- -------- --------
0000000000000004        1       10      600        0       11      660        0
0000000000000004        2       11      660        0       11      660        0
datapath         in-port  eth-dst           out-port packets  bytes
---------------- -------- ----------------- -------- -------- --------
datapath         port     rx-pkts  rx-bytes rx-error tx-pkts  tx-bytes tx-error
---------------- -------- -------- -------- -------- -------- -------- --------
0000000000000003        1       10      600        0       11      660        0
0000000000000003        2       11      660        0       11      660        0
datapath         in-port  eth-dst           out-port packets  bytes
---------------- -------- ----------------- -------- -------- --------
discovery--->==================================== discovery ====================================
discovery---> cls: [(4, 5), (4, 1), (5, 3), (5, 2), (1, 2), (1, 3)]
discovery--->==============================
datapath         port     rx-pkts  rx-bytes rx-error tx-pkts  tx-bytes tx-error
---------------- -------- -------- -------- -------- -------- -------- --------
0000000000000001        1       21     1260        0       22     1320        0
0000000000000001        2       22     1320        0       21     1260        0
0000000000000001        3       22     1320        0       21     1260        0
0000000000000001        4        9      746        0       21     1260        0
0000000000000001        5       10      832        0       21     1260        0
0000000000000001        6        9      746        0       21     1260        0
datapath         in-port  eth-dst           out-port packets  bytes
---------------- -------- ----------------- -------- -------- --------
datapath         port     rx-pkts  rx-bytes rx-error tx-pkts  tx-bytes tx-error
---------------- -------- -------- -------- -------- -------- -------- --------
0000000000000004        1       21     1260        0       22     1320        0
0000000000000004        2       22     1320        0       22     1320        0
datapath         in-port  eth-dst           out-port packets  bytes
---------------- -------- ----------------- -------- -------- --------
discovery--->==================================== discovery ====================================
discovery---> cls: [(4, 5), (4, 1), (5, 3), (5, 2), (1, 2), (1, 3)]
discovery--->==============================
datapath         port     rx-pkts  rx-bytes rx-error tx-pkts  tx-bytes tx-error
---------------- -------- -------- -------- -------- -------- -------- --------
0000000000000003        1       21     1260        0       22     1320        0
0000000000000003        2       22     1320        0       22     1320        0
datapath         in-port  eth-dst           out-port packets  bytes
---------------- -------- ----------------- -------- -------- --------
datapath         port     rx-pkts  rx-bytes rx-error tx-pkts  tx-bytes tx-error
---------------- -------- -------- -------- -------- -------- -------- --------
0000000000000005        1       22     1320        0       22     1320        0
0000000000000005        2       22     1320        0       22     1320        0
0000000000000005        3       22     1320        0       22     1320        0
0000000000000005        4        9      746        0       22     1320        0
datapath         in-port  eth-dst           out-port packets  bytes
---------------- -------- ----------------- -------- -------- --------
datapath         port     rx-pkts  rx-bytes rx-error tx-pkts  tx-bytes tx-error
---------------- -------- -------- -------- -------- -------- -------- --------
0000000000000002        1       22     1320        0       21     1260        0
0000000000000002        2       22     1320        0       22     1320        0
datapath         in-port  eth-dst           out-port packets  bytes
---------------- -------- ----------------- -------- -------- --------
discovery--->==================================== discovery ====================================
discovery---> cls: [(4, 5), (4, 1), (5, 3), (5, 2), (1, 2), (1, 3)]
discovery--->==============================
datapath         port     rx-pkts  rx-bytes rx-error tx-pkts  tx-bytes tx-error
---------------- -------- -------- -------- -------- -------- -------- --------
0000000000000004        1       33     1980        0       33     1980        0
0000000000000004        2       33     1980        0       33     1980        0
datapath         in-port  eth-dst           out-port packets  bytes
---------------- -------- ----------------- -------- -------- --------
datapath         port     rx-pkts  rx-bytes rx-error tx-pkts  tx-bytes tx-error
---------------- -------- -------- -------- -------- -------- -------- --------
0000000000000001        1       32     1920        0       33     1980        0
0000000000000001        2       33     1980        0       32     1920        0
0000000000000001        3       33     1980        0       33     1980        0
0000000000000001        4       10      816        0       32     1920        0
0000000000000001        5       11      902        0       33     1980        0
0000000000000001        6       10      816        0       32     1920        0
datapath         in-port  eth-dst           out-port packets  bytes
---------------- -------- ----------------- -------- -------- --------
discovery--->==================================== discovery ====================================
discovery---> cls: [(4, 5), (4, 1), (5, 3), (5, 2), (1, 2), (1, 3)]
discovery--->==============================
datapath         port     rx-pkts  rx-bytes rx-error tx-pkts  tx-bytes tx-error
---------------- -------- -------- -------- -------- -------- -------- --------
0000000000000003        1       32     1920        0       33     1980        0
0000000000000003        2       33     1980        0       33     1980        0
datapath         in-port  eth-dst           out-port packets  bytes
---------------- -------- ----------------- -------- -------- --------
datapath         port     rx-pkts  rx-bytes rx-error tx-pkts  tx-bytes tx-error
---------------- -------- -------- -------- -------- -------- -------- --------
0000000000000005        1       33     1980        0       33     1980        0
0000000000000005        2       33     1980        0       33     1980        0
0000000000000005        3       33     1980        0       33     1980        0
0000000000000005        4       10      816        0       33     1980        0
datapath         in-port  eth-dst           out-port packets  bytes
---------------- -------- ----------------- -------- -------- --------
datapath         port     rx-pkts  rx-bytes rx-error tx-pkts  tx-bytes tx-error
---------------- -------- -------- -------- -------- -------- -------- --------
0000000000000002        1       33     1980        0       32     1920        0
0000000000000002        2       33     1980        0       33     1980        0
datapath         in-port  eth-dst           out-port packets  bytes
---------------- -------- ----------------- -------- -------- --------
discovery--->==================================== discovery ====================================
discovery---> cls: [(4, 5), (4, 1), (5, 3), (5, 2), (1, 2), (1, 3)]
discovery--->==============================
datapath         port     rx-pkts  rx-bytes rx-error tx-pkts  tx-bytes tx-error
---------------- -------- -------- -------- -------- -------- -------- --------
0000000000000004        1       44     2640        0       44     2640        0
0000000000000004        2       44     2640        0       44     2640        0
datapath         in-port  eth-dst           out-port packets  bytes
---------------- -------- ----------------- -------- -------- --------
datapath         port     rx-pkts  rx-bytes rx-error tx-pkts  tx-bytes tx-error
---------------- -------- -------- -------- -------- -------- -------- --------
0000000000000003        1       44     2640        0       44     2640        0
0000000000000003        2       44     2640        0       44     2640        0
datapath         in-port  eth-dst           out-port packets  bytes
---------------- -------- ----------------- -------- -------- --------
datapath         port     rx-pkts  rx-bytes rx-error tx-pkts  tx-bytes tx-error
---------------- -------- -------- -------- -------- -------- -------- --------
0000000000000005        1       44     2640        0       44     2640        0
0000000000000005        2       44     2640        0       44     2640        0
0000000000000005        3       44     2640        0       44     2640        0
0000000000000005        4       10      816        0       44     2640        0
datapath         in-port  eth-dst           out-port packets  bytes
---------------- -------- ----------------- -------- -------- --------
datapath         port     rx-pkts  rx-bytes rx-error tx-pkts  tx-bytes tx-error
---------------- -------- -------- -------- -------- -------- -------- --------
0000000000000001        1       43     2580        0       44     2640        0
0000000000000001        2       44     2640        0       44     2640        0
0000000000000001        3       44     2640        0       44     2640        0
0000000000000001        4       10      816        0       43     2580        0
0000000000000001        5       11      902        0       44     2640        0
0000000000000001        6       10      816        0       44     2640        0
datapath         in-port  eth-dst           out-port packets  bytes
---------------- -------- ----------------- -------- -------- --------
datapath         port     rx-pkts  rx-bytes rx-error tx-pkts  tx-bytes tx-error
---------------- -------- -------- -------- -------- -------- -------- --------
0000000000000002        1       44     2640        0       43     2580        0
0000000000000002        2       44     2640        0       44     2640        0
datapath         in-port  eth-dst           out-port packets  bytes
---------------- -------- ----------------- -------- -------- --------
discovery--->==================================== discovery ====================================
discovery---> cls: [(4, 5), (4, 1), (5, 3), (5, 2), (1, 2), (1, 3)]
discovery--->==============================
discovery--->==================================== discovery ====================================
discovery---> cls: [(4, 5), (4, 1), (5, 3), (5, 2), (1, 2), (1, 3)]
discovery--->==============================
datapath         port     rx-pkts  rx-bytes rx-error tx-pkts  tx-bytes tx-error
---------------- -------- -------- -------- -------- -------- -------- --------
0000000000000004        1       55     3300        0       55     3300        0
0000000000000004        2       55     3300        0       55     3300        0
datapath         in-port  eth-dst           out-port packets  bytes
---------------- -------- ----------------- -------- -------- --------
datapath         port     rx-pkts  rx-bytes rx-error tx-pkts  tx-bytes tx-error
---------------- -------- -------- -------- -------- -------- -------- --------
0000000000000001        1       54     3240        0       55     3300        0
0000000000000001        2       55     3300        0       55     3300        0
0000000000000001        3       55     3300        0       55     3300        0
0000000000000001        4       10      816        0       55     3300        0
0000000000000001        5       11      902        0       55     3300        0
0000000000000001        6       10      816        0       55     3300        0
datapath         in-port  eth-dst           out-port packets  bytes
---------------- -------- ----------------- -------- -------- --------
datapath         port     rx-pkts  rx-bytes rx-error tx-pkts  tx-bytes tx-error
---------------- -------- -------- -------- -------- -------- -------- --------
0000000000000002        1       55     3300        0       54     3240        0
0000000000000002        2       55     3300        0       55     3300        0
datapath         in-port  eth-dst           out-port packets  bytes
---------------- -------- ----------------- -------- -------- --------
datapath         port     rx-pkts  rx-bytes rx-error tx-pkts  tx-bytes tx-error
---------------- -------- -------- -------- -------- -------- -------- --------
0000000000000005        1       55     3300        0       55     3300        0
0000000000000005        2       55     3300        0       55     3300        0
0000000000000005        3       55     3300        0       55     3300        0
0000000000000005        4       10      816        0       55     3300        0
datapath         in-port  eth-dst           out-port packets  bytes
---------------- -------- ----------------- -------- -------- --------
datapath         port     rx-pkts  rx-bytes rx-error tx-pkts  tx-bytes tx-error
---------------- -------- -------- -------- -------- -------- -------- --------
0000000000000003        1       55     3300        0       55     3300        0
0000000000000003        2       55     3300        0       55     3300        0
datapath         in-port  eth-dst           out-port packets  bytes
---------------- -------- ----------------- -------- -------- --------
discovery--->==================================== discovery ====================================
discovery---> cls: [(4, 5), (4, 1), (5, 3), (5, 2), (1, 2), (1, 3)]
discovery--->==============================
discovery--->==================================== discovery ====================================
discovery---> cls: [(4, 5), (4, 1), (5, 3), (5, 2), (1, 2), (1, 3)]
discovery--->==============================
datapath         port     rx-pkts  rx-bytes rx-error tx-pkts  tx-bytes tx-error
---------------- -------- -------- -------- -------- -------- -------- --------
0000000000000004        1       66     3960        0       67     4020        0
0000000000000004        2       66     3960        0       66     3960        0
datapath         in-port  eth-dst           out-port packets  bytes
---------------- -------- ----------------- -------- -------- --------
datapath         port     rx-pkts  rx-bytes rx-error tx-pkts  tx-bytes tx-error
---------------- -------- -------- -------- -------- -------- -------- --------
0000000000000001        1       66     3960        0       66     3960        0
0000000000000001        2       66     3960        0       66     3960        0
0000000000000001        3       67     4020        0       66     3960        0
0000000000000001        4       11      886        0       66     3960        0
0000000000000001        5       12      972        0       66     3960        0
0000000000000001        6       10      816        0       66     3960        0
datapath         in-port  eth-dst           out-port packets  bytes
---------------- -------- ----------------- -------- -------- --------
datapath         port     rx-pkts  rx-bytes rx-error tx-pkts  tx-bytes tx-error
---------------- -------- -------- -------- -------- -------- -------- --------
0000000000000003        1       66     3960        0       66     3960        0
0000000000000003        2       66     3960        0       66     3960        0
datapath         in-port  eth-dst           out-port packets  bytes
---------------- -------- ----------------- -------- -------- --------
datapath         port     rx-pkts  rx-bytes rx-error tx-pkts  tx-bytes tx-error
---------------- -------- -------- -------- -------- -------- -------- --------
0000000000000002        1       66     3960        0       66     3960        0
0000000000000002        2       66     3960        0       66     3960        0
datapath         in-port  eth-dst           out-port packets  bytes
---------------- -------- ----------------- -------- -------- --------
datapath         port     rx-pkts  rx-bytes rx-error tx-pkts  tx-bytes tx-error
---------------- -------- -------- -------- -------- -------- -------- --------
0000000000000005        1       66     3960        0       66     3960        0
0000000000000005        2       66     3960        0       66     3960        0
0000000000000005        3       66     3960        0       66     3960        0
0000000000000005        4       11      886        0       66     3960        0
datapath         in-port  eth-dst           out-port packets  bytes
---------------- -------- ----------------- -------- -------- --------
discovery--->==================================== discovery ====================================
discovery---> cls: [(4, 5), (4, 1), (5, 3), (5, 2), (1, 2), (1, 3)]
discovery--->==============================
discovery--->==================================== discovery ====================================
discovery---> cls: [(4, 5), (4, 1), (5, 3), (5, 2), (1, 2), (1, 3)]
discovery--->==============================
datapath         port     rx-pkts  rx-bytes rx-error tx-pkts  tx-bytes tx-error
---------------- -------- -------- -------- -------- -------- -------- --------
0000000000000004        1       77     4620        0       78     4680        0
0000000000000004        2       78     4680        0       77     4620        0
datapath         in-port  eth-dst           out-port packets  bytes
---------------- -------- ----------------- -------- -------- --------
datapath         port     rx-pkts  rx-bytes rx-error tx-pkts  tx-bytes tx-error
---------------- -------- -------- -------- -------- -------- -------- --------
0000000000000001        1       77     4620        0       77     4620        0
0000000000000001        2       77     4620        0       77     4620        0
0000000000000001        3       78     4680        0       77     4620        0
0000000000000001        4       11      886        0       77     4620        0
0000000000000001        5       12      972        0       77     4620        0
0000000000000001        6       11      886        0       77     4620        0
datapath         in-port  eth-dst           out-port packets  bytes
---------------- -------- ----------------- -------- -------- --------
datapath         port     rx-pkts  rx-bytes rx-error tx-pkts  tx-bytes tx-error
---------------- -------- -------- -------- -------- -------- -------- --------
0000000000000005        1       78     4680        0       77     4620        0
0000000000000005        2       77     4620        0       77     4620        0
0000000000000005        3       77     4620        0       78     4680        0
0000000000000005        4       11      886        0       77     4620        0
datapath         in-port  eth-dst           out-port packets  bytes
---------------- -------- ----------------- -------- -------- --------
datapath         port     rx-pkts  rx-bytes rx-error tx-pkts  tx-bytes tx-error
---------------- -------- -------- -------- -------- -------- -------- --------
0000000000000003        1       77     4620        0       77     4620        0
0000000000000003        2       77     4620        0       77     4620        0
datapath         in-port  eth-dst           out-port packets  bytes
---------------- -------- ----------------- -------- -------- --------
datapath         port     rx-pkts  rx-bytes rx-error tx-pkts  tx-bytes tx-error
---------------- -------- -------- -------- -------- -------- -------- --------
0000000000000002        1       77     4620        0       77     4620        0
0000000000000002        2       77     4620        0       78     4680        0
datapath         in-port  eth-dst           out-port packets  bytes
---------------- -------- ----------------- -------- -------- --------
discovery--->==================================== discovery ====================================
discovery---> cls: [(4, 5), (4, 1), (5, 3), (5, 2), (1, 2), (1, 3)]
discovery--->==============================
discovery--->==================================== discovery ====================================
discovery---> cls: [(4, 5), (4, 1), (5, 3), (5, 2), (1, 2), (1, 3)]
discovery--->==============================
datapath         port     rx-pkts  rx-bytes rx-error tx-pkts  tx-bytes tx-error
---------------- -------- -------- -------- -------- -------- -------- --------
0000000000000004        1       88     5280        0       89     5340        0
0000000000000004        2       89     5340        0       88     5280        0
datapath         in-port  eth-dst           out-port packets  bytes
---------------- -------- ----------------- -------- -------- --------
datapath         port     rx-pkts  rx-bytes rx-error tx-pkts  tx-bytes tx-error
---------------- -------- -------- -------- -------- -------- -------- --------
0000000000000001        1       88     5280        0       88     5280        0
0000000000000001        2       89     5340        0       88     5280        0
0000000000000001        3       89     5340        0       88     5280        0
0000000000000001        4       11      886        0       88     5280        0
0000000000000001        5       12      972        0       88     5280        0
0000000000000001        6       11      886        0       88     5280        0
datapath         in-port  eth-dst           out-port packets  bytes
---------------- -------- ----------------- -------- -------- --------
datapath         port     rx-pkts  rx-bytes rx-error tx-pkts  tx-bytes tx-error
---------------- -------- -------- -------- -------- -------- -------- --------
0000000000000002        1       88     5280        0       88     5280        0
0000000000000002        2       88     5280        0       89     5340        0
datapath         in-port  eth-dst           out-port packets  bytes
---------------- -------- ----------------- -------- -------- --------
datapath         port     rx-pkts  rx-bytes rx-error tx-pkts  tx-bytes tx-error
---------------- -------- -------- -------- -------- -------- -------- --------
0000000000000003        1       88     5280        0       89     5340        0
0000000000000003        2       88     5280        0       89     5340        0
datapath         in-port  eth-dst           out-port packets  bytes
---------------- -------- ----------------- -------- -------- --------
datapath         port     rx-pkts  rx-bytes rx-error tx-pkts  tx-bytes tx-error
---------------- -------- -------- -------- -------- -------- -------- --------
0000000000000005        1       89     5340        0       88     5280        0
0000000000000005        2       89     5340        0       88     5280        0
0000000000000005        3       88     5280        0       89     5340        0
0000000000000005        4       11      886        0       88     5280        0
datapath         in-port  eth-dst           out-port packets  bytes
---------------- -------- ----------------- -------- -------- --------
discovery--->==================================== discovery ====================================
discovery---> cls: [(4, 5), (4, 1), (5, 3), (5, 2), (1, 2), (1, 3)]
discovery--->==============================
shortest=====>[PATH] [10.0.0.1 <----> 10.0.0.2]: [1]
shortest=====>[PATH] [10.0.0.1 <----> 10.0.0.3]: [1]
shortest=====>[PATH] [10.0.0.1 <----> 10.0.0.4]: [1, 2, 5]
shortest=====>[PATH] [10.0.0.2 <----> 10.0.0.3]: [1]
shortest=====>[PATH] [10.0.0.2 <----> 10.0.0.4]: [1, 2, 5]
shortest=====>[PATH] [10.0.0.3 <----> 10.0.0.4]: [1, 2, 5]
discovery--->==================================== discovery ====================================
discovery---> cls: [(4, 5), (4, 1), (5, 3), (5, 2), (1, 2), (1, 3)]
discovery--->==============================
datapath         port     rx-pkts  rx-bytes rx-error tx-pkts  tx-bytes tx-error
---------------- -------- -------- -------- -------- -------- -------- --------
0000000000000001        1      111     6834        0      109     6714        0
0000000000000001        2      106     6306        0      102     6066        0
0000000000000001        3      106     6306        0      102     6066        0
0000000000000001        4       20     1600        0      120     7374        0
0000000000000001        5       22     1728        0      109     6750        0
0000000000000001        6       21     1642        0      110     6792        0
datapath         in-port  eth-dst           out-port packets  bytes
---------------- -------- ----------------- -------- -------- --------
0000000000000001        1          10.0.0.1        4        2      196
0000000000000001        1          10.0.0.2        5        2      196
0000000000000001        1          10.0.0.3        6        2      196
0000000000000001        4          10.0.0.2        5        1       98
0000000000000001        4          10.0.0.3        6        1       98
0000000000000001        4          10.0.0.4        1        1       98
0000000000000001        5          10.0.0.1        4        2      196
0000000000000001        5          10.0.0.3        6        1       98
0000000000000001        5          10.0.0.4        1        1       98
0000000000000001        6          10.0.0.1        4        2      196
0000000000000001        6          10.0.0.2        5        2      196
0000000000000001        6          10.0.0.4        1        1       98
datapath         port     rx-pkts  rx-bytes rx-error tx-pkts  tx-bytes tx-error
---------------- -------- -------- -------- -------- -------- -------- --------
0000000000000004        1      102     6066        0      106     6306        0
0000000000000004        2      106     6306        0      102     6066        0
datapath         in-port  eth-dst           out-port packets  bytes
---------------- -------- ----------------- -------- -------- --------
datapath         port     rx-pkts  rx-bytes rx-error tx-pkts  tx-bytes tx-error
---------------- -------- -------- -------- -------- -------- -------- --------
0000000000000005        1      109     6714        0      108     6654        0
0000000000000005        2      103     6126        0      102     6066        0
0000000000000005        3      102     6066        0      106     6306        0
0000000000000005        4       21     1642        0      111     6834        0
datapath         in-port  eth-dst           out-port packets  bytes
---------------- -------- ----------------- -------- -------- --------
0000000000000005        1          10.0.0.4        4        2      196
0000000000000005        1          10.0.0.4        4        2      196
0000000000000005        1          10.0.0.4        4        2      196
0000000000000005        4          10.0.0.1        1        2      196
0000000000000005        4          10.0.0.2        1        2      196
0000000000000005        4          10.0.0.3        1        2      196
datapath         port     rx-pkts  rx-bytes rx-error tx-pkts  tx-bytes tx-error
---------------- -------- -------- -------- -------- -------- -------- --------
0000000000000003        1      102     6066        0      106     6306        0
0000000000000003        2      102     6066        0      103     6126        0
datapath         in-port  eth-dst           out-port packets  bytes
---------------- -------- ----------------- -------- -------- --------
datapath         port     rx-pkts  rx-bytes rx-error tx-pkts  tx-bytes tx-error
---------------- -------- -------- -------- -------- -------- -------- --------
0000000000000002        1      109     6714        0      111     6834        0
0000000000000002        2      108     6654        0      109     6714        0
datapath         in-port  eth-dst           out-port packets  bytes
---------------- -------- ----------------- -------- -------- --------
0000000000000002        1          10.0.0.4        2        2      196
0000000000000002        1          10.0.0.4        2        2      196
0000000000000002        1          10.0.0.4        2        2      196
0000000000000002        2          10.0.0.1        1        2      196
0000000000000002        2          10.0.0.2        1        2      196
0000000000000002        2          10.0.0.3        1        2      196
discovery--->==================================== discovery ====================================
discovery---> cls: [(4, 5), (4, 1), (5, 3), (5, 2), (1, 2), (1, 3)]
discovery--->==============================
discovery--->==================================== discovery ====================================
discovery---> cls: [(4, 5), (4, 1), (5, 3), (5, 2), (1, 2), (1, 3)]
discovery--->==============================
datapath         port     rx-pkts  rx-bytes rx-error tx-pkts  tx-bytes tx-error
---------------- -------- -------- -------- -------- -------- -------- --------
0000000000000001        1      122     7494        0      120     7374        0
0000000000000001        2      117     6966        0      113     6726        0
0000000000000001        3      117     6966        0      113     6726        0
0000000000000001        4       20     1600        0      131     8034        0
0000000000000001        5       22     1728        0      120     7410        0
0000000000000001        6       21     1642        0      121     7452        0
datapath         in-port  eth-dst           out-port packets  bytes
---------------- -------- ----------------- -------- -------- --------
0000000000000001        1          10.0.0.1        4        2      196
0000000000000001        1          10.0.0.2        5        2      196
0000000000000001        1          10.0.0.3        6        2      196
0000000000000001        4          10.0.0.2        5        1       98
0000000000000001        4          10.0.0.3        6        1       98
0000000000000001        4          10.0.0.4        1        1       98
0000000000000001        5          10.0.0.1        4        2      196
0000000000000001        5          10.0.0.3        6        1       98
0000000000000001        5          10.0.0.4        1        1       98
0000000000000001        6          10.0.0.1        4        2      196
0000000000000001        6          10.0.0.2        5        2      196
0000000000000001        6          10.0.0.4        1        1       98
datapath         port     rx-pkts  rx-bytes rx-error tx-pkts  tx-bytes tx-error
---------------- -------- -------- -------- -------- -------- -------- --------
0000000000000004        1      113     6726        0      117     6966        0
0000000000000004        2      117     6966        0      114     6786        0
datapath         in-port  eth-dst           out-port packets  bytes
---------------- -------- ----------------- -------- -------- --------
datapath         port     rx-pkts  rx-bytes rx-error tx-pkts  tx-bytes tx-error
---------------- -------- -------- -------- -------- -------- -------- --------
0000000000000003        1      113     6726        0      117     6966        0
0000000000000003        2      113     6726        0      114     6786        0
datapath         in-port  eth-dst           out-port packets  bytes
---------------- -------- ----------------- -------- -------- --------
datapath         port     rx-pkts  rx-bytes rx-error tx-pkts  tx-bytes tx-error
---------------- -------- -------- -------- -------- -------- -------- --------
0000000000000005        1      120     7374        0      119     7314        0
0000000000000005        2      114     6786        0      113     6726        0
0000000000000005        3      114     6786        0      117     6966        0
0000000000000005        4       21     1642        0      122     7494        0
datapath         in-port  eth-dst           out-port packets  bytes
---------------- -------- ----------------- -------- -------- --------
0000000000000005        1          10.0.0.4        4        2      196
0000000000000005        1          10.0.0.4        4        2      196
0000000000000005        1          10.0.0.4        4        2      196
0000000000000005        4          10.0.0.1        1        2      196
0000000000000005        4          10.0.0.2        1        2      196
0000000000000005        4          10.0.0.3        1        2      196
datapath         port     rx-pkts  rx-bytes rx-error tx-pkts  tx-bytes tx-error
---------------- -------- -------- -------- -------- -------- -------- --------
0000000000000002        1      120     7374        0      122     7494        0
0000000000000002        2      119     7314        0      120     7374        0
datapath         in-port  eth-dst           out-port packets  bytes
---------------- -------- ----------------- -------- -------- --------
0000000000000002        1          10.0.0.4        2        2      196
0000000000000002        1          10.0.0.4        2        2      196
0000000000000002        1          10.0.0.4        2        2      196
0000000000000002        2          10.0.0.1        1        2      196
0000000000000002        2          10.0.0.2        1        2      196
0000000000000002        2          10.0.0.3        1        2      196
discovery--->==================================== discovery ====================================
discovery---> cls: [(4, 5), (4, 1), (5, 3), (5, 2), (1, 2), (1, 3)]
discovery--->==============================
discovery--->==================================== discovery ====================================
discovery---> cls: [(4, 5), (4, 1), (5, 3), (5, 2), (1, 2), (1, 3)]
discovery--->==============================
datapath         port     rx-pkts  rx-bytes rx-error tx-pkts  tx-bytes tx-error
---------------- -------- -------- -------- -------- -------- -------- --------
0000000000000004        1      124     7386        0      128     7626        0
0000000000000004        2      128     7626        0      125     7446        0
datapath         in-port  eth-dst           out-port packets  bytes
---------------- -------- ----------------- -------- -------- --------
datapath         port     rx-pkts  rx-bytes rx-error tx-pkts  tx-bytes tx-error
---------------- -------- -------- -------- -------- -------- -------- --------
0000000000000001        1      133     8154        0      131     8034        0
0000000000000001        2      128     7626        0      124     7386        0
0000000000000001        3      128     7626        0      124     7386        0
0000000000000001        4       20     1600        0      142     8694        0
0000000000000001        5       22     1728        0      131     8070        0
0000000000000001        6       21     1642        0      132     8112        0
datapath         in-port  eth-dst           out-port packets  bytes
---------------- -------- ----------------- -------- -------- --------
0000000000000001        1          10.0.0.1        4        2      196
0000000000000001        1          10.0.0.2        5        2      196
0000000000000001        1          10.0.0.3        6        2      196
0000000000000001        4          10.0.0.2        5        1       98
0000000000000001        4          10.0.0.3        6        1       98
0000000000000001        4          10.0.0.4        1        1       98
0000000000000001        5          10.0.0.1        4        2      196
0000000000000001        5          10.0.0.3        6        1       98
0000000000000001        5          10.0.0.4        1        1       98
0000000000000001        6          10.0.0.1        4        2      196
0000000000000001        6          10.0.0.2        5        2      196
0000000000000001        6          10.0.0.4        1        1       98
datapath         port     rx-pkts  rx-bytes rx-error tx-pkts  tx-bytes tx-error
---------------- -------- -------- -------- -------- -------- -------- --------
0000000000000005        1      131     8034        0      131     8034        0
0000000000000005        2      125     7446        0      125     7446        0
0000000000000005        3      125     7446        0      128     7626        0
0000000000000005        4       21     1642        0      133     8154        0
datapath         in-port  eth-dst           out-port packets  bytes
---------------- -------- ----------------- -------- -------- --------
0000000000000005        1          10.0.0.4        4        2      196
0000000000000005        1          10.0.0.4        4        2      196
0000000000000005        1          10.0.0.4        4        2      196
0000000000000005        4          10.0.0.1        1        2      196
0000000000000005        4          10.0.0.2        1        2      196
0000000000000005        4          10.0.0.3        1        2      196
datapath         port     rx-pkts  rx-bytes rx-error tx-pkts  tx-bytes tx-error
---------------- -------- -------- -------- -------- -------- -------- --------
0000000000000002        1      131     8034        0      133     8154        0
0000000000000002        2      131     8034        0      131     8034        0
datapath         in-port  eth-dst           out-port packets  bytes
---------------- -------- ----------------- -------- -------- --------
0000000000000002        1          10.0.0.4        2        2      196
0000000000000002        1          10.0.0.4        2        2      196
0000000000000002        1          10.0.0.4        2        2      196
0000000000000002        2          10.0.0.1        1        2      196
0000000000000002        2          10.0.0.2        1        2      196
0000000000000002        2          10.0.0.3        1        2      196
datapath         port     rx-pkts  rx-bytes rx-error tx-pkts  tx-bytes tx-error
---------------- -------- -------- -------- -------- -------- -------- --------
0000000000000003        1      124     7386        0      128     7626        0
0000000000000003        2      125     7446        0      125     7446        0
datapath         in-port  eth-dst           out-port packets  bytes
---------------- -------- ----------------- -------- -------- --------
discovery--->==================================== discovery ====================================
discovery---> cls: [(4, 5), (4, 1), (5, 3), (5, 2), (1, 2), (1, 3)]
discovery--->==============================
discovery--->==================================== discovery ====================================
discovery---> cls: [(4, 5), (4, 1), (5, 3), (5, 2), (1, 2), (1, 3)]
discovery--->==============================
datapath         port     rx-pkts  rx-bytes rx-error tx-pkts  tx-bytes tx-error
---------------- -------- -------- -------- -------- -------- -------- --------
0000000000000001        1      144     8814        0      142     8694        0
0000000000000001        2      139     8286        0      135     8046        0
0000000000000001        3      139     8286        0      136     8106        0
0000000000000001        4       20     1600        0      153     9354        0
0000000000000001        5       22     1728        0      142     8730        0
0000000000000001        6       21     1642        0      143     8772        0
datapath         in-port  eth-dst           out-port packets  bytes
---------------- -------- ----------------- -------- -------- --------
0000000000000001        1          10.0.0.1        4        2      196
0000000000000001        1          10.0.0.2        5        2      196
0000000000000001        1          10.0.0.3        6        2      196
0000000000000001        4          10.0.0.2        5        1       98
0000000000000001        4          10.0.0.3        6        1       98
0000000000000001        4          10.0.0.4        1        1       98
0000000000000001        5          10.0.0.1        4        2      196
0000000000000001        5          10.0.0.3        6        1       98
0000000000000001        5          10.0.0.4        1        1       98
0000000000000001        6          10.0.0.1        4        2      196
0000000000000001        6          10.0.0.2        5        2      196
0000000000000001        6          10.0.0.4        1        1       98
datapath         port     rx-pkts  rx-bytes rx-error tx-pkts  tx-bytes tx-error
---------------- -------- -------- -------- -------- -------- -------- --------
0000000000000002        1      142     8694        0      144     8814        0
0000000000000002        2      142     8694        0      142     8694        0
datapath         in-port  eth-dst           out-port packets  bytes
---------------- -------- ----------------- -------- -------- --------
0000000000000002        1          10.0.0.4        2        2      196
0000000000000002        1          10.0.0.4        2        2      196
0000000000000002        1          10.0.0.4        2        2      196
0000000000000002        2          10.0.0.1        1        2      196
0000000000000002        2          10.0.0.2        1        2      196
0000000000000002        2          10.0.0.3        1        2      196
datapath         port     rx-pkts  rx-bytes rx-error tx-pkts  tx-bytes tx-error
---------------- -------- -------- -------- -------- -------- -------- --------
0000000000000005        1      142     8694        0      142     8694        0
0000000000000005        2      136     8106        0      136     8106        0
0000000000000005        3      136     8106        0      139     8286        0
0000000000000005        4       21     1642        0      145     8874        0
datapath         in-port  eth-dst           out-port packets  bytes
---------------- -------- ----------------- -------- -------- --------
0000000000000005        1          10.0.0.4        4        2      196
0000000000000005        1          10.0.0.4        4        2      196
0000000000000005        1          10.0.0.4        4        2      196
0000000000000005        4          10.0.0.1        1        2      196
0000000000000005        4          10.0.0.2        1        2      196
0000000000000005        4          10.0.0.3        1        2      196
datapath         port     rx-pkts  rx-bytes rx-error tx-pkts  tx-bytes tx-error
---------------- -------- -------- -------- -------- -------- -------- --------
0000000000000004        1      136     8106        0      139     8286        0
0000000000000004        2      139     8286        0      136     8106        0
datapath         in-port  eth-dst           out-port packets  bytes
---------------- -------- ----------------- -------- -------- --------
datapath         port     rx-pkts  rx-bytes rx-error tx-pkts  tx-bytes tx-error
---------------- -------- -------- -------- -------- -------- -------- --------
0000000000000003        1      135     8046        0      139     8286        0
0000000000000003        2      136     8106        0      136     8106        0
datapath         in-port  eth-dst           out-port packets  bytes
---------------- -------- ----------------- -------- -------- --------
discovery--->==================================== discovery ====================================
discovery---> cls: [(4, 5), (4, 1), (5, 3), (5, 2), (1, 2), (1, 3)]
discovery--->==============================
discovery--->==================================== discovery ====================================
discovery---> cls: [(4, 5), (4, 1), (5, 3), (5, 2), (1, 2), (1, 3)]
discovery--->==============================
datapath         port     rx-pkts  rx-bytes rx-error tx-pkts  tx-bytes tx-error
---------------- -------- -------- -------- -------- -------- -------- --------
0000000000000004        1      147     8766        0      150     8946        0
0000000000000004        2      150     8946        0      147     8766        0
datapath         in-port  eth-dst           out-port packets  bytes
---------------- -------- ----------------- -------- -------- --------
datapath         port     rx-pkts  rx-bytes rx-error tx-pkts  tx-bytes tx-error
---------------- -------- -------- -------- -------- -------- -------- --------
0000000000000001        1      155     9474        0      153     9354        0
0000000000000001        2      150     8946        0      146     8706        0
0000000000000001        3      150     8946        0      147     8766        0
0000000000000001        4       21     1670        0      164    10014        0
0000000000000001        5       23     1798        0      154     9450        0
0000000000000001        6       22     1712        0      154     9432        0
datapath         in-port  eth-dst           out-port packets  bytes
---------------- -------- ----------------- -------- -------- --------
0000000000000001        1          10.0.0.1        4        2      196
0000000000000001        1          10.0.0.2        5        2      196
0000000000000001        1          10.0.0.3        6        2      196
0000000000000001        4          10.0.0.2        5        1       98
0000000000000001        4          10.0.0.3        6        1       98
0000000000000001        4          10.0.0.4        1        1       98
0000000000000001        5          10.0.0.1        4        2      196
0000000000000001        5          10.0.0.3        6        1       98
0000000000000001        5          10.0.0.4        1        1       98
0000000000000001        6          10.0.0.1        4        2      196
0000000000000001        6          10.0.0.2        5        2      196
0000000000000001        6          10.0.0.4        1        1       98
datapath         port     rx-pkts  rx-bytes rx-error tx-pkts  tx-bytes tx-error
---------------- -------- -------- -------- -------- -------- -------- --------
0000000000000005        1      153     9354        0      153     9354        0
0000000000000005        2      147     8766        0      147     8766        0
0000000000000005        3      147     8766        0      150     8946        0
0000000000000005        4       22     1712        0      156     9534        0
datapath         in-port  eth-dst           out-port packets  bytes
---------------- -------- ----------------- -------- -------- --------
0000000000000005        1          10.0.0.4        4        2      196
0000000000000005        1          10.0.0.4        4        2      196
0000000000000005        1          10.0.0.4        4        2      196
0000000000000005        4          10.0.0.1        1        2      196
0000000000000005        4          10.0.0.2        1        2      196
0000000000000005        4          10.0.0.3        1        2      196
datapath         port     rx-pkts  rx-bytes rx-error tx-pkts  tx-bytes tx-error
---------------- -------- -------- -------- -------- -------- -------- --------
0000000000000002        1      153     9354        0      155     9474        0
0000000000000002        2      153     9354        0      153     9354        0
datapath         in-port  eth-dst           out-port packets  bytes
---------------- -------- ----------------- -------- -------- --------
0000000000000002        1          10.0.0.4        2        2      196
0000000000000002        1          10.0.0.4        2        2      196
0000000000000002        1          10.0.0.4        2        2      196
0000000000000002        2          10.0.0.1        1        2      196
0000000000000002        2          10.0.0.2        1        2      196
0000000000000002        2          10.0.0.3        1        2      196
datapath         port     rx-pkts  rx-bytes rx-error tx-pkts  tx-bytes tx-error
---------------- -------- -------- -------- -------- -------- -------- --------
0000000000000003        1      146     8706        0      150     8946        0
0000000000000003        2      147     8766        0      147     8766        0
datapath         in-port  eth-dst           out-port packets  bytes
---------------- -------- ----------------- -------- -------- --------
discovery--->==================================== discovery ====================================
discovery---> cls: [(4, 5), (4, 1), (5, 3), (5, 2), (1, 2), (1, 3)]
discovery--->==============================
discovery--->==================================== discovery ====================================
discovery---> cls: [(4, 5), (4, 1), (5, 3), (5, 2), (1, 2), (1, 3)]
discovery--->==============================
datapath         port     rx-pkts  rx-bytes rx-error tx-pkts  tx-bytes tx-error
---------------- -------- -------- -------- -------- -------- -------- --------
0000000000000001        1      166    10134        0      164    10014        0
0000000000000001        2      161     9606        0      158     9426        0
0000000000000001        3      161     9606        0      158     9426        0
0000000000000001        4       21     1670        0      175    10674        0
0000000000000001        5       23     1798        0      165    10110        0
0000000000000001        6       22     1712        0      166    10152        0
datapath         in-port  eth-dst           out-port packets  bytes
---------------- -------- ----------------- -------- -------- --------
0000000000000001        1          10.0.0.1        4        2      196
0000000000000001        1          10.0.0.2        5        2      196
0000000000000001        1          10.0.0.3        6        2      196
0000000000000001        4          10.0.0.2        5        1       98
0000000000000001        4          10.0.0.3        6        1       98
0000000000000001        4          10.0.0.4        1        1       98
0000000000000001        5          10.0.0.1        4        2      196
0000000000000001        5          10.0.0.3        6        1       98
0000000000000001        5          10.0.0.4        1        1       98
0000000000000001        6          10.0.0.1        4        2      196
0000000000000001        6          10.0.0.2        5        2      196
0000000000000001        6          10.0.0.4        1        1       98
datapath         port     rx-pkts  rx-bytes rx-error tx-pkts  tx-bytes tx-error
---------------- -------- -------- -------- -------- -------- -------- --------
0000000000000004        1      158     9426        0      161     9606        0
0000000000000004        2      161     9606        0      158     9426        0
datapath         in-port  eth-dst           out-port packets  bytes
---------------- -------- ----------------- -------- -------- --------
datapath         port     rx-pkts  rx-bytes rx-error tx-pkts  tx-bytes tx-error
---------------- -------- -------- -------- -------- -------- -------- --------
0000000000000005        1      164    10014        0      164    10014        0
0000000000000005        2      158     9426        0      158     9426        0
0000000000000005        3      158     9426        0      161     9606        0
0000000000000005        4       22     1712        0      167    10194        0
datapath         in-port  eth-dst           out-port packets  bytes
---------------- -------- ----------------- -------- -------- --------
0000000000000005        1          10.0.0.4        4        2      196
0000000000000005        1          10.0.0.4        4        2      196
0000000000000005        1          10.0.0.4        4        2      196
0000000000000005        4          10.0.0.1        1        2      196
0000000000000005        4          10.0.0.2        1        2      196
0000000000000005        4          10.0.0.3        1        2      196
datapath         port     rx-pkts  rx-bytes rx-error tx-pkts  tx-bytes tx-error
---------------- -------- -------- -------- -------- -------- -------- --------
0000000000000003        1      158     9426        0      161     9606        0
0000000000000003        2      158     9426        0      158     9426        0
datapath         in-port  eth-dst           out-port packets  bytes
---------------- -------- ----------------- -------- -------- --------
datapath         port     rx-pkts  rx-bytes rx-error tx-pkts  tx-bytes tx-error
---------------- -------- -------- -------- -------- -------- -------- --------
0000000000000002        1      164    10014        0      166    10134        0
0000000000000002        2      164    10014        0      164    10014        0
datapath         in-port  eth-dst           out-port packets  bytes
---------------- -------- ----------------- -------- -------- --------
0000000000000002        1          10.0.0.4        2        2      196
0000000000000002        1          10.0.0.4        2        2      196
0000000000000002        1          10.0.0.4        2        2      196
0000000000000002        2          10.0.0.1        1        2      196
0000000000000002        2          10.0.0.2        1        2      196
0000000000000002        2          10.0.0.3        1        2      196
discovery--->==================================== discovery ====================================
discovery---> cls: [(4, 5), (4, 1), (5, 3), (5, 2), (1, 2), (1, 3)]
discovery--->==============================
discovery--->==================================== discovery ====================================
discovery---> cls: [(4, 5), (4, 1), (5, 3), (5, 2), (1, 2), (1, 3)]
discovery--->==============================
datapath         port     rx-pkts  rx-bytes rx-error tx-pkts  tx-bytes tx-error
---------------- -------- -------- -------- -------- -------- -------- --------
0000000000000004        1      169    10086        0      172    10266        0
0000000000000004        2      172    10266        0      169    10086        0
datapath         in-port  eth-dst           out-port packets  bytes
---------------- -------- ----------------- -------- -------- --------
datapath         port     rx-pkts  rx-bytes rx-error tx-pkts  tx-bytes tx-error
---------------- -------- -------- -------- -------- -------- -------- --------
0000000000000001        1      178    10854        0      175    10674        0
0000000000000001        2      172    10266        0      169    10086        0
0000000000000001        3      172    10266        0      169    10086        0
0000000000000001        4       21     1670        0      187    11394        0
0000000000000001        5       23     1798        0      176    10770        0
0000000000000001        6       22     1712        0      177    10812        0
datapath         in-port  eth-dst           out-port packets  bytes
---------------- -------- ----------------- -------- -------- --------
0000000000000001        1          10.0.0.1        4        2      196
0000000000000001        1          10.0.0.2        5        2      196
0000000000000001        1          10.0.0.3        6        2      196
0000000000000001        4          10.0.0.2        5        1       98
0000000000000001        4          10.0.0.3        6        1       98
0000000000000001        4          10.0.0.4        1        1       98
0000000000000001        5          10.0.0.1        4        2      196
0000000000000001        5          10.0.0.3        6        1       98
0000000000000001        5          10.0.0.4        1        1       98
0000000000000001        6          10.0.0.1        4        2      196
0000000000000001        6          10.0.0.2        5        2      196
0000000000000001        6          10.0.0.4        1        1       98
datapath         port     rx-pkts  rx-bytes rx-error tx-pkts  tx-bytes tx-error
---------------- -------- -------- -------- -------- -------- -------- --------
0000000000000005        1      175    10674        0      175    10674        0
0000000000000005        2      169    10086        0      169    10086        0
0000000000000005        3      169    10086        0      172    10266        0
0000000000000005        4       22     1712        0      178    10854        0
datapath         in-port  eth-dst           out-port packets  bytes
---------------- -------- ----------------- -------- -------- --------
0000000000000005        1          10.0.0.4        4        2      196
0000000000000005        1          10.0.0.4        4        2      196
0000000000000005        1          10.0.0.4        4        2      196
0000000000000005        4          10.0.0.1        1        2      196
0000000000000005        4          10.0.0.2        1        2      196
0000000000000005        4          10.0.0.3        1        2      196
datapath         port     rx-pkts  rx-bytes rx-error tx-pkts  tx-bytes tx-error
---------------- -------- -------- -------- -------- -------- -------- --------
0000000000000003        1      169    10086        0      172    10266        0
0000000000000003        2      169    10086        0      169    10086        0
datapath         in-port  eth-dst           out-port packets  bytes
---------------- -------- ----------------- -------- -------- --------
datapath         port     rx-pkts  rx-bytes rx-error tx-pkts  tx-bytes tx-error
---------------- -------- -------- -------- -------- -------- -------- --------
0000000000000002        1      175    10674        0      178    10854        0
0000000000000002        2      175    10674        0      175    10674        0
datapath         in-port  eth-dst           out-port packets  bytes
---------------- -------- ----------------- -------- -------- --------
0000000000000002        1          10.0.0.4        2        2      196
0000000000000002        1          10.0.0.4        2        2      196
0000000000000002        1          10.0.0.4        2        2      196
0000000000000002        2          10.0.0.1        1        2      196
0000000000000002        2          10.0.0.2        1        2      196
0000000000000002        2          10.0.0.3        1        2      196
discovery--->==================================== discovery ====================================
discovery---> cls: [(4, 5), (4, 1), (5, 3), (5, 2), (1, 2), (1, 3)]
discovery--->==============================
discovery--->==================================== discovery ====================================
discovery---> cls: [(4, 5), (4, 1), (5, 3), (5, 2), (1, 2), (1, 3)]
discovery--->==============================
datapath         port     rx-pkts  rx-bytes rx-error tx-pkts  tx-bytes tx-error
---------------- -------- -------- -------- -------- -------- -------- --------
0000000000000004        1      180    10746        0      184    10986        0
0000000000000004        2      183    10926        0      180    10746        0
datapath         in-port  eth-dst           out-port packets  bytes
---------------- -------- ----------------- -------- -------- --------
datapath         port     rx-pkts  rx-bytes rx-error tx-pkts  tx-bytes tx-error
---------------- -------- -------- -------- -------- -------- -------- --------
0000000000000002        1      186    11334        0      189    11514        0
0000000000000002        2      186    11334        0      186    11334        0
datapath         in-port  eth-dst           out-port packets  bytes
---------------- -------- ----------------- -------- -------- --------
0000000000000002        1          10.0.0.4        2        2      196
0000000000000002        1          10.0.0.4        2        2      196
0000000000000002        1          10.0.0.4        2        2      196
0000000000000002        2          10.0.0.1        1        2      196
0000000000000002        2          10.0.0.2        1        2      196
0000000000000002        2          10.0.0.3        1        2      196
datapath         port     rx-pkts  rx-bytes rx-error tx-pkts  tx-bytes tx-error
---------------- -------- -------- -------- -------- -------- -------- --------
0000000000000003        1      180    10746        0      183    10926        0
0000000000000003        2      180    10746        0      180    10746        0
datapath         in-port  eth-dst           out-port packets  bytes
---------------- -------- ----------------- -------- -------- --------
datapath         port     rx-pkts  rx-bytes rx-error tx-pkts  tx-bytes tx-error
---------------- -------- -------- -------- -------- -------- -------- --------
0000000000000001        1      189    11514        0      186    11334        0
0000000000000001        2      183    10926        0      180    10746        0
0000000000000001        3      184    10986        0      180    10746        0
0000000000000001        4       21     1670        0      198    12054        0
0000000000000001        5       23     1798        0      187    11430        0
0000000000000001        6       22     1712        0      188    11472        0
datapath         in-port  eth-dst           out-port packets  bytes
---------------- -------- ----------------- -------- -------- --------
0000000000000001        1          10.0.0.1        4        2      196
0000000000000001        1          10.0.0.2        5        2      196
0000000000000001        1          10.0.0.3        6        2      196
0000000000000001        4          10.0.0.2        5        1       98
0000000000000001        4          10.0.0.3        6        1       98
0000000000000001        4          10.0.0.4        1        1       98
0000000000000001        5          10.0.0.1        4        2      196
0000000000000001        5          10.0.0.3        6        1       98
0000000000000001        5          10.0.0.4        1        1       98
0000000000000001        6          10.0.0.1        4        2      196
0000000000000001        6          10.0.0.2        5        2      196
0000000000000001        6          10.0.0.4        1        1       98
datapath         port     rx-pkts  rx-bytes rx-error tx-pkts  tx-bytes tx-error
---------------- -------- -------- -------- -------- -------- -------- --------
0000000000000005        1      186    11334        0      186    11334        0
0000000000000005        2      180    10746        0      180    10746        0
0000000000000005        3      180    10746        0      183    10926        0
0000000000000005        4       22     1712        0      189    11514        0
datapath         in-port  eth-dst           out-port packets  bytes
---------------- -------- ----------------- -------- -------- --------
0000000000000005        1          10.0.0.4        4        2      196
0000000000000005        1          10.0.0.4        4        2      196
0000000000000005        1          10.0.0.4        4        2      196
0000000000000005        4          10.0.0.1        1        2      196
0000000000000005        4          10.0.0.2        1        2      196
0000000000000005        4          10.0.0.3        1        2      196
discovery--->==================================== discovery ====================================
discovery---> cls: [(4, 5), (4, 1), (5, 3), (5, 2), (1, 2), (1, 3)]
discovery--->==============================
discovery--->==================================== discovery ====================================
discovery---> cls: [(4, 5), (4, 1), (5, 3), (5, 2), (1, 2), (1, 3)]
discovery--->==============================
datapath         port     rx-pkts  rx-bytes rx-error tx-pkts  tx-bytes tx-error
---------------- -------- -------- -------- -------- -------- -------- --------
0000000000000004        1      191    11406        0      195    11646        0
0000000000000004        2      195    11646        0      191    11406        0
datapath         in-port  eth-dst           out-port packets  bytes
---------------- -------- ----------------- -------- -------- --------
datapath         port     rx-pkts  rx-bytes rx-error tx-pkts  tx-bytes tx-error
---------------- -------- -------- -------- -------- -------- -------- --------
0000000000000001        1      200    12174        0      197    11994        0
0000000000000001        2      194    11586        0      191    11406        0
0000000000000001        3      195    11646        0      191    11406        0
0000000000000001        4       21     1670        0      209    12714        0
0000000000000001        5       23     1798        0      198    12090        0
0000000000000001        6       22     1712        0      199    12132        0
datapath         in-port  eth-dst           out-port packets  bytes
---------------- -------- ----------------- -------- -------- --------
0000000000000001        1          10.0.0.1        4        2      196
0000000000000001        1          10.0.0.2        5        2      196
0000000000000001        1          10.0.0.3        6        2      196
0000000000000001        4          10.0.0.2        5        1       98
0000000000000001        4          10.0.0.3        6        1       98
0000000000000001        4          10.0.0.4        1        1       98
0000000000000001        5          10.0.0.1        4        2      196
0000000000000001        5          10.0.0.3        6        1       98
0000000000000001        5          10.0.0.4        1        1       98
0000000000000001        6          10.0.0.1        4        2      196
0000000000000001        6          10.0.0.2        5        2      196
0000000000000001        6          10.0.0.4        1        1       98
datapath         port     rx-pkts  rx-bytes rx-error tx-pkts  tx-bytes tx-error
---------------- -------- -------- -------- -------- -------- -------- --------
0000000000000003        1      191    11406        0      194    11586        0
0000000000000003        2      191    11406        0      191    11406        0
datapath         in-port  eth-dst           out-port packets  bytes
---------------- -------- ----------------- -------- -------- --------
datapath         port     rx-pkts  rx-bytes rx-error tx-pkts  tx-bytes tx-error
---------------- -------- -------- -------- -------- -------- -------- --------
0000000000000002        1      197    11994        0      200    12174        0
0000000000000002        2      197    11994        0      198    12054        0
datapath         in-port  eth-dst           out-port packets  bytes
---------------- -------- ----------------- -------- -------- --------
0000000000000002        1          10.0.0.4        2        2      196
0000000000000002        1          10.0.0.4        2        2      196
0000000000000002        1          10.0.0.4        2        2      196
0000000000000002        2          10.0.0.1        1        2      196
0000000000000002        2          10.0.0.2        1        2      196
0000000000000002        2          10.0.0.3        1        2      196
datapath         port     rx-pkts  rx-bytes rx-error tx-pkts  tx-bytes tx-error
---------------- -------- -------- -------- -------- -------- -------- --------
0000000000000005        1      198    12054        0      197    11994        0
0000000000000005        2      191    11406        0      191    11406        0
0000000000000005        3      191    11406        0      195    11646        0
0000000000000005        4       22     1712        0      200    12174        0
datapath         in-port  eth-dst           out-port packets  bytes
---------------- -------- ----------------- -------- -------- --------
0000000000000005        1          10.0.0.4        4        2      196
0000000000000005        1          10.0.0.4        4        2      196
0000000000000005        1          10.0.0.4        4        2      196
0000000000000005        4          10.0.0.1        1        2      196
0000000000000005        4          10.0.0.2        1        2      196
0000000000000005        4          10.0.0.3        1        2      196
discovery--->==================================== discovery ====================================
discovery---> cls: [(4, 5), (4, 1), (5, 3), (5, 2), (1, 2), (1, 3)]
discovery--->==============================
---> OFPPortStatus received: reason=DELETE desc=OFPPort(port_no=4,hw_addr='e2:b7:dc:6f:e5:3e',name=b's1-eth4',config=0,state=4,curr=2112,advertised=0,supported=0,peer=0,curr_speed=10000000,max_speed=0)
---> OFPPortStatus received: reason=DELETE desc=OFPPort(port_no=5,hw_addr='a6:6d:4f:00:66:c5',name=b's1-eth5',config=0,state=4,curr=2112,advertised=0,supported=0,peer=0,curr_speed=10000000,max_speed=0)
---> OFPPortStatus received: reason=DELETE desc=OFPPort(port_no=6,hw_addr='d2:38:8c:b5:af:e7',name=b's1-eth6',config=0,state=4,curr=2112,advertised=0,supported=0,peer=0,curr_speed=10000000,max_speed=0)
---> OFPPortStatus received: reason=DELETE desc=OFPPort(port_no=4,hw_addr='d2:45:09:ba:2d:69',name=b's5-eth4',config=0,state=4,curr=2112,advertised=0,supported=0,peer=0,curr_speed=10000000,max_speed=0)
---> OFPPortStatus received: reason=DELETE desc=OFPPort(port_no=1,hw_addr='fa:b6:be:ba:01:9c',name=b's1-eth1',config=0,state=4,curr=2112,advertised=0,supported=0,peer=0,curr_speed=10000000,max_speed=0)
---> OFPPortStatus received: reason=DELETE desc=OFPPort(port_no=1,hw_addr='0a:24:43:d3:ee:64',name=b's2-eth1',config=0,state=4,curr=2112,advertised=0,supported=0,peer=0,curr_speed=10000000,max_speed=0)
---> OFPPortStatus received: reason=DELETE desc=OFPPort(port_no=2,hw_addr='c6:80:e7:d8:b7:c0',name=b's1-eth2',config=0,state=4,curr=2112,advertised=0,supported=0,peer=0,curr_speed=10000000,max_speed=0)
---> OFPPortStatus received: reason=DELETE desc=OFPPort(port_no=1,hw_addr='e2:97:e0:31:07:71',name=b's3-eth1',config=0,state=4,curr=2112,advertised=0,supported=0,peer=0,curr_speed=10000000,max_speed=0)
---> OFPPortStatus received: reason=DELETE desc=OFPPort(port_no=1,hw_addr='f6:a5:67:cf:b4:28',name=b's4-eth1',config=0,state=4,curr=2112,advertised=0,supported=0,peer=0,curr_speed=10000000,max_speed=0)
---> OFPPortStatus received: reason=DELETE desc=OFPPort(port_no=3,hw_addr='4a:cd:5e:31:0d:6c',name=b's1-eth3',config=0,state=4,curr=2112,advertised=0,supported=0,peer=0,curr_speed=10000000,max_speed=0)
---> OFPPortStatus received: reason=DELETE desc=OFPPort(port_no=2,hw_addr='ee:fa:11:18:62:a4',name=b's2-eth2',config=0,state=4,curr=2112,advertised=0,supported=0,peer=0,curr_speed=10000000,max_speed=0)
---> OFPPortStatus received: reason=DELETE desc=OFPPort(port_no=1,hw_addr='42:f3:6a:c1:3a:cc',name=b's5-eth1',config=0,state=4,curr=2112,advertised=0,supported=0,peer=0,curr_speed=10000000,max_speed=0)
---> OFPPortStatus received: reason=DELETE desc=OFPPort(port_no=2,hw_addr='2a:f1:71:03:cf:0d',name=b's3-eth2',config=0,state=4,curr=2112,advertised=0,supported=0,peer=0,curr_speed=10000000,max_speed=0)
---> OFPPortStatus received: reason=DELETE desc=OFPPort(port_no=2,hw_addr='0e:25:03:94:42:d0',name=b's5-eth2',config=0,state=4,curr=2112,advertised=0,supported=0,peer=0,curr_speed=10000000,max_speed=0)
---> OFPPortStatus received: reason=DELETE desc=OFPPort(port_no=2,hw_addr='ae:4a:3a:ab:b0:0d',name=b's4-eth2',config=0,state=4,curr=2112,advertised=0,supported=0,peer=0,curr_speed=10000000,max_speed=0)
---> OFPPortStatus received: reason=DELETE desc=OFPPort(port_no=3,hw_addr='6a:ac:7b:aa:c8:99',name=b's5-eth3',config=0,state=4,curr=2112,advertised=0,supported=0,peer=0,curr_speed=10000000,max_speed=0)
monitor---> unreigster datapath: 0000000000000004
monitor---> unreigster datapath: 0000000000000001
hub: uncaught exception: Traceback (most recent call last):
  File "/usr/local/lib/python3.6/dist-packages/ryu/lib/hub.py", line 60, in _launch
    return func(*args, **kwargs)
  File "/home/terry/LJQ/LJQ_CORE_CODE/LJQ_Project/Task/ryu/network_delay.py", line 52, in scheduler
    def _send_echo_request(self):
  File "/home/terry/LJQ/LJQ_CORE_CODE/LJQ_Project/Task/ryu/network_delay.py", line 61, in _send_echo_request
    # print("delay------echo_req------>",echo_req)
RuntimeError: dictionary changed size during iteration

monitor---> unreigster datapath: 0000000000000003
monitor---> unreigster datapath: 0000000000000002
monitor---> unreigster datapath: 0000000000000005
