loading app network_structure.py
loading app network_monitor.py
loading app network_delay.py
loading app network_shortest_path.py
loading app arp_handler.py
loading app ryu.controller.ofp_handler
instantiating app None of Switches
creating context switches
instantiating app network_structure.py of NetworkStructure
instantiating app network_monitor.py of NetworkMonitor
instantiating app network_delay.py of NetworkDelay
instantiating app network_shortest_path.py of NetworkShortestPath
instantiating app arp_handler.py of ArpHandler
instantiating app ryu.controller.ofp_handler of OFPHandler
discovery--->==================================== discovery ====================================
discovery---> cls: []
discovery--->==============================
discovery---> switch: 4 connected
discovery---> switch: 1 connected
discovery---> switch: 3 connected
discovery---> switch: 5 connected
discovery---> switch: 2 connected
monitor---->register datapath: 0000000000000004
monitor---->register datapath: 0000000000000003
monitor---->register datapath: 0000000000000001
monitor---->register datapath: 0000000000000005
monitor---->register datapath: 0000000000000002
datapath         port     rx-pkts  rx-bytes rx-error tx-pkts  tx-bytes tx-error
---------------- -------- -------- -------- -------- -------- -------- --------
0000000000000004        1       11      660        0       11      660        0
0000000000000004        2       11      660        0       11      660        0
datapath         in-port  eth-dst           out-port packets  bytes
---------------- -------- ----------------- -------- -------- --------
datapath         port     rx-pkts  rx-bytes rx-error tx-pkts  tx-bytes tx-error
---------------- -------- -------- -------- -------- -------- -------- --------
0000000000000003        1       11      660        0       11      660        0
0000000000000003        2       11      660        0       11      660        0
datapath         in-port  eth-dst           out-port packets  bytes
---------------- -------- ----------------- -------- -------- --------
datapath         port     rx-pkts  rx-bytes rx-error tx-pkts  tx-bytes tx-error
---------------- -------- -------- -------- -------- -------- -------- --------
0000000000000001        1       11      660        0       10      600        0
0000000000000001        2       11      660        0       11      660        0
0000000000000001        3       11      660        0       11      660        0
0000000000000001        4        8      676        0       10      600        0
0000000000000001        5        8      676        0       11      660        0
0000000000000001        6        9      746        0       10      600        0
datapath         in-port  eth-dst           out-port packets  bytes
---------------- -------- ----------------- -------- -------- --------
datapath         port     rx-pkts  rx-bytes rx-error tx-pkts  tx-bytes tx-error
---------------- -------- -------- -------- -------- -------- -------- --------
0000000000000002        1       10      600        0       11      660        0
0000000000000002        2       11      660        0       11      660        0
datapath         in-port  eth-dst           out-port packets  bytes
---------------- -------- ----------------- -------- -------- --------
datapath         port     rx-pkts  rx-bytes rx-error tx-pkts  tx-bytes tx-error
---------------- -------- -------- -------- -------- -------- -------- --------
0000000000000005        1       11      660        0       11      660        0
0000000000000005        2       11      660        0       11      660        0
0000000000000005        3       11      660        0       11      660        0
0000000000000005        4        9      746        0       11      660        0
datapath         in-port  eth-dst           out-port packets  bytes
---------------- -------- ----------------- -------- -------- --------
datapath         port     rx-pkts  rx-bytes rx-error tx-pkts  tx-bytes tx-error
---------------- -------- -------- -------- -------- -------- -------- --------
0000000000000003        1       22     1320        0       22     1320        0
0000000000000003        2       22     1320        0       22     1320        0
datapath         in-port  eth-dst           out-port packets  bytes
---------------- -------- ----------------- -------- -------- --------
datapath         port     rx-pkts  rx-bytes rx-error tx-pkts  tx-bytes tx-error
---------------- -------- -------- -------- -------- -------- -------- --------
0000000000000004        1       22     1320        0       22     1320        0
0000000000000004        2       22     1320        0       22     1320        0
datapath         in-port  eth-dst           out-port packets  bytes
---------------- -------- ----------------- -------- -------- --------
datapath         port     rx-pkts  rx-bytes rx-error tx-pkts  tx-bytes tx-error
---------------- -------- -------- -------- -------- -------- -------- --------
0000000000000005        1       22     1320        0       22     1320        0
0000000000000005        2       22     1320        0       22     1320        0
0000000000000005        3       22     1320        0       22     1320        0
0000000000000005        4        9      746        0       22     1320        0
datapath         in-port  eth-dst           out-port packets  bytes
---------------- -------- ----------------- -------- -------- --------
datapath         port     rx-pkts  rx-bytes rx-error tx-pkts  tx-bytes tx-error
---------------- -------- -------- -------- -------- -------- -------- --------
0000000000000001        1       22     1320        0       22     1320        0
0000000000000001        2       22     1320        0       22     1320        0
0000000000000001        3       22     1320        0       22     1320        0
0000000000000001        4        9      746        0       21     1260        0
0000000000000001        5        9      746        0       22     1320        0
0000000000000001        6        9      746        0       22     1320        0
datapath         in-port  eth-dst           out-port packets  bytes
---------------- -------- ----------------- -------- -------- --------
datapath         port     rx-pkts  rx-bytes rx-error tx-pkts  tx-bytes tx-error
---------------- -------- -------- -------- -------- -------- -------- --------
0000000000000002        1       22     1320        0       22     1320        0
0000000000000002        2       22     1320        0       22     1320        0
datapath         in-port  eth-dst           out-port packets  bytes
---------------- -------- ----------------- -------- -------- --------
datapath         port     rx-pkts  rx-bytes rx-error tx-pkts  tx-bytes tx-error
---------------- -------- -------- -------- -------- -------- -------- --------
0000000000000004        1       33     1980        0       33     1980        0
0000000000000004        2       34     2040        0       33     1980        0
datapath         in-port  eth-dst           out-port packets  bytes
---------------- -------- ----------------- -------- -------- --------
datapath         port     rx-pkts  rx-bytes rx-error tx-pkts  tx-bytes tx-error
---------------- -------- -------- -------- -------- -------- -------- --------
0000000000000003        1       33     1980        0       33     1980        0
0000000000000003        2       33     1980        0       33     1980        0
datapath         in-port  eth-dst           out-port packets  bytes
---------------- -------- ----------------- -------- -------- --------
datapath         port     rx-pkts  rx-bytes rx-error tx-pkts  tx-bytes tx-error
---------------- -------- -------- -------- -------- -------- -------- --------
0000000000000005        1       33     1980        0       33     1980        0
0000000000000005        2       33     1980        0       33     1980        0
0000000000000005        3       33     1980        0       34     2040        0
0000000000000005        4       10      816        0       33     1980        0
datapath         in-port  eth-dst           out-port packets  bytes
---------------- -------- ----------------- -------- -------- --------
datapath         port     rx-pkts  rx-bytes rx-error tx-pkts  tx-bytes tx-error
---------------- -------- -------- -------- -------- -------- -------- --------
0000000000000001        1       33     1980        0       33     1980        0
0000000000000001        2       33     1980        0       33     1980        0
0000000000000001        3       33     1980        0       33     1980        0
0000000000000001        4       10      816        0       33     1980        0
0000000000000001        5        9      746        0       33     1980        0
0000000000000001        6       10      816        0       33     1980        0
datapath         in-port  eth-dst           out-port packets  bytes
---------------- -------- ----------------- -------- -------- --------
datapath         port     rx-pkts  rx-bytes rx-error tx-pkts  tx-bytes tx-error
---------------- -------- -------- -------- -------- -------- -------- --------
0000000000000002        1       33     1980        0       33     1980        0
0000000000000002        2       33     1980        0       33     1980        0
datapath         in-port  eth-dst           out-port packets  bytes
---------------- -------- ----------------- -------- -------- --------
datapath         port     rx-pkts  rx-bytes rx-error tx-pkts  tx-bytes tx-error
---------------- -------- -------- -------- -------- -------- -------- --------
0000000000000004        1       44     2640        0       44     2640        0
0000000000000004        2       45     2700        0       44     2640        0
datapath         in-port  eth-dst           out-port packets  bytes
---------------- -------- ----------------- -------- -------- --------
datapath         port     rx-pkts  rx-bytes rx-error tx-pkts  tx-bytes tx-error
---------------- -------- -------- -------- -------- -------- -------- --------
0000000000000005        1       44     2640        0       45     2700        0
0000000000000005        2       44     2640        0       44     2640        0
0000000000000005        3       44     2640        0       45     2700        0
0000000000000005        4       10      816        0       44     2640        0
datapath         in-port  eth-dst           out-port packets  bytes
---------------- -------- ----------------- -------- -------- --------
datapath         port     rx-pkts  rx-bytes rx-error tx-pkts  tx-bytes tx-error
---------------- -------- -------- -------- -------- -------- -------- --------
0000000000000003        1       44     2640        0       44     2640        0
0000000000000003        2       44     2640        0       44     2640        0
datapath         in-port  eth-dst           out-port packets  bytes
---------------- -------- ----------------- -------- -------- --------
datapath         port     rx-pkts  rx-bytes rx-error tx-pkts  tx-bytes tx-error
---------------- -------- -------- -------- -------- -------- -------- --------
0000000000000001        1       45     2700        0       44     2640        0
0000000000000001        2       44     2640        0       44     2640        0
0000000000000001        3       44     2640        0       44     2640        0
0000000000000001        4       10      816        0       44     2640        0
0000000000000001        5       10      816        0       44     2640        0
0000000000000001        6       10      816        0       44     2640        0
datapath         in-port  eth-dst           out-port packets  bytes
---------------- -------- ----------------- -------- -------- --------
datapath         port     rx-pkts  rx-bytes rx-error tx-pkts  tx-bytes tx-error
---------------- -------- -------- -------- -------- -------- -------- --------
0000000000000002        1       44     2640        0       45     2700        0
0000000000000002        2       45     2700        0       44     2640        0
datapath         in-port  eth-dst           out-port packets  bytes
---------------- -------- ----------------- -------- -------- --------
datapath         port     rx-pkts  rx-bytes rx-error tx-pkts  tx-bytes tx-error
---------------- -------- -------- -------- -------- -------- -------- --------
0000000000000004        1       55     3300        0       55     3300        0
0000000000000004        2       56     3360        0       55     3300        0
datapath         in-port  eth-dst           out-port packets  bytes
---------------- -------- ----------------- -------- -------- --------
datapath         port     rx-pkts  rx-bytes rx-error tx-pkts  tx-bytes tx-error
---------------- -------- -------- -------- -------- -------- -------- --------
0000000000000003        1       55     3300        0       56     3360        0
0000000000000003        2       55     3300        0       56     3360        0
datapath         in-port  eth-dst           out-port packets  bytes
---------------- -------- ----------------- -------- -------- --------
datapath         port     rx-pkts  rx-bytes rx-error tx-pkts  tx-bytes tx-error
---------------- -------- -------- -------- -------- -------- -------- --------
0000000000000001        1       56     3360        0       55     3300        0
0000000000000001        2       56     3360        0       55     3300        0
0000000000000001        3       55     3300        0       55     3300        0
0000000000000001        4       10      816        0       55     3300        0
0000000000000001        5       10      816        0       55     3300        0
0000000000000001        6       10      816        0       55     3300        0
datapath         in-port  eth-dst           out-port packets  bytes
---------------- -------- ----------------- -------- -------- --------
datapath         port     rx-pkts  rx-bytes rx-error tx-pkts  tx-bytes tx-error
---------------- -------- -------- -------- -------- -------- -------- --------
0000000000000005        1       55     3300        0       56     3360        0
0000000000000005        2       56     3360        0       55     3300        0
0000000000000005        3       55     3300        0       56     3360        0
0000000000000005        4       10      816        0       55     3300        0
datapath         in-port  eth-dst           out-port packets  bytes
---------------- -------- ----------------- -------- -------- --------
datapath         port     rx-pkts  rx-bytes rx-error tx-pkts  tx-bytes tx-error
---------------- -------- -------- -------- -------- -------- -------- --------
0000000000000002        1       55     3300        0       56     3360        0
0000000000000002        2       56     3360        0       55     3300        0
datapath         in-port  eth-dst           out-port packets  bytes
---------------- -------- ----------------- -------- -------- --------
datapath         port     rx-pkts  rx-bytes rx-error tx-pkts  tx-bytes tx-error
---------------- -------- -------- -------- -------- -------- -------- --------
0000000000000003        1       66     3960        0       67     4020        0
0000000000000003        2       66     3960        0       67     4020        0
datapath         in-port  eth-dst           out-port packets  bytes
---------------- -------- ----------------- -------- -------- --------
datapath         port     rx-pkts  rx-bytes rx-error tx-pkts  tx-bytes tx-error
---------------- -------- -------- -------- -------- -------- -------- --------
0000000000000004        1       66     3960        0       67     4020        0
0000000000000004        2       67     4020        0       66     3960        0
datapath         in-port  eth-dst           out-port packets  bytes
---------------- -------- ----------------- -------- -------- --------
datapath         port     rx-pkts  rx-bytes rx-error tx-pkts  tx-bytes tx-error
---------------- -------- -------- -------- -------- -------- -------- --------
0000000000000001        1       67     4020        0       66     3960        0
0000000000000001        2       67     4020        0       66     3960        0
0000000000000001        3       67     4020        0       66     3960        0
0000000000000001        4       11      886        0       66     3960        0
0000000000000001        5       10      816        0       66     3960        0
0000000000000001        6       11      886        0       66     3960        0
datapath         in-port  eth-dst           out-port packets  bytes
---------------- -------- ----------------- -------- -------- --------
datapath         port     rx-pkts  rx-bytes rx-error tx-pkts  tx-bytes tx-error
---------------- -------- -------- -------- -------- -------- -------- --------
0000000000000002        1       66     3960        0       67     4020        0
0000000000000002        2       67     4020        0       66     3960        0
datapath         in-port  eth-dst           out-port packets  bytes
---------------- -------- ----------------- -------- -------- --------
datapath         port     rx-pkts  rx-bytes rx-error tx-pkts  tx-bytes tx-error
---------------- -------- -------- -------- -------- -------- -------- --------
0000000000000005        1       66     3960        0       67     4020        0
0000000000000005        2       67     4020        0       66     3960        0
0000000000000005        3       66     3960        0       67     4020        0
0000000000000005        4       11      886        0       66     3960        0
datapath         in-port  eth-dst           out-port packets  bytes
---------------- -------- ----------------- -------- -------- --------
datapath         port     rx-pkts  rx-bytes rx-error tx-pkts  tx-bytes tx-error
---------------- -------- -------- -------- -------- -------- -------- --------
0000000000000004        1       77     4620        0       78     4680        0
0000000000000004        2       78     4680        0       77     4620        0
datapath         in-port  eth-dst           out-port packets  bytes
---------------- -------- ----------------- -------- -------- --------
datapath         port     rx-pkts  rx-bytes rx-error tx-pkts  tx-bytes tx-error
---------------- -------- -------- -------- -------- -------- -------- --------
0000000000000003        1       77     4620        0       78     4680        0
0000000000000003        2       77     4620        0       78     4680        0
datapath         in-port  eth-dst           out-port packets  bytes
---------------- -------- ----------------- -------- -------- --------
datapath         port     rx-pkts  rx-bytes rx-error tx-pkts  tx-bytes tx-error
---------------- -------- -------- -------- -------- -------- -------- --------
0000000000000001        1       78     4680        0       77     4620        0
0000000000000001        2       78     4680        0       77     4620        0
0000000000000001        3       78     4680        0       77     4620        0
0000000000000001        4       11      886        0       77     4620        0
0000000000000001        5       11      886        0       77     4620        0
0000000000000001        6       11      886        0       77     4620        0
datapath         in-port  eth-dst           out-port packets  bytes
---------------- -------- ----------------- -------- -------- --------
datapath         port     rx-pkts  rx-bytes rx-error tx-pkts  tx-bytes tx-error
---------------- -------- -------- -------- -------- -------- -------- --------
0000000000000002        1       77     4620        0       78     4680        0
0000000000000002        2       78     4680        0       77     4620        0
datapath         in-port  eth-dst           out-port packets  bytes
---------------- -------- ----------------- -------- -------- --------
datapath         port     rx-pkts  rx-bytes rx-error tx-pkts  tx-bytes tx-error
---------------- -------- -------- -------- -------- -------- -------- --------
0000000000000005        1       77     4620        0       78     4680        0
0000000000000005        2       78     4680        0       77     4620        0
0000000000000005        3       77     4620        0       78     4680        0
0000000000000005        4       11      886        0       77     4620        0
datapath         in-port  eth-dst           out-port packets  bytes
---------------- -------- ----------------- -------- -------- --------
datapath         port     rx-pkts  rx-bytes rx-error tx-pkts  tx-bytes tx-error
---------------- -------- -------- -------- -------- -------- -------- --------
0000000000000004        1       88     5280        0       89     5340        0
0000000000000004        2       89     5340        0       89     5340        0
datapath         in-port  eth-dst           out-port packets  bytes
---------------- -------- ----------------- -------- -------- --------
datapath         port     rx-pkts  rx-bytes rx-error tx-pkts  tx-bytes tx-error
---------------- -------- -------- -------- -------- -------- -------- --------
0000000000000003        1       88     5280        0       89     5340        0
0000000000000003        2       88     5280        0       89     5340        0
datapath         in-port  eth-dst           out-port packets  bytes
---------------- -------- ----------------- -------- -------- --------
datapath         port     rx-pkts  rx-bytes rx-error tx-pkts  tx-bytes tx-error
---------------- -------- -------- -------- -------- -------- -------- --------
0000000000000002        1       88     5280        0       89     5340        0
0000000000000002        2       89     5340        0       89     5340        0
datapath         in-port  eth-dst           out-port packets  bytes
---------------- -------- ----------------- -------- -------- --------
datapath         port     rx-pkts  rx-bytes rx-error tx-pkts  tx-bytes tx-error
---------------- -------- -------- -------- -------- -------- -------- --------
0000000000000001        1       89     5340        0       88     5280        0
0000000000000001        2       89     5340        0       88     5280        0
0000000000000001        3       89     5340        0       88     5280        0
0000000000000001        4       11      886        0       88     5280        0
0000000000000001        5       11      886        0       88     5280        0
0000000000000001        6       11      886        0       88     5280        0
datapath         in-port  eth-dst           out-port packets  bytes
---------------- -------- ----------------- -------- -------- --------
datapath         port     rx-pkts  rx-bytes rx-error tx-pkts  tx-bytes tx-error
---------------- -------- -------- -------- -------- -------- -------- --------
0000000000000005        1       89     5340        0       89     5340        0
0000000000000005        2       89     5340        0       88     5280        0
0000000000000005        3       89     5340        0       89     5340        0
0000000000000005        4       11      886        0       88     5280        0
datapath         in-port  eth-dst           out-port packets  bytes
---------------- -------- ----------------- -------- -------- --------
datapath         port     rx-pkts  rx-bytes rx-error tx-pkts  tx-bytes tx-error
---------------- -------- -------- -------- -------- -------- -------- --------
0000000000000004        1       99     5940        0      100     6000        0
0000000000000004        2      100     6000        0      100     6000        0
datapath         in-port  eth-dst           out-port packets  bytes
---------------- -------- ----------------- -------- -------- --------
datapath         port     rx-pkts  rx-bytes rx-error tx-pkts  tx-bytes tx-error
---------------- -------- -------- -------- -------- -------- -------- --------
0000000000000002        1       99     5940        0      100     6000        0
0000000000000002        2      100     6000        0      100     6000        0
datapath         in-port  eth-dst           out-port packets  bytes
---------------- -------- ----------------- -------- -------- --------
datapath         port     rx-pkts  rx-bytes rx-error tx-pkts  tx-bytes tx-error
---------------- -------- -------- -------- -------- -------- -------- --------
0000000000000003        1       99     5940        0      100     6000        0
0000000000000003        2      100     6000        0      100     6000        0
datapath         in-port  eth-dst           out-port packets  bytes
---------------- -------- ----------------- -------- -------- --------
datapath         port     rx-pkts  rx-bytes rx-error tx-pkts  tx-bytes tx-error
---------------- -------- -------- -------- -------- -------- -------- --------
0000000000000005        1      100     6000        0      100     6000        0
0000000000000005        2      100     6000        0      100     6000        0
0000000000000005        3      100     6000        0      100     6000        0
0000000000000005        4       11      886        0      100     6000        0
datapath         in-port  eth-dst           out-port packets  bytes
---------------- -------- ----------------- -------- -------- --------
datapath         port     rx-pkts  rx-bytes rx-error tx-pkts  tx-bytes tx-error
---------------- -------- -------- -------- -------- -------- -------- --------
0000000000000001        1      100     6000        0       99     5940        0
0000000000000001        2      100     6000        0       99     5940        0
0000000000000001        3      100     6000        0       99     5940        0
0000000000000001        4       11      886        0       99     5940        0
0000000000000001        5       11      886        0       99     5940        0
0000000000000001        6       11      886        0       99     5940        0
datapath         in-port  eth-dst           out-port packets  bytes
---------------- -------- ----------------- -------- -------- --------
datapath         port     rx-pkts  rx-bytes rx-error tx-pkts  tx-bytes tx-error
---------------- -------- -------- -------- -------- -------- -------- --------
0000000000000003        1      111     6660        0      111     6660        0
0000000000000003        2      111     6660        0      111     6660        0
datapath         in-port  eth-dst           out-port packets  bytes
---------------- -------- ----------------- -------- -------- --------
datapath         port     rx-pkts  rx-bytes rx-error tx-pkts  tx-bytes tx-error
---------------- -------- -------- -------- -------- -------- -------- --------
0000000000000005        1      111     6660        0      111     6660        0
0000000000000005        2      111     6660        0      111     6660        0
0000000000000005        3      111     6660        0      111     6660        0
0000000000000005        4       11      886        0      111     6660        0
datapath         in-port  eth-dst           out-port packets  bytes
---------------- -------- ----------------- -------- -------- --------
datapath         port     rx-pkts  rx-bytes rx-error tx-pkts  tx-bytes tx-error
---------------- -------- -------- -------- -------- -------- -------- --------
0000000000000004        1      111     6660        0      111     6660        0
0000000000000004        2      111     6660        0      111     6660        0
datapath         in-port  eth-dst           out-port packets  bytes
---------------- -------- ----------------- -------- -------- --------
datapath         port     rx-pkts  rx-bytes rx-error tx-pkts  tx-bytes tx-error
---------------- -------- -------- -------- -------- -------- -------- --------
0000000000000001        1      111     6660        0      110     6600        0
0000000000000001        2      111     6660        0      111     6660        0
0000000000000001        3      111     6660        0      111     6660        0
0000000000000001        4       11      886        0      110     6600        0
0000000000000001        5       11      886        0      110     6600        0
0000000000000001        6       11      886        0      110     6600        0
datapath         in-port  eth-dst           out-port packets  bytes
---------------- -------- ----------------- -------- -------- --------
datapath         port     rx-pkts  rx-bytes rx-error tx-pkts  tx-bytes tx-error
---------------- -------- -------- -------- -------- -------- -------- --------
0000000000000002        1      110     6600        0      111     6660        0
0000000000000002        2      111     6660        0      111     6660        0
datapath         in-port  eth-dst           out-port packets  bytes
---------------- -------- ----------------- -------- -------- --------
datapath         port     rx-pkts  rx-bytes rx-error tx-pkts  tx-bytes tx-error
---------------- -------- -------- -------- -------- -------- -------- --------
0000000000000003        1      122     7320        0      122     7320        0
0000000000000003        2      122     7320        0      122     7320        0
datapath         in-port  eth-dst           out-port packets  bytes
---------------- -------- ----------------- -------- -------- --------
datapath         port     rx-pkts  rx-bytes rx-error tx-pkts  tx-bytes tx-error
---------------- -------- -------- -------- -------- -------- -------- --------
0000000000000004        1      122     7320        0      122     7320        0
0000000000000004        2      122     7320        0      122     7320        0
datapath         in-port  eth-dst           out-port packets  bytes
---------------- -------- ----------------- -------- -------- --------
datapath         port     rx-pkts  rx-bytes rx-error tx-pkts  tx-bytes tx-error
---------------- -------- -------- -------- -------- -------- -------- --------
0000000000000002        1      121     7260        0      122     7320        0
0000000000000002        2      122     7320        0      122     7320        0
datapath         in-port  eth-dst           out-port packets  bytes
---------------- -------- ----------------- -------- -------- --------
datapath         port     rx-pkts  rx-bytes rx-error tx-pkts  tx-bytes tx-error
---------------- -------- -------- -------- -------- -------- -------- --------
0000000000000005        1      122     7320        0      122     7320        0
0000000000000005        2      122     7320        0      122     7320        0
0000000000000005        3      122     7320        0      122     7320        0
0000000000000005        4       12      956        0      122     7320        0
datapath         in-port  eth-dst           out-port packets  bytes
---------------- -------- ----------------- -------- -------- --------
datapath         port     rx-pkts  rx-bytes rx-error tx-pkts  tx-bytes tx-error
---------------- -------- -------- -------- -------- -------- -------- --------
0000000000000001        1      122     7320        0      121     7260        0
0000000000000001        2      122     7320        0      122     7320        0
0000000000000001        3      122     7320        0      122     7320        0
0000000000000001        4       11      886        0      121     7260        0
0000000000000001        5       11      886        0      122     7320        0
0000000000000001        6       11      886        0      122     7320        0
datapath         in-port  eth-dst           out-port packets  bytes
---------------- -------- ----------------- -------- -------- --------
shortest=====>[PATH] [10.0.0.1 <----> 10.0.0.2]: [1]
shortest=====>[PATH] [10.0.0.1 <----> 10.0.0.3]: [1]
shortest=====>[PATH] [10.0.0.1 <----> 10.0.0.4]: [1, 3, 5]
shortest=====>[PATH] [10.0.0.2 <----> 10.0.0.3]: [1]
shortest=====>[PATH] [10.0.0.2 <----> 10.0.0.4]: [1, 3, 5]
shortest=====>[PATH] [10.0.0.3 <----> 10.0.0.4]: [1, 3, 5]
datapath         port     rx-pkts  rx-bytes rx-error tx-pkts  tx-bytes tx-error
---------------- -------- -------- -------- -------- -------- -------- --------
0000000000000003        1      142     8694        0      145     8874        0
0000000000000003        2      142     8694        0      142     8694        0
datapath         in-port  eth-dst           out-port packets  bytes
---------------- -------- ----------------- -------- -------- --------
0000000000000003        1          10.0.0.4        2        2      196
0000000000000003        1          10.0.0.4        2        2      196
0000000000000003        1          10.0.0.4        2        2      196
0000000000000003        2          10.0.0.1        1        2      196
0000000000000003        2          10.0.0.2        1        2      196
0000000000000003        2          10.0.0.3        1        2      196
datapath         port     rx-pkts  rx-bytes rx-error tx-pkts  tx-bytes tx-error
---------------- -------- -------- -------- -------- -------- -------- --------
0000000000000004        1      136     8106        0      139     8286        0
0000000000000004        2      139     8286        0      136     8106        0
datapath         in-port  eth-dst           out-port packets  bytes
---------------- -------- ----------------- -------- -------- --------
datapath         port     rx-pkts  rx-bytes rx-error tx-pkts  tx-bytes tx-error
---------------- -------- -------- -------- -------- -------- -------- --------
0000000000000001        1      139     8286        0      136     8106        0
0000000000000001        2      145     8874        0      142     8694        0
0000000000000001        3      139     8286        0      136     8106        0
0000000000000001        4       20     1600        0      153     9354        0
0000000000000001        5       20     1600        0      142     8730        0
0000000000000001        6       21     1670        0      143     8772        0
datapath         in-port  eth-dst           out-port packets  bytes
---------------- -------- ----------------- -------- -------- --------
0000000000000001        2          10.0.0.1        4        2      196
0000000000000001        2          10.0.0.2        5        2      196
0000000000000001        2          10.0.0.3        6        2      196
0000000000000001        4          10.0.0.2        5        1       98
0000000000000001        4          10.0.0.3        6        1       98
0000000000000001        4          10.0.0.4        2        1       98
0000000000000001        5          10.0.0.1        4        2      196
0000000000000001        5          10.0.0.3        6        1       98
0000000000000001        5          10.0.0.4        2        1       98
0000000000000001        6          10.0.0.1        4        2      196
0000000000000001        6          10.0.0.2        5        2      196
0000000000000001        6          10.0.0.4        2        1       98
datapath         port     rx-pkts  rx-bytes rx-error tx-pkts  tx-bytes tx-error
---------------- -------- -------- -------- -------- -------- -------- --------
0000000000000002        1      136     8106        0      139     8286        0
0000000000000002        2      136     8106        0      136     8106        0
datapath         in-port  eth-dst           out-port packets  bytes
---------------- -------- ----------------- -------- -------- --------
datapath         port     rx-pkts  rx-bytes rx-error tx-pkts  tx-bytes tx-error
---------------- -------- -------- -------- -------- -------- -------- --------
0000000000000005        1      136     8106        0      136     8106        0
0000000000000005        2      142     8694        0      142     8694        0
0000000000000005        3      136     8106        0      139     8286        0
0000000000000005        4       21     1670        0      144     8814        0
datapath         in-port  eth-dst           out-port packets  bytes
---------------- -------- ----------------- -------- -------- --------
0000000000000005        2          10.0.0.4        4        2      196
0000000000000005        2          10.0.0.4        4        2      196
0000000000000005        2          10.0.0.4        4        2      196
0000000000000005        4          10.0.0.1        2        2      196
0000000000000005        4          10.0.0.2        2        2      196
0000000000000005        4          10.0.0.3        2        2      196
