loading app network_structure.py
Matplotlib created a temporary config/cache directory at /tmp/matplotlib-agfdtqhm because the default path (/home/terry/.config/matplotlib) is not a writable directory; it is highly recommended to set the MPLCONFIGDIR environment variable to a writable directory, in particular to speed up the import of Matplotlib and to better support multiprocessing.
Generating new fontManager, this may take some time...
Failed to extract font properties from /usr/share/fonts/truetype/noto/NotoColorEmoji.ttf: In FT2Font: Can not load face.  Unknown file format.
loading app network_monitor.py
loading app network_delay.py
loading app network_shortest_path.py
loading app arp_handler.py
loading app ryu.controller.ofp_handler
instantiating app None of Switches
creating context switches
instantiating app network_structure.py of NetworkStructure
instantiating app network_monitor.py of NetworkMonitor
instantiating app network_delay.py of NetworkDelay
instantiating app network_shortest_path.py of NetworkShortestPath
instantiating app arp_handler.py of ArpHandler
instantiating app ryu.controller.ofp_handler of OFPHandler
discovery---> switch: 1152921504606846977 connected
discovery---> switch: 1152921504606846979 connected
discovery---> switch: 1152921504606846978 connected
monitor---->register datapath: 1000000000000001
monitor---->register datapath: 1000000000000002
monitor---->register datapath: 1000000000000003
==================================== link detector ====================================

----------------------------
src    dst :    delay
1152921504606846977 <---> 1152921504606846979 : 1.9140243530273438
1152921504606846977 <---> 1152921504606846978 : 2.360105514526367
1152921504606846979 <---> 1152921504606846978 : 2.678394317626953
1152921504606846979 <---> 1152921504606846977 : 1.7175674438476562
1152921504606846978 <---> 1152921504606846979 : 2.541780471801758
1152921504606846978 <---> 1152921504606846977 : 2.5720596313476562
discovery--->==================================== discovery ====================================
discovery---> cls: [(1152921504606846977, 1152921504606846979), (1152921504606846977, 1152921504606846978), (1152921504606846979, 1152921504606846978)]
discovery--->==============================
datapath         port     rx-pkts  rx-bytes rx-error tx-pkts  tx-bytes tx-error
---------------- -------- -------- -------- -------- -------- -------- --------
1000000000000001        1        0        0        0 30486346 3155809950        0
1000000000000001        2 170665871 14989682727        0 180877164 15904610462        0
1000000000000001        3 180877164 15904609752        0 170665870 14989683347        0
datapath         in-port  eth-dst           out-port packets  bytes
---------------- -------- ----------------- -------- -------- --------
datapath         port     rx-pkts  rx-bytes rx-error tx-pkts  tx-bytes tx-error
---------------- -------- -------- -------- -------- -------- -------- --------
1000000000000002        1        0        0        0 29835603 3144099410        0
1000000000000002        2 180877164 15904610462        0 170665871 14989682727        0
1000000000000002        3 170665861 14989681852        0 180877155 15904608937        0
datapath         in-port  eth-dst           out-port packets  bytes
---------------- -------- ----------------- -------- -------- --------
datapath         port     rx-pkts  rx-bytes rx-error tx-pkts  tx-bytes tx-error
---------------- -------- -------- -------- -------- -------- -------- --------
1000000000000003        1        0        0        0 30209246 3150822437        0
1000000000000003        2 170665870 14989683347        0 180877164 15904609752        0
1000000000000003        3 180877155 15904608937        0 170665861 14989681852        0
datapath         in-port  eth-dst           out-port packets  bytes
---------------- -------- ----------------- -------- -------- --------
==================================== link detector ====================================

----------------------------
src    dst :    delay
1152921504606846977 <---> 1152921504606846979 : 2.6259422302246094
1152921504606846977 <---> 1152921504606846978 : 1.890420913696289
1152921504606846979 <---> 1152921504606846978 : 2.619028091430664
1152921504606846979 <---> 1152921504606846977 : 2.468585968017578
1152921504606846978 <---> 1152921504606846979 : 1.8932819366455078
1152921504606846978 <---> 1152921504606846977 : 1.9927024841308594
==================================== link detector ====================================

----------------------------
src    dst :    delay
1152921504606846977 <---> 1152921504606846979 : 1.8482208251953125
1152921504606846977 <---> 1152921504606846978 : 2.87628173828125
1152921504606846979 <---> 1152921504606846978 : 1.8930435180664062
1152921504606846979 <---> 1152921504606846977 : 2.4940967559814453
1152921504606846978 <---> 1152921504606846979 : 2.3555755615234375
1152921504606846978 <---> 1152921504606846977 : 2.3546218872070312
discovery--->==================================== discovery ====================================
discovery---> cls: [(1152921504606846977, 1152921504606846979), (1152921504606846977, 1152921504606846978), (1152921504606846979, 1152921504606846978)]
discovery--->==============================
hub: uncaught exception: Traceback (most recent call last):
  File "/usr/local/lib/python3.6/dist-packages/ryu/lib/hub.py", line 60, in _launch
    return func(*args, **kwargs)
  File "/home/terry/LJQ/Task/ryu/network_monitor.py", line 59, in scheduler
    self.create_bandwidth_graph()
  File "/home/terry/LJQ/Task/ryu/network_monitor.py", line 316, in create_bandwidth_graph
    capacity = self.network_structure.m_graph[src_dpid][dst_dpid]['bw']
  File "/home/terry/.local/lib/python3.6/site-packages/networkx/classes/cls.py", line 465, in __getitem__
    return self.adj[n]
  File "/home/terry/.local/lib/python3.6/site-packages/networkx/classes/coreviews.py", line 79, in __getitem__
    return AtlasView(self._atlas[name])
KeyError: 1152921504606846977

datapath         port     rx-pkts  rx-bytes rx-error tx-pkts  tx-bytes tx-error
---------------- -------- -------- -------- -------- -------- -------- --------
1000000000000001        1        0        0        0 30486352 3155810418        0
1000000000000001        2 170665876 14989683027        0 180877170 15904610822        0
1000000000000001        3 180877169 15904610052        0 170665876 14989683707        0
datapath         in-port  eth-dst           out-port packets  bytes
---------------- -------- ----------------- -------- -------- --------
datapath         port     rx-pkts  rx-bytes rx-error tx-pkts  tx-bytes tx-error
---------------- -------- -------- -------- -------- -------- -------- --------
1000000000000002        1        0        0        0 29835609 3144099878        0
1000000000000002        2 180877170 15904610822        0 170665876 14989683027        0
1000000000000002        3 170665867 14989682212        0 180877160 15904609237        0
datapath         in-port  eth-dst           out-port packets  bytes
---------------- -------- ----------------- -------- -------- --------
datapath         port     rx-pkts  rx-bytes rx-error tx-pkts  tx-bytes tx-error
---------------- -------- -------- -------- -------- -------- -------- --------
1000000000000003        1        0        0        0 30209252 3150822905        0
1000000000000003        2 170665876 14989683707        0 180877169 15904610052        0
1000000000000003        3 180877160 15904609237        0 170665867 14989682212        0
datapath         in-port  eth-dst           out-port packets  bytes
---------------- -------- ----------------- -------- -------- --------
==================================== link detector ====================================

----------------------------
src    dst :    delay
1152921504606846977 <---> 1152921504606846979 : 2.637147903442383
1152921504606846977 <---> 1152921504606846978 : 2.4704933166503906
1152921504606846979 <---> 1152921504606846978 : 2.5572776794433594
1152921504606846979 <---> 1152921504606846977 : 2.6984214782714844
1152921504606846978 <---> 1152921504606846979 : 2.7222633361816406
1152921504606846978 <---> 1152921504606846977 : 2.702474594116211
discovery--->==================================== discovery ====================================
discovery---> cls: [(1152921504606846977, 1152921504606846979), (1152921504606846977, 1152921504606846978), (1152921504606846979, 1152921504606846978)]
discovery--->==============================
==================================== link detector ====================================

----------------------------
src    dst :    delay
1152921504606846977 <---> 1152921504606846979 : 2.3195743560791016
1152921504606846977 <---> 1152921504606846978 : 2.8667449951171875
1152921504606846979 <---> 1152921504606846978 : 1.9023418426513672
1152921504606846979 <---> 1152921504606846977 : 2.8939247131347656
1152921504606846978 <---> 1152921504606846979 : 1.9443035125732422
1152921504606846978 <---> 1152921504606846977 : 2.6803016662597656
==================================== link detector ====================================

----------------------------
src    dst :    delay
1152921504606846977 <---> 1152921504606846979 : 3.0906200408935547
1152921504606846977 <---> 1152921504606846978 : 1.392364501953125
1152921504606846979 <---> 1152921504606846978 : 2.901792526245117
1152921504606846979 <---> 1152921504606846977 : 2.910137176513672
1152921504606846978 <---> 1152921504606846979 : 1.997232437133789
1152921504606846978 <---> 1152921504606846977 : 2.6967525482177734
discovery--->==================================== discovery ====================================
discovery---> cls: [(1152921504606846977, 1152921504606846979), (1152921504606846977, 1152921504606846978), (1152921504606846979, 1152921504606846978)]
discovery--->==============================
==================================== link detector ====================================

----------------------------
src    dst :    delay
1152921504606846977 <---> 1152921504606846979 : 2.9611587524414062
1152921504606846977 <---> 1152921504606846978 : 1.5349388122558594
1152921504606846979 <---> 1152921504606846978 : 2.955913543701172
1152921504606846979 <---> 1152921504606846977 : 2.1543502807617188
1152921504606846978 <---> 1152921504606846979 : 2.519845962524414
1152921504606846978 <---> 1152921504606846977 : 2.9439926147460938
discovery--->==================================== discovery ====================================
discovery---> cls: [(1152921504606846977, 1152921504606846979), (1152921504606846977, 1152921504606846978), (1152921504606846979, 1152921504606846978)]
discovery--->==============================
==================================== link detector ====================================

----------------------------
src    dst :    delay
1152921504606846977 <---> 1152921504606846979 : 2.9032230377197266
1152921504606846977 <---> 1152921504606846978 : 2.712726593017578
1152921504606846979 <---> 1152921504606846978 : 2.850770950317383
1152921504606846979 <---> 1152921504606846977 : 2.4225711822509766
1152921504606846978 <---> 1152921504606846979 : 2.2542476654052734
1152921504606846978 <---> 1152921504606846977 : 1.8310546875
==================================== link detector ====================================

----------------------------
src    dst :    delay
1152921504606846977 <---> 1152921504606846979 : 2.816438674926758
1152921504606846977 <---> 1152921504606846978 : 2.865314483642578
1152921504606846979 <---> 1152921504606846978 : 2.0873546600341797
1152921504606846979 <---> 1152921504606846977 : 2.4504661560058594
1152921504606846978 <---> 1152921504606846979 : 2.921581268310547
1152921504606846978 <---> 1152921504606846977 : 2.011537551879883
discovery--->==================================== discovery ====================================
discovery---> cls: [(1152921504606846977, 1152921504606846979), (1152921504606846977, 1152921504606846978), (1152921504606846979, 1152921504606846978)]
discovery--->==============================
==================================== link detector ====================================

----------------------------
src    dst :    delay
1152921504606846977 <---> 1152921504606846979 : 2.454042434692383
1152921504606846977 <---> 1152921504606846978 : 2.285480499267578
1152921504606846979 <---> 1152921504606846978 : 2.8960704803466797
1152921504606846979 <---> 1152921504606846977 : 2.0308494567871094
1152921504606846978 <---> 1152921504606846979 : 2.901792526245117
1152921504606846978 <---> 1152921504606846977 : 3.1321048736572266
==================================== link detector ====================================

----------------------------
src    dst :    delay
1152921504606846977 <---> 1152921504606846979 : 1.1188983917236328
1152921504606846977 <---> 1152921504606846978 : 1.058816909790039
1152921504606846979 <---> 1152921504606846978 : 2.6526451110839844
1152921504606846979 <---> 1152921504606846977 : 1.558065414428711
1152921504606846978 <---> 1152921504606846979 : 1.2395381927490234
1152921504606846978 <---> 1152921504606846977 : 1.3270378112792969
discovery--->==================================== discovery ====================================
discovery---> cls: [(1152921504606846977, 1152921504606846979), (1152921504606846977, 1152921504606846978), (1152921504606846979, 1152921504606846978)]
discovery--->==============================
==================================== link detector ====================================

----------------------------
src    dst :    delay
1152921504606846977 <---> 1152921504606846979 : 2.4864673614501953
1152921504606846977 <---> 1152921504606846978 : 2.376079559326172
1152921504606846979 <---> 1152921504606846978 : 1.7843246459960938
1152921504606846979 <---> 1152921504606846977 : 1.153707504272461
1152921504606846978 <---> 1152921504606846979 : 1.8510818481445312
1152921504606846978 <---> 1152921504606846977 : 1.3489723205566406
discovery--->==================================== discovery ====================================
discovery---> cls: [(1152921504606846977, 1152921504606846979), (1152921504606846977, 1152921504606846978), (1152921504606846979, 1152921504606846978)]
discovery--->==============================
==================================== link detector ====================================

----------------------------
src    dst :    delay
1152921504606846977 <---> 1152921504606846979 : 2.966165542602539
1152921504606846977 <---> 1152921504606846978 : 3.0660629272460938
1152921504606846979 <---> 1152921504606846978 : 1.6031265258789062
1152921504606846979 <---> 1152921504606846977 : 2.1347999572753906
1152921504606846978 <---> 1152921504606846979 : 1.5976428985595703
1152921504606846978 <---> 1152921504606846977 : 1.1012554168701172
==================================== link detector ====================================

----------------------------
src    dst :    delay
1152921504606846977 <---> 1152921504606846979 : 3.0384063720703125
1152921504606846977 <---> 1152921504606846978 : 2.7930736541748047
1152921504606846979 <---> 1152921504606846978 : 2.2470951080322266
1152921504606846979 <---> 1152921504606846977 : 2.129793167114258
1152921504606846978 <---> 1152921504606846979 : 1.5614032745361328
1152921504606846978 <---> 1152921504606846977 : 3.111124038696289
discovery--->==================================== discovery ====================================
discovery---> cls: [(1152921504606846977, 1152921504606846979), (1152921504606846977, 1152921504606846978), (1152921504606846979, 1152921504606846978)]
discovery--->==============================
==================================== link detector ====================================

----------------------------
src    dst :    delay
1152921504606846977 <---> 1152921504606846979 : 1.0840892791748047
1152921504606846977 <---> 1152921504606846978 : 1.1005401611328125
1152921504606846979 <---> 1152921504606846978 : 1.049041748046875
1152921504606846979 <---> 1152921504606846977 : 1.1792182922363281
1152921504606846978 <---> 1152921504606846979 : 1.2793540954589844
1152921504606846978 <---> 1152921504606846977 : 1.1548995971679688
---> OFPPortStatus received: reason=MODIFY desc=OFPPort(port_no=2,hw_addr='f2:0b:8e:d0:78:81',name=b'ap1-eth2',config=0,state=0,curr=2112,advertised=0,supported=0,peer=0,curr_speed=10000000,max_speed=0)
---> OFPPortStatus received: reason=DELETE desc=OFPPort(port_no=2,hw_addr='f2:0b:8e:d0:78:81',name=b'ap1-eth2',config=0,state=0,curr=2112,advertised=0,supported=0,peer=0,curr_speed=10000000,max_speed=0)
---> OFPPortStatus received: reason=MODIFY desc=OFPPort(port_no=2,hw_addr='d2:6a:37:9d:b9:23',name=b'ap2-eth2',config=0,state=0,curr=2112,advertised=0,supported=0,peer=0,curr_speed=10000000,max_speed=0)
---> OFPPortStatus received: reason=MODIFY desc=OFPPort(port_no=2,hw_addr='00:00:00:00:00:00',name=b'ap2-eth2',config=1,state=1,curr=0,advertised=0,supported=0,peer=0,curr_speed=0,max_speed=0)
---> OFPPortStatus received: reason=DELETE desc=OFPPort(port_no=2,hw_addr='00:00:00:00:00:00',name=b'ap2-eth2',config=1,state=1,curr=0,advertised=0,supported=0,peer=0,curr_speed=0,max_speed=0)
discovery--->==================================== discovery ====================================
discovery---> cls: [(1152921504606846977, 1152921504606846979), (1152921504606846979, 1152921504606846978)]
discovery--->==============================
---> OFPPortStatus received: reason=DELETE desc=OFPPort(port_no=2,hw_addr='f2:a4:ba:e6:f1:d5',name=b'ap3-eth2',config=0,state=4,curr=2112,advertised=0,supported=0,peer=0,curr_speed=10000000,max_speed=0)
---> OFPPortStatus received: reason=DELETE desc=OFPPort(port_no=3,hw_addr='36:63:15:a3:a6:5a',name=b'ap1-eth3',config=0,state=4,curr=2112,advertised=0,supported=0,peer=0,curr_speed=10000000,max_speed=0)
---> OFPPortStatus received: reason=MODIFY desc=OFPPort(port_no=3,hw_addr='42:d4:fe:ff:f6:f8',name=b'ap2-eth3',config=0,state=0,curr=2112,advertised=0,supported=0,peer=0,curr_speed=10000000,max_speed=0)
---> OFPPortStatus received: reason=DELETE desc=OFPPort(port_no=3,hw_addr='42:d4:fe:ff:f6:f8',name=b'ap2-eth3',config=0,state=0,curr=2112,advertised=0,supported=0,peer=0,curr_speed=10000000,max_speed=0)
---> OFPPortStatus received: reason=MODIFY desc=OFPPort(port_no=3,hw_addr='0a:54:10:a1:e7:23',name=b'ap3-eth3',config=0,state=0,curr=2112,advertised=0,supported=0,peer=0,curr_speed=10000000,max_speed=0)
---> OFPPortStatus received: reason=DELETE desc=OFPPort(port_no=3,hw_addr='0a:54:10:a1:e7:23',name=b'ap3-eth3',config=0,state=0,curr=2112,advertised=0,supported=0,peer=0,curr_speed=10000000,max_speed=0)
monitor---> unreigster datapath: 1000000000000001
monitor---> unreigster datapath: 1000000000000003
monitor---> unreigster datapath: 1000000000000002
==================================== link detector ====================================

----------------------------
src    dst :    delay
1152921504606846977 <---> 1152921504606846979 : 2.474546432495117
1152921504606846977 <---> 1152921504606846978 : 2.298593521118164
1152921504606846979 <---> 1152921504606846978 : 2.0599365234375
1152921504606846979 <---> 1152921504606846977 : 29.35194969177246
1152921504606846978 <---> 1152921504606846979 : 2.0551681518554688
1152921504606846978 <---> 1152921504606846977 : 2.9592514038085938
==================================== link detector ====================================

----------------------------
src    dst :    delay
1152921504606846977 <---> 1152921504606846979 : 2.474546432495117
1152921504606846977 <---> 1152921504606846978 : 2.298593521118164
1152921504606846979 <---> 1152921504606846978 : 2.0599365234375
1152921504606846979 <---> 1152921504606846977 : 29.35194969177246
1152921504606846978 <---> 1152921504606846979 : 2.0551681518554688
1152921504606846978 <---> 1152921504606846977 : 2.9592514038085938
discovery--->==================================== discovery ====================================
discovery---> cls: []
discovery--->==============================
discovery---> switch: 1152921504606846977 connected
monitor---->register datapath: 1000000000000001
discovery---> switch: 1152921504606846978 connected
monitor---->register datapath: 1000000000000002
discovery---> switch: 1152921504606846979 connected
monitor---->register datapath: 1000000000000003
---> OFPPortStatus received: reason=MODIFY desc=OFPPort(port_no=2,hw_addr='a6:1e:5a:4c:41:3f',name=b'ap3-eth2',config=0,state=4,curr=2112,advertised=0,supported=0,peer=0,curr_speed=10000000,max_speed=0)
---> OFPPortStatus received: reason=MODIFY desc=OFPPort(port_no=3,hw_addr='c6:79:ba:45:57:ba',name=b'ap1-eth3',config=0,state=4,curr=2112,advertised=0,supported=0,peer=0,curr_speed=10000000,max_speed=0)
---> OFPPortStatus received: reason=MODIFY desc=OFPPort(port_no=3,hw_addr='22:74:7c:ad:ec:8f',name=b'ap2-eth3',config=0,state=4,curr=2112,advertised=0,supported=0,peer=0,curr_speed=10000000,max_speed=0)
---> OFPPortStatus received: reason=MODIFY desc=OFPPort(port_no=3,hw_addr='ee:ee:94:d2:ee:18',name=b'ap3-eth3',config=0,state=4,curr=2112,advertised=0,supported=0,peer=0,curr_speed=10000000,max_speed=0)
==================================== link detector ====================================

----------------------------
src    dst :    delay
1152921504606846977 <---> 1152921504606846979 : 8.43954086303711
1152921504606846977 <---> 1152921504606846978 : 11.818408966064453
1152921504606846979 <---> 1152921504606846978 : 2.1278858184814453
1152921504606846979 <---> 1152921504606846977 : 7.982492446899414
1152921504606846978 <---> 1152921504606846979 : 1.5451908111572266
1152921504606846978 <---> 1152921504606846977 : 1.2407302856445312
---> OFPPortStatus received: reason=MODIFY desc=OFPPort(port_no=2,hw_addr='56:08:ab:7c:24:5b',name=b'ap2-eth2',config=0,state=4,curr=2112,advertised=0,supported=0,peer=0,curr_speed=10000000,max_speed=0)
---> OFPPortStatus received: reason=MODIFY desc=OFPPort(port_no=2,hw_addr='be:00:35:34:1b:35',name=b'ap1-eth2',config=0,state=4,curr=2112,advertised=0,supported=0,peer=0,curr_speed=10000000,max_speed=0)
==================================== link detector ====================================

----------------------------
src    dst :    delay
1152921504606846977 <---> 1152921504606846979 : 1.863718032836914
1152921504606846977 <---> 1152921504606846978 : 3.0095577239990234
1152921504606846979 <---> 1152921504606846978 : 2.1250247955322266
1152921504606846979 <---> 1152921504606846977 : 2.473115921020508
1152921504606846978 <---> 1152921504606846979 : 2.155303955078125
1152921504606846978 <---> 1152921504606846977 : 3.2052993774414062
discovery--->==================================== discovery ====================================
discovery---> cls: [(1152921504606846978, 1152921504606846977), (1152921504606846978, 1152921504606846979), (1152921504606846977, 1152921504606846979)]
discovery--->==============================
shortest=====>[PATH] [10.0.0.1 <----> 10.0.0.2]: [1152921504606846977, 1152921504606846978]
shortest=====>[PATH] [10.0.0.1 <----> 10.0.0.2]: [1152921504606846978]
network_shorest_path: Exception occurred during handler processing. Backtrace from offending handler [_packet_in_handler] servicing event [EventOFPPacketIn] follows.
Traceback (most recent call last):
  File "/usr/local/lib/python3.6/dist-packages/ryu/base/app_manager.py", line 290, in _event_loop
    handler(ev)
  File "/home/terry/LJQ/Task/ryu/network_shortest_path.py", line 99, in _packet_in_handler
    self.calculate_shortest_paths(msg, eth_type, ipv4_pkt.src, ipv4_pkt.dst)
  File "/home/terry/LJQ/Task/ryu/network_shortest_path.py", line 113, in calculate_shortest_paths
    path = self.calculate_path(src_switch, dst_switch)
  File "/home/terry/LJQ/Task/ryu/network_shortest_path.py", line 157, in calculate_path
    self.network_structure.calculate_shortest_paths(src_dpid, dst_dpid, self.network_structure.calculate_weight)
  File "/home/terry/LJQ/Task/ryu/network_structure.py", line 225, in calculate_shortest_paths
    weight=weight, method=setting.METHOD)
  File "/home/terry/.local/lib/python3.6/site-packages/networkx/algorithms/shortest_paths/generic.py", line 162, in shortest_path
    paths = nx.dijkstra_path(G, source, target, weight)
  File "/home/terry/.local/lib/python3.6/site-packages/networkx/algorithms/shortest_paths/weighted.py", line 157, in dijkstra_path
    (length, path) = single_source_dijkstra(G, source, target=target, weight=weight)
  File "/home/terry/.local/lib/python3.6/site-packages/networkx/algorithms/shortest_paths/weighted.py", line 465, in single_source_dijkstra
    G, {source}, cutoff=cutoff, target=target, weight=weight
  File "/home/terry/.local/lib/python3.6/site-packages/networkx/algorithms/shortest_paths/weighted.py", line 723, in multi_source_dijkstra
    G, sources, weight, paths=paths, cutoff=cutoff, target=target
  File "/home/terry/.local/lib/python3.6/site-packages/networkx/algorithms/shortest_paths/weighted.py", line 831, in _dijkstra_multisource
    raise ValueError("Contradictory paths found:", "negative weights?")
ValueError: ('Contradictory paths found:', 'negative weights?')
==================================== link detector ====================================

----------------------------
src    dst :    delay
1152921504606846977 <---> 1152921504606846979 : 3.094196319580078
1152921504606846977 <---> 1152921504606846978 : 2.6214122772216797
1152921504606846979 <---> 1152921504606846978 : 1.2106895446777344
1152921504606846979 <---> 1152921504606846977 : 5.284309387207031
1152921504606846978 <---> 1152921504606846979 : 1.0955333709716797
1152921504606846978 <---> 1152921504606846977 : 2.0904541015625
discovery--->==================================== discovery ====================================
discovery---> cls: [(1152921504606846978, 1152921504606846977), (1152921504606846978, 1152921504606846979), (1152921504606846977, 1152921504606846979)]
discovery--->==============================
==================================== link detector ====================================

----------------------------
src    dst :    delay
1152921504606846977 <---> 1152921504606846979 : 1.53350830078125
1152921504606846977 <---> 1152921504606846978 : 1.798391342163086
1152921504606846979 <---> 1152921504606846978 : 2.0241737365722656
1152921504606846979 <---> 1152921504606846977 : 3.184795379638672
1152921504606846978 <---> 1152921504606846979 : 1.580953598022461
1152921504606846978 <---> 1152921504606846977 : 2.2478103637695312
==================================== link detector ====================================

----------------------------
src    dst :    delay
1152921504606846977 <---> 1152921504606846979 : 2.7942657470703125
1152921504606846977 <---> 1152921504606846978 : 3.0112266540527344
1152921504606846979 <---> 1152921504606846978 : 3.0770301818847656
1152921504606846979 <---> 1152921504606846977 : 3.0701160430908203
1152921504606846978 <---> 1152921504606846979 : 3.164529800415039
1152921504606846978 <---> 1152921504606846977 : 2.9959678649902344
discovery--->==================================== discovery ====================================
discovery---> cls: [(1152921504606846978, 1152921504606846977), (1152921504606846978, 1152921504606846979), (1152921504606846977, 1152921504606846979)]
discovery--->==============================
==================================== link detector ====================================

----------------------------
src    dst :    delay
1152921504606846977 <---> 1152921504606846979 : 1.3132095336914062
1152921504606846977 <---> 1152921504606846978 : 3.0264854431152344
1152921504606846979 <---> 1152921504606846978 : 2.7616024017333984
1152921504606846979 <---> 1152921504606846977 : 1.3594627380371094
1152921504606846978 <---> 1152921504606846979 : 2.7854442596435547
1152921504606846978 <---> 1152921504606846977 : 1.4827251434326172
shortest=====>[PATH] [10.0.0.2 <----> 10.0.0.3]: [1152921504606846978, 1152921504606846979]
network_shorest_path: Exception occurred during handler processing. Backtrace from offending handler [_packet_in_handler] servicing event [EventOFPPacketIn] follows.
Traceback (most recent call last):
  File "/usr/local/lib/python3.6/dist-packages/ryu/base/app_manager.py", line 290, in _event_loop
    handler(ev)
  File "/home/terry/LJQ/Task/ryu/network_shortest_path.py", line 99, in _packet_in_handler
    self.calculate_shortest_paths(msg, eth_type, ipv4_pkt.src, ipv4_pkt.dst)
  File "/home/terry/LJQ/Task/ryu/network_shortest_path.py", line 113, in calculate_shortest_paths
    path = self.calculate_path(src_switch, dst_switch)
  File "/home/terry/LJQ/Task/ryu/network_shortest_path.py", line 157, in calculate_path
    self.network_structure.calculate_shortest_paths(src_dpid, dst_dpid, self.network_structure.calculate_weight)
  File "/home/terry/LJQ/Task/ryu/network_structure.py", line 225, in calculate_shortest_paths
    weight=weight, method=setting.METHOD)
  File "/home/terry/.local/lib/python3.6/site-packages/networkx/algorithms/shortest_paths/generic.py", line 162, in shortest_path
    paths = nx.dijkstra_path(G, source, target, weight)
  File "/home/terry/.local/lib/python3.6/site-packages/networkx/algorithms/shortest_paths/weighted.py", line 157, in dijkstra_path
    (length, path) = single_source_dijkstra(G, source, target=target, weight=weight)
  File "/home/terry/.local/lib/python3.6/site-packages/networkx/algorithms/shortest_paths/weighted.py", line 465, in single_source_dijkstra
    G, {source}, cutoff=cutoff, target=target, weight=weight
  File "/home/terry/.local/lib/python3.6/site-packages/networkx/algorithms/shortest_paths/weighted.py", line 723, in multi_source_dijkstra
    G, sources, weight, paths=paths, cutoff=cutoff, target=target
  File "/home/terry/.local/lib/python3.6/site-packages/networkx/algorithms/shortest_paths/weighted.py", line 831, in _dijkstra_multisource
    raise ValueError("Contradictory paths found:", "negative weights?")
ValueError: ('Contradictory paths found:', 'negative weights?')
discovery--->==================================== discovery ====================================
discovery---> cls: [(1152921504606846978, 1152921504606846977), (1152921504606846978, 1152921504606846979), (1152921504606846977, 1152921504606846979)]
discovery--->==============================
==================================== link detector ====================================

----------------------------
src    dst :    delay
1152921504606846977 <---> 1152921504606846979 : 1.6200542449951172
1152921504606846977 <---> 1152921504606846978 : 2.6285648345947266
1152921504606846979 <---> 1152921504606846978 : 2.104043960571289
1152921504606846979 <---> 1152921504606846977 : 1.9969940185546875
1152921504606846978 <---> 1152921504606846979 : 2.977609634399414
1152921504606846978 <---> 1152921504606846977 : 2.981424331665039
==================================== link detector ====================================

----------------------------
src    dst :    delay
1152921504606846977 <---> 1152921504606846979 : 3.2002925872802734
1152921504606846977 <---> 1152921504606846978 : 3.046751022338867
1152921504606846979 <---> 1152921504606846978 : 3.017902374267578
1152921504606846979 <---> 1152921504606846977 : 2.103090286254883
1152921504606846978 <---> 1152921504606846979 : 2.7081966400146484
1152921504606846978 <---> 1152921504606846977 : 3.0443668365478516
discovery--->==================================== discovery ====================================
discovery---> cls: [(1152921504606846978, 1152921504606846977), (1152921504606846978, 1152921504606846979), (1152921504606846977, 1152921504606846979)]
discovery--->==============================
==================================== link detector ====================================

----------------------------
src    dst :    delay
1152921504606846977 <---> 1152921504606846979 : 2.5157928466796875
1152921504606846977 <---> 1152921504606846978 : 2.969980239868164
1152921504606846979 <---> 1152921504606846978 : 2.4607181549072266
1152921504606846979 <---> 1152921504606846977 : 2.511262893676758
1152921504606846978 <---> 1152921504606846979 : 2.299785614013672
1152921504606846978 <---> 1152921504606846977 : 1.6846656799316406
==================================== link detector ====================================

----------------------------
src    dst :    delay
1152921504606846977 <---> 1152921504606846979 : 2.8429031372070312
1152921504606846977 <---> 1152921504606846978 : 1.5833377838134766
1152921504606846979 <---> 1152921504606846978 : 2.9480457305908203
1152921504606846979 <---> 1152921504606846977 : 2.9294490814208984
1152921504606846978 <---> 1152921504606846979 : 2.937793731689453
1152921504606846978 <---> 1152921504606846977 : 2.9675960540771484
discovery--->==================================== discovery ====================================
discovery---> cls: [(1152921504606846978, 1152921504606846977), (1152921504606846978, 1152921504606846979), (1152921504606846977, 1152921504606846979)]
discovery--->==============================
==================================== link detector ====================================

----------------------------
src    dst :    delay
1152921504606846977 <---> 1152921504606846979 : 2.1102428436279297
1152921504606846977 <---> 1152921504606846978 : 2.9523372650146484
1152921504606846979 <---> 1152921504606846978 : 2.640962600708008
1152921504606846979 <---> 1152921504606846977 : 2.7358531951904297
1152921504606846978 <---> 1152921504606846979 : 2.607107162475586
1152921504606846978 <---> 1152921504606846977 : 2.969503402709961
discovery--->==================================== discovery ====================================
discovery---> cls: [(1152921504606846978, 1152921504606846977), (1152921504606846978, 1152921504606846979), (1152921504606846977, 1152921504606846979)]
discovery--->==============================
==================================== link detector ====================================

----------------------------
src    dst :    delay
1152921504606846977 <---> 1152921504606846979 : 3.134012222290039
1152921504606846977 <---> 1152921504606846978 : 2.8028488159179688
1152921504606846979 <---> 1152921504606846978 : 2.908945083618164
1152921504606846979 <---> 1152921504606846977 : 2.970457077026367
1152921504606846978 <---> 1152921504606846979 : 1.6169548034667969
1152921504606846978 <---> 1152921504606846977 : 3.0145645141601562
==================================== link detector ====================================

----------------------------
src    dst :    delay
1152921504606846977 <---> 1152921504606846979 : 2.9015541076660156
1152921504606846977 <---> 1152921504606846978 : 1.6739368438720703
1152921504606846979 <---> 1152921504606846978 : 2.714872360229492
1152921504606846979 <---> 1152921504606846977 : 2.039670944213867
1152921504606846978 <---> 1152921504606846979 : 2.6946067810058594
1152921504606846978 <---> 1152921504606846977 : 2.9706954956054688
discovery--->==================================== discovery ====================================
discovery---> cls: [(1152921504606846978, 1152921504606846977), (1152921504606846978, 1152921504606846979), (1152921504606846977, 1152921504606846979)]
discovery--->==============================
==================================== link detector ====================================

----------------------------
src    dst :    delay
1152921504606846977 <---> 1152921504606846979 : 2.931833267211914
1152921504606846977 <---> 1152921504606846978 : 1.57928466796875
1152921504606846979 <---> 1152921504606846978 : 3.0412673950195312
1152921504606846979 <---> 1152921504606846977 : 3.087282180786133
1152921504606846978 <---> 1152921504606846979 : 2.0453929901123047
1152921504606846978 <---> 1152921504606846977 : 2.4483203887939453
discovery--->==================================== discovery ====================================
discovery---> cls: [(1152921504606846978, 1152921504606846977), (1152921504606846978, 1152921504606846979), (1152921504606846977, 1152921504606846979)]
discovery--->==============================
==================================== link detector ====================================

----------------------------
src    dst :    delay
1152921504606846977 <---> 1152921504606846979 : 1.560211181640625
1152921504606846977 <---> 1152921504606846978 : 3.0493736267089844
1152921504606846979 <---> 1152921504606846978 : 2.5119781494140625
1152921504606846979 <---> 1152921504606846977 : 2.622365951538086
1152921504606846978 <---> 1152921504606846979 : 2.5548934936523438
1152921504606846978 <---> 1152921504606846977 : 1.861572265625
==================================== link detector ====================================

----------------------------
src    dst :    delay
1152921504606846977 <---> 1152921504606846979 : 1.5666484832763672
1152921504606846977 <---> 1152921504606846978 : 2.8221607208251953
1152921504606846979 <---> 1152921504606846978 : 2.560853958129883
1152921504606846979 <---> 1152921504606846977 : 2.9671192169189453
1152921504606846978 <---> 1152921504606846979 : 2.2172927856445312
1152921504606846978 <---> 1152921504606846977 : 2.4225711822509766
discovery--->==================================== discovery ====================================
discovery---> cls: [(1152921504606846978, 1152921504606846977), (1152921504606846978, 1152921504606846979), (1152921504606846977, 1152921504606846979)]
discovery--->==============================
==================================== link detector ====================================

----------------------------
src    dst :    delay
1152921504606846977 <---> 1152921504606846979 : 3.009796142578125
1152921504606846977 <---> 1152921504606846978 : 2.362489700317383
1152921504606846979 <---> 1152921504606846978 : 3.030061721801758
1152921504606846979 <---> 1152921504606846977 : 1.911163330078125
1152921504606846978 <---> 1152921504606846979 : 3.1545162200927734
1152921504606846978 <---> 1152921504606846977 : 3.035306930541992
network_shorest_path: Exception occurred during handler processing. Backtrace from offending handler [_packet_in_handler] servicing event [EventOFPPacketIn] follows.
Traceback (most recent call last):
  File "/usr/local/lib/python3.6/dist-packages/ryu/base/app_manager.py", line 290, in _event_loop
    handler(ev)
  File "/home/terry/LJQ/Task/ryu/network_shortest_path.py", line 99, in _packet_in_handler
    self.calculate_shortest_paths(msg, eth_type, ipv4_pkt.src, ipv4_pkt.dst)
  File "/home/terry/LJQ/Task/ryu/network_shortest_path.py", line 113, in calculate_shortest_paths
    path = self.calculate_path(src_switch, dst_switch)
  File "/home/terry/LJQ/Task/ryu/network_shortest_path.py", line 157, in calculate_path
    self.network_structure.calculate_shortest_paths(src_dpid, dst_dpid, self.network_structure.calculate_weight)
  File "/home/terry/LJQ/Task/ryu/network_structure.py", line 225, in calculate_shortest_paths
    weight=weight, method=setting.METHOD)
  File "/home/terry/.local/lib/python3.6/site-packages/networkx/algorithms/shortest_paths/generic.py", line 162, in shortest_path
    paths = nx.dijkstra_path(G, source, target, weight)
  File "/home/terry/.local/lib/python3.6/site-packages/networkx/algorithms/shortest_paths/weighted.py", line 157, in dijkstra_path
    (length, path) = single_source_dijkstra(G, source, target=target, weight=weight)
  File "/home/terry/.local/lib/python3.6/site-packages/networkx/algorithms/shortest_paths/weighted.py", line 465, in single_source_dijkstra
    G, {source}, cutoff=cutoff, target=target, weight=weight
  File "/home/terry/.local/lib/python3.6/site-packages/networkx/algorithms/shortest_paths/weighted.py", line 723, in multi_source_dijkstra
    G, sources, weight, paths=paths, cutoff=cutoff, target=target
  File "/home/terry/.local/lib/python3.6/site-packages/networkx/algorithms/shortest_paths/weighted.py", line 831, in _dijkstra_multisource
    raise ValueError("Contradictory paths found:", "negative weights?")
ValueError: ('Contradictory paths found:', 'negative weights?')
discovery--->==================================== discovery ====================================
discovery---> cls: [(1152921504606846978, 1152921504606846977), (1152921504606846978, 1152921504606846979), (1152921504606846977, 1152921504606846979)]
discovery--->==============================
==================================== link detector ====================================

----------------------------
src    dst :    delay
1152921504606846977 <---> 1152921504606846979 : 2.227783203125
1152921504606846977 <---> 1152921504606846978 : 2.704143524169922
1152921504606846979 <---> 1152921504606846978 : 2.1152496337890625
1152921504606846979 <---> 1152921504606846977 : 2.1195411682128906
1152921504606846978 <---> 1152921504606846979 : 2.0706653594970703
1152921504606846978 <---> 1152921504606846977 : 3.048419952392578
==================================== link detector ====================================

----------------------------
src    dst :    delay
1152921504606846977 <---> 1152921504606846979 : 2.992391586303711
1152921504606846977 <---> 1152921504606846978 : 2.8111934661865234
1152921504606846979 <---> 1152921504606846978 : 3.0286312103271484
1152921504606846979 <---> 1152921504606846977 : 3.136157989501953
1152921504606846978 <---> 1152921504606846979 : 1.6138553619384766
1152921504606846978 <---> 1152921504606846977 : 2.964496612548828
discovery--->==================================== discovery ====================================
discovery---> cls: [(1152921504606846978, 1152921504606846977), (1152921504606846978, 1152921504606846979), (1152921504606846977, 1152921504606846979)]
discovery--->==============================
==================================== link detector ====================================

----------------------------
src    dst :    delay
1152921504606846977 <---> 1152921504606846979 : 2.9158592224121094
1152921504606846977 <---> 1152921504606846978 : 1.928091049194336
1152921504606846979 <---> 1152921504606846978 : 1.5938282012939453
1152921504606846979 <---> 1152921504606846977 : 1.6582012176513672
1152921504606846978 <---> 1152921504606846979 : 2.946615219116211
1152921504606846978 <---> 1152921504606846977 : 2.1953582763671875
shortest=====>[PATH] [10.0.0.3 <----> 10.0.0.1]: [1152921504606846979, 1152921504606846977]
==================================== link detector ====================================

----------------------------
src    dst :    delay
1152921504606846977 <---> 1152921504606846979 : 3.023386001586914
1152921504606846977 <---> 1152921504606846978 : 2.5246143341064453
1152921504606846979 <---> 1152921504606846978 : 3.0465126037597656
1152921504606846979 <---> 1152921504606846977 : 5.151271820068359
1152921504606846978 <---> 1152921504606846979 : 1.589059829711914
1152921504606846978 <---> 1152921504606846977 : 2.1555423736572266
discovery--->==================================== discovery ====================================
discovery---> cls: [(1152921504606846978, 1152921504606846977), (1152921504606846978, 1152921504606846979), (1152921504606846977, 1152921504606846979)]
discovery--->==============================
==================================== link detector ====================================

----------------------------
src    dst :    delay
1152921504606846977 <---> 1152921504606846979 : 3.062009811401367
1152921504606846977 <---> 1152921504606846978 : 2.9532909393310547
1152921504606846979 <---> 1152921504606846978 : 1.5995502471923828
1152921504606846979 <---> 1152921504606846977 : 1.5721321105957031
1152921504606846978 <---> 1152921504606846979 : 2.961874008178711
1152921504606846978 <---> 1152921504606846977 : 3.2722949981689453
discovery--->==================================== discovery ====================================
discovery---> cls: [(1152921504606846978, 1152921504606846977), (1152921504606846978, 1152921504606846979), (1152921504606846977, 1152921504606846979)]
discovery--->==============================
==================================== link detector ====================================

----------------------------
src    dst :    delay
1152921504606846977 <---> 1152921504606846979 : 2.4089813232421875
1152921504606846977 <---> 1152921504606846978 : 1.8417835235595703
1152921504606846979 <---> 1152921504606846978 : 2.9850006103515625
1152921504606846979 <---> 1152921504606846977 : 1.8444061279296875
1152921504606846978 <---> 1152921504606846979 : 3.0486583709716797
1152921504606846978 <---> 1152921504606846977 : 2.0432472229003906
==================================== link detector ====================================

----------------------------
src    dst :    delay
1152921504606846977 <---> 1152921504606846979 : 1.5087127685546875
1152921504606846977 <---> 1152921504606846978 : 3.4613609313964844
1152921504606846979 <---> 1152921504606846978 : 1.6832351684570312
1152921504606846979 <---> 1152921504606846977 : 1.9366741180419922
1152921504606846978 <---> 1152921504606846979 : 2.8696060180664062
1152921504606846978 <---> 1152921504606846977 : 3.0634403228759766
discovery--->==================================== discovery ====================================
discovery---> cls: [(1152921504606846978, 1152921504606846977), (1152921504606846978, 1152921504606846979), (1152921504606846977, 1152921504606846979)]
discovery--->==============================
==================================== link detector ====================================

----------------------------
src    dst :    delay
1152921504606846977 <---> 1152921504606846979 : 2.2182464599609375
1152921504606846977 <---> 1152921504606846978 : 1.6472339630126953
1152921504606846979 <---> 1152921504606846978 : 1.5919208526611328
1152921504606846979 <---> 1152921504606846977 : 2.9528141021728516
1152921504606846978 <---> 1152921504606846979 : 2.2268295288085938
1152921504606846978 <---> 1152921504606846977 : 1.9481182098388672
discovery--->==================================== discovery ====================================
discovery---> cls: [(1152921504606846978, 1152921504606846977), (1152921504606846978, 1152921504606846979), (1152921504606846977, 1152921504606846979)]
discovery--->==============================
==================================== link detector ====================================

----------------------------
src    dst :    delay
1152921504606846977 <---> 1152921504606846979 : 3.074169158935547
1152921504606846977 <---> 1152921504606846978 : 2.8188228607177734
1152921504606846979 <---> 1152921504606846978 : 1.6033649444580078
1152921504606846979 <---> 1152921504606846977 : 2.96783447265625
1152921504606846978 <---> 1152921504606846979 : 2.9158592224121094
1152921504606846978 <---> 1152921504606846977 : 2.971649169921875
==================================== link detector ====================================

----------------------------
src    dst :    delay
1152921504606846977 <---> 1152921504606846979 : 2.496004104614258
1152921504606846977 <---> 1152921504606846978 : 3.0622482299804688
1152921504606846979 <---> 1152921504606846978 : 2.4302005767822266
1152921504606846979 <---> 1152921504606846977 : 2.446889877319336
1152921504606846978 <---> 1152921504606846979 : 2.510547637939453
1152921504606846978 <---> 1152921504606846977 : 1.6927719116210938
discovery--->==================================== discovery ====================================
discovery---> cls: [(1152921504606846978, 1152921504606846977), (1152921504606846978, 1152921504606846979), (1152921504606846977, 1152921504606846979)]
discovery--->==============================
==================================== link detector ====================================

----------------------------
src    dst :    delay
1152921504606846977 <---> 1152921504606846979 : 2.8007030487060547
1152921504606846977 <---> 1152921504606846978 : 2.9065608978271484
1152921504606846979 <---> 1152921504606846978 : 1.8222332000732422
1152921504606846979 <---> 1152921504606846977 : 1.6436576843261719
1152921504606846978 <---> 1152921504606846979 : 1.9338130950927734
1152921504606846978 <---> 1152921504606846977 : 3.138303756713867
==================================== link detector ====================================

----------------------------
src    dst :    delay
1152921504606846977 <---> 1152921504606846979 : 3.014087677001953
1152921504606846977 <---> 1152921504606846978 : 2.928018569946289
1152921504606846979 <---> 1152921504606846978 : 3.0634403228759766
1152921504606846979 <---> 1152921504606846977 : 1.6131401062011719
1152921504606846978 <---> 1152921504606846979 : 3.0083656311035156
1152921504606846978 <---> 1152921504606846977 : 2.02178955078125
discovery--->==================================== discovery ====================================
discovery---> cls: [(1152921504606846978, 1152921504606846977), (1152921504606846978, 1152921504606846979), (1152921504606846977, 1152921504606846979)]
discovery--->==============================
==================================== link detector ====================================

----------------------------
src    dst :    delay
1152921504606846977 <---> 1152921504606846979 : 2.3429393768310547
1152921504606846977 <---> 1152921504606846978 : 2.1529197692871094
1152921504606846979 <---> 1152921504606846978 : 3.1518936157226562
1152921504606846979 <---> 1152921504606846977 : 3.0336380004882812
1152921504606846978 <---> 1152921504606846979 : 1.6367435455322266
1152921504606846978 <---> 1152921504606846977 : 3.000020980834961
discovery--->==================================== discovery ====================================
discovery---> cls: [(1152921504606846978, 1152921504606846977), (1152921504606846978, 1152921504606846979), (1152921504606846977, 1152921504606846979)]
discovery--->==============================
==================================== link detector ====================================

----------------------------
src    dst :    delay
1152921504606846977 <---> 1152921504606846979 : 3.010272979736328
1152921504606846977 <---> 1152921504606846978 : 1.8875598907470703
1152921504606846979 <---> 1152921504606846978 : 3.0393600463867188
1152921504606846979 <---> 1152921504606846977 : 3.096342086791992
1152921504606846978 <---> 1152921504606846979 : 3.094911575317383
1152921504606846978 <---> 1152921504606846977 : 3.0062198638916016
==================================== link detector ====================================

----------------------------
src    dst :    delay
1152921504606846977 <---> 1152921504606846979 : 3.1485557556152344
1152921504606846977 <---> 1152921504606846978 : 3.0100345611572266
1152921504606846979 <---> 1152921504606846978 : 2.9876232147216797
1152921504606846979 <---> 1152921504606846977 : 3.0517578125
1152921504606846978 <---> 1152921504606846979 : 1.764059066772461
1152921504606846978 <---> 1152921504606846977 : 2.0182132720947266
discovery--->==================================== discovery ====================================
discovery---> cls: [(1152921504606846978, 1152921504606846977), (1152921504606846978, 1152921504606846979), (1152921504606846977, 1152921504606846979)]
discovery--->==============================
==================================== link detector ====================================

----------------------------
src    dst :    delay
1152921504606846977 <---> 1152921504606846979 : 3.0765533447265625
1152921504606846977 <---> 1152921504606846978 : 2.855539321899414
1152921504606846979 <---> 1152921504606846978 : 2.378225326538086
1152921504606846979 <---> 1152921504606846977 : 2.966642379760742
1152921504606846978 <---> 1152921504606846979 : 1.7554759979248047
1152921504606846978 <---> 1152921504606846977 : 3.2286643981933594
discovery--->==================================== discovery ====================================
discovery---> cls: [(1152921504606846978, 1152921504606846977), (1152921504606846978, 1152921504606846979), (1152921504606846977, 1152921504606846979)]
discovery--->==============================
==================================== link detector ====================================

----------------------------
src    dst :    delay
1152921504606846977 <---> 1152921504606846979 : 2.7616024017333984
1152921504606846977 <---> 1152921504606846978 : 3.02886962890625
1152921504606846979 <---> 1152921504606846978 : 3.172159194946289
1152921504606846979 <---> 1152921504606846977 : 2.3915767669677734
1152921504606846978 <---> 1152921504606846979 : 3.0586719512939453
1152921504606846978 <---> 1152921504606846977 : 3.2622814178466797
==================================== link detector ====================================

----------------------------
src    dst :    delay
1152921504606846977 <---> 1152921504606846979 : 3.181934356689453
1152921504606846977 <---> 1152921504606846978 : 1.6329288482666016
1152921504606846979 <---> 1152921504606846978 : 1.9252300262451172
1152921504606846979 <---> 1152921504606846977 : 3.0221939086914062
1152921504606846978 <---> 1152921504606846979 : 2.0635128021240234
1152921504606846978 <---> 1152921504606846977 : 2.1920204162597656
discovery--->==================================== discovery ====================================
discovery---> cls: [(1152921504606846978, 1152921504606846977), (1152921504606846978, 1152921504606846979), (1152921504606846977, 1152921504606846979)]
discovery--->==============================
==================================== link detector ====================================

----------------------------
src    dst :    delay
1152921504606846977 <---> 1152921504606846979 : 2.8743743896484375
1152921504606846977 <---> 1152921504606846978 : 2.6891231536865234
1152921504606846979 <---> 1152921504606846978 : 2.902507781982422
1152921504606846979 <---> 1152921504606846977 : 2.080678939819336
1152921504606846978 <---> 1152921504606846979 : 3.217935562133789
1152921504606846978 <---> 1152921504606846977 : 1.5404224395751953
==================================== link detector ====================================

----------------------------
src    dst :    delay
1152921504606846977 <---> 1152921504606846979 : 2.961874008178711
1152921504606846977 <---> 1152921504606846978 : 2.899646759033203
1152921504606846979 <---> 1152921504606846978 : 2.986431121826172
1152921504606846979 <---> 1152921504606846977 : 1.67083740234375
1152921504606846978 <---> 1152921504606846979 : 2.8259754180908203
1152921504606846978 <---> 1152921504606846977 : 1.6741752624511719
discovery--->==================================== discovery ====================================
discovery---> cls: [(1152921504606846978, 1152921504606846977), (1152921504606846978, 1152921504606846979), (1152921504606846977, 1152921504606846979)]
discovery--->==============================
==================================== link detector ====================================

----------------------------
src    dst :    delay
1152921504606846977 <---> 1152921504606846979 : 2.0880699157714844
1152921504606846977 <---> 1152921504606846978 : 2.868175506591797
1152921504606846979 <---> 1152921504606846978 : 3.021717071533203
1152921504606846979 <---> 1152921504606846977 : 2.8328895568847656
1152921504606846978 <---> 1152921504606846979 : 1.5799999237060547
1152921504606846978 <---> 1152921504606846977 : 1.9276142120361328
discovery--->==================================== discovery ====================================
discovery---> cls: [(1152921504606846978, 1152921504606846977), (1152921504606846978, 1152921504606846979), (1152921504606846977, 1152921504606846979)]
discovery--->==============================
==================================== link detector ====================================

----------------------------
src    dst :    delay
1152921504606846977 <---> 1152921504606846979 : 1.6226768493652344
1152921504606846977 <---> 1152921504606846978 : 2.751588821411133
1152921504606846979 <---> 1152921504606846978 : 3.2334327697753906
1152921504606846979 <---> 1152921504606846977 : 3.267526626586914
1152921504606846978 <---> 1152921504606846979 : 1.3518333435058594
1152921504606846978 <---> 1152921504606846977 : 2.8967857360839844
==================================== link detector ====================================

----------------------------
src    dst :    delay
1152921504606846977 <---> 1152921504606846979 : 2.023935317993164
1152921504606846977 <---> 1152921504606846978 : 2.119302749633789
1152921504606846979 <---> 1152921504606846978 : 2.653837203979492
1152921504606846979 <---> 1152921504606846977 : 2.1102428436279297
1152921504606846978 <---> 1152921504606846979 : 2.015829086303711
1152921504606846978 <---> 1152921504606846977 : 2.0558834075927734
discovery--->==================================== discovery ====================================
discovery---> cls: [(1152921504606846978, 1152921504606846977), (1152921504606846978, 1152921504606846979), (1152921504606846977, 1152921504606846979)]
discovery--->==============================
==================================== link detector ====================================

----------------------------
src    dst :    delay
1152921504606846977 <---> 1152921504606846979 : 1.501321792602539
1152921504606846977 <---> 1152921504606846978 : 1.4925003051757812
1152921504606846979 <---> 1152921504606846978 : 1.6489028930664062
1152921504606846979 <---> 1152921504606846977 : 3.0183792114257812
1152921504606846978 <---> 1152921504606846979 : 3.023386001586914
1152921504606846978 <---> 1152921504606846977 : 1.9245147705078125
discovery--->==================================== discovery ====================================
discovery---> cls: [(1152921504606846978, 1152921504606846977), (1152921504606846978, 1152921504606846979), (1152921504606846977, 1152921504606846979)]
discovery--->==============================
==================================== link detector ====================================

----------------------------
src    dst :    delay
1152921504606846977 <---> 1152921504606846979 : 2.1593570709228516
1152921504606846977 <---> 1152921504606846978 : 2.2335052490234375
1152921504606846979 <---> 1152921504606846978 : 2.7475357055664062
1152921504606846979 <---> 1152921504606846977 : 2.737283706665039
1152921504606846978 <---> 1152921504606846979 : 2.8107166290283203
1152921504606846978 <---> 1152921504606846977 : 2.7968883514404297
==================================== link detector ====================================

----------------------------
src    dst :    delay
1152921504606846977 <---> 1152921504606846979 : 2.0890235900878906
1152921504606846977 <---> 1152921504606846978 : 2.8657913208007812
1152921504606846979 <---> 1152921504606846978 : 1.8537044525146484
1152921504606846979 <---> 1152921504606846977 : 3.0357837677001953
1152921504606846978 <---> 1152921504606846979 : 2.9213428497314453
1152921504606846978 <---> 1152921504606846977 : 1.829385757446289
discovery--->==================================== discovery ====================================
discovery---> cls: [(1152921504606846978, 1152921504606846977), (1152921504606846978, 1152921504606846979), (1152921504606846977, 1152921504606846979)]
discovery--->==============================
==================================== link detector ====================================

----------------------------
src    dst :    delay
1152921504606846977 <---> 1152921504606846979 : 2.5191307067871094
1152921504606846977 <---> 1152921504606846978 : 1.6417503356933594
1152921504606846979 <---> 1152921504606846978 : 1.6870498657226562
1152921504606846979 <---> 1152921504606846977 : 3.020763397216797
1152921504606846978 <---> 1152921504606846979 : 2.981901168823242
1152921504606846978 <---> 1152921504606846977 : 1.6379356384277344
discovery--->==================================== discovery ====================================
discovery---> cls: [(1152921504606846978, 1152921504606846977), (1152921504606846978, 1152921504606846979), (1152921504606846977, 1152921504606846979)]
discovery--->==============================
==================================== link detector ====================================

----------------------------
src    dst :    delay
1152921504606846977 <---> 1152921504606846979 : 1.5461444854736328
1152921504606846977 <---> 1152921504606846978 : 2.8297901153564453
1152921504606846979 <---> 1152921504606846978 : 1.6431808471679688
1152921504606846979 <---> 1152921504606846977 : 3.099203109741211
1152921504606846978 <---> 1152921504606846979 : 3.0803680419921875
1152921504606846978 <---> 1152921504606846977 : 1.9431114196777344
==================================== link detector ====================================

----------------------------
src    dst :    delay
1152921504606846977 <---> 1152921504606846979 : 2.1049976348876953
1152921504606846977 <---> 1152921504606846978 : 2.8493404388427734
1152921504606846979 <---> 1152921504606846978 : 3.0324459075927734
1152921504606846979 <---> 1152921504606846977 : 3.0159950256347656
1152921504606846978 <---> 1152921504606846979 : 3.030061721801758
1152921504606846978 <---> 1152921504606846977 : 2.0880699157714844
discovery--->==================================== discovery ====================================
discovery---> cls: [(1152921504606846978, 1152921504606846977), (1152921504606846978, 1152921504606846979), (1152921504606846977, 1152921504606846979)]
discovery--->==============================
==================================== link detector ====================================

----------------------------
src    dst :    delay
1152921504606846977 <---> 1152921504606846979 : 1.7333030700683594
1152921504606846977 <---> 1152921504606846978 : 1.86920166015625
1152921504606846979 <---> 1152921504606846978 : 3.0400753021240234
1152921504606846979 <---> 1152921504606846977 : 2.9764175415039062
1152921504606846978 <---> 1152921504606846979 : 1.9595623016357422
1152921504606846978 <---> 1152921504606846977 : 2.93731689453125
==================================== link detector ====================================

----------------------------
src    dst :    delay
1152921504606846977 <---> 1152921504606846979 : 2.9349327087402344
1152921504606846977 <---> 1152921504606846978 : 1.5048980712890625
1152921504606846979 <---> 1152921504606846978 : 1.5687942504882812
1152921504606846979 <---> 1152921504606846977 : 2.989053726196289
1152921504606846978 <---> 1152921504606846979 : 3.0646324157714844
1152921504606846978 <---> 1152921504606846977 : 3.010272979736328
discovery--->==================================== discovery ====================================
discovery---> cls: [(1152921504606846978, 1152921504606846977), (1152921504606846978, 1152921504606846979), (1152921504606846977, 1152921504606846979)]
discovery--->==============================
==================================== link detector ====================================

----------------------------
src    dst :    delay
1152921504606846977 <---> 1152921504606846979 : 1.8045902252197266
1152921504606846977 <---> 1152921504606846978 : 1.5270709991455078
1152921504606846979 <---> 1152921504606846978 : 3.0219554901123047
1152921504606846979 <---> 1152921504606846977 : 2.2017955780029297
1152921504606846978 <---> 1152921504606846979 : 2.935647964477539
1152921504606846978 <---> 1152921504606846977 : 1.9466876983642578
discovery--->==================================== discovery ====================================
discovery---> cls: [(1152921504606846978, 1152921504606846977), (1152921504606846978, 1152921504606846979), (1152921504606846977, 1152921504606846979)]
discovery--->==============================
==================================== link detector ====================================

----------------------------
src    dst :    delay
1152921504606846977 <---> 1152921504606846979 : 1.7132759094238281
1152921504606846977 <---> 1152921504606846978 : 1.4824867248535156
1152921504606846979 <---> 1152921504606846978 : 2.068758010864258
1152921504606846979 <---> 1152921504606846977 : 1.6217231750488281
1152921504606846978 <---> 1152921504606846979 : 3.2334327697753906
1152921504606846978 <---> 1152921504606846977 : 1.6582012176513672
==================================== link detector ====================================

----------------------------
src    dst :    delay
1152921504606846977 <---> 1152921504606846979 : 2.218484878540039
1152921504606846977 <---> 1152921504606846978 : 1.6493797302246094
1152921504606846979 <---> 1152921504606846978 : 2.7844905853271484
1152921504606846979 <---> 1152921504606846977 : 2.6047229766845703
1152921504606846978 <---> 1152921504606846979 : 2.6674270629882812
1152921504606846978 <---> 1152921504606846977 : 3.2405853271484375
discovery--->==================================== discovery ====================================
discovery---> cls: [(1152921504606846978, 1152921504606846977), (1152921504606846978, 1152921504606846979), (1152921504606846977, 1152921504606846979)]
discovery--->==============================
==================================== link detector ====================================

----------------------------
src    dst :    delay
1152921504606846977 <---> 1152921504606846979 : 3.0333995819091797
1152921504606846977 <---> 1152921504606846978 : 1.9831657409667969
1152921504606846979 <---> 1152921504606846978 : 2.9838085174560547
1152921504606846979 <---> 1152921504606846977 : 1.5723705291748047
1152921504606846978 <---> 1152921504606846979 : 2.4411678314208984
1152921504606846978 <---> 1152921504606846977 : 2.9387474060058594
discovery--->==================================== discovery ====================================
discovery---> cls: [(1152921504606846978, 1152921504606846977), (1152921504606846978, 1152921504606846979), (1152921504606846977, 1152921504606846979)]
discovery--->==============================
==================================== link detector ====================================

----------------------------
src    dst :    delay
1152921504606846977 <---> 1152921504606846979 : 1.6753673553466797
1152921504606846977 <---> 1152921504606846978 : 2.335786819458008
1152921504606846979 <---> 1152921504606846978 : 2.9265880584716797
1152921504606846979 <---> 1152921504606846977 : 2.9647350311279297
1152921504606846978 <---> 1152921504606846979 : 2.108335494995117
1152921504606846978 <---> 1152921504606846977 : 2.1140575408935547
==================================== link detector ====================================

----------------------------
src    dst :    delay
1152921504606846977 <---> 1152921504606846979 : 2.129793167114258
1152921504606846977 <---> 1152921504606846978 : 2.830982208251953
1152921504606846979 <---> 1152921504606846978 : 2.9850006103515625
1152921504606846979 <---> 1152921504606846977 : 1.5940666198730469
1152921504606846978 <---> 1152921504606846979 : 2.9654502868652344
1152921504606846978 <---> 1152921504606846977 : 1.6198158264160156
discovery--->==================================== discovery ====================================
discovery---> cls: [(1152921504606846978, 1152921504606846977), (1152921504606846978, 1152921504606846979), (1152921504606846977, 1152921504606846979)]
discovery--->==============================
==================================== link detector ====================================

----------------------------
src    dst :    delay
1152921504606846977 <---> 1152921504606846979 : 2.8357505798339844
1152921504606846977 <---> 1152921504606846978 : 1.6875267028808594
1152921504606846979 <---> 1152921504606846978 : 2.9098987579345703
1152921504606846979 <---> 1152921504606846977 : 2.1593570709228516
1152921504606846978 <---> 1152921504606846979 : 1.7337799072265625
1152921504606846978 <---> 1152921504606846977 : 2.995014190673828
==================================== link detector ====================================

----------------------------
src    dst :    delay
1152921504606846977 <---> 1152921504606846979 : 2.359628677368164
1152921504606846977 <---> 1152921504606846978 : 1.817941665649414
1152921504606846979 <---> 1152921504606846978 : 1.474142074584961
1152921504606846979 <---> 1152921504606846977 : 1.2009143829345703
1152921504606846978 <---> 1152921504606846979 : 2.432107925415039
1152921504606846978 <---> 1152921504606846977 : 1.6291141510009766
discovery--->==================================== discovery ====================================
discovery---> cls: [(1152921504606846978, 1152921504606846977), (1152921504606846978, 1152921504606846979), (1152921504606846977, 1152921504606846979)]
discovery--->==============================
==================================== link detector ====================================

----------------------------
src    dst :    delay
1152921504606846977 <---> 1152921504606846979 : 2.3822784423828125
1152921504606846977 <---> 1152921504606846978 : 1.983642578125
1152921504606846979 <---> 1152921504606846978 : 1.6326904296875
1152921504606846979 <---> 1152921504606846977 : 2.032756805419922
1152921504606846978 <---> 1152921504606846979 : 3.0524730682373047
1152921504606846978 <---> 1152921504606846977 : 3.003835678100586
discovery--->==================================== discovery ====================================
discovery---> cls: [(1152921504606846978, 1152921504606846977), (1152921504606846978, 1152921504606846979), (1152921504606846977, 1152921504606846979)]
discovery--->==============================
==================================== link detector ====================================

----------------------------
src    dst :    delay
1152921504606846977 <---> 1152921504606846979 : 1.9848346710205078
1152921504606846977 <---> 1152921504606846978 : 1.9719600677490234
1152921504606846979 <---> 1152921504606846978 : 2.2826194763183594
1152921504606846979 <---> 1152921504606846977 : 1.5442371368408203
1152921504606846978 <---> 1152921504606846979 : 2.235889434814453
1152921504606846978 <---> 1152921504606846977 : 1.5938282012939453
==================================== link detector ====================================

----------------------------
src    dst :    delay
1152921504606846977 <---> 1152921504606846979 : 1.8765926361083984
1152921504606846977 <---> 1152921504606846978 : 1.6551017761230469
1152921504606846979 <---> 1152921504606846978 : 3.027200698852539
1152921504606846979 <---> 1152921504606846977 : 2.7015209197998047
1152921504606846978 <---> 1152921504606846979 : 2.0513534545898438
1152921504606846978 <---> 1152921504606846977 : 2.3376941680908203
discovery--->==================================== discovery ====================================
discovery---> cls: [(1152921504606846978, 1152921504606846977), (1152921504606846978, 1152921504606846979), (1152921504606846977, 1152921504606846979)]
discovery--->==============================
==================================== link detector ====================================

----------------------------
src    dst :    delay
1152921504606846977 <---> 1152921504606846979 : 2.869129180908203
1152921504606846977 <---> 1152921504606846978 : 2.8519630432128906
1152921504606846979 <---> 1152921504606846978 : 3.0460357666015625
1152921504606846979 <---> 1152921504606846977 : 1.6224384307861328
1152921504606846978 <---> 1152921504606846979 : 3.274679183959961
1152921504606846978 <---> 1152921504606846977 : 2.9916763305664062
discovery--->==================================== discovery ====================================
discovery---> cls: [(1152921504606846978, 1152921504606846977), (1152921504606846978, 1152921504606846979), (1152921504606846977, 1152921504606846979)]
discovery--->==============================
==================================== link detector ====================================

----------------------------
src    dst :    delay
1152921504606846977 <---> 1152921504606846979 : 2.58636474609375
1152921504606846977 <---> 1152921504606846978 : 2.360105514526367
1152921504606846979 <---> 1152921504606846978 : 2.526998519897461
1152921504606846979 <---> 1152921504606846977 : 2.4406909942626953
1152921504606846978 <---> 1152921504606846979 : 2.4106502532958984
1152921504606846978 <---> 1152921504606846977 : 2.986907958984375
==================================== link detector ====================================

----------------------------
src    dst :    delay
1152921504606846977 <---> 1152921504606846979 : 1.8317699432373047
1152921504606846977 <---> 1152921504606846978 : 2.2640228271484375
1152921504606846979 <---> 1152921504606846978 : 1.1966228485107422
1152921504606846979 <---> 1152921504606846977 : 1.6391277313232422
1152921504606846978 <---> 1152921504606846979 : 2.0351409912109375
1152921504606846978 <---> 1152921504606846977 : 1.6431808471679688
discovery--->==================================== discovery ====================================
discovery---> cls: [(1152921504606846978, 1152921504606846977), (1152921504606846978, 1152921504606846979), (1152921504606846977, 1152921504606846979)]
discovery--->==============================
==================================== link detector ====================================

----------------------------
src    dst :    delay
1152921504606846977 <---> 1152921504606846979 : 1.6045570373535156
1152921504606846977 <---> 1152921504606846978 : 2.1064281463623047
1152921504606846979 <---> 1152921504606846978 : 1.6224384307861328
1152921504606846979 <---> 1152921504606846977 : 3.0040740966796875
1152921504606846978 <---> 1152921504606846979 : 3.019094467163086
1152921504606846978 <---> 1152921504606846977 : 2.9876232147216797
discovery--->==================================== discovery ====================================
discovery---> cls: [(1152921504606846978, 1152921504606846977), (1152921504606846978, 1152921504606846979), (1152921504606846977, 1152921504606846979)]
discovery--->==============================
==================================== link detector ====================================

----------------------------
src    dst :    delay
1152921504606846977 <---> 1152921504606846979 : 2.9633045196533203
1152921504606846977 <---> 1152921504606846978 : 2.103090286254883
1152921504606846979 <---> 1152921504606846978 : 1.1067390441894531
1152921504606846979 <---> 1152921504606846977 : 2.1529197692871094
1152921504606846978 <---> 1152921504606846979 : 1.1086463928222656
1152921504606846978 <---> 1152921504606846977 : 2.5644302368164062
==================================== link detector ====================================

----------------------------
src    dst :    delay
1152921504606846977 <---> 1152921504606846979 : 2.7036666870117188
1152921504606846977 <---> 1152921504606846978 : 2.340555191040039
1152921504606846979 <---> 1152921504606846978 : 2.107381820678711
1152921504606846979 <---> 1152921504606846977 : 3.049135208129883
1152921504606846978 <---> 1152921504606846979 : 2.984285354614258
1152921504606846978 <---> 1152921504606846977 : 1.9633769989013672
discovery--->==================================== discovery ====================================
discovery---> cls: [(1152921504606846978, 1152921504606846977), (1152921504606846978, 1152921504606846979), (1152921504606846977, 1152921504606846979)]
discovery--->==============================
==================================== link detector ====================================

----------------------------
src    dst :    delay
1152921504606846977 <---> 1152921504606846979 : 2.735137939453125
1152921504606846977 <---> 1152921504606846978 : 2.874612808227539
1152921504606846979 <---> 1152921504606846978 : 2.087116241455078
1152921504606846979 <---> 1152921504606846977 : 1.6875267028808594
1152921504606846978 <---> 1152921504606846979 : 3.0803680419921875
1152921504606846978 <---> 1152921504606846977 : 2.2406578063964844
==================================== link detector ====================================

----------------------------
src    dst :    delay
1152921504606846977 <---> 1152921504606846979 : 2.107381820678711
1152921504606846977 <---> 1152921504606846978 : 1.3682842254638672
1152921504606846979 <---> 1152921504606846978 : 1.987457275390625
1152921504606846979 <---> 1152921504606846977 : 2.6793479919433594
1152921504606846978 <---> 1152921504606846979 : 2.9163360595703125
1152921504606846978 <---> 1152921504606846977 : 2.9947757720947266
discovery--->==================================== discovery ====================================
discovery---> cls: [(1152921504606846978, 1152921504606846977), (1152921504606846978, 1152921504606846979), (1152921504606846977, 1152921504606846979)]
discovery--->==============================
==================================== link detector ====================================

----------------------------
src    dst :    delay
1152921504606846977 <---> 1152921504606846979 : 1.623392105102539
1152921504606846977 <---> 1152921504606846978 : 1.918792724609375
1152921504606846979 <---> 1152921504606846978 : 3.632068634033203
1152921504606846979 <---> 1152921504606846977 : 2.010345458984375
1152921504606846978 <---> 1152921504606846979 : 2.986431121826172
1152921504606846978 <---> 1152921504606846977 : 2.0961761474609375
discovery--->==================================== discovery ====================================
discovery---> cls: [(1152921504606846978, 1152921504606846977), (1152921504606846978, 1152921504606846979), (1152921504606846977, 1152921504606846979)]
discovery--->==============================
==================================== link detector ====================================

----------------------------
src    dst :    delay
1152921504606846977 <---> 1152921504606846979 : 1.3616085052490234
1152921504606846977 <---> 1152921504606846978 : 2.039670944213867
1152921504606846979 <---> 1152921504606846978 : 2.1047592163085938
1152921504606846979 <---> 1152921504606846977 : 1.734018325805664
1152921504606846978 <---> 1152921504606846979 : 3.014802932739258
1152921504606846978 <---> 1152921504606846977 : 2.0694732666015625
==================================== link detector ====================================

----------------------------
src    dst :    delay
1152921504606846977 <---> 1152921504606846979 : 2.8951168060302734
1152921504606846977 <---> 1152921504606846978 : 1.1484622955322266
1152921504606846979 <---> 1152921504606846978 : 2.191305160522461
1152921504606846979 <---> 1152921504606846977 : 3.0150413513183594
1152921504606846978 <---> 1152921504606846979 : 2.1309852600097656
1152921504606846978 <---> 1152921504606846977 : 2.040386199951172
discovery--->==================================== discovery ====================================
discovery---> cls: [(1152921504606846978, 1152921504606846977), (1152921504606846978, 1152921504606846979), (1152921504606846977, 1152921504606846979)]
discovery--->==============================
==================================== link detector ====================================

----------------------------
src    dst :    delay
1152921504606846977 <---> 1152921504606846979 : 2.111196517944336
1152921504606846977 <---> 1152921504606846978 : 2.032041549682617
1152921504606846979 <---> 1152921504606846978 : 3.0748844146728516
1152921504606846979 <---> 1152921504606846977 : 2.1615028381347656
1152921504606846978 <---> 1152921504606846979 : 2.085447311401367
1152921504606846978 <---> 1152921504606846977 : 3.0159950256347656
discovery--->==================================== discovery ====================================
discovery---> cls: [(1152921504606846978, 1152921504606846977), (1152921504606846978, 1152921504606846979), (1152921504606846977, 1152921504606846979)]
discovery--->==============================
==================================== link detector ====================================

----------------------------
src    dst :    delay
1152921504606846977 <---> 1152921504606846979 : 3.1058788299560547
1152921504606846977 <---> 1152921504606846978 : 2.028942108154297
1152921504606846979 <---> 1152921504606846978 : 1.19781494140625
1152921504606846979 <---> 1152921504606846977 : 1.4123916625976562
1152921504606846978 <---> 1152921504606846979 : 3.083467483520508
1152921504606846978 <---> 1152921504606846977 : 1.9824504852294922
==================================== link detector ====================================

----------------------------
src    dst :    delay
1152921504606846977 <---> 1152921504606846979 : 2.1452903747558594
1152921504606846977 <---> 1152921504606846978 : 2.605438232421875
1152921504606846979 <---> 1152921504606846978 : 1.6334056854248047
1152921504606846979 <---> 1152921504606846977 : 3.1397342681884766
1152921504606846978 <---> 1152921504606846979 : 2.992391586303711
1152921504606846978 <---> 1152921504606846977 : 1.5194416046142578
discovery--->==================================== discovery ====================================
discovery---> cls: [(1152921504606846978, 1152921504606846977), (1152921504606846978, 1152921504606846979), (1152921504606846977, 1152921504606846979)]
discovery--->==============================
==================================== link detector ====================================

----------------------------
src    dst :    delay
1152921504606846977 <---> 1152921504606846979 : 1.5981197357177734
1152921504606846977 <---> 1152921504606846978 : 2.0494461059570312
1152921504606846979 <---> 1152921504606846978 : 2.998828887939453
1152921504606846979 <---> 1152921504606846977 : 3.023862838745117
1152921504606846978 <---> 1152921504606846979 : 2.1958351135253906
1152921504606846978 <---> 1152921504606846977 : 3.0672550201416016
==================================== link detector ====================================

----------------------------
src    dst :    delay
1152921504606846977 <---> 1152921504606846979 : 2.1190643310546875
1152921504606846977 <---> 1152921504606846978 : 2.106189727783203
1152921504606846979 <---> 1152921504606846978 : 2.110719680786133
1152921504606846979 <---> 1152921504606846977 : 3.086566925048828
1152921504606846978 <---> 1152921504606846979 : 2.9191970825195312
1152921504606846978 <---> 1152921504606846977 : 2.403736114501953
discovery--->==================================== discovery ====================================
discovery---> cls: [(1152921504606846978, 1152921504606846977), (1152921504606846978, 1152921504606846979), (1152921504606846977, 1152921504606846979)]
discovery--->==============================
==================================== link detector ====================================

----------------------------
src    dst :    delay
1152921504606846977 <---> 1152921504606846979 : 1.9176006317138672
1152921504606846977 <---> 1152921504606846978 : 1.5819072723388672
1152921504606846979 <---> 1152921504606846978 : 1.0943412780761719
1152921504606846979 <---> 1152921504606846977 : 1.0786056518554688
1152921504606846978 <---> 1152921504606846979 : 1.1403560638427734
1152921504606846978 <---> 1152921504606846977 : 1.7910003662109375
discovery--->==================================== discovery ====================================
discovery---> cls: [(1152921504606846978, 1152921504606846977), (1152921504606846978, 1152921504606846979), (1152921504606846977, 1152921504606846979)]
discovery--->==============================
==================================== link detector ====================================

----------------------------
src    dst :    delay
1152921504606846977 <---> 1152921504606846979 : 1.6102790832519531
1152921504606846977 <---> 1152921504606846978 : 2.8848648071289062
1152921504606846979 <---> 1152921504606846978 : 3.320932388305664
1152921504606846979 <---> 1152921504606846977 : 2.2072792053222656
1152921504606846978 <---> 1152921504606846979 : 2.1343231201171875
1152921504606846978 <---> 1152921504606846977 : 1.628875732421875
==================================== link detector ====================================

----------------------------
src    dst :    delay
1152921504606846977 <---> 1152921504606846979 : 2.997875213623047
1152921504606846977 <---> 1152921504606846978 : 2.8960704803466797
1152921504606846979 <---> 1152921504606846978 : 2.9599666595458984
1152921504606846979 <---> 1152921504606846977 : 1.4805793762207031
1152921504606846978 <---> 1152921504606846979 : 3.2901763916015625
1152921504606846978 <---> 1152921504606846977 : 2.086162567138672
discovery--->==================================== discovery ====================================
discovery---> cls: [(1152921504606846978, 1152921504606846977), (1152921504606846978, 1152921504606846979), (1152921504606846977, 1152921504606846979)]
discovery--->==============================
==================================== link detector ====================================

----------------------------
src    dst :    delay
1152921504606846977 <---> 1152921504606846979 : 2.5544166564941406
1152921504606846977 <---> 1152921504606846978 : 2.0318031311035156
1152921504606846979 <---> 1152921504606846978 : 1.5003681182861328
1152921504606846979 <---> 1152921504606846977 : 3.0088424682617188
1152921504606846978 <---> 1152921504606846979 : 1.7592906951904297
1152921504606846978 <---> 1152921504606846977 : 2.485036849975586
discovery--->==================================== discovery ====================================
discovery---> cls: [(1152921504606846978, 1152921504606846977), (1152921504606846978, 1152921504606846979), (1152921504606846977, 1152921504606846979)]
discovery--->==============================
==================================== link detector ====================================

----------------------------
src    dst :    delay
1152921504606846977 <---> 1152921504606846979 : 2.171754837036133
1152921504606846977 <---> 1152921504606846978 : 1.9261837005615234
1152921504606846979 <---> 1152921504606846978 : 2.257823944091797
1152921504606846979 <---> 1152921504606846977 : 1.6198158264160156
1152921504606846978 <---> 1152921504606846979 : 2.241849899291992
1152921504606846978 <---> 1152921504606846977 : 1.6455650329589844
==================================== link detector ====================================

----------------------------
src    dst :    delay
1152921504606846977 <---> 1152921504606846979 : 2.4023056030273438
1152921504606846977 <---> 1152921504606846978 : 2.8541088104248047
1152921504606846979 <---> 1152921504606846978 : 2.104043960571289
1152921504606846979 <---> 1152921504606846977 : 2.03704833984375
1152921504606846978 <---> 1152921504606846979 : 3.0617713928222656
1152921504606846978 <---> 1152921504606846977 : 1.7137527465820312
discovery--->==================================== discovery ====================================
discovery---> cls: [(1152921504606846978, 1152921504606846977), (1152921504606846978, 1152921504606846979), (1152921504606846977, 1152921504606846979)]
discovery--->==============================
==================================== link detector ====================================

----------------------------
src    dst :    delay
1152921504606846977 <---> 1152921504606846979 : 1.9452571868896484
1152921504606846977 <---> 1152921504606846978 : 2.7396678924560547
1152921504606846979 <---> 1152921504606846978 : 7.705211639404297
1152921504606846979 <---> 1152921504606846977 : 3.1235218048095703
1152921504606846978 <---> 1152921504606846979 : 2.994060516357422
1152921504606846978 <---> 1152921504606846977 : 2.0873546600341797
