loading app network_structure.py
Matplotlib created a temporary config/cache directory at /tmp/matplotlib-z355s9n5 because the default path (/home/terry/.config/matplotlib) is not a writable directory; it is highly recommended to set the MPLCONFIGDIR environment variable to a writable directory, in particular to speed up the import of Matplotlib and to better support multiprocessing.
Generating new fontManager, this may take some time...
Failed to extract font properties from /usr/share/fonts/truetype/noto/NotoColorEmoji.ttf: In FT2Font: Can not load face.  Unknown file format.
loading app network_monitor.py
loading app network_delay.py
loading app network_shortest_path.py
loading app arp_handler.py
loading app ryu.controller.ofp_handler
instantiating app None of Switches
creating context switches
instantiating app network_structure.py of NetworkStructure
instantiating app network_monitor.py of NetworkMonitor
instantiating app network_delay.py of NetworkDelay
instantiating app network_shortest_path.py of NetworkShortestPath
instantiating app arp_handler.py of ArpHandler
instantiating app ryu.controller.ofp_handler of OFPHandler
discovery---> AccessPoint: 1 connected
discovery---> AccessPoint: 2 connected
discovery---> AccessPoint: 3 connected
monitor---->register datapath: 1000000000000001
monitor---->register datapath: 1000000000000002
monitor---->register datapath: 1000000000000003
==================================== link detector ====================================

----------------------------
src    dst :    delay
2 <---> 3 : 2.7627944946289062
2 <---> 1 : 2.9342174530029297
1 <---> 2 : 4.104375839233398
1 <---> 3 : 2.997159957885742
3 <---> 1 : 4.07862663269043
3 <---> 2 : 4.06336784362793
discovery--->==================================== discovery ====================================
discovery---> cls: [(2, 3), (2, 1), (3, 1)]
discovery--->=============================================================================
datapath         port     rx-pkts  rx-bytes rx-error tx-pkts  tx-bytes tx-error
---------------- -------- -------- -------- -------- -------- -------- --------
0000000000000001        1        0        0        0        5      390        0
0000000000000001        2       24     3170        0       26     3300        0
0000000000000001        3       25     3230        0       24     3170        0
datapath         in-port  eth-dst           out-port packets  bytes
---------------- -------- ----------------- -------- -------- --------
datapath         port     rx-pkts  rx-bytes rx-error tx-pkts  tx-bytes tx-error
---------------- -------- -------- -------- -------- -------- -------- --------
0000000000000002        1        0        0        0        5      390        0
0000000000000002        2       26     3300        0       24     3170        0
0000000000000002        3       25     3230        0       25     3240        0
datapath         in-port  eth-dst           out-port packets  bytes
---------------- -------- ----------------- -------- -------- --------
datapath         port     rx-pkts  rx-bytes rx-error tx-pkts  tx-bytes tx-error
---------------- -------- -------- -------- -------- -------- -------- --------
0000000000000003        1        0        0        0        5      390        0
0000000000000003        2       24     3170        0       25     3230        0
0000000000000003        3       25     3240        0       25     3230        0
datapath         in-port  eth-dst           out-port packets  bytes
---------------- -------- ----------------- -------- -------- --------
==================================== link detector ====================================

----------------------------
src    dst :    delay
2 <---> 3 : 2.768993377685547
2 <---> 1 : 3.4935474395751953
1 <---> 2 : 3.9589405059814453
1 <---> 3 : 2.912282943725586
3 <---> 1 : 4.14729118347168
3 <---> 2 : 2.70843505859375
==================================== link detector ====================================

----------------------------
src    dst :    delay
2 <---> 3 : 2.7430057525634766
2 <---> 1 : 4.0760040283203125
1 <---> 2 : 2.9201507568359375
1 <---> 3 : 2.5861263275146484
3 <---> 1 : 2.986431121826172
3 <---> 2 : 2.966165542602539
discovery--->==================================== discovery ====================================
discovery---> cls: [(2, 3), (2, 1), (3, 1)]
discovery--->=============================================================================
datapath         port     rx-pkts  rx-bytes rx-error tx-pkts  tx-bytes tx-error
---------------- -------- -------- -------- -------- -------- -------- --------
0000000000000001        1        0        0        0       11      858        0
0000000000000001        2       32     3803        0       33     3863        0
0000000000000001        3       32     3803        0       32     3803        0
datapath         in-port  eth-dst           out-port packets  bytes
---------------- -------- ----------------- -------- -------- --------
datapath         port     rx-pkts  rx-bytes rx-error tx-pkts  tx-bytes tx-error
---------------- -------- -------- -------- -------- -------- -------- --------
0000000000000003        1        0        0        0       11      858        0
0000000000000003        2       32     3803        0       32     3803        0
0000000000000003        3       32     3803        0       33     3863        0
datapath         in-port  eth-dst           out-port packets  bytes
---------------- -------- ----------------- -------- -------- --------
datapath         port     rx-pkts  rx-bytes rx-error tx-pkts  tx-bytes tx-error
---------------- -------- -------- -------- -------- -------- -------- --------
0000000000000002        1        0        0        0       11      858        0
0000000000000002        2       33     3863        0       32     3803        0
0000000000000002        3       33     3863        0       32     3803        0
datapath         in-port  eth-dst           out-port packets  bytes
---------------- -------- ----------------- -------- -------- --------
==================================== link detector ====================================

----------------------------
src    dst :    delay
2 <---> 3 : 4.209041595458984
2 <---> 1 : 2.645730972290039
1 <---> 2 : 2.629518508911133
1 <---> 3 : 3.992795944213867
3 <---> 1 : 4.11677360534668
3 <---> 2 : 4.144191741943359
discovery--->==================================== discovery ====================================
discovery---> cls: [(2, 3), (2, 1), (3, 1)]
discovery--->=============================================================================
datapath         port     rx-pkts  rx-bytes rx-error tx-pkts  tx-bytes tx-error
---------------- -------- -------- -------- -------- -------- -------- --------
0000000000000001        1        0        0        0       16     1248        0
0000000000000001        2       37     4103        0       38     4163        0
0000000000000001        3       38     4163        0       37     4103        0
datapath         in-port  eth-dst           out-port packets  bytes
---------------- -------- ----------------- -------- -------- --------
datapath         port     rx-pkts  rx-bytes rx-error tx-pkts  tx-bytes tx-error
---------------- -------- -------- -------- -------- -------- -------- --------
0000000000000002        1        0        0        0       16     1248        0
0000000000000002        2       38     4163        0       37     4103        0
0000000000000002        3       38     4163        0       37     4103        0
datapath         in-port  eth-dst           out-port packets  bytes
---------------- -------- ----------------- -------- -------- --------
datapath         port     rx-pkts  rx-bytes rx-error tx-pkts  tx-bytes tx-error
---------------- -------- -------- -------- -------- -------- -------- --------
0000000000000003        1        0        0        0       16     1248        0
0000000000000003        2       37     4103        0       38     4163        0
0000000000000003        3       37     4103        0       38     4163        0
datapath         in-port  eth-dst           out-port packets  bytes
---------------- -------- ----------------- -------- -------- --------
==================================== link detector ====================================

----------------------------
src    dst :    delay
2 <---> 3 : 3.3643245697021484
2 <---> 1 : 3.682374954223633
1 <---> 2 : 4.055023193359375
1 <---> 3 : 3.7567615509033203
3 <---> 1 : 3.978252410888672
3 <---> 2 : 4.07862663269043
shortest=====>[PATH] [192.168.0.1 <----> 192.168.0.2]: [1, 2]
shortest=====>[PATH] [192.168.0.1 <----> 192.168.0.3]: [1, 3]
shortest=====>[PATH] [192.168.0.2 <----> 192.168.0.3]: [2, 3]
==================================== link detector ====================================

----------------------------
src    dst :    delay
2 <---> 3 : 5.553007125854492
2 <---> 1 : 3.3025741577148438
1 <---> 2 : 3.6745071411132812
1 <---> 3 : 2.2020339965820312
3 <---> 1 : 3.008127212524414
3 <---> 2 : 3.0639171600341797
datapath         port     rx-pkts  rx-bytes rx-error tx-pkts  tx-bytes tx-error
---------------- -------- -------- -------- -------- -------- -------- --------
0000000000000001        1        6      476        0       34     2660        0
0000000000000001        2       48     4785        0       49     4845        0
0000000000000001        3       49     4845        0       48     4785        0
datapath         in-port  eth-dst           out-port packets  bytes
---------------- -------- ----------------- -------- -------- --------
0000000000000001        1       192.168.0.2        2        1       98
0000000000000001        1       192.168.0.3        3        1       98
0000000000000001        2       192.168.0.1        1        2      196
0000000000000001        3       192.168.0.1        1        2      196
discovery--->==================================== discovery ====================================
discovery---> cls: [(2, 3), (2, 1), (3, 1)]
discovery--->=============================================================================
datapath         port     rx-pkts  rx-bytes rx-error tx-pkts  tx-bytes tx-error
---------------- -------- -------- -------- -------- -------- -------- --------
0000000000000002        1        8      560        0       31     2498        0
0000000000000002        2       49     4845        0       48     4785        0
0000000000000002        3       49     4845        0       49     4855        0
datapath         in-port  eth-dst           out-port packets  bytes
---------------- -------- ----------------- -------- -------- --------
0000000000000002        1       192.168.0.1        2        2      196
0000000000000002        1       192.168.0.3        3        1       98
0000000000000002        2       192.168.0.2        1        2      196
0000000000000002        3       192.168.0.2        1        2      196
datapath         port     rx-pkts  rx-bytes rx-error tx-pkts  tx-bytes tx-error
---------------- -------- -------- -------- -------- -------- -------- --------
0000000000000003        1        8      560        0       33     2618        0
0000000000000003        2       48     4785        0       49     4845        0
0000000000000003        3       49     4855        0       49     4845        0
datapath         in-port  eth-dst           out-port packets  bytes
---------------- -------- ----------------- -------- -------- --------
0000000000000003        1       192.168.0.1        2        2      196
0000000000000003        1       192.168.0.2        3        2      196
0000000000000003        2       192.168.0.3        1        2      196
0000000000000003        3       192.168.0.3        1        2      196
==================================== link detector ====================================

----------------------------
src    dst :    delay
2 <---> 3 : 2.6960372924804688
2 <---> 1 : 2.6814937591552734
1 <---> 2 : 2.917051315307617
1 <---> 3 : 4.174470901489258
3 <---> 1 : 4.033565521240234
3 <---> 2 : 4.064083099365234
datapath         port     rx-pkts  rx-bytes rx-error tx-pkts  tx-bytes tx-error
---------------- -------- -------- -------- -------- -------- -------- --------
0000000000000001        1        6      476        0       39     3050        0
0000000000000001        2       55     5348        0       56     5418        0
0000000000000001        3       56     5418        0       54     5155        0
datapath         in-port  eth-dst           out-port packets  bytes
---------------- -------- ----------------- -------- -------- --------
0000000000000001        1       192.168.0.2        2        1       98
0000000000000001        1       192.168.0.3        3        1       98
0000000000000001        2       192.168.0.1        1        2      196
0000000000000001        3       192.168.0.1        1        2      196
datapath         port     rx-pkts  rx-bytes rx-error tx-pkts  tx-bytes tx-error
---------------- -------- -------- -------- -------- -------- -------- --------
0000000000000003        1        9      602        0       39     3086        0
0000000000000003        2       54     5155        0       56     5418        0
0000000000000003        3       55     5215        0       55     5215        0
datapath         in-port  eth-dst           out-port packets  bytes
---------------- -------- ----------------- -------- -------- --------
0000000000000003        1       192.168.0.1        2        2      196
0000000000000003        1       192.168.0.2        3        2      196
0000000000000003        2       192.168.0.3        1        2      196
0000000000000003        3       192.168.0.3        1        2      196
datapath         port     rx-pkts  rx-bytes rx-error tx-pkts  tx-bytes tx-error
---------------- -------- -------- -------- -------- -------- -------- --------
0000000000000002        1        9      602        0       37     2966        0
0000000000000002        2       56     5418        0       55     5348        0
0000000000000002        3       55     5215        0       55     5215        0
datapath         in-port  eth-dst           out-port packets  bytes
---------------- -------- ----------------- -------- -------- --------
0000000000000002        1       192.168.0.1        2        2      196
0000000000000002        1       192.168.0.3        3        1       98
0000000000000002        2       192.168.0.2        1        2      196
0000000000000002        3       192.168.0.2        1        2      196
discovery--->==================================== discovery ====================================
discovery---> cls: [(2, 3), (2, 1), (3, 1)]
discovery--->=============================================================================
==================================== link detector ====================================

----------------------------
src    dst :    delay
2 <---> 3 : 3.5521984100341797
2 <---> 1 : 3.4456253051757812
1 <---> 2 : 3.4983158111572266
1 <---> 3 : 2.4650096893310547
3 <---> 1 : 2.9277801513671875
3 <---> 2 : 3.505229949951172
==================================== link detector ====================================

----------------------------
src    dst :    delay
2 <---> 3 : 4.1408538818359375
2 <---> 1 : 2.6504993438720703
1 <---> 2 : 3.513813018798828
1 <---> 3 : 3.1518936157226562
3 <---> 1 : 2.9211044311523438
3 <---> 2 : 3.298044204711914
datapath         port     rx-pkts  rx-bytes rx-error tx-pkts  tx-bytes tx-error
---------------- -------- -------- -------- -------- -------- -------- --------
0000000000000001        1       10      868        0       49     3982        0
0000000000000001        2       63     5914        0       64     5974        0
0000000000000001        3       64     5974        0       63     5914        0
datapath         in-port  eth-dst           out-port packets  bytes
---------------- -------- ----------------- -------- -------- --------
0000000000000001        1       192.168.0.2        2        3      294
0000000000000001        1       192.168.0.3        3        3      294
0000000000000001        2       192.168.0.1        1        4      392
0000000000000001        3       192.168.0.1        1        4      392
datapath         port     rx-pkts  rx-bytes rx-error tx-pkts  tx-bytes tx-error
---------------- -------- -------- -------- -------- -------- -------- --------
0000000000000002        1       11      798        0       45     3666        0
0000000000000002        2       64     5974        0       63     5914        0
0000000000000002        3       62     5778        0       61     5718        0
datapath         in-port  eth-dst           out-port packets  bytes
---------------- -------- ----------------- -------- -------- --------
0000000000000002        1       192.168.0.1        2        4      392
0000000000000002        1       192.168.0.3        3        1       98
0000000000000002        2       192.168.0.2        1        4      392
0000000000000002        3       192.168.0.2        1        2      196
datapath         port     rx-pkts  rx-bytes rx-error tx-pkts  tx-bytes tx-error
---------------- -------- -------- -------- -------- -------- -------- --------
0000000000000003        1       11      798        0       47     3786        0
0000000000000003        2       63     5914        0       64     5974        0
0000000000000003        3       61     5718        0       62     5778        0
datapath         in-port  eth-dst           out-port packets  bytes
---------------- -------- ----------------- -------- -------- --------
0000000000000003        1       192.168.0.1        2        4      392
0000000000000003        1       192.168.0.2        3        2      196
0000000000000003        2       192.168.0.3        1        4      392
0000000000000003        3       192.168.0.3        1        2      196
discovery--->==================================== discovery ====================================
discovery---> cls: [(2, 3), (2, 1), (3, 1)]
discovery--->=============================================================================
==================================== link detector ====================================

----------------------------
src    dst :    delay
2 <---> 3 : 2.1898746490478516
2 <---> 1 : 3.6001205444335938
1 <---> 2 : 3.1309127807617188
1 <---> 3 : 6.848335266113281
3 <---> 1 : 3.1783580780029297
3 <---> 2 : 3.126859664916992
==================================== link detector ====================================

----------------------------
src    dst :    delay
2 <---> 3 : 2.1963119506835938
2 <---> 1 : 2.3431777954101562
1 <---> 2 : 2.257108688354492
1 <---> 3 : 2.2025108337402344
3 <---> 1 : 2.2089481353759766
3 <---> 2 : 2.4824142456054688
datapath         port     rx-pkts  rx-bytes rx-error tx-pkts  tx-bytes tx-error
---------------- -------- -------- -------- -------- -------- -------- --------
0000000000000001        1       10      868        0       54     4372        0
0000000000000001        2       69     6274        0       69     6274        0
0000000000000001        3       69     6274        0       68     6214        0
datapath         in-port  eth-dst           out-port packets  bytes
---------------- -------- ----------------- -------- -------- --------
0000000000000001        1       192.168.0.2        2        3      294
0000000000000001        1       192.168.0.3        3        3      294
0000000000000001        2       192.168.0.1        1        4      392
0000000000000001        3       192.168.0.1        1        4      392
datapath         port     rx-pkts  rx-bytes rx-error tx-pkts  tx-bytes tx-error
---------------- -------- -------- -------- -------- -------- -------- --------
0000000000000002        1       11      798        0       51     4134        0
0000000000000002        2       69     6274        0       69     6274        0
0000000000000002        3       67     6078        0       67     6078        0
datapath         in-port  eth-dst           out-port packets  bytes
---------------- -------- ----------------- -------- -------- --------
0000000000000002        1       192.168.0.1        2        4      392
0000000000000002        1       192.168.0.3        3        1       98
0000000000000002        2       192.168.0.2        1        4      392
0000000000000002        3       192.168.0.2        1        2      196
datapath         port     rx-pkts  rx-bytes rx-error tx-pkts  tx-bytes tx-error
---------------- -------- -------- -------- -------- -------- -------- --------
0000000000000003        1       11      798        0       52     4176        0
0000000000000003        2       68     6214        0       69     6274        0
0000000000000003        3       67     6078        0       67     6078        0
datapath         in-port  eth-dst           out-port packets  bytes
---------------- -------- ----------------- -------- -------- --------
0000000000000003        1       192.168.0.1        2        4      392
0000000000000003        1       192.168.0.2        3        2      196
0000000000000003        2       192.168.0.3        1        4      392
0000000000000003        3       192.168.0.3        1        2      196
discovery--->==================================== discovery ====================================
discovery---> cls: [(2, 3), (2, 1), (3, 1)]
discovery--->=============================================================================
==================================== link detector ====================================

----------------------------
src    dst :    delay
2 <---> 3 : 4.646062850952148
2 <---> 1 : 2.2513866424560547
1 <---> 2 : 2.6443004608154297
1 <---> 3 : 2.3336410522460938
3 <---> 1 : 3.873586654663086
3 <---> 2 : 3.2956600189208984
datapath         port     rx-pkts  rx-bytes rx-error tx-pkts  tx-bytes tx-error
---------------- -------- -------- -------- -------- -------- -------- --------
0000000000000001        1       10      868        0       60     4840        0
0000000000000001        2       74     6574        0       75     6634        0
0000000000000001        3       75     6634        0       74     6574        0
datapath         in-port  eth-dst           out-port packets  bytes
---------------- -------- ----------------- -------- -------- --------
0000000000000001        1       192.168.0.2        2        3      294
0000000000000001        1       192.168.0.3        3        3      294
0000000000000001        2       192.168.0.1        1        4      392
0000000000000001        3       192.168.0.1        1        4      392
datapath         port     rx-pkts  rx-bytes rx-error tx-pkts  tx-bytes tx-error
---------------- -------- -------- -------- -------- -------- -------- --------
0000000000000003        1       11      798        0       58     4644        0
0000000000000003        2       74     6574        0       75     6634        0
0000000000000003        3       72     6378        0       73     6438        0
datapath         in-port  eth-dst           out-port packets  bytes
---------------- -------- ----------------- -------- -------- --------
0000000000000003        1       192.168.0.1        2        4      392
0000000000000003        1       192.168.0.2        3        2      196
0000000000000003        2       192.168.0.3        1        4      392
0000000000000003        3       192.168.0.3        1        2      196
datapath         port     rx-pkts  rx-bytes rx-error tx-pkts  tx-bytes tx-error
---------------- -------- -------- -------- -------- -------- -------- --------
0000000000000002        1       11      798        0       56     4524        0
0000000000000002        2       75     6634        0       74     6574        0
0000000000000002        3       73     6438        0       72     6378        0
datapath         in-port  eth-dst           out-port packets  bytes
---------------- -------- ----------------- -------- -------- --------
0000000000000002        1       192.168.0.1        2        4      392
0000000000000002        1       192.168.0.3        3        1       98
0000000000000002        2       192.168.0.2        1        4      392
0000000000000002        3       192.168.0.2        1        2      196
discovery--->==================================== discovery ====================================
discovery---> cls: [(2, 3), (2, 1), (3, 1)]
discovery--->=============================================================================
==================================== link detector ====================================

----------------------------
src    dst :    delay
2 <---> 3 : 2.711057662963867
2 <---> 1 : 3.031492233276367
1 <---> 2 : 3.131389617919922
1 <---> 3 : 4.172563552856445
3 <---> 1 : 4.131555557250977
3 <---> 2 : 2.5055408477783203
==================================== link detector ====================================

----------------------------
src    dst :    delay
2 <---> 3 : 2.241849899291992
2 <---> 1 : 2.338886260986328
1 <---> 2 : 2.1979808807373047
1 <---> 3 : 2.3958683013916016
3 <---> 1 : 2.1839141845703125
3 <---> 2 : 2.2630691528320312
datapath         port     rx-pkts  rx-bytes rx-error tx-pkts  tx-bytes tx-error
---------------- -------- -------- -------- -------- -------- -------- --------
0000000000000001        1       10      868        0       66     5308        0
0000000000000001        2       80     6934        0       80     6934        0
0000000000000001        3       80     6934        0       80     6934        0
datapath         in-port  eth-dst           out-port packets  bytes
---------------- -------- ----------------- -------- -------- --------
0000000000000001        1       192.168.0.2        2        3      294
0000000000000001        1       192.168.0.3        3        3      294
0000000000000001        2       192.168.0.1        1        4      392
0000000000000001        3       192.168.0.1        1        4      392
datapath         port     rx-pkts  rx-bytes rx-error tx-pkts  tx-bytes tx-error
---------------- -------- -------- -------- -------- -------- -------- --------
0000000000000002        1       11      798        0       62     4992        0
0000000000000002        2       80     6934        0       80     6934        0
0000000000000002        3       78     6738        0       78     6738        0
datapath         in-port  eth-dst           out-port packets  bytes
---------------- -------- ----------------- -------- -------- --------
0000000000000002        1       192.168.0.1        2        4      392
0000000000000002        1       192.168.0.3        3        1       98
0000000000000002        2       192.168.0.2        1        4      392
0000000000000002        3       192.168.0.2        1        2      196
datapath         port     rx-pkts  rx-bytes rx-error tx-pkts  tx-bytes tx-error
---------------- -------- -------- -------- -------- -------- -------- --------
0000000000000003        1       11      798        0       63     5034        0
0000000000000003        2       80     6934        0       80     6934        0
0000000000000003        3       78     6738        0       78     6738        0
datapath         in-port  eth-dst           out-port packets  bytes
---------------- -------- ----------------- -------- -------- --------
0000000000000003        1       192.168.0.1        2        4      392
0000000000000003        1       192.168.0.2        3        2      196
0000000000000003        2       192.168.0.3        1        4      392
0000000000000003        3       192.168.0.3        1        2      196
discovery--->==================================== discovery ====================================
discovery---> cls: [(2, 3), (2, 1), (3, 1)]
discovery--->=============================================================================
==================================== link detector ====================================

----------------------------
src    dst :    delay
2 <---> 3 : 3.2689571380615234
2 <---> 1 : 3.1821727752685547
1 <---> 2 : 2.1631717681884766
1 <---> 3 : 3.082752227783203
3 <---> 1 : 3.942251205444336
3 <---> 2 : 3.4112930297851562
datapath         port     rx-pkts  rx-bytes rx-error tx-pkts  tx-bytes tx-error
---------------- -------- -------- -------- -------- -------- -------- --------
0000000000000001        1       10      868        0       71     5698        0
0000000000000001        2       85     7234        0       86     7294        0
0000000000000001        3       86     7294        0       85     7234        0
datapath         in-port  eth-dst           out-port packets  bytes
---------------- -------- ----------------- -------- -------- --------
0000000000000001        1       192.168.0.2        2        3      294
0000000000000001        1       192.168.0.3        3        3      294
0000000000000001        2       192.168.0.1        1        4      392
0000000000000001        3       192.168.0.1        1        4      392
datapath         port     rx-pkts  rx-bytes rx-error tx-pkts  tx-bytes tx-error
---------------- -------- -------- -------- -------- -------- -------- --------
0000000000000003        1       11      798        0       69     5502        0
0000000000000003        2       85     7234        0       86     7294        0
0000000000000003        3       83     7038        0       84     7098        0
datapath         in-port  eth-dst           out-port packets  bytes
---------------- -------- ----------------- -------- -------- --------
0000000000000003        1       192.168.0.1        2        4      392
0000000000000003        1       192.168.0.2        3        2      196
0000000000000003        2       192.168.0.3        1        4      392
0000000000000003        3       192.168.0.3        1        2      196
datapath         port     rx-pkts  rx-bytes rx-error tx-pkts  tx-bytes tx-error
---------------- -------- -------- -------- -------- -------- -------- --------
0000000000000002        1       11      798        0       67     5382        0
0000000000000002        2       86     7294        0       85     7234        0
0000000000000002        3       84     7098        0       83     7038        0
datapath         in-port  eth-dst           out-port packets  bytes
---------------- -------- ----------------- -------- -------- --------
0000000000000002        1       192.168.0.1        2        4      392
0000000000000002        1       192.168.0.3        3        1       98
0000000000000002        2       192.168.0.2        1        4      392
0000000000000002        3       192.168.0.2        1        2      196
discovery--->==================================== discovery ====================================
discovery---> cls: [(2, 3), (2, 1), (3, 1)]
discovery--->=============================================================================
==================================== link detector ====================================

----------------------------
src    dst :    delay
2 <---> 3 : 2.2695064544677734
2 <---> 1 : 2.2644996643066406
1 <---> 2 : 3.190279006958008
1 <---> 3 : 2.190828323364258
3 <---> 1 : 2.409696578979492
3 <---> 2 : 2.1562576293945312
==================================== link detector ====================================

----------------------------
src    dst :    delay
2 <---> 3 : 4.121065139770508
2 <---> 1 : 4.179239273071289
1 <---> 2 : 4.173040390014648
1 <---> 3 : 4.015207290649414
3 <---> 1 : 2.64739990234375
3 <---> 2 : 4.4574737548828125
datapath         port     rx-pkts  rx-bytes rx-error tx-pkts  tx-bytes tx-error
---------------- -------- -------- -------- -------- -------- -------- --------
0000000000000001        1       10      868        0       77     6166        0
0000000000000001        2       91     7594        0       93     7724        0
0000000000000001        3       92     7664        0       92     7664        0
datapath         in-port  eth-dst           out-port packets  bytes
---------------- -------- ----------------- -------- -------- --------
0000000000000001        1       192.168.0.2        2        3      294
0000000000000001        1       192.168.0.3        3        3      294
0000000000000001        2       192.168.0.1        1        4      392
0000000000000001        3       192.168.0.1        1        4      392
datapath         port     rx-pkts  rx-bytes rx-error tx-pkts  tx-bytes tx-error
---------------- -------- -------- -------- -------- -------- -------- --------
0000000000000003        1       11      798        0       75     5970        0
0000000000000003        2       92     7664        0       92     7664        0
0000000000000003        3       90     7468        0       89     7398        0
datapath         in-port  eth-dst           out-port packets  bytes
---------------- -------- ----------------- -------- -------- --------
0000000000000003        1       192.168.0.1        2        4      392
0000000000000003        1       192.168.0.2        3        2      196
0000000000000003        2       192.168.0.3        1        4      392
0000000000000003        3       192.168.0.3        1        2      196
datapath         port     rx-pkts  rx-bytes rx-error tx-pkts  tx-bytes tx-error
---------------- -------- -------- -------- -------- -------- -------- --------
0000000000000002        1       11      798        0       73     5850        0
0000000000000002        2       93     7724        0       91     7594        0
0000000000000002        3       89     7398        0       90     7468        0
datapath         in-port  eth-dst           out-port packets  bytes
---------------- -------- ----------------- -------- -------- --------
0000000000000002        1       192.168.0.1        2        4      392
0000000000000002        1       192.168.0.3        3        1       98
0000000000000002        2       192.168.0.2        1        4      392
0000000000000002        3       192.168.0.2        1        2      196
discovery--->==================================== discovery ====================================
discovery---> cls: [(2, 3), (2, 1), (3, 1)]
discovery--->=============================================================================
==================================== link detector ====================================

----------------------------
src    dst :    delay
2 <---> 3 : 4.240751266479492
2 <---> 1 : 2.717733383178711
1 <---> 2 : 2.8839111328125
1 <---> 3 : 4.068613052368164
3 <---> 1 : 4.014492034912109
3 <---> 2 : 2.640247344970703
==================================== link detector ====================================

----------------------------
src    dst :    delay
2 <---> 3 : 2.7217864990234375
2 <---> 1 : 4.117250442504883
1 <---> 2 : 4.113197326660156
1 <---> 3 : 3.813505172729492
3 <---> 1 : 3.093719482421875
3 <---> 2 : 3.191232681274414
datapath         port     rx-pkts  rx-bytes rx-error tx-pkts  tx-bytes tx-error
---------------- -------- -------- -------- -------- -------- -------- --------
0000000000000001        1       10      868        0       82     6556        0
0000000000000001        2       97     8097        0       99     8227        0
0000000000000001        3       99     8227        0       98     8167        0
datapath         in-port  eth-dst           out-port packets  bytes
---------------- -------- ----------------- -------- -------- --------
0000000000000001        1       192.168.0.2        2        3      294
0000000000000001        1       192.168.0.3        3        3      294
0000000000000001        2       192.168.0.1        1        4      392
0000000000000001        3       192.168.0.1        1        4      392
datapath         port     rx-pkts  rx-bytes rx-error tx-pkts  tx-bytes tx-error
---------------- -------- -------- -------- -------- -------- -------- --------
0000000000000002        1       11      798        0       78     6240        0
0000000000000002        2       99     8227        0       97     8097        0
0000000000000002        3       97     8031        0       96     7971        0
datapath         in-port  eth-dst           out-port packets  bytes
---------------- -------- ----------------- -------- -------- --------
0000000000000002        1       192.168.0.1        2        4      392
0000000000000002        1       192.168.0.3        3        1       98
0000000000000002        2       192.168.0.2        1        4      392
0000000000000002        3       192.168.0.2        1        2      196
datapath         port     rx-pkts  rx-bytes rx-error tx-pkts  tx-bytes tx-error
---------------- -------- -------- -------- -------- -------- -------- --------
0000000000000003        1       11      798        0       80     6360        0
0000000000000003        2       98     8167        0       99     8227        0
0000000000000003        3       96     7971        0       97     8031        0
datapath         in-port  eth-dst           out-port packets  bytes
---------------- -------- ----------------- -------- -------- --------
0000000000000003        1       192.168.0.1        2        4      392
0000000000000003        1       192.168.0.2        3        2      196
0000000000000003        2       192.168.0.3        1        4      392
0000000000000003        3       192.168.0.3        1        2      196
discovery--->==================================== discovery ====================================
discovery---> cls: [(2, 3), (2, 1), (3, 1)]
discovery--->=============================================================================
==================================== link detector ====================================

----------------------------
src    dst :    delay
2 <---> 3 : 2.3686885833740234
2 <---> 1 : 2.194643020629883
1 <---> 2 : 115.58055877685547
1 <---> 3 : 2.2804737091064453
3 <---> 1 : 2.308368682861328
3 <---> 2 : 2.3691654205322266
datapath         port     rx-pkts  rx-bytes rx-error tx-pkts  tx-bytes tx-error
---------------- -------- -------- -------- -------- -------- -------- --------
0000000000000001        1     3734  5630332        0     1964   164624        0
0000000000000001        2     1980   132355        0     3639  5351845        0
0000000000000001        3      105     8587        0      104     8527        0
datapath         in-port  eth-dst           out-port packets  bytes
---------------- -------- ----------------- -------- -------- --------
0000000000000001        1       192.168.0.2        2     3642  5501068
0000000000000001        1       192.168.0.3        3        3      294
0000000000000001        2       192.168.0.1        1     1837   121386
0000000000000001        3       192.168.0.1        1        4      392
datapath         port     rx-pkts  rx-bytes rx-error tx-pkts  tx-bytes tx-error
---------------- -------- -------- -------- -------- -------- -------- --------
0000000000000003        1       11      798        0       86     6828        0
0000000000000003        2      104     8527        0      105     8587        0
0000000000000003        3      102     8331        0      103     8391        0
datapath         in-port  eth-dst           out-port packets  bytes
---------------- -------- ----------------- -------- -------- --------
0000000000000003        1       192.168.0.1        2        4      392
0000000000000003        1       192.168.0.2        3        2      196
0000000000000003        2       192.168.0.3        1        4      392
0000000000000003        3       192.168.0.3        1        2      196
datapath         port     rx-pkts  rx-bytes rx-error tx-pkts  tx-bytes tx-error
---------------- -------- -------- -------- -------- -------- -------- --------
0000000000000002        1     1888   124696        0     3618  5412124        0
0000000000000002        2     3639  5351845        0     1980   132355        0
0000000000000002        3      103     8391        0      102     8331        0
datapath         in-port  eth-dst           out-port packets  bytes
---------------- -------- ----------------- -------- -------- --------
0000000000000002        1       192.168.0.1        2     1838   121452
0000000000000002        1       192.168.0.3        3        1       98
0000000000000002        2       192.168.0.2        1     3457  5219562
0000000000000002        3       192.168.0.2        1        2      196
discovery--->==================================== discovery ====================================
discovery---> cls: [(2, 3), (2, 1), (3, 1)]
discovery--->=============================================================================
==================================== link detector ====================================

----------------------------
src    dst :    delay
2 <---> 3 : 2.777099609375
2 <---> 1 : 3.0143260955810547
1 <---> 2 : 299.121618270874
1 <---> 3 : 3.5581588745117188
3 <---> 1 : 3.9567947387695312
3 <---> 2 : 2.681732177734375
==================================== link detector ====================================

----------------------------
src    dst :    delay
2 <---> 3 : 3.9641857147216797
2 <---> 1 : 4.219770431518555
1 <---> 2 : 3.946542739868164
1 <---> 3 : 3.7539005279541016
3 <---> 1 : 2.6428699493408203
3 <---> 2 : 4.006147384643555
datapath         port     rx-pkts  rx-bytes rx-error tx-pkts  tx-bytes tx-error
---------------- -------- -------- -------- -------- -------- -------- --------
0000000000000001        1     4543  6853662        0     2497   209366        0
0000000000000001        2     2513   167507        0     4643  6861681        0
0000000000000001        3      110     8887        0      109     8827        0
datapath         in-port  eth-dst           out-port packets  bytes
---------------- -------- ----------------- -------- -------- --------
0000000000000001        1       192.168.0.2        2     4536  6853088
0000000000000001        1       192.168.0.3        3        3      294
0000000000000001        2       192.168.0.1        1     2408   159072
0000000000000001        3       192.168.0.1        1        4      392
datapath         port     rx-pkts  rx-bytes rx-error tx-pkts  tx-bytes tx-error
---------------- -------- -------- -------- -------- -------- -------- --------
0000000000000002        1     2416   159520        0     4623  6941564        0
0000000000000002        2     4643  6861681        0     2513   167507        0
0000000000000002        3      108     8691        0      108     8691        0
datapath         in-port  eth-dst           out-port packets  bytes
---------------- -------- ----------------- -------- -------- --------
0000000000000002        1       192.168.0.1        2     2408   159072
0000000000000002        1       192.168.0.3        3        1       98
0000000000000002        2       192.168.0.2        1     4537  6853186
0000000000000002        3       192.168.0.2        1        2      196
datapath         port     rx-pkts  rx-bytes rx-error tx-pkts  tx-bytes tx-error
---------------- -------- -------- -------- -------- -------- -------- --------
0000000000000003        1       11      798        0       91     7218        0
0000000000000003        2      109     8827        0      110     8887        0
0000000000000003        3      108     8691        0      108     8691        0
datapath         in-port  eth-dst           out-port packets  bytes
---------------- -------- ----------------- -------- -------- --------
0000000000000003        1       192.168.0.1        2        4      392
0000000000000003        1       192.168.0.2        3        2      196
0000000000000003        2       192.168.0.3        1        4      392
0000000000000003        3       192.168.0.3        1        2      196
discovery--->==================================== discovery ====================================
discovery---> cls: [(2, 3), (2, 1), (3, 1)]
discovery--->=============================================================================
==================================== link detector ====================================

----------------------------
src    dst :    delay
2 <---> 3 : 4.123687744140625
2 <---> 1 : 4.030704498291016
1 <---> 2 : 4.019498825073242
1 <---> 3 : 4.022121429443359
3 <---> 1 : 4.105806350708008
3 <---> 2 : 3.180265426635742
datapath         port     rx-pkts  rx-bytes rx-error tx-pkts  tx-bytes tx-error
---------------- -------- -------- -------- -------- -------- -------- --------
0000000000000001        1     4543  6853662        0     2503   209834        0
0000000000000001        2     2519   167867        0     4649  6862041        0
0000000000000001        3      116     9247        0      115     9187        0
datapath         in-port  eth-dst           out-port packets  bytes
---------------- -------- ----------------- -------- -------- --------
0000000000000001        1       192.168.0.2        2     4536  6853088
0000000000000001        1       192.168.0.3        3        3      294
0000000000000001        2       192.168.0.1        1     2408   159072
0000000000000001        3       192.168.0.1        1        4      392
datapath         port     rx-pkts  rx-bytes rx-error tx-pkts  tx-bytes tx-error
---------------- -------- -------- -------- -------- -------- -------- --------
0000000000000003        1       11      798        0       97     7686        0
0000000000000003        2      115     9187        0      116     9247        0
0000000000000003        3      113     8991        0      114     9051        0
datapath         in-port  eth-dst           out-port packets  bytes
---------------- -------- ----------------- -------- -------- --------
0000000000000003        1       192.168.0.1        2        4      392
0000000000000003        1       192.168.0.2        3        2      196
0000000000000003        2       192.168.0.3        1        4      392
0000000000000003        3       192.168.0.3        1        2      196
datapath         port     rx-pkts  rx-bytes rx-error tx-pkts  tx-bytes tx-error
---------------- -------- -------- -------- -------- -------- -------- --------
0000000000000002        1     2416   159520        0     4629  6942032        0
0000000000000002        2     4649  6862041        0     2519   167867        0
0000000000000002        3      114     9051        0      113     8991        0
datapath         in-port  eth-dst           out-port packets  bytes
---------------- -------- ----------------- -------- -------- --------
0000000000000002        1       192.168.0.1        2     2408   159072
0000000000000002        1       192.168.0.3        3        1       98
0000000000000002        2       192.168.0.2        1     4537  6853186
0000000000000002        3       192.168.0.2        1        2      196
discovery--->==================================== discovery ====================================
discovery---> cls: [(2, 3), (2, 1), (3, 1)]
discovery--->=============================================================================
==================================== link detector ====================================

----------------------------
src    dst :    delay
2 <---> 3 : 2.3641586303710938
2 <---> 1 : 3.997802734375
1 <---> 2 : 2.2668838500976562
1 <---> 3 : 4.3010711669921875
3 <---> 1 : 2.143383026123047
3 <---> 2 : 2.3441314697265625
==================================== link detector ====================================

----------------------------
src    dst :    delay
2 <---> 3 : 3.731966018676758
2 <---> 1 : 2.685070037841797
1 <---> 2 : 2.5370121002197266
1 <---> 3 : 2.2611618041992188
3 <---> 1 : 2.2575855255126953
3 <---> 2 : 2.1004676818847656
datapath         port     rx-pkts  rx-bytes rx-error tx-pkts  tx-bytes tx-error
---------------- -------- -------- -------- -------- -------- -------- --------
0000000000000001        1     4543  6853662        0     2508   210224        0
0000000000000001        2     2525   168227        0     4654  6862341        0
0000000000000001        3      121     9547        0      120     9487        0
datapath         in-port  eth-dst           out-port packets  bytes
---------------- -------- ----------------- -------- -------- --------
0000000000000001        1       192.168.0.2        2     4536  6853088
0000000000000001        1       192.168.0.3        3        3      294
0000000000000001        2       192.168.0.1        1     2408   159072
0000000000000001        3       192.168.0.1        1        4      392
datapath         port     rx-pkts  rx-bytes rx-error tx-pkts  tx-bytes tx-error
---------------- -------- -------- -------- -------- -------- -------- --------
0000000000000002        1     2416   159520        0     4635  6942500        0
0000000000000002        2     4654  6862341        0     2525   168227        0
0000000000000002        3      119     9351        0      119     9351        0
datapath         in-port  eth-dst           out-port packets  bytes
---------------- -------- ----------------- -------- -------- --------
0000000000000002        1       192.168.0.1        2     2408   159072
0000000000000002        1       192.168.0.3        3        1       98
0000000000000002        2       192.168.0.2        1     4537  6853186
0000000000000002        3       192.168.0.2        1        2      196
datapath         port     rx-pkts  rx-bytes rx-error tx-pkts  tx-bytes tx-error
---------------- -------- -------- -------- -------- -------- -------- --------
0000000000000003        1       11      798        0      102     8076        0
0000000000000003        2      120     9487        0      121     9547        0
0000000000000003        3      119     9351        0      119     9351        0
datapath         in-port  eth-dst           out-port packets  bytes
---------------- -------- ----------------- -------- -------- --------
0000000000000003        1       192.168.0.1        2        4      392
0000000000000003        1       192.168.0.2        3        2      196
0000000000000003        2       192.168.0.3        1        4      392
0000000000000003        3       192.168.0.3        1        2      196
discovery--->==================================== discovery ====================================
discovery---> cls: [(2, 3), (2, 1), (3, 1)]
discovery--->=============================================================================
==================================== link detector ====================================

----------------------------
src    dst :    delay
2 <---> 3 : 4.108190536499023
2 <---> 1 : 4.0988922119140625
1 <---> 2 : 2.0651817321777344
1 <---> 3 : 2.1288394927978516
3 <---> 1 : 3.107786178588867
3 <---> 2 : 3.222227096557617
datapath         port     rx-pkts  rx-bytes rx-error tx-pkts  tx-bytes tx-error
---------------- -------- -------- -------- -------- -------- -------- --------
0000000000000001        1     4543  6853662        0     2514   210692        0
0000000000000001        2     2530   168527        0     4660  6862701        0
0000000000000001        3      127     9907        0      126     9847        0
datapath         in-port  eth-dst           out-port packets  bytes
---------------- -------- ----------------- -------- -------- --------
0000000000000001        1       192.168.0.2        2     4536  6853088
0000000000000001        1       192.168.0.3        3        3      294
0000000000000001        2       192.168.0.1        1     2408   159072
0000000000000001        3       192.168.0.1        1        4      392
datapath         port     rx-pkts  rx-bytes rx-error tx-pkts  tx-bytes tx-error
---------------- -------- -------- -------- -------- -------- -------- --------
0000000000000003        1       11      798        0      108     8544        0
0000000000000003        2      126     9847        0      127     9907        0
0000000000000003        3      124     9651        0      125     9711        0
datapath         in-port  eth-dst           out-port packets  bytes
---------------- -------- ----------------- -------- -------- --------
0000000000000003        1       192.168.0.1        2        4      392
0000000000000003        1       192.168.0.2        3        2      196
0000000000000003        2       192.168.0.3        1        4      392
0000000000000003        3       192.168.0.3        1        2      196
datapath         port     rx-pkts  rx-bytes rx-error tx-pkts  tx-bytes tx-error
---------------- -------- -------- -------- -------- -------- -------- --------
0000000000000002        1     2416   159520        0     4640  6942890        0
0000000000000002        2     4660  6862701        0     2530   168527        0
0000000000000002        3      125     9711        0      124     9651        0
datapath         in-port  eth-dst           out-port packets  bytes
---------------- -------- ----------------- -------- -------- --------
0000000000000002        1       192.168.0.1        2     2408   159072
0000000000000002        1       192.168.0.3        3        1       98
0000000000000002        2       192.168.0.2        1     4537  6853186
0000000000000002        3       192.168.0.2        1        2      196
discovery--->==================================== discovery ====================================
discovery---> cls: [(2, 3), (2, 1), (3, 1)]
discovery--->=============================================================================
==================================== link detector ====================================

----------------------------
src    dst :    delay
2 <---> 3 : 3.692150115966797
2 <---> 1 : 4.2934417724609375
1 <---> 2 : 3.1664371490478516
1 <---> 3 : 3.1545162200927734
3 <---> 1 : 3.006458282470703
3 <---> 2 : 3.9396286010742188
==================================== link detector ====================================

----------------------------
src    dst :    delay
2 <---> 3 : 4.107952117919922
2 <---> 1 : 4.158496856689453
1 <---> 2 : 3.599405288696289
1 <---> 3 : 3.113269805908203
3 <---> 1 : 4.145145416259766
3 <---> 2 : 4.280328750610352
datapath         port     rx-pkts  rx-bytes rx-error tx-pkts  tx-bytes tx-error
---------------- -------- -------- -------- -------- -------- -------- --------
0000000000000001        1     4543  6853662        0     2520   211160        0
0000000000000001        2     2536   168887        0     4665  6863001        0
0000000000000001        3      132    10207        0      132    10207        0
datapath         in-port  eth-dst           out-port packets  bytes
---------------- -------- ----------------- -------- -------- --------
0000000000000001        1       192.168.0.2        2     4536  6853088
0000000000000001        1       192.168.0.3        3        3      294
0000000000000001        2       192.168.0.1        1     2408   159072
0000000000000001        3       192.168.0.1        1        4      392
datapath         port     rx-pkts  rx-bytes rx-error tx-pkts  tx-bytes tx-error
---------------- -------- -------- -------- -------- -------- -------- --------
0000000000000002        1     2416   159520        0     4646  6943358        0
0000000000000002        2     4665  6863001        0     2536   168887        0
0000000000000002        3      130    10011        0      130    10011        0
datapath         in-port  eth-dst           out-port packets  bytes
---------------- -------- ----------------- -------- -------- --------
0000000000000002        1       192.168.0.1        2     2408   159072
0000000000000002        1       192.168.0.3        3        1       98
0000000000000002        2       192.168.0.2        1     4537  6853186
0000000000000002        3       192.168.0.2        1        2      196
datapath         port     rx-pkts  rx-bytes rx-error tx-pkts  tx-bytes tx-error
---------------- -------- -------- -------- -------- -------- -------- --------
0000000000000003        1       11      798        0      113     8934        0
0000000000000003        2      132    10207        0      132    10207        0
0000000000000003        3      130    10011        0      130    10011        0
datapath         in-port  eth-dst           out-port packets  bytes
---------------- -------- ----------------- -------- -------- --------
0000000000000003        1       192.168.0.1        2        4      392
0000000000000003        1       192.168.0.2        3        2      196
0000000000000003        2       192.168.0.3        1        4      392
0000000000000003        3       192.168.0.3        1        2      196
discovery--->==================================== discovery ====================================
discovery---> cls: [(2, 3), (2, 1), (3, 1)]
discovery--->=============================================================================
==================================== link detector ====================================

----------------------------
src    dst :    delay
2 <---> 3 : 4.358530044555664
2 <---> 1 : 3.0825138092041016
1 <---> 2 : 4.014253616333008
1 <---> 3 : 3.1898021697998047
3 <---> 1 : 3.9827823638916016
3 <---> 2 : 4.102468490600586
==================================== link detector ====================================

----------------------------
src    dst :    delay
2 <---> 3 : 3.237485885620117
2 <---> 1 : 3.127574920654297
1 <---> 2 : 2.652406692504883
1 <---> 3 : 3.2682418823242188
3 <---> 1 : 4.150867462158203
3 <---> 2 : 3.0617713928222656
datapath         port     rx-pkts  rx-bytes rx-error tx-pkts  tx-bytes tx-error
---------------- -------- -------- -------- -------- -------- -------- --------
0000000000000001        1     4543  6853662        0     2525   211550        0
0000000000000001        2     2541   169187        0     4671  6863361        0
0000000000000001        3      138    10567        0      137    10507        0
datapath         in-port  eth-dst           out-port packets  bytes
---------------- -------- ----------------- -------- -------- --------
0000000000000001        1       192.168.0.2        2     4536  6853088
0000000000000001        1       192.168.0.3        3        3      294
0000000000000001        2       192.168.0.1        1     2408   159072
0000000000000001        3       192.168.0.1        1        4      392
datapath         port     rx-pkts  rx-bytes rx-error tx-pkts  tx-bytes tx-error
---------------- -------- -------- -------- -------- -------- -------- --------
0000000000000003        1       11      798        0      119     9402        0
0000000000000003        2      137    10507        0      138    10567        0
0000000000000003        3      135    10311        0      136    10371        0
datapath         in-port  eth-dst           out-port packets  bytes
---------------- -------- ----------------- -------- -------- --------
0000000000000003        1       192.168.0.1        2        4      392
0000000000000003        1       192.168.0.2        3        2      196
0000000000000003        2       192.168.0.3        1        4      392
0000000000000003        3       192.168.0.3        1        2      196
datapath         port     rx-pkts  rx-bytes rx-error tx-pkts  tx-bytes tx-error
---------------- -------- -------- -------- -------- -------- -------- --------
0000000000000002        1     2416   159520        0     4651  6943748        0
0000000000000002        2     4671  6863361        0     2541   169187        0
0000000000000002        3      136    10371        0      135    10311        0
datapath         in-port  eth-dst           out-port packets  bytes
---------------- -------- ----------------- -------- -------- --------
0000000000000002        1       192.168.0.1        2     2408   159072
0000000000000002        1       192.168.0.3        3        1       98
0000000000000002        2       192.168.0.2        1     4537  6853186
0000000000000002        3       192.168.0.2        1        2      196
discovery--->==================================== discovery ====================================
discovery---> cls: [(2, 3), (2, 1), (3, 1)]
discovery--->=============================================================================
==================================== link detector ====================================

----------------------------
src    dst :    delay
2 <---> 3 : 3.1435489654541016
2 <---> 1 : 2.6853084564208984
1 <---> 2 : 2.2897720336914062
1 <---> 3 : 3.4761428833007812
3 <---> 1 : 3.058910369873047
3 <---> 2 : 4.133939743041992
datapath         port     rx-pkts  rx-bytes rx-error tx-pkts  tx-bytes tx-error
---------------- -------- -------- -------- -------- -------- -------- --------
0000000000000003        1       11      798        0      125     9870        0
0000000000000003        2      143    10867        0      143    10867        0
0000000000000003        3      141    10671        0      141    10671        0
datapath         in-port  eth-dst           out-port packets  bytes
---------------- -------- ----------------- -------- -------- --------
0000000000000003        1       192.168.0.1        2        4      392
0000000000000003        1       192.168.0.2        3        2      196
0000000000000003        2       192.168.0.3        1        4      392
0000000000000003        3       192.168.0.3        1        2      196
datapath         port     rx-pkts  rx-bytes rx-error tx-pkts  tx-bytes tx-error
---------------- -------- -------- -------- -------- -------- -------- --------
0000000000000001        1     4543  6853662        0     2531   212018        0
0000000000000001        2     2547   169547        0     4676  6863661        0
0000000000000001        3      143    10867        0      143    10867        0
datapath         in-port  eth-dst           out-port packets  bytes
---------------- -------- ----------------- -------- -------- --------
0000000000000001        1       192.168.0.2        2     4536  6853088
0000000000000001        1       192.168.0.3        3        3      294
0000000000000001        2       192.168.0.1        1     2408   159072
0000000000000001        3       192.168.0.1        1        4      392
datapath         port     rx-pkts  rx-bytes rx-error tx-pkts  tx-bytes tx-error
---------------- -------- -------- -------- -------- -------- -------- --------
0000000000000002        1     2416   159520        0     4657  6944216        0
0000000000000002        2     4676  6863661        0     2547   169547        0
0000000000000002        3      141    10671        0      141    10671        0
datapath         in-port  eth-dst           out-port packets  bytes
---------------- -------- ----------------- -------- -------- --------
0000000000000002        1       192.168.0.1        2     2408   159072
0000000000000002        1       192.168.0.3        3        1       98
0000000000000002        2       192.168.0.2        1     4537  6853186
0000000000000002        3       192.168.0.2        1        2      196
discovery--->==================================== discovery ====================================
discovery---> cls: [(2, 3), (2, 1), (3, 1)]
discovery--->=============================================================================
==================================== link detector ====================================

----------------------------
src    dst :    delay
2 <---> 3 : 3.2269954681396484
2 <---> 1 : 3.0667781829833984
1 <---> 2 : 2.743244171142578
1 <---> 3 : 3.1321048736572266
3 <---> 1 : 2.197265625
3 <---> 2 : 2.263784408569336
==================================== link detector ====================================

----------------------------
src    dst :    delay
2 <---> 3 : 3.0372142791748047
2 <---> 1 : 3.5638809204101562
1 <---> 2 : 2.702951431274414
1 <---> 3 : 2.3550987243652344
3 <---> 1 : 2.270936965942383
3 <---> 2 : 2.4261474609375
datapath         port     rx-pkts  rx-bytes rx-error tx-pkts  tx-bytes tx-error
---------------- -------- -------- -------- -------- -------- -------- --------
0000000000000001        1     4543  6853662        0     2536   212408        0
0000000000000001        2     2552   169847        0     4682  6864021        0
0000000000000001        3      149    11227        0      148    11167        0
datapath         in-port  eth-dst           out-port packets  bytes
---------------- -------- ----------------- -------- -------- --------
0000000000000001        1       192.168.0.2        2     4536  6853088
0000000000000001        1       192.168.0.3        3        3      294
0000000000000001        2       192.168.0.1        1     2408   159072
0000000000000001        3       192.168.0.1        1        4      392
datapath         port     rx-pkts  rx-bytes rx-error tx-pkts  tx-bytes tx-error
---------------- -------- -------- -------- -------- -------- -------- --------
0000000000000003        1       11      798        0      130    10260        0
0000000000000003        2      148    11167        0      149    11227        0
0000000000000003        3      146    10971        0      147    11031        0
datapath         in-port  eth-dst           out-port packets  bytes
---------------- -------- ----------------- -------- -------- --------
0000000000000003        1       192.168.0.1        2        4      392
0000000000000003        1       192.168.0.2        3        2      196
0000000000000003        2       192.168.0.3        1        4      392
0000000000000003        3       192.168.0.3        1        2      196
datapath         port     rx-pkts  rx-bytes rx-error tx-pkts  tx-bytes tx-error
---------------- -------- -------- -------- -------- -------- -------- --------
0000000000000002        1     2416   159520        0     4662  6944606        0
0000000000000002        2     4682  6864021        0     2552   169847        0
0000000000000002        3      147    11031        0      146    10971        0
datapath         in-port  eth-dst           out-port packets  bytes
---------------- -------- ----------------- -------- -------- --------
0000000000000002        1       192.168.0.1        2     2408   159072
0000000000000002        1       192.168.0.3        3        1       98
0000000000000002        2       192.168.0.2        1     4537  6853186
0000000000000002        3       192.168.0.2        1        2      196
discovery--->==================================== discovery ====================================
discovery---> cls: [(2, 3), (2, 1), (3, 1)]
discovery--->=============================================================================
==================================== link detector ====================================

----------------------------
src    dst :    delay
2 <---> 3 : 4.177570343017578
2 <---> 1 : 4.0836334228515625
1 <---> 2 : 4.083156585693359
1 <---> 3 : 4.104852676391602
3 <---> 1 : 2.994537353515625
3 <---> 2 : 3.1681060791015625
datapath         port     rx-pkts  rx-bytes rx-error tx-pkts  tx-bytes tx-error
---------------- -------- -------- -------- -------- -------- -------- --------
0000000000000001        1     4543  6853662        0     2542   212876        0
0000000000000001        2     2558   170207        0     4688  6864381        0
0000000000000001        3      154    11527        0      154    11527        0
datapath         in-port  eth-dst           out-port packets  bytes
---------------- -------- ----------------- -------- -------- --------
0000000000000001        1       192.168.0.2        2     4536  6853088
0000000000000001        1       192.168.0.3        3        3      294
0000000000000001        2       192.168.0.1        1     2408   159072
0000000000000001        3       192.168.0.1        1        4      392
datapath         port     rx-pkts  rx-bytes rx-error tx-pkts  tx-bytes tx-error
---------------- -------- -------- -------- -------- -------- -------- --------
0000000000000002        1     2416   159520        0     4668  6945074        0
0000000000000002        2     4688  6864381        0     2558   170207        0
0000000000000002        3      153    11391        0      153    11401        0
datapath         in-port  eth-dst           out-port packets  bytes
---------------- -------- ----------------- -------- -------- --------
0000000000000002        1       192.168.0.1        2     2408   159072
0000000000000002        1       192.168.0.3        3        1       98
0000000000000002        2       192.168.0.2        1     4537  6853186
0000000000000002        3       192.168.0.2        1        2      196
datapath         port     rx-pkts  rx-bytes rx-error tx-pkts  tx-bytes tx-error
---------------- -------- -------- -------- -------- -------- -------- --------
0000000000000003        1       11      798        0      136    10728        0
0000000000000003        2      154    11527        0      154    11527        0
0000000000000003        3      153    11401        0      153    11391        0
datapath         in-port  eth-dst           out-port packets  bytes
---------------- -------- ----------------- -------- -------- --------
0000000000000003        1       192.168.0.1        2        4      392
0000000000000003        1       192.168.0.2        3        2      196
0000000000000003        2       192.168.0.3        1        4      392
0000000000000003        3       192.168.0.3        1        2      196
discovery--->==================================== discovery ====================================
discovery---> cls: [(2, 3), (2, 1), (3, 1)]
discovery--->=============================================================================
==================================== link detector ====================================

----------------------------
src    dst :    delay
2 <---> 3 : 4.22215461730957
2 <---> 1 : 3.983736038208008
1 <---> 2 : 3.010272979736328
1 <---> 3 : 3.177642822265625
3 <---> 1 : 3.1185150146484375
3 <---> 2 : 4.058122634887695
==================================== link detector ====================================

----------------------------
src    dst :    delay
2 <---> 3 : 3.061532974243164
2 <---> 1 : 3.184080123901367
1 <---> 2 : 2.9468536376953125
1 <---> 3 : 3.6232471466064453
3 <---> 1 : 3.180980682373047
3 <---> 2 : 3.1828880310058594
datapath         port     rx-pkts  rx-bytes rx-error tx-pkts  tx-bytes tx-error
---------------- -------- -------- -------- -------- -------- -------- --------
0000000000000001        1     4543  6853662        0     2547   213266        0
0000000000000001        2     2563   170507        0     4694  6864751        0
0000000000000001        3      160    11887        0      160    11897        0
datapath         in-port  eth-dst           out-port packets  bytes
---------------- -------- ----------------- -------- -------- --------
0000000000000001        1       192.168.0.2        2     4536  6853088
0000000000000001        1       192.168.0.3        3        3      294
0000000000000001        2       192.168.0.1        1     2408   159072
0000000000000001        3       192.168.0.1        1        4      392
datapath         port     rx-pkts  rx-bytes rx-error tx-pkts  tx-bytes tx-error
---------------- -------- -------- -------- -------- -------- -------- --------
0000000000000003        1       11      798        0      141    11118        0
0000000000000003        2      160    11897        0      160    11887        0
0000000000000003        3      159    11761        0      158    11691        0
datapath         in-port  eth-dst           out-port packets  bytes
---------------- -------- ----------------- -------- -------- --------
0000000000000003        1       192.168.0.1        2        4      392
0000000000000003        1       192.168.0.2        3        2      196
0000000000000003        2       192.168.0.3        1        4      392
0000000000000003        3       192.168.0.3        1        2      196
datapath         port     rx-pkts  rx-bytes rx-error tx-pkts  tx-bytes tx-error
---------------- -------- -------- -------- -------- -------- -------- --------
0000000000000002        1     2416   159520        0     4673  6945464        0
0000000000000002        2     4694  6864751        0     2563   170507        0
0000000000000002        3      158    11691        0      159    11761        0
datapath         in-port  eth-dst           out-port packets  bytes
---------------- -------- ----------------- -------- -------- --------
0000000000000002        1       192.168.0.1        2     2408   159072
0000000000000002        1       192.168.0.3        3        1       98
0000000000000002        2       192.168.0.2        1     4537  6853186
0000000000000002        3       192.168.0.2        1        2      196
discovery--->==================================== discovery ====================================
discovery---> cls: [(2, 3), (2, 1), (3, 1)]
discovery--->=============================================================================
==================================== link detector ====================================

----------------------------
src    dst :    delay
2 <---> 3 : 4.125833511352539
2 <---> 1 : 2.706289291381836
1 <---> 2 : 3.935575485229492
1 <---> 3 : 2.6569366455078125
3 <---> 1 : 2.645730972290039
3 <---> 2 : 3.0548572540283203
==================================== link detector ====================================

----------------------------
src    dst :    delay
2 <---> 3 : 3.149271011352539
2 <---> 1 : 4.036903381347656
1 <---> 2 : 4.073858261108398
1 <---> 3 : 4.106044769287109
3 <---> 1 : 4.043102264404297
3 <---> 2 : 4.130363464355469
datapath         port     rx-pkts  rx-bytes rx-error tx-pkts  tx-bytes tx-error
---------------- -------- -------- -------- -------- -------- -------- --------
0000000000000001        1     4543  6853662        0     2553   213734        0
0000000000000001        2     2569   170867        0     4700  6865111        0
0000000000000001        3      167    12317        0      166    12257        0
datapath         in-port  eth-dst           out-port packets  bytes
---------------- -------- ----------------- -------- -------- --------
0000000000000001        1       192.168.0.2        2     4536  6853088
0000000000000001        1       192.168.0.3        3        3      294
0000000000000001        2       192.168.0.1        1     2408   159072
0000000000000001        3       192.168.0.1        1        4      392
datapath         port     rx-pkts  rx-bytes rx-error tx-pkts  tx-bytes tx-error
---------------- -------- -------- -------- -------- -------- -------- --------
0000000000000003        1       11      798        0      147    11586        0
0000000000000003        2      166    12257        0      167    12317        0
0000000000000003        3      164    12061        0      164    12051        0
datapath         in-port  eth-dst           out-port packets  bytes
---------------- -------- ----------------- -------- -------- --------
0000000000000003        1       192.168.0.1        2        4      392
0000000000000003        1       192.168.0.2        3        2      196
0000000000000003        2       192.168.0.3        1        4      392
0000000000000003        3       192.168.0.3        1        2      196
datapath         port     rx-pkts  rx-bytes rx-error tx-pkts  tx-bytes tx-error
---------------- -------- -------- -------- -------- -------- -------- --------
0000000000000002        1     2416   159520        0     4679  6945932        0
0000000000000002        2     4700  6865111        0     2569   170867        0
0000000000000002        3      164    12051        0      164    12061        0
datapath         in-port  eth-dst           out-port packets  bytes
---------------- -------- ----------------- -------- -------- --------
0000000000000002        1       192.168.0.1        2     2408   159072
0000000000000002        1       192.168.0.3        3        1       98
0000000000000002        2       192.168.0.2        1     4537  6853186
0000000000000002        3       192.168.0.2        1        2      196
discovery--->==================================== discovery ====================================
discovery---> cls: [(2, 3), (2, 1), (3, 1)]
discovery--->=============================================================================
==================================== link detector ====================================

----------------------------
src    dst :    delay
2 <---> 3 : 2.7310848236083984
2 <---> 1 : 3.4990310668945312
1 <---> 2 : 3.189563751220703
1 <---> 3 : 3.511190414428711
3 <---> 1 : 3.0782222747802734
3 <---> 2 : 2.161741256713867
datapath         port     rx-pkts  rx-bytes rx-error tx-pkts  tx-bytes tx-error
---------------- -------- -------- -------- -------- -------- -------- --------
0000000000000001        1     4543  6853662        0     2558   214124        0
0000000000000001        2     2576   171430        0     4706  6865614        0
0000000000000001        3      173    12820        0      172    12760        0
datapath         in-port  eth-dst           out-port packets  bytes
---------------- -------- ----------------- -------- -------- --------
0000000000000001        1       192.168.0.2        2     4536  6853088
0000000000000001        1       192.168.0.3        3        3      294
0000000000000001        2       192.168.0.1        1     2408   159072
0000000000000001        3       192.168.0.1        1        4      392
datapath         port     rx-pkts  rx-bytes rx-error tx-pkts  tx-bytes tx-error
---------------- -------- -------- -------- -------- -------- -------- --------
0000000000000002        1     2416   159520        0     4684  6946322        0
0000000000000002        2     4706  6865614        0     2576   171430        0
0000000000000002        3      171    12624        0      171    12624        0
datapath         in-port  eth-dst           out-port packets  bytes
---------------- -------- ----------------- -------- -------- --------
0000000000000002        1       192.168.0.1        2     2408   159072
0000000000000002        1       192.168.0.3        3        1       98
0000000000000002        2       192.168.0.2        1     4537  6853186
0000000000000002        3       192.168.0.2        1        2      196
datapath         port     rx-pkts  rx-bytes rx-error tx-pkts  tx-bytes tx-error
---------------- -------- -------- -------- -------- -------- -------- --------
0000000000000003        1       11      798        0      152    11976        0
0000000000000003        2      172    12760        0      173    12820        0
0000000000000003        3      171    12624        0      171    12624        0
datapath         in-port  eth-dst           out-port packets  bytes
---------------- -------- ----------------- -------- -------- --------
0000000000000003        1       192.168.0.1        2        4      392
0000000000000003        1       192.168.0.2        3        2      196
0000000000000003        2       192.168.0.3        1        4      392
0000000000000003        3       192.168.0.3        1        2      196
discovery--->==================================== discovery ====================================
discovery---> cls: [(2, 3), (2, 1), (3, 1)]
discovery--->=============================================================================
==================================== link detector ====================================

----------------------------
src    dst :    delay
2 <---> 3 : 2.761363983154297
2 <---> 1 : 4.016399383544922
1 <---> 2 : 3.3416748046875
1 <---> 3 : 4.166841506958008
3 <---> 1 : 3.2656192779541016
3 <---> 2 : 3.3385753631591797
==================================== link detector ====================================

----------------------------
src    dst :    delay
2 <---> 3 : 4.293203353881836
2 <---> 1 : 2.6946067810058594
1 <---> 2 : 4.004716873168945
1 <---> 3 : 3.992795944213867
3 <---> 1 : 4.055500030517578
3 <---> 2 : 2.735137939453125
datapath         port     rx-pkts  rx-bytes rx-error tx-pkts  tx-bytes tx-error
---------------- -------- -------- -------- -------- -------- -------- --------
0000000000000001        1     4543  6853662        0     2564   214592        0
0000000000000001        2     2581   171730        0     4712  6865974        0
0000000000000001        3      179    13180        0      178    13120        0
datapath         in-port  eth-dst           out-port packets  bytes
---------------- -------- ----------------- -------- -------- --------
0000000000000001        1       192.168.0.2        2     4536  6853088
0000000000000001        1       192.168.0.3        3        3      294
0000000000000001        2       192.168.0.1        1     2408   159072
0000000000000001        3       192.168.0.1        1        4      392
datapath         port     rx-pkts  rx-bytes rx-error tx-pkts  tx-bytes tx-error
---------------- -------- -------- -------- -------- -------- -------- --------
0000000000000003        1       11      798        0      158    12444        0
0000000000000003        2      178    13120        0      179    13180        0
0000000000000003        3      176    12924        0      177    12984        0
datapath         in-port  eth-dst           out-port packets  bytes
---------------- -------- ----------------- -------- -------- --------
0000000000000003        1       192.168.0.1        2        4      392
0000000000000003        1       192.168.0.2        3        2      196
0000000000000003        2       192.168.0.3        1        4      392
0000000000000003        3       192.168.0.3        1        2      196
datapath         port     rx-pkts  rx-bytes rx-error tx-pkts  tx-bytes tx-error
---------------- -------- -------- -------- -------- -------- -------- --------
0000000000000002        1     2416   159520        0     4690  6946790        0
0000000000000002        2     4712  6865974        0     2581   171730        0
0000000000000002        3      177    12984        0      176    12924        0
datapath         in-port  eth-dst           out-port packets  bytes
---------------- -------- ----------------- -------- -------- --------
0000000000000002        1       192.168.0.1        2     2408   159072
0000000000000002        1       192.168.0.3        3        1       98
0000000000000002        2       192.168.0.2        1     4537  6853186
0000000000000002        3       192.168.0.2        1        2      196
discovery--->==================================== discovery ====================================
discovery---> cls: [(2, 3), (2, 1), (3, 1)]
discovery--->=============================================================================
==================================== link detector ====================================

----------------------------
src    dst :    delay
2 <---> 3 : 4.168272018432617
2 <---> 1 : 2.652406692504883
1 <---> 2 : 3.4041404724121094
1 <---> 3 : 2.5429725646972656
3 <---> 1 : 3.810882568359375
3 <---> 2 : 3.910064697265625
---> OFPPortStatus received: reason=MODIFY desc=OFPPort(port_no=2,hw_addr='4e:5f:8b:b6:f1:4b',name=b'ap1-eth2',config=0,state=0,curr=2112,advertised=0,supported=0,peer=0,curr_speed=10000000,max_speed=0)
---> OFPPortStatus received: reason=DELETE desc=OFPPort(port_no=2,hw_addr='4e:5f:8b:b6:f1:4b',name=b'ap1-eth2',config=0,state=0,curr=2112,advertised=0,supported=0,peer=0,curr_speed=10000000,max_speed=0)
---> OFPPortStatus received: reason=MODIFY desc=OFPPort(port_no=2,hw_addr='0e:8f:95:fb:3a:b9',name=b'ap2-eth2',config=0,state=0,curr=2112,advertised=0,supported=0,peer=0,curr_speed=10000000,max_speed=0)
---> OFPPortStatus received: reason=DELETE desc=OFPPort(port_no=2,hw_addr='0e:8f:95:fb:3a:b9',name=b'ap2-eth2',config=0,state=0,curr=2112,advertised=0,supported=0,peer=0,curr_speed=10000000,max_speed=0)
---> OFPPortStatus received: reason=DELETE desc=OFPPort(port_no=3,hw_addr='02:23:cf:95:c7:a2',name=b'ap1-eth3',config=0,state=4,curr=2112,advertised=0,supported=0,peer=0,curr_speed=10000000,max_speed=0)
---> OFPPortStatus received: reason=DELETE desc=OFPPort(port_no=2,hw_addr='e2:b7:dc:6f:e5:3e',name=b'ap3-eth2',config=0,state=4,curr=2112,advertised=0,supported=0,peer=0,curr_speed=10000000,max_speed=0)
datapath         port     rx-pkts  rx-bytes rx-error tx-pkts  tx-bytes tx-error
---------------- -------- -------- -------- -------- -------- -------- --------
0000000000000001        1     4543  6853662        0     2569   214982        0
datapath         in-port  eth-dst           out-port packets  bytes
---------------- -------- ----------------- -------- -------- --------
0000000000000001        1       192.168.0.2        2     4536  6853088
0000000000000001        1       192.168.0.3        3        3      294
0000000000000001        2       192.168.0.1        1     2408   159072
0000000000000001        3       192.168.0.1        1        4      392
datapath         port     rx-pkts  rx-bytes rx-error tx-pkts  tx-bytes tx-error
---------------- -------- -------- -------- -------- -------- -------- --------
0000000000000002        1     2416   159520        0     4696  6947258        0
0000000000000002        3      182    13284        0      182    13284        0
datapath         in-port  eth-dst           out-port packets  bytes
---------------- -------- ----------------- -------- -------- --------
0000000000000002        1       192.168.0.1        2     2408   159072
0000000000000002        1       192.168.0.3        3        1       98
0000000000000002        2       192.168.0.2        1     4537  6853186
0000000000000002        3       192.168.0.2        1        2      196
datapath         port     rx-pkts  rx-bytes rx-error tx-pkts  tx-bytes tx-error
---------------- -------- -------- -------- -------- -------- -------- --------
0000000000000003        1       11      798        0      163    12834        0
0000000000000003        3      182    13284        0      182    13284        0
datapath         in-port  eth-dst           out-port packets  bytes
---------------- -------- ----------------- -------- -------- --------
0000000000000003        1       192.168.0.1        2        4      392
0000000000000003        1       192.168.0.2        3        2      196
0000000000000003        2       192.168.0.3        1        4      392
0000000000000003        3       192.168.0.3        1        2      196
discovery--->==================================== discovery ====================================
discovery---> cls: [(2, 3)]
discovery--->=============================================================================
---> OFPPortStatus received: reason=DELETE desc=OFPPort(port_no=3,hw_addr='92:23:85:00:aa:8d',name=b'ap3-eth3',config=0,state=4,curr=2112,advertised=0,supported=0,peer=0,curr_speed=10000000,max_speed=0)
---> OFPPortStatus received: reason=DELETE desc=OFPPort(port_no=3,hw_addr='d2:38:8c:b5:af:e7',name=b'ap2-eth3',config=0,state=4,curr=2112,advertised=0,supported=0,peer=0,curr_speed=10000000,max_speed=0)
==================================== link detector ====================================

----------------------------
src    dst :    delay
2 <---> 3 : 2.705097198486328
2 <---> 1 : 2.998828887939453
1 <---> 2 : 4.065036773681641
1 <---> 3 : 4.043102264404297
3 <---> 1 : 3.4532546997070312
3 <---> 2 : 2.6972293853759766
==================================== link detector ====================================

----------------------------
src    dst :    delay
2 <---> 3 : 2.705097198486328
2 <---> 1 : 2.998828887939453
1 <---> 2 : 4.065036773681641
1 <---> 3 : 4.043102264404297
3 <---> 1 : 3.4532546997070312
3 <---> 2 : 2.6972293853759766
discovery--->==================================== discovery ====================================
discovery---> cls: []
discovery--->=============================================================================
==================================== link detector ====================================

----------------------------
src    dst :    delay
2 <---> 3 : 2.705097198486328
2 <---> 1 : 2.998828887939453
1 <---> 2 : 4.065036773681641
1 <---> 3 : 4.043102264404297
3 <---> 1 : 3.4532546997070312
3 <---> 2 : 2.6972293853759766
discovery--->==================================== discovery ====================================
discovery---> cls: []
discovery--->=============================================================================
==================================== link detector ====================================

----------------------------
src    dst :    delay
2 <---> 3 : 2.705097198486328
2 <---> 1 : 2.998828887939453
1 <---> 2 : 4.065036773681641
1 <---> 3 : 4.043102264404297
3 <---> 1 : 3.4532546997070312
3 <---> 2 : 2.6972293853759766
