loading app network_structure.py
Matplotlib created a temporary config/cache directory at /tmp/matplotlib-b_1tj83f because the default path (/home/terry/.config/matplotlib) is not a writable directory; it is highly recommended to set the MPLCONFIGDIR environment variable to a writable directory, in particular to speed up the import of Matplotlib and to better support multiprocessing.
Generating new fontManager, this may take some time...
Failed to extract font properties from /usr/share/fonts/truetype/noto/NotoColorEmoji.ttf: In FT2Font: Can not load face.  Unknown file format.
loading app network_monitor.py
loading app network_delay.py
loading app network_shortest_path.py
loading app arp_handler.py
loading app ryu.controller.ofp_handler
instantiating app None of Switches
creating context switches
instantiating app network_structure.py of NetworkStructure
instantiating app network_monitor.py of NetworkMonitor
instantiating app network_delay.py of NetworkDelay
instantiating app network_shortest_path.py of NetworkShortestPath
instantiating app arp_handler.py of ArpHandler
instantiating app ryu.controller.ofp_handler of OFPHandler
discovery---> AccessPoint: 1 connected
discovery---> AccessPoint: 2 connected
discovery---> AccessPoint: 3 connected
monitor---->register datapath: 1000000000000001
monitor---->register datapath: 1000000000000002
monitor---->register datapath: 1000000000000003
==================================== link detector ====================================

----------------------------
src    dst :    delay
2 <---> 3 : 3.3385753631591797
2 <---> 1 : 4.131555557250977
1 <---> 2 : 3.183126449584961
1 <---> 3 : 4.142999649047852
3 <---> 2 : 4.191398620605469
3 <---> 1 : 2.690553665161133
discovery--->==================================== discovery ====================================
discovery---> cls: [(2, 3), (2, 1), (3, 1)]
discovery--->=============================================================================
datapath         port     rx-pkts  rx-bytes rx-error tx-pkts  tx-bytes tx-error
---------------- -------- -------- -------- -------- -------- -------- --------
0000000000000001        1        0        0        0        5      390        0
0000000000000001        2       25     3230        0       24     3170        0
0000000000000001        3       23     2957        0       23     3110        0
datapath         in-port  eth-dst           out-port packets  bytes
---------------- -------- ----------------- -------- -------- --------
datapath         port     rx-pkts  rx-bytes rx-error tx-pkts  tx-bytes tx-error
---------------- -------- -------- -------- -------- -------- -------- --------
0000000000000003        1        0        0        0        5      390        0
0000000000000003        2       23     3110        0       23     2957        0
0000000000000003        3       24     3170        0       25     3230        0
datapath         in-port  eth-dst           out-port packets  bytes
---------------- -------- ----------------- -------- -------- --------
datapath         port     rx-pkts  rx-bytes rx-error tx-pkts  tx-bytes tx-error
---------------- -------- -------- -------- -------- -------- -------- --------
0000000000000002        1        0        0        0        5      390        0
0000000000000002        2       24     3170        0       25     3230        0
0000000000000002        3       25     3230        0       24     3170        0
datapath         in-port  eth-dst           out-port packets  bytes
---------------- -------- ----------------- -------- -------- --------
==================================== link detector ====================================

----------------------------
src    dst :    delay
2 <---> 3 : 4.258155822753906
2 <---> 1 : 4.074811935424805
1 <---> 2 : 3.9587020874023438
1 <---> 3 : 3.6139488220214844
3 <---> 2 : 4.059553146362305
3 <---> 1 : 3.1502246856689453
==================================== link detector ====================================

----------------------------
src    dst :    delay
2 <---> 3 : 4.087924957275391
2 <---> 1 : 3.6058425903320312
1 <---> 2 : 4.102945327758789
1 <---> 3 : 3.0930042266845703
3 <---> 2 : 3.707408905029297
3 <---> 1 : 3.674745559692383
discovery--->==================================== discovery ====================================
discovery---> cls: [(2, 3), (2, 1), (3, 1)]
discovery--->=============================================================================
datapath         port     rx-pkts  rx-bytes rx-error tx-pkts  tx-bytes tx-error
---------------- -------- -------- -------- -------- -------- -------- --------
0000000000000001        1        0        0        0       11      858        0
0000000000000001        2       31     3600        0       31     3600        0
0000000000000001        3       30     3530        0       30     3540        0
datapath         in-port  eth-dst           out-port packets  bytes
---------------- -------- ----------------- -------- -------- --------
datapath         port     rx-pkts  rx-bytes rx-error tx-pkts  tx-bytes tx-error
---------------- -------- -------- -------- -------- -------- -------- --------
0000000000000003        1        0        0        0       10      780        0
0000000000000003        2       30     3540        0       30     3530        0
0000000000000003        3       32     3803        0       32     3803        0
datapath         in-port  eth-dst           out-port packets  bytes
---------------- -------- ----------------- -------- -------- --------
datapath         port     rx-pkts  rx-bytes rx-error tx-pkts  tx-bytes tx-error
---------------- -------- -------- -------- -------- -------- -------- --------
0000000000000002        1        0        0        0       11      858        0
0000000000000002        2       31     3600        0       31     3600        0
0000000000000002        3       32     3803        0       32     3803        0
datapath         in-port  eth-dst           out-port packets  bytes
---------------- -------- ----------------- -------- -------- --------
==================================== link detector ====================================

----------------------------
src    dst :    delay
2 <---> 3 : 3.0698776245117188
2 <---> 1 : 3.7734508514404297
1 <---> 2 : 3.522157669067383
1 <---> 3 : 3.0002593994140625
3 <---> 2 : 3.932476043701172
3 <---> 1 : 3.7431716918945312
discovery--->==================================== discovery ====================================
discovery---> cls: [(2, 3), (2, 1), (3, 1)]
discovery--->=============================================================================
datapath         port     rx-pkts  rx-bytes rx-error tx-pkts  tx-bytes tx-error
---------------- -------- -------- -------- -------- -------- -------- --------
0000000000000001        1        0        0        0       16     1248        0
0000000000000001        2       38     4163        0       37     4103        0
0000000000000001        3       36     3890        0       36     4043        0
datapath         in-port  eth-dst           out-port packets  bytes
---------------- -------- ----------------- -------- -------- --------
datapath         port     rx-pkts  rx-bytes rx-error tx-pkts  tx-bytes tx-error
---------------- -------- -------- -------- -------- -------- -------- --------
0000000000000003        1        0        0        0       16     1248        0
0000000000000003        2       36     4043        0       36     3890        0
0000000000000003        3       37     4103        0       38     4163        0
datapath         in-port  eth-dst           out-port packets  bytes
---------------- -------- ----------------- -------- -------- --------
datapath         port     rx-pkts  rx-bytes rx-error tx-pkts  tx-bytes tx-error
---------------- -------- -------- -------- -------- -------- -------- --------
0000000000000002        1        0        0        0       16     1248        0
0000000000000002        2       37     4103        0       38     4163        0
0000000000000002        3       38     4163        0       37     4103        0
datapath         in-port  eth-dst           out-port packets  bytes
---------------- -------- ----------------- -------- -------- --------
==================================== link detector ====================================

----------------------------
src    dst :    delay
2 <---> 3 : 3.10516357421875
2 <---> 1 : 2.705812454223633
1 <---> 2 : 3.5457611083984375
1 <---> 3 : 2.637147903442383
3 <---> 2 : 3.0813217163085938
3 <---> 1 : 4.068851470947266
shortest=====>[PATH] [192.168.0.1 <----> 192.168.0.2]: [1, 2]
shortest=====>[PATH] [192.168.0.1 <----> 192.168.0.3]: [1, 3]
shortest=====>[PATH] [192.168.0.2 <----> 192.168.0.3]: [2, 3]
==================================== link detector ====================================

----------------------------
src    dst :    delay
2 <---> 3 : 3.7398338317871094
2 <---> 1 : 3.573894500732422
1 <---> 2 : 2.8951168060302734
1 <---> 3 : 2.927541732788086
3 <---> 2 : 3.6356449127197266
3 <---> 1 : 3.5142898559570312
discovery--->==================================== discovery ====================================
discovery---> cls: [(2, 3), (2, 1), (3, 1)]
discovery--->=============================================================================
datapath         port     rx-pkts  rx-bytes rx-error tx-pkts  tx-bytes tx-error
---------------- -------- -------- -------- -------- -------- -------- --------
0000000000000001        1        6      476        0       34     2696        0
0000000000000001        2       49     4845        0       48     4785        0
0000000000000001        3       46     4512        0       47     4725        0
datapath         in-port  eth-dst           out-port packets  bytes
---------------- -------- ----------------- -------- -------- --------
0000000000000001        1       192.168.0.2        2        1       98
0000000000000001        1       192.168.0.3        3        1       98
0000000000000001        2       192.168.0.1        1        2      196
0000000000000001        3       192.168.0.1        1        2      196
datapath         port     rx-pkts  rx-bytes rx-error tx-pkts  tx-bytes tx-error
---------------- -------- -------- -------- -------- -------- -------- --------
0000000000000002        1        7      518        0       30     2438        0
0000000000000002        2       48     4785        0       49     4845        0
0000000000000002        3       50     4905        0       48     4785        0
datapath         in-port  eth-dst           out-port packets  bytes
---------------- -------- ----------------- -------- -------- --------
0000000000000002        1       192.168.0.1        2        2      196
0000000000000002        1       192.168.0.3        3        1       98
0000000000000002        2       192.168.0.2        1        2      196
0000000000000002        3       192.168.0.2        1        2      196
datapath         port     rx-pkts  rx-bytes rx-error tx-pkts  tx-bytes tx-error
---------------- -------- -------- -------- -------- -------- -------- --------
0000000000000003        1        7      518        0       31     2498        0
0000000000000003        2       47     4725        0       46     4512        0
0000000000000003        3       48     4785        0       50     4905        0
datapath         in-port  eth-dst           out-port packets  bytes
---------------- -------- ----------------- -------- -------- --------
0000000000000003        1       192.168.0.1        2        2      196
0000000000000003        1       192.168.0.2        3        2      196
0000000000000003        2       192.168.0.3        1        2      196
0000000000000003        3       192.168.0.3        1        2      196
==================================== link detector ====================================

----------------------------
src    dst :    delay
2 <---> 3 : 4.148006439208984
2 <---> 1 : 4.020214080810547
1 <---> 2 : 2.1953582763671875
1 <---> 3 : 2.6280879974365234
3 <---> 2 : 4.104375839233398
3 <---> 1 : 4.048585891723633
