loading app network_structure.py
loading app network_monitor.py
loading app network_delay.py
loading app network_shortest_path.py
loading app arp_handler.py
loading app ryu.controller.ofp_handler
instantiating app None of Switches
creating context switches
instantiating app network_structure.py of NetworkStructure
instantiating app network_monitor.py of NetworkMonitor
instantiating app network_delay.py of NetworkDelay
instantiating app network_shortest_path.py of NetworkShortestPath
instantiating app arp_handler.py of ArpHandler
instantiating app ryu.controller.ofp_handler of OFPHandler
discovery---> switch: 1 connected
discovery---> switch: 4 connected
monitor---->register datapath: 0000000000000001
discovery---> switch: 2 connected
discovery---> switch: 5 connected
discovery---> switch: 3 connected
monitor---->register datapath: 0000000000000002
monitor---->register datapath: 0000000000000004
monitor---->register datapath: 0000000000000005
monitor---->register datapath: 0000000000000003
discovery--->==================================== discovery ====================================
discovery---> cls: [(1, 2), (1, 3), (1, 4), (2, 5), (3, 5), (5, 4)]
discovery--->==============================
datapath         port     rx-pkts  rx-bytes rx-error tx-pkts  tx-bytes tx-error
---------------- -------- -------- -------- -------- -------- -------- --------
0000000000000003        1        6      360        0        6      360        0
0000000000000003        2        5      300        0        6      360        0
datapath         in-port  eth-dst           out-port packets  bytes
---------------- -------- ----------------- -------- -------- --------
datapath         port     rx-pkts  rx-bytes rx-error tx-pkts  tx-bytes tx-error
---------------- -------- -------- -------- -------- -------- -------- --------
0000000000000001        1        6      360        0        6      360        0
0000000000000001        2        6      360        0        6      360        0
0000000000000001        3        6      360        0        6      360        0
0000000000000001        4        8      676        0        5      300        0
0000000000000001        5        8      676        0        6      360        0
0000000000000001        6        8      676        0        6      360        0
datapath         in-port  eth-dst           out-port packets  bytes
---------------- -------- ----------------- -------- -------- --------
datapath         port     rx-pkts  rx-bytes rx-error tx-pkts  tx-bytes tx-error
---------------- -------- -------- -------- -------- -------- -------- --------
0000000000000004        1        6      360        0        6      360        0
0000000000000004        2        5      300        0        6      360        0
datapath         in-port  eth-dst           out-port packets  bytes
---------------- -------- ----------------- -------- -------- --------
datapath         port     rx-pkts  rx-bytes rx-error tx-pkts  tx-bytes tx-error
---------------- -------- -------- -------- -------- -------- -------- --------
0000000000000002        1        6      360        0        6      360        0
0000000000000002        2        6      360        0        5      300        0
datapath         in-port  eth-dst           out-port packets  bytes
---------------- -------- ----------------- -------- -------- --------
datapath         port     rx-pkts  rx-bytes rx-error tx-pkts  tx-bytes tx-error
---------------- -------- -------- -------- -------- -------- -------- --------
0000000000000005        1        5      300        0        6      360        0
0000000000000005        2        6      360        0        5      300        0
0000000000000005        3        6      360        0        5      300        0
0000000000000005        4        8      676        0        5      300        0
datapath         in-port  eth-dst           out-port packets  bytes
---------------- -------- ----------------- -------- -------- --------
==================================== link detector ====================================

----------------------------
src    dst :    delay
1 <---> 2 : 3.938436508178711
1 <---> 3 : 3.8285255432128906
1 <---> 4 : 3.5250186920166016
5 <---> 3 : 3.6907196044921875
5 <---> 4 : 3.6361217498779297
5 <---> 2 : 3.9217472076416016
4 <---> 5 : 3.551006317138672
4 <---> 1 : 3.5092830657958984
2 <---> 5 : 3.5238265991210938
2 <---> 1 : 3.6766529083251953
3 <---> 1 : 3.683328628540039
3 <---> 5 : 3.6306381225585938
discovery--->==================================== discovery ====================================
discovery---> cls: [(1, 2), (1, 3), (1, 4), (2, 5), (3, 5), (5, 4)]
discovery--->==============================
datapath         port     rx-pkts  rx-bytes rx-error tx-pkts  tx-bytes tx-error
---------------- -------- -------- -------- -------- -------- -------- --------
0000000000000005        1       11      660        0       12      720        0
0000000000000005        2       12      720        0       11      660        0
0000000000000005        3       12      720        0       11      660        0
0000000000000005        4        9      746        0       11      660        0
datapath         in-port  eth-dst           out-port packets  bytes
---------------- -------- ----------------- -------- -------- --------
datapath         port     rx-pkts  rx-bytes rx-error tx-pkts  tx-bytes tx-error
---------------- -------- -------- -------- -------- -------- -------- --------
0000000000000002        1       11      660        0       12      720        0
0000000000000002        2       12      720        0       11      660        0
datapath         in-port  eth-dst           out-port packets  bytes
---------------- -------- ----------------- -------- -------- --------
datapath         port     rx-pkts  rx-bytes rx-error tx-pkts  tx-bytes tx-error
---------------- -------- -------- -------- -------- -------- -------- --------
0000000000000001        1       12      720        0       11      660        0
0000000000000001        2       12      720        0       11      660        0
0000000000000001        3       12      720        0       12      720        0
0000000000000001        4        9      746        0       11      660        0
0000000000000001        5        9      746        0       12      720        0
0000000000000001        6        9      746        0       11      660        0
datapath         in-port  eth-dst           out-port packets  bytes
---------------- -------- ----------------- -------- -------- --------
datapath         port     rx-pkts  rx-bytes rx-error tx-pkts  tx-bytes tx-error
---------------- -------- -------- -------- -------- -------- -------- --------
0000000000000003        1       11      660        0       12      720        0
0000000000000003        2       11      660        0       12      720        0
datapath         in-port  eth-dst           out-port packets  bytes
---------------- -------- ----------------- -------- -------- --------
datapath         port     rx-pkts  rx-bytes rx-error tx-pkts  tx-bytes tx-error
---------------- -------- -------- -------- -------- -------- -------- --------
0000000000000004        1       12      720        0       12      720        0
0000000000000004        2       11      660        0       12      720        0
datapath         in-port  eth-dst           out-port packets  bytes
---------------- -------- ----------------- -------- -------- --------
==================================== link detector ====================================

----------------------------
src    dst :    delay
1 <---> 2 : 1.8291473388671875
1 <---> 3 : 3.9064884185791016
1 <---> 4 : 2.1462440490722656
5 <---> 3 : 4.258155822753906
5 <---> 4 : 3.725290298461914
5 <---> 2 : 3.996610641479492
4 <---> 5 : 4.174470901489258
4 <---> 1 : 4.02522087097168
2 <---> 5 : 4.7588348388671875
2 <---> 1 : 4.056215286254883
3 <---> 1 : 3.9932727813720703
3 <---> 5 : 4.007101058959961
discovery--->==================================== discovery ====================================
discovery---> cls: [(1, 2), (1, 3), (1, 4), (2, 5), (3, 5), (5, 4)]
discovery--->==============================
datapath         port     rx-pkts  rx-bytes rx-error tx-pkts  tx-bytes tx-error
---------------- -------- -------- -------- -------- -------- -------- --------
0000000000000001        1       18     1080        0       17     1020        0
0000000000000001        2       18     1080        0       17     1020        0
0000000000000001        3       18     1080        0       17     1020        0
0000000000000001        4        9      746        0       17     1020        0
0000000000000001        5        9      746        0       17     1020        0
0000000000000001        6        9      746        0       17     1020        0
datapath         in-port  eth-dst           out-port packets  bytes
---------------- -------- ----------------- -------- -------- --------
datapath         port     rx-pkts  rx-bytes rx-error tx-pkts  tx-bytes tx-error
---------------- -------- -------- -------- -------- -------- -------- --------
0000000000000003        1       17     1020        0       18     1080        0
0000000000000003        2       17     1020        0       18     1080        0
datapath         in-port  eth-dst           out-port packets  bytes
---------------- -------- ----------------- -------- -------- --------
datapath         port     rx-pkts  rx-bytes rx-error tx-pkts  tx-bytes tx-error
---------------- -------- -------- -------- -------- -------- -------- --------
0000000000000005        1       17     1020        0       18     1080        0
0000000000000005        2       18     1080        0       17     1020        0
0000000000000005        3       18     1080        0       17     1020        0
0000000000000005        4        9      746        0       17     1020        0
datapath         in-port  eth-dst           out-port packets  bytes
---------------- -------- ----------------- -------- -------- --------
datapath         port     rx-pkts  rx-bytes rx-error tx-pkts  tx-bytes tx-error
---------------- -------- -------- -------- -------- -------- -------- --------
0000000000000002        1       17     1020        0       18     1080        0
0000000000000002        2       18     1080        0       17     1020        0
datapath         in-port  eth-dst           out-port packets  bytes
---------------- -------- ----------------- -------- -------- --------
datapath         port     rx-pkts  rx-bytes rx-error tx-pkts  tx-bytes tx-error
---------------- -------- -------- -------- -------- -------- -------- --------
0000000000000004        1       17     1020        0       18     1080        0
0000000000000004        2       17     1020        0       18     1080        0
datapath         in-port  eth-dst           out-port packets  bytes
---------------- -------- ----------------- -------- -------- --------
==================================== link detector ====================================

----------------------------
src    dst :    delay
1 <---> 2 : 4.097223281860352
1 <---> 3 : 3.9567947387695312
1 <---> 4 : 3.865480422973633
5 <---> 3 : 3.621816635131836
5 <---> 4 : 3.8034915924072266
5 <---> 2 : 3.6084651947021484
4 <---> 5 : 4.006147384643555
4 <---> 1 : 3.5343170166015625
2 <---> 5 : 3.9620399475097656
2 <---> 1 : 3.528118133544922
3 <---> 1 : 3.645181655883789
3 <---> 5 : 3.6284923553466797
discovery--->==================================== discovery ====================================
discovery---> cls: [(1, 2), (1, 3), (1, 4), (2, 5), (3, 5), (5, 4)]
discovery--->==============================
datapath         port     rx-pkts  rx-bytes rx-error tx-pkts  tx-bytes tx-error
---------------- -------- -------- -------- -------- -------- -------- --------
0000000000000001        1       23     1380        0       23     1380        0
0000000000000001        2       24     1440        0       23     1380        0
0000000000000001        3       24     1440        0       23     1380        0
0000000000000001        4        9      746        0       23     1380        0
0000000000000001        5        9      746        0       23     1380        0
0000000000000001        6        9      746        0       23     1380        0
datapath         in-port  eth-dst           out-port packets  bytes
---------------- -------- ----------------- -------- -------- --------
datapath         port     rx-pkts  rx-bytes rx-error tx-pkts  tx-bytes tx-error
---------------- -------- -------- -------- -------- -------- -------- --------
0000000000000003        1       23     1380        0       24     1440        0
0000000000000003        2       23     1380        0       24     1440        0
datapath         in-port  eth-dst           out-port packets  bytes
---------------- -------- ----------------- -------- -------- --------
datapath         port     rx-pkts  rx-bytes rx-error tx-pkts  tx-bytes tx-error
---------------- -------- -------- -------- -------- -------- -------- --------
0000000000000004        1       23     1380        0       24     1440        0
0000000000000004        2       23     1380        0       24     1440        0
datapath         in-port  eth-dst           out-port packets  bytes
---------------- -------- ----------------- -------- -------- --------
datapath         port     rx-pkts  rx-bytes rx-error tx-pkts  tx-bytes tx-error
---------------- -------- -------- -------- -------- -------- -------- --------
0000000000000002        1       23     1380        0       23     1380        0
0000000000000002        2       23     1380        0       23     1380        0
datapath         in-port  eth-dst           out-port packets  bytes
---------------- -------- ----------------- -------- -------- --------
datapath         port     rx-pkts  rx-bytes rx-error tx-pkts  tx-bytes tx-error
---------------- -------- -------- -------- -------- -------- -------- --------
0000000000000005        1       23     1380        0       23     1380        0
0000000000000005        2       24     1440        0       23     1380        0
0000000000000005        3       24     1440        0       23     1380        0
0000000000000005        4        9      746        0       23     1380        0
datapath         in-port  eth-dst           out-port packets  bytes
---------------- -------- ----------------- -------- -------- --------
==================================== link detector ====================================

----------------------------
src    dst :    delay
1 <---> 2 : 5.136013031005859
1 <---> 3 : 4.028558731079102
1 <---> 4 : 3.8995742797851562
5 <---> 3 : 3.7851333618164062
5 <---> 4 : 3.954648971557617
5 <---> 2 : 3.504514694213867
4 <---> 5 : 3.6902427673339844
4 <---> 1 : 3.7245750427246094
2 <---> 5 : 3.7348270416259766
2 <---> 1 : 4.052400588989258
3 <---> 1 : 4.3487548828125
3 <---> 5 : 3.875255584716797
discovery--->==================================== discovery ====================================
discovery---> cls: [(1, 2), (1, 3), (1, 4), (2, 5), (3, 5), (5, 4)]
discovery--->==============================
datapath         port     rx-pkts  rx-bytes rx-error tx-pkts  tx-bytes tx-error
---------------- -------- -------- -------- -------- -------- -------- --------
0000000000000001        1       29     1740        0       29     1740        0
0000000000000001        2       29     1740        0       29     1740        0
0000000000000001        3       29     1740        0       29     1740        0
0000000000000001        4        9      746        0       29     1740        0
0000000000000001        5       10      816        0       29     1740        0
0000000000000001        6       10      816        0       29     1740        0
datapath         in-port  eth-dst           out-port packets  bytes
---------------- -------- ----------------- -------- -------- --------
datapath         port     rx-pkts  rx-bytes rx-error tx-pkts  tx-bytes tx-error
---------------- -------- -------- -------- -------- -------- -------- --------
0000000000000004        1       29     1740        0       29     1740        0
0000000000000004        2       29     1740        0       30     1800        0
datapath         in-port  eth-dst           out-port packets  bytes
---------------- -------- ----------------- -------- -------- --------
datapath         port     rx-pkts  rx-bytes rx-error tx-pkts  tx-bytes tx-error
---------------- -------- -------- -------- -------- -------- -------- --------
0000000000000005        1       29     1740        0       29     1740        0
0000000000000005        2       29     1740        0       29     1740        0
0000000000000005        3       30     1800        0       29     1740        0
0000000000000005        4       10      816        0       29     1740        0
datapath         in-port  eth-dst           out-port packets  bytes
---------------- -------- ----------------- -------- -------- --------
datapath         port     rx-pkts  rx-bytes rx-error tx-pkts  tx-bytes tx-error
---------------- -------- -------- -------- -------- -------- -------- --------
0000000000000002        1       29     1740        0       29     1740        0
0000000000000002        2       29     1740        0       29     1740        0
datapath         in-port  eth-dst           out-port packets  bytes
---------------- -------- ----------------- -------- -------- --------
datapath         port     rx-pkts  rx-bytes rx-error tx-pkts  tx-bytes tx-error
---------------- -------- -------- -------- -------- -------- -------- --------
0000000000000003        1       29     1740        0       29     1740        0
0000000000000003        2       29     1740        0       29     1740        0
datapath         in-port  eth-dst           out-port packets  bytes
---------------- -------- ----------------- -------- -------- --------
==================================== link detector ====================================

----------------------------
src    dst :    delay
1 <---> 2 : 3.5915374755859375
1 <---> 3 : 4.372119903564453
1 <---> 4 : 3.8902759552001953
5 <---> 3 : 3.510713577270508
5 <---> 4 : 1.8613338470458984
5 <---> 2 : 3.726482391357422
4 <---> 5 : 3.5791397094726562
4 <---> 1 : 3.8433074951171875
2 <---> 5 : 4.52113151550293
2 <---> 1 : 4.015445709228516
3 <---> 1 : 4.4460296630859375
3 <---> 5 : 4.043817520141602
discovery--->==================================== discovery ====================================
discovery---> cls: [(1, 2), (1, 3), (1, 4), (2, 5), (3, 5), (5, 4)]
discovery--->==============================
datapath         port     rx-pkts  rx-bytes rx-error tx-pkts  tx-bytes tx-error
---------------- -------- -------- -------- -------- -------- -------- --------
0000000000000003        1       35     2100        0       35     2100        0
0000000000000003        2       35     2100        0       35     2100        0
datapath         in-port  eth-dst           out-port packets  bytes
---------------- -------- ----------------- -------- -------- --------
datapath         port     rx-pkts  rx-bytes rx-error tx-pkts  tx-bytes tx-error
---------------- -------- -------- -------- -------- -------- -------- --------
0000000000000001        1       35     2100        0       35     2100        0
0000000000000001        2       35     2100        0       35     2100        0
0000000000000001        3       35     2100        0       35     2100        0
0000000000000001        4       10      816        0       35     2100        0
0000000000000001        5       10      816        0       35     2100        0
0000000000000001        6       10      816        0       35     2100        0
datapath         in-port  eth-dst           out-port packets  bytes
---------------- -------- ----------------- -------- -------- --------
datapath         port     rx-pkts  rx-bytes rx-error tx-pkts  tx-bytes tx-error
---------------- -------- -------- -------- -------- -------- -------- --------
0000000000000004        1       35     2100        0       35     2100        0
0000000000000004        2       35     2100        0       35     2100        0
datapath         in-port  eth-dst           out-port packets  bytes
---------------- -------- ----------------- -------- -------- --------
datapath         port     rx-pkts  rx-bytes rx-error tx-pkts  tx-bytes tx-error
---------------- -------- -------- -------- -------- -------- -------- --------
0000000000000002        1       35     2100        0       35     2100        0
0000000000000002        2       35     2100        0       34     2040        0
datapath         in-port  eth-dst           out-port packets  bytes
---------------- -------- ----------------- -------- -------- --------
datapath         port     rx-pkts  rx-bytes rx-error tx-pkts  tx-bytes tx-error
---------------- -------- -------- -------- -------- -------- -------- --------
0000000000000005        1       34     2040        0       35     2100        0
0000000000000005        2       35     2100        0       35     2100        0
0000000000000005        3       35     2100        0       35     2100        0
0000000000000005        4       10      816        0       34     2040        0
datapath         in-port  eth-dst           out-port packets  bytes
---------------- -------- ----------------- -------- -------- --------
==================================== link detector ====================================

----------------------------
src    dst :    delay
1 <---> 2 : 4.097223281860352
1 <---> 3 : 3.949403762817383
1 <---> 4 : 3.971099853515625
5 <---> 3 : 4.025936126708984
5 <---> 4 : 3.7109851837158203
5 <---> 2 : 3.6787986755371094
4 <---> 5 : 3.877401351928711
4 <---> 1 : 4.064321517944336
2 <---> 5 : 4.199743270874023
2 <---> 1 : 3.632068634033203
3 <---> 1 : 4.151344299316406
3 <---> 5 : 3.838062286376953
discovery--->==================================== discovery ====================================
discovery---> cls: [(1, 2), (1, 3), (1, 4), (2, 5), (3, 5), (5, 4)]
discovery--->==============================
datapath         port     rx-pkts  rx-bytes rx-error tx-pkts  tx-bytes tx-error
---------------- -------- -------- -------- -------- -------- -------- --------
0000000000000003        1       41     2460        0       41     2460        0
0000000000000003        2       40     2400        0       41     2460        0
datapath         in-port  eth-dst           out-port packets  bytes
---------------- -------- ----------------- -------- -------- --------
datapath         port     rx-pkts  rx-bytes rx-error tx-pkts  tx-bytes tx-error
---------------- -------- -------- -------- -------- -------- -------- --------
0000000000000001        1       41     2460        0       41     2460        0
0000000000000001        2       41     2460        0       41     2460        0
0000000000000001        3       41     2460        0       41     2460        0
0000000000000001        4       10      816        0       41     2460        0
0000000000000001        5       10      816        0       41     2460        0
0000000000000001        6       10      816        0       41     2460        0
datapath         in-port  eth-dst           out-port packets  bytes
---------------- -------- ----------------- -------- -------- --------
datapath         port     rx-pkts  rx-bytes rx-error tx-pkts  tx-bytes tx-error
---------------- -------- -------- -------- -------- -------- -------- --------
0000000000000005        1       40     2400        0       41     2460        0
0000000000000005        2       41     2460        0       40     2400        0
0000000000000005        3       41     2460        0       40     2400        0
0000000000000005        4       10      816        0       40     2400        0
datapath         in-port  eth-dst           out-port packets  bytes
---------------- -------- ----------------- -------- -------- --------
datapath         port     rx-pkts  rx-bytes rx-error tx-pkts  tx-bytes tx-error
---------------- -------- -------- -------- -------- -------- -------- --------
0000000000000002        1       41     2460        0       41     2460        0
0000000000000002        2       41     2460        0       40     2400        0
datapath         in-port  eth-dst           out-port packets  bytes
---------------- -------- ----------------- -------- -------- --------
datapath         port     rx-pkts  rx-bytes rx-error tx-pkts  tx-bytes tx-error
---------------- -------- -------- -------- -------- -------- -------- --------
0000000000000004        1       41     2460        0       41     2460        0
0000000000000004        2       40     2400        0       41     2460        0
datapath         in-port  eth-dst           out-port packets  bytes
---------------- -------- ----------------- -------- -------- --------
==================================== link detector ====================================

----------------------------
src    dst :    delay
1 <---> 2 : 3.859996795654297
1 <---> 3 : 4.054784774780273
1 <---> 4 : 4.106283187866211
5 <---> 3 : 3.7000179290771484
5 <---> 4 : 3.8809776306152344
5 <---> 2 : 3.7300586700439453
4 <---> 5 : 3.638029098510742
4 <---> 1 : 3.4780502319335938
2 <---> 5 : 3.637552261352539
2 <---> 1 : 3.726482391357422
3 <---> 1 : 3.610372543334961
3 <---> 5 : 3.687143325805664
discovery--->==================================== discovery ====================================
discovery---> cls: [(1, 2), (1, 3), (1, 4), (2, 5), (3, 5), (5, 4)]
discovery--->==============================
datapath         port     rx-pkts  rx-bytes rx-error tx-pkts  tx-bytes tx-error
---------------- -------- -------- -------- -------- -------- -------- --------
0000000000000001        1       47     2820        0       46     2760        0
0000000000000001        2       47     2820        0       47     2820        0
0000000000000001        3       47     2820        0       47     2820        0
0000000000000001        4       10      816        0       46     2760        0
0000000000000001        5       10      816        0       47     2820        0
0000000000000001        6       10      816        0       46     2760        0
datapath         in-port  eth-dst           out-port packets  bytes
---------------- -------- ----------------- -------- -------- --------
datapath         port     rx-pkts  rx-bytes rx-error tx-pkts  tx-bytes tx-error
---------------- -------- -------- -------- -------- -------- -------- --------
0000000000000005        1       46     2760        0       47     2820        0
0000000000000005        2       47     2820        0       46     2760        0
0000000000000005        3       47     2820        0       46     2760        0
0000000000000005        4       10      816        0       46     2760        0
datapath         in-port  eth-dst           out-port packets  bytes
---------------- -------- ----------------- -------- -------- --------
datapath         port     rx-pkts  rx-bytes rx-error tx-pkts  tx-bytes tx-error
---------------- -------- -------- -------- -------- -------- -------- --------
0000000000000003        1       47     2820        0       47     2820        0
0000000000000003        2       46     2760        0       47     2820        0
datapath         in-port  eth-dst           out-port packets  bytes
---------------- -------- ----------------- -------- -------- --------
datapath         port     rx-pkts  rx-bytes rx-error tx-pkts  tx-bytes tx-error
---------------- -------- -------- -------- -------- -------- -------- --------
0000000000000002        1       46     2760        0       47     2820        0
0000000000000002        2       47     2820        0       46     2760        0
datapath         in-port  eth-dst           out-port packets  bytes
---------------- -------- ----------------- -------- -------- --------
datapath         port     rx-pkts  rx-bytes rx-error tx-pkts  tx-bytes tx-error
---------------- -------- -------- -------- -------- -------- -------- --------
0000000000000004        1       47     2820        0       47     2820        0
0000000000000004        2       46     2760        0       47     2820        0
datapath         in-port  eth-dst           out-port packets  bytes
---------------- -------- ----------------- -------- -------- --------
==================================== link detector ====================================

----------------------------
src    dst :    delay
1 <---> 2 : 3.8366317749023438
1 <---> 3 : 3.9844512939453125
1 <---> 4 : 3.8695335388183594
5 <---> 3 : 4.750967025756836
5 <---> 4 : 4.708528518676758
5 <---> 2 : 4.104375839233398
4 <---> 5 : 3.796100616455078
4 <---> 1 : 3.741741180419922
2 <---> 5 : 3.873109817504883
2 <---> 1 : 3.638744354248047
3 <---> 1 : 4.387617111206055
3 <---> 5 : 4.119157791137695
discovery--->==================================== discovery ====================================
discovery---> cls: [(1, 2), (1, 3), (1, 4), (2, 5), (3, 5), (5, 4)]
discovery--->==============================
datapath         port     rx-pkts  rx-bytes rx-error tx-pkts  tx-bytes tx-error
---------------- -------- -------- -------- -------- -------- -------- --------
0000000000000001        1       53     3180        0       52     3120        0
0000000000000001        2       53     3180        0       52     3120        0
0000000000000001        3       53     3180        0       52     3120        0
0000000000000001        4       10      816        0       52     3120        0
0000000000000001        5       10      816        0       52     3120        0
0000000000000001        6       10      816        0       52     3120        0
datapath         in-port  eth-dst           out-port packets  bytes
---------------- -------- ----------------- -------- -------- --------
datapath         port     rx-pkts  rx-bytes rx-error tx-pkts  tx-bytes tx-error
---------------- -------- -------- -------- -------- -------- -------- --------
0000000000000002        1       52     3120        0       53     3180        0
0000000000000002        2       53     3180        0       52     3120        0
datapath         in-port  eth-dst           out-port packets  bytes
---------------- -------- ----------------- -------- -------- --------
datapath         port     rx-pkts  rx-bytes rx-error tx-pkts  tx-bytes tx-error
---------------- -------- -------- -------- -------- -------- -------- --------
0000000000000005        1       52     3120        0       53     3180        0
0000000000000005        2       53     3180        0       52     3120        0
0000000000000005        3       53     3180        0       52     3120        0
0000000000000005        4       10      816        0       52     3120        0
datapath         in-port  eth-dst           out-port packets  bytes
---------------- -------- ----------------- -------- -------- --------
datapath         port     rx-pkts  rx-bytes rx-error tx-pkts  tx-bytes tx-error
---------------- -------- -------- -------- -------- -------- -------- --------
0000000000000004        1       52     3120        0       53     3180        0
0000000000000004        2       52     3120        0       53     3180        0
datapath         in-port  eth-dst           out-port packets  bytes
---------------- -------- ----------------- -------- -------- --------
datapath         port     rx-pkts  rx-bytes rx-error tx-pkts  tx-bytes tx-error
---------------- -------- -------- -------- -------- -------- -------- --------
0000000000000003        1       52     3120        0       53     3180        0
0000000000000003        2       52     3120        0       53     3180        0
datapath         in-port  eth-dst           out-port packets  bytes
---------------- -------- ----------------- -------- -------- --------
==================================== link detector ====================================

----------------------------
src    dst :    delay
1 <---> 2 : 4.128217697143555
1 <---> 3 : 3.699064254760742
1 <---> 4 : 3.531217575073242
5 <---> 3 : 3.6954879760742188
5 <---> 4 : 3.5920143127441406
5 <---> 2 : 3.7059783935546875
4 <---> 5 : 3.659963607788086
4 <---> 1 : 3.4837722778320312
2 <---> 5 : 3.8404464721679688
2 <---> 1 : 3.645658493041992
3 <---> 1 : 3.670215606689453
3 <---> 5 : 3.5161972045898438
---> OFPPortStatus received: reason=MODIFY desc=OFPPort(port_no=4,hw_addr='e2:b7:dc:6f:e5:3e',name=b's1-eth4',config=0,state=0,curr=2112,advertised=0,supported=0,peer=0,curr_speed=10000000,max_speed=0)
---> OFPPortStatus received: reason=DELETE desc=OFPPort(port_no=4,hw_addr='e2:b7:dc:6f:e5:3e',name=b's1-eth4',config=0,state=0,curr=2112,advertised=0,supported=0,peer=0,curr_speed=10000000,max_speed=0)
---> OFPPortStatus received: reason=DELETE desc=OFPPort(port_no=5,hw_addr='a6:6d:4f:00:66:c5',name=b's1-eth5',config=0,state=4,curr=2112,advertised=0,supported=0,peer=0,curr_speed=10000000,max_speed=0)
---> OFPPortStatus received: reason=DELETE desc=OFPPort(port_no=6,hw_addr='d2:38:8c:b5:af:e7',name=b's1-eth6',config=0,state=4,curr=2112,advertised=0,supported=0,peer=0,curr_speed=10000000,max_speed=0)
---> OFPPortStatus received: reason=DELETE desc=OFPPort(port_no=4,hw_addr='d2:45:09:ba:2d:69',name=b's5-eth4',config=0,state=4,curr=2112,advertised=0,supported=0,peer=0,curr_speed=10000000,max_speed=0)
---> OFPPortStatus received: reason=DELETE desc=OFPPort(port_no=1,hw_addr='fa:b6:be:ba:01:9c',name=b's1-eth1',config=0,state=4,curr=2112,advertised=0,supported=0,peer=0,curr_speed=10000000,max_speed=0)
---> OFPPortStatus received: reason=DELETE desc=OFPPort(port_no=1,hw_addr='0a:24:43:d3:ee:64',name=b's2-eth1',config=0,state=4,curr=2112,advertised=0,supported=0,peer=0,curr_speed=10000000,max_speed=0)
---> OFPPortStatus received: reason=DELETE desc=OFPPort(port_no=2,hw_addr='c6:80:e7:d8:b7:c0',name=b's1-eth2',config=0,state=4,curr=2112,advertised=0,supported=0,peer=0,curr_speed=10000000,max_speed=0)
---> OFPPortStatus received: reason=DELETE desc=OFPPort(port_no=1,hw_addr='e2:97:e0:31:07:71',name=b's3-eth1',config=0,state=4,curr=2112,advertised=0,supported=0,peer=0,curr_speed=10000000,max_speed=0)
---> OFPPortStatus received: reason=DELETE desc=OFPPort(port_no=1,hw_addr='f6:a5:67:cf:b4:28',name=b's4-eth1',config=0,state=4,curr=2112,advertised=0,supported=0,peer=0,curr_speed=10000000,max_speed=0)
---> OFPPortStatus received: reason=DELETE desc=OFPPort(port_no=3,hw_addr='4a:cd:5e:31:0d:6c',name=b's1-eth3',config=0,state=4,curr=2112,advertised=0,supported=0,peer=0,curr_speed=10000000,max_speed=0)
---> OFPPortStatus received: reason=DELETE desc=OFPPort(port_no=2,hw_addr='ee:fa:11:18:62:a4',name=b's2-eth2',config=0,state=4,curr=2112,advertised=0,supported=0,peer=0,curr_speed=10000000,max_speed=0)
---> OFPPortStatus received: reason=DELETE desc=OFPPort(port_no=1,hw_addr='42:f3:6a:c1:3a:cc',name=b's5-eth1',config=0,state=4,curr=2112,advertised=0,supported=0,peer=0,curr_speed=10000000,max_speed=0)
---> OFPPortStatus received: reason=DELETE desc=OFPPort(port_no=2,hw_addr='2a:f1:71:03:cf:0d',name=b's3-eth2',config=0,state=4,curr=2112,advertised=0,supported=0,peer=0,curr_speed=10000000,max_speed=0)
---> OFPPortStatus received: reason=DELETE desc=OFPPort(port_no=2,hw_addr='0e:25:03:94:42:d0',name=b's5-eth2',config=0,state=4,curr=2112,advertised=0,supported=0,peer=0,curr_speed=10000000,max_speed=0)
---> OFPPortStatus received: reason=DELETE desc=OFPPort(port_no=2,hw_addr='ae:4a:3a:ab:b0:0d',name=b's4-eth2',config=0,state=4,curr=2112,advertised=0,supported=0,peer=0,curr_speed=10000000,max_speed=0)
---> OFPPortStatus received: reason=DELETE desc=OFPPort(port_no=3,hw_addr='6a:ac:7b:aa:c8:99',name=b's5-eth3',config=0,state=4,curr=2112,advertised=0,supported=0,peer=0,curr_speed=10000000,max_speed=0)
monitor---> unreigster datapath: 0000000000000004
monitor---> unreigster datapath: 0000000000000001
monitor---> unreigster datapath: 0000000000000003
monitor---> unreigster datapath: 0000000000000002
monitor---> unreigster datapath: 0000000000000005
