loading app network_structure.py
loading app network_structure.py
loading app network_structure.py
Matplotlib created a temporary config/cache directory at /tmp/matplotlib-put3ji09 because the default path (/home/terry/.config/matplotlib) is not a writable directory; it is highly recommended to set the MPLCONFIGDIR environment variable to a writable directory, in particular to speed up the import of Matplotlib and to better support multiprocessing.
Matplotlib created a temporary config/cache directory at /tmp/matplotlib-p0du9ji1 because the default path (/home/terry/.config/matplotlib) is not a writable directory; it is highly recommended to set the MPLCONFIGDIR environment variable to a writable directory, in particular to speed up the import of Matplotlib and to better support multiprocessing.
Matplotlib created a temporary config/cache directory at /tmp/matplotlib-yqe6jb47 because the default path (/home/terry/.config/matplotlib) is not a writable directory; it is highly recommended to set the MPLCONFIGDIR environment variable to a writable directory, in particular to speed up the import of Matplotlib and to better support multiprocessing.
Generating new fontManager, this may take some time...
Generating new fontManager, this may take some time...
Generating new fontManager, this may take some time...
Failed to extract font properties from /usr/share/fonts/truetype/noto/NotoColorEmoji.ttf: In FT2Font: Can not load face.  Unknown file format.
Failed to extract font properties from /usr/share/fonts/truetype/noto/NotoColorEmoji.ttf: In FT2Font: Can not load face.  Unknown file format.
Failed to extract font properties from /usr/share/fonts/truetype/noto/NotoColorEmoji.ttf: In FT2Font: Can not load face.  Unknown file format.
loading app network_monitor.py
loading app network_delay.py
loading app network_shortest_path.py
loading app arp_handler.py
loading app ryu.controller.ofp_handler
instantiating app None of Switches
creating context switches
instantiating app network_structure.py of NetworkStructure
instantiating app network_monitor.py of NetworkMonitor
instantiating app network_delay.py of NetworkDelay
instantiating app network_shortest_path.py of NetworkShortestPath
instantiating app arp_handler.py of ArpHandler
instantiating app ryu.controller.ofp_handler of OFPHandler
loading app network_monitor.py
loading app network_delay.py
loading app network_shortest_path.py
loading app arp_handler.py
loading app ryu.controller.ofp_handler
instantiating app None of Switches
creating context switches
instantiating app network_structure.py of NetworkStructure
instantiating app network_monitor.py of NetworkMonitor
instantiating app network_delay.py of NetworkDelay
instantiating app network_shortest_path.py of NetworkShortestPath
instantiating app arp_handler.py of ArpHandler
instantiating app ryu.controller.ofp_handler of OFPHandler
loading app network_monitor.py
loading app network_delay.py
loading app network_shortest_path.py
loading app arp_handler.py
loading app ryu.controller.ofp_handler
instantiating app None of Switches
creating context switches
instantiating app network_structure.py of NetworkStructure
instantiating app network_monitor.py of NetworkMonitor
instantiating app network_delay.py of NetworkDelay
instantiating app network_shortest_path.py of NetworkShortestPath
instantiating app arp_handler.py of ArpHandler
instantiating app ryu.controller.ofp_handler of OFPHandler
discovery---> AccessPoint: 1 connected
monitor---->register datapath: 1000000000000001
discovery---> AccessPoint: 2 connected
monitor---->register datapath: 1000000000000002
discovery---> AccessPoint: 3 connected
monitor---->register datapath: 1000000000000003
discovery---> AccessPoint: 4 connected
monitor---->register datapath: 1000000000000004
discovery---> AccessPoint: 5 connected
monitor---->register datapath: 1000000000000005
discovery---> AccessPoint: 6 connected
monitor---->register datapath: 1000000000000006
discovery---> AccessPoint: 7 connected
monitor---->register datapath: 1000000000000007
hub: uncaught exception: Traceback (most recent call last):
  File "/usr/local/lib/python3.6/dist-packages/ryu/lib/hub.py", line 60, in _launch
    return func(*args, **kwargs)
  File "/home/terry/LJQ/rerouting-drl/application-model/ryu_code/network_delay.py", line 46, in scheduler
    self._send_echo_request()
  File "/home/terry/LJQ/rerouting-drl/application-model/ryu_code/network_delay.py", line 55, in _send_echo_request
    for datapath in self.network_monitor.datapaths_table.values():
RuntimeError: dictionary changed size during iteration

discovery---> AccessPoint: 8 connected
monitor---->register datapath: 1000000000000008
---> OFPPortStatus received: reason=MODIFY desc=OFPPort(port_no=1,hw_addr='80:00:00:00:00:00',name=b'ap8-wlan1',config=0,state=4,curr=0,advertised=0,supported=0,peer=0,curr_speed=0,max_speed=0)
---> OFPPortStatus received: reason=MODIFY desc=OFPPort(port_no=4294967294,hw_addr='80:00:00:00:00:00',name=b'ap8',config=1,state=1,curr=0,advertised=0,supported=0,peer=0,curr_speed=0,max_speed=0)
---> OFPPortStatus received: reason=MODIFY desc=OFPPort(port_no=2,hw_addr='ee:98:ab:99:db:3e',name=b'ap8-eth2',config=0,state=4,curr=2112,advertised=0,supported=0,peer=0,curr_speed=10000000,max_speed=0)
---> OFPPortStatus received: reason=MODIFY desc=OFPPort(port_no=4,hw_addr='fa:78:4c:69:65:19',name=b'ap8-eth4',config=0,state=4,curr=2112,advertised=0,supported=0,peer=0,curr_speed=10000000,max_speed=0)
---> OFPPortStatus received: reason=MODIFY desc=OFPPort(port_no=3,hw_addr='3e:0c:e5:92:c2:a7',name=b'ap8-eth3',config=0,state=4,curr=2112,advertised=0,supported=0,peer=0,curr_speed=10000000,max_speed=0)
discovery---> AccessPoint: 9 connected
monitor---->register datapath: 1000000000000009
discovery---> AccessPoint: 10 connected
monitor---->register datapath: 100000000000000a
discovery---> AccessPoint: 1 connected
monitor---->register datapath: 100000000000000b
discovery---> AccessPoint: 2 connected
monitor---->register datapath: 100000000000000c
discovery---> AccessPoint: 3 connected
monitor---->register datapath: 100000000000000d
discovery---> AccessPoint: 4 connected
monitor---->register datapath: 100000000000000e
discovery---> AccessPoint: 5 connected
monitor---->register datapath: 100000000000000f
hub: uncaught exception: Traceback (most recent call last):
  File "/usr/local/lib/python3.6/dist-packages/ryu/lib/hub.py", line 60, in _launch
    return func(*args, **kwargs)
  File "/home/terry/LJQ/rerouting-drl/application-model/ryu_code/network_delay.py", line 46, in scheduler
    self._send_echo_request()
  File "/home/terry/LJQ/rerouting-drl/application-model/ryu_code/network_delay.py", line 55, in _send_echo_request
    for datapath in self.network_monitor.datapaths_table.values():
RuntimeError: dictionary changed size during iteration

discovery---> AccessPoint: 6 connected
monitor---->register datapath: 1000000000000010
discovery---> AccessPoint: 7 connected
monitor---->register datapath: 1000000000000011
discovery---> AccessPoint: 8 connected
monitor---->register datapath: 1000000000000012
discovery---> AccessPoint: 9 connected
monitor---->register datapath: 1000000000000013
discovery---> AccessPoint: 10 connected
monitor---->register datapath: 1000000000000014
discovery---> AccessPoint: 1 connected
monitor---->register datapath: 1000000000000015
---> OFPPortStatus received: reason=MODIFY desc=OFPPort(port_no=3,hw_addr='5e:3e:d6:40:89:56',name=b'ap21-eth3',config=0,state=4,curr=2112,advertised=0,supported=0,peer=0,curr_speed=10000000,max_speed=0)
---> OFPPortStatus received: reason=MODIFY desc=OFPPort(port_no=4,hw_addr='0e:73:97:57:82:bc',name=b'ap21-eth4',config=0,state=4,curr=2112,advertised=0,supported=0,peer=0,curr_speed=10000000,max_speed=0)
---> OFPPortStatus received: reason=MODIFY desc=OFPPort(port_no=2,hw_addr='aa:47:16:49:8f:46',name=b'ap21-eth2',config=0,state=4,curr=2112,advertised=0,supported=0,peer=0,curr_speed=10000000,max_speed=0)
---> OFPPortStatus received: reason=MODIFY desc=OFPPort(port_no=4294967294,hw_addr='5e:0b:e3:05:b8:43',name=b'ap21',config=1,state=1,curr=0,advertised=0,supported=0,peer=0,curr_speed=0,max_speed=0)
---> OFPPortStatus received: reason=MODIFY desc=OFPPort(port_no=1,hw_addr='02:00:00:00:41:00',name=b'ap21-wlan1',config=0,state=4,curr=0,advertised=0,supported=0,peer=0,curr_speed=0,max_speed=0)
discovery---> AccessPoint: 2 connected
monitor---->register datapath: 1000000000000016
discovery---> AccessPoint: 3 connected
monitor---->register datapath: 1000000000000017
discovery---> AccessPoint: 4 connected
monitor---->register datapath: 1000000000000018
discovery---> AccessPoint: 5 connected
monitor---->register datapath: 1000000000000019
discovery---> AccessPoint: 6 connected
monitor---->register datapath: 100000000000001a
discovery---> AccessPoint: 7 connected
monitor---->register datapath: 100000000000001b
hub: uncaught exception: Traceback (most recent call last):
  File "/usr/local/lib/python3.6/dist-packages/ryu/lib/hub.py", line 60, in _launch
    return func(*args, **kwargs)
  File "/home/terry/LJQ/rerouting-drl/application-model/ryu_code/network_delay.py", line 46, in scheduler
    self._send_echo_request()
  File "/home/terry/LJQ/rerouting-drl/application-model/ryu_code/network_delay.py", line 55, in _send_echo_request
    for datapath in self.network_monitor.datapaths_table.values():
RuntimeError: dictionary changed size during iteration

discovery---> AccessPoint: 8 connected
monitor---->register datapath: 100000000000001c
discovery---> AccessPoint: 9 connected
monitor---->register datapath: 100000000000001d
discovery---> AccessPoint: 10 connected
monitor---->register datapath: 100000000000001e
hub: uncaught exception: Traceback (most recent call last):
  File "/usr/local/lib/python3.6/dist-packages/ryu/lib/hub.py", line 60, in _launch
    return func(*args, **kwargs)
  File "/home/terry/LJQ/rerouting-drl/application-model/ryu_code/network_monitor.py", line 66, in scheduler
    self.create_bandwidth_graph()
  File "/home/terry/LJQ/rerouting-drl/application-model/ryu_code/network_monitor.py", line 340, in create_bandwidth_graph
    capacity = self.network_structure.m_graph[src_dpid][dst_dpid]['free_bw']
  File "/home/terry/.local/lib/python3.6/site-packages/networkx/classes/coreviews.py", line 51, in __getitem__
    return self._atlas[key]
KeyError: 2

hub: uncaught exception: Traceback (most recent call last):
  File "/usr/local/lib/python3.6/dist-packages/ryu/lib/hub.py", line 60, in _launch
    return func(*args, **kwargs)
  File "/home/terry/LJQ/rerouting-drl/application-model/ryu_code/network_monitor.py", line 66, in scheduler
    self.create_bandwidth_graph()
  File "/home/terry/LJQ/rerouting-drl/application-model/ryu_code/network_monitor.py", line 340, in create_bandwidth_graph
    capacity = self.network_structure.m_graph[src_dpid][dst_dpid]['free_bw']
  File "/home/terry/.local/lib/python3.6/site-packages/networkx/classes/coreviews.py", line 51, in __getitem__
    return self._atlas[key]
KeyError: 2

