loading app network_structure.py
Matplotlib created a temporary config/cache directory at /tmp/matplotlib-c_m3ve0h because the default path (/home/terry/.config/matplotlib) is not a writable directory; it is highly recommended to set the MPLCONFIGDIR environment variable to a writable directory, in particular to speed up the import of Matplotlib and to better support multiprocessing.
Generating new fontManager, this may take some time...
Failed to extract font properties from /usr/share/fonts/truetype/noto/NotoColorEmoji.ttf: In FT2Font: Can not load face.  Unknown file format.
loading app network_monitor.py
loading app network_delay.py
loading app network_shortest_path.py
loading app arp_handler.py
loading app ryu.controller.ofp_handler
instantiating app None of Switches
creating context switches
instantiating app network_structure.py of NetworkStructure
instantiating app network_monitor.py of NetworkMonitor
instantiating app network_delay.py of NetworkDelay
instantiating app network_shortest_path.py of NetworkShortestPath
instantiating app arp_handler.py of ArpHandler
instantiating app ryu.controller.ofp_handler of OFPHandler
discovery---> AccessPoint: 1 connected
monitor---->register datapath: 1000000000000005
monitor---->register datapath: 1000000000000003
monitor---->register datapath: 1000000000000002
monitor---->register datapath: 1000000000000004
discovery---> AccessPoint: 1 connected
discovery---> AccessPoint: 2 connected
discovery---> AccessPoint: 3 connected
discovery---> AccessPoint: 1 connected
monitor---->register datapath: 1000000000000001
discovery---> AccessPoint: 6 connected
monitor---->register datapath: 1000000000000006
discovery---> AccessPoint: 7 connected
monitor---->register datapath: 1000000000000007
discovery---> AccessPoint: 8 connected
monitor---->register datapath: 1000000000000008
discovery---> AccessPoint: 9 connected
monitor---->register datapath: 1000000000000009
discovery---> AccessPoint: 10 connected
monitor---->register datapath: 100000000000000a
discovery---> AccessPoint: 11 connected
monitor---->register datapath: 100000000000000b
discovery---> AccessPoint: 12 connected
monitor---->register datapath: 100000000000000c
discovery---> AccessPoint: 13 connected
monitor---->register datapath: 100000000000000d
discovery---> AccessPoint: 14 connected
monitor---->register datapath: 100000000000000e
monitor: Exception occurred during handler processing. Backtrace from offending handler [port_desc_stats_reply_handler] servicing event [EventOFPPortDescStatsReply] follows.
Traceback (most recent call last):
  File "/usr/local/lib/python3.6/dist-packages/ryu/base/app_manager.py", line 290, in _event_loop
    handler(ev)
  File "/home/terry/LJQ/Task/ryu_code/network_monitor.py", line 154, in port_desc_stats_reply_handler
    self.dpid_port_fueatures_table[dpid][ofport.port_no] = port_features
KeyError: 4
ArpHandler: Exception occurred during handler processing. Backtrace from offending handler [_packet_in_handler] servicing event [EventOFPPacketIn] follows.
Traceback (most recent call last):
  File "/usr/local/lib/python3.6/dist-packages/ryu/base/app_manager.py", line 290, in _event_loop
    handler(ev)
  File "/home/terry/LJQ/Task/ryu_code/arp_handler.py", line 84, in _packet_in_handler
    datapath = self.monitor.datapaths_table[dpid]
KeyError: 5
ArpHandler: Exception occurred during handler processing. Backtrace from offending handler [_packet_in_handler] servicing event [EventOFPPacketIn] follows.
Traceback (most recent call last):
  File "/usr/local/lib/python3.6/dist-packages/ryu/base/app_manager.py", line 290, in _event_loop
    handler(ev)
  File "/home/terry/LJQ/Task/ryu_code/arp_handler.py", line 84, in _packet_in_handler
    datapath = self.monitor.datapaths_table[dpid]
KeyError: 5
ArpHandler: Exception occurred during handler processing. Backtrace from offending handler [_packet_in_handler] servicing event [EventOFPPacketIn] follows.
Traceback (most recent call last):
  File "/usr/local/lib/python3.6/dist-packages/ryu/base/app_manager.py", line 290, in _event_loop
    handler(ev)
  File "/home/terry/LJQ/Task/ryu_code/arp_handler.py", line 84, in _packet_in_handler
    datapath = self.monitor.datapaths_table[dpid]
KeyError: 5
ArpHandler: Exception occurred during handler processing. Backtrace from offending handler [_packet_in_handler] servicing event [EventOFPPacketIn] follows.
Traceback (most recent call last):
  File "/usr/local/lib/python3.6/dist-packages/ryu/base/app_manager.py", line 290, in _event_loop
    handler(ev)
  File "/home/terry/LJQ/Task/ryu_code/arp_handler.py", line 84, in _packet_in_handler
    datapath = self.monitor.datapaths_table[dpid]
KeyError: 5
ArpHandler: Exception occurred during handler processing. Backtrace from offending handler [_packet_in_handler] servicing event [EventOFPPacketIn] follows.
Traceback (most recent call last):
  File "/usr/local/lib/python3.6/dist-packages/ryu/base/app_manager.py", line 290, in _event_loop
    handler(ev)
  File "/home/terry/LJQ/Task/ryu_code/arp_handler.py", line 84, in _packet_in_handler
    datapath = self.monitor.datapaths_table[dpid]
KeyError: 5
ArpHandler: Exception occurred during handler processing. Backtrace from offending handler [_packet_in_handler] servicing event [EventOFPPacketIn] follows.
Traceback (most recent call last):
  File "/usr/local/lib/python3.6/dist-packages/ryu/base/app_manager.py", line 290, in _event_loop
    handler(ev)
  File "/home/terry/LJQ/Task/ryu_code/arp_handler.py", line 84, in _packet_in_handler
    datapath = self.monitor.datapaths_table[dpid]
KeyError: 5
ArpHandler: Exception occurred during handler processing. Backtrace from offending handler [_packet_in_handler] servicing event [EventOFPPacketIn] follows.
Traceback (most recent call last):
  File "/usr/local/lib/python3.6/dist-packages/ryu/base/app_manager.py", line 290, in _event_loop
    handler(ev)
  File "/home/terry/LJQ/Task/ryu_code/arp_handler.py", line 84, in _packet_in_handler
    datapath = self.monitor.datapaths_table[dpid]
KeyError: 5
ArpHandler: Exception occurred during handler processing. Backtrace from offending handler [_packet_in_handler] servicing event [EventOFPPacketIn] follows.
Traceback (most recent call last):
  File "/usr/local/lib/python3.6/dist-packages/ryu/base/app_manager.py", line 290, in _event_loop
    handler(ev)
  File "/home/terry/LJQ/Task/ryu_code/arp_handler.py", line 84, in _packet_in_handler
    datapath = self.monitor.datapaths_table[dpid]
KeyError: 5
ArpHandler: Exception occurred during handler processing. Backtrace from offending handler [_packet_in_handler] servicing event [EventOFPPacketIn] follows.
Traceback (most recent call last):
  File "/usr/local/lib/python3.6/dist-packages/ryu/base/app_manager.py", line 290, in _event_loop
    handler(ev)
  File "/home/terry/LJQ/Task/ryu_code/arp_handler.py", line 84, in _packet_in_handler
    datapath = self.monitor.datapaths_table[dpid]
KeyError: 5
ArpHandler: Exception occurred during handler processing. Backtrace from offending handler [_packet_in_handler] servicing event [EventOFPPacketIn] follows.
Traceback (most recent call last):
  File "/usr/local/lib/python3.6/dist-packages/ryu/base/app_manager.py", line 290, in _event_loop
    handler(ev)
  File "/home/terry/LJQ/Task/ryu_code/arp_handler.py", line 84, in _packet_in_handler
    datapath = self.monitor.datapaths_table[dpid]
KeyError: 5
monitor: Exception occurred during handler processing. Backtrace from offending handler [port_desc_stats_reply_handler] servicing event [EventOFPPortDescStatsReply] follows.
Traceback (most recent call last):
  File "/usr/local/lib/python3.6/dist-packages/ryu/base/app_manager.py", line 290, in _event_loop
    handler(ev)
  File "/home/terry/LJQ/Task/ryu_code/network_monitor.py", line 154, in port_desc_stats_reply_handler
    self.dpid_port_fueatures_table[dpid][ofport.port_no] = port_features
KeyError: 4
ArpHandler: Exception occurred during handler processing. Backtrace from offending handler [_packet_in_handler] servicing event [EventOFPPacketIn] follows.
Traceback (most recent call last):
  File "/usr/local/lib/python3.6/dist-packages/ryu/base/app_manager.py", line 290, in _event_loop
    handler(ev)
  File "/home/terry/LJQ/Task/ryu_code/arp_handler.py", line 84, in _packet_in_handler
    datapath = self.monitor.datapaths_table[dpid]
KeyError: 5
ArpHandler: Exception occurred during handler processing. Backtrace from offending handler [_packet_in_handler] servicing event [EventOFPPacketIn] follows.
Traceback (most recent call last):
  File "/usr/local/lib/python3.6/dist-packages/ryu/base/app_manager.py", line 290, in _event_loop
    handler(ev)
  File "/home/terry/LJQ/Task/ryu_code/arp_handler.py", line 84, in _packet_in_handler
    datapath = self.monitor.datapaths_table[dpid]
KeyError: 5
ArpHandler: Exception occurred during handler processing. Backtrace from offending handler [_packet_in_handler] servicing event [EventOFPPacketIn] follows.
Traceback (most recent call last):
  File "/usr/local/lib/python3.6/dist-packages/ryu/base/app_manager.py", line 290, in _event_loop
    handler(ev)
  File "/home/terry/LJQ/Task/ryu_code/arp_handler.py", line 84, in _packet_in_handler
    datapath = self.monitor.datapaths_table[dpid]
KeyError: 5
ArpHandler: Exception occurred during handler processing. Backtrace from offending handler [_packet_in_handler] servicing event [EventOFPPacketIn] follows.
Traceback (most recent call last):
  File "/usr/local/lib/python3.6/dist-packages/ryu/base/app_manager.py", line 290, in _event_loop
    handler(ev)
  File "/home/terry/LJQ/Task/ryu_code/arp_handler.py", line 84, in _packet_in_handler
    datapath = self.monitor.datapaths_table[dpid]
KeyError: 5
ArpHandler: Exception occurred during handler processing. Backtrace from offending handler [_packet_in_handler] servicing event [EventOFPPacketIn] follows.
Traceback (most recent call last):
  File "/usr/local/lib/python3.6/dist-packages/ryu/base/app_manager.py", line 290, in _event_loop
    handler(ev)
  File "/home/terry/LJQ/Task/ryu_code/arp_handler.py", line 84, in _packet_in_handler
    datapath = self.monitor.datapaths_table[dpid]
KeyError: 5
hub: uncaught exception: Traceback (most recent call last):
  File "/usr/local/lib/python3.6/dist-packages/ryu/lib/hub.py", line 60, in _launch
    return func(*args, **kwargs)
  File "/home/terry/LJQ/Task/ryu_code/network_delay.py", line 47, in scheduler
    self.create_delay_graph()
  File "/home/terry/LJQ/Task/ryu_code/network_delay.py", line 128, in create_delay_graph
    delay = self.calculate_delay(src, dst)
  File "/home/terry/LJQ/Task/ryu_code/network_delay.py", line 144, in calculate_delay
    ryu_ofps_src_delay = self.echo_delay_table[src]
KeyError: 2

monitor: Exception occurred during handler processing. Backtrace from offending handler [port_desc_stats_reply_handler] servicing event [EventOFPPortDescStatsReply] follows.
Traceback (most recent call last):
  File "/usr/local/lib/python3.6/dist-packages/ryu/base/app_manager.py", line 290, in _event_loop
    handler(ev)
  File "/home/terry/LJQ/Task/ryu_code/network_monitor.py", line 154, in port_desc_stats_reply_handler
    self.dpid_port_fueatures_table[dpid][ofport.port_no] = port_features
KeyError: 4
