loading app network_structure.py
Matplotlib created a temporary config/cache directory at /tmp/matplotlib-5q67a9l4 because the default path (/home/terry/.config/matplotlib) is not a writable directory; it is highly recommended to set the MPLCONFIGDIR environment variable to a writable directory, in particular to speed up the import of Matplotlib and to better support multiprocessing.
Generating new fontManager, this may take some time...
Failed to extract font properties from /usr/share/fonts/truetype/noto/NotoColorEmoji.ttf: In FT2Font: Can not load face.  Unknown file format.
loading app network_monitor.py
loading app network_delay.py
loading app network_shortest_path.py
loading app arp_handler.py
loading app ryu.controller.ofp_handler
instantiating app None of Switches
creating context switches
instantiating app network_structure.py of NetworkStructure
instantiating app network_monitor.py of NetworkMonitor
instantiating app network_delay.py of NetworkDelay
instantiating app network_shortest_path.py of NetworkShortestPath
instantiating app arp_handler.py of ArpHandler
instantiating app ryu.controller.ofp_handler of OFPHandler
discovery---> AccessPoint: 1 connected
monitor---->register datapath: 1000000000000001
discovery---> AccessPoint: 2 connected
monitor---->register datapath: 1000000000000002
discovery---> AccessPoint: 3 connected
monitor---->register datapath: 1000000000000003
discovery---> AccessPoint: 4 connected
monitor---->register datapath: 1000000000000004
discovery---> AccessPoint: 5 connected
monitor---->register datapath: 1000000000000005
discovery---> AccessPoint: 6 connected
monitor---->register datapath: 1000000000000006
discovery---> AccessPoint: 7 connected
monitor---->register datapath: 1000000000000007
discovery---> AccessPoint: 8 connected
monitor---->register datapath: 1000000000000008
discovery---> AccessPoint: 9 connected
monitor---->register datapath: 1000000000000009
discovery---> AccessPoint: 10 connected
monitor---->register datapath: 100000000000000a
discovery---> AccessPoint: 11 connected
monitor---->register datapath: 100000000000000b
discovery---> AccessPoint: 12 connected
monitor---->register datapath: 100000000000000c
---> OFPPortStatus received: reason=MODIFY desc=OFPPort(port_no=3,hw_addr='b2:14:ae:fd:23:69',name=b'ap12-eth3',config=0,state=4,curr=2112,advertised=0,supported=0,peer=0,curr_speed=10000000,max_speed=0)
---> OFPPortStatus received: reason=MODIFY desc=OFPPort(port_no=2,hw_addr='52:e4:27:06:47:9d',name=b'ap12-eth2',config=0,state=4,curr=2112,advertised=0,supported=0,peer=0,curr_speed=10000000,max_speed=0)
---> OFPPortStatus received: reason=MODIFY desc=OFPPort(port_no=1,hw_addr='02:00:00:00:19:00',name=b'ap12-wlan1',config=0,state=4,curr=0,advertised=0,supported=0,peer=0,curr_speed=0,max_speed=0)
---> OFPPortStatus received: reason=MODIFY desc=OFPPort(port_no=4294967294,hw_addr='56:25:9e:87:e5:43',name=b'ap12',config=1,state=1,curr=0,advertised=0,supported=0,peer=0,curr_speed=0,max_speed=0)
discovery---> AccessPoint: 13 connected
monitor---->register datapath: 100000000000000d
discovery---> AccessPoint: 14 connected
monitor---->register datapath: 100000000000000e
Intelligent Routing:[1, 4, 2]
Intelligent Routing:[1, 3]
Intelligent Routing:[1, 4]
Intelligent Routing:[1, 5]
Intelligent Routing:[1, 3, 6]
Intelligent Routing:[1, 5, 7]
Intelligent Routing:[1, 5, 8]
Intelligent Routing:[1, 4, 9]
Intelligent Routing:[1, 4, 9, 10]
Intelligent Routing:[1, 11]
Intelligent Routing:[1, 4, 13, 12]
Intelligent Routing:[1, 4, 13]
Intelligent Routing:[1, 11, 14]
Intelligent Routing:[2, 6, 3]
Intelligent Routing:[2, 4]
Intelligent Routing:[2, 5]
Intelligent Routing:[2, 6]
Intelligent Routing:[2, 5, 7]
Intelligent Routing:[2, 5, 8]
Intelligent Routing:[2, 4, 9]
Intelligent Routing:[2, 4, 9, 10]
Intelligent Routing:[2, 4, 11]
Intelligent Routing:[2, 4, 13, 12]
Intelligent Routing:[2, 4, 13]
Intelligent Routing:[2, 4, 11, 14]
Intelligent Routing:[3, 1, 4]
Intelligent Routing:[3, 1, 5]
Intelligent Routing:[3, 6]
Intelligent Routing:[3, 1, 5, 7]
Intelligent Routing:[3, 1, 5, 8]
Intelligent Routing:[3, 1, 4, 9]
Intelligent Routing:[3, 1, 4, 9, 10]
Intelligent Routing:[3, 1, 11]
Intelligent Routing:[3, 1, 4, 13, 12]
Intelligent Routing:[3, 1, 4, 13]
Intelligent Routing:[3, 1, 11, 14]
Intelligent Routing:[4, 5]
Intelligent Routing:[4, 6]
Intelligent Routing:[4, 5, 7]
Intelligent Routing:[4, 5, 8]
Intelligent Routing:[4, 9]
Intelligent Routing:[4, 9, 10]
Intelligent Routing:[4, 11]
Intelligent Routing:[4, 13, 12]
Intelligent Routing:[4, 13]
Intelligent Routing:[4, 11, 14]
Intelligent Routing:[5, 6]
Intelligent Routing:[5, 7]
Intelligent Routing:[5, 8]
Intelligent Routing:[5, 4, 9]
Intelligent Routing:[5, 4, 9, 10]
Intelligent Routing:[5, 1, 11]
Intelligent Routing:[5, 4, 13, 12]
Intelligent Routing:[5, 4, 13]
Intelligent Routing:[5, 8, 14]
Intelligent Routing:[6, 5, 7]
Intelligent Routing:[6, 5, 8]
Intelligent Routing:[6, 4, 9]
Intelligent Routing:[6, 4, 9, 10]
Intelligent Routing:[6, 4, 11]
Intelligent Routing:[6, 4, 13, 12]
Intelligent Routing:[6, 4, 13]
Intelligent Routing:[6, 4, 11, 14]
Intelligent Routing:[7, 5, 8]
Intelligent Routing:[7, 9]
Intelligent Routing:[7, 9, 10]
Intelligent Routing:[7, 5, 1, 11]
Intelligent Routing:[7, 9, 13, 12]
Intelligent Routing:[7, 9, 13]
Intelligent Routing:[7, 5, 8, 14]
Intelligent Routing:[8, 9]
Intelligent Routing:[8, 9, 10]
Intelligent Routing:[8, 14, 11]
Intelligent Routing:[8, 14, 12]
Intelligent Routing:[8, 9, 13]
Intelligent Routing:[8, 14]
Intelligent Routing:[9, 10]
Intelligent Routing:[9, 4, 11]
Intelligent Routing:[9, 13, 12]
Intelligent Routing:[13, 12]
Intelligent Routing:[9, 13]
Intelligent Routing:[9, 8, 14]
Intelligent Routing:[10, 9, 4, 11]
Intelligent Routing:[10, 13, 12]
Intelligent Routing:[10, 13]
Intelligent Routing:[10, 9, 8, 14]
Intelligent Routing:[11, 14, 12]
Intelligent Routing:[11, 4, 13]
Intelligent Routing:[11, 14]
Intelligent Routing:[12, 13]
Intelligent Routing:[12, 14]
Intelligent Routing:[13, 12, 14]
