loading app network_structure.py
Matplotlib created a temporary config/cache directory at /tmp/matplotlib-ejsvwzrn because the default path (/home/terry/.config/matplotlib) is not a writable directory; it is highly recommended to set the MPLCONFIGDIR environment variable to a writable directory, in particular to speed up the import of Matplotlib and to better support multiprocessing.
Generating new fontManager, this may take some time...
Failed to extract font properties from /usr/share/fonts/truetype/noto/NotoColorEmoji.ttf: In FT2Font: Can not load face.  Unknown file format.
loading app network_monitor.py
loading app network_delay.py
loading app ryu.controller.ofp_handler
instantiating app None of Switches
creating context switches
instantiating app network_structure.py of NetworkStructure
instantiating app network_monitor.py of NetworkMonitor
instantiating app network_delay.py of NetworkDelay
instantiating app ryu.controller.ofp_handler of OFPHandler
discovery--->==================================== discovery ====================================
discovery---> cls: []
discovery---> access_table: {}
discovery--->=============================================================================
discovery--->==================================== discovery ====================================
discovery---> cls: []
discovery---> access_table: {}
discovery--->=============================================================================
discovery--->==================================== discovery ====================================
discovery---> cls: []
discovery---> access_table: {}
discovery--->=============================================================================
discovery--->==================================== discovery ====================================
discovery---> cls: []
discovery---> access_table: {}
discovery--->=============================================================================
==================================== link detector ====================================

----------------------------
src    dst :    delay
==================================== link detector ====================================

----------------------------
src    dst :    delay
discovery--->==================================== discovery ====================================
discovery---> cls: []
discovery---> access_table: {}
discovery--->=============================================================================
==================================== link detector ====================================

----------------------------
src    dst :    delay
==================================== link detector ====================================

----------------------------
src    dst :    delay
discovery---> AccessPoint: 1 connected
monitor---->register datapath: 1000000000000001
discovery---> AccessPoint: 2 connected
monitor---->register datapath: 1000000000000002
discovery---> AccessPoint: 3 connected
monitor---->register datapath: 1000000000000003
discovery---> AccessPoint: 4 connected
monitor---->register datapath: 1000000000000004
---> OFPPortStatus received: reason=MODIFY desc=OFPPort(port_no=4294967294,hw_addr='40:00:00:00:00:00',name=b'ap4',config=1,state=1,curr=0,advertised=0,supported=0,peer=0,curr_speed=0,max_speed=0)
---> OFPPortStatus received: reason=MODIFY desc=OFPPort(port_no=1,hw_addr='40:00:00:00:00:00',name=b'ap4-wlan1',config=0,state=4,curr=0,advertised=0,supported=0,peer=0,curr_speed=0,max_speed=0)
---> OFPPortStatus received: reason=MODIFY desc=OFPPort(port_no=2,hw_addr='a2:f8:b3:fe:84:5e',name=b'ap4-eth2',config=0,state=4,curr=2112,advertised=0,supported=0,peer=0,curr_speed=10000000,max_speed=0)
---> OFPPortStatus received: reason=MODIFY desc=OFPPort(port_no=3,hw_addr='56:68:d2:15:a8:36',name=b'ap4-eth3',config=0,state=4,curr=2112,advertised=0,supported=0,peer=0,curr_speed=10000000,max_speed=0)
discovery---> AccessPoint: 5 connected
monitor---->register datapath: 1000000000000005
discovery--->==================================== discovery ====================================
discovery---> cls: [(3, 1), (1, 4), (1, 5)]
discovery---> access_table: {}
discovery--->=============================================================================
datapath         port     rx-pkts  rx-bytes rx-error tx-pkts  tx-bytes tx-error
---------------- -------- -------- -------- -------- -------- -------- --------
0000000000000004        1        0        0        0        2      156        0
0000000000000004        2       22     3050        0       21     2990        0
0000000000000004        3       19     2870        0       20     2900        0
datapath         in-port  eth-dst           out-port packets  bytes
---------------- -------- ----------------- -------- -------- --------
datapath         port     rx-pkts  rx-bytes rx-error tx-pkts  tx-bytes tx-error
---------------- -------- -------- -------- -------- -------- -------- --------
0000000000000002        1        0        0        0        2      156        0
0000000000000002        2       19     2870        0       21     2990        0
0000000000000002        3       19     2870        0       21     2990        0
datapath         in-port  eth-dst           out-port packets  bytes
---------------- -------- ----------------- -------- -------- --------
datapath         port     rx-pkts  rx-bytes rx-error tx-pkts  tx-bytes tx-error
---------------- -------- -------- -------- -------- -------- -------- --------
0000000000000001        1        0        0        0        2      156        0
0000000000000001        2       20     2930        0       21     2990        0
0000000000000001        3       21     2990        0       22     3050        0
0000000000000001        4       16     2118        0       22     3050        0
0000000000000001        5       19     2870        0       21     2990        0
datapath         in-port  eth-dst           out-port packets  bytes
---------------- -------- ----------------- -------- -------- --------
datapath         port     rx-pkts  rx-bytes rx-error tx-pkts  tx-bytes tx-error
---------------- -------- -------- -------- -------- -------- -------- --------
0000000000000005        1        0        0        0        1       78        0
0000000000000005        2       22     3050        0       16     2118        0
0000000000000005        3       19     2870        0       20     2847        0
0000000000000005        4       19     2870        0       16     2118        0
0000000000000005        5       19     2870        0       17     2321        0
datapath         in-port  eth-dst           out-port packets  bytes
---------------- -------- ----------------- -------- -------- --------
datapath         port     rx-pkts  rx-bytes rx-error tx-pkts  tx-bytes tx-error
---------------- -------- -------- -------- -------- -------- -------- --------
0000000000000003        1        0        0        0        1       78        0
0000000000000003        2       21     2990        0       20     2930        0
0000000000000003        3       19     2870        0       20     2930        0
datapath         in-port  eth-dst           out-port packets  bytes
---------------- -------- ----------------- -------- -------- --------
discovery---> AccessPoint: 6 connected
monitor---->register datapath: 1000000000000006
hub: uncaught exception: Traceback (most recent call last):
  File "/usr/local/lib/python3.6/dist-packages/ryu/lib/hub.py", line 60, in _launch
    return func(*args, **kwargs)
  File "/home/terry/LJQ/rerouting-drl/application-model/ryu_code1/network_delay.py", line 47, in scheduler
    self.create_delay_graph()
  File "/home/terry/LJQ/rerouting-drl/application-model/ryu_code1/network_delay.py", line 130, in create_delay_graph
    delay = self.calculate_delay(src, dst) # 计算时延信息
  File "/home/terry/LJQ/rerouting-drl/application-model/ryu_code1/network_delay.py", line 147, in calculate_delay
    ryu_ofps_dst_delay = self.echo_delay_table[dst]
KeyError: 6

discovery---> AccessPoint: 7 connected
monitor---->register datapath: 1000000000000007
discovery---> AccessPoint: 8 connected
monitor---->register datapath: 1000000000000008
discovery---> AccessPoint: 9 connected
monitor---->register datapath: 1000000000000009
discovery---> AccessPoint: 10 connected
monitor---->register datapath: 100000000000000a
discovery--->==================================== discovery ====================================
discovery---> cls: [(3, 1), (3, 9), (1, 4), (1, 5), (1, 6), (4, 10), (5, 7), (5, 8), (5, 9), (6, 9), (7, 2), (7, 10), (2, 8), (8, 10)]
discovery---> access_table: {}
discovery--->=============================================================================
datapath         port     rx-pkts  rx-bytes rx-error tx-pkts  tx-bytes tx-error
---------------- -------- -------- -------- -------- -------- -------- --------
0000000000000007        1        0        0        0        3      234        0
0000000000000007        2       25     3240        0       23     3120        0
0000000000000007        3       25     3300        0       23     3120        0
0000000000000007        4       22     3030        0       24     3180        0
datapath         in-port  eth-dst           out-port packets  bytes
---------------- -------- ----------------- -------- -------- --------
datapath         port     rx-pkts  rx-bytes rx-error tx-pkts  tx-bytes tx-error
---------------- -------- -------- -------- -------- -------- -------- --------
0000000000000001        1        0        0        0        5      390        0
0000000000000001        2       25     3240        0       26     3443        0
0000000000000001        3       26     3443        0       27     3503        0
0000000000000001        4       20     2368        0       26     3300        0
0000000000000001        5       25     3383        0       26     3300        0
datapath         in-port  eth-dst           out-port packets  bytes
---------------- -------- ----------------- -------- -------- --------
datapath         port     rx-pkts  rx-bytes rx-error tx-pkts  tx-bytes tx-error
---------------- -------- -------- -------- -------- -------- -------- --------
0000000000000002        1        0        0        0        5      390        0
0000000000000002        2       23     3120        0       25     3240        0
0000000000000002        3       23     3120        0       25     3240        0
datapath         in-port  eth-dst           out-port packets  bytes
---------------- -------- ----------------- -------- -------- --------
datapath         port     rx-pkts  rx-bytes rx-error tx-pkts  tx-bytes tx-error
---------------- -------- -------- -------- -------- -------- -------- --------
0000000000000008        1        0        0        0        3      234        0
0000000000000008        2       25     3240        0       23     3120        0
0000000000000008        3       20     2368        0       23     3120        0
0000000000000008        4       23     3120        0       23     3120        0
datapath         in-port  eth-dst           out-port packets  bytes
---------------- -------- ----------------- -------- -------- --------
datapath         port     rx-pkts  rx-bytes rx-error tx-pkts  tx-bytes tx-error
---------------- -------- -------- -------- -------- -------- -------- --------
0000000000000005        1        0        0        0        4      312        0
0000000000000005        2       26     3300        0       20     2368        0
0000000000000005        3       23     3120        0       25     3300        0
0000000000000005        4       23     3120        0       20     2368        0
0000000000000005        5       23     3120        0       21     2571        0
datapath         in-port  eth-dst           out-port packets  bytes
---------------- -------- ----------------- -------- -------- --------
datapath         port     rx-pkts  rx-bytes rx-error tx-pkts  tx-bytes tx-error
---------------- -------- -------- -------- -------- -------- -------- --------
000000000000000a        1        0        0        0        3      234        0
000000000000000a        2       25     3353        0       24     3323        0
000000000000000a        3       24     3180        0       22     3030        0
000000000000000a        4       24     3180        0       23     3120        0
datapath         in-port  eth-dst           out-port packets  bytes
---------------- -------- ----------------- -------- -------- --------
datapath         port     rx-pkts  rx-bytes rx-error tx-pkts  tx-bytes tx-error
---------------- -------- -------- -------- -------- -------- -------- --------
0000000000000009        1        0        0        0        3      234        0
0000000000000009        2       26     3443        0       24     3323        0
0000000000000009        3       21     2571        0       23     3120        0
0000000000000009        4       24     3180        0       23     3120        0
datapath         in-port  eth-dst           out-port packets  bytes
---------------- -------- ----------------- -------- -------- --------
datapath         port     rx-pkts  rx-bytes rx-error tx-pkts  tx-bytes tx-error
---------------- -------- -------- -------- -------- -------- -------- --------
0000000000000006        1        0        0        0        4      312        0
0000000000000006        2       26     3300        0       25     3383        0
0000000000000006        3       23     3120        0       24     3180        0
datapath         in-port  eth-dst           out-port packets  bytes
---------------- -------- ----------------- -------- -------- --------
datapath         port     rx-pkts  rx-bytes rx-error tx-pkts  tx-bytes tx-error
---------------- -------- -------- -------- -------- -------- -------- --------
0000000000000003        1        0        0        0        4      312        0
0000000000000003        2       26     3443        0       25     3240        0
0000000000000003        3       24     3323        0       26     3443        0
datapath         in-port  eth-dst           out-port packets  bytes
---------------- -------- ----------------- -------- -------- --------
datapath         port     rx-pkts  rx-bytes rx-error tx-pkts  tx-bytes tx-error
---------------- -------- -------- -------- -------- -------- -------- --------
0000000000000004        1        0        0        0        5      390        0
0000000000000004        2       27     3503        0       26     3443        0
0000000000000004        3       24     3323        0       25     3353        0
datapath         in-port  eth-dst           out-port packets  bytes
---------------- -------- ----------------- -------- -------- --------
discovery--->==================================== discovery ====================================
discovery---> cls: [(3, 1), (3, 9), (1, 4), (1, 5), (1, 6), (4, 10), (5, 7), (5, 8), (5, 9), (6, 9), (7, 2), (7, 10), (2, 8), (8, 10)]
discovery---> access_table: {}
discovery--->=============================================================================
datapath         port     rx-pkts  rx-bytes rx-error tx-pkts  tx-bytes tx-error
---------------- -------- -------- -------- -------- -------- -------- --------
0000000000000002        1        0        0        0        7      546        0
0000000000000002        2       27     3503        0       29     3623        0
0000000000000002        3       27     3503        0       29     3623        0
datapath         in-port  eth-dst           out-port packets  bytes
---------------- -------- ----------------- -------- -------- --------
datapath         port     rx-pkts  rx-bytes rx-error tx-pkts  tx-bytes tx-error
---------------- -------- -------- -------- -------- -------- -------- --------
0000000000000001        1        0        0        0        8      624        0
0000000000000001        2       28     3563        0       29     3623        0
0000000000000001        3       29     3623        0       30     3683        0
0000000000000001        4       24     2751        0       29     3623        0
0000000000000001        5       27     3503        0       29     3623        0
datapath         in-port  eth-dst           out-port packets  bytes
---------------- -------- ----------------- -------- -------- --------
datapath         port     rx-pkts  rx-bytes rx-error tx-pkts  tx-bytes tx-error
---------------- -------- -------- -------- -------- -------- -------- --------
0000000000000007        1        0        0        0        6      468        0
0000000000000007        2       29     3623        0       27     3503        0
0000000000000007        3       28     3480        0       27     3503        0
0000000000000007        4       25     3353        0       27     3503        0
datapath         in-port  eth-dst           out-port packets  bytes
---------------- -------- ----------------- -------- -------- --------
datapath         port     rx-pkts  rx-bytes rx-error tx-pkts  tx-bytes tx-error
---------------- -------- -------- -------- -------- -------- -------- --------
0000000000000006        1        0        0        0        6      468        0
0000000000000006        2       29     3623        0       27     3503        0
0000000000000006        3       26     3443        0       27     3503        0
datapath         in-port  eth-dst           out-port packets  bytes
---------------- -------- ----------------- -------- -------- --------
datapath         port     rx-pkts  rx-bytes rx-error tx-pkts  tx-bytes tx-error
---------------- -------- -------- -------- -------- -------- -------- --------
0000000000000008        1        0        0        0        6      468        0
0000000000000008        2       29     3623        0       27     3503        0
0000000000000008        3       24     2751        0       27     3503        0
0000000000000008        4       26     3443        0       27     3503        0
datapath         in-port  eth-dst           out-port packets  bytes
---------------- -------- ----------------- -------- -------- --------
datapath         port     rx-pkts  rx-bytes rx-error tx-pkts  tx-bytes tx-error
---------------- -------- -------- -------- -------- -------- -------- --------
0000000000000005        1        0        0        0        7      546        0
0000000000000005        2       29     3623        0       24     2751        0
0000000000000005        3       27     3503        0       28     3480        0
0000000000000005        4       27     3503        0       24     2751        0
0000000000000005        5       27     3503        0       25     2954        0
datapath         in-port  eth-dst           out-port packets  bytes
---------------- -------- ----------------- -------- -------- --------
datapath         port     rx-pkts  rx-bytes rx-error tx-pkts  tx-bytes tx-error
---------------- -------- -------- -------- -------- -------- -------- --------
0000000000000009        1        0        0        0        5      390        0
0000000000000009        2       28     3563        0       26     3443        0
0000000000000009        3       25     2954        0       27     3503        0
0000000000000009        4       27     3503        0       26     3443        0
datapath         in-port  eth-dst           out-port packets  bytes
---------------- -------- ----------------- -------- -------- --------
datapath         port     rx-pkts  rx-bytes rx-error tx-pkts  tx-bytes tx-error
---------------- -------- -------- -------- -------- -------- -------- --------
0000000000000004        1        0        0        0        8      624        0
0000000000000004        2       30     3683        0       29     3623        0
0000000000000004        3       26     3443        0       28     3533        0
datapath         in-port  eth-dst           out-port packets  bytes
---------------- -------- ----------------- -------- -------- --------
datapath         port     rx-pkts  rx-bytes rx-error tx-pkts  tx-bytes tx-error
---------------- -------- -------- -------- -------- -------- -------- --------
0000000000000003        1        0        0        0        7      546        0
0000000000000003        2       29     3623        0       28     3563        0
0000000000000003        3       27     3503        0       28     3563        0
datapath         in-port  eth-dst           out-port packets  bytes
---------------- -------- ----------------- -------- -------- --------
datapath         port     rx-pkts  rx-bytes rx-error tx-pkts  tx-bytes tx-error
---------------- -------- -------- -------- -------- -------- -------- --------
000000000000000a        1        0        0        0        5      390        0
000000000000000a        2       28     3533        0       26     3443        0
000000000000000a        3       27     3503        0       25     3353        0
000000000000000a        4       27     3503        0       26     3443        0
datapath         in-port  eth-dst           out-port packets  bytes
---------------- -------- ----------------- -------- -------- --------
discovery--->==================================== discovery ====================================
discovery---> cls: [(3, 1), (3, 9), (1, 4), (1, 5), (1, 6), (4, 10), (5, 7), (5, 8), (5, 9), (6, 9), (7, 2), (7, 10), (2, 8), (8, 10)]
discovery---> access_table: {}
discovery--->=============================================================================
datapath         port     rx-pkts  rx-bytes rx-error tx-pkts  tx-bytes tx-error
---------------- -------- -------- -------- -------- -------- -------- --------
000000000000000a        1        0        0        0        8      624        0
000000000000000a        2       31     3713        0       29     3623        0
000000000000000a        3       30     3683        0       28     3533        0
000000000000000a        4       30     3683        0       29     3623        0
datapath         in-port  eth-dst           out-port packets  bytes
---------------- -------- ----------------- -------- -------- --------
datapath         port     rx-pkts  rx-bytes rx-error tx-pkts  tx-bytes tx-error
---------------- -------- -------- -------- -------- -------- -------- --------
0000000000000003        1        0        0        0       10      780        0
0000000000000003        2       32     3803        0       31     3743        0
0000000000000003        3       29     3623        0       31     3743        0
datapath         in-port  eth-dst           out-port packets  bytes
---------------- -------- ----------------- -------- -------- --------
datapath         port     rx-pkts  rx-bytes rx-error tx-pkts  tx-bytes tx-error
---------------- -------- -------- -------- -------- -------- -------- --------
0000000000000002        1        0        0        0       10      780        0
0000000000000002        2       30     3683        0       31     3743        0
0000000000000002        3       29     3623        0       31     3743        0
datapath         in-port  eth-dst           out-port packets  bytes
---------------- -------- ----------------- -------- -------- --------
datapath         port     rx-pkts  rx-bytes rx-error tx-pkts  tx-bytes tx-error
---------------- -------- -------- -------- -------- -------- -------- --------
0000000000000007        1        0        0        0        8      624        0
0000000000000007        2       31     3743        0       30     3683        0
0000000000000007        3       30     3600        0       30     3683        0
0000000000000007        4       28     3533        0       30     3683        0
datapath         in-port  eth-dst           out-port packets  bytes
---------------- -------- ----------------- -------- -------- --------
datapath         port     rx-pkts  rx-bytes rx-error tx-pkts  tx-bytes tx-error
---------------- -------- -------- -------- -------- -------- -------- --------
0000000000000009        1        0        0        0        8      624        0
0000000000000009        2       31     3743        0       29     3623        0
0000000000000009        3       27     3074        0       29     3623        0
0000000000000009        4       30     3683        0       29     3623        0
datapath         in-port  eth-dst           out-port packets  bytes
---------------- -------- ----------------- -------- -------- --------
datapath         port     rx-pkts  rx-bytes rx-error tx-pkts  tx-bytes tx-error
---------------- -------- -------- -------- -------- -------- -------- --------
0000000000000001        1        0        0        0       10      780        0
0000000000000001        2       31     3743        0       32     3803        0
0000000000000001        3       31     3743        0       32     3803        0
0000000000000001        4       26     2871        0       32     3803        0
0000000000000001        5       30     3683        0       32     3803        0
datapath         in-port  eth-dst           out-port packets  bytes
---------------- -------- ----------------- -------- -------- --------
datapath         port     rx-pkts  rx-bytes rx-error tx-pkts  tx-bytes tx-error
---------------- -------- -------- -------- -------- -------- -------- --------
0000000000000004        1        0        0        0       10      780        0
0000000000000004        2       32     3803        0       31     3743        0
0000000000000004        3       29     3623        0       31     3713        0
datapath         in-port  eth-dst           out-port packets  bytes
---------------- -------- ----------------- -------- -------- --------
datapath         port     rx-pkts  rx-bytes rx-error tx-pkts  tx-bytes tx-error
---------------- -------- -------- -------- -------- -------- -------- --------
0000000000000006        1        0        0        0        9      702        0
0000000000000006        2       32     3803        0       30     3683        0
0000000000000006        3       29     3623        0       30     3683        0
datapath         in-port  eth-dst           out-port packets  bytes
---------------- -------- ----------------- -------- -------- --------
datapath         port     rx-pkts  rx-bytes rx-error tx-pkts  tx-bytes tx-error
---------------- -------- -------- -------- -------- -------- -------- --------
0000000000000008        1        0        0        0        8      624        0
0000000000000008        2       31     3743        0       29     3623        0
0000000000000008        3       26     2871        0       29     3623        0
0000000000000008        4       29     3623        0       30     3683        0
datapath         in-port  eth-dst           out-port packets  bytes
---------------- -------- ----------------- -------- -------- --------
datapath         port     rx-pkts  rx-bytes rx-error tx-pkts  tx-bytes tx-error
---------------- -------- -------- -------- -------- -------- -------- --------
0000000000000005        1        0        0        0        9      702        0
0000000000000005        2       32     3803        0       26     2871        0
0000000000000005        3       30     3683        0       30     3600        0
0000000000000005        4       29     3623        0       26     2871        0
0000000000000005        5       29     3623        0       27     3074        0
datapath         in-port  eth-dst           out-port packets  bytes
---------------- -------- ----------------- -------- -------- --------
datapath         port     rx-pkts  rx-bytes rx-error tx-pkts  tx-bytes tx-error
---------------- -------- -------- -------- -------- -------- -------- --------
0000000000000001        1        0        0        0       13     1014        0
0000000000000001        2       34     3933        0       35     3993        0
0000000000000001        3       34     3923        0       36     4053        0
0000000000000001        4       29     3051        0       36     4053        0
0000000000000001        5       33     3873        0       34     3923        0
datapath         port     rx-pkts  rx-bytes rx-error tx-pkts  tx-bytes tx-error
---------------- -------- -------- -------- -------- -------- -------- --------
000000000000000a        1        0        0        0       10      780        0
000000000000000a        2       34     3903        0       31     3743        0
000000000000000a        3       32     3803        0       31     3723        0
000000000000000a        4       32     3803        0       32     3813        0
datapath         in-port  eth-dst           out-port packets  bytes
---------------- -------- ----------------- -------- -------- --------
datapath         port     rx-pkts  rx-bytes rx-error tx-pkts  tx-bytes tx-error
---------------- -------- -------- -------- -------- -------- -------- --------
0000000000000007        1        0        0        0       11      858        0
0000000000000007        2       35     3993        0       33     3873        0
0000000000000007        3       34     3850        0       33     3873        0
0000000000000007        4       31     3723        0       32     3803        0
datapath         in-port  eth-dst           out-port packets  bytes
---------------- -------- ----------------- -------- -------- --------
datapath         port     rx-pkts  rx-bytes rx-error tx-pkts  tx-bytes tx-error
---------------- -------- -------- -------- -------- -------- -------- --------
0000000000000003        1        0        0        0       12      936        0
0000000000000003        2       35     3993        0       34     3933        0
0000000000000003        3       33     3873        0       34     3933        0
datapath         in-port  eth-dst           out-port packets  bytes
---------------- -------- ----------------- -------- -------- --------
datapath         port     rx-pkts  rx-bytes rx-error tx-pkts  tx-bytes tx-error
---------------- -------- -------- -------- -------- -------- -------- --------
0000000000000009        1        0        0        0       11      858        0
0000000000000009        2       34     3933        0       33     3873        0
0000000000000009        3       30     3254        0       33     3873        0
0000000000000009        4       34     3933        0       33     3873        0
datapath         in-port  eth-dst           out-port packets  bytes
---------------- -------- ----------------- -------- -------- --------
datapath         port     rx-pkts  rx-bytes rx-error tx-pkts  tx-bytes tx-error
---------------- -------- -------- -------- -------- -------- -------- --------
0000000000000004        1        0        0        0       13     1014        0
0000000000000004        2       36     4053        0       34     3923        0
0000000000000004        3       31     3743        0       34     3903        0
datapath         in-port  eth-dst           out-port packets  bytes
---------------- -------- ----------------- -------- -------- --------
datapath         port     rx-pkts  rx-bytes rx-error tx-pkts  tx-bytes tx-error
---------------- -------- -------- -------- -------- -------- -------- --------
0000000000000008        1        0        0        0       11      858        0
0000000000000008        2       35     3993        0       32     3803        0
0000000000000008        3       30     3121        0       32     3803        0
0000000000000008        4       32     3813        0       32     3803        0
datapath         in-port  eth-dst           out-port packets  bytes
---------------- -------- ----------------- -------- -------- --------
datapath         in-port  eth-dst           out-port packets  bytes
---------------- -------- ----------------- -------- -------- --------
datapath         port     rx-pkts  rx-bytes rx-error tx-pkts  tx-bytes tx-error
---------------- -------- -------- -------- -------- -------- -------- --------
0000000000000002        1        0        0        0       13     1014        0
0000000000000002        2       33     3873        0       35     3993        0
0000000000000002        3       32     3803        0       35     3993        0
datapath         in-port  eth-dst           out-port packets  bytes
---------------- -------- ----------------- -------- -------- --------
discovery--->==================================== discovery ====================================
discovery---> cls: [(3, 1), (3, 9), (1, 4), (1, 5), (1, 6), (4, 10), (5, 7), (5, 8), (5, 9), (6, 9), (7, 2), (7, 10), (2, 8), (8, 10)]
discovery---> access_table: {}
discovery--->=============================================================================
datapath         port     rx-pkts  rx-bytes rx-error tx-pkts  tx-bytes tx-error
---------------- -------- -------- -------- -------- -------- -------- --------
0000000000000005        1        0        0        0       12      936        0
0000000000000005        2       36     4053        0       29     3051        0
0000000000000005        3       33     3873        0       34     3850        0
0000000000000005        4       32     3803        0       30     3121        0
0000000000000005        5       33     3873        0       30     3254        0
datapath         in-port  eth-dst           out-port packets  bytes
---------------- -------- ----------------- -------- -------- --------
datapath         port     rx-pkts  rx-bytes rx-error tx-pkts  tx-bytes tx-error
---------------- -------- -------- -------- -------- -------- -------- --------
0000000000000006        1        0        0        0       11      858        0
0000000000000006        2       34     3923        0       33     3873        0
0000000000000006        3       33     3873        0       34     3933        0
datapath         in-port  eth-dst           out-port packets  bytes
---------------- -------- ----------------- -------- -------- --------
datapath         port     rx-pkts  rx-bytes rx-error tx-pkts  tx-bytes tx-error
---------------- -------- -------- -------- -------- -------- -------- --------
0000000000000003        1        0        0        0       15     1170        0
0000000000000003        2       39     4376        0       38     4316        0
0000000000000003        3       36     4196        0       38     4316        0
datapath         in-port  eth-dst           out-port packets  bytes
---------------- -------- ----------------- -------- -------- --------
datapath         port     rx-pkts  rx-bytes rx-error tx-pkts  tx-bytes tx-error
---------------- -------- -------- -------- -------- -------- -------- --------
0000000000000002        1        0        0        0       15     1170        0
0000000000000002        2       37     4256        0       39     4376        0
0000000000000002        3       36     4196        0       38     4316        0
datapath         in-port  eth-dst           out-port packets  bytes
---------------- -------- ----------------- -------- -------- --------
datapath         port     rx-pkts  rx-bytes rx-error tx-pkts  tx-bytes tx-error
---------------- -------- -------- -------- -------- -------- -------- --------
0000000000000004        1        0        0        0       16     1248        0
0000000000000004        2       40     4436        0       39     4376        0
0000000000000004        3       35     4126        0       38     4286        0
datapath         in-port  eth-dst           out-port packets  bytes
---------------- -------- ----------------- -------- -------- --------
datapath         port     rx-pkts  rx-bytes rx-error tx-pkts  tx-bytes tx-error
---------------- -------- -------- -------- -------- -------- -------- --------
0000000000000001        1        0        0        0       15     1170        0
0000000000000001        2       38     4316        0       39     4376        0
0000000000000001        3       39     4376        0       40     4436        0
0000000000000001        4       33     3444        0       39     4376        0
0000000000000001        5       37     4256        0       39     4376        0
datapath         in-port  eth-dst           out-port packets  bytes
---------------- -------- ----------------- -------- -------- --------
datapath         port     rx-pkts  rx-bytes rx-error tx-pkts  tx-bytes tx-error
---------------- -------- -------- -------- -------- -------- -------- --------
0000000000000009        1        0        0        0       13     1014        0
0000000000000009        2       38     4316        0       36     4196        0
0000000000000009        3       34     3647        0       36     4196        0
0000000000000009        4       37     4256        0       36     4196        0
datapath         in-port  eth-dst           out-port packets  bytes
---------------- -------- ----------------- -------- -------- --------
datapath         port     rx-pkts  rx-bytes rx-error tx-pkts  tx-bytes tx-error
---------------- -------- -------- -------- -------- -------- -------- --------
0000000000000007        1        0        0        0       14     1092        0
0000000000000007        2       39     4376        0       37     4256        0
0000000000000007        3       38     4233        0       37     4256        0
0000000000000007        4       35     4106        0       37     4256        0
datapath         in-port  eth-dst           out-port packets  bytes
---------------- -------- ----------------- -------- -------- --------
datapath         port     rx-pkts  rx-bytes rx-error tx-pkts  tx-bytes tx-error
---------------- -------- -------- -------- -------- -------- -------- --------
0000000000000006        1        0        0        0       14     1092        0
0000000000000006        2       39     4376        0       37     4256        0
0000000000000006        3       36     4196        0       37     4256        0
datapath         in-port  eth-dst           out-port packets  bytes
---------------- -------- ----------------- -------- -------- --------
datapath         port     rx-pkts  rx-bytes rx-error tx-pkts  tx-bytes tx-error
---------------- -------- -------- -------- -------- -------- -------- --------
0000000000000008        1        0        0        0       13     1014        0
0000000000000008        2       38     4316        0       36     4196        0
0000000000000008        3       33     3444        0       36     4196        0
0000000000000008        4       36     4196        0       37     4256        0
datapath         in-port  eth-dst           out-port packets  bytes
---------------- -------- ----------------- -------- -------- --------
datapath         port     rx-pkts  rx-bytes rx-error tx-pkts  tx-bytes tx-error
---------------- -------- -------- -------- -------- -------- -------- --------
0000000000000005        1        0        0        0       14     1092        0
0000000000000005        2       39     4376        0       33     3444        0
0000000000000005        3       37     4256        0       38     4233        0
0000000000000005        4       36     4196        0       33     3444        0
0000000000000005        5       36     4196        0       34     3647        0
datapath         in-port  eth-dst           out-port packets  bytes
---------------- -------- ----------------- -------- -------- --------
datapath         port     rx-pkts  rx-bytes rx-error tx-pkts  tx-bytes tx-error
---------------- -------- -------- -------- -------- -------- -------- --------
000000000000000a        1        0        0        0       13     1014        0
000000000000000a        2       38     4286        0       35     4126        0
000000000000000a        3       37     4256        0       35     4106        0
000000000000000a        4       37     4256        0       36     4196        0
datapath         in-port  eth-dst           out-port packets  bytes
---------------- -------- ----------------- -------- -------- --------
discovery--->==================================== discovery ====================================
discovery---> cls: [(3, 1), (3, 9), (1, 4), (1, 5), (1, 6), (4, 10), (5, 7), (5, 8), (5, 9), (6, 9), (7, 2), (7, 10), (2, 8), (8, 10)]
discovery---> access_table: {}
discovery--->=============================================================================
datapath         port     rx-pkts  rx-bytes rx-error tx-pkts  tx-bytes tx-error
---------------- -------- -------- -------- -------- -------- -------- --------
0000000000000001        1        0        0        0       18     1404        0
0000000000000001        2       40     4436        0       41     4496        0
0000000000000001        3       41     4496        0       42     4556        0
0000000000000001        4       36     3624        0       42     4556        0
0000000000000001        5       40     4436        0       41     4496        0
datapath         in-port  eth-dst           out-port packets  bytes
---------------- -------- ----------------- -------- -------- --------
datapath         port     rx-pkts  rx-bytes rx-error tx-pkts  tx-bytes tx-error
---------------- -------- -------- -------- -------- -------- -------- --------
0000000000000002        1        0        0        0       18     1404        0
0000000000000002        2       39     4376        0       41     4496        0
0000000000000002        3       39     4376        0       41     4496        0
datapath         in-port  eth-dst           out-port packets  bytes
---------------- -------- ----------------- -------- -------- --------
datapath         port     rx-pkts  rx-bytes rx-error tx-pkts  tx-bytes tx-error
---------------- -------- -------- -------- -------- -------- -------- --------
0000000000000007        1        0        0        0       16     1248        0
0000000000000007        2       41     4496        0       39     4376        0
0000000000000007        3       40     4353        0       39     4376        0
0000000000000007        4       38     4286        0       39     4376        0
datapath         in-port  eth-dst           out-port packets  bytes
---------------- -------- ----------------- -------- -------- --------
datapath         port     rx-pkts  rx-bytes rx-error tx-pkts  tx-bytes tx-error
---------------- -------- -------- -------- -------- -------- -------- --------
0000000000000003        1        0        0        0       17     1326        0
0000000000000003        2       41     4496        0       40     4436        0
0000000000000003        3       39     4376        0       41     4496        0
datapath         in-port  eth-dst           out-port packets  bytes
---------------- -------- ----------------- -------- -------- --------
datapath         port     rx-pkts  rx-bytes rx-error tx-pkts  tx-bytes tx-error
---------------- -------- -------- -------- -------- -------- -------- --------
0000000000000006        1        0        0        0       17     1326        0
0000000000000006        2       41     4496        0       40     4436        0
0000000000000006        3       39     4376        0       40     4436        0
datapath         in-port  eth-dst           out-port packets  bytes
---------------- -------- ----------------- -------- -------- --------
datapath         port     rx-pkts  rx-bytes rx-error tx-pkts  tx-bytes tx-error
---------------- -------- -------- -------- -------- -------- -------- --------
0000000000000005        1        0        0        0       17     1326        0
0000000000000005        2       42     4556        0       36     3624        0
0000000000000005        3       39     4376        0       40     4353        0
0000000000000005        4       39     4376        0       36     3624        0
0000000000000005        5       39     4376        0       37     3827        0
datapath         in-port  eth-dst           out-port packets  bytes
---------------- -------- ----------------- -------- -------- --------
datapath         port     rx-pkts  rx-bytes rx-error tx-pkts  tx-bytes tx-error
---------------- -------- -------- -------- -------- -------- -------- --------
0000000000000009        1        0        0        0       16     1248        0
0000000000000009        2       41     4496        0       39     4376        0
0000000000000009        3       37     3827        0       39     4376        0
0000000000000009        4       40     4436        0       39     4376        0
datapath         in-port  eth-dst           out-port packets  bytes
---------------- -------- ----------------- -------- -------- --------
datapath         port     rx-pkts  rx-bytes rx-error tx-pkts  tx-bytes tx-error
---------------- -------- -------- -------- -------- -------- -------- --------
0000000000000004        1        0        0        0       18     1404        0
0000000000000004        2       42     4556        0       41     4496        0
0000000000000004        3       38     4306        0       40     4406        0
datapath         in-port  eth-dst           out-port packets  bytes
---------------- -------- ----------------- -------- -------- --------
datapath         port     rx-pkts  rx-bytes rx-error tx-pkts  tx-bytes tx-error
---------------- -------- -------- -------- -------- -------- -------- --------
000000000000000a        1        0        0        0       16     1248        0
000000000000000a        2       40     4406        0       38     4306        0
000000000000000a        3       39     4376        0       38     4286        0
000000000000000a        4       39     4376        0       38     4316        0
datapath         in-port  eth-dst           out-port packets  bytes
---------------- -------- ----------------- -------- -------- --------
datapath         port     rx-pkts  rx-bytes rx-error tx-pkts  tx-bytes tx-error
---------------- -------- -------- -------- -------- -------- -------- --------
0000000000000008        1        0        0        0       16     1248        0
0000000000000008        2       41     4496        0       39     4376        0
0000000000000008        3       36     3624        0       39     4376        0
0000000000000008        4       38     4316        0       39     4376        0
datapath         in-port  eth-dst           out-port packets  bytes
---------------- -------- ----------------- -------- -------- --------
discovery--->==================================== discovery ====================================
discovery---> cls: [(3, 1), (3, 9), (1, 4), (1, 5), (1, 6), (4, 10), (5, 7), (5, 8), (5, 9), (6, 9), (7, 2), (7, 10), (2, 8), (8, 10)]
discovery---> access_table: {}
discovery--->=============================================================================
datapath         port     rx-pkts  rx-bytes rx-error tx-pkts  tx-bytes tx-error
---------------- -------- -------- -------- -------- -------- -------- --------
0000000000000004        1        0        0        0       21     1638        0
0000000000000004        2       45     4736        0       44     4676        0
0000000000000004        3       39     4366        0       43     4586        0
datapath         in-port  eth-dst           out-port packets  bytes
---------------- -------- ----------------- -------- -------- --------
datapath         port     rx-pkts  rx-bytes rx-error tx-pkts  tx-bytes tx-error
---------------- -------- -------- -------- -------- -------- -------- --------
0000000000000002        1        0        0        0       20     1560        0
0000000000000002        2       42     4556        0       44     4676        0
0000000000000002        3       42     4556        0       44     4676        0
datapath         in-port  eth-dst           out-port packets  bytes
---------------- -------- ----------------- -------- -------- --------
datapath         port     rx-pkts  rx-bytes rx-error tx-pkts  tx-bytes tx-error
---------------- -------- -------- -------- -------- -------- -------- --------
000000000000000a        1        0        0        0       18     1404        0
000000000000000a        2       43     4586        0       39     4366        0
000000000000000a        3       42     4556        0       40     4406        0
000000000000000a        4       42     4556        0       41     4496        0
datapath         in-port  eth-dst           out-port packets  bytes
---------------- -------- ----------------- -------- -------- --------
datapath         port     rx-pkts  rx-bytes rx-error tx-pkts  tx-bytes tx-error
---------------- -------- -------- -------- -------- -------- -------- --------
0000000000000005        1        0        0        0       19     1482        0
0000000000000005        2       44     4676        0       38     3744        0
0000000000000005        3       42     4556        0       43     4533        0
0000000000000005        4       42     4556        0       39     3804        0
0000000000000005        5       41     4496        0       39     3947        0
datapath         in-port  eth-dst           out-port packets  bytes
---------------- -------- ----------------- -------- -------- --------
datapath         port     rx-pkts  rx-bytes rx-error tx-pkts  tx-bytes tx-error
---------------- -------- -------- -------- -------- -------- -------- --------
0000000000000006        1        0        0        0       19     1482        0
0000000000000006        2       44     4676        0       42     4556        0
0000000000000006        3       41     4496        0       42     4556        0
datapath         in-port  eth-dst           out-port packets  bytes
---------------- -------- ----------------- -------- -------- --------
datapath         port     rx-pkts  rx-bytes rx-error tx-pkts  tx-bytes tx-error
---------------- -------- -------- -------- -------- -------- -------- --------
0000000000000009        1        0        0        0       18     1404        0
0000000000000009        2       43     4616        0       41     4496        0
0000000000000009        3       39     3947        0       41     4496        0
0000000000000009        4       42     4556        0       41     4496        0
datapath         in-port  eth-dst           out-port packets  bytes
---------------- -------- ----------------- -------- -------- --------
datapath         port     rx-pkts  rx-bytes rx-error tx-pkts  tx-bytes tx-error
---------------- -------- -------- -------- -------- -------- -------- --------
0000000000000003        1        0        0        0       20     1560        0
0000000000000003        2       44     4676        0       43     4616        0
0000000000000003        3       41     4496        0       43     4616        0
datapath         in-port  eth-dst           out-port packets  bytes
---------------- -------- ----------------- -------- -------- --------
datapath         port     rx-pkts  rx-bytes rx-error tx-pkts  tx-bytes tx-error
---------------- -------- -------- -------- -------- -------- -------- --------
0000000000000007        1        0        0        0       19     1482        0
0000000000000007        2       44     4676        0       42     4556        0
0000000000000007        3       43     4533        0       42     4556        0
0000000000000007        4       40     4406        0       42     4556        0
datapath         in-port  eth-dst           out-port packets  bytes
---------------- -------- ----------------- -------- -------- --------
datapath         port     rx-pkts  rx-bytes rx-error tx-pkts  tx-bytes tx-error
---------------- -------- -------- -------- -------- -------- -------- --------
0000000000000008        1        0        0        0       19     1482        0
0000000000000008        2       44     4676        0       42     4556        0
0000000000000008        3       39     3804        0       42     4556        0
0000000000000008        4       41     4496        0       42     4556        0
datapath         in-port  eth-dst           out-port packets  bytes
---------------- -------- ----------------- -------- -------- --------
datapath         port     rx-pkts  rx-bytes rx-error tx-pkts  tx-bytes tx-error
---------------- -------- -------- -------- -------- -------- -------- --------
0000000000000001        1        0        0        0       21     1638        0
0000000000000001        2       43     4616        0       44     4676        0
0000000000000001        3       44     4676        0       45     4736        0
0000000000000001        4       38     3744        0       44     4676        0
0000000000000001        5       42     4556        0       44     4676        0
datapath         in-port  eth-dst           out-port packets  bytes
---------------- -------- ----------------- -------- -------- --------
discovery--->==================================== discovery ====================================
discovery---> cls: [(3, 1), (3, 9), (1, 4), (1, 5), (1, 6), (4, 10), (5, 7), (5, 8), (5, 9), (6, 9), (7, 2), (7, 10), (2, 8), (8, 10)]
discovery---> access_table: {}
discovery--->=============================================================================
datapath         port     rx-pkts  rx-bytes rx-error tx-pkts  tx-bytes tx-error
---------------- -------- -------- -------- -------- -------- -------- --------
0000000000000004        1        0        0        0       23     1794        0
0000000000000004        2       47     4856        0       46     4796        0
0000000000000004        3       42     4546        0       46     4766        0
datapath         in-port  eth-dst           out-port packets  bytes
---------------- -------- ----------------- -------- -------- --------
datapath         port     rx-pkts  rx-bytes rx-error tx-pkts  tx-bytes tx-error
---------------- -------- -------- -------- -------- -------- -------- --------
0000000000000003        1        0        0        0       22     1716        0
0000000000000003        2       46     4796        0       46     4796        0
0000000000000003        3       44     4676        0       46     4796        0
datapath         in-port  eth-dst           out-port packets  bytes
---------------- -------- ----------------- -------- -------- --------
datapath         port     rx-pkts  rx-bytes rx-error tx-pkts  tx-bytes tx-error
---------------- -------- -------- -------- -------- -------- -------- --------
0000000000000007        1        0        0        0       21     1638        0
0000000000000007        2       46     4796        0       44     4676        0
0000000000000007        3       45     4653        0       44     4676        0
0000000000000007        4       43     4586        0       45     4736        0
datapath         in-port  eth-dst           out-port packets  bytes
---------------- -------- ----------------- -------- -------- --------
datapath         port     rx-pkts  rx-bytes rx-error tx-pkts  tx-bytes tx-error
---------------- -------- -------- -------- -------- -------- -------- --------
000000000000000a        1        0        0        0       21     1638        0
000000000000000a        2       46     4766        0       42     4546        0
000000000000000a        3       45     4736        0       43     4586        0
000000000000000a        4       45     4736        0       44     4676        0
datapath         in-port  eth-dst           out-port packets  bytes
---------------- -------- ----------------- -------- -------- --------
datapath         port     rx-pkts  rx-bytes rx-error tx-pkts  tx-bytes tx-error
---------------- -------- -------- -------- -------- -------- -------- --------
0000000000000002        1        0        0        0       23     1794        0
0000000000000002        2       44     4676        0       46     4796        0
0000000000000002        3       44     4676        0       46     4796        0
datapath         in-port  eth-dst           out-port packets  bytes
---------------- -------- ----------------- -------- -------- --------
datapath         port     rx-pkts  rx-bytes rx-error tx-pkts  tx-bytes tx-error
---------------- -------- -------- -------- -------- -------- -------- --------
0000000000000006        1        0        0        0       22     1716        0
0000000000000006        2       47     4856        0       45     4736        0
0000000000000006        3       44     4676        0       45     4736        0
datapath         in-port  eth-dst           out-port packets  bytes
---------------- -------- ----------------- -------- -------- --------
datapath         port     rx-pkts  rx-bytes rx-error tx-pkts  tx-bytes tx-error
---------------- -------- -------- -------- -------- -------- -------- --------
0000000000000008        1        0        0        0       21     1638        0
0000000000000008        2       46     4796        0       44     4676        0
0000000000000008        3       41     3924        0       44     4676        0
0000000000000008        4       44     4676        0       45     4736        0
datapath         in-port  eth-dst           out-port packets  bytes
---------------- -------- ----------------- -------- -------- --------
datapath         port     rx-pkts  rx-bytes rx-error tx-pkts  tx-bytes tx-error
---------------- -------- -------- -------- -------- -------- -------- --------
0000000000000005        1        0        0        0       22     1716        0
0000000000000005        2       47     4856        0       41     3924        0
0000000000000005        3       44     4676        0       45     4653        0
0000000000000005        4       44     4676        0       41     3924        0
0000000000000005        5       44     4676        0       42     4127        0
datapath         in-port  eth-dst           out-port packets  bytes
---------------- -------- ----------------- -------- -------- --------
datapath         port     rx-pkts  rx-bytes rx-error tx-pkts  tx-bytes tx-error
---------------- -------- -------- -------- -------- -------- -------- --------
0000000000000001        1        0        0        0       23     1794        0
0000000000000001        2       46     4796        0       46     4796        0
0000000000000001        3       46     4796        0       47     4856        0
0000000000000001        4       41     3924        0       47     4856        0
0000000000000001        5       45     4736        0       47     4856        0
datapath         in-port  eth-dst           out-port packets  bytes
---------------- -------- ----------------- -------- -------- --------
datapath         port     rx-pkts  rx-bytes rx-error tx-pkts  tx-bytes tx-error
---------------- -------- -------- -------- -------- -------- -------- --------
0000000000000009        1        0        0        0       21     1638        0
0000000000000009        2       46     4796        0       44     4676        0
0000000000000009        3       42     4127        0       44     4676        0
0000000000000009        4       45     4736        0       44     4676        0
datapath         in-port  eth-dst           out-port packets  bytes
---------------- -------- ----------------- -------- -------- --------
discovery--->==================================== discovery ====================================
discovery---> cls: [(3, 1), (3, 9), (1, 4), (1, 5), (1, 6), (4, 10), (5, 7), (5, 8), (5, 9), (6, 9), (7, 2), (7, 10), (2, 8), (8, 10)]
discovery---> access_table: {}
discovery--->=============================================================================
datapath         port     rx-pkts  rx-bytes rx-error tx-pkts  tx-bytes tx-error
---------------- -------- -------- -------- -------- -------- -------- --------
0000000000000003        1        0        0        0       25     1950        0
0000000000000003        2       49     4976        0       48     4916        0
0000000000000003        3       47     4856        0       48     4916        0
datapath         in-port  eth-dst           out-port packets  bytes
---------------- -------- ----------------- -------- -------- --------
datapath         port     rx-pkts  rx-bytes rx-error tx-pkts  tx-bytes tx-error
---------------- -------- -------- -------- -------- -------- -------- --------
0000000000000002        1        0        0        0       25     1950        0
0000000000000002        2       47     4856        0       49     4976        0
0000000000000002        3       47     4856        0       49     4976        0
datapath         in-port  eth-dst           out-port packets  bytes
---------------- -------- ----------------- -------- -------- --------
datapath         port     rx-pkts  rx-bytes rx-error tx-pkts  tx-bytes tx-error
---------------- -------- -------- -------- -------- -------- -------- --------
000000000000000a        1        0        0        0       23     1794        0
000000000000000a        2       48     4886        0       44     4666        0
000000000000000a        3       47     4856        0       45     4706        0
000000000000000a        4       47     4856        0       46     4796        0
datapath         in-port  eth-dst           out-port packets  bytes
---------------- -------- ----------------- -------- -------- --------
datapath         port     rx-pkts  rx-bytes rx-error tx-pkts  tx-bytes tx-error
---------------- -------- -------- -------- -------- -------- -------- --------
0000000000000009        1        0        0        0       24     1872        0
0000000000000009        2       48     4916        0       47     4856        0
0000000000000009        3       45     4307        0       47     4856        0
0000000000000009        4       47     4856        0       46     4796        0
datapath         in-port  eth-dst           out-port packets  bytes
---------------- -------- ----------------- -------- -------- --------
datapath         port     rx-pkts  rx-bytes rx-error tx-pkts  tx-bytes tx-error
---------------- -------- -------- -------- -------- -------- -------- --------
0000000000000001        1        0        0        0       26     2028        0
0000000000000001        2       48     4916        0       49     4976        0
0000000000000001        3       49     4976        0       50     5036        0
0000000000000001        4       44     4104        0       49     4976        0
0000000000000001        5       47     4856        0       49     4976        0
datapath         in-port  eth-dst           out-port packets  bytes
---------------- -------- ----------------- -------- -------- --------
datapath         port     rx-pkts  rx-bytes rx-error tx-pkts  tx-bytes tx-error
---------------- -------- -------- -------- -------- -------- -------- --------
0000000000000004        1        0        0        0       26     2028        0
0000000000000004        2       50     5036        0       49     4976        0
0000000000000004        3       44     4666        0       48     4886        0
datapath         in-port  eth-dst           out-port packets  bytes
---------------- -------- ----------------- -------- -------- --------
datapath         port     rx-pkts  rx-bytes rx-error tx-pkts  tx-bytes tx-error
---------------- -------- -------- -------- -------- -------- -------- --------
0000000000000007        1        0        0        0       24     1872        0
0000000000000007        2       49     4976        0       47     4856        0
0000000000000007        3       48     4833        0       47     4856        0
0000000000000007        4       45     4706        0       47     4856        0
datapath         in-port  eth-dst           out-port packets  bytes
---------------- -------- ----------------- -------- -------- --------
datapath         port     rx-pkts  rx-bytes rx-error tx-pkts  tx-bytes tx-error
---------------- -------- -------- -------- -------- -------- -------- --------
0000000000000008        1        0        0        0       24     1872        0
0000000000000008        2       49     4976        0       47     4856        0
0000000000000008        3       45     4174        0       47     4856        0
0000000000000008        4       46     4796        0       47     4856        0
datapath         in-port  eth-dst           out-port packets  bytes
---------------- -------- ----------------- -------- -------- --------
datapath         port     rx-pkts  rx-bytes rx-error tx-pkts  tx-bytes tx-error
---------------- -------- -------- -------- -------- -------- -------- --------
0000000000000006        1        0        0        0       24     1872        0
0000000000000006        2       49     4976        0       47     4856        0
0000000000000006        3       46     4796        0       47     4856        0
datapath         in-port  eth-dst           out-port packets  bytes
---------------- -------- ----------------- -------- -------- --------
datapath         port     rx-pkts  rx-bytes rx-error tx-pkts  tx-bytes tx-error
---------------- -------- -------- -------- -------- -------- -------- --------
0000000000000005        1        0        0        0       25     1950        0
0000000000000005        2       49     4976        0       44     4104        0
0000000000000005        3       47     4856        0       48     4833        0
0000000000000005        4       47     4856        0       45     4174        0
0000000000000005        5       47     4856        0       45     4307        0
datapath         in-port  eth-dst           out-port packets  bytes
---------------- -------- ----------------- -------- -------- --------
discovery--->==================================== discovery ====================================
discovery---> cls: [(3, 1), (3, 9), (1, 4), (1, 5), (1, 6), (4, 10), (5, 7), (5, 8), (5, 9), (6, 9), (7, 2), (7, 10), (2, 8), (8, 10)]
discovery---> access_table: {}
discovery--->=============================================================================
---> OFPPortStatus received: reason=DELETE desc=OFPPort(port_no=2,hw_addr='76:54:b7:87:5d:01',name=b'ap3-eth2',config=0,state=4,curr=2112,advertised=0,supported=0,peer=0,curr_speed=10000000,max_speed=0)
---> OFPPortStatus received: reason=DELETE desc=OFPPort(port_no=2,hw_addr='ae:10:26:0f:52:a7',name=b'ap1-eth2',config=0,state=4,curr=2112,advertised=0,supported=0,peer=0,curr_speed=10000000,max_speed=0)
---> OFPPortStatus received: reason=DELETE desc=OFPPort(port_no=3,hw_addr='42:0e:3d:97:69:92',name=b'ap1-eth3',config=0,state=4,curr=2112,advertised=0,supported=0,peer=0,curr_speed=10000000,max_speed=0)
---> OFPPortStatus received: reason=DELETE desc=OFPPort(port_no=2,hw_addr='a2:f8:b3:fe:84:5e',name=b'ap4-eth2',config=0,state=4,curr=2112,advertised=0,supported=0,peer=0,curr_speed=10000000,max_speed=0)
---> OFPPortStatus received: reason=MODIFY desc=OFPPort(port_no=4,hw_addr='e2:e6:ef:c7:0d:0b',name=b'ap1-eth4',config=0,state=0,curr=2112,advertised=0,supported=0,peer=0,curr_speed=10000000,max_speed=0)
---> OFPPortStatus received: reason=DELETE desc=OFPPort(port_no=4,hw_addr='e2:e6:ef:c7:0d:0b',name=b'ap1-eth4',config=0,state=0,curr=2112,advertised=0,supported=0,peer=0,curr_speed=10000000,max_speed=0)
---> OFPPortStatus received: reason=MODIFY desc=OFPPort(port_no=2,hw_addr='12:2b:ba:1f:2c:6f',name=b'ap5-eth2',config=0,state=0,curr=2112,advertised=0,supported=0,peer=0,curr_speed=10000000,max_speed=0)
---> OFPPortStatus received: reason=DELETE desc=OFPPort(port_no=2,hw_addr='12:2b:ba:1f:2c:6f',name=b'ap5-eth2',config=0,state=0,curr=2112,advertised=0,supported=0,peer=0,curr_speed=10000000,max_speed=0)
---> OFPPortStatus received: reason=DELETE desc=OFPPort(port_no=5,hw_addr='76:d1:35:d8:a5:d8',name=b'ap1-eth5',config=0,state=4,curr=2112,advertised=0,supported=0,peer=0,curr_speed=10000000,max_speed=0)
---> OFPPortStatus received: reason=DELETE desc=OFPPort(port_no=2,hw_addr='e6:f0:ac:c5:0d:50',name=b'ap6-eth2',config=0,state=4,curr=2112,advertised=0,supported=0,peer=0,curr_speed=10000000,max_speed=0)
---> OFPPortStatus received: reason=MODIFY desc=OFPPort(port_no=2,hw_addr='52:e4:27:06:47:9d',name=b'ap2-eth2',config=0,state=0,curr=2112,advertised=0,supported=0,peer=0,curr_speed=10000000,max_speed=0)
---> OFPPortStatus received: reason=DELETE desc=OFPPort(port_no=2,hw_addr='52:e4:27:06:47:9d',name=b'ap2-eth2',config=0,state=0,curr=2112,advertised=0,supported=0,peer=0,curr_speed=10000000,max_speed=0)
---> OFPPortStatus received: reason=MODIFY desc=OFPPort(port_no=2,hw_addr='a6:bb:04:49:bc:c5',name=b'ap7-eth2',config=0,state=0,curr=2112,advertised=0,supported=0,peer=0,curr_speed=10000000,max_speed=0)
---> OFPPortStatus received: reason=DELETE desc=OFPPort(port_no=2,hw_addr='a6:bb:04:49:bc:c5',name=b'ap7-eth2',config=0,state=0,curr=2112,advertised=0,supported=0,peer=0,curr_speed=10000000,max_speed=0)
---> OFPPortStatus received: reason=DELETE desc=OFPPort(port_no=2,hw_addr='ee:98:ab:99:db:3e',name=b'ap8-eth2',config=0,state=4,curr=2112,advertised=0,supported=0,peer=0,curr_speed=10000000,max_speed=0)
---> OFPPortStatus received: reason=DELETE desc=OFPPort(port_no=3,hw_addr='b2:14:ae:fd:23:69',name=b'ap2-eth3',config=0,state=4,curr=2112,advertised=0,supported=0,peer=0,curr_speed=10000000,max_speed=0)
---> OFPPortStatus received: reason=MODIFY desc=OFPPort(port_no=2,hw_addr='36:ba:af:8b:f7:ee',name=b'ap9-eth2',config=0,state=0,curr=2112,advertised=0,supported=0,peer=0,curr_speed=10000000,max_speed=0)
---> OFPPortStatus received: reason=DELETE desc=OFPPort(port_no=2,hw_addr='36:ba:af:8b:f7:ee',name=b'ap9-eth2',config=0,state=0,curr=2112,advertised=0,supported=0,peer=0,curr_speed=10000000,max_speed=0)
---> OFPPortStatus received: reason=MODIFY desc=OFPPort(port_no=3,hw_addr='56:68:d2:15:a8:36',name=b'ap4-eth3',config=0,state=0,curr=2112,advertised=0,supported=0,peer=0,curr_speed=10000000,max_speed=0)
---> OFPPortStatus received: reason=DELETE desc=OFPPort(port_no=3,hw_addr='56:68:d2:15:a8:36',name=b'ap4-eth3',config=0,state=0,curr=2112,advertised=0,supported=0,peer=0,curr_speed=10000000,max_speed=0)
---> OFPPortStatus received: reason=MODIFY desc=OFPPort(port_no=3,hw_addr='d6:cc:6e:56:6a:9b',name=b'ap3-eth3',config=0,state=0,curr=2112,advertised=0,supported=0,peer=0,curr_speed=10000000,max_speed=0)
---> OFPPortStatus received: reason=DELETE desc=OFPPort(port_no=3,hw_addr='d6:cc:6e:56:6a:9b',name=b'ap3-eth3',config=0,state=0,curr=2112,advertised=0,supported=0,peer=0,curr_speed=10000000,max_speed=0)
---> OFPPortStatus received: reason=DELETE desc=OFPPort(port_no=2,hw_addr='7a:d7:d8:48:8e:46',name=b'ap10-eth2',config=0,state=4,curr=2112,advertised=0,supported=0,peer=0,curr_speed=10000000,max_speed=0)
---> OFPPortStatus received: reason=DELETE desc=OFPPort(port_no=3,hw_addr='3e:0c:e5:92:c2:a7',name=b'ap8-eth3',config=0,state=4,curr=2112,advertised=0,supported=0,peer=0,curr_speed=10000000,max_speed=0)
---> OFPPortStatus received: reason=DELETE desc=OFPPort(port_no=3,hw_addr='ca:47:be:ca:36:5a',name=b'ap7-eth3',config=0,state=4,curr=2112,advertised=0,supported=0,peer=0,curr_speed=10000000,max_speed=0)
---> OFPPortStatus received: reason=DELETE desc=OFPPort(port_no=4,hw_addr='56:db:af:fe:6f:e1',name=b'ap5-eth4',config=0,state=4,curr=2112,advertised=0,supported=0,peer=0,curr_speed=10000000,max_speed=0)
---> OFPPortStatus received: reason=DELETE desc=OFPPort(port_no=3,hw_addr='32:ce:ec:a3:e6:d4',name=b'ap5-eth3',config=0,state=4,curr=2112,advertised=0,supported=0,peer=0,curr_speed=10000000,max_speed=0)
---> OFPPortStatus received: reason=DELETE desc=OFPPort(port_no=3,hw_addr='56:fc:7a:99:c9:db',name=b'ap9-eth3',config=0,state=4,curr=2112,advertised=0,supported=0,peer=0,curr_speed=10000000,max_speed=0)
---> OFPPortStatus received: reason=DELETE desc=OFPPort(port_no=4,hw_addr='82:ec:f3:7d:97:e1',name=b'ap9-eth4',config=0,state=4,curr=2112,advertised=0,supported=0,peer=0,curr_speed=10000000,max_speed=0)
---> OFPPortStatus received: reason=DELETE desc=OFPPort(port_no=3,hw_addr='4a:f4:36:33:8d:b3',name=b'ap6-eth3',config=0,state=4,curr=2112,advertised=0,supported=0,peer=0,curr_speed=10000000,max_speed=0)
---> OFPPortStatus received: reason=DELETE desc=OFPPort(port_no=5,hw_addr='02:0d:07:61:03:17',name=b'ap5-eth5',config=0,state=4,curr=2112,advertised=0,supported=0,peer=0,curr_speed=10000000,max_speed=0)
---> OFPPortStatus received: reason=DELETE desc=OFPPort(port_no=3,hw_addr='ca:dd:60:8c:4b:ac',name=b'ap10-eth3',config=0,state=4,curr=2112,advertised=0,supported=0,peer=0,curr_speed=10000000,max_speed=0)
---> OFPPortStatus received: reason=DELETE desc=OFPPort(port_no=4,hw_addr='b6:03:78:6a:0c:5b',name=b'ap7-eth4',config=0,state=4,curr=2112,advertised=0,supported=0,peer=0,curr_speed=10000000,max_speed=0)
---> OFPPortStatus received: reason=MODIFY desc=OFPPort(port_no=4,hw_addr='fa:78:4c:69:65:19',name=b'ap8-eth4',config=0,state=0,curr=2112,advertised=0,supported=0,peer=0,curr_speed=10000000,max_speed=0)
---> OFPPortStatus received: reason=DELETE desc=OFPPort(port_no=4,hw_addr='fa:78:4c:69:65:19',name=b'ap8-eth4',config=0,state=0,curr=2112,advertised=0,supported=0,peer=0,curr_speed=10000000,max_speed=0)
---> OFPPortStatus received: reason=MODIFY desc=OFPPort(port_no=4,hw_addr='d2:29:f7:7c:aa:50',name=b'ap10-eth4',config=0,state=0,curr=2112,advertised=0,supported=0,peer=0,curr_speed=10000000,max_speed=0)
---> OFPPortStatus received: reason=DELETE desc=OFPPort(port_no=4,hw_addr='d2:29:f7:7c:aa:50',name=b'ap10-eth4',config=0,state=0,curr=2112,advertised=0,supported=0,peer=0,curr_speed=10000000,max_speed=0)
discovery--->==================================== discovery ====================================
discovery---> cls: []
discovery---> access_table: {}
discovery--->=============================================================================
datapath         port     rx-pkts  rx-bytes rx-error tx-pkts  tx-bytes tx-error
---------------- -------- -------- -------- -------- -------- -------- --------
0000000000000009        1        0        0        0       28     2184        0
datapath         in-port  eth-dst           out-port packets  bytes
---------------- -------- ----------------- -------- -------- --------
datapath         port     rx-pkts  rx-bytes rx-error tx-pkts  tx-bytes tx-error
---------------- -------- -------- -------- -------- -------- -------- --------
0000000000000002        1        0        0        0       30     2340        0
datapath         in-port  eth-dst           out-port packets  bytes
---------------- -------- ----------------- -------- -------- --------
datapath         port     rx-pkts  rx-bytes rx-error tx-pkts  tx-bytes tx-error
---------------- -------- -------- -------- -------- -------- -------- --------
0000000000000003        1        0        0        0       29     2262        0
datapath         in-port  eth-dst           out-port packets  bytes
---------------- -------- ----------------- -------- -------- --------
datapath         port     rx-pkts  rx-bytes rx-error tx-pkts  tx-bytes tx-error
---------------- -------- -------- -------- -------- -------- -------- --------
0000000000000008        1        0        0        0       28     2184        0
datapath         in-port  eth-dst           out-port packets  bytes
---------------- -------- ----------------- -------- -------- --------
datapath         port     rx-pkts  rx-bytes rx-error tx-pkts  tx-bytes tx-error
---------------- -------- -------- -------- -------- -------- -------- --------
0000000000000004        1        0        0        0       30     2340        0
datapath         in-port  eth-dst           out-port packets  bytes
---------------- -------- ----------------- -------- -------- --------
datapath         port     rx-pkts  rx-bytes rx-error tx-pkts  tx-bytes tx-error
---------------- -------- -------- -------- -------- -------- -------- --------
0000000000000006        1        0        0        0       29     2262        0
datapath         in-port  eth-dst           out-port packets  bytes
---------------- -------- ----------------- -------- -------- --------
datapath         port     rx-pkts  rx-bytes rx-error tx-pkts  tx-bytes tx-error
---------------- -------- -------- -------- -------- -------- -------- --------
000000000000000a        1        0        0        0       27     2106        0
datapath         in-port  eth-dst           out-port packets  bytes
---------------- -------- ----------------- -------- -------- --------
datapath         port     rx-pkts  rx-bytes rx-error tx-pkts  tx-bytes tx-error
---------------- -------- -------- -------- -------- -------- -------- --------
0000000000000007        1        0        0        0       28     2184        0
datapath         in-port  eth-dst           out-port packets  bytes
---------------- -------- ----------------- -------- -------- --------
datapath         port     rx-pkts  rx-bytes rx-error tx-pkts  tx-bytes tx-error
---------------- -------- -------- -------- -------- -------- -------- --------
0000000000000001        1        0        0        0       30     2340        0
datapath         in-port  eth-dst           out-port packets  bytes
---------------- -------- ----------------- -------- -------- --------
datapath         port     rx-pkts  rx-bytes rx-error tx-pkts  tx-bytes tx-error
---------------- -------- -------- -------- -------- -------- -------- --------
0000000000000005        1        0        0        0       29     2262        0
datapath         in-port  eth-dst           out-port packets  bytes
---------------- -------- ----------------- -------- -------- --------
discovery--->==================================== discovery ====================================
discovery---> cls: []
discovery---> access_table: {}
discovery--->=============================================================================
datapath         port     rx-pkts  rx-bytes rx-error tx-pkts  tx-bytes tx-error
---------------- -------- -------- -------- -------- -------- -------- --------
0000000000000008        1        0        0        0       34     2652        0
datapath         in-port  eth-dst           out-port packets  bytes
---------------- -------- ----------------- -------- -------- --------
datapath         port     rx-pkts  rx-bytes rx-error tx-pkts  tx-bytes tx-error
---------------- -------- -------- -------- -------- -------- -------- --------
0000000000000007        1        0        0        0       34     2652        0
datapath         in-port  eth-dst           out-port packets  bytes
---------------- -------- ----------------- -------- -------- --------
datapath         port     rx-pkts  rx-bytes rx-error tx-pkts  tx-bytes tx-error
---------------- -------- -------- -------- -------- -------- -------- --------
0000000000000004        1        0        0        0       36     2808        0
datapath         in-port  eth-dst           out-port packets  bytes
---------------- -------- ----------------- -------- -------- --------
datapath         port     rx-pkts  rx-bytes rx-error tx-pkts  tx-bytes tx-error
---------------- -------- -------- -------- -------- -------- -------- --------
0000000000000002        1        0        0        0       35     2730        0
datapath         in-port  eth-dst           out-port packets  bytes
---------------- -------- ----------------- -------- -------- --------
datapath         port     rx-pkts  rx-bytes rx-error tx-pkts  tx-bytes tx-error
---------------- -------- -------- -------- -------- -------- -------- --------
000000000000000a        1        0        0        0       33     2574        0
datapath         in-port  eth-dst           out-port packets  bytes
---------------- -------- ----------------- -------- -------- --------
datapath         port     rx-pkts  rx-bytes rx-error tx-pkts  tx-bytes tx-error
---------------- -------- -------- -------- -------- -------- -------- --------
0000000000000003        1        0        0        0       35     2730        0
datapath         in-port  eth-dst           out-port packets  bytes
---------------- -------- ----------------- -------- -------- --------
datapath         port     rx-pkts  rx-bytes rx-error tx-pkts  tx-bytes tx-error
---------------- -------- -------- -------- -------- -------- -------- --------
0000000000000001        1        0        0        0       36     2808        0
datapath         in-port  eth-dst           out-port packets  bytes
---------------- -------- ----------------- -------- -------- --------
datapath         port     rx-pkts  rx-bytes rx-error tx-pkts  tx-bytes tx-error
---------------- -------- -------- -------- -------- -------- -------- --------
0000000000000009        1        0        0        0       34     2652        0
datapath         in-port  eth-dst           out-port packets  bytes
---------------- -------- ----------------- -------- -------- --------
datapath         port     rx-pkts  rx-bytes rx-error tx-pkts  tx-bytes tx-error
---------------- -------- -------- -------- -------- -------- -------- --------
0000000000000005        1        0        0        0       35     2730        0
datapath         in-port  eth-dst           out-port packets  bytes
---------------- -------- ----------------- -------- -------- --------
datapath         port     rx-pkts  rx-bytes rx-error tx-pkts  tx-bytes tx-error
---------------- -------- -------- -------- -------- -------- -------- --------
0000000000000006        1        0        0        0       34     2652        0
datapath         in-port  eth-dst           out-port packets  bytes
---------------- -------- ----------------- -------- -------- --------
discovery--->==================================== discovery ====================================
discovery---> cls: []
discovery---> access_table: {}
discovery--->=============================================================================
discovery--->==================================== discovery ====================================
discovery---> cls: []
discovery---> access_table: {}
discovery--->=============================================================================
discovery--->==================================== discovery ====================================
discovery---> cls: []
discovery---> access_table: {}
discovery--->=============================================================================
discovery--->==================================== discovery ====================================
discovery---> cls: []
discovery---> access_table: {}
discovery--->=============================================================================
discovery--->==================================== discovery ====================================
discovery---> cls: []
discovery---> access_table: {}
discovery--->=============================================================================
discovery--->==================================== discovery ====================================
discovery---> cls: []
discovery---> access_table: {}
discovery--->=============================================================================
discovery--->==================================== discovery ====================================
discovery---> cls: []
discovery---> access_table: {}
discovery--->=============================================================================
