loading app network_structure.py
Matplotlib created a temporary config/cache directory at /tmp/matplotlib-u5cm99di because the default path (/home/terry/.config/matplotlib) is not a writable directory; it is highly recommended to set the MPLCONFIGDIR environment variable to a writable directory, in particular to speed up the import of Matplotlib and to better support multiprocessing.
Generating new fontManager, this may take some time...
Failed to extract font properties from /usr/share/fonts/truetype/noto/NotoColorEmoji.ttf: In FT2Font: Can not load face.  Unknown file format.
loading app ryu.controller.ofp_handler
loading app ryu.topology.switches
loading app ryu.controller.ofp_handler
instantiating app network_structure.py of NetworkStructure
instantiating app ryu.controller.ofp_handler of OFPHandler
instantiating app ryu.topology.switches of Switches
discovery--->==================================== discovery ====================================
discovery---> cls: []
discovery---> access_table: {}
discovery--->=============================================================================
discovery---> AccessPoint: 1 connected
discovery---> AccessPoint: 2 connected
discovery---> AccessPoint: 3 connected
discovery---> AccessPoint: 4 connected
discovery---> AccessPoint: 5 connected
discovery---> AccessPoint: 6 connected
discovery---> AccessPoint: 7 connected
discovery---> AccessPoint: 8 connected
discovery---> AccessPoint: 9 connected
discovery---> AccessPoint: 10 connected
discovery--->==================================== discovery ====================================
discovery---> cls: [(3, 1), (3, 9), (1, 4), (1, 5), (1, 6), (4, 10), (5, 7), (5, 8), (5, 9), (6, 9), (7, 2), (7, 10), (2, 8), (8, 10)]
discovery---> access_table: {}
discovery--->=============================================================================
discovery--->==================================== discovery ====================================
discovery---> cls: [(3, 1), (3, 9), (1, 4), (1, 5), (1, 6), (4, 10), (5, 7), (5, 8), (5, 9), (6, 9), (7, 2), (7, 10), (2, 8), (8, 10)]
discovery---> access_table: {}
discovery--->=============================================================================
discovery--->==================================== discovery ====================================
discovery---> cls: [(3, 1), (3, 9), (1, 4), (1, 5), (1, 6), (4, 10), (5, 7), (5, 8), (5, 9), (6, 9), (7, 2), (7, 10), (2, 8), (8, 10)]
discovery---> access_table: {}
discovery--->=============================================================================
discovery--->==================================== discovery ====================================
discovery---> cls: [(3, 1), (3, 9), (1, 4), (1, 5), (1, 6), (4, 10), (5, 7), (5, 8), (5, 9), (6, 9), (7, 2), (7, 10), (2, 8), (8, 10)]
discovery---> access_table: {}
discovery--->=============================================================================
discovery--->==================================== discovery ====================================
discovery---> cls: [(3, 1), (3, 9), (1, 4), (1, 5), (1, 6), (4, 10), (5, 7), (5, 8), (5, 9), (6, 9), (7, 2), (7, 10), (2, 8), (8, 10)]
discovery---> access_table: {}
discovery--->=============================================================================
discovery--->==================================== discovery ====================================
discovery---> cls: [(3, 1), (3, 9), (1, 4), (1, 5), (1, 6), (4, 10), (5, 7), (5, 8), (5, 9), (6, 9), (7, 2), (7, 10), (2, 8), (8, 10)]
discovery---> access_table: {}
discovery--->=============================================================================
discovery--->==================================== discovery ====================================
discovery---> cls: [(3, 1), (3, 9), (1, 4), (1, 5), (1, 6), (4, 10), (5, 7), (5, 8), (5, 9), (6, 9), (7, 2), (7, 10), (2, 8), (8, 10)]
discovery---> access_table: {}
discovery--->=============================================================================
discovery--->==================================== discovery ====================================
discovery---> cls: [(3, 1), (3, 9), (1, 4), (1, 5), (1, 6), (4, 10), (5, 7), (5, 8), (5, 9), (6, 9), (7, 2), (7, 10), (2, 8), (8, 10)]
discovery---> access_table: {}
discovery--->=============================================================================
discovery--->==================================== discovery ====================================
discovery---> cls: [(3, 1), (3, 9), (1, 4), (1, 5), (1, 6), (4, 10), (5, 7), (5, 8), (5, 9), (6, 9), (7, 2), (7, 10), (2, 8), (8, 10)]
discovery---> access_table: {}
discovery--->=============================================================================
discovery--->==================================== discovery ====================================
discovery---> cls: [(3, 1), (3, 9), (1, 4), (1, 5), (1, 6), (4, 10), (5, 7), (5, 8), (5, 9), (6, 9), (7, 2), (7, 10), (2, 8), (8, 10)]
discovery---> access_table: {}
discovery--->=============================================================================
discovery--->==================================== discovery ====================================
discovery---> cls: [(3, 1), (3, 9), (1, 4), (1, 5), (1, 6), (4, 10), (5, 7), (5, 8), (5, 9), (6, 9), (7, 2), (7, 10), (2, 8), (8, 10)]
discovery---> access_table: {}
discovery--->=============================================================================
discovery--->==================================== discovery ====================================
discovery---> cls: [(3, 1), (3, 9), (1, 4), (1, 5), (1, 6), (4, 10), (5, 7), (5, 8), (5, 9), (6, 9), (7, 2), (7, 10), (2, 8), (8, 10)]
discovery---> access_table: {}
discovery--->=============================================================================
discovery--->==================================== discovery ====================================
discovery---> cls: [(3, 1), (3, 9), (1, 4), (1, 5), (1, 6), (4, 10), (5, 7), (5, 8), (5, 9), (6, 9), (7, 2), (7, 10), (2, 8), (8, 10)]
discovery---> access_table: {}
discovery--->=============================================================================
discovery--->==================================== discovery ====================================
discovery---> cls: [(3, 1), (3, 9), (1, 4), (1, 5), (1, 6), (4, 10), (5, 7), (5, 8), (5, 9), (6, 9), (7, 2), (7, 10), (2, 8), (8, 10)]
discovery---> access_table: {}
discovery--->=============================================================================
discovery--->==================================== discovery ====================================
discovery---> cls: []
discovery---> access_table: {}
discovery--->=============================================================================
discovery--->==================================== discovery ====================================
discovery---> cls: []
discovery---> access_table: {}
discovery--->=============================================================================
