loading app network_structure.py
Matplotlib created a temporary config/cache directory at /tmp/matplotlib-vnoyfymu because the default path (/home/terry/.config/matplotlib) is not a writable directory; it is highly recommended to set the MPLCONFIGDIR environment variable to a writable directory, in particular to speed up the import of Matplotlib and to better support multiprocessing.
Generating new fontManager, this may take some time...
Failed to extract font properties from /usr/share/fonts/truetype/noto/NotoColorEmoji.ttf: In FT2Font: Can not load face.  Unknown file format.
loading app network_monitor.py
loading app network_delay.py
loading app network_shortest_path.py
loading app arp_handler.py
loading app ryu.controller.ofp_handler
instantiating app None of Switches
creating context switches
instantiating app network_structure.py of NetworkStructure
instantiating app network_monitor.py of NetworkMonitor
instantiating app network_delay.py of NetworkDelay
instantiating app network_shortest_path.py of NetworkShortestPath
instantiating app arp_handler.py of ArpHandler
instantiating app ryu.controller.ofp_handler of OFPHandler
discovery---> AccessPoint: 1 connected
monitor---->register datapath: 1000000000000001
---> OFPPortStatus received: reason=MODIFY desc=OFPPort(port_no=4294967294,hw_addr='10:00:00:00:00:00',name=b'ap1',config=1,state=1,curr=0,advertised=0,supported=0,peer=0,curr_speed=0,max_speed=0)
---> OFPPortStatus received: reason=MODIFY desc=OFPPort(port_no=1,hw_addr='10:00:00:00:00:00',name=b'ap1-wlan1',config=0,state=4,curr=0,advertised=0,supported=0,peer=0,curr_speed=0,max_speed=0)
---> OFPPortStatus received: reason=MODIFY desc=OFPPort(port_no=3,hw_addr='02:23:cf:95:c7:a2',name=b'ap1-eth3',config=0,state=4,curr=2112,advertised=0,supported=0,peer=0,curr_speed=10000000,max_speed=0)
---> OFPPortStatus received: reason=MODIFY desc=OFPPort(port_no=2,hw_addr='4e:5f:8b:b6:f1:4b',name=b'ap1-eth2',config=0,state=4,curr=2112,advertised=0,supported=0,peer=0,curr_speed=10000000,max_speed=0)
discovery---> AccessPoint: 2 connected
monitor---->register datapath: 1000000000000002
discovery---> AccessPoint: 3 connected
monitor---->register datapath: 1000000000000003
discovery---> AccessPoint: 4 connected
monitor---->register datapath: 1000000000000004
discovery---> AccessPoint: 5 connected
monitor---->register datapath: 1000000000000005
discovery---> AccessPoint: 6 connected
monitor---->register datapath: 1000000000000006
discovery---> AccessPoint: 7 connected
monitor---->register datapath: 1000000000000007
discovery---> AccessPoint: 8 connected
monitor---->register datapath: 1000000000000008
discovery---> AccessPoint: 9 connected
monitor---->register datapath: 1000000000000009
discovery---> AccessPoint: 10 connected
monitor---->register datapath: 100000000000000a
discovery---> AccessPoint: 11 connected
monitor---->register datapath: 100000000000000b
discovery---> AccessPoint: 12 connected
monitor---->register datapath: 100000000000000c
discovery---> AccessPoint: 13 connected
monitor---->register datapath: 100000000000000d
discovery---> AccessPoint: 14 connected
monitor---->register datapath: 100000000000000e
discovery---> AccessPoint: 15 connected
monitor---->register datapath: 100000000000000f
discovery---> AccessPoint: 16 connected
monitor---->register datapath: 1000000000000010
discovery---> AccessPoint: 17 connected
monitor---->register datapath: 1000000000000011
discovery---> AccessPoint: 18 connected
monitor---->register datapath: 1000000000000012
---> OFPPortStatus received: reason=MODIFY desc=OFPPort(port_no=6,hw_addr='d2:03:f9:99:1e:8a',name=b'ap18-eth6',config=0,state=4,curr=2112,advertised=0,supported=0,peer=0,curr_speed=10000000,max_speed=0)
---> OFPPortStatus received: reason=MODIFY desc=OFPPort(port_no=4294967294,hw_addr='8e:5b:5b:0e:30:45',name=b'ap18',config=1,state=1,curr=0,advertised=0,supported=0,peer=0,curr_speed=0,max_speed=0)
---> OFPPortStatus received: reason=MODIFY desc=OFPPort(port_no=3,hw_addr='02:64:ce:24:c2:05',name=b'ap18-eth3',config=0,state=4,curr=2112,advertised=0,supported=0,peer=0,curr_speed=10000000,max_speed=0)
---> OFPPortStatus received: reason=MODIFY desc=OFPPort(port_no=4,hw_addr='ea:a7:b4:62:a8:fe',name=b'ap18-eth4',config=0,state=4,curr=2112,advertised=0,supported=0,peer=0,curr_speed=10000000,max_speed=0)
---> OFPPortStatus received: reason=MODIFY desc=OFPPort(port_no=1,hw_addr='02:00:00:00:2f:00',name=b'ap18-wlan1',config=0,state=4,curr=0,advertised=0,supported=0,peer=0,curr_speed=0,max_speed=0)
---> OFPPortStatus received: reason=MODIFY desc=OFPPort(port_no=2,hw_addr='82:ec:f3:7d:97:e1',name=b'ap18-eth2',config=0,state=4,curr=2112,advertised=0,supported=0,peer=0,curr_speed=10000000,max_speed=0)
---> OFPPortStatus received: reason=MODIFY desc=OFPPort(port_no=5,hw_addr='d6:57:be:9d:54:06',name=b'ap18-eth5',config=0,state=4,curr=2112,advertised=0,supported=0,peer=0,curr_speed=10000000,max_speed=0)
discovery---> AccessPoint: 19 connected
monitor---->register datapath: 1000000000000013
discovery---> AccessPoint: 20 connected
monitor---->register datapath: 1000000000000014
---> OFPPortStatus received: reason=MODIFY desc=OFPPort(port_no=3,hw_addr='3e:4e:56:1b:67:04',name=b'ap20-eth3',config=0,state=4,curr=2112,advertised=0,supported=0,peer=0,curr_speed=10000000,max_speed=0)
---> OFPPortStatus received: reason=MODIFY desc=OFPPort(port_no=4,hw_addr='76:20:c6:04:76:12',name=b'ap20-eth4',config=0,state=4,curr=2112,advertised=0,supported=0,peer=0,curr_speed=10000000,max_speed=0)
---> OFPPortStatus received: reason=MODIFY desc=OFPPort(port_no=4294967294,hw_addr='0a:a7:f5:d1:54:42',name=b'ap20',config=1,state=1,curr=0,advertised=0,supported=0,peer=0,curr_speed=0,max_speed=0)
---> OFPPortStatus received: reason=MODIFY desc=OFPPort(port_no=2,hw_addr='36:ba:af:8b:f7:ee',name=b'ap20-eth2',config=0,state=4,curr=2112,advertised=0,supported=0,peer=0,curr_speed=10000000,max_speed=0)
---> OFPPortStatus received: reason=MODIFY desc=OFPPort(port_no=1,hw_addr='02:00:00:00:31:00',name=b'ap20-wlan1',config=0,state=4,curr=0,advertised=0,supported=0,peer=0,curr_speed=0,max_speed=0)
discovery---> AccessPoint: 21 connected
monitor---->register datapath: 1000000000000015
discovery---> AccessPoint: 22 connected
monitor---->register datapath: 1000000000000016
discovery---> AccessPoint: 23 connected
monitor---->register datapath: 1000000000000017
discovery---> AccessPoint: 24 connected
monitor---->register datapath: 1000000000000018
discovery---> AccessPoint: 25 connected
monitor---->register datapath: 1000000000000019
discovery---> AccessPoint: 26 connected
monitor---->register datapath: 100000000000001a
discovery---> AccessPoint: 27 connected
monitor---->register datapath: 100000000000001b
---> OFPPortStatus received: reason=MODIFY desc=OFPPort(port_no=2,hw_addr='86:2e:f2:0e:b2:e7',name=b'ap27-eth2',config=0,state=4,curr=2112,advertised=0,supported=0,peer=0,curr_speed=10000000,max_speed=0)
---> OFPPortStatus received: reason=MODIFY desc=OFPPort(port_no=5,hw_addr='0e:73:97:57:82:bc',name=b'ap27-eth5',config=0,state=4,curr=2112,advertised=0,supported=0,peer=0,curr_speed=10000000,max_speed=0)
---> OFPPortStatus received: reason=MODIFY desc=OFPPort(port_no=1,hw_addr='02:00:00:00:38:00',name=b'ap27-wlan1',config=0,state=4,curr=0,advertised=0,supported=0,peer=0,curr_speed=0,max_speed=0)
---> OFPPortStatus received: reason=MODIFY desc=OFPPort(port_no=4,hw_addr='2a:3a:9b:f7:4e:6a',name=b'ap27-eth4',config=0,state=4,curr=2112,advertised=0,supported=0,peer=0,curr_speed=10000000,max_speed=0)
---> OFPPortStatus received: reason=MODIFY desc=OFPPort(port_no=3,hw_addr='aa:d2:99:55:07:f3',name=b'ap27-eth3',config=0,state=4,curr=2112,advertised=0,supported=0,peer=0,curr_speed=10000000,max_speed=0)
---> OFPPortStatus received: reason=MODIFY desc=OFPPort(port_no=4294967294,hw_addr='2e:48:fe:9b:0b:46',name=b'ap27',config=1,state=1,curr=0,advertised=0,supported=0,peer=0,curr_speed=0,max_speed=0)
discovery---> AccessPoint: 28 connected
monitor---->register datapath: 100000000000001c
discovery---> AccessPoint: 29 connected
monitor---->register datapath: 100000000000001d
discovery---> AccessPoint: 30 connected
monitor---->register datapath: 100000000000001e
hub: uncaught exception: Traceback (most recent call last):
  File "/usr/local/lib/python3.6/dist-packages/ryu/lib/hub.py", line 60, in _launch
    return func(*args, **kwargs)
  File "/home/terry/LJQ/rerouting-drl/application-model/ryu_code/network_monitor.py", line 66, in scheduler
    self.create_bandwidth_graph()
  File "/home/terry/LJQ/rerouting-drl/application-model/ryu_code/network_monitor.py", line 340, in create_bandwidth_graph
    capacity = self.network_structure.m_graph[src_dpid][dst_dpid]['free_bw']
  File "/home/terry/.local/lib/python3.6/site-packages/networkx/classes/coreviews.py", line 51, in __getitem__
    return self._atlas[key]
KeyError: 3

